/out/sourcedata/freesurfer/sub-v1s11x0050158_ses-1/mri
/opt/freesurfer/bin/talairach_avi
--i orig_nu.mgz --xfm transforms/talairach.auto.xfm
talairach_avi 7.3.2
Linux dna056 5.14.0-427.37.1.el9_4.x86_64 #1 SMP PREEMPT_DYNAMIC Fri Sep 13 12:41:50 EDT 2024 x86_64 x86_64 x86_64 GNU/Linux
Thu Mar 12 10:47:50 CET 2026
mri_convert orig_nu.mgz talsrcimg.img 
reading from orig_nu.mgz...
TR=0.00, TE=0.00, TI=0.00, flip angle=0.00
i_ras = (-1, 0, 7.45058e-09)
j_ras = (0, 0, -1)
k_ras = (0, 1, 0)
writing to talsrcimg.img...
Analyze Output Matrix
-1.00000   0.00000   0.00000   133.81300;
 0.00000   0.00000   1.00000  -118.75641;
 0.00000  -1.00000   0.00000   138.69904;
 0.00000   0.00000   0.00000   1.00000;
--------------------
INFO: set hdr.hist.orient to -1
mpr2mni305 talsrcimg
Thu Mar 12 10:47:50 CET 2026
/opt/freesurfer/bin/mpr2mni305 talsrcimg
mpr2mni305 7.3.2
target=711-2C_as_mni_average_305

---------------------------------------------------------------------
analyzeto4dfp talsrcimg -O0 -y
---------------------------------------------------------------------

freesurfer ifh2hdr.c
Thu Mar 12 10:47:50 2026
Writing: talsrcimg.4dfp.hdr
freesurfer analyzeto4dfp.c
Reading: talsrcimg.hdr
header size 348 bytes
hdr.dime.datatype	offset=70	value=2
hdr.dime.bitpix		offset=72	value=8
hdr.hist.orient		offset=252	value=-1
dimensionality     4
dimensions       256       256       256         1
Reading: talsrcimg.img
Writing: talsrcimg.4dfp.img
Writing: talsrcimg.4dfp.ifh
ifh2hdr talsrcimg -r0to231
ori=2

---------------------------------------------------------------------
gauss_4dfp talsrcimg 1.1
---------------------------------------------------------------------

freesurfer gauss_4dfp.c
Reading: talsrcimg.4dfp.img
Writing: talsrcimg_g11.4dfp.img
image dimensions 256 256 256 padded to 288 288 288
processing volume 1freesurfer ifh2hdr.c
Thu Mar 12 10:47:52 2026
Writing: talsrcimg_g11.4dfp.hdr

Writing: talsrcimg_g11.4dfp.ifh
including: talsrcimg.4dfp.img.rec in talsrcimg_g11.4dfp.img.rec

---------------------------------------------------------------------
imgreg_4dfp /opt/freesurfer/average/711-2C_as_mni_average_305 none talsrcimg_g11 none talsrcimg_to_711-2C_as_mni_average_305_t4 4355
---------------------------------------------------------------------

freesurfer imgreg_4dfp.c
/opt/freesurfer/average/711-2C_as_mni_average_305.4dfp.img
       256       256       256         1
  1.000000  1.000000  1.000000
orientation T byte_order littleendian
Reading image: /opt/freesurfer/average/711-2C_as_mni_average_305.4dfp.img
dimensions:      256       256       256
mmppix:       1.0000   -1.0000   -1.0000
center:     128.0000 -129.0000 -129.0000
talsrcimg_g11.4dfp.img
       256       256       256         1
  1.000000  1.000000  1.000000
orientation T byte_order littleendian
Reading image: talsrcimg_g11.4dfp.img
dimensions:      256       256       256
mmppix:       1.0000   -1.0000   -1.0000
center:     128.0000 -129.0000 -129.0000
t4_read: open error in t4_sub.f l:  41 t4_file(1:l)talsrcimg_to_711-2C_as_mni_average_305_t4 
t4_read: transform initialized to I4
rotation matrix determinant  1.000000
image alignment mode   4355 decimal     1103 hex
   -7.5000  -45.0000  -45.0000 6119.6104   15.9385
    0.0000  -45.0000  -45.0000 6418.7734   15.9555
    7.5000  -45.0000  -45.0000 6170.3384   15.9688
   -7.5000  -37.5000  -45.0000 6744.1807   15.7445
    0.0000  -37.5000  -45.0000 7073.3413   15.7517
    7.5000  -37.5000  -45.0000 6796.4473   15.7648
   -7.5000  -30.0000  -45.0000 7628.2397   15.6838
    0.0000  -30.0000  -45.0000 7994.3022   15.6897
    7.5000  -30.0000  -45.0000 7686.0918   15.7041
   -7.5000  -22.5000  -45.0000 8517.4004   15.6727
    0.0000  -22.5000  -45.0000 8931.5889   15.6867
    7.5000  -22.5000  -45.0000 8580.7256   15.7025
   -7.5000  -15.0000  -45.0000 9397.1797   15.6648
    0.0000  -15.0000  -45.0000 9850.5625   15.6871
    7.5000  -15.0000  -45.0000 9469.9795   15.7029
   -7.5000   -7.5000  -45.000010218.6621   15.6512
    0.0000   -7.5000  -45.000010706.0146   15.6749
    7.5000   -7.5000  -45.000010286.6348   15.6904
   -7.5000    0.0000  -45.000010881.2520   15.6475
    0.0000    0.0000  -45.000011398.3232   15.6644
    7.5000    0.0000  -45.000010923.0850   15.6795
   -7.5000    7.5000  -45.000010741.4541   15.6571
    0.0000    7.5000  -45.000011236.7041   15.6653
    7.5000    7.5000  -45.000010776.6631   15.6796
   -7.5000   15.0000  -45.000010491.4336   15.6687
    0.0000   15.0000  -45.000010982.7822   15.6752
    7.5000   15.0000  -45.000010531.8594   15.6902
   -7.5000   22.5000  -45.000010155.9668   15.6706
    0.0000   22.5000  -45.000010626.4766   15.6846
    7.5000   22.5000  -45.000010196.8477   15.7003
   -7.5000   30.0000  -45.0000 9780.9170   15.4560
    0.0000   30.0000  -45.000010237.8896   15.4781
    7.5000   30.0000  -45.0000 9841.4023   15.4936
   -7.5000   37.5000  -45.0000 9741.8848   15.4426
    0.0000   37.5000  -45.000010186.4346   15.4660
    7.5000   37.5000  -45.0000 9790.9980   15.4814
   -7.5000   45.0000  -45.0000 9202.1738   15.0470
    0.0000   45.0000  -45.0000 9595.3174   15.0632
    7.5000   45.0000  -45.0000 9212.6582   15.0778
   -7.5000  -45.0000  -37.5000 6568.0063   15.8700
    0.0000  -45.0000  -37.5000 6892.5757   15.8905
    7.5000  -45.0000  -37.5000 6629.3257   15.8962
   -7.5000  -37.5000  -37.5000 7249.5723   15.6822
    0.0000  -37.5000  -37.5000 7601.8491   15.6912
    7.5000  -37.5000  -37.5000 7308.6162   15.6979
   -7.5000  -30.0000  -37.5000 8219.2881   15.6299
    0.0000  -30.0000  -37.5000 8609.7129   15.6374
    7.5000  -30.0000  -37.5000 8269.2686   15.6462
   -7.5000  -22.5000  -37.5000 9179.1475   15.6230
    0.0000  -22.5000  -37.5000 9622.5566   15.6401
    7.5000  -22.5000  -37.5000 9222.5156   15.6499
   -7.5000  -15.0000  -37.500010110.4756   15.6126
    0.0000  -15.0000  -37.500010594.6133   15.6398
    7.5000  -15.0000  -37.500010154.5264   15.6488
   -7.5000   -7.5000  -37.500010956.6836   15.5913
    0.0000   -7.5000  -37.500011488.1787   15.6197
    7.5000   -7.5000  -37.500011001.2109   15.6281
   -7.5000    0.0000  -37.500011660.3203   15.5826
    0.0000    0.0000  -37.500012218.6562   15.6029
    7.5000    0.0000  -37.500011693.4814   15.6107
   -7.5000    7.5000  -37.500011469.1992   15.5960
    0.0000    7.5000  -37.500012007.4980   15.6059
    7.5000    7.5000  -37.500011513.3486   15.6139
   -7.5000   15.0000  -37.500011163.4746   15.6150
    0.0000   15.0000  -37.500011699.4043   15.6231
    7.5000   15.0000  -37.500011203.0889   15.6324
   -7.5000   22.5000  -37.500010819.0850   15.6209
    0.0000   22.5000  -37.500011329.6426   15.6380
    7.5000   22.5000  -37.500010846.1143   15.6478
   -7.5000   30.0000  -37.500010423.7051   15.4045
    0.0000   30.0000  -37.500010901.4629   15.4314
    7.5000   30.0000  -37.500010461.7773   15.4403
   -7.5000   37.5000  -37.500010360.8203   15.3836
    0.0000   37.5000  -37.500010812.7168   15.4115
    7.5000   37.5000  -37.500010374.3877   15.4198
   -7.5000   45.0000  -37.5000 9743.0430   14.9846
    0.0000   45.0000  -37.500010153.8896   15.0040
    7.5000   45.0000  -37.5000 9737.8994   15.0115
   -7.5000  -45.0000  -30.0000 7154.1909   16.5266
    0.0000  -45.0000  -30.0000 7501.6011   16.5453
    7.5000  -45.0000  -30.0000 7206.3599   16.5391
   -7.5000  -37.5000  -30.0000 7890.3359   16.3265
    0.0000  -37.5000  -30.0000 8261.3027   16.3342
    7.5000  -37.5000  -30.0000 7935.0039   16.3323
   -7.5000  -30.0000  -30.0000 8950.1924   16.2697
    0.0000  -30.0000  -30.0000 9369.2812   16.2780
    7.5000  -30.0000  -30.0000 8978.1611   16.2828
   -7.5000  -22.5000  -30.0000 9978.0361   16.2648
    0.0000  -22.5000  -30.000010443.6484   16.2850
    7.5000  -22.5000  -30.000010000.1621   16.2927
   -7.5000  -15.0000  -30.000010952.3115   16.2589
    0.0000  -15.0000  -30.000011471.9971   16.2895
    7.5000  -15.0000  -30.000010968.3496   16.2939
   -7.5000   -7.5000  -30.000011845.2617   16.2393
    0.0000   -7.5000  -30.000012405.0586   16.2685
    7.5000   -7.5000  -30.000011877.1191   16.2673
   -7.5000    0.0000  -30.000012583.3672   16.2279
    0.0000    0.0000  -30.000013194.5361   16.2463
    7.5000    0.0000  -30.000012636.9570   16.2426
   -7.5000    7.5000  -30.000012359.7207   16.2370
    0.0000    7.5000  -30.000012963.6924   16.2455
    7.5000    7.5000  -30.000012428.5947   16.2452
   -7.5000   15.0000  -30.000012039.6641   16.2542
    0.0000   15.0000  -30.000012623.0938   16.2632
    7.5000   15.0000  -30.000012074.7051   16.2686
   -7.5000   22.5000  -30.000011641.0146   16.2609
    0.0000   22.5000  -30.000012198.2393   16.2811
    7.5000   22.5000  -30.000011660.4121   16.2888
   -7.5000   30.0000  -30.000011200.5107   16.0438
    0.0000   30.0000  -30.000011715.7812   16.0740
    7.5000   30.0000  -30.000011215.5830   16.0783
   -7.5000   37.5000  -30.000011112.6602   16.0244
    0.0000   37.5000  -30.000011585.5635   16.0532
    7.5000   37.5000  -30.000011097.0137   16.0521
   -7.5000   45.0000  -30.000010418.3613   15.6165
    0.0000   45.0000  -30.000010852.5312   15.6343
    7.5000   45.0000  -30.000010396.4824   15.6307
   -7.5000  -45.0000  -22.5000 7712.3281   17.1055
    0.0000  -45.0000  -22.5000 8095.7617   17.1176
    7.5000  -45.0000  -22.5000 7775.2690   17.1052
   -7.5000  -37.5000  -22.5000 8514.0889   16.8868
    0.0000  -37.5000  -22.5000 8913.8438   16.8903
    7.5000  -37.5000  -22.5000 8562.0869   16.8851
   -7.5000  -30.0000  -22.5000 9652.1523   16.8152
    0.0000  -30.0000  -22.500010094.7451   16.8225
    7.5000  -30.0000  -22.5000 9666.2129   16.8287
   -7.5000  -22.5000  -22.500010729.8105   16.8081
    0.0000  -22.5000  -22.500011217.2266   16.8281
    7.5000  -22.5000  -22.500010734.8721   16.8396
   -7.5000  -15.0000  -22.500011745.7812   16.8113
    0.0000  -15.0000  -22.500012297.1338   16.8397
    7.5000  -15.0000  -22.500011742.3135   16.8458
   -7.5000   -7.5000  -22.500012669.4531   16.8036
    0.0000   -7.5000  -22.500013289.6357   16.8276
    7.5000   -7.5000  -22.500012709.0791   16.8231
   -7.5000    0.0000  -22.500013449.6709   16.7950
    0.0000    0.0000  -22.500014113.6533   16.8071
    7.5000    0.0000  -22.500013508.9004   16.7974
   -7.5000    7.5000  -22.500013198.0312   16.7938
    0.0000    7.5000  -22.500013839.9883   16.7983
    7.5000    7.5000  -22.500013268.9639   16.7947
   -7.5000   15.0000  -22.500012862.1553   16.7992
    0.0000   15.0000  -22.500013482.1309   16.8071
    7.5000   15.0000  -22.500012896.2773   16.8140
   -7.5000   22.5000  -22.500012447.2969   16.8030
    0.0000   22.5000  -22.500013034.5791   16.8229
    7.5000   22.5000  -22.500012452.0654   16.8344
   -7.5000   30.0000  -22.500011958.4785   16.5914
    0.0000   30.0000  -22.500012491.4004   16.6195
    7.5000   30.0000  -22.500011929.0020   16.6255
   -7.5000   37.5000  -22.500011808.4287   16.5839
    0.0000   37.5000  -22.500012322.1172   16.6075
    7.5000   37.5000  -22.500011781.1289   16.6030
   -7.5000   45.0000  -22.500011021.2061   16.1744
    0.0000   45.0000  -22.500011485.5859   16.1861
    7.5000   45.0000  -22.500010995.4541   16.1767
   -7.5000  -45.0000  -15.0000 8274.7207   17.5312
    0.0000  -45.0000  -15.0000 8686.2168   17.5396
    7.5000  -45.0000  -15.0000 8356.6162   17.5326
   -7.5000  -37.5000  -15.0000 9126.4121   17.2999
    0.0000  -37.5000  -15.0000 9561.6768   17.3014
    7.5000  -37.5000  -15.0000 9182.7109   17.3015
   -7.5000  -30.0000  -15.000010340.5801   17.2159
    0.0000  -30.0000  -15.000010799.1934   17.2218
    7.5000  -30.0000  -15.000010365.5576   17.2336
   -7.5000  -22.5000  -15.000011477.1055   17.2041
    0.0000  -22.5000  -15.000011992.8291   17.2214
    7.5000  -22.5000  -15.000011495.9336   17.2392
   -7.5000  -15.0000  -15.000012532.7627   17.2116
    0.0000  -15.0000  -15.000013115.5742   17.2355
    7.5000  -15.0000  -15.000012554.1104   17.2484
   -7.5000   -7.5000  -15.000013471.7529   17.2143
    0.0000   -7.5000  -15.000014123.0557   17.2333
    7.5000   -7.5000  -15.000013530.3721   17.2350
   -7.5000    0.0000  -15.000014282.9580   17.2112
    0.0000    0.0000  -15.000014971.1426   17.2198
    7.5000    0.0000  -15.000014357.0742   17.2155
   -7.5000    7.5000  -15.000013998.0176   17.2040
    0.0000    7.5000  -15.000014655.8809   17.2065
    7.5000    7.5000  -15.000014074.6318   17.2082
   -7.5000   15.0000  -15.000013652.7402   17.1994
    0.0000   15.0000  -15.000014311.2256   17.2060
    7.5000   15.0000  -15.000013712.1465   17.2184
   -7.5000   22.5000  -15.000013223.8535   17.1980
    0.0000   22.5000  -15.000013855.5479   17.2153
    7.5000   22.5000  -15.000013226.8164   17.2331
   -7.5000   30.0000  -15.000012693.2227   16.9889
    0.0000   30.0000  -15.000013272.2168   17.0125
    7.5000   30.0000  -15.000012656.2773   17.0252
   -7.5000   37.5000  -15.000012493.2812   16.9915
    0.0000   37.5000  -15.000013039.2031   17.0103
    7.5000   37.5000  -15.000012452.3096   17.0119
   -7.5000   45.0000  -15.000011611.9414   16.5853
    0.0000   45.0000  -15.000012098.2656   16.5935
    7.5000   45.0000  -15.000011586.7314   16.5894
   -7.5000  -45.0000   -7.5000 8881.7119   17.7376
    0.0000  -45.0000   -7.5000 9312.5234   17.7496
    7.5000  -45.0000   -7.5000 8957.5264   17.7570
   -7.5000  -37.5000   -7.5000 9788.0293   17.5102
    0.0000  -37.5000   -7.500010243.7158   17.5142
    7.5000  -37.5000   -7.5000 9840.8223   17.5246
   -7.5000  -30.0000   -7.500011076.9053   17.4295
    0.0000  -30.0000   -7.500011560.0264   17.4352
    7.5000  -30.0000   -7.500011085.4229   17.4519
   -7.5000  -22.5000   -7.500012251.4639   17.4151
    0.0000  -22.5000   -7.500012827.8535   17.4302
    7.5000  -22.5000   -7.500012298.8584   17.4510
   -7.5000  -15.0000   -7.500013350.8691   17.4161
    0.0000  -15.0000   -7.500013969.3760   17.4382
    7.5000  -15.0000   -7.500013396.0479   17.4570
   -7.5000   -7.5000   -7.500014311.0762   17.4144
    0.0000   -7.5000   -7.500014980.9326   17.4348
    7.5000   -7.5000   -7.500014383.9150   17.4479
   -7.5000    0.0000   -7.500015131.8115   17.4137
    0.0000    0.0000   -7.500015838.0557   17.4258
    7.5000    0.0000   -7.500015228.7441   17.4355
   -7.5000    7.5000   -7.500014796.9756   17.4130
    0.0000    7.5000   -7.500015455.6934   17.4181
    7.5000    7.5000   -7.500014884.1562   17.4299
   -7.5000   15.0000   -7.500014433.9307   17.4128
    0.0000   15.0000   -7.500015112.7480   17.4192
    7.5000   15.0000   -7.500014519.3857   17.4364
   -7.5000   22.5000   -7.500014010.1445   17.4070
    0.0000   22.5000   -7.500014662.2910   17.4222
    7.5000   22.5000   -7.500014014.6426   17.4429
   -7.5000   30.0000   -7.500013427.7578   17.1903
    0.0000   30.0000   -7.500014022.8057   17.2121
    7.5000   30.0000   -7.500013386.0166   17.2306
   -7.5000   37.5000   -7.500013192.9121   17.1885
    0.0000   37.5000   -7.500013753.3896   17.2087
    7.5000   37.5000   -7.500013132.9932   17.2216
   -7.5000   45.0000   -7.500012200.3203   16.7835
    0.0000   45.0000   -7.500012711.5322   16.7952
    7.5000   45.0000   -7.500012169.2451   16.8045
   -7.5000  -45.0000    0.0000 9473.6416   17.7635
    0.0000  -45.0000    0.0000 9913.5752   17.7824
    7.5000  -45.0000    0.0000 9525.7715   17.7972
   -7.5000  -37.5000    0.000010410.0635   17.5479
    0.0000  -37.5000    0.000010891.6885   17.5560
    7.5000  -37.5000    0.000010451.9492   17.5706
   -7.5000  -30.0000    0.000011734.5928   17.4806
    0.0000  -30.0000    0.000012275.2725   17.4873
    7.5000  -30.0000    0.000011776.6123   17.5033
   -7.5000  -22.5000    0.000012936.1094   17.4685
    0.0000  -22.5000    0.000013572.2812   17.4841
    7.5000  -22.5000    0.000013011.5469   17.5016
   -7.5000  -15.0000    0.000014047.3340   17.4597
    0.0000  -15.0000    0.000014698.9736   17.4846
    7.5000  -15.0000    0.000014131.3838   17.5021
   -7.5000   -7.5000    0.000015054.6738   17.4446
    0.0000   -7.5000    0.000015760.3945   17.4710
    7.5000   -7.5000    0.000015164.8076   17.4883
   -7.5000    0.0000    0.000015897.3789   17.4404
    0.0000    0.0000    0.000016624.4258   17.4592
    7.5000    0.0000    0.000016006.1221   17.4761
   -7.5000    7.5000    0.000015536.6582   17.4510
    0.0000    7.5000    0.000016204.3721   17.4601
    7.5000    7.5000    0.000015605.8330   17.4761
   -7.5000   15.0000    0.000015172.5752   17.4639
    0.0000   15.0000    0.000015856.8994   17.4712
    7.5000   15.0000    0.000015216.4961   17.4878
   -7.5000   22.5000    0.000014712.0537   17.4604
    0.0000   22.5000    0.000015389.7100   17.4760
    7.5000   22.5000    0.000014702.5801   17.4936
   -7.5000   30.0000    0.000014082.2031   17.2338
    0.0000   30.0000    0.000014695.3877   17.2583
    7.5000   30.0000    0.000014047.6152   17.2756
   -7.5000   37.5000    0.000013785.5381   17.2188
    0.0000   37.5000    0.000014353.6602   17.2449
    7.5000   37.5000    0.000013731.9326   17.2620
   -7.5000   45.0000    0.000012709.7598   16.8105
    0.0000   45.0000    0.000013220.5625   16.8287
    7.5000   45.0000    0.000012665.3096   16.8449
   -7.5000  -45.0000    7.5000 9301.6025   17.7519
    0.0000  -45.0000    7.5000 9738.7559   17.7748
    7.5000  -45.0000    7.5000 9344.1279   17.7813
   -7.5000  -37.5000    7.500010217.4229   17.5419
    0.0000  -37.5000    7.500010689.9570   17.5520
    7.5000  -37.5000    7.500010246.3320   17.5595
   -7.5000  -30.0000    7.500011485.9248   17.4835
    0.0000  -30.0000    7.500012027.6357   17.4919
    7.5000  -30.0000    7.500011533.7129   17.5018
   -7.5000  -22.5000    7.500012614.3857   17.4758
    0.0000  -22.5000    7.500013224.6660   17.4950
    7.5000  -22.5000    7.500012701.3213   17.5060
   -7.5000  -15.0000    7.500013652.4863   17.4642
    0.0000  -15.0000    7.500014279.6123   17.4946
    7.5000  -15.0000    7.500013767.2451   17.5047
   -7.5000   -7.5000    7.500014645.8633   17.4404
    0.0000   -7.5000    7.500015335.0850   17.4721
    7.5000   -7.5000    7.500014781.5176   17.4814
   -7.5000    0.0000    7.500015493.8984   17.4306
    0.0000    0.0000    7.500016166.1699   17.4532
    7.5000    0.0000    7.500015623.6143   17.4620
   -7.5000    7.5000    7.500015088.0645   17.4456
    0.0000    7.5000    7.500015743.9268   17.4566
    7.5000    7.5000    7.500015189.3613   17.4656
   -7.5000   15.0000    7.500014734.7959   17.4669
    0.0000   15.0000    7.500015389.1436   17.4759
    7.5000   15.0000    7.500014792.7842   17.4864
   -7.5000   22.5000    7.500014274.2822   17.4678
    0.0000   22.5000    7.500014928.9248   17.4869
    7.5000   22.5000    7.500014286.2041   17.4979
   -7.5000   30.0000    7.500013650.7080   17.2381
    0.0000   30.0000    7.500014249.8330   17.2682
    7.5000   30.0000    7.500013662.9268   17.2782
   -7.5000   37.5000    7.500013301.1270   17.2147
    0.0000   37.5000    7.500013850.7334   17.2459
    7.5000   37.5000    7.500013318.1475   17.2552
   -7.5000   45.0000    7.500012244.7217   16.8011
    0.0000   45.0000    7.500012705.6387   16.8229
    7.5000   45.0000    7.500012249.0303   16.8313
   -7.5000  -45.0000   15.0000 9012.5479   17.7468
    0.0000  -45.0000   15.0000 9423.4258   17.7669
    7.5000  -45.0000   15.0000 9029.5879   17.7602
   -7.5000  -37.5000   15.0000 9894.5684   17.5320
    0.0000  -37.5000   15.000010340.7021   17.5402
    7.5000  -37.5000   15.0000 9915.1221   17.5382
   -7.5000  -30.0000   15.000011106.2969   17.4709
    0.0000  -30.0000   15.000011637.0020   17.4799
    7.5000  -30.0000   15.000011168.8213   17.4851
   -7.5000  -22.5000   15.000012195.3496   17.4657
    0.0000  -22.5000   15.000012771.4961   17.4874
    7.5000  -22.5000   15.000012290.6709   17.4957
   -7.5000  -15.0000   15.000013160.3691   17.4594
    0.0000  -15.0000   15.000013760.7461   17.4922
    7.5000  -15.0000   15.000013291.4805   17.4970
   -7.5000   -7.5000   15.000014081.9082   17.4383
    0.0000   -7.5000   15.000014756.3115   17.4697
    7.5000   -7.5000   15.000014226.4072   17.4684
   -7.5000    0.0000   15.000014924.4131   17.4261
    0.0000    0.0000   15.000015573.0635   17.4459
    7.5000    0.0000   15.000015037.0713   17.4419
   -7.5000    7.5000   15.000014567.4541   17.4359
    0.0000    7.5000   15.000015182.0156   17.4450
    7.5000    7.5000   15.000014664.7334   17.4446
   -7.5000   15.0000   15.000014172.8945   17.4544
    0.0000   15.0000   15.000014782.4307   17.4640
    7.5000   15.0000   15.000014241.9854   17.4698
   -7.5000   22.5000   15.000013712.9053   17.4577
    0.0000   22.5000   15.000014302.0537   17.4794
    7.5000   22.5000   15.000013763.7705   17.4876
   -7.5000   30.0000   15.000013114.0381   17.2334
    0.0000   30.0000   15.000013662.5117   17.2659
    7.5000   30.0000   15.000013160.7051   17.2705
   -7.5000   37.5000   15.000012768.7676   17.2126
    0.0000   37.5000   15.000013260.9463   17.2436
    7.5000   37.5000   15.000012795.7686   17.2424
   -7.5000   45.0000   15.000011745.6465   16.7967
    0.0000   45.0000   15.000012163.7812   16.8158
    7.5000   45.0000   15.000011749.3262   16.8120
   -7.5000  -45.0000   22.5000 8598.9922   17.7572
    0.0000  -45.0000   22.5000 8991.4150   17.7698
    7.5000  -45.0000   22.5000 8629.0830   17.7569
   -7.5000  -37.5000   22.5000 9440.1680   17.5302
    0.0000  -37.5000   22.5000 9878.3037   17.5338
    7.5000  -37.5000   22.5000 9467.5508   17.5285
   -7.5000  -30.0000   22.500010579.5010   17.4558
    0.0000  -30.0000   22.500011095.4883   17.4634
    7.5000  -30.0000   22.500010650.9873   17.4699
   -7.5000  -22.5000   22.500011634.5654   17.4485
    0.0000  -22.5000   22.500012179.9160   17.4692
    7.5000  -22.5000   22.500011719.3467   17.4811
   -7.5000  -15.0000   22.500012595.3164   17.4518
    0.0000  -15.0000   22.500013162.5059   17.4813
    7.5000  -15.0000   22.500012699.5371   17.4876
   -7.5000   -7.5000   22.500013463.0791   17.4439
    0.0000   -7.5000   22.500014071.8467   17.4687
    7.5000   -7.5000   22.500013581.5850   17.4640
   -7.5000    0.0000   22.500014235.2705   17.4349
    0.0000    0.0000   22.500014844.0420   17.4475
    7.5000    0.0000   22.500014328.0723   17.4374
   -7.5000    7.5000   22.500013923.1162   17.4336
    0.0000    7.5000   22.500014517.5186   17.4383
    7.5000    7.5000   22.500014009.0430   17.4345
   -7.5000   15.0000   22.500013566.8037   17.4393
    0.0000   15.0000   22.500014160.3281   17.4474
    7.5000   15.0000   22.500013669.3232   17.4546
   -7.5000   22.5000   22.500013118.5215   17.4405
    0.0000   22.5000   22.500013675.0996   17.4612
    7.5000   22.5000   22.500013220.3369   17.4731
   -7.5000   30.0000   22.500012547.9795   17.2259
    0.0000   30.0000   22.500013058.9736   17.2551
    7.5000   30.0000   22.500012615.5088   17.2613
   -7.5000   37.5000   22.500012217.3203   17.2181
    0.0000   37.5000   22.500012678.6436   17.2427
    7.5000   37.5000   22.500012243.4678   17.2380
   -7.5000   45.0000   22.500011222.4746   16.8052
    0.0000   45.0000   22.500011621.1465   16.8173
    7.5000   45.0000   22.500011207.1416   16.8076
   -7.5000  -45.0000   30.0000 8048.4990   17.8189
    0.0000  -45.0000   30.0000 8432.4199   17.8275
    7.5000  -45.0000   30.0000 8098.5928   17.8204
   -7.5000  -37.5000   30.0000 8853.2363   17.5833
    0.0000  -37.5000   30.0000 9268.2910   17.5848
    7.5000  -37.5000   30.0000 8896.0469   17.5848
   -7.5000  -30.0000   30.0000 9956.8242   17.4976
    0.0000  -30.0000   30.000010426.8389   17.5038
    7.5000  -30.0000   30.000010034.7861   17.5158
   -7.5000  -22.5000   30.000010969.1279   17.4857
    0.0000  -22.5000   30.000011491.2744   17.5033
    7.5000  -22.5000   30.000011044.2793   17.5215
   -7.5000  -15.0000   30.000011894.5078   17.4934
    0.0000  -15.0000   30.000012448.1387   17.5178
    7.5000  -15.0000   30.000011983.9902   17.5309
   -7.5000   -7.5000   30.000012735.8223   17.4961
    0.0000   -7.5000   30.000013312.7432   17.5155
    7.5000   -7.5000   30.000012834.9160   17.5172
   -7.5000    0.0000   30.000013470.0820   17.4929
    0.0000    0.0000   30.000014064.9111   17.5017
    7.5000    0.0000   30.000013552.7656   17.4973
   -7.5000    7.5000   30.000013194.6768   17.4856
    0.0000    7.5000   30.000013780.5771   17.4882
    7.5000    7.5000   30.000013282.7285   17.4898
   -7.5000   15.0000   30.000012847.5439   17.4809
    0.0000   15.0000   30.000013427.5596   17.4877
    7.5000   15.0000   30.000012949.5322   17.5003
   -7.5000   22.5000   30.000012451.6953   17.4776
    0.0000   22.5000   30.000013001.0410   17.4953
    7.5000   22.5000   30.000012530.3555   17.5134
   -7.5000   30.0000   30.000011934.2324   17.2670
    0.0000   30.0000   30.000012442.0625   17.2911
    7.5000   30.0000   30.000011974.5479   17.3040
   -7.5000   37.5000   30.000011617.1211   17.2697
    0.0000   37.5000   30.000012090.1963   17.2888
    7.5000   37.5000   30.000011615.9043   17.2905
   -7.5000   45.0000   30.000010647.1182   16.8611
    0.0000   45.0000   30.000011070.4902   16.8696
    7.5000   45.0000   30.000010627.7227   16.8653
   -7.5000  -45.0000   37.5000 7781.2944   17.9251
    0.0000  -45.0000   37.5000 8135.1094   17.9373
    7.5000  -45.0000   37.5000 7822.8711   17.9447
   -7.5000  -37.5000   37.5000 8562.0146   17.6970
    0.0000  -37.5000   37.5000 8958.0137   17.7011
    7.5000  -37.5000   37.5000 8601.1797   17.7115
   -7.5000  -30.0000   37.5000 9631.1221   17.6163
    0.0000  -30.0000   37.500010088.9248   17.6221
    7.5000  -30.0000   37.5000 9694.7959   17.6388
   -7.5000  -22.5000   37.500010620.9629   17.6016
    0.0000  -22.5000   37.500011140.6650   17.6170
    7.5000  -22.5000   37.500010689.3105   17.6378
   -7.5000  -15.0000   37.500011552.7715   17.6024
    0.0000  -15.0000   37.500012110.7324   17.6249
    7.5000  -15.0000   37.500011620.6113   17.6437
   -7.5000   -7.5000   37.500012403.3926   17.6004
    0.0000   -7.5000   37.500012977.3662   17.6212
    7.5000   -7.5000   37.500012460.7529   17.6344
   -7.5000    0.0000   37.500013156.3848   17.5997
    0.0000    0.0000   37.500013758.1094   17.6120
    7.5000    0.0000   37.500013203.7529   17.6217
   -7.5000    7.5000   37.500012888.5400   17.5993
    0.0000    7.5000   37.500013476.6475   17.6044
    7.5000    7.5000   37.500012953.7373   17.6163
   -7.5000   15.0000   37.500012524.7598   17.5993
    0.0000   15.0000   37.500013106.9150   17.6057
    7.5000   15.0000   37.500012609.6270   17.6231
   -7.5000   22.5000   37.500012130.4785   17.5935
    0.0000   22.5000   37.500012684.0801   17.6089
    7.5000   22.5000   37.500012207.0957   17.6297
   -7.5000   30.0000   37.500011648.8828   17.3746
    0.0000   30.0000   37.500012162.0283   17.3968
    7.5000   30.0000   37.500011697.4561   17.4154
   -7.5000   37.5000   37.500011340.0625   17.3727
    0.0000   37.5000   37.500011813.0645   17.3931
    7.5000   37.5000   37.500011350.3291   17.4061
   -7.5000   45.0000   37.500010385.8672   16.9641
    0.0000   45.0000   37.500010806.6328   16.9760
    7.5000   45.0000   37.500010384.7119   16.9853
   -7.5000  -45.0000   45.0000 7165.3081   17.9743
    0.0000  -45.0000   45.0000 7497.4717   17.9936
    7.5000  -45.0000   45.0000 7188.0269   18.0085
   -7.5000  -37.5000   45.0000 7880.0234   17.7594
    0.0000  -37.5000   45.0000 8247.3887   17.7676
    7.5000  -37.5000   45.0000 7904.9062   17.7821
   -7.5000  -30.0000   45.0000 8857.5244   17.6932
    0.0000  -30.0000   45.0000 9282.1182   17.6999
    7.5000  -30.0000   45.0000 8915.3848   17.7158
   -7.5000  -22.5000   45.0000 9798.0332   17.6808
    0.0000  -22.5000   45.000010263.0039   17.6968
    7.5000  -22.5000   45.0000 9841.9424   17.7143
   -7.5000  -15.0000   45.000010669.6006   17.6717
    0.0000  -15.0000   45.000011198.9727   17.6971
    7.5000  -15.0000   45.000010731.7637   17.7147
   -7.5000   -7.5000   45.000011461.6084   17.6559
    0.0000   -7.5000   45.000012012.3408   17.6828
    7.5000   -7.5000   45.000011525.3789   17.7002
   -7.5000    0.0000   45.000012167.2158   17.6515
    0.0000    0.0000   45.000012737.6055   17.6706
    7.5000    0.0000   45.000012218.7041   17.6875
   -7.5000    7.5000   45.000011933.7373   17.6625
    0.0000    7.5000   45.000012485.9238   17.6716
    7.5000    7.5000   45.000011993.4727   17.6876
   -7.5000   15.0000   45.000011580.6006   17.6760
    0.0000   15.0000   45.000012134.6553   17.6834
    7.5000   15.0000   45.000011646.7246   17.6999
   -7.5000   22.5000   45.000011201.6934   17.6726
    0.0000   22.5000   45.000011707.8965   17.6886
    7.5000   22.5000   45.000011251.6611   17.7061
   -7.5000   30.0000   45.000010781.0059   17.4414
    0.0000   30.0000   45.000011252.6523   17.4666
    7.5000   30.0000   45.000010813.4717   17.4839
   -7.5000   37.5000   45.000010505.5938   17.4259
    0.0000   37.5000   45.000010946.7627   17.4525
    7.5000   37.5000   45.000010518.9316   17.4696
   -7.5000   45.0000   45.0000 9620.0625   17.0217
    0.0000   45.0000   45.000010035.8809   17.0401
    7.5000   45.0000   45.0000 9632.6846   17.0564

---------------------------------------------------------------------
imgreg_4dfp /opt/freesurfer/average/711-2C_as_mni_average_305 /opt/freesurfer/average/711-2B_as_mni_average_305_mask talsrcimg_g11 none talsrcimg_to_711-2C_as_mni_average_305_t4 4355
---------------------------------------------------------------------

freesurfer imgreg_4dfp.c
/opt/freesurfer/average/711-2C_as_mni_average_305.4dfp.img
       256       256       256         1
  1.000000  1.000000  1.000000
orientation T byte_order littleendian
Reading image: /opt/freesurfer/average/711-2C_as_mni_average_305.4dfp.img
dimensions:      256       256       256
mmppix:       1.0000   -1.0000   -1.0000
center:     128.0000 -129.0000 -129.0000
/opt/freesurfer/average/711-2B_as_mni_average_305_mask.4dfp.img
       256       256       256         1
  1.000000  1.000000  1.000000
orientation T byte_order littleendian
Reading mask: /opt/freesurfer/average/711-2B_as_mni_average_305_mask.4dfp.img (2306576 pixels)
talsrcimg_g11.4dfp.img
       256       256       256         1
  1.000000  1.000000  1.000000
orientation T byte_order littleendian
Reading image: talsrcimg_g11.4dfp.img
dimensions:      256       256       256
mmppix:       1.0000   -1.0000   -1.0000
center:     128.0000 -129.0000 -129.0000
rotation matrix determinant  1.000000
image alignment mode   4355 decimal     1103 hex
   -7.5000  -45.0000  -45.0000 1658.6021   23.9312
    0.0000  -45.0000  -45.0000 1671.8398   23.6732
    7.5000  -45.0000  -45.0000 1661.8556   23.7770
   -7.5000  -37.5000  -45.0000 1780.7898   20.9586
    0.0000  -37.5000  -45.0000 1798.2345   20.6797
    7.5000  -37.5000  -45.0000 1790.0247   20.8237
   -7.5000  -30.0000  -45.0000 1889.8044   18.6480
    0.0000  -30.0000  -45.0000 1908.5852   18.3997
    7.5000  -30.0000  -45.0000 1900.5339   18.5346
   -7.5000  -22.5000  -45.0000 1988.4352   16.9612
    0.0000  -22.5000  -45.0000 2009.2620   16.7435
    7.5000  -22.5000  -45.0000 2003.1544   16.8369
   -7.5000  -15.0000  -45.0000 2068.4680   15.7041
    0.0000  -15.0000  -45.0000 2091.8452   15.5270
    7.5000  -15.0000  -45.0000 2086.8887   15.6357
   -7.5000   -7.5000  -45.0000 2125.8879   14.8787
    0.0000   -7.5000  -45.0000 2143.2131   14.7358
    7.5000   -7.5000  -45.0000 2138.2485   14.8349
   -7.5000    0.0000  -45.0000 2151.5537   14.3644
    0.0000    0.0000  -45.0000 2172.0872   14.2184
    7.5000    0.0000  -45.0000 2164.8210   14.3083
   -7.5000    7.5000  -45.0000 2166.9165   14.1105
    0.0000    7.5000  -45.0000 2188.7698   13.9573
    7.5000    7.5000  -45.0000 2182.6372   14.0297
   -7.5000   15.0000  -45.0000 2168.9873   14.1288
    0.0000   15.0000  -45.0000 2192.0718   13.9402
    7.5000   15.0000  -45.0000 2185.9163   14.0447
   -7.5000   22.5000  -45.0000 2152.6975   14.5265
    0.0000   22.5000  -45.0000 2176.5479   14.3069
    7.5000   22.5000  -45.0000 2170.9492   14.3985
   -7.5000   30.0000  -45.0000 2109.8069   15.2077
    0.0000   30.0000  -45.0000 2136.6265   14.9692
    7.5000   30.0000  -45.0000 2134.4260   15.0872
   -7.5000   37.5000  -45.0000 2056.6948   16.1944
    0.0000   37.5000  -45.0000 2081.6079   15.9231
    7.5000   37.5000  -45.0000 2078.3770   16.0444
   -7.5000   45.0000  -45.0000 1979.3424   17.5131
    0.0000   45.0000  -45.0000 2005.5115   17.2374
    7.5000   45.0000  -45.0000 1999.0852   17.3553
   -7.5000  -45.0000  -37.5000 1727.4208   21.8844
    0.0000  -45.0000  -37.5000 1746.3573   21.6504
    7.5000  -45.0000  -37.5000 1741.0974   21.7971
   -7.5000  -37.5000  -37.5000 1863.4913   19.1768
    0.0000  -37.5000  -37.5000 1881.5933   18.9534
    7.5000  -37.5000  -37.5000 1873.5569   19.0755
   -7.5000  -30.0000  -37.5000 1981.7734   17.1318
    0.0000  -30.0000  -37.5000 1998.2499   16.9238
    7.5000  -30.0000  -37.5000 1990.3452   17.0175
   -7.5000  -22.5000  -37.5000 2086.0046   15.5886
    0.0000  -22.5000  -37.5000 2108.6885   15.3882
    7.5000  -22.5000  -37.5000 2096.8477   15.5025
   -7.5000  -15.0000  -37.5000 2173.0742   14.4135
    0.0000  -15.0000  -37.5000 2195.0730   14.2519
    7.5000  -15.0000  -37.5000 2185.4707   14.3560
   -7.5000   -7.5000  -37.5000 2230.3801   13.6133
    0.0000   -7.5000  -37.5000 2252.3271   13.4689
    7.5000   -7.5000  -37.5000 2240.3557   13.5639
   -7.5000    0.0000  -37.5000 2259.0137   13.0878
    0.0000    0.0000  -37.5000 2278.7026   12.9791
    7.5000    0.0000  -37.5000 2269.7590   13.0708
   -7.5000    7.5000  -37.5000 2271.4458   12.9199
    0.0000    7.5000  -37.5000 2294.8872   12.7578
    7.5000    7.5000  -37.5000 2286.9465   12.8517
   -7.5000   15.0000  -37.5000 2266.8479   12.9838
    0.0000   15.0000  -37.5000 2291.4146   12.8158
    7.5000   15.0000  -37.5000 2282.5747   12.9134
   -7.5000   22.5000  -37.5000 2245.0483   13.3647
    0.0000   22.5000  -37.5000 2273.9382   13.1798
    7.5000   22.5000  -37.5000 2268.2659   13.2655
   -7.5000   30.0000  -37.5000 2202.1355   13.9852
    0.0000   30.0000  -37.5000 2231.8811   13.7719
    7.5000   30.0000  -37.5000 2229.7534   13.8758
   -7.5000   37.5000  -37.5000 2145.7710   14.8650
    0.0000   37.5000  -37.5000 2175.7041   14.6238
    7.5000   37.5000  -37.5000 2169.5847   14.7428
   -7.5000   45.0000  -37.5000 2067.8103   16.0788
    0.0000   45.0000  -37.5000 2095.1260   15.8295
    7.5000   45.0000  -37.5000 2086.9897   15.9336
   -7.5000  -45.0000  -30.0000 1824.6232   20.8679
    0.0000  -45.0000  -30.0000 1849.0516   20.6334
    7.5000  -45.0000  -30.0000 1848.8356   20.8270
   -7.5000  -37.5000  -30.0000 1971.0071   18.3544
    0.0000  -37.5000  -30.0000 1990.6426   18.0979
    7.5000  -37.5000  -30.0000 1985.7906   18.2146
   -7.5000  -30.0000  -30.0000 2099.8228   16.3801
    0.0000  -30.0000  -30.0000 2123.3928   16.1633
    7.5000  -30.0000  -30.0000 2112.5320   16.2633
   -7.5000  -22.5000  -30.0000 2213.3408   14.8325
    0.0000  -22.5000  -30.0000 2238.0334   14.6620
    7.5000  -22.5000  -30.0000 2224.6538   14.8036
   -7.5000  -15.0000  -30.0000 2301.6594   13.7141
    0.0000  -15.0000  -30.0000 2325.3843   13.5640
    7.5000  -15.0000  -30.0000 2311.8914   13.6766
   -7.5000   -7.5000  -30.0000 2367.2183   12.9534
    0.0000   -7.5000  -30.0000 2388.5767   12.8080
    7.5000   -7.5000  -30.0000 2378.8486   12.9055
   -7.5000    0.0000  -30.0000 2401.8101   12.4392
    0.0000    0.0000  -30.0000 2424.6873   12.3325
    7.5000    0.0000  -30.0000 2417.6216   12.3933
   -7.5000    7.5000  -30.0000 2422.0068   12.2845
    0.0000    7.5000  -30.0000 2447.3267   12.1460
    7.5000    7.5000  -30.0000 2439.5767   12.2230
   -7.5000   15.0000  -30.0000 2417.8154   12.3902
    0.0000   15.0000  -30.0000 2445.1658   12.2624
    7.5000   15.0000  -30.0000 2432.4053   12.3483
   -7.5000   22.5000  -30.0000 2385.8325   12.7789
    0.0000   22.5000  -30.0000 2419.3367   12.6144
    7.5000   22.5000  -30.0000 2412.6272   12.6982
   -7.5000   30.0000  -30.0000 2339.3811   13.3494
    0.0000   30.0000  -30.0000 2373.8638   13.1674
    7.5000   30.0000  -30.0000 2370.7119   13.2596
   -7.5000   37.5000  -30.0000 2277.0020   14.2069
    0.0000   37.5000  -30.0000 2308.4326   14.0025
    7.5000   37.5000  -30.0000 2302.9470   14.1104
   -7.5000   45.0000  -30.0000 2190.6255   15.3630
    0.0000   45.0000  -30.0000 2218.9141   15.1338
    7.5000   45.0000  -30.0000 2212.3074   15.2409
   -7.5000  -45.0000  -22.5000 1900.6193   19.8895
    0.0000  -45.0000  -22.5000 1924.5314   19.6927
    7.5000  -45.0000  -22.5000 1923.2900   19.8820
   -7.5000  -37.5000  -22.5000 2053.5769   17.4348
    0.0000  -37.5000  -22.5000 2074.8760   17.2159
    7.5000  -37.5000  -22.5000 2070.2100   17.3655
   -7.5000  -30.0000  -22.5000 2190.3887   15.5266
    0.0000  -30.0000  -22.5000 2212.8757   15.3469
    7.5000  -30.0000  -22.5000 2203.5422   15.4826
   -7.5000  -22.5000  -22.5000 2307.0186   14.0716
    0.0000  -22.5000  -22.5000 2328.9539   13.9107
    7.5000  -22.5000  -22.5000 2317.6479   14.0547
   -7.5000  -15.0000  -22.5000 2404.0623   12.9754
    0.0000  -15.0000  -22.5000 2425.0430   12.8485
    7.5000  -15.0000  -22.5000 2411.4790   12.9448
   -7.5000   -7.5000  -22.5000 2477.3760   12.2296
    0.0000   -7.5000  -22.5000 2501.0686   12.1143
    7.5000   -7.5000  -22.5000 2488.9807   12.1953
   -7.5000    0.0000  -22.5000 2516.2668   11.7758
    0.0000    0.0000  -22.5000 2542.5215   11.6623
    7.5000    0.0000  -22.5000 2535.8657   11.7412
   -7.5000    7.5000  -22.5000 2544.7310   11.6028
    0.0000    7.5000  -22.5000 2574.3923   11.4753
    7.5000    7.5000  -22.5000 2566.4001   11.5469
   -7.5000   15.0000  -22.5000 2547.9514   11.7247
    0.0000   15.0000  -22.5000 2580.6887   11.6006
    7.5000   15.0000  -22.5000 2567.2073   11.6856
   -7.5000   22.5000  -22.5000 2516.3567   12.0978
    0.0000   22.5000  -22.5000 2551.1338   11.9715
    7.5000   22.5000  -22.5000 2542.9751   12.0413
   -7.5000   30.0000  -22.5000 2462.7964   12.6767
    0.0000   30.0000  -22.5000 2496.4128   12.5354
    7.5000   30.0000  -22.5000 2487.8667   12.6124
   -7.5000   37.5000  -22.5000 2387.1785   13.5024
    0.0000   37.5000  -22.5000 2420.2185   13.3312
    7.5000   37.5000  -22.5000 2413.5918   13.4135
   -7.5000   45.0000  -22.5000 2292.2983   14.6051
    0.0000   45.0000  -22.5000 2318.9124   14.4109
    7.5000   45.0000  -22.5000 2309.0308   14.4871
   -7.5000  -45.0000  -15.0000 1955.5858   19.0324
    0.0000  -45.0000  -15.0000 1976.1405   18.8257
    7.5000  -45.0000  -15.0000 1975.6160   19.0662
   -7.5000  -37.5000  -15.0000 2108.4751   16.6501
    0.0000  -37.5000  -15.0000 2128.8215   16.4566
    7.5000  -37.5000  -15.0000 2123.8611   16.6567
   -7.5000  -30.0000  -15.0000 2248.9863   14.7880
    0.0000  -30.0000  -15.0000 2268.0520   14.6245
    7.5000  -30.0000  -15.0000 2259.6321   14.7994
   -7.5000  -22.5000  -15.0000 2370.7214   13.3657
    0.0000  -22.5000  -15.0000 2391.9856   13.2036
    7.5000  -22.5000  -15.0000 2380.4795   13.3735
   -7.5000  -15.0000  -15.0000 2474.6528   12.3145
    0.0000  -15.0000  -15.0000 2495.2358   12.1923
    7.5000  -15.0000  -15.0000 2486.4795   12.2886
   -7.5000   -7.5000  -15.0000 2555.3528   11.5683
    0.0000   -7.5000  -15.0000 2583.9116   11.4432
    7.5000   -7.5000  -15.0000 2573.9746   11.5458
   -7.5000    0.0000  -15.0000 2606.7109   11.1039
    0.0000    0.0000  -15.0000 2637.9565   11.0012
    7.5000    0.0000  -15.0000 2631.1917   11.1040
   -7.5000    7.5000  -15.0000 2645.2737   10.9482
    0.0000    7.5000  -15.0000 2676.1138   10.8221
    7.5000    7.5000  -15.0000 2666.8335   10.9295
   -7.5000   15.0000  -15.0000 2652.7053   11.0801
    0.0000   15.0000  -15.0000 2691.9314   10.9592
    7.5000   15.0000  -15.0000 2674.5146   11.0453
   -7.5000   22.5000  -15.0000 2623.4941   11.4512
    0.0000   22.5000  -15.0000 2664.4741   11.3431
    7.5000   22.5000  -15.0000 2648.0579   11.4155
   -7.5000   30.0000  -15.0000 2564.8774   12.0227
    0.0000   30.0000  -15.0000 2602.3835   11.9167
    7.5000   30.0000  -15.0000 2586.9197   11.9772
   -7.5000   37.5000  -15.0000 2476.3359   12.8165
    0.0000   37.5000  -15.0000 2511.1575   12.6888
    7.5000   37.5000  -15.0000 2498.3313   12.7681
   -7.5000   45.0000  -15.0000 2368.4395   13.8965
    0.0000   45.0000  -15.0000 2396.1731   13.7204
    7.5000   45.0000  -15.0000 2386.2795   13.7923
   -7.5000  -45.0000   -7.5000 1989.0297   18.3190
    0.0000  -45.0000   -7.5000 2012.5801   18.1341
    7.5000  -45.0000   -7.5000 2010.1575   18.3918
   -7.5000  -37.5000   -7.5000 2144.2383   15.9992
    0.0000  -37.5000   -7.5000 2164.3494   15.8154
    7.5000  -37.5000   -7.5000 2158.6885   16.0224
   -7.5000  -30.0000   -7.5000 2291.0815   14.1758
    0.0000  -30.0000   -7.5000 2306.3413   14.0022
    7.5000  -30.0000   -7.5000 2292.7305   14.1885
   -7.5000  -22.5000   -7.5000 2414.4507   12.7705
    0.0000  -22.5000   -7.5000 2436.6938   12.6275
    7.5000  -22.5000   -7.5000 2425.3123   12.7983
   -7.5000  -15.0000   -7.5000 2526.1174   11.7245
    0.0000  -15.0000   -7.5000 2553.1606   11.5961
    7.5000  -15.0000   -7.5000 2539.1514   11.7294
   -7.5000   -7.5000   -7.5000 2623.1724   10.9792
    0.0000   -7.5000   -7.5000 2654.1445   10.8582
    7.5000   -7.5000   -7.5000 2641.7505   10.9841
   -7.5000    0.0000   -7.5000 2689.6111   10.5242
    0.0000    0.0000   -7.5000 2724.5837   10.4044
    7.5000    0.0000   -7.5000 2714.9912   10.5288
   -7.5000    7.5000   -7.5000 2735.3926   10.3536
    0.0000    7.5000   -7.5000 2770.9478   10.2408
    7.5000    7.5000   -7.5000 2756.1655   10.3651
   -7.5000   15.0000   -7.5000 2746.4385   10.4897
    0.0000   15.0000   -7.5000 2787.2034   10.3754
    7.5000   15.0000   -7.5000 2765.8323   10.4844
   -7.5000   22.5000   -7.5000 2717.3296   10.8571
    0.0000   22.5000   -7.5000 2760.2646   10.7652
    7.5000   22.5000   -7.5000 2735.6729   10.8489
   -7.5000   30.0000   -7.5000 2645.5994   11.4093
    0.0000   30.0000   -7.5000 2684.9998   11.3208
    7.5000   30.0000   -7.5000 2666.3250   11.4004
   -7.5000   37.5000   -7.5000 2547.5686   12.1760
    0.0000   37.5000   -7.5000 2582.8635   12.0777
    7.5000   37.5000   -7.5000 2566.7278   12.1500
   -7.5000   45.0000   -7.5000 2424.7776   13.1968
    0.0000   45.0000   -7.5000 2455.9683   13.0705
    7.5000   45.0000   -7.5000 2441.3840   13.1555
   -7.5000  -45.0000    0.0000 2020.1968   17.8438
    0.0000  -45.0000    0.0000 2040.0074   17.6559
    7.5000  -45.0000    0.0000 2035.3358   17.9591
   -7.5000  -37.5000    0.0000 2170.9758   15.5324
    0.0000  -37.5000    0.0000 2188.8735   15.3557
    7.5000  -37.5000    0.0000 2177.5112   15.5838
   -7.5000  -30.0000    0.0000 2314.9346   13.7464
    0.0000  -30.0000    0.0000 2331.5613   13.5720
    7.5000  -30.0000    0.0000 2315.5637   13.7730
   -7.5000  -22.5000    0.0000 2440.7930   12.3369
    0.0000  -22.5000    0.0000 2464.6130   12.1963
    7.5000  -22.5000    0.0000 2449.1865   12.3941
   -7.5000  -15.0000    0.0000 2561.2830   11.2875
    0.0000  -15.0000    0.0000 2589.0171   11.1571
    7.5000  -15.0000    0.0000 2573.5171   11.3252
   -7.5000   -7.5000    0.0000 2672.9421   10.5568
    0.0000   -7.5000    0.0000 2707.3687   10.4346
    7.5000   -7.5000    0.0000 2693.2822   10.5856
   -7.5000    0.0000    0.0000 2759.4434   10.1032
    0.0000    0.0000    0.0000 2800.6570    9.9820
    7.5000    0.0000    0.0000 2785.0803   10.1212
   -7.5000    7.5000    0.0000 2818.0552    9.9405
    0.0000    7.5000    0.0000 2859.8906    9.8106
    7.5000    7.5000    0.0000 2837.6362    9.9491
   -7.5000   15.0000    0.0000 2833.3083   10.0756
    0.0000   15.0000    0.0000 2876.0886    9.9600
    7.5000   15.0000    0.0000 2847.1167   10.0774
   -7.5000   22.5000    0.0000 2795.4370   10.4200
    0.0000   22.5000    0.0000 2839.8755   10.3258
    7.5000   22.5000    0.0000 2807.8425   10.4290
   -7.5000   30.0000    0.0000 2712.1475   10.9301
    0.0000   30.0000    0.0000 2752.8447   10.8664
    7.5000   30.0000    0.0000 2730.0811   10.9511
   -7.5000   37.5000    0.0000 2603.6040   11.6512
    0.0000   37.5000    0.0000 2638.0522   11.5670
    7.5000   37.5000    0.0000 2620.1853   11.6470
   -7.5000   45.0000    0.0000 2467.4011   12.6332
    0.0000   45.0000    0.0000 2500.3740   12.5410
    7.5000   45.0000    0.0000 2483.3069   12.6326
   -7.5000  -45.0000    7.5000 2044.2538   17.5953
    0.0000  -45.0000    7.5000 2062.9490   17.4284
    7.5000  -45.0000    7.5000 2049.5342   17.7161
   -7.5000  -37.5000    7.5000 2193.6323   15.2631
    0.0000  -37.5000    7.5000 2208.1870   15.1195
    7.5000  -37.5000    7.5000 2188.1929   15.3701
   -7.5000  -30.0000    7.5000 2330.4465   13.4842
    0.0000  -30.0000    7.5000 2349.2903   13.3328
    7.5000  -30.0000    7.5000 2331.1445   13.5707
   -7.5000  -22.5000    7.5000 2453.0679   12.1002
    0.0000  -22.5000    7.5000 2480.4258   11.9599
    7.5000  -22.5000    7.5000 2462.4368   12.1740
   -7.5000  -15.0000    7.5000 2580.7146   11.0493
    0.0000  -15.0000    7.5000 2613.7124   10.9169
    7.5000  -15.0000    7.5000 2592.4675   11.1121
   -7.5000   -7.5000    7.5000 2704.9451   10.3110
    0.0000   -7.5000    7.5000 2740.5100   10.1779
    7.5000   -7.5000    7.5000 2723.8635   10.3666
   -7.5000    0.0000    7.5000 2805.8005    9.8812
    0.0000    0.0000    7.5000 2857.8291    9.7517
    7.5000    0.0000    7.5000 2834.1104    9.9014
   -7.5000    7.5000    7.5000 2884.1599    9.6756
    0.0000    7.5000    7.5000 2937.9417    9.5240
    7.5000    7.5000    7.5000 2898.1194    9.6974
   -7.5000   15.0000    7.5000 2900.5972    9.7905
    0.0000   15.0000    7.5000 2944.9529    9.6765
    7.5000   15.0000    7.5000 2909.6433    9.8125
   -7.5000   22.5000    7.5000 2847.2795   10.1327
    0.0000   22.5000    7.5000 2895.2083   10.0562
    7.5000   22.5000    7.5000 2860.8071   10.1614
   -7.5000   30.0000    7.5000 2753.0457   10.6269
    0.0000   30.0000    7.5000 2792.1694   10.5519
    7.5000   30.0000    7.5000 2771.7947   10.6470
   -7.5000   37.5000    7.5000 2632.6558   11.3100
    0.0000   37.5000    7.5000 2667.7344   11.2095
    7.5000   37.5000    7.5000 2652.2126   11.2985
   -7.5000   45.0000    7.5000 2492.4614   12.2740
    0.0000   45.0000    7.5000 2523.6899   12.1577
    7.5000   45.0000    7.5000 2509.4226   12.2672
   -7.5000  -45.0000   15.0000 2055.5854   17.5196
    0.0000  -45.0000   15.0000 2071.5688   17.3603
    7.5000  -45.0000   15.0000 2051.3455   17.6249
   -7.5000  -37.5000   15.0000 2204.1829   15.1889
    0.0000  -37.5000   15.0000 2218.5095   15.0310
    7.5000  -37.5000   15.0000 2193.0991   15.2929
   -7.5000  -30.0000   15.0000 2337.2747   13.4343
    0.0000  -30.0000   15.0000 2359.9250   13.2814
    7.5000  -30.0000   15.0000 2338.1348   13.5381
   -7.5000  -22.5000   15.0000 2460.2346   12.0758
    0.0000  -22.5000   15.0000 2487.5513   11.9432
    7.5000  -22.5000   15.0000 2469.6121   12.1568
   -7.5000  -15.0000   15.0000 2585.0686   11.0313
    0.0000  -15.0000   15.0000 2617.9353   10.8832
    7.5000  -15.0000   15.0000 2598.8022   11.0855
   -7.5000   -7.5000   15.0000 2709.3972   10.2773
    0.0000   -7.5000   15.0000 2749.8062   10.1346
    7.5000   -7.5000   15.0000 2730.8015   10.3200
   -7.5000    0.0000   15.0000 2817.3235    9.8234
    0.0000    0.0000   15.0000 2871.1760    9.6963
    7.5000    0.0000   15.0000 2842.6047    9.8307
   -7.5000    7.5000   15.0000 2895.2681    9.6313
    0.0000    7.5000   15.0000 2949.3416    9.4707
    7.5000    7.5000   15.0000 2915.6150    9.6252
   -7.5000   15.0000   15.0000 2916.1301    9.6698
    0.0000   15.0000   15.0000 2963.6790    9.5566
    7.5000   15.0000   15.0000 2929.3689    9.6864
   -7.5000   22.5000   15.0000 2865.7981    9.9908
    0.0000   22.5000   15.0000 2910.1482    9.8883
    7.5000   22.5000   15.0000 2878.0657   10.0160
   -7.5000   30.0000   15.0000 2760.4121   10.5008
    0.0000   30.0000   15.0000 2801.2056   10.3959
    7.5000   30.0000   15.0000 2778.5801   10.5105
   -7.5000   37.5000   15.0000 2633.0264   11.1809
    0.0000   37.5000   15.0000 2667.2612   11.0366
    7.5000   37.5000   15.0000 2650.9065   11.1436
   -7.5000   45.0000   15.0000 2489.1399   12.1393
    0.0000   45.0000   15.0000 2519.7107   11.9933
    7.5000   45.0000   15.0000 2507.7322   12.0941
   -7.5000  -45.0000   22.5000 2046.4010   17.6544
    0.0000  -45.0000   22.5000 2062.4607   17.4549
    7.5000  -45.0000   22.5000 2043.2336   17.7700
   -7.5000  -37.5000   22.5000 2196.9026   15.3339
    0.0000  -37.5000   22.5000 2214.8035   15.1569
    7.5000  -37.5000   22.5000 2192.4172   15.4245
   -7.5000  -30.0000   22.5000 2332.5024   13.5691
    0.0000  -30.0000   22.5000 2356.9333   13.4140
    7.5000  -30.0000   22.5000 2337.6113   13.6534
   -7.5000  -22.5000   22.5000 2458.0562   12.2056
    0.0000  -22.5000   22.5000 2485.3569   12.0573
    7.5000  -22.5000   22.5000 2464.5542   12.2684
   -7.5000  -15.0000   22.5000 2579.8687   11.1722
    0.0000  -15.0000   22.5000 2613.5374   11.0233
    7.5000  -15.0000   22.5000 2591.4661   11.2197
   -7.5000   -7.5000   22.5000 2699.9624   10.4315
    0.0000   -7.5000   22.5000 2739.6572   10.2979
    7.5000   -7.5000   22.5000 2719.6775   10.4489
   -7.5000    0.0000   22.5000 2799.2234    9.9603
    0.0000    0.0000   22.5000 2848.6992    9.7967
    7.5000    0.0000   22.5000 2820.9148    9.9572
   -7.5000    7.5000   22.5000 2866.8923    9.7283
    0.0000    7.5000   22.5000 2916.1960    9.5854
    7.5000    7.5000   22.5000 2888.1736    9.7196
   -7.5000   15.0000   22.5000 2880.6738    9.7847
    0.0000   15.0000   22.5000 2929.5234    9.6572
    7.5000   15.0000   22.5000 2900.7202    9.7893
   -7.5000   22.5000   22.5000 2835.1409   10.0650
    0.0000   22.5000   22.5000 2878.9258    9.9595
    7.5000   22.5000   22.5000 2850.4517   10.1132
   -7.5000   30.0000   22.5000 2734.8621   10.5485
    0.0000   30.0000   22.5000 2774.2163   10.4361
    7.5000   30.0000   22.5000 2749.0247   10.5720
   -7.5000   37.5000   22.5000 2609.9338   11.2571
    0.0000   37.5000   22.5000 2645.5759   11.0937
    7.5000   37.5000   22.5000 2625.2571   11.2296
   -7.5000   45.0000   22.5000 2468.5254   12.2151
    0.0000   45.0000   22.5000 2501.0950   12.0237
    7.5000   45.0000   22.5000 2488.1924   12.1511
   -7.5000  -45.0000   30.0000 2016.1871   18.0418
    0.0000  -45.0000   30.0000 2033.8207   17.8140
    7.5000  -45.0000   30.0000 2019.5140   18.1174
   -7.5000  -37.5000   30.0000 2173.7034   15.6847
    0.0000  -37.5000   30.0000 2193.4910   15.4845
    7.5000  -37.5000   30.0000 2175.2727   15.7487
   -7.5000  -30.0000   30.0000 2317.0383   13.8974
    0.0000  -30.0000   30.0000 2340.0056   13.7357
    7.5000  -30.0000   30.0000 2321.3281   13.9604
   -7.5000  -22.5000   30.0000 2442.1548   12.5467
    0.0000  -22.5000   30.0000 2470.9668   12.3762
    7.5000  -22.5000   30.0000 2447.0464   12.5738
   -7.5000  -15.0000   30.0000 2559.1372   11.5265
    0.0000  -15.0000   30.0000 2593.8804   11.3617
    7.5000  -15.0000   30.0000 2569.7268   11.5230
   -7.5000   -7.5000   30.0000 2668.5767   10.7812
    0.0000   -7.5000   30.0000 2705.8220   10.6285
    7.5000   -7.5000   30.0000 2685.5544   10.7770
   -7.5000    0.0000   30.0000 2751.9312   10.2922
    0.0000    0.0000   30.0000 2794.0715   10.1407
    7.5000    0.0000   30.0000 2768.7256   10.2815
   -7.5000    7.5000   30.0000 2802.0312   10.0684
    0.0000    7.5000   30.0000 2841.5281    9.9372
    7.5000    7.5000   30.0000 2822.4624   10.0551
   -7.5000   15.0000   30.0000 2804.6831   10.0959
    0.0000   15.0000   30.0000 2851.0171    9.9509
    7.5000   15.0000   30.0000 2832.7520   10.0807
   -7.5000   22.5000   30.0000 2765.6492   10.3539
    0.0000   22.5000   30.0000 2805.2024   10.2254
    7.5000   22.5000   30.0000 2785.9705   10.3619
   -7.5000   30.0000   30.0000 2677.4333   10.8391
    0.0000   30.0000   30.0000 2710.6306   10.7281
    7.5000   30.0000   30.0000 2692.6396   10.8569
   -7.5000   37.5000   30.0000 2563.2651   11.5464
    0.0000   37.5000   30.0000 2594.4414   11.4104
    7.5000   37.5000   30.0000 2579.2104   11.5125
   -7.5000   45.0000   30.0000 2432.6194   12.4764
    0.0000   45.0000   30.0000 2465.3425   12.2993
    7.5000   45.0000   30.0000 2451.2832   12.3969
   -7.5000  -45.0000   37.5000 1981.0112   18.6615
    0.0000  -45.0000   37.5000 1996.4584   18.4339
    7.5000  -45.0000   37.5000 1979.3411   18.7846
   -7.5000  -37.5000   37.5000 2140.6934   16.2508
    0.0000  -37.5000   37.5000 2159.9934   16.0453
    7.5000  -37.5000   37.5000 2140.6545   16.3281
   -7.5000  -30.0000   37.5000 2283.9226   14.4455
    0.0000  -30.0000   37.5000 2305.5496   14.2800
    7.5000  -30.0000   37.5000 2287.1575   14.5178
   -7.5000  -22.5000   37.5000 2408.4941   13.0826
    0.0000  -22.5000   37.5000 2434.8372   12.9214
    7.5000  -22.5000   37.5000 2411.2395   13.1036
   -7.5000  -15.0000   37.5000 2519.9319   12.0542
    0.0000  -15.0000   37.5000 2551.7429   11.9076
    7.5000  -15.0000   37.5000 2524.5737   12.0622
   -7.5000   -7.5000   37.5000 2616.5876   11.3367
    0.0000   -7.5000   37.5000 2650.6079   11.1821
    7.5000   -7.5000   37.5000 2626.9104   11.3175
   -7.5000    0.0000   37.5000 2683.5798   10.8469
    0.0000    0.0000   37.5000 2717.0569   10.7117
    7.5000    0.0000   37.5000 2694.6323   10.8240
   -7.5000    7.5000   37.5000 2717.0552   10.6094
    0.0000    7.5000   37.5000 2750.9141   10.4783
    7.5000    7.5000   37.5000 2733.6228   10.5789
   -7.5000   15.0000   37.5000 2710.3997   10.6004
    0.0000   15.0000   37.5000 2749.6030   10.4675
    7.5000   15.0000   37.5000 2736.7170   10.5786
   -7.5000   22.5000   37.5000 2674.6738   10.8307
    0.0000   22.5000   37.5000 2708.1472   10.7269
    7.5000   22.5000   37.5000 2695.0388   10.8488
   -7.5000   30.0000   37.5000 2595.7751   11.3342
    0.0000   30.0000   37.5000 2626.0376   11.2037
    7.5000   30.0000   37.5000 2611.2473   11.3367
   -7.5000   37.5000   37.5000 2494.6326   12.0364
    0.0000   37.5000   37.5000 2521.9062   11.8741
    7.5000   37.5000   37.5000 2507.6040   11.9911
   -7.5000   45.0000   37.5000 2374.2612   12.9472
    0.0000   45.0000   37.5000 2402.2222   12.7565
    7.5000   45.0000   37.5000 2391.1426   12.8594
   -7.5000  -45.0000   45.0000 1938.1560   19.6021
    0.0000  -45.0000   45.0000 1952.5031   19.3876
    7.5000  -45.0000   45.0000 1931.3967   19.7695
   -7.5000  -37.5000   45.0000 2092.3787   17.1513
    0.0000  -37.5000   45.0000 2113.0254   16.9187
    7.5000  -37.5000   45.0000 2092.2454   17.2032
   -7.5000  -30.0000   45.0000 2230.5730   15.2552
    0.0000  -30.0000   45.0000 2255.2529   15.0708
    7.5000  -30.0000   45.0000 2235.7886   15.3254
   -7.5000  -22.5000   45.0000 2354.0667   13.8681
    0.0000  -22.5000   45.0000 2377.1619   13.7062
    7.5000  -22.5000   45.0000 2355.4246   13.8913
   -7.5000  -15.0000   45.0000 2456.7739   12.8472
    0.0000  -15.0000   45.0000 2485.9001   12.7144
    7.5000  -15.0000   45.0000 2463.5579   12.8424
   -7.5000   -7.5000   45.0000 2539.7676   12.1007
    0.0000   -7.5000   45.0000 2571.6907   11.9653
    7.5000   -7.5000   45.0000 2551.4434   12.0845
   -7.5000    0.0000   45.0000 2597.7522   11.5893
    0.0000    0.0000   45.0000 2626.0759   11.4699
    7.5000    0.0000   45.0000 2611.9114   11.5510
   -7.5000    7.5000   45.0000 2624.6553   11.3539
    0.0000    7.5000   45.0000 2652.9783   11.2082
    7.5000    7.5000   45.0000 2641.5969   11.3039
   -7.5000   15.0000   45.0000 2611.4795   11.3194
    0.0000   15.0000   45.0000 2642.4277   11.1813
    7.5000   15.0000   45.0000 2632.5334   11.2751
   -7.5000   22.5000   45.0000 2574.9307   11.5082
    0.0000   22.5000   45.0000 2597.0361   11.3870
    7.5000   22.5000   45.0000 2589.2876   11.4911
   -7.5000   30.0000   45.0000 2507.0459   11.9767
    0.0000   30.0000   45.0000 2530.8284   11.8399
    7.5000   30.0000   45.0000 2519.9568   11.9593
   -7.5000   37.5000   45.0000 2416.2051   12.6538
    0.0000   37.5000   45.0000 2437.7058   12.4927
    7.5000   37.5000   45.0000 2427.8438   12.6191
   -7.5000   45.0000   45.0000 2305.7815   13.5522
    0.0000   45.0000   45.0000 2329.6321   13.3686
    7.5000   45.0000   45.0000 2320.2043   13.4830

---------------------------------------------------------------------
imgreg_4dfp /opt/freesurfer/average/711-2C_as_mni_average_305 /opt/freesurfer/average/711-2B_as_mni_average_305_mask talsrcimg_g11 none talsrcimg_to_711-2C_as_mni_average_305_t4 1283
---------------------------------------------------------------------

freesurfer imgreg_4dfp.c
/opt/freesurfer/average/711-2C_as_mni_average_305.4dfp.img
       256       256       256         1
  1.000000  1.000000  1.000000
orientation T byte_order littleendian
Reading image: /opt/freesurfer/average/711-2C_as_mni_average_305.4dfp.img
dimensions:      256       256       256
mmppix:       1.0000   -1.0000   -1.0000
center:     128.0000 -129.0000 -129.0000
/opt/freesurfer/average/711-2B_as_mni_average_305_mask.4dfp.img
       256       256       256         1
  1.000000  1.000000  1.000000
orientation T byte_order littleendian
Reading mask: /opt/freesurfer/average/711-2B_as_mni_average_305_mask.4dfp.img (2306576 pixels)
talsrcimg_g11.4dfp.img
       256       256       256         1
  1.000000  1.000000  1.000000
orientation T byte_order littleendian
Reading image: talsrcimg_g11.4dfp.img
dimensions:      256       256       256
mmppix:       1.0000   -1.0000   -1.0000
center:     128.0000 -129.0000 -129.0000
rotation matrix determinant  1.000000
fimgreg.f
image alignment mode   1283 decimal      503 hex
parameters
    0.0000   15.0000   15.0000    0.0000    0.0000    0.0000
eta,q 0.93212  9.51936
niter,ni,del,rscale     5    3   12.0000    1.2000
parameter  6  2.873397 ->  0.500000 qaram    1.1500
parameters
    0.8770   12.5622   13.8803   -0.9143   -0.2351   -3.4500
eta,q 0.93399  9.43881
  0.0798  0.0722  0.0740  0.0713  0.0715  0.0652
  0.0736  0.0701  0.0711  0.0698  0.0699  0.0657
  0.0705  0.0699  0.0694  0.0690  0.0691  0.0671
  0.0705  0.0710  0.0695  0.0691  0.0690  0.0690
  0.0720  0.0733  0.0717  0.0699  0.0692  0.0706
  0.0729  0.0774  0.0748  0.0710  0.0703  0.0722
  0.0739  0.0829  0.0782  0.0731  0.0719  0.0741
niter,ni,del,rscale     5    3   12.0000    1.2000
parameter  6  0.708160 ->  0.500000 qaram    1.3225
parameters
    0.7022   13.0179   13.5333   -1.2798    1.0509   -7.4175
eta,q 0.93577  9.43409
  0.0738  0.0730  0.0720  0.0690  0.0709  0.0648
  0.0688  0.0700  0.0692  0.0681  0.0687  0.0642
  0.0662  0.0681  0.0667  0.0668  0.0669  0.0645
  0.0660  0.0659  0.0657  0.0657  0.0658  0.0655
  0.0675  0.0658  0.0668  0.0667  0.0655  0.0676
  0.0701  0.0681  0.0700  0.0684  0.0663  0.0701
  0.0739  0.0720  0.0741  0.0701  0.0681  0.0718
niter,ni,del,rscale     5    3   12.0000    1.2000
parameters
   -0.0445   13.6699   13.2383   -1.9580    1.4089   -7.0936
eta,q 0.93622  9.45610
  0.0714  0.0723  0.0698  0.0670  0.0694  0.0699
  0.0666  0.0698  0.0673  0.0663  0.0669  0.0669
  0.0643  0.0672  0.0648  0.0651  0.0648  0.0646
  0.0642  0.0641  0.0635  0.0636  0.0638  0.0638
  0.0659  0.0636  0.0644  0.0648  0.0642  0.0641
  0.0699  0.0664  0.0676  0.0673  0.0659  0.0662
  0.0762  0.0709  0.0719  0.0693  0.0684  0.0691
niter,ni,del,rscale     4    3   12.0000    1.2000
parameters
    0.0000   13.9642   13.1859   -2.2420    1.3715   -7.0527
eta,q 0.93635  9.46246
  0.0736  0.0715  0.0704  0.0676  0.0688  0.0696
  0.0679  0.0693  0.0677  0.0663  0.0663  0.0667
  0.0646  0.0667  0.0650  0.0654  0.0644  0.0644
  0.0638  0.0638  0.0635  0.0635  0.0637  0.0637
  0.0646  0.0635  0.0640  0.0642  0.0644  0.0642
  0.0678  0.0669  0.0670  0.0667  0.0663  0.0666
  0.0733  0.0718  0.0716  0.0690  0.0690  0.0695
niter,ni,del,rscale     3    3   12.0000    1.2000
parameters
    0.0522   14.0893   13.1633   -2.3779    1.3192   -7.0558
eta,q 0.93639  9.46608
  0.0735  0.0711  0.0705  0.0679  0.0688  0.0696
  0.0678  0.0691  0.0678  0.0664  0.0662  0.0667
  0.0646  0.0666  0.0651  0.0654  0.0644  0.0644
  0.0637  0.0636  0.0635  0.0635  0.0636  0.0636
  0.0644  0.0635  0.0639  0.0641  0.0644  0.0642
  0.0676  0.0671  0.0669  0.0665  0.0663  0.0667
  0.0732  0.0724  0.0716  0.0689  0.0690  0.0696
niter,ni,del,rscale     2    3   12.0000    1.2000
parameters
    0.0857   14.1448   13.1496   -2.4491    1.2869   -7.0642
eta,q 0.93639  9.46824
  0.0734  0.0709  0.0706  0.0680  0.0688  0.0696
  0.0678  0.0689  0.0679  0.0664  0.0663  0.0667
  0.0646  0.0665  0.0651  0.0654  0.0644  0.0645
  0.0636  0.0636  0.0635  0.0636  0.0636  0.0636
  0.0643  0.0635  0.0639  0.0640  0.0644  0.0642
  0.0676  0.0673  0.0669  0.0664  0.0663  0.0668
  0.0732  0.0726  0.0717  0.0688  0.0690  0.0697
niter,ni,del,rscale     1    3   12.0000    1.2000
parameters
    0.1036   14.1713   13.1425   -2.4855    1.2701   -7.0713
eta,q 0.93639  9.46936
  0.0733  0.0708  0.0706  0.0681  0.0689  0.0696
  0.0677  0.0689  0.0679  0.0664  0.0663  0.0667
  0.0646  0.0665  0.0651  0.0654  0.0644  0.0645
  0.0636  0.0636  0.0636  0.0636  0.0636  0.0636
  0.0643  0.0635  0.0639  0.0640  0.0643  0.0642
  0.0676  0.0673  0.0669  0.0664  0.0663  0.0668
  0.0733  0.0726  0.0717  0.0688  0.0690  0.0697
registration optimization eta report
parameter search radius
    6.0000    6.0000    6.0000    6.0000    6.0000    7.9350
100000*second partial in parameter space
       27.       22.       21.       12.       15.       10.
  0.0733  0.0708  0.0706  0.0681  0.0689  0.0696
  0.0677  0.0689  0.0679  0.0664  0.0663  0.0667
  0.0646  0.0665  0.0651  0.0654  0.0644  0.0645
  0.0636  0.0636  0.0636  0.0636  0.0636  0.0636
  0.0643  0.0635  0.0639  0.0640  0.0643  0.0642
  0.0676  0.0673  0.0669  0.0664  0.0663  0.0668
  0.0733  0.0726  0.0717  0.0688  0.0690  0.0697
    0.1036   14.1713   13.1425   -2.4855    1.2701   -7.0713
eta,q 0.93639  9.46936

---------------------------------------------------------------------
imgreg_4dfp /opt/freesurfer/average/711-2C_as_mni_average_305 /opt/freesurfer/average/711-2B_as_mni_average_305_mask talsrcimg_g11 none talsrcimg_to_711-2C_as_mni_average_305_t4 3335
---------------------------------------------------------------------

freesurfer imgreg_4dfp.c
/opt/freesurfer/average/711-2C_as_mni_average_305.4dfp.img
       256       256       256         1
  1.000000  1.000000  1.000000
orientation T byte_order littleendian
Reading image: /opt/freesurfer/average/711-2C_as_mni_average_305.4dfp.img
dimensions:      256       256       256
mmppix:       1.0000   -1.0000   -1.0000
center:     128.0000 -129.0000 -129.0000
/opt/freesurfer/average/711-2B_as_mni_average_305_mask.4dfp.img
       256       256       256         1
  1.000000  1.000000  1.000000
orientation T byte_order littleendian
Reading mask: /opt/freesurfer/average/711-2B_as_mni_average_305_mask.4dfp.img (2306576 pixels)
talsrcimg_g11.4dfp.img
       256       256       256         1
  1.000000  1.000000  1.000000
orientation T byte_order littleendian
Reading image: talsrcimg_g11.4dfp.img
dimensions:      256       256       256
mmppix:       1.0000   -1.0000   -1.0000
center:     128.0000 -129.0000 -129.0000
fimgreg.f
image alignment mode   3335 decimal      D07 hex
parameters
    0.1036   14.1713   13.1425   -0.7850   -0.8658   -0.1186
   12.3942   -1.6637  -12.3074    4.5762    2.2165   -4.3355
eta,q 0.93740  9.49606
niter,ni,del,rscale     5    3    5.0000    1.2000
parameter  4  4.445538 ->  0.500000 qaram    1.1500
parameter  5  4.045367 ->  0.500000 qaram    1.1500
parameter  6  1.865531 ->  0.500000 qaram    1.1500
parameter  9 -0.540579 -> -0.500000 qaram    1.1500
parameter 10  0.707588 ->  0.500000 qaram    1.1500
parameter 12  0.516856 ->  0.500000 qaram    1.1500
parameters
   -0.0787   14.3758   13.2996   -4.9250   -5.0058   -4.2586
    8.9037   -1.3009   -8.1674    0.4362    0.6377   -8.4755
eta,q 0.95991  8.58278
  0.0640  0.0641  0.0638  0.0513  0.0452  0.0401  0.0431  0.0472  0.0452  0.0409  0.0413  0.0404
  0.0632  0.0634  0.0631  0.0545  0.0484  0.0421  0.0425  0.0448  0.0440  0.0405  0.0407  0.0401
  0.0627  0.0629  0.0627  0.0584  0.0518  0.0453  0.0425  0.0431  0.0430  0.0410  0.0405  0.0401
  0.0626  0.0626  0.0626  0.0626  0.0556  0.0493  0.0429  0.0424  0.0424  0.0420  0.0405  0.0405
  0.0629  0.0626  0.0626  0.0670  0.0599  0.0541  0.0439  0.0428  0.0421  0.0434  0.0409  0.0411
  0.0635  0.0630  0.0630  0.0717  0.0643  0.0594  0.0451  0.0441  0.0420  0.0456  0.0416  0.0419
  0.0646  0.0638  0.0635  0.0767  0.0690  0.0654  0.0467  0.0464  0.0423  0.0484  0.0425  0.0430
niter,ni,del,rscale     7    3    5.0000    1.2000
parameter  4  1.277464 ->  0.500000 qaram    1.3225
parameter  5  1.517296 ->  0.500000 qaram    1.3225
parameter  6  0.664226 ->  0.500000 qaram    1.3225
parameters
   -0.0167   14.2580   12.6884   -9.6860   -9.7668   -9.0196
    9.1440   -1.1415   -9.5143    0.9206    0.2063   -7.2663
eta,q 0.97190  8.01405
  0.0429  0.0415  0.0410  0.0338  0.0284  0.0282  0.0310  0.0328  0.0300  0.0326  0.0292  0.0301
  0.0413  0.0407  0.0403  0.0345  0.0297  0.0281  0.0296  0.0304  0.0288  0.0304  0.0286  0.0291
  0.0404  0.0402  0.0400  0.0365  0.0317  0.0287  0.0287  0.0288  0.0282  0.0289  0.0282  0.0284
  0.0401  0.0401  0.0401  0.0400  0.0349  0.0301  0.0282  0.0282  0.0282  0.0282  0.0281  0.0281
  0.0404  0.0403  0.0406  0.0444  0.0389  0.0335  0.0284  0.0287  0.0288  0.0284  0.0283  0.0282
  0.0412  0.0409  0.0415  0.0493  0.0431  0.0385  0.0293  0.0301  0.0300  0.0297  0.0288  0.0285
  0.0425  0.0418  0.0427  0.0545  0.0480  0.0445  0.0308  0.0324  0.0317  0.0317  0.0294  0.0292
niter,ni,del,rscale     7    3    5.0000    1.2000
parameter  2 -0.593156 -> -0.500000 qaram    1.1500
parameter  3  0.509561 ->  0.500000 qaram    1.1500
parameter  5  0.584081 ->  0.500000 qaram    1.5209
parameters
    0.2872   15.6380   11.3084  -13.1333  -15.2419  -12.6400
   10.3534   -1.0399  -10.0771    3.4082    0.4327   -8.1155
eta,q 0.97599  7.60567
  0.0318  0.0325  0.0273  0.0287  0.0259  0.0254  0.0275  0.0278  0.0265  0.0297  0.0250  0.0252
  0.0300  0.0305  0.0270  0.0275  0.0251  0.0247  0.0261  0.0260  0.0253  0.0273  0.0245  0.0245
  0.0287  0.0291  0.0270  0.0267  0.0253  0.0245  0.0251  0.0249  0.0246  0.0255  0.0241  0.0241
  0.0281  0.0280  0.0273  0.0270  0.0267  0.0250  0.0245  0.0244  0.0244  0.0244  0.0240  0.0240
  0.0282  0.0275  0.0279  0.0292  0.0292  0.0258  0.0245  0.0247  0.0248  0.0240  0.0241  0.0243
  0.0289  0.0273  0.0287  0.0334  0.0330  0.0285  0.0250  0.0258  0.0258  0.0245  0.0244  0.0249
  0.0303  0.0277  0.0299  0.0386  0.0375  0.0335  0.0261  0.0277  0.0272  0.0258  0.0249  0.0258
niter,ni,del,rscale     7    3    5.0000    1.2000
parameters
    0.5206   16.5305   10.8821  -13.1995  -16.7504  -13.7590
   10.4602   -0.7938  -10.0778    5.0846    0.1216   -9.2800
eta,q 0.97645  7.52196
  0.0271  0.0287  0.0249  0.0273  0.0273  0.0259  0.0260  0.0271  0.0259  0.0277  0.0244  0.0246
  0.0256  0.0266  0.0241  0.0258  0.0255  0.0247  0.0248  0.0254  0.0247  0.0258  0.0239  0.0240
  0.0245  0.0250  0.0237  0.0246  0.0242  0.0239  0.0241  0.0242  0.0240  0.0244  0.0237  0.0236
  0.0240  0.0240  0.0237  0.0237  0.0237  0.0238  0.0237  0.0237  0.0237  0.0237  0.0236  0.0236
  0.0241  0.0237  0.0241  0.0235  0.0245  0.0243  0.0240  0.0240  0.0240  0.0236  0.0237  0.0239
  0.0249  0.0241  0.0248  0.0250  0.0268  0.0252  0.0247  0.0250  0.0247  0.0241  0.0241  0.0245
  0.0261  0.0250  0.0258  0.0283  0.0309  0.0279  0.0259  0.0268  0.0259  0.0254  0.0246  0.0254
niter,ni,del,rscale     6    3    5.0000    1.2000
parameters
    0.6262   17.0271   10.5770  -13.2024  -17.3939  -14.0583
   10.3762   -0.5192  -10.0421    6.1447   -0.0302   -9.9660
eta,q 0.97657  7.49461
  0.0263  0.0271  0.0248  0.0269  0.0274  0.0262  0.0256  0.0269  0.0257  0.0268  0.0244  0.0246
  0.0249  0.0253  0.0240  0.0255  0.0256  0.0248  0.0245  0.0251  0.0245  0.0251  0.0238  0.0239
  0.0239  0.0241  0.0235  0.0243  0.0242  0.0239  0.0238  0.0240  0.0238  0.0240  0.0235  0.0235
  0.0236  0.0236  0.0235  0.0235  0.0235  0.0235  0.0235  0.0235  0.0235  0.0235  0.0234  0.0234
  0.0238  0.0236  0.0238  0.0233  0.0238  0.0239  0.0238  0.0238  0.0237  0.0235  0.0236  0.0237
  0.0246  0.0241  0.0245  0.0246  0.0257  0.0246  0.0245  0.0247  0.0245  0.0241  0.0239  0.0242
  0.0259  0.0252  0.0255  0.0278  0.0292  0.0269  0.0258  0.0265  0.0257  0.0255  0.0244  0.0251
niter,ni,del,rscale     5    3    5.0000    1.2000
parameters
    0.7074   17.3305   10.4082  -13.2809  -17.7893  -14.2672
   10.2654   -0.3356  -10.0741    6.8061   -0.0641  -10.3276
eta,q 0.97660  7.47453
  0.0261  0.0265  0.0249  0.0267  0.0273  0.0261  0.0255  0.0267  0.0256  0.0264  0.0244  0.0247
  0.0247  0.0249  0.0240  0.0253  0.0256  0.0248  0.0244  0.0250  0.0244  0.0249  0.0238  0.0240
  0.0238  0.0239  0.0235  0.0242  0.0242  0.0238  0.0237  0.0239  0.0237  0.0239  0.0235  0.0235
  0.0234  0.0234  0.0234  0.0234  0.0234  0.0234  0.0234  0.0234  0.0234  0.0234  0.0234  0.0234
  0.0237  0.0235  0.0237  0.0232  0.0237  0.0238  0.0237  0.0237  0.0237  0.0235  0.0235  0.0236
  0.0244  0.0242  0.0243  0.0246  0.0254  0.0245  0.0244  0.0247  0.0245  0.0242  0.0238  0.0241
  0.0257  0.0254  0.0253  0.0277  0.0287  0.0267  0.0257  0.0264  0.0257  0.0257  0.0243  0.0249
niter,ni,del,rscale     4    3    5.0000    1.2000
parameters
    0.7644   17.5186   10.3028  -13.3473  -18.0427  -14.4129
   10.1988   -0.2205  -10.1309    7.2171   -0.0437  -10.5376
eta,q 0.97659  7.46083
  0.0259  0.0262  0.0249  0.0267  0.0273  0.0262  0.0254  0.0265  0.0256  0.0262  0.0244  0.0247
  0.0246  0.0248  0.0241  0.0253  0.0256  0.0248  0.0244  0.0249  0.0245  0.0248  0.0238  0.0240
  0.0237  0.0238  0.0235  0.0242  0.0242  0.0238  0.0237  0.0239  0.0237  0.0239  0.0235  0.0236
  0.0234  0.0234  0.0234  0.0234  0.0234  0.0234  0.0234  0.0234  0.0234  0.0234  0.0234  0.0234
  0.0236  0.0236  0.0236  0.0232  0.0236  0.0238  0.0237  0.0237  0.0237  0.0235  0.0235  0.0236
  0.0244  0.0243  0.0242  0.0245  0.0252  0.0245  0.0244  0.0247  0.0245  0.0243  0.0238  0.0241
  0.0257  0.0255  0.0252  0.0276  0.0284  0.0267  0.0256  0.0264  0.0257  0.0258  0.0243  0.0249
niter,ni,del,rscale     3    3    5.0000    1.2000
parameters
    0.8010   17.6364   10.2365  -13.3973  -18.2112  -14.5073
   10.1552   -0.1516  -10.1838    7.4834   -0.0229  -10.6733
eta,q 0.97657  7.45171
  0.0259  0.0261  0.0250  0.0266  0.0274  0.0262  0.0254  0.0265  0.0256  0.0261  0.0244  0.0247
  0.0245  0.0247  0.0241  0.0252  0.0256  0.0248  0.0244  0.0249  0.0245  0.0247  0.0238  0.0240
  0.0237  0.0238  0.0236  0.0242  0.0243  0.0239  0.0237  0.0238  0.0237  0.0238  0.0235  0.0236
  0.0234  0.0234  0.0234  0.0234  0.0234  0.0234  0.0234  0.0234  0.0234  0.0234  0.0234  0.0234
  0.0237  0.0236  0.0236  0.0232  0.0236  0.0237  0.0237  0.0237  0.0237  0.0236  0.0236  0.0236
  0.0244  0.0244  0.0242  0.0245  0.0252  0.0245  0.0244  0.0247  0.0245  0.0244  0.0239  0.0241
  0.0257  0.0257  0.0251  0.0276  0.0283  0.0267  0.0255  0.0264  0.0257  0.0259  0.0243  0.0249
niter,ni,del,rscale     2    3    5.0000    1.2000
parameters
    0.8228   17.7127   10.1946  -13.4295  -18.3220  -14.5705
   10.1302   -0.1007  -10.2139    7.6578   -0.0118  -10.7503
eta,q 0.97656  7.44573
  0.0258  0.0260  0.0250  0.0266  0.0274  0.0262  0.0254  0.0264  0.0256  0.0260  0.0244  0.0248
  0.0245  0.0246  0.0241  0.0252  0.0256  0.0249  0.0244  0.0249  0.0245  0.0247  0.0238  0.0241
  0.0237  0.0238  0.0236  0.0242  0.0243  0.0239  0.0237  0.0238  0.0237  0.0238  0.0235  0.0236
  0.0234  0.0234  0.0234  0.0234  0.0234  0.0235  0.0235  0.0235  0.0235  0.0234  0.0234  0.0234
  0.0237  0.0237  0.0236  0.0233  0.0236  0.0237  0.0237  0.0238  0.0237  0.0236  0.0236  0.0236
  0.0245  0.0245  0.0242  0.0245  0.0251  0.0245  0.0244  0.0247  0.0245  0.0244  0.0239  0.0241
  0.0257  0.0257  0.0251  0.0275  0.0282  0.0266  0.0255  0.0264  0.0257  0.0259  0.0243  0.0248
niter,ni,del,rscale     1    3    5.0000    1.2000
parameters
    0.8386   17.7638   10.1653  -13.4549  -18.3944  -14.6142
   10.1098   -0.0716  -10.2406    7.7714   -0.0015  -10.8039
eta,q 0.97654  7.44162
  0.0258  0.0260  0.0250  0.0266  0.0274  0.0262  0.0254  0.0264  0.0256  0.0260  0.0244  0.0248
  0.0245  0.0246  0.0242  0.0252  0.0257  0.0249  0.0244  0.0248  0.0245  0.0247  0.0239  0.0241
  0.0237  0.0237  0.0236  0.0242  0.0243  0.0239  0.0237  0.0239  0.0237  0.0238  0.0235  0.0236
  0.0234  0.0234  0.0234  0.0234  0.0235  0.0235  0.0235  0.0235  0.0235  0.0235  0.0235  0.0235
  0.0237  0.0237  0.0236  0.0233  0.0236  0.0237  0.0237  0.0238  0.0237  0.0236  0.0236  0.0236
  0.0245  0.0245  0.0242  0.0245  0.0251  0.0245  0.0244  0.0247  0.0245  0.0244  0.0239  0.0241
  0.0257  0.0258  0.0251  0.0275  0.0282  0.0266  0.0255  0.0264  0.0257  0.0260  0.0244  0.0248
registration optimization eta report
parameter search radius
    2.4000    2.7600    2.7600    9.5220   10.9503    9.5220
    7.2000    7.2000    8.2800    8.2800    7.2000    8.2800
100000*second partial in parameter space
       40.       32.       21.        4.        4.        3.
        4.        6.        3.        4.        2.        2.
  0.0258  0.0260  0.0250  0.0266  0.0274  0.0262  0.0254  0.0264  0.0256  0.0260  0.0244  0.0248
  0.0245  0.0246  0.0242  0.0252  0.0257  0.0249  0.0244  0.0248  0.0245  0.0247  0.0239  0.0241
  0.0237  0.0237  0.0236  0.0242  0.0243  0.0239  0.0237  0.0239  0.0237  0.0238  0.0235  0.0236
  0.0234  0.0234  0.0234  0.0234  0.0235  0.0235  0.0235  0.0235  0.0235  0.0235  0.0235  0.0235
  0.0237  0.0237  0.0236  0.0233  0.0236  0.0237  0.0237  0.0238  0.0237  0.0236  0.0236  0.0236
  0.0245  0.0245  0.0242  0.0245  0.0251  0.0245  0.0244  0.0247  0.0245  0.0244  0.0239  0.0241
  0.0257  0.0258  0.0251  0.0275  0.0282  0.0266  0.0255  0.0264  0.0257  0.0260  0.0244  0.0248
    0.8386   17.7638   10.1653  -13.4549  -18.3944  -14.6142
   10.1098   -0.0716  -10.2406    7.7714   -0.0015  -10.8039
eta,q 0.97654  7.44162

---------------------------------------------------------------------
imgreg_4dfp /opt/freesurfer/average/711-2C_as_mni_average_305 /opt/freesurfer/average/711-2B_as_mni_average_305_mask talsrcimg_g11 none talsrcimg_to_711-2C_as_mni_average_305_t4 2311
---------------------------------------------------------------------

freesurfer imgreg_4dfp.c
/opt/freesurfer/average/711-2C_as_mni_average_305.4dfp.img
       256       256       256         1
  1.000000  1.000000  1.000000
orientation T byte_order littleendian
Reading image: /opt/freesurfer/average/711-2C_as_mni_average_305.4dfp.img
dimensions:      256       256       256
mmppix:       1.0000   -1.0000   -1.0000
center:     128.0000 -129.0000 -129.0000
/opt/freesurfer/average/711-2B_as_mni_average_305_mask.4dfp.img
       256       256       256         1
  1.000000  1.000000  1.000000
orientation T byte_order littleendian
Reading mask: /opt/freesurfer/average/711-2B_as_mni_average_305_mask.4dfp.img (2306576 pixels)
talsrcimg_g11.4dfp.img
       256       256       256         1
  1.000000  1.000000  1.000000
orientation T byte_order littleendian
Reading image: talsrcimg_g11.4dfp.img
dimensions:      256       256       256
mmppix:       1.0000   -1.0000   -1.0000
center:     128.0000 -129.0000 -129.0000
fimgreg.f
image alignment mode   2311 decimal      907 hex
parameters
    0.8386   17.7638   10.1653  -13.4549  -18.3944  -14.6142
   10.1098   -0.0716  -10.2406    7.7714   -0.0015  -10.8039
eta,q 0.97654  7.44162
niter,ni,del,rscale     5    3    5.0000    0.8000
parameters
    0.8413   17.7594   10.1606  -11.4938  -17.2278  -13.9131
   10.2391    0.1105  -10.1382    7.4425   -0.0710  -10.9678
eta,q 0.97688  7.57870
  0.0245  0.0243  0.0240  0.0247  0.0246  0.0241  0.0243  0.0248  0.0240  0.0239  0.0236  0.0236
  0.0239  0.0238  0.0237  0.0242  0.0240  0.0237  0.0237  0.0240  0.0236  0.0235  0.0233  0.0233
  0.0236  0.0236  0.0235  0.0238  0.0235  0.0233  0.0233  0.0234  0.0232  0.0232  0.0232  0.0232
  0.0235  0.0235  0.0235  0.0235  0.0232  0.0231  0.0231  0.0231  0.0231  0.0231  0.0231  0.0231
  0.0236  0.0236  0.0235  0.0232  0.0231  0.0232  0.0232  0.0233  0.0232  0.0232  0.0232  0.0232
  0.0239  0.0239  0.0237  0.0233  0.0233  0.0234  0.0236  0.0238  0.0235  0.0236  0.0234  0.0234
  0.0245  0.0243  0.0240  0.0237  0.0238  0.0237  0.0242  0.0246  0.0240  0.0242  0.0236  0.0237
niter,ni,del,rscale     4    3    5.0000    0.7000
parameters
    0.7757   17.6017   10.1894  -11.7688  -17.0077  -13.7171
   10.2811    0.0434  -10.0680    7.2069   -0.1045  -10.8687
eta,q 0.97688  7.58121
  0.0240  0.0237  0.0236  0.0239  0.0240  0.0238  0.0240  0.0243  0.0238  0.0238  0.0235  0.0235
  0.0235  0.0233  0.0233  0.0235  0.0236  0.0234  0.0235  0.0237  0.0234  0.0234  0.0233  0.0233
  0.0232  0.0231  0.0232  0.0233  0.0233  0.0232  0.0232  0.0233  0.0232  0.0232  0.0232  0.0232
  0.0231  0.0231  0.0231  0.0231  0.0231  0.0231  0.0231  0.0231  0.0231  0.0231  0.0231  0.0231
  0.0233  0.0233  0.0232  0.0232  0.0232  0.0232  0.0232  0.0233  0.0232  0.0232  0.0232  0.0232
  0.0236  0.0236  0.0233  0.0236  0.0234  0.0234  0.0235  0.0237  0.0234  0.0235  0.0233  0.0233
  0.0242  0.0240  0.0236  0.0243  0.0239  0.0236  0.0240  0.0244  0.0238  0.0240  0.0235  0.0235
niter,ni,del,rscale     3    3    5.0000    0.6000
parameters
    0.7598   17.5367   10.2349  -11.6226  -16.8747  -13.7153
   10.2986    0.0205  -10.0431    7.0613   -0.1404  -10.7688
eta,q 0.97689  7.59011
  0.0238  0.0236  0.0235  0.0238  0.0238  0.0236  0.0238  0.0240  0.0236  0.0236  0.0234  0.0234
  0.0234  0.0233  0.0233  0.0235  0.0234  0.0233  0.0234  0.0235  0.0233  0.0233  0.0232  0.0232
  0.0232  0.0232  0.0232  0.0233  0.0232  0.0231  0.0232  0.0232  0.0232  0.0232  0.0231  0.0231
  0.0231  0.0231  0.0231  0.0231  0.0231  0.0231  0.0231  0.0231  0.0231  0.0231  0.0231  0.0231
  0.0232  0.0232  0.0232  0.0231  0.0231  0.0232  0.0232  0.0232  0.0232  0.0232  0.0231  0.0231
  0.0234  0.0234  0.0232  0.0233  0.0233  0.0233  0.0234  0.0235  0.0233  0.0234  0.0232  0.0232
  0.0238  0.0237  0.0234  0.0238  0.0237  0.0235  0.0238  0.0241  0.0236  0.0237  0.0234  0.0234
niter,ni,del,rscale     2    3    5.0000    0.5000
parameters
    0.7434   17.4899   10.2536  -11.4893  -16.7758  -13.7701
   10.3083   -0.0053  -10.0142    6.9827   -0.1856  -10.6768
eta,q 0.97690  7.59566
  0.0236  0.0234  0.0234  0.0236  0.0236  0.0234  0.0236  0.0237  0.0234  0.0234  0.0233  0.0233
  0.0233  0.0232  0.0232  0.0234  0.0233  0.0232  0.0233  0.0234  0.0233  0.0233  0.0232  0.0232
  0.0232  0.0231  0.0231  0.0232  0.0232  0.0231  0.0232  0.0232  0.0231  0.0231  0.0231  0.0231
  0.0231  0.0231  0.0231  0.0231  0.0231  0.0231  0.0231  0.0231  0.0231  0.0231  0.0231  0.0231
  0.0232  0.0232  0.0231  0.0231  0.0231  0.0232  0.0231  0.0232  0.0231  0.0231  0.0231  0.0231
  0.0233  0.0233  0.0232  0.0233  0.0233  0.0233  0.0233  0.0234  0.0232  0.0233  0.0232  0.0232
  0.0236  0.0235  0.0233  0.0236  0.0235  0.0234  0.0236  0.0238  0.0234  0.0235  0.0233  0.0233
niter,ni,del,rscale     1    3    5.0000    0.4000
parameters
    0.7319   17.4631   10.2634  -11.3790  -16.7189  -13.8475
   10.3140   -0.0230  -10.0066    6.9316   -0.1955  -10.6066
eta,q 0.97691  7.59847
  0.0234  0.0233  0.0233  0.0234  0.0234  0.0233  0.0234  0.0235  0.0233  0.0233  0.0232  0.0232
  0.0232  0.0232  0.0232  0.0233  0.0232  0.0232  0.0232  0.0233  0.0232  0.0232  0.0231  0.0232
  0.0231  0.0231  0.0231  0.0232  0.0231  0.0231  0.0231  0.0231  0.0231  0.0231  0.0231  0.0231
  0.0231  0.0231  0.0231  0.0231  0.0231  0.0231  0.0231  0.0231  0.0231  0.0231  0.0231  0.0231
  0.0231  0.0231  0.0231  0.0231  0.0231  0.0231  0.0231  0.0231  0.0231  0.0231  0.0231  0.0231
  0.0232  0.0232  0.0232  0.0232  0.0232  0.0232  0.0232  0.0233  0.0232  0.0232  0.0232  0.0231
  0.0234  0.0233  0.0232  0.0234  0.0234  0.0233  0.0234  0.0235  0.0233  0.0233  0.0232  0.0232
registration optimization eta report
parameter search radius
    0.8000    0.8000    0.8000    2.4000    2.4000    2.4000
    2.4000    2.4000    2.4000    2.4000    2.4000    2.4000
100000*second partial in parameter space
       49.       37.       24.        6.        5.        4.
        5.        7.        4.        4.        2.        2.
  0.0234  0.0233  0.0233  0.0234  0.0234  0.0233  0.0234  0.0235  0.0233  0.0233  0.0232  0.0232
  0.0232  0.0232  0.0232  0.0233  0.0232  0.0232  0.0232  0.0233  0.0232  0.0232  0.0231  0.0232
  0.0231  0.0231  0.0231  0.0232  0.0231  0.0231  0.0231  0.0231  0.0231  0.0231  0.0231  0.0231
  0.0231  0.0231  0.0231  0.0231  0.0231  0.0231  0.0231  0.0231  0.0231  0.0231  0.0231  0.0231
  0.0231  0.0231  0.0231  0.0231  0.0231  0.0231  0.0231  0.0231  0.0231  0.0231  0.0231  0.0231
  0.0232  0.0232  0.0232  0.0232  0.0232  0.0232  0.0232  0.0233  0.0232  0.0232  0.0232  0.0231
  0.0234  0.0233  0.0232  0.0234  0.0234  0.0233  0.0234  0.0235  0.0233  0.0233  0.0232  0.0232
    0.7319   17.4631   10.2634  -11.3790  -16.7189  -13.8475
   10.3140   -0.0230  -10.0066    6.9316   -0.1955  -10.6066
eta,q 0.97691  7.59847

---------------------------------------------------------------------
imgreg_4dfp /opt/freesurfer/average/711-2C_as_mni_average_305 /opt/freesurfer/average/711-2B_as_mni_average_305_mask talsrcimg_g11 none talsrcimg_to_711-2C_as_mni_average_305_t4 2311
---------------------------------------------------------------------

freesurfer imgreg_4dfp.c
/opt/freesurfer/average/711-2C_as_mni_average_305.4dfp.img
       256       256       256         1
  1.000000  1.000000  1.000000
orientation T byte_order littleendian
Reading image: /opt/freesurfer/average/711-2C_as_mni_average_305.4dfp.img
dimensions:      256       256       256
mmppix:       1.0000   -1.0000   -1.0000
center:     128.0000 -129.0000 -129.0000
/opt/freesurfer/average/711-2B_as_mni_average_305_mask.4dfp.img
       256       256       256         1
  1.000000  1.000000  1.000000
orientation T byte_order littleendian
Reading mask: /opt/freesurfer/average/711-2B_as_mni_average_305_mask.4dfp.img (2306576 pixels)
talsrcimg_g11.4dfp.img
       256       256       256         1
  1.000000  1.000000  1.000000
orientation T byte_order littleendian
Reading image: talsrcimg_g11.4dfp.img
dimensions:      256       256       256
mmppix:       1.0000   -1.0000   -1.0000
center:     128.0000 -129.0000 -129.0000
fimgreg.f
image alignment mode   2311 decimal      907 hex
parameters
    0.7319   17.4631   10.2634  -11.3790  -16.7189  -13.8475
   10.3140   -0.0230  -10.0066    6.9316   -0.1955  -10.6066
eta,q 0.97691  7.59848
niter,ni,del,rscale     5    3    5.0000    0.8000
parameters
    0.7211   17.4556   10.2579  -11.8825  -16.8813  -13.6617
   10.2981   -0.0679   -9.9840    6.8418   -0.1298  -10.7277
eta,q 0.97687  7.58049
  0.0243  0.0240  0.0237  0.0240  0.0241  0.0240  0.0242  0.0247  0.0240  0.0240  0.0236  0.0236
  0.0236  0.0235  0.0234  0.0236  0.0236  0.0235  0.0236  0.0239  0.0235  0.0235  0.0233  0.0233
  0.0232  0.0232  0.0232  0.0233  0.0233  0.0232  0.0233  0.0233  0.0232  0.0232  0.0232  0.0232
  0.0231  0.0231  0.0231  0.0231  0.0231  0.0231  0.0231  0.0231  0.0231  0.0231  0.0231  0.0231
  0.0232  0.0232  0.0232  0.0232  0.0232  0.0232  0.0232  0.0233  0.0232  0.0232  0.0232  0.0232
  0.0237  0.0235  0.0234  0.0238  0.0236  0.0235  0.0236  0.0239  0.0235  0.0235  0.0233  0.0234
  0.0244  0.0240  0.0237  0.0248  0.0243  0.0238  0.0243  0.0248  0.0240  0.0241  0.0236  0.0237
niter,ni,del,rscale     4    3    5.0000    0.7000
parameters
    0.7350   17.4528   10.2842  -11.7309  -16.8059  -13.6112
   10.3097   -0.0514   -9.9949    6.8488   -0.1530  -10.7109
eta,q 0.97689  7.59062
  0.0241  0.0238  0.0236  0.0240  0.0240  0.0237  0.0240  0.0244  0.0238  0.0238  0.0235  0.0235
  0.0236  0.0234  0.0233  0.0236  0.0235  0.0234  0.0235  0.0237  0.0234  0.0235  0.0233  0.0233
  0.0232  0.0232  0.0232  0.0233  0.0233  0.0232  0.0232  0.0233  0.0232  0.0232  0.0231  0.0232
  0.0231  0.0231  0.0231  0.0231  0.0231  0.0231  0.0231  0.0231  0.0231  0.0231  0.0231  0.0231
  0.0232  0.0232  0.0232  0.0231  0.0232  0.0232  0.0232  0.0233  0.0232  0.0232  0.0232  0.0231
  0.0235  0.0234  0.0233  0.0234  0.0234  0.0234  0.0235  0.0237  0.0234  0.0234  0.0233  0.0233
  0.0240  0.0238  0.0236  0.0240  0.0240  0.0237  0.0240  0.0244  0.0238  0.0239  0.0235  0.0235
niter,ni,del,rscale     3    3    5.0000    0.6000
parameters
    0.7295   17.4407   10.2891  -11.5961  -16.7424  -13.6625
   10.3130   -0.0468   -9.9985    6.8413   -0.1683  -10.6759
eta,q 0.97690  7.59586
  0.0238  0.0236  0.0235  0.0238  0.0237  0.0236  0.0238  0.0240  0.0236  0.0236  0.0234  0.0234
  0.0234  0.0233  0.0233  0.0235  0.0234  0.0233  0.0234  0.0235  0.0233  0.0234  0.0232  0.0232
  0.0232  0.0232  0.0232  0.0233  0.0232  0.0231  0.0232  0.0232  0.0232  0.0232  0.0231  0.0231
  0.0231  0.0231  0.0231  0.0231  0.0231  0.0231  0.0231  0.0231  0.0231  0.0231  0.0231  0.0231
  0.0232  0.0232  0.0232  0.0231  0.0231  0.0232  0.0232  0.0232  0.0232  0.0232  0.0231  0.0231
  0.0234  0.0234  0.0233  0.0233  0.0234  0.0233  0.0234  0.0235  0.0233  0.0233  0.0232  0.0232
  0.0238  0.0236  0.0235  0.0238  0.0237  0.0235  0.0238  0.0241  0.0236  0.0237  0.0234  0.0234
niter,ni,del,rscale     2    3    5.0000    0.5000
parameters
    0.7257   17.4305   10.2865  -11.4781  -16.7014  -13.7509
   10.3191   -0.0370   -9.9904    6.8406   -0.1900  -10.6023
eta,q 0.97690  7.59828
  0.0236  0.0235  0.0233  0.0236  0.0235  0.0234  0.0236  0.0238  0.0234  0.0235  0.0233  0.0233
  0.0233  0.0233  0.0232  0.0234  0.0233  0.0232  0.0233  0.0234  0.0232  0.0233  0.0232  0.0232
  0.0232  0.0231  0.0231  0.0232  0.0232  0.0231  0.0232  0.0232  0.0231  0.0231  0.0231  0.0231
  0.0231  0.0231  0.0231  0.0231  0.0231  0.0231  0.0231  0.0231  0.0231  0.0231  0.0231  0.0231
  0.0232  0.0231  0.0231  0.0231  0.0231  0.0232  0.0231  0.0232  0.0231  0.0231  0.0231  0.0231
  0.0233  0.0233  0.0232  0.0233  0.0233  0.0233  0.0233  0.0234  0.0232  0.0233  0.0232  0.0232
  0.0236  0.0235  0.0233  0.0236  0.0235  0.0234  0.0236  0.0238  0.0234  0.0235  0.0233  0.0233
niter,ni,del,rscale     1    3    5.0000    0.4000
parameters
    0.7235   17.4260   10.2763  -11.3698  -16.6690  -13.8453
   10.3112   -0.0389   -9.9829    6.8476   -0.2180  -10.5702
eta,q 0.97691  7.59989
  0.0234  0.0233  0.0232  0.0234  0.0234  0.0233  0.0234  0.0235  0.0233  0.0233  0.0232  0.0232
  0.0232  0.0232  0.0232  0.0233  0.0232  0.0232  0.0232  0.0233  0.0232  0.0232  0.0231  0.0232
  0.0231  0.0231  0.0231  0.0232  0.0231  0.0231  0.0231  0.0231  0.0231  0.0231  0.0231  0.0231
  0.0231  0.0231  0.0231  0.0231  0.0231  0.0231  0.0231  0.0231  0.0231  0.0231  0.0231  0.0231
  0.0231  0.0231  0.0231  0.0231  0.0231  0.0231  0.0231  0.0231  0.0231  0.0231  0.0231  0.0231
  0.0232  0.0232  0.0232  0.0232  0.0232  0.0232  0.0232  0.0233  0.0232  0.0232  0.0231  0.0231
  0.0234  0.0233  0.0233  0.0234  0.0234  0.0233  0.0234  0.0235  0.0233  0.0233  0.0232  0.0232
registration optimization eta report
parameter search radius
    0.8000    0.8000    0.8000    2.4000    2.4000    2.4000
    2.4000    2.4000    2.4000    2.4000    2.4000    2.4000
100000*second partial in parameter space
       49.       36.       24.        6.        5.        4.
        5.        7.        4.        4.        2.        2.
  0.0234  0.0233  0.0232  0.0234  0.0234  0.0233  0.0234  0.0235  0.0233  0.0233  0.0232  0.0232
  0.0232  0.0232  0.0232  0.0233  0.0232  0.0232  0.0232  0.0233  0.0232  0.0232  0.0231  0.0232
  0.0231  0.0231  0.0231  0.0232  0.0231  0.0231  0.0231  0.0231  0.0231  0.0231  0.0231  0.0231
  0.0231  0.0231  0.0231  0.0231  0.0231  0.0231  0.0231  0.0231  0.0231  0.0231  0.0231  0.0231
  0.0231  0.0231  0.0231  0.0231  0.0231  0.0231  0.0231  0.0231  0.0231  0.0231  0.0231  0.0231
  0.0232  0.0232  0.0232  0.0232  0.0232  0.0232  0.0232  0.0233  0.0232  0.0232  0.0231  0.0231
  0.0234  0.0233  0.0233  0.0234  0.0234  0.0233  0.0234  0.0235  0.0233  0.0233  0.0232  0.0232
    0.7235   17.4260   10.2763  -11.3698  -16.6690  -13.8453
   10.3112   -0.0389   -9.9829    6.8476   -0.2180  -10.5702
eta,q 0.97691  7.59989

---------------------------------------------------------------------
compute_vox2vox talsrcimg talsrcimg_to_711-2C_as_mni_average_305_t4 /opt/freesurfer/average/711-2C_as_mni_average_305
---------------------------------------------------------------------

freesurfer compute_vox2vox.c
Reading: talsrcimg.4dfp.ifh
Reading: talsrcimg_to_711-2C_as_mni_average_305_t4
Reading: /opt/freesurfer/average/711-2C_as_mni_average_305.4dfp.ifh
Writing: talsrcimg_to_711-2C_as_mni_average_305_t4_vox2vox.txt

start time Thu Mar 12 10:47:50 CET 2026
end		time Thu Mar 12 10:49:18 CET 2026

mpr2mni305 success

avi2talxfm orig_nu.mgz /opt/freesurfer/average/mni305.cor.mgz talsrcimg_to_711-2C_as_mni_average_305_t4_vox2vox.txt transforms/talairach.auto.xfm
avi2talxfm done
mv -f /out/sourcedata/freesurfer/sub-v1s11x0050158_ses-1/mri/talsrcimg_to_711-2C_as_mni_average_305_t4_vox2vox.txt /out/sourcedata/freesurfer/sub-v1s11x0050158_ses-1/mri/transforms/talsrcimg_to_711-2C_as_mni_average_305_t4_vox2vox.txt
lta_convert --src orig_nu.mgz --trg /opt/freesurfer/average/mni305.cor.mgz --inxfm transforms/talairach.auto.xfm --outlta transforms/talairach.auto.xfm.lta --subject fsaverage
7.3.2

--src: orig_nu.mgz src image (geometry).
--trg: /opt/freesurfer/average/mni305.cor.mgz trg image (geometry).
--inmni: transforms/talairach.auto.xfm input MNI/XFM transform.
--outlta: transforms/talairach.auto.xfm.lta output LTA.
--s: fsaverage subject name
 LTA read, type : 1
 1.11296   0.01133  -0.13628  -2.68663;
 0.01898   1.14931   0.14344  -27.43020;
 0.13177  -0.09308   1.17192  -30.70093;
 0.00000   0.00000   0.00000   1.00000;
setting subject to fsaverage
Writing  LTA to file transforms/talairach.auto.xfm.lta...
lta_convert successful.
 
 
Started at Thu Mar 12 10:47:50 CET 2026
Ended   at Thu Mar 12 10:49:18 CET 2026
talairach_avi done
