/out/sourcedata/freesurfer/sub-v1s11x0050148_ses-1/mri
/opt/freesurfer/bin/talairach_avi
--i orig_nu.mgz --xfm transforms/talairach.auto.xfm
talairach_avi 7.3.2
Linux dna013 5.14.0-427.37.1.el9_4.x86_64 #1 SMP PREEMPT_DYNAMIC Fri Sep 13 12:41:50 EDT 2024 x86_64 x86_64 x86_64 GNU/Linux
Thu Mar 12 10:12:18 CET 2026
mri_convert orig_nu.mgz talsrcimg.img 
reading from orig_nu.mgz...
TR=0.00, TE=0.00, TI=0.00, flip angle=0.00
i_ras = (-1, 0, 0)
j_ras = (0, 0, -1)
k_ras = (0, 1, 0)
writing to talsrcimg.img...
Analyze Output Matrix
-1.00000   0.00000   0.00000   124.99467;
 0.00000   0.00000   1.00000  -115.48747;
 0.00000  -1.00000   0.00000   148.37785;
 0.00000   0.00000   0.00000   1.00000;
--------------------
INFO: set hdr.hist.orient to -1
mpr2mni305 talsrcimg
Thu Mar 12 10:12:19 CET 2026
/opt/freesurfer/bin/mpr2mni305 talsrcimg
mpr2mni305 7.3.2
target=711-2C_as_mni_average_305

---------------------------------------------------------------------
analyzeto4dfp talsrcimg -O0 -y
---------------------------------------------------------------------

freesurfer ifh2hdr.c
Thu Mar 12 10:12:19 2026
Writing: talsrcimg.4dfp.hdr
freesurfer analyzeto4dfp.c
Reading: talsrcimg.hdr
header size 348 bytes
hdr.dime.datatype	offset=70	value=2
hdr.dime.bitpix		offset=72	value=8
hdr.hist.orient		offset=252	value=-1
dimensionality     4
dimensions       256       256       256         1
Reading: talsrcimg.img
Writing: talsrcimg.4dfp.img
Writing: talsrcimg.4dfp.ifh
ifh2hdr talsrcimg -r0to223
ori=2

---------------------------------------------------------------------
gauss_4dfp talsrcimg 1.1
---------------------------------------------------------------------

freesurfer gauss_4dfp.c
Reading: talsrcimg.4dfp.img
Writing: talsrcimg_g11.4dfp.img
image dimensions 256 256 256 padded to 288 288 288
processing volume 1freesurfer ifh2hdr.c
Thu Mar 12 10:12:21 2026
Writing: talsrcimg_g11.4dfp.hdr

Writing: talsrcimg_g11.4dfp.ifh
including: talsrcimg.4dfp.img.rec in talsrcimg_g11.4dfp.img.rec

---------------------------------------------------------------------
imgreg_4dfp /opt/freesurfer/average/711-2C_as_mni_average_305 none talsrcimg_g11 none talsrcimg_to_711-2C_as_mni_average_305_t4 4355
---------------------------------------------------------------------

freesurfer imgreg_4dfp.c
/opt/freesurfer/average/711-2C_as_mni_average_305.4dfp.img
       256       256       256         1
  1.000000  1.000000  1.000000
orientation T byte_order littleendian
Reading image: /opt/freesurfer/average/711-2C_as_mni_average_305.4dfp.img
dimensions:      256       256       256
mmppix:       1.0000   -1.0000   -1.0000
center:     128.0000 -129.0000 -129.0000
talsrcimg_g11.4dfp.img
       256       256       256         1
  1.000000  1.000000  1.000000
orientation T byte_order littleendian
Reading image: talsrcimg_g11.4dfp.img
dimensions:      256       256       256
mmppix:       1.0000   -1.0000   -1.0000
center:     128.0000 -129.0000 -129.0000
t4_read: open error in t4_sub.f l:  41 t4_file(1:l)talsrcimg_to_711-2C_as_mni_average_305_t4 
t4_read: transform initialized to I4
rotation matrix determinant  1.000000
image alignment mode   4355 decimal     1103 hex
   -7.5000  -45.0000  -45.0000 8872.8477   12.3284
    0.0000  -45.0000  -45.0000 9310.7217   12.3363
    7.5000  -45.0000  -45.0000 8889.7725   12.3491
   -7.5000  -37.5000  -45.0000 9447.4170   12.2794
    0.0000  -37.5000  -45.0000 9916.8877   12.2869
    7.5000  -37.5000  -45.0000 9447.2500   12.2993
   -7.5000  -30.0000  -45.000010287.0576   12.2541
    0.0000  -30.0000  -45.000010790.7979   12.2608
    7.5000  -30.0000  -45.000010273.7695   12.2724
   -7.5000  -22.5000  -45.000011060.2812   12.2640
    0.0000  -22.5000  -45.000011610.8311   12.2706
    7.5000  -22.5000  -45.000011062.2705   12.2813
   -7.5000  -15.0000  -45.000011756.5938   12.2683
    0.0000  -15.0000  -45.000012352.1172   12.2758
    7.5000  -15.0000  -45.000011764.6748   12.2876
   -7.5000   -7.5000  -45.000012423.2422   12.2640
    0.0000   -7.5000  -45.000013024.2529   12.2724
    7.5000   -7.5000  -45.000012412.1143   12.2856
   -7.5000    0.0000  -45.000012944.3096   12.2544
    0.0000    0.0000  -45.000013566.0479   12.2629
    7.5000    0.0000  -45.000012931.3750   12.2760
   -7.5000    7.5000  -45.000012506.4775   12.2489
    0.0000    7.5000  -45.000013089.3516   12.2566
    7.5000    7.5000  -45.000012472.9404   12.2692
   -7.5000   15.0000  -45.000011917.1064   12.2541
    0.0000   15.0000  -45.000012481.4619   12.2608
    7.5000   15.0000  -45.000011863.8613   12.2724
   -7.5000   22.5000  -45.000011071.8379   12.2623
    0.0000   22.5000  -45.000011596.9346   12.2689
    7.5000   22.5000  -45.000011023.7969   12.2796
   -7.5000   30.0000  -45.000010096.2568   12.1048
    0.0000   30.0000  -45.000010585.5576   12.1122
    7.5000   30.0000  -45.000010056.3281   12.1239
   -7.5000   37.5000  -45.0000 9534.1953   12.1010
    0.0000   37.5000  -45.0000 9972.1699   12.1093
    7.5000   37.5000  -45.0000 9476.8311   12.1224
   -7.5000   45.0000  -45.0000 8692.0635   11.7993
    0.0000   45.0000  -45.0000 9072.9268   11.8076
    7.5000   45.0000  -45.0000 8637.1885   11.8201
   -7.5000  -45.0000  -37.5000 9408.3623   12.3107
    0.0000  -45.0000  -37.5000 9865.0508   12.3178
    7.5000  -45.0000  -37.5000 9405.2129   12.3324
   -7.5000  -37.5000  -37.5000 9996.1875   12.2614
    0.0000  -37.5000  -37.500010495.1074   12.2676
    7.5000  -37.5000  -37.5000 9991.9814   12.2817
   -7.5000  -30.0000  -37.500010863.2959   12.2374
    0.0000  -30.0000  -37.500011411.3428   12.2425
    7.5000  -30.0000  -37.500010857.0781   12.2554
   -7.5000  -22.5000  -37.500011686.2607   12.2488
    0.0000  -22.5000  -37.500012271.3125   12.2539
    7.5000  -22.5000  -37.500011680.4541   12.2656
   -7.5000  -15.0000  -37.500012417.2266   12.2539
    0.0000  -15.0000  -37.500013054.4668   12.2602
    7.5000  -15.0000  -37.500012413.7432   12.2731
   -7.5000   -7.5000  -37.500013110.7471   12.2486
    0.0000   -7.5000  -37.500013754.7441   12.2562
    7.5000   -7.5000  -37.500013077.4463   12.2708
   -7.5000    0.0000  -37.500013650.3838   12.2367
    0.0000    0.0000  -37.500014306.5557   12.2446
    7.5000    0.0000  -37.500013589.8428   12.2593
   -7.5000    7.5000  -37.500013163.8486   12.2307
    0.0000    7.5000  -37.500013765.7871   12.2372
    7.5000    7.5000  -37.500013072.7119   12.2514
   -7.5000   15.0000  -37.500012513.3242   12.2374
    0.0000   15.0000  -37.500013100.2666   12.2425
    7.5000   15.0000  -37.500012442.4248   12.2554
   -7.5000   22.5000  -37.500011630.7803   12.2472
    0.0000   22.5000  -37.500012179.4873   12.2523
    7.5000   22.5000  -37.500011568.5703   12.2639
   -7.5000   30.0000  -37.500010583.3477   12.0906
    0.0000   30.0000  -37.500011080.9102   12.0969
    7.5000   30.0000  -37.500010532.9805   12.1095
   -7.5000   37.5000  -37.5000 9971.2305   12.0857
    0.0000   37.5000  -37.500010406.7080   12.0932
    7.5000   37.5000  -37.5000 9911.0303   12.1077
   -7.5000   45.0000  -37.5000 9078.1240   11.7817
    0.0000   45.0000  -37.5000 9465.5020   11.7893
    7.5000   45.0000  -37.5000 9011.7666   11.8035
   -7.5000  -45.0000  -30.000010101.8154   12.8361
    0.0000  -45.0000  -30.000010595.2080   12.8414
    7.5000  -45.0000  -30.000010075.6279   12.8559
   -7.5000  -37.5000  -30.000010696.3105   12.7866
    0.0000  -37.5000  -30.000011216.4209   12.7900
    7.5000  -37.5000  -30.000010675.6084   12.8040
   -7.5000  -30.0000  -30.000011620.2627   12.7658
    0.0000  -30.0000  -30.000012188.3447   12.7665
    7.5000  -30.0000  -30.000011607.4844   12.7786
   -7.5000  -22.5000  -30.000012482.0010   12.7802
    0.0000  -22.5000  -30.000013090.7832   12.7799
    7.5000  -22.5000  -30.000012461.0703   12.7897
   -7.5000  -15.0000  -30.000013270.0654   12.7841
    0.0000  -15.0000  -30.000013926.7979   12.7858
    7.5000  -15.0000  -30.000013257.9365   12.7968
   -7.5000   -7.5000  -30.000013998.3037   12.7746
    0.0000   -7.5000  -30.000014687.8486   12.7795
    7.5000   -7.5000  -30.000013958.9727   12.7935
   -7.5000    0.0000  -30.000014532.3506   12.7593
    0.0000    0.0000  -30.000015239.3770   12.7653
    7.5000    0.0000  -30.000014471.2627   12.7800
   -7.5000    7.5000  -30.000013973.2627   12.7546
    0.0000    7.5000  -30.000014612.4404   12.7583
    7.5000    7.5000  -30.000013884.7441   12.7724
   -7.5000   15.0000  -30.000013253.8604   12.7658
    0.0000   15.0000  -30.000013868.2520   12.7665
    7.5000   15.0000  -30.000013169.1406   12.7786
   -7.5000   22.5000  -30.000012347.2598   12.7771
    0.0000   22.5000  -30.000012927.9502   12.7768
    7.5000   22.5000  -30.000012268.9873   12.7866
   -7.5000   30.0000  -30.000011234.4990   12.6150
    0.0000   30.0000  -30.000011749.4951   12.6166
    7.5000   30.0000  -30.000011157.3447   12.6275
   -7.5000   37.5000  -30.000010543.0049   12.6058
    0.0000   37.5000  -30.000011006.7529   12.6107
    7.5000   37.5000  -30.000010475.7129   12.6245
   -7.5000   45.0000  -30.0000 9588.9561   12.2930
    0.0000   45.0000  -30.000010001.3145   12.2990
    7.5000   45.0000  -30.0000 9516.9219   12.3131
   -7.5000  -45.0000  -22.500010754.3115   13.2869
    0.0000  -45.0000  -22.500011281.6182   13.2900
    7.5000  -45.0000  -22.500010749.8721   13.3018
   -7.5000  -37.5000  -22.500011367.9082   13.2380
    0.0000  -37.5000  -22.500011915.0430   13.2388
    7.5000  -37.5000  -22.500011338.1064   13.2506
   -7.5000  -30.0000  -22.500012358.9424   13.2193
    0.0000  -30.0000  -22.500012964.2881   13.2162
    7.5000  -30.0000  -22.500012338.6602   13.2259
   -7.5000  -22.5000  -22.500013240.6035   13.2349
    0.0000  -22.5000  -22.500013892.5195   13.2299
    7.5000  -22.5000  -22.500013226.4453   13.2361
   -7.5000  -15.0000  -22.500014061.2783   13.2368
    0.0000  -15.0000  -22.500014771.4619   13.2343
    7.5000  -15.0000  -22.500014056.1689   13.2415
   -7.5000   -7.5000  -22.500014825.4170   13.2240
    0.0000   -7.5000  -22.500015585.4453   13.2261
    7.5000   -7.5000  -22.500014796.4004   13.2370
   -7.5000    0.0000  -22.500015376.7715   13.2078
    0.0000    0.0000  -22.500016155.2432   13.2118
    7.5000    0.0000  -22.500015322.5576   13.2239
   -7.5000    7.5000  -22.500014766.7012   13.2051
    0.0000    7.5000  -22.500015478.0449   13.2063
    7.5000    7.5000  -22.500014679.4248   13.2182
   -7.5000   15.0000  -22.500013964.0186   13.2193
    0.0000   15.0000  -22.500014624.9580   13.2162
    7.5000   15.0000  -22.500013889.6777   13.2259
   -7.5000   22.5000  -22.500012996.8486   13.2308
    0.0000   22.5000  -22.500013607.9678   13.2258
    7.5000   22.5000  -22.500012936.4883   13.2320
   -7.5000   30.0000  -22.500011841.1904   13.0637
    0.0000   30.0000  -22.500012379.3828   13.0611
    7.5000   30.0000  -22.500011761.9473   13.0683
   -7.5000   37.5000  -22.500011116.2129   13.0514
    0.0000   37.5000  -22.500011605.3779   13.0535
    7.5000   37.5000  -22.500011042.8906   13.0642
   -7.5000   45.0000  -22.500010110.8975   12.7346
    0.0000   45.0000  -22.500010533.0078   12.7385
    7.5000   45.0000  -22.500010027.9678   12.7502
   -7.5000  -45.0000  -15.000011392.6758   13.6081
    0.0000  -45.0000  -15.000011949.4912   13.6113
    7.5000  -45.0000  -15.000011393.2695   13.6205
   -7.5000  -37.5000  -15.000012021.9434   13.5580
    0.0000  -37.5000  -15.000012620.8301   13.5592
    7.5000  -37.5000  -15.000012008.2871   13.5690
   -7.5000  -30.0000  -15.000013053.8350   13.5371
    0.0000  -30.0000  -15.000013719.9697   13.5344
    7.5000  -30.0000  -15.000013051.5186   13.5423
   -7.5000  -22.5000  -15.000013962.1387   13.5517
    0.0000  -22.5000  -15.000014668.9873   13.5467
    7.5000  -22.5000  -15.000013963.0449   13.5511
   -7.5000  -15.0000  -15.000014800.9951   13.5533
    0.0000  -15.0000  -15.000015557.6494   13.5506
    7.5000  -15.0000  -15.000014812.9775   13.5557
   -7.5000   -7.5000  -15.000015588.2715   13.5416
    0.0000   -7.5000  -15.000016403.6367   13.5435
    7.5000   -7.5000  -15.000015577.7344   13.5519
   -7.5000    0.0000  -15.000016214.5205   13.5274
    0.0000    0.0000  -15.000017063.1191   13.5314
    7.5000    0.0000  -15.000016169.2178   13.5410
   -7.5000    7.5000  -15.000015525.0664   13.5246
    0.0000    7.5000  -15.000016345.8232   13.5261
    7.5000    7.5000  -15.000015471.5820   13.5360
   -7.5000   15.0000  -15.000014674.4189   13.5371
    0.0000   15.0000  -15.000015395.5107   13.5344
    7.5000   15.0000  -15.000014612.4932   13.5423
   -7.5000   22.5000  -15.000013664.8965   13.5469
    0.0000   22.5000  -15.000014310.0615   13.5419
    7.5000   22.5000  -15.000013613.2490   13.5463
   -7.5000   30.0000  -15.000012453.3594   13.3779
    0.0000   30.0000  -15.000013039.4023   13.3753
    7.5000   30.0000  -15.000012388.3281   13.3802
   -7.5000   37.5000  -15.000011698.2061   13.3668
    0.0000   37.5000  -15.000012222.9287   13.3687
    7.5000   37.5000  -15.000011619.1328   13.3770
   -7.5000   45.0000  -15.000010629.5225   13.0511
    0.0000   45.0000  -15.000011081.1934   13.0551
    7.5000   45.0000  -15.000010538.1621   13.0644
   -7.5000  -45.0000   -7.500012077.3994   13.7564
    0.0000  -45.0000   -7.500012664.5752   13.7627
    7.5000  -45.0000   -7.500012086.1182   13.7734
   -7.5000  -37.5000   -7.500012720.7432   13.7038
    0.0000  -37.5000   -7.500013376.6367   13.7092
    7.5000  -37.5000   -7.500012738.7783   13.7198
   -7.5000  -30.0000   -7.500013797.0098   13.6784
    0.0000  -30.0000   -7.500014528.5215   13.6812
    7.5000  -30.0000   -7.500013831.0615   13.6907
   -7.5000  -22.5000   -7.500014766.1758   13.6905
    0.0000  -22.5000   -7.500015513.5430   13.6919
    7.5000  -22.5000   -7.500014787.9658   13.6991
   -7.5000  -15.0000   -7.500015622.9609   13.6933
    0.0000  -15.0000   -7.500016398.7754   13.6965
    7.5000  -15.0000   -7.500015668.6768   13.7046
   -7.5000   -7.5000   -7.500016428.6816   13.6858
    0.0000   -7.5000   -7.500017258.0078   13.6918
    7.5000   -7.5000   -7.500016459.8301   13.7023
   -7.5000    0.0000   -7.500017091.6836   13.6746
    0.0000    0.0000   -7.500017973.8281   13.6816
    7.5000    0.0000   -7.500017096.9883   13.6926
   -7.5000    7.5000   -7.500016342.3506   13.6701
    0.0000    7.5000   -7.500017207.2031   13.6758
    7.5000    7.5000   -7.500016329.3496   13.6865
   -7.5000   15.0000   -7.500015417.9990   13.6784
    0.0000   15.0000   -7.500016202.2168   13.6812
    7.5000   15.0000   -7.500015370.6074   13.6907
   -7.5000   22.5000   -7.500014334.4375   13.6841
    0.0000   22.5000   -7.500015037.7979   13.6856
    7.5000   22.5000   -7.500014291.9629   13.6928
   -7.5000   30.0000   -7.500013066.6592   13.5158
    0.0000   30.0000   -7.500013692.4004   13.5189
    7.5000   30.0000   -7.500013006.6689   13.5269
   -7.5000   37.5000   -7.500012297.8506   13.5088
    0.0000   37.5000   -7.500012867.2139   13.5148
    7.5000   37.5000   -7.500012229.0146   13.5252
   -7.5000   45.0000   -7.500011159.9111   13.1963
    0.0000   45.0000   -7.500011664.1885   13.2033
    7.5000   45.0000   -7.500011072.0566   13.2138
   -7.5000  -45.0000    0.000012637.7549   13.7726
    0.0000  -45.0000    0.000013251.7363   13.7813
    7.5000  -45.0000    0.000012669.7607   13.7956
   -7.5000  -37.5000    0.000013311.6855   13.7179
    0.0000  -37.5000    0.000013968.4092   13.7262
    7.5000  -37.5000    0.000013367.4922   13.7400
   -7.5000  -30.0000    0.000014433.1025   13.6896
    0.0000  -30.0000    0.000015165.9541   13.6971
    7.5000  -30.0000    0.000014500.1494   13.7099
   -7.5000  -22.5000    0.000015458.4531   13.7006
    0.0000  -22.5000    0.000016214.3721   13.7079
    7.5000  -22.5000    0.000015514.5645   13.7197
   -7.5000  -15.0000    0.000016392.7734   13.7054
    0.0000  -15.0000    0.000017208.0273   13.7138
    7.5000  -15.0000    0.000016500.7676   13.7268
   -7.5000   -7.5000    0.000017276.4082   13.7007
    0.0000   -7.5000    0.000018093.5801   13.7100
    7.5000   -7.5000    0.000017381.5586   13.7247
   -7.5000    0.0000    0.000017950.5020   13.6901
    0.0000    0.0000    0.000018804.9629   13.6996
    7.5000    0.0000    0.000018009.9590   13.7141
   -7.5000    7.5000    0.000017127.8848   13.6839
    0.0000    7.5000    0.000017966.6543   13.6925
    7.5000    7.5000    0.000017119.7051   13.7064
   -7.5000   15.0000    0.000016113.7314   13.6896
    0.0000   15.0000    0.000016899.5586   13.6971
    7.5000   15.0000    0.000016049.8223   13.7099
   -7.5000   22.5000    0.000014968.7354   13.6943
    0.0000   22.5000    0.000015698.0791   13.7016
    7.5000   22.5000    0.000014880.6719   13.7134
   -7.5000   30.0000    0.000013633.6494   13.5280
    0.0000   30.0000    0.000014290.9287   13.5363
    7.5000   30.0000    0.000013546.9307   13.5491
   -7.5000   37.5000    0.000012842.2471   13.5239
    0.0000   37.5000    0.000013463.1494   13.5331
    7.5000   37.5000    0.000012753.1143   13.5476
   -7.5000   45.0000    0.000011639.1650   13.2126
    0.0000   45.0000    0.000012191.4551   13.2219
    7.5000   45.0000    0.000011551.7979   13.2358
   -7.5000  -45.0000    7.500012217.4170   13.7743
    0.0000  -45.0000    7.500012800.4346   13.7823
    7.5000  -45.0000    7.500012275.3066   13.7986
   -7.5000  -37.5000    7.500012870.0156   13.7191
    0.0000  -37.5000    7.500013486.6406   13.7261
    7.5000  -37.5000    7.500012947.6875   13.7418
   -7.5000  -30.0000    7.500013927.2148   13.6922
    0.0000  -30.0000    7.500014575.2998   13.6980
    7.5000  -30.0000    7.500014025.8057   13.7124
   -7.5000  -22.5000    7.500014914.6650   13.7051
    0.0000  -22.5000    7.500015606.4053   13.7108
    7.5000  -22.5000    7.500015008.1885   13.7238
   -7.5000  -15.0000    7.500015871.9082   13.7108
    0.0000  -15.0000    7.500016657.4004   13.7179
    7.5000  -15.0000    7.500015938.2588   13.7322
   -7.5000   -7.5000    7.500016833.7930   13.7048
    0.0000   -7.5000    7.500017605.0234   13.7133
    7.5000   -7.5000    7.500016823.8125   13.7297
   -7.5000    0.0000    7.500017467.5508   13.6915
    0.0000    0.0000    7.500018248.3516   13.7003
    7.5000    0.0000    7.500017417.2988   13.7168
   -7.5000    7.5000    7.500016624.9043   13.6848
    0.0000    7.5000    7.500017354.1348   13.6921
    7.5000    7.5000    7.500016538.3418   13.7079
   -7.5000   15.0000    7.500015577.5967   13.6922
    0.0000   15.0000    7.500016257.7324   13.6980
    7.5000   15.0000    7.500015487.9482   13.7124
   -7.5000   22.5000    7.500014421.3535   13.6988
    0.0000   22.5000    7.500015031.5156   13.7045
    7.5000   22.5000    7.500014340.1836   13.7175
   -7.5000   30.0000    7.500013157.4639   13.5333
    0.0000   30.0000    7.500013714.1191   13.5403
    7.5000   30.0000    7.500013070.9170   13.5545
   -7.5000   37.5000    7.500012379.0020   13.5279
    0.0000   37.5000    7.500012927.7939   13.5363
    7.5000   37.5000    7.500012298.6602   13.5524
   -7.5000   45.0000    7.500011202.0078   13.2134
    0.0000   45.0000    7.500011714.1104   13.2220
    7.5000   45.0000    7.500011134.1641   13.2379
   -7.5000  -45.0000   15.000011607.4717   13.7944
    0.0000  -45.0000   15.000012197.8896   13.8001
    7.5000  -45.0000   15.000011663.5449   13.8156
   -7.5000  -37.5000   15.000012239.3496   13.7411
    0.0000  -37.5000   15.000012840.1709   13.7448
    7.5000  -37.5000   15.000012307.5732   13.7598
   -7.5000  -30.0000   15.000013256.9395   13.7187
    0.0000  -30.0000   15.000013885.6074   13.7195
    7.5000  -30.0000   15.000013331.2002   13.7325
   -7.5000  -22.5000   15.000014263.4531   13.7342
    0.0000  -22.5000   15.000014934.6885   13.7339
    7.5000  -22.5000   15.000014314.9160   13.7444
   -7.5000  -15.0000   15.000015199.5117   13.7385
    0.0000  -15.0000   15.000015939.1348   13.7402
    7.5000  -15.0000   15.000015223.9512   13.7521
   -7.5000   -7.5000   15.000016088.2139   13.7282
    0.0000   -7.5000   15.000016836.6699   13.7335
    7.5000   -7.5000   15.000016051.6211   13.7485
   -7.5000    0.0000   15.000016729.9258   13.7117
    0.0000    0.0000   15.000017507.5664   13.7182
    7.5000    0.0000   15.000016673.8066   13.7340
   -7.5000    7.5000   15.000015937.0127   13.7067
    0.0000    7.5000   15.000016706.8301   13.7107
    7.5000    7.5000   15.000015875.2539   13.7259
   -7.5000   15.0000   15.000014886.2061   13.7187
    0.0000   15.0000   15.000015586.3633   13.7195
    7.5000   15.0000   15.000014831.5371   13.7325
   -7.5000   22.5000   15.000013745.1045   13.7279
    0.0000   22.5000   15.000014363.0391   13.7276
    7.5000   22.5000   15.000013691.1162   13.7381
   -7.5000   30.0000   15.000012530.8174   13.5607
    0.0000   30.0000   15.000013066.3213   13.5624
    7.5000   30.0000   15.000012470.0049   13.5741
   -7.5000   37.5000   15.000011777.1055   13.5509
    0.0000   37.5000   15.000012281.5088   13.5561
    7.5000   37.5000   15.000011707.5342   13.5709
   -7.5000   45.0000   15.000010654.3721   13.2321
    0.0000   45.0000   15.000011097.9941   13.2385
    7.5000   45.0000   15.000010599.8877   13.2536
   -7.5000  -45.0000   22.500010908.2266   13.8544
    0.0000  -45.0000   22.500011463.1729   13.8575
    7.5000  -45.0000   22.500010953.2158   13.8698
   -7.5000  -37.5000   22.500011510.2461   13.8033
    0.0000  -37.5000   22.500012077.2852   13.8039
    7.5000  -37.5000   22.500011576.8184   13.8163
   -7.5000  -30.0000   22.500012522.3193   13.7837
    0.0000  -30.0000   22.500013086.5059   13.7803
    7.5000  -30.0000   22.500012578.4102   13.7904
   -7.5000  -22.5000   22.500013472.6924   13.7999
    0.0000  -22.5000   22.500014088.0781   13.7945
    7.5000  -22.5000   22.500013533.4736   13.8010
   -7.5000  -15.0000   22.500014381.4648   13.8019
    0.0000  -15.0000   22.500015019.6338   13.7990
    7.5000  -15.0000   22.500014391.6523   13.8066
   -7.5000   -7.5000   22.500015224.9639   13.7885
    0.0000   -7.5000   22.500015887.3408   13.7905
    7.5000   -7.5000   22.500015219.6670   13.8019
   -7.5000    0.0000   22.500015842.6787   13.7716
    0.0000    0.0000   22.500016517.9883   13.7755
    7.5000    0.0000   22.500015821.2666   13.7882
   -7.5000    7.5000   22.500015114.5059   13.7688
    0.0000    7.5000   22.500015761.0801   13.7698
    7.5000    7.5000   22.500015081.3994   13.7823
   -7.5000   15.0000   22.500014139.4199   13.7837
    0.0000   15.0000   22.500014724.3926   13.7803
    7.5000   15.0000   22.500014097.8096   13.7904
   -7.5000   22.5000   22.500013047.2451   13.7935
    0.0000   22.5000   22.500013562.5010   13.7882
    7.5000   22.5000   22.500012978.1748   13.7946
   -7.5000   30.0000   22.500011868.8994   13.6232
    0.0000   30.0000   22.500012371.0732   13.6205
    7.5000   30.0000   22.500011801.5059   13.6279
   -7.5000   37.5000   22.500011140.2207   13.6104
    0.0000   37.5000   22.500011624.3838   13.6124
    7.5000   37.5000   22.500011072.2949   13.6236
   -7.5000   45.0000   22.500010042.1084   13.2897
    0.0000   45.0000   22.500010468.4385   13.2937
    7.5000   45.0000   22.5000 9995.5078   13.3059
   -7.5000  -45.0000   30.000010130.0273   13.9342
    0.0000  -45.0000   30.000010637.0605   13.9371
    7.5000  -45.0000   30.000010177.8252   13.9467
   -7.5000  -37.5000   30.000010700.4307   13.8821
    0.0000  -37.5000   30.000011229.9326   13.8830
    7.5000  -37.5000   30.000010768.0732   13.8931
   -7.5000  -30.0000   30.000011634.7686   13.8603
    0.0000  -30.0000   30.000012195.2070   13.8571
    7.5000  -30.0000   30.000011710.8701   13.8653
   -7.5000  -22.5000   30.000012531.3818   13.8754
    0.0000  -22.5000   30.000013117.5469   13.8699
    7.5000  -22.5000   30.000012596.3496   13.8744
   -7.5000  -15.0000   30.000013386.7969   13.8773
    0.0000  -15.0000   30.000013944.2354   13.8742
    7.5000  -15.0000   30.000013390.2686   13.8794
   -7.5000   -7.5000   30.000014135.1025   13.8654
    0.0000   -7.5000   30.000014727.5566   13.8670
    7.5000   -7.5000   30.000014147.7295   13.8758
   -7.5000    0.0000   30.000014731.0996   13.8507
    0.0000    0.0000   30.000015359.6816   13.8545
    7.5000    0.0000   30.000014735.0879   13.8645
   -7.5000    7.5000   30.000014088.0957   13.8475
    0.0000    7.5000   30.000014693.4707   13.8488
    7.5000    7.5000   30.000014076.9932   13.8591
   -7.5000   15.0000   30.000013185.0088   13.8603
    0.0000   15.0000   30.000013766.8418   13.8571
    7.5000   15.0000   30.000013164.7441   13.8653
   -7.5000   22.5000   30.000012155.0801   13.8690
    0.0000   22.5000   30.000012663.7441   13.8635
    7.5000   22.5000   30.000012114.3828   13.8680
   -7.5000   30.0000   30.000011056.9785   13.6977
    0.0000   30.0000   30.000011546.6807   13.6946
    7.5000   30.0000   30.000011020.0645   13.6998
   -7.5000   37.5000   30.000010397.6084   13.6864
    0.0000   37.5000   30.000010855.0166   13.6880
    7.5000   37.5000   30.000010348.6230   13.6967
   -7.5000   45.0000   30.0000 9354.7402   13.3666
    0.0000   45.0000   30.0000 9744.3555   13.3704
    7.5000   45.0000   30.0000 9310.9062   13.3801
   -7.5000  -45.0000   37.5000 9704.5791   14.1313
    0.0000  -45.0000   37.500010229.8486   14.1379
    7.5000  -45.0000   37.5000 9744.6855   14.1492
   -7.5000  -37.5000   37.500010263.8154   14.0762
    0.0000  -37.5000   37.500010808.9971   14.0817
    7.5000  -37.5000   37.500010312.8906   14.0928
   -7.5000  -30.0000   37.500011175.4463   14.0496
    0.0000  -30.0000   37.500011756.3379   14.0524
    7.5000  -30.0000   37.500011233.6660   14.0621
   -7.5000  -22.5000   37.500012021.2217   14.0621
    0.0000  -22.5000   37.500012639.0537   14.0633
    7.5000  -22.5000   37.500012078.5928   14.0707
   -7.5000  -15.0000   37.500012811.4609   14.0647
    0.0000  -15.0000   37.500013401.3887   14.0678
    7.5000  -15.0000   37.500012841.0781   14.0763
   -7.5000   -7.5000   37.500013505.8594   14.0567
    0.0000   -7.5000   37.500014100.7461   14.0629
    7.5000   -7.5000   37.500013543.7070   14.0741
   -7.5000    0.0000   37.500014088.8896   14.0451
    0.0000    0.0000   37.500014693.7910   14.0525
    7.5000    0.0000   37.500014099.9180   14.0641
   -7.5000    7.5000   37.500013502.7842   14.0407
    0.0000    7.5000   37.500014084.4688   14.0465
    7.5000    7.5000   37.500013516.6182   14.0578
   -7.5000   15.0000   37.500012654.7207   14.0496
    0.0000   15.0000   37.500013231.8857   14.0524
    7.5000   15.0000   37.500012665.4199   14.0621
   -7.5000   22.5000   37.500011655.9072   14.0556
    0.0000   22.5000   37.500012173.7344   14.0569
    7.5000   22.5000   37.500011652.1660   14.0642
   -7.5000   30.0000   37.500010624.6113   13.8827
    0.0000   30.0000   37.500011116.6992   13.8857
    7.5000   30.0000   37.500010615.4727   13.8941
   -7.5000   37.5000   37.500010005.7725   13.8749
    0.0000   37.5000   37.500010472.9531   13.8810
    7.5000   37.5000   37.5000 9987.8066   13.8920
   -7.5000   45.0000   37.5000 8994.2021   13.5489
    0.0000   45.0000   37.5000 9405.1787   13.5561
    7.5000   45.0000   37.5000 8971.8252   13.5673
   -7.5000  -45.0000   45.0000 8864.9863   14.3473
    0.0000  -45.0000   45.0000 9357.9873   14.3572
    7.5000  -45.0000   45.0000 8889.4160   14.3718
   -7.5000  -37.5000   45.0000 9375.0547   14.2881
    0.0000  -37.5000   45.0000 9895.3516   14.2971
    7.5000  -37.5000   45.0000 9420.5771   14.3107
   -7.5000  -30.0000   45.000010214.3096   14.2571
    0.0000  -30.0000   45.000010761.7383   14.2643
    7.5000  -30.0000   45.000010267.4355   14.2764
   -7.5000  -22.5000   45.000010999.4023   14.2682
    0.0000  -22.5000   45.000011562.3594   14.2748
    7.5000  -22.5000   45.000011049.9785   14.2857
   -7.5000  -15.0000   45.000011703.2666   14.2727
    0.0000  -15.0000   45.000012264.0439   14.2807
    7.5000  -15.0000   45.000011750.5283   14.2934
   -7.5000   -7.5000   45.000012322.5098   14.2678
    0.0000   -7.5000   45.000012894.8223   14.2779
    7.5000   -7.5000   45.000012378.2090   14.2928
   -7.5000    0.0000   45.000012853.4014   14.2571
    0.0000    0.0000   45.000013439.1826   14.2679
    7.5000    0.0000   45.000012908.5898   14.2828
   -7.5000    7.5000   45.000012336.8945   14.2510
    0.0000    7.5000   45.000012883.9238   14.2603
    7.5000    7.5000   45.000012369.7529   14.2741
   -7.5000   15.0000   45.000011569.1777   14.2571
    0.0000   15.0000   45.000012113.7891   14.2643
    7.5000   15.0000   45.000011609.9404   14.2764
   -7.5000   22.5000   45.000010678.7695   14.2616
    0.0000   22.5000   45.000011177.3184   14.2681
    7.5000   22.5000   45.000010692.0000   14.2791
   -7.5000   30.0000   45.0000 9759.3955   14.0867
    0.0000   30.0000   45.000010201.1953   14.0946
    7.5000   30.0000   45.0000 9746.5195   14.1072
   -7.5000   37.5000   45.0000 9192.7705   14.0819
    0.0000   37.5000   45.0000 9607.4648   14.0919
    7.5000   37.5000   45.0000 9182.1133   14.1066
   -7.5000   45.0000   45.0000 8278.6143   13.7551
    0.0000   45.0000   45.0000 8636.0986   13.7655
    7.5000   45.0000   45.0000 8263.0469   13.7799

---------------------------------------------------------------------
imgreg_4dfp /opt/freesurfer/average/711-2C_as_mni_average_305 /opt/freesurfer/average/711-2B_as_mni_average_305_mask talsrcimg_g11 none talsrcimg_to_711-2C_as_mni_average_305_t4 4355
---------------------------------------------------------------------

freesurfer imgreg_4dfp.c
/opt/freesurfer/average/711-2C_as_mni_average_305.4dfp.img
       256       256       256         1
  1.000000  1.000000  1.000000
orientation T byte_order littleendian
Reading image: /opt/freesurfer/average/711-2C_as_mni_average_305.4dfp.img
dimensions:      256       256       256
mmppix:       1.0000   -1.0000   -1.0000
center:     128.0000 -129.0000 -129.0000
/opt/freesurfer/average/711-2B_as_mni_average_305_mask.4dfp.img
       256       256       256         1
  1.000000  1.000000  1.000000
orientation T byte_order littleendian
Reading mask: /opt/freesurfer/average/711-2B_as_mni_average_305_mask.4dfp.img (2306576 pixels)
talsrcimg_g11.4dfp.img
       256       256       256         1
  1.000000  1.000000  1.000000
orientation T byte_order littleendian
Reading image: talsrcimg_g11.4dfp.img
dimensions:      256       256       256
mmppix:       1.0000   -1.0000   -1.0000
center:     128.0000 -129.0000 -129.0000
rotation matrix determinant  1.000000
image alignment mode   4355 decimal     1103 hex
   -7.5000  -45.0000  -45.0000 2252.3455   13.1690
    0.0000  -45.0000  -45.0000 2264.3784   13.1173
    7.5000  -45.0000  -45.0000 2261.4685   13.1343
   -7.5000  -37.5000  -45.0000 2328.7068   12.3168
    0.0000  -37.5000  -45.0000 2345.1819   12.2586
    7.5000  -37.5000  -45.0000 2333.7561   12.2757
   -7.5000  -30.0000  -45.0000 2369.1848   11.7702
    0.0000  -30.0000  -45.0000 2384.3704   11.7029
    7.5000  -30.0000  -45.0000 2369.2344   11.7598
   -7.5000  -22.5000  -45.0000 2388.9729   11.4490
    0.0000  -22.5000  -45.0000 2408.9060   11.3572
    7.5000  -22.5000  -45.0000 2393.6929   11.4144
   -7.5000  -15.0000  -45.0000 2392.4961   11.3269
    0.0000  -15.0000  -45.0000 2410.6016   11.2149
    7.5000  -15.0000  -45.0000 2399.6108   11.2596
   -7.5000   -7.5000  -45.0000 2388.2073   11.3659
    0.0000   -7.5000  -45.0000 2408.0732   11.2233
    7.5000   -7.5000  -45.0000 2398.7686   11.2673
   -7.5000    0.0000  -45.0000 2374.3479   11.6115
    0.0000    0.0000  -45.0000 2394.9634   11.4811
    7.5000    0.0000  -45.0000 2384.7253   11.5115
   -7.5000    7.5000  -45.0000 2339.0417   12.0523
    0.0000    7.5000  -45.0000 2363.2029   11.9229
    7.5000    7.5000  -45.0000 2355.6204   11.9640
   -7.5000   15.0000  -45.0000 2291.5122   12.6911
    0.0000   15.0000  -45.0000 2316.9297   12.5391
    7.5000   15.0000  -45.0000 2307.0371   12.5874
   -7.5000   22.5000  -45.0000 2223.3596   13.5317
    0.0000   22.5000  -45.0000 2246.5437   13.3679
    7.5000   22.5000  -45.0000 2238.2231   13.4002
   -7.5000   30.0000  -45.0000 2134.7302   14.6266
    0.0000   30.0000  -45.0000 2160.2849   14.4579
    7.5000   30.0000  -45.0000 2151.9202   14.5097
   -7.5000   37.5000  -45.0000 2034.9341   16.1879
    0.0000   37.5000  -45.0000 2057.6570   15.9790
    7.5000   37.5000  -45.0000 2049.4731   16.0802
   -7.5000   45.0000  -45.0000 1923.9304   18.3198
    0.0000   45.0000  -45.0000 1943.7738   18.0609
    7.5000   45.0000  -45.0000 1937.8105   18.1573
   -7.5000  -45.0000  -37.5000 2340.8733   12.3187
    0.0000  -45.0000  -37.5000 2354.1167   12.2558
    7.5000  -45.0000  -37.5000 2344.5745   12.2794
   -7.5000  -37.5000  -37.5000 2422.1851   11.4779
    0.0000  -37.5000  -37.5000 2438.1201   11.4210
    7.5000  -37.5000  -37.5000 2427.3162   11.4405
   -7.5000  -30.0000  -37.5000 2460.0151   10.9352
    0.0000  -30.0000  -37.5000 2479.4250   10.8665
    7.5000  -30.0000  -37.5000 2464.3564   10.9112
   -7.5000  -22.5000  -37.5000 2486.5505   10.6348
    0.0000  -22.5000  -37.5000 2507.0913   10.5429
    7.5000  -22.5000  -37.5000 2491.3774   10.6056
   -7.5000  -15.0000  -37.5000 2489.2263   10.5235
    0.0000  -15.0000  -37.5000 2511.3989   10.4188
    7.5000  -15.0000  -37.5000 2499.9255   10.4692
   -7.5000   -7.5000  -37.5000 2485.3845   10.5533
    0.0000   -7.5000  -37.5000 2507.4954   10.4192
    7.5000   -7.5000  -37.5000 2496.1516   10.4664
   -7.5000    0.0000  -37.5000 2469.3755   10.7477
    0.0000    0.0000  -37.5000 2495.9109   10.6142
    7.5000    0.0000  -37.5000 2485.4297   10.6629
   -7.5000    7.5000  -37.5000 2438.7959   11.1445
    0.0000    7.5000  -37.5000 2464.0298   10.9925
    7.5000    7.5000  -37.5000 2454.0654   11.0459
   -7.5000   15.0000  -37.5000 2387.4207   11.7296
    0.0000   15.0000  -37.5000 2413.8845   11.5748
    7.5000   15.0000  -37.5000 2404.5022   11.6179
   -7.5000   22.5000  -37.5000 2315.9238   12.5039
    0.0000   22.5000  -37.5000 2340.4731   12.3351
    7.5000   22.5000  -37.5000 2329.8540   12.3672
   -7.5000   30.0000  -37.5000 2221.1123   13.5408
    0.0000   30.0000  -37.5000 2247.8982   13.3710
    7.5000   30.0000  -37.5000 2237.6121   13.4169
   -7.5000   37.5000  -37.5000 2114.2410   14.9629
    0.0000   37.5000  -37.5000 2138.1309   14.7658
    7.5000   37.5000  -37.5000 2130.2300   14.8319
   -7.5000   45.0000  -37.5000 1997.2255   16.8759
    0.0000   45.0000  -37.5000 2019.4807   16.6583
    7.5000   45.0000  -37.5000 2010.4971   16.7395
   -7.5000  -45.0000  -30.0000 2459.3276   11.9854
    0.0000  -45.0000  -30.0000 2476.2932   11.9155
    7.5000  -45.0000  -30.0000 2458.9702   11.9342
   -7.5000  -37.5000  -30.0000 2543.3723   11.1299
    0.0000  -37.5000  -30.0000 2561.2666   11.0550
    7.5000  -37.5000  -30.0000 2546.7627   11.0715
   -7.5000  -30.0000  -30.0000 2590.2117   10.5525
    0.0000  -30.0000  -30.0000 2609.7634   10.4713
    7.5000  -30.0000  -30.0000 2598.0454   10.5002
   -7.5000  -22.5000  -30.0000 2628.3992   10.2418
    0.0000  -22.5000  -30.0000 2648.5361   10.1242
    7.5000  -22.5000  -30.0000 2632.5603   10.1698
   -7.5000  -15.0000  -30.0000 2640.3516   10.1015
    0.0000  -15.0000  -30.0000 2662.6978    9.9875
    7.5000  -15.0000  -30.0000 2648.3157   10.0471
   -7.5000   -7.5000  -30.0000 2634.3135   10.1495
    0.0000   -7.5000  -30.0000 2657.4336   10.0182
    7.5000   -7.5000  -30.0000 2647.6455   10.0719
   -7.5000    0.0000  -30.0000 2617.4844   10.3551
    0.0000    0.0000  -30.0000 2646.6438   10.2087
    7.5000    0.0000  -30.0000 2632.7168   10.2650
   -7.5000    7.5000  -30.0000 2587.4890   10.7218
    0.0000    7.5000  -30.0000 2613.8857   10.5600
    7.5000    7.5000  -30.0000 2601.2244   10.6248
   -7.5000   15.0000  -30.0000 2530.4097   11.2782
    0.0000   15.0000  -30.0000 2561.3899   11.1122
    7.5000   15.0000  -30.0000 2546.7910   11.1637
   -7.5000   22.5000  -30.0000 2450.5378   12.0148
    0.0000   22.5000  -30.0000 2478.3401   11.8480
    7.5000   22.5000  -30.0000 2465.6667   11.8906
   -7.5000   30.0000  -30.0000 2348.8896   13.0359
    0.0000   30.0000  -30.0000 2373.8682   12.8655
    7.5000   30.0000  -30.0000 2362.4094   12.9130
   -7.5000   37.5000  -30.0000 2230.4033   14.3955
    0.0000   37.5000  -30.0000 2253.6819   14.2121
    7.5000   37.5000  -30.0000 2241.9790   14.2682
   -7.5000   45.0000  -30.0000 2103.7864   16.1846
    0.0000   45.0000  -30.0000 2125.5103   16.0061
    7.5000   45.0000  -30.0000 2113.3342   16.0627
   -7.5000  -45.0000  -22.5000 2538.2964   11.5991
    0.0000  -45.0000  -22.5000 2560.4487   11.5106
    7.5000  -45.0000  -22.5000 2544.1165   11.5573
   -7.5000  -37.5000  -22.5000 2628.4624   10.7206
    0.0000  -37.5000  -22.5000 2646.4094   10.6207
    7.5000  -37.5000  -22.5000 2632.1919   10.6697
   -7.5000  -30.0000  -22.5000 2693.0842   10.1110
    0.0000  -30.0000  -22.5000 2710.2727   10.0049
    7.5000  -30.0000  -22.5000 2699.5054   10.0512
   -7.5000  -22.5000  -22.5000 2734.8669    9.7743
    0.0000  -22.5000  -22.5000 2755.3608    9.6599
    7.5000  -22.5000  -22.5000 2743.0405    9.7081
   -7.5000  -15.0000  -22.5000 2754.7808    9.6232
    0.0000  -15.0000  -22.5000 2779.8945    9.5058
    7.5000  -15.0000  -22.5000 2766.0615    9.5423
   -7.5000   -7.5000  -22.5000 2756.4773    9.6472
    0.0000   -7.5000  -22.5000 2782.1721    9.5497
    7.5000   -7.5000  -22.5000 2767.2361    9.5780
   -7.5000    0.0000  -22.5000 2741.3672    9.8673
    0.0000    0.0000  -22.5000 2772.0696    9.7495
    7.5000    0.0000  -22.5000 2755.8250    9.7975
   -7.5000    7.5000  -22.5000 2709.7324   10.2360
    0.0000    7.5000  -22.5000 2740.3916   10.0956
    7.5000    7.5000  -22.5000 2723.7473   10.1488
   -7.5000   15.0000  -22.5000 2649.9893   10.7629
    0.0000   15.0000  -22.5000 2680.2253   10.6115
    7.5000   15.0000  -22.5000 2662.8435   10.6634
   -7.5000   22.5000  -22.5000 2562.7280   11.4799
    0.0000   22.5000  -22.5000 2591.8391   11.3226
    7.5000   22.5000  -22.5000 2577.9702   11.3690
   -7.5000   30.0000  -22.5000 2450.4331   12.4648
    0.0000   30.0000  -22.5000 2476.0168   12.2981
    7.5000   30.0000  -22.5000 2462.0398   12.3451
   -7.5000   37.5000  -22.5000 2323.0425   13.7684
    0.0000   37.5000  -22.5000 2344.6072   13.6025
    7.5000   37.5000  -22.5000 2332.7944   13.6337
   -7.5000   45.0000  -22.5000 2189.9082   15.4710
    0.0000   45.0000  -22.5000 2208.0200   15.2856
    7.5000   45.0000  -22.5000 2197.1592   15.3381
   -7.5000  -45.0000  -15.0000 2582.6831   11.2337
    0.0000  -45.0000  -15.0000 2604.1089   11.1353
    7.5000  -45.0000  -15.0000 2588.8030   11.2079
   -7.5000  -37.5000  -15.0000 2680.4639   10.3477
    0.0000  -37.5000  -15.0000 2701.4390   10.2371
    7.5000  -37.5000  -15.0000 2684.5686   10.3052
   -7.5000  -30.0000  -15.0000 2754.6907    9.7060
    0.0000  -30.0000  -15.0000 2777.8550    9.6175
    7.5000  -30.0000  -15.0000 2763.7297    9.6678
   -7.5000  -22.5000  -15.0000 2805.2288    9.3167
    0.0000  -22.5000  -15.0000 2826.2188    9.2283
    7.5000  -22.5000  -15.0000 2813.4883    9.2746
   -7.5000  -15.0000  -15.0000 2835.7219    9.1242
    0.0000  -15.0000  -15.0000 2865.0803    9.0332
    7.5000  -15.0000  -15.0000 2846.6445    9.0819
   -7.5000   -7.5000  -15.0000 2847.5803    9.1530
    0.0000   -7.5000  -15.0000 2879.9158    9.0627
    7.5000   -7.5000  -15.0000 2858.3071    9.1063
   -7.5000    0.0000  -15.0000 2837.6831    9.3950
    0.0000    0.0000  -15.0000 2872.4226    9.2829
    7.5000    0.0000  -15.0000 2851.5623    9.3324
   -7.5000    7.5000  -15.0000 2801.4604    9.7684
    0.0000    7.5000  -15.0000 2839.6707    9.6318
    7.5000    7.5000  -15.0000 2817.5000    9.6878
   -7.5000   15.0000  -15.0000 2734.2126   10.2671
    0.0000   15.0000  -15.0000 2768.0442   10.1154
    7.5000   15.0000  -15.0000 2751.0500   10.1862
   -7.5000   22.5000  -15.0000 2640.6562   10.9779
    0.0000   22.5000  -15.0000 2671.7681   10.8193
    7.5000   22.5000  -15.0000 2655.8557   10.8839
   -7.5000   30.0000  -15.0000 2522.4431   11.9319
    0.0000   30.0000  -15.0000 2550.0171   11.7718
    7.5000   30.0000  -15.0000 2535.1338   11.8350
   -7.5000   37.5000  -15.0000 2386.3950   13.1926
    0.0000   37.5000  -15.0000 2411.5747   13.0395
    7.5000   37.5000  -15.0000 2398.5986   13.0858
   -7.5000   45.0000  -15.0000 2249.2766   14.8247
    0.0000   45.0000  -15.0000 2266.0173   14.6239
    7.5000   45.0000  -15.0000 2258.2981   14.7059
   -7.5000  -45.0000   -7.5000 2607.7405   10.9460
    0.0000  -45.0000   -7.5000 2628.5903   10.8278
    7.5000  -45.0000   -7.5000 2613.3242   10.9468
   -7.5000  -37.5000   -7.5000 2709.2800   10.0382
    0.0000  -37.5000   -7.5000 2733.1479    9.9260
    7.5000  -37.5000   -7.5000 2714.0225   10.0236
   -7.5000  -30.0000   -7.5000 2792.1792    9.3813
    0.0000  -30.0000   -7.5000 2821.8459    9.2747
    7.5000  -30.0000   -7.5000 2804.3167    9.3582
   -7.5000  -22.5000   -7.5000 2854.0215    8.9476
    0.0000  -22.5000   -7.5000 2884.7988    8.8462
    7.5000  -22.5000   -7.5000 2867.1543    8.9259
   -7.5000  -15.0000   -7.5000 2899.1655    8.7290
    0.0000  -15.0000   -7.5000 2935.2690    8.6269
    7.5000  -15.0000   -7.5000 2912.5918    8.7245
   -7.5000   -7.5000   -7.5000 2919.5891    8.7435
    0.0000   -7.5000   -7.5000 2962.4612    8.6158
    7.5000   -7.5000   -7.5000 2934.9490    8.7231
   -7.5000    0.0000   -7.5000 2911.7817    8.9704
    0.0000    0.0000   -7.5000 2953.4729    8.8554
    7.5000    0.0000   -7.5000 2930.8074    8.9273
   -7.5000    7.5000   -7.5000 2867.0654    9.3358
    0.0000    7.5000   -7.5000 2911.2837    9.2100
    7.5000    7.5000   -7.5000 2888.0454    9.2948
   -7.5000   15.0000   -7.5000 2793.2739    9.8338
    0.0000   15.0000   -7.5000 2831.8862    9.6906
    7.5000   15.0000   -7.5000 2811.6355    9.7948
   -7.5000   22.5000   -7.5000 2693.3176   10.5154
    0.0000   22.5000   -7.5000 2727.2615   10.3671
    7.5000   22.5000   -7.5000 2710.2053   10.4678
   -7.5000   30.0000   -7.5000 2566.2605   11.4693
    0.0000   30.0000   -7.5000 2596.6909   11.3124
    7.5000   30.0000   -7.5000 2579.6875   11.4133
   -7.5000   37.5000   -7.5000 2430.3340   12.7006
    0.0000   37.5000   -7.5000 2458.5005   12.5537
    7.5000   37.5000   -7.5000 2442.3391   12.6512
   -7.5000   45.0000   -7.5000 2284.3142   14.2644
    0.0000   45.0000   -7.5000 2305.8364   14.1078
    7.5000   45.0000   -7.5000 2292.6724   14.1821
   -7.5000  -45.0000    0.0000 2605.2207   10.8079
    0.0000  -45.0000    0.0000 2626.5161   10.6463
    7.5000  -45.0000    0.0000 2611.1333   10.8191
   -7.5000  -37.5000    0.0000 2709.7383    9.8638
    0.0000  -37.5000    0.0000 2734.8833    9.7185
    7.5000  -37.5000    0.0000 2719.6960    9.8694
   -7.5000  -30.0000    0.0000 2804.9111    9.1916
    0.0000  -30.0000    0.0000 2838.0823    9.0495
    7.5000  -30.0000    0.0000 2819.9016    9.1816
   -7.5000  -22.5000    0.0000 2881.9026    8.7310
    0.0000  -22.5000    0.0000 2916.4546    8.5969
    7.5000  -22.5000    0.0000 2895.4470    8.7259
   -7.5000  -15.0000    0.0000 2937.7786    8.4979
    0.0000  -15.0000    0.0000 2980.9004    8.3634
    7.5000  -15.0000    0.0000 2958.4565    8.4916
   -7.5000   -7.5000    0.0000 2968.5027    8.5021
    0.0000   -7.5000    0.0000 3020.8926    8.3598
    7.5000   -7.5000    0.0000 2987.5996    8.5080
   -7.5000    0.0000    0.0000 2960.8262    8.6999
    0.0000    0.0000    0.0000 3015.2991    8.5742
    7.5000    0.0000    0.0000 2979.2175    8.7030
   -7.5000    7.5000    0.0000 2905.4968    9.0665
    0.0000    7.5000    0.0000 2956.6492    8.9371
    7.5000    7.5000    0.0000 2927.2612    9.0543
   -7.5000   15.0000    0.0000 2823.9729    9.5623
    0.0000   15.0000    0.0000 2866.3284    9.4165
    7.5000   15.0000    0.0000 2844.7581    9.5317
   -7.5000   22.5000    0.0000 2720.4561   10.2519
    0.0000   22.5000    0.0000 2758.4531   10.1084
    7.5000   22.5000    0.0000 2737.8677   10.2162
   -7.5000   30.0000    0.0000 2590.9204   11.2069
    0.0000   30.0000    0.0000 2621.6121   11.0601
    7.5000   30.0000    0.0000 2605.0684   11.1551
   -7.5000   37.5000    0.0000 2451.9124   12.4185
    0.0000   37.5000    0.0000 2479.4880   12.2803
    7.5000   37.5000    0.0000 2464.5642   12.3494
   -7.5000   45.0000    0.0000 2301.6995   13.9732
    0.0000   45.0000    0.0000 2328.4543   13.8231
    7.5000   45.0000    0.0000 2314.1616   13.8770
   -7.5000  -45.0000    7.5000 2586.5752   10.8281
    0.0000  -45.0000    7.5000 2606.5193   10.6416
    7.5000  -45.0000    7.5000 2593.9600   10.8547
   -7.5000  -37.5000    7.5000 2696.1899    9.8669
    0.0000  -37.5000    7.5000 2720.0559    9.6840
    7.5000  -37.5000    7.5000 2706.7903    9.8760
   -7.5000  -30.0000    7.5000 2791.3899    9.1637
    0.0000  -30.0000    7.5000 2826.2026    8.9913
    7.5000  -30.0000    7.5000 2810.7639    9.1603
   -7.5000  -22.5000    7.5000 2880.9629    8.6779
    0.0000  -22.5000    7.5000 2922.8428    8.5117
    7.5000  -22.5000    7.5000 2901.8486    8.6650
   -7.5000  -15.0000    7.5000 2950.5349    8.4407
    0.0000  -15.0000    7.5000 3004.1399    8.2814
    7.5000  -15.0000    7.5000 2970.4458    8.4253
   -7.5000   -7.5000    7.5000 2990.4082    8.4344
    0.0000   -7.5000    7.5000 3055.5884    8.3037
    7.5000   -7.5000    7.5000 3010.3762    8.4198
   -7.5000    0.0000    7.5000 2974.3127    8.5979
    0.0000    0.0000    7.5000 3039.2549    8.4645
    7.5000    0.0000    7.5000 2999.4028    8.5717
   -7.5000    7.5000    7.5000 2915.9043    8.9447
    0.0000    7.5000    7.5000 2965.9629    8.8100
    7.5000    7.5000    7.5000 2939.6497    8.9158
   -7.5000   15.0000    7.5000 2827.5540    9.4536
    0.0000   15.0000    7.5000 2866.7861    9.3406
    7.5000   15.0000    7.5000 2850.9624    9.4286
   -7.5000   22.5000    7.5000 2722.4971   10.1774
    0.0000   22.5000    7.5000 2753.6990   10.0409
    7.5000   22.5000    7.5000 2742.8059   10.1327
   -7.5000   30.0000    7.5000 2594.3611   11.1311
    0.0000   30.0000    7.5000 2621.7190   10.9861
    7.5000   30.0000    7.5000 2609.6641   11.0828
   -7.5000   37.5000    7.5000 2450.6243   12.3205
    0.0000   37.5000    7.5000 2480.3853   12.1731
    7.5000   37.5000    7.5000 2466.2153   12.2610
   -7.5000   45.0000    7.5000 2301.6567   13.8285
    0.0000   45.0000    7.5000 2328.3267   13.6661
    7.5000   45.0000    7.5000 2316.7583   13.7346
   -7.5000  -45.0000   15.0000 2556.3271   10.9759
    0.0000  -45.0000   15.0000 2580.3442   10.7787
    7.5000  -45.0000   15.0000 2563.8579   10.9909
   -7.5000  -37.5000   15.0000 2664.2759   10.0204
    0.0000  -37.5000   15.0000 2690.2324    9.8331
    7.5000  -37.5000   15.0000 2675.6921   10.0120
   -7.5000  -30.0000   15.0000 2755.8972    9.3088
    0.0000  -30.0000   15.0000 2790.7256    9.1280
    7.5000  -30.0000   15.0000 2778.7290    9.2877
   -7.5000  -22.5000   15.0000 2852.8284    8.8360
    0.0000  -22.5000   15.0000 2891.5686    8.6524
    7.5000  -22.5000   15.0000 2875.2234    8.7947
   -7.5000  -15.0000   15.0000 2928.1033    8.5937
    0.0000  -15.0000   15.0000 2976.6331    8.4406
    7.5000  -15.0000   15.0000 2949.0562    8.5566
   -7.5000   -7.5000   15.0000 2970.8921    8.5379
    0.0000   -7.5000   15.0000 3031.4204    8.4067
    7.5000   -7.5000   15.0000 2991.7073    8.5242
   -7.5000    0.0000   15.0000 2955.5171    8.6899
    0.0000    0.0000   15.0000 3011.4944    8.5552
    7.5000    0.0000   15.0000 2980.0310    8.6606
   -7.5000    7.5000   15.0000 2894.0186    9.0500
    0.0000    7.5000   15.0000 2942.0291    8.9327
    7.5000    7.5000   15.0000 2918.9202    9.0103
   -7.5000   15.0000   15.0000 2804.0356    9.5763
    0.0000   15.0000   15.0000 2838.6001    9.4776
    7.5000   15.0000   15.0000 2826.6362    9.5374
   -7.5000   22.5000   15.0000 2699.1431   10.2926
    0.0000   22.5000   15.0000 2727.1785   10.1623
    7.5000   22.5000   15.0000 2721.4163   10.2250
   -7.5000   30.0000   15.0000 2576.9177   11.2082
    0.0000   30.0000   15.0000 2599.8066   11.0711
    7.5000   30.0000   15.0000 2594.9531   11.1449
   -7.5000   37.5000   15.0000 2434.1235   12.3706
    0.0000   37.5000   15.0000 2461.7595   12.2227
    7.5000   37.5000   15.0000 2452.7957   12.2921
   -7.5000   45.0000   15.0000 2286.7080   13.8207
    0.0000   45.0000   15.0000 2310.7063   13.6525
    7.5000   45.0000   15.0000 2304.8704   13.7305
   -7.5000  -45.0000   22.5000 2518.1812   11.3140
    0.0000  -45.0000   22.5000 2540.8157   11.1132
    7.5000  -45.0000   22.5000 2523.1326   11.3198
   -7.5000  -37.5000   22.5000 2620.1482   10.3555
    0.0000  -37.5000   22.5000 2645.4070   10.1619
    7.5000  -37.5000   22.5000 2632.7847   10.3477
   -7.5000  -30.0000   22.5000 2711.7622    9.6635
    0.0000  -30.0000   22.5000 2740.7566    9.4485
    7.5000  -30.0000   22.5000 2732.2981    9.6286
   -7.5000  -22.5000   22.5000 2801.4260    9.1747
    0.0000  -22.5000   22.5000 2836.8940    8.9673
    7.5000  -22.5000   22.5000 2825.4922    9.1099
   -7.5000  -15.0000   22.5000 2878.6230    8.9032
    0.0000  -15.0000   22.5000 2918.6890    8.7350
    7.5000  -15.0000   22.5000 2901.5598    8.8372
   -7.5000   -7.5000   22.5000 2920.9868    8.8312
    0.0000   -7.5000   22.5000 2967.9060    8.6700
    7.5000   -7.5000   22.5000 2945.7224    8.7945
   -7.5000    0.0000   22.5000 2906.2424    8.9875
    0.0000    0.0000   22.5000 2951.3511    8.8245
    7.5000    0.0000   22.5000 2931.4666    8.9415
   -7.5000    7.5000   22.5000 2849.6460    9.3384
    0.0000    7.5000   22.5000 2889.8159    9.1961
    7.5000    7.5000   22.5000 2873.6553    9.2955
   -7.5000   15.0000   22.5000 2763.6621    9.8623
    0.0000   15.0000   22.5000 2797.1555    9.7173
    7.5000   15.0000   22.5000 2787.8381    9.7995
   -7.5000   22.5000   22.5000 2659.5132   10.5758
    0.0000   22.5000   22.5000 2683.3174   10.4142
    7.5000   22.5000   22.5000 2679.6023   10.4733
   -7.5000   30.0000   22.5000 2537.1201   11.4769
    0.0000   30.0000   22.5000 2564.8894   11.3164
    7.5000   30.0000   22.5000 2557.2637   11.3681
   -7.5000   37.5000   22.5000 2404.4512   12.6179
    0.0000   37.5000   22.5000 2433.2966   12.4612
    7.5000   37.5000   22.5000 2419.8552   12.5168
   -7.5000   45.0000   22.5000 2259.8657   14.0462
    0.0000   45.0000   22.5000 2282.6611   13.8624
    7.5000   45.0000   22.5000 2273.9033   13.9176
   -7.5000  -45.0000   30.0000 2468.7402   11.8606
    0.0000  -45.0000   30.0000 2492.4021   11.6484
    7.5000  -45.0000   30.0000 2475.9390   11.8378
   -7.5000  -37.5000   30.0000 2567.0808   10.8839
    0.0000  -37.5000   30.0000 2596.0874   10.6744
    7.5000  -37.5000   30.0000 2581.3052   10.8506
   -7.5000  -30.0000   30.0000 2658.0393   10.1670
    0.0000  -30.0000   30.0000 2688.4729    9.9345
    7.5000  -30.0000   30.0000 2677.4290   10.1194
   -7.5000  -22.5000   30.0000 2740.1731    9.6745
    0.0000  -22.5000   30.0000 2774.5256    9.4559
    7.5000  -22.5000   30.0000 2762.7466    9.5956
   -7.5000  -15.0000   30.0000 2807.9614    9.3955
    0.0000  -15.0000   30.0000 2840.5464    9.1889
    7.5000  -15.0000   30.0000 2828.5498    9.3028
   -7.5000   -7.5000   30.0000 2839.4177    9.2994
    0.0000   -7.5000   30.0000 2875.9282    9.1257
    7.5000   -7.5000   30.0000 2864.4124    9.2280
   -7.5000    0.0000   30.0000 2828.6550    9.4733
    0.0000    0.0000   30.0000 2864.7312    9.3040
    7.5000    0.0000   30.0000 2852.5444    9.3959
   -7.5000    7.5000   30.0000 2776.5349    9.8182
    0.0000    7.5000   30.0000 2810.3296    9.6711
    7.5000    7.5000   30.0000 2798.9832    9.7370
   -7.5000   15.0000   30.0000 2695.8384   10.3264
    0.0000   15.0000   30.0000 2732.3086   10.1642
    7.5000   15.0000   30.0000 2719.2759   10.2390
   -7.5000   22.5000   30.0000 2598.9805   11.0061
    0.0000   22.5000   30.0000 2624.3662   10.8323
    7.5000   22.5000   30.0000 2621.7500   10.8777
   -7.5000   30.0000   30.0000 2482.4456   11.8637
    0.0000   30.0000   30.0000 2510.4663   11.7094
    7.5000   30.0000   30.0000 2506.6272   11.7533
   -7.5000   37.5000   30.0000 2358.5381   13.0053
    0.0000   37.5000   30.0000 2383.7358   12.8372
    7.5000   37.5000   30.0000 2376.4629   12.8791
   -7.5000   45.0000   30.0000 2214.9817   14.4064
    0.0000   45.0000   30.0000 2236.7510   14.2102
    7.5000   45.0000   30.0000 2231.9990   14.2757
   -7.5000  -45.0000   37.5000 2406.4507   12.6109
    0.0000  -45.0000   37.5000 2433.4172   12.4292
    7.5000  -45.0000   37.5000 2414.3711   12.5399
   -7.5000  -37.5000   37.5000 2506.1553   11.5905
    0.0000  -37.5000   37.5000 2539.1731   11.3973
    7.5000  -37.5000   37.5000 2521.8062   11.5230
   -7.5000  -30.0000   37.5000 2598.0027   10.8317
    0.0000  -30.0000   37.5000 2631.4236   10.6278
    7.5000  -30.0000   37.5000 2615.7166   10.7608
   -7.5000  -22.5000   37.5000 2672.8403   10.3192
    0.0000  -22.5000   37.5000 2711.9482   10.1149
    7.5000  -22.5000   37.5000 2694.4744   10.2299
   -7.5000  -15.0000   37.5000 2728.6362   10.0220
    0.0000  -15.0000   37.5000 2762.0308    9.8118
    7.5000  -15.0000   37.5000 2747.9014    9.9226
   -7.5000   -7.5000   37.5000 2749.1260    9.9052
    0.0000   -7.5000   37.5000 2781.7825    9.7303
    7.5000   -7.5000   37.5000 2773.5569    9.8253
   -7.5000    0.0000   37.5000 2731.9998   10.0680
    0.0000    0.0000   37.5000 2763.8076    9.9075
    7.5000    0.0000   37.5000 2754.3455    9.9825
   -7.5000    7.5000   37.5000 2685.7935   10.4072
    0.0000    7.5000   37.5000 2719.3162   10.2386
    7.5000    7.5000   37.5000 2711.6804   10.3144
   -7.5000   15.0000   37.5000 2616.5820   10.9217
    0.0000   15.0000   37.5000 2650.4004   10.7522
    7.5000   15.0000   37.5000 2640.7651   10.8086
   -7.5000   22.5000   37.5000 2526.3086   11.5781
    0.0000   22.5000   37.5000 2551.9832   11.4118
    7.5000   22.5000   37.5000 2547.4839   11.4617
   -7.5000   30.0000   37.5000 2422.0156   12.4169
    0.0000   30.0000   37.5000 2447.8071   12.2574
    7.5000   30.0000   37.5000 2442.9160   12.3041
   -7.5000   37.5000   37.5000 2300.9648   13.5370
    0.0000   37.5000   37.5000 2327.8313   13.3909
    7.5000   37.5000   37.5000 2322.2107   13.4307
   -7.5000   45.0000   37.5000 2162.7427   14.9686
    0.0000   45.0000   37.5000 2184.4465   14.7948
    7.5000   45.0000   37.5000 2181.8774   14.8287
   -7.5000  -45.0000   45.0000 2335.3396   13.5356
    0.0000  -45.0000   45.0000 2365.3120   13.3840
    7.5000  -45.0000   45.0000 2343.0547   13.4339
   -7.5000  -37.5000   45.0000 2435.1394   12.4711
    0.0000  -37.5000   45.0000 2467.6750   12.3025
    7.5000  -37.5000   45.0000 2449.5732   12.3836
   -7.5000  -30.0000   45.0000 2523.4949   11.6795
    0.0000  -30.0000   45.0000 2556.3928   11.4933
    7.5000  -30.0000   45.0000 2540.5459   11.5845
   -7.5000  -22.5000   45.0000 2594.6726   11.1298
    0.0000  -22.5000   45.0000 2628.6660   10.9378
    7.5000  -22.5000   45.0000 2614.3821   11.0268
   -7.5000  -15.0000   45.0000 2639.3870   10.7784
    0.0000  -15.0000   45.0000 2672.2537   10.6073
    7.5000  -15.0000   45.0000 2659.2173   10.6894
   -7.5000   -7.5000   45.0000 2654.1992   10.6507
    0.0000   -7.5000   45.0000 2683.7737   10.4985
    7.5000   -7.5000   45.0000 2675.7078   10.5797
   -7.5000    0.0000   45.0000 2631.7954   10.7968
    0.0000    0.0000   45.0000 2661.1511   10.6536
    7.5000    0.0000   45.0000 2657.6292   10.7229
   -7.5000    7.5000   45.0000 2594.1016   11.1112
    0.0000    7.5000   45.0000 2618.8918   10.9723
    7.5000    7.5000   45.0000 2615.4905   11.0497
   -7.5000   15.0000   45.0000 2530.5020   11.6208
    0.0000   15.0000   45.0000 2562.8381   11.4504
    7.5000   15.0000   45.0000 2555.3630   11.5118
   -7.5000   22.5000   45.0000 2450.9387   12.2784
    0.0000   22.5000   45.0000 2477.5979   12.1022
    7.5000   22.5000   45.0000 2472.7141   12.1357
   -7.5000   30.0000   45.0000 2355.3074   13.1261
    0.0000   30.0000   45.0000 2374.3230   12.9557
    7.5000   30.0000   45.0000 2369.3872   12.9807
   -7.5000   37.5000   45.0000 2236.6609   14.2717
    0.0000   37.5000   45.0000 2258.3674   14.1266
    7.5000   37.5000   45.0000 2253.9207   14.1546
   -7.5000   45.0000   45.0000 2104.4490   15.7242
    0.0000   45.0000   45.0000 2123.4651   15.5574
    7.5000   45.0000   45.0000 2119.4470   15.6081

---------------------------------------------------------------------
imgreg_4dfp /opt/freesurfer/average/711-2C_as_mni_average_305 /opt/freesurfer/average/711-2B_as_mni_average_305_mask talsrcimg_g11 none talsrcimg_to_711-2C_as_mni_average_305_t4 1283
---------------------------------------------------------------------

freesurfer imgreg_4dfp.c
/opt/freesurfer/average/711-2C_as_mni_average_305.4dfp.img
       256       256       256         1
  1.000000  1.000000  1.000000
orientation T byte_order littleendian
Reading image: /opt/freesurfer/average/711-2C_as_mni_average_305.4dfp.img
dimensions:      256       256       256
mmppix:       1.0000   -1.0000   -1.0000
center:     128.0000 -129.0000 -129.0000
/opt/freesurfer/average/711-2B_as_mni_average_305_mask.4dfp.img
       256       256       256         1
  1.000000  1.000000  1.000000
orientation T byte_order littleendian
Reading mask: /opt/freesurfer/average/711-2B_as_mni_average_305_mask.4dfp.img (2306576 pixels)
talsrcimg_g11.4dfp.img
       256       256       256         1
  1.000000  1.000000  1.000000
orientation T byte_order littleendian
Reading image: talsrcimg_g11.4dfp.img
dimensions:      256       256       256
mmppix:       1.0000   -1.0000   -1.0000
center:     128.0000 -129.0000 -129.0000
rotation matrix determinant  1.000000
fimgreg.f
image alignment mode   1283 decimal      503 hex
parameters
    0.0000   -7.5000    7.5000    0.0000    0.0000    0.0000
eta,q 0.95751  8.32623
niter,ni,del,rscale     5    3   12.0000    1.2000
parameter  4  7.825575 ->  0.500000 qaram    1.1500
parameter  6  0.662727 ->  0.500000 qaram    1.1500
parameters
    1.4644   -5.1607    8.4865   -3.4500   -0.3751   -3.4500
eta,q 0.96358  8.25463
  0.0601  0.0539  0.0499  0.0362  0.0437  0.0372
  0.0549  0.0495  0.0473  0.0377  0.0405  0.0364
  0.0499  0.0462  0.0442  0.0393  0.0386  0.0368
  0.0453  0.0436  0.0422  0.0418  0.0381  0.0381
  0.0437  0.0421  0.0419  0.0449  0.0391  0.0403
  0.0461  0.0430  0.0438  0.0471  0.0416  0.0430
  0.0520  0.0451  0.0468  0.0486  0.0452  0.0459
niter,ni,del,rscale     6    3   12.0000    1.2000
parameter  4  0.851275 ->  0.500000 qaram    1.3225
parameters
    1.1430   -3.9302    8.3142   -7.4175    0.1792   -3.3434
eta,q 0.96715  8.29932
  0.0505  0.0478  0.0444  0.0329  0.0435  0.0394
  0.0439  0.0436  0.0404  0.0328  0.0389  0.0364
  0.0380  0.0394  0.0366  0.0338  0.0349  0.0338
  0.0364  0.0363  0.0355  0.0354  0.0330  0.0328
  0.0392  0.0354  0.0373  0.0386  0.0333  0.0337
  0.0457  0.0375  0.0406  0.0427  0.0361  0.0359
  0.0541  0.0422  0.0457  0.0466  0.0407  0.0392
niter,ni,del,rscale     6    3   12.0000    1.2000
parameter  4  0.515369 ->  0.500000 qaram    1.5209
parameters
    0.8354   -2.5619    7.3411  -11.9801    0.8820   -3.7012
eta,q 0.97055  8.24105
  0.0489  0.0451  0.0389  0.0315  0.0402  0.0361
  0.0414  0.0398  0.0346  0.0299  0.0358  0.0326
  0.0350  0.0355  0.0322  0.0301  0.0322  0.0301
  0.0328  0.0328  0.0323  0.0319  0.0299  0.0295
  0.0359  0.0323  0.0348  0.0341  0.0297  0.0310
  0.0434  0.0339  0.0390  0.0383  0.0323  0.0337
  0.0528  0.0379  0.0446  0.0435  0.0370  0.0374
niter,ni,del,rscale     6    3   12.0000    1.2000
parameters
    0.5706   -1.0808    6.2451  -12.1976    1.3654   -4.0197
eta,q 0.97226  8.27893
  0.0468  0.0472  0.0363  0.0394  0.0387  0.0351
  0.0379  0.0398  0.0308  0.0330  0.0340  0.0313
  0.0314  0.0336  0.0280  0.0291  0.0303  0.0286
  0.0294  0.0294  0.0287  0.0279  0.0279  0.0277
  0.0329  0.0289  0.0323  0.0302  0.0284  0.0292
  0.0404  0.0314  0.0372  0.0342  0.0315  0.0325
  0.0497  0.0361  0.0427  0.0399  0.0363  0.0364
niter,ni,del,rscale     5    3   12.0000    1.2000
parameters
    0.4280   -0.8818    6.1859  -12.3796    1.5823   -4.1010
eta,q 0.97223  8.27785
  0.0472  0.0417  0.0400  0.0393  0.0380  0.0356
  0.0378  0.0349  0.0337  0.0332  0.0334  0.0317
  0.0305  0.0295  0.0291  0.0293  0.0296  0.0288
  0.0277  0.0277  0.0278  0.0278  0.0278  0.0278
  0.0309  0.0296  0.0300  0.0299  0.0288  0.0288
  0.0390  0.0339  0.0346  0.0342  0.0321  0.0320
  0.0492  0.0397  0.0398  0.0399  0.0370  0.0360
niter,ni,del,rscale     4    3   12.0000    1.2000
parameters
    0.3478   -0.8148    6.1708  -12.4451    1.6864   -4.1298
eta,q 0.97219  8.27697
  0.0476  0.0412  0.0403  0.0395  0.0378  0.0358
  0.0382  0.0344  0.0339  0.0336  0.0331  0.0319
  0.0308  0.0291  0.0292  0.0296  0.0294  0.0289
  0.0278  0.0278  0.0278  0.0278  0.0278  0.0278
  0.0306  0.0300  0.0299  0.0297  0.0290  0.0288
  0.0387  0.0344  0.0345  0.0340  0.0324  0.0320
  0.0490  0.0401  0.0398  0.0397  0.0373  0.0359
niter,ni,del,rscale     3    3   12.0000    1.2000
parameters
    0.3095   -0.7931    6.1654  -12.4630    1.7316   -4.1420
eta,q 0.97218  8.27661
  0.0479  0.0411  0.0403  0.0396  0.0376  0.0358
  0.0384  0.0342  0.0340  0.0337  0.0330  0.0319
  0.0309  0.0290  0.0293  0.0297  0.0293  0.0289
  0.0278  0.0278  0.0278  0.0278  0.0278  0.0278
  0.0305  0.0301  0.0299  0.0296  0.0291  0.0288
  0.0385  0.0346  0.0345  0.0340  0.0326  0.0319
  0.0488  0.0402  0.0398  0.0396  0.0375  0.0359
registration optimization eta report
parameter search radius
    6.0000    6.0000    6.0000    9.1253    6.0000    6.9000
100000*second partial in parameter space
       56.       35.       33.       14.       27.       17.
  0.0479  0.0411  0.0403  0.0396  0.0376  0.0358
  0.0384  0.0342  0.0340  0.0337  0.0330  0.0319
  0.0309  0.0290  0.0293  0.0297  0.0293  0.0289
  0.0278  0.0278  0.0278  0.0278  0.0278  0.0278
  0.0305  0.0301  0.0299  0.0296  0.0291  0.0288
  0.0385  0.0346  0.0345  0.0340  0.0326  0.0319
  0.0488  0.0402  0.0398  0.0396  0.0375  0.0359
    0.3095   -0.7931    6.1654  -12.4630    1.7316   -4.1420
eta,q 0.97218  8.27661

---------------------------------------------------------------------
imgreg_4dfp /opt/freesurfer/average/711-2C_as_mni_average_305 /opt/freesurfer/average/711-2B_as_mni_average_305_mask talsrcimg_g11 none talsrcimg_to_711-2C_as_mni_average_305_t4 3335
---------------------------------------------------------------------

freesurfer imgreg_4dfp.c
/opt/freesurfer/average/711-2C_as_mni_average_305.4dfp.img
       256       256       256         1
  1.000000  1.000000  1.000000
orientation T byte_order littleendian
Reading image: /opt/freesurfer/average/711-2C_as_mni_average_305.4dfp.img
dimensions:      256       256       256
mmppix:       1.0000   -1.0000   -1.0000
center:     128.0000 -129.0000 -129.0000
/opt/freesurfer/average/711-2B_as_mni_average_305_mask.4dfp.img
       256       256       256         1
  1.000000  1.000000  1.000000
orientation T byte_order littleendian
Reading mask: /opt/freesurfer/average/711-2B_as_mni_average_305_mask.4dfp.img (2306576 pixels)
talsrcimg_g11.4dfp.img
       256       256       256         1
  1.000000  1.000000  1.000000
orientation T byte_order littleendian
Reading image: talsrcimg_g11.4dfp.img
dimensions:      256       256       256
mmppix:       1.0000   -1.0000   -1.0000
center:     128.0000 -129.0000 -129.0000
fimgreg.f
image alignment mode   3335 decimal      D07 hex
parameters
    0.3095   -0.7931    6.1654   -0.3067   -2.6586   -2.4010
    7.7031   -1.3841   -7.2196   21.7377    3.0218  -21.5711
eta,q 0.97212  8.35360
niter,ni,del,rscale     5    3    5.0000    1.2000
parameter  4  0.705523 ->  0.500000 qaram    1.1500
parameter  5  0.616678 ->  0.500000 qaram    1.1500
parameters
    0.3462   -0.5177    5.4577   -4.4467   -6.7986   -5.4877
    6.4795   -0.0845   -5.5695   19.2845    1.4790  -23.2448
eta,q 0.97641  7.97893
  0.0315  0.0307  0.0287  0.0261  0.0252  0.0253  0.0257  0.0291  0.0262  0.0246  0.0242  0.0242
  0.0296  0.0293  0.0280  0.0258  0.0247  0.0246  0.0247  0.0266  0.0251  0.0239  0.0238  0.0238
  0.0283  0.0283  0.0277  0.0262  0.0250  0.0241  0.0242  0.0250  0.0244  0.0237  0.0236  0.0236
  0.0279  0.0279  0.0279  0.0277  0.0259  0.0247  0.0242  0.0241  0.0240  0.0239  0.0237  0.0236
  0.0283  0.0280  0.0285  0.0303  0.0273  0.0267  0.0247  0.0241  0.0239  0.0246  0.0239  0.0239
  0.0294  0.0286  0.0295  0.0338  0.0295  0.0294  0.0257  0.0248  0.0242  0.0259  0.0244  0.0245
  0.0313  0.0297  0.0309  0.0376  0.0323  0.0332  0.0272  0.0265  0.0248  0.0279  0.0249  0.0252
niter,ni,del,rscale     6    3    5.0000    1.2000
parameters
    0.8051   -0.2416    5.1801   -5.8905   -7.1399   -6.9421
    5.8915    0.1013   -5.3124   19.2040    0.6678  -24.3780
eta,q 0.97628  7.86628
  0.0277  0.0263  0.0246  0.0254  0.0262  0.0248  0.0256  0.0271  0.0255  0.0256  0.0244  0.0245
  0.0257  0.0249  0.0239  0.0245  0.0250  0.0243  0.0246  0.0252  0.0246  0.0246  0.0240  0.0240
  0.0243  0.0239  0.0235  0.0238  0.0240  0.0239  0.0239  0.0241  0.0240  0.0240  0.0238  0.0238
  0.0236  0.0235  0.0235  0.0234  0.0236  0.0236  0.0238  0.0238  0.0238  0.0238  0.0238  0.0237
  0.0235  0.0236  0.0237  0.0238  0.0240  0.0238  0.0241  0.0241  0.0239  0.0240  0.0239  0.0240
  0.0242  0.0242  0.0244  0.0255  0.0251  0.0252  0.0250  0.0251  0.0244  0.0246  0.0242  0.0245
  0.0254  0.0252  0.0253  0.0287  0.0269  0.0276  0.0264  0.0266  0.0253  0.0257  0.0247  0.0251
niter,ni,del,rscale     5    3    5.0000    1.2000
parameters
    0.9648   -0.1471    5.0208   -6.1314   -7.3544   -7.3496
    5.7606    0.2298   -5.1558   19.3050    0.5012  -24.7774
eta,q 0.97619  7.83846
  0.0268  0.0261  0.0248  0.0260  0.0264  0.0252  0.0260  0.0271  0.0255  0.0257  0.0245  0.0248
  0.0252  0.0248  0.0241  0.0250  0.0252  0.0245  0.0248  0.0252  0.0246  0.0247  0.0241  0.0242
  0.0242  0.0240  0.0238  0.0242  0.0242  0.0241  0.0241  0.0241  0.0240  0.0240  0.0239  0.0239
  0.0237  0.0237  0.0237  0.0237  0.0237  0.0237  0.0238  0.0238  0.0238  0.0238  0.0238  0.0238
  0.0239  0.0239  0.0239  0.0237  0.0241  0.0236  0.0241  0.0242  0.0240  0.0240  0.0239  0.0240
  0.0247  0.0246  0.0244  0.0246  0.0252  0.0242  0.0249  0.0252  0.0245  0.0246  0.0242  0.0244
  0.0261  0.0257  0.0251  0.0270  0.0269  0.0262  0.0262  0.0267  0.0254  0.0256  0.0246  0.0250
niter,ni,del,rscale     4    3    5.0000    1.2000
parameters
    0.9974   -0.1025    4.9498   -6.1370   -7.4434   -7.3848
    5.7185    0.2637   -5.1313   19.4224    0.4702  -24.9197
eta,q 0.97619  7.83652
  0.0266  0.0261  0.0249  0.0261  0.0266  0.0253  0.0260  0.0270  0.0255  0.0257  0.0246  0.0248
  0.0251  0.0248  0.0243  0.0251  0.0253  0.0245  0.0249  0.0252  0.0246  0.0247  0.0241  0.0242
  0.0241  0.0241  0.0239  0.0244  0.0243  0.0242  0.0241  0.0241  0.0240  0.0240  0.0239  0.0239
  0.0238  0.0238  0.0238  0.0238  0.0238  0.0238  0.0238  0.0238  0.0238  0.0238  0.0238  0.0238
  0.0241  0.0240  0.0240  0.0237  0.0241  0.0236  0.0241  0.0242  0.0240  0.0240  0.0239  0.0239
  0.0250  0.0248  0.0244  0.0245  0.0252  0.0241  0.0249  0.0252  0.0245  0.0246  0.0242  0.0243
  0.0265  0.0259  0.0250  0.0267  0.0269  0.0259  0.0261  0.0268  0.0255  0.0256  0.0246  0.0249
niter,ni,del,rscale     3    3    5.0000    1.2000
parameters
    1.0048   -0.0796    4.9256   -6.1315   -7.4802   -7.3877
    5.7082    0.2710   -5.1336   19.4844    0.4519  -24.9829
eta,q 0.97619  7.83675
  0.0265  0.0260  0.0250  0.0261  0.0266  0.0253  0.0260  0.0270  0.0255  0.0257  0.0246  0.0249
  0.0251  0.0248  0.0243  0.0251  0.0254  0.0246  0.0249  0.0251  0.0246  0.0247  0.0241  0.0243
  0.0241  0.0241  0.0239  0.0244  0.0243  0.0242  0.0241  0.0241  0.0240  0.0240  0.0239  0.0239
  0.0238  0.0238  0.0238  0.0238  0.0238  0.0238  0.0238  0.0238  0.0238  0.0238  0.0238  0.0238
  0.0241  0.0241  0.0240  0.0237  0.0241  0.0236  0.0241  0.0242  0.0240  0.0240  0.0239  0.0239
  0.0250  0.0248  0.0244  0.0245  0.0252  0.0241  0.0248  0.0252  0.0246  0.0246  0.0242  0.0243
  0.0265  0.0259  0.0250  0.0267  0.0269  0.0258  0.0261  0.0268  0.0255  0.0256  0.0246  0.0249
niter,ni,del,rscale     2    3    5.0000    1.2000
parameters
    1.0056   -0.0674    4.9107   -6.1300   -7.4951   -7.3989
    5.7079    0.2744   -5.1401   19.5156    0.4503  -25.0182
eta,q 0.97618  7.83663
  0.0265  0.0260  0.0250  0.0261  0.0266  0.0253  0.0261  0.0270  0.0255  0.0257  0.0246  0.0249
  0.0251  0.0248  0.0243  0.0251  0.0254  0.0246  0.0249  0.0251  0.0246  0.0247  0.0241  0.0243
  0.0241  0.0241  0.0239  0.0244  0.0243  0.0242  0.0241  0.0241  0.0240  0.0240  0.0239  0.0239
  0.0238  0.0238  0.0238  0.0238  0.0238  0.0238  0.0238  0.0238  0.0238  0.0238  0.0238  0.0238
  0.0241  0.0241  0.0240  0.0237  0.0241  0.0236  0.0241  0.0242  0.0240  0.0240  0.0239  0.0239
  0.0250  0.0248  0.0244  0.0245  0.0252  0.0241  0.0248  0.0253  0.0246  0.0247  0.0242  0.0243
  0.0265  0.0259  0.0250  0.0267  0.0269  0.0259  0.0261  0.0268  0.0255  0.0256  0.0246  0.0249
registration optimization eta report
parameter search radius
    2.4000    2.4000    2.4000    8.2800    8.2800    7.2000
    7.2000    7.2000    7.2000    7.2000    7.2000    7.2000
100000*second partial in parameter space
       47.       37.       20.        4.        4.        4.
        4.        6.        3.        4.        1.        2.
  0.0265  0.0260  0.0250  0.0261  0.0266  0.0253  0.0261  0.0270  0.0255  0.0257  0.0246  0.0249
  0.0251  0.0248  0.0243  0.0251  0.0254  0.0246  0.0249  0.0251  0.0246  0.0247  0.0241  0.0243
  0.0241  0.0241  0.0239  0.0244  0.0243  0.0242  0.0241  0.0241  0.0240  0.0240  0.0239  0.0239
  0.0238  0.0238  0.0238  0.0238  0.0238  0.0238  0.0238  0.0238  0.0238  0.0238  0.0238  0.0238
  0.0241  0.0241  0.0240  0.0237  0.0241  0.0236  0.0241  0.0242  0.0240  0.0240  0.0239  0.0239
  0.0250  0.0248  0.0244  0.0245  0.0252  0.0241  0.0248  0.0253  0.0246  0.0247  0.0242  0.0243
  0.0265  0.0259  0.0250  0.0267  0.0269  0.0259  0.0261  0.0268  0.0255  0.0256  0.0246  0.0249
    1.0056   -0.0674    4.9107   -6.1300   -7.4951   -7.3989
    5.7079    0.2744   -5.1401   19.5156    0.4503  -25.0182
eta,q 0.97618  7.83663

---------------------------------------------------------------------
imgreg_4dfp /opt/freesurfer/average/711-2C_as_mni_average_305 /opt/freesurfer/average/711-2B_as_mni_average_305_mask talsrcimg_g11 none talsrcimg_to_711-2C_as_mni_average_305_t4 2311
---------------------------------------------------------------------

freesurfer imgreg_4dfp.c
/opt/freesurfer/average/711-2C_as_mni_average_305.4dfp.img
       256       256       256         1
  1.000000  1.000000  1.000000
orientation T byte_order littleendian
Reading image: /opt/freesurfer/average/711-2C_as_mni_average_305.4dfp.img
dimensions:      256       256       256
mmppix:       1.0000   -1.0000   -1.0000
center:     128.0000 -129.0000 -129.0000
/opt/freesurfer/average/711-2B_as_mni_average_305_mask.4dfp.img
       256       256       256         1
  1.000000  1.000000  1.000000
orientation T byte_order littleendian
Reading mask: /opt/freesurfer/average/711-2B_as_mni_average_305_mask.4dfp.img (2306576 pixels)
talsrcimg_g11.4dfp.img
       256       256       256         1
  1.000000  1.000000  1.000000
orientation T byte_order littleendian
Reading image: talsrcimg_g11.4dfp.img
dimensions:      256       256       256
mmppix:       1.0000   -1.0000   -1.0000
center:     128.0000 -129.0000 -129.0000
fimgreg.f
image alignment mode   2311 decimal      907 hex
parameters
    1.0056   -0.0674    4.9107   -6.1301   -7.4951   -7.3989
    5.7079    0.2744   -5.1401   19.5156    0.4503  -25.0182
eta,q 0.97618  7.83663
niter,ni,del,rscale     5    3    5.0000    0.8000
parameters
    1.0091   -0.0748    4.8614   -4.7873   -7.2829   -5.6538
    5.5692    0.4220   -5.2036   20.0172    0.4206  -24.8372
eta,q 0.97656  7.96340
  0.0251  0.0248  0.0243  0.0249  0.0250  0.0245  0.0245  0.0252  0.0242  0.0245  0.0239  0.0240
  0.0244  0.0243  0.0240  0.0245  0.0244  0.0242  0.0239  0.0242  0.0238  0.0240  0.0236  0.0237
  0.0240  0.0239  0.0239  0.0241  0.0239  0.0240  0.0236  0.0236  0.0235  0.0236  0.0235  0.0235
  0.0238  0.0238  0.0238  0.0238  0.0237  0.0237  0.0234  0.0234  0.0234  0.0235  0.0234  0.0234
  0.0240  0.0239  0.0239  0.0237  0.0238  0.0235  0.0236  0.0236  0.0235  0.0235  0.0235  0.0235
  0.0244  0.0243  0.0241  0.0238  0.0242  0.0235  0.0240  0.0241  0.0238  0.0237  0.0236  0.0236
  0.0250  0.0248  0.0244  0.0242  0.0248  0.0239  0.0246  0.0249  0.0242  0.0241  0.0239  0.0239
niter,ni,del,rscale     4    3    5.0000    0.7000
parameters
    0.8979   -0.0830    5.0154   -4.6475   -7.1191   -5.6518
    5.6574    0.3024   -5.2561   19.9503    0.4831  -24.5302
eta,q 0.97659  7.97129
  0.0243  0.0242  0.0240  0.0243  0.0245  0.0242  0.0243  0.0246  0.0240  0.0241  0.0238  0.0238
  0.0238  0.0238  0.0237  0.0239  0.0239  0.0240  0.0238  0.0239  0.0237  0.0237  0.0236  0.0236
  0.0235  0.0235  0.0235  0.0236  0.0236  0.0236  0.0235  0.0235  0.0235  0.0235  0.0234  0.0235
  0.0234  0.0234  0.0234  0.0234  0.0234  0.0234  0.0234  0.0234  0.0234  0.0234  0.0234  0.0234
  0.0236  0.0235  0.0235  0.0234  0.0235  0.0234  0.0235  0.0236  0.0235  0.0235  0.0235  0.0234
  0.0240  0.0238  0.0236  0.0237  0.0238  0.0237  0.0238  0.0240  0.0237  0.0237  0.0236  0.0235
  0.0246  0.0242  0.0238  0.0243  0.0243  0.0245  0.0242  0.0247  0.0240  0.0241  0.0237  0.0237
niter,ni,del,rscale     3    3    5.0000    0.6000
parameters
    0.8769   -0.1039    5.0486   -4.5356   -7.0841   -5.3872
    5.6709    0.2963   -5.2577   19.9427    0.5513  -24.4183
eta,q 0.97661  7.98494
  0.0242  0.0240  0.0238  0.0240  0.0241  0.0241  0.0240  0.0243  0.0238  0.0239  0.0236  0.0237
  0.0237  0.0237  0.0236  0.0238  0.0238  0.0239  0.0237  0.0238  0.0236  0.0236  0.0235  0.0235
  0.0235  0.0235  0.0235  0.0235  0.0235  0.0236  0.0235  0.0235  0.0234  0.0234  0.0234  0.0234
  0.0234  0.0234  0.0234  0.0234  0.0234  0.0234  0.0234  0.0234  0.0234  0.0234  0.0234  0.0234
  0.0235  0.0235  0.0234  0.0234  0.0235  0.0234  0.0235  0.0235  0.0234  0.0234  0.0234  0.0234
  0.0238  0.0237  0.0236  0.0236  0.0237  0.0236  0.0237  0.0238  0.0236  0.0236  0.0235  0.0235
  0.0242  0.0240  0.0238  0.0240  0.0241  0.0241  0.0240  0.0243  0.0238  0.0239  0.0236  0.0236
niter,ni,del,rscale     2    3    5.0000    0.5000
parameters
    0.8576   -0.1185    5.0866   -4.4100   -7.0427   -5.1708
    5.6714    0.3051   -5.2660   19.9344    0.5899  -24.2916
eta,q 0.97663  7.99748
  0.0239  0.0238  0.0237  0.0238  0.0239  0.0239  0.0238  0.0240  0.0237  0.0237  0.0236  0.0236
  0.0236  0.0236  0.0235  0.0236  0.0236  0.0237  0.0236  0.0237  0.0235  0.0235  0.0235  0.0235
  0.0234  0.0234  0.0234  0.0235  0.0234  0.0235  0.0234  0.0234  0.0234  0.0234  0.0234  0.0234
  0.0234  0.0234  0.0234  0.0234  0.0234  0.0234  0.0234  0.0234  0.0234  0.0234  0.0234  0.0234
  0.0235  0.0234  0.0234  0.0234  0.0234  0.0234  0.0234  0.0234  0.0234  0.0234  0.0234  0.0234
  0.0236  0.0236  0.0235  0.0235  0.0236  0.0235  0.0236  0.0237  0.0235  0.0235  0.0234  0.0234
  0.0239  0.0238  0.0236  0.0238  0.0239  0.0239  0.0238  0.0240  0.0237  0.0237  0.0235  0.0235
niter,ni,del,rscale     1    3    5.0000    0.4000
parameters
    0.8347   -0.1360    5.1178   -4.2983   -7.0032   -5.0129
    5.6809    0.3150   -5.2735   19.9342    0.6645  -24.2021
eta,q 0.97664  8.00769
  0.0237  0.0236  0.0236  0.0237  0.0237  0.0238  0.0237  0.0238  0.0235  0.0236  0.0235  0.0235
  0.0235  0.0235  0.0235  0.0235  0.0235  0.0236  0.0235  0.0236  0.0234  0.0235  0.0234  0.0234
  0.0234  0.0234  0.0234  0.0234  0.0234  0.0234  0.0234  0.0234  0.0234  0.0234  0.0234  0.0234
  0.0234  0.0234  0.0234  0.0234  0.0234  0.0234  0.0234  0.0234  0.0234  0.0234  0.0234  0.0234
  0.0234  0.0234  0.0234  0.0234  0.0234  0.0234  0.0234  0.0234  0.0234  0.0234  0.0234  0.0234
  0.0235  0.0235  0.0234  0.0235  0.0235  0.0235  0.0235  0.0236  0.0234  0.0235  0.0234  0.0234
  0.0237  0.0236  0.0235  0.0237  0.0237  0.0237  0.0237  0.0238  0.0235  0.0236  0.0235  0.0235
registration optimization eta report
parameter search radius
    0.8000    0.8000    0.8000    2.4000    2.4000    2.4000
    2.4000    2.4000    2.4000    2.4000    2.4000    2.4000
100000*second partial in parameter space
       53.       41.       27.        5.        6.        6.
        5.        8.        3.        4.        2.        2.
  0.0237  0.0236  0.0236  0.0237  0.0237  0.0238  0.0237  0.0238  0.0235  0.0236  0.0235  0.0235
  0.0235  0.0235  0.0235  0.0235  0.0235  0.0236  0.0235  0.0236  0.0234  0.0235  0.0234  0.0234
  0.0234  0.0234  0.0234  0.0234  0.0234  0.0234  0.0234  0.0234  0.0234  0.0234  0.0234  0.0234
  0.0234  0.0234  0.0234  0.0234  0.0234  0.0234  0.0234  0.0234  0.0234  0.0234  0.0234  0.0234
  0.0234  0.0234  0.0234  0.0234  0.0234  0.0234  0.0234  0.0234  0.0234  0.0234  0.0234  0.0234
  0.0235  0.0235  0.0234  0.0235  0.0235  0.0235  0.0235  0.0236  0.0234  0.0235  0.0234  0.0234
  0.0237  0.0236  0.0235  0.0237  0.0237  0.0237  0.0237  0.0238  0.0235  0.0236  0.0235  0.0235
    0.8347   -0.1360    5.1178   -4.2983   -7.0032   -5.0129
    5.6809    0.3150   -5.2735   19.9342    0.6645  -24.2021
eta,q 0.97664  8.00769

---------------------------------------------------------------------
imgreg_4dfp /opt/freesurfer/average/711-2C_as_mni_average_305 /opt/freesurfer/average/711-2B_as_mni_average_305_mask talsrcimg_g11 none talsrcimg_to_711-2C_as_mni_average_305_t4 2311
---------------------------------------------------------------------

freesurfer imgreg_4dfp.c
/opt/freesurfer/average/711-2C_as_mni_average_305.4dfp.img
       256       256       256         1
  1.000000  1.000000  1.000000
orientation T byte_order littleendian
Reading image: /opt/freesurfer/average/711-2C_as_mni_average_305.4dfp.img
dimensions:      256       256       256
mmppix:       1.0000   -1.0000   -1.0000
center:     128.0000 -129.0000 -129.0000
/opt/freesurfer/average/711-2B_as_mni_average_305_mask.4dfp.img
       256       256       256         1
  1.000000  1.000000  1.000000
orientation T byte_order littleendian
Reading mask: /opt/freesurfer/average/711-2B_as_mni_average_305_mask.4dfp.img (2306576 pixels)
talsrcimg_g11.4dfp.img
       256       256       256         1
  1.000000  1.000000  1.000000
orientation T byte_order littleendian
Reading image: talsrcimg_g11.4dfp.img
dimensions:      256       256       256
mmppix:       1.0000   -1.0000   -1.0000
center:     128.0000 -129.0000 -129.0000
fimgreg.f
image alignment mode   2311 decimal      907 hex
parameters
    0.8347   -0.1360    5.1178   -4.2983   -7.0032   -5.0129
    5.6809    0.3150   -5.2735   19.9342    0.6645  -24.2021
eta,q 0.97664  8.00769
niter,ni,del,rscale     5    3    5.0000    0.8000
parameters
    0.8356   -0.1501    5.1294   -4.7870   -6.9718   -5.7279
    5.7485    0.2160   -5.2781   19.7425    0.4933  -24.3259
eta,q 0.97657  7.96415
  0.0248  0.0244  0.0241  0.0243  0.0246  0.0242  0.0245  0.0250  0.0242  0.0243  0.0238  0.0239
  0.0240  0.0238  0.0237  0.0238  0.0240  0.0239  0.0240  0.0241  0.0238  0.0238  0.0236  0.0236
  0.0235  0.0235  0.0234  0.0235  0.0236  0.0236  0.0236  0.0235  0.0235  0.0235  0.0235  0.0235
  0.0234  0.0234  0.0234  0.0234  0.0234  0.0234  0.0234  0.0234  0.0234  0.0234  0.0234  0.0234
  0.0235  0.0235  0.0234  0.0235  0.0235  0.0235  0.0235  0.0237  0.0235  0.0236  0.0235  0.0235
  0.0240  0.0238  0.0237  0.0240  0.0240  0.0242  0.0239  0.0242  0.0237  0.0239  0.0236  0.0237
  0.0247  0.0244  0.0240  0.0250  0.0246  0.0255  0.0245  0.0251  0.0242  0.0244  0.0239  0.0239
niter,ni,del,rscale     4    3    5.0000    0.7000
parameters
    0.8887   -0.1361    5.0710   -4.7287   -7.0399   -5.6875
    5.6899    0.2503   -5.2276   19.8030    0.4317  -24.4448
eta,q 0.97658  7.96675
  0.0245  0.0242  0.0239  0.0242  0.0243  0.0242  0.0242  0.0247  0.0240  0.0241  0.0237  0.0238
  0.0239  0.0238  0.0236  0.0239  0.0239  0.0240  0.0238  0.0240  0.0237  0.0237  0.0235  0.0236
  0.0236  0.0235  0.0235  0.0236  0.0235  0.0236  0.0235  0.0235  0.0235  0.0235  0.0234  0.0234
  0.0234  0.0234  0.0234  0.0234  0.0234  0.0234  0.0234  0.0234  0.0234  0.0234  0.0234  0.0234
  0.0235  0.0235  0.0235  0.0234  0.0235  0.0234  0.0235  0.0236  0.0235  0.0235  0.0235  0.0235
  0.0238  0.0238  0.0237  0.0237  0.0239  0.0237  0.0238  0.0240  0.0237  0.0237  0.0236  0.0236
  0.0244  0.0242  0.0240  0.0243  0.0244  0.0244  0.0243  0.0246  0.0240  0.0241  0.0237  0.0238
niter,ni,del,rscale     3    3    5.0000    0.6000
parameters
    0.8843   -0.1264    5.0647   -4.5683   -7.0598   -5.4147
    5.6525    0.2952   -5.2292   19.8876    0.4983  -24.3944
eta,q 0.97661  7.98248
  0.0242  0.0240  0.0238  0.0241  0.0241  0.0241  0.0240  0.0244  0.0238  0.0239  0.0236  0.0237
  0.0237  0.0237  0.0236  0.0238  0.0238  0.0239  0.0237  0.0238  0.0236  0.0236  0.0235  0.0235
  0.0235  0.0235  0.0235  0.0235  0.0235  0.0236  0.0235  0.0235  0.0234  0.0234  0.0234  0.0234
  0.0234  0.0234  0.0234  0.0234  0.0234  0.0234  0.0234  0.0234  0.0234  0.0234  0.0234  0.0234
  0.0235  0.0235  0.0235  0.0234  0.0235  0.0234  0.0235  0.0235  0.0234  0.0234  0.0234  0.0234
  0.0238  0.0237  0.0236  0.0236  0.0238  0.0236  0.0237  0.0238  0.0236  0.0236  0.0235  0.0235
  0.0242  0.0240  0.0238  0.0240  0.0242  0.0241  0.0240  0.0243  0.0238  0.0239  0.0236  0.0236
niter,ni,del,rscale     2    3    5.0000    0.5000
parameters
    0.8613   -0.1284    5.0915   -4.4250   -7.0366   -5.1787
    5.6573    0.3090   -5.2420   19.9088    0.5758  -24.3134
eta,q 0.97663  7.99654
  0.0239  0.0238  0.0237  0.0239  0.0239  0.0239  0.0238  0.0240  0.0237  0.0237  0.0236  0.0236
  0.0236  0.0236  0.0235  0.0236  0.0236  0.0237  0.0236  0.0237  0.0235  0.0235  0.0235  0.0235
  0.0234  0.0234  0.0234  0.0235  0.0234  0.0235  0.0234  0.0234  0.0234  0.0234  0.0234  0.0234
  0.0234  0.0234  0.0234  0.0234  0.0234  0.0234  0.0234  0.0234  0.0234  0.0234  0.0234  0.0234
  0.0234  0.0234  0.0234  0.0234  0.0234  0.0234  0.0234  0.0234  0.0234  0.0234  0.0234  0.0234
  0.0236  0.0236  0.0235  0.0235  0.0236  0.0235  0.0236  0.0237  0.0235  0.0235  0.0234  0.0234
  0.0239  0.0238  0.0236  0.0238  0.0239  0.0239  0.0238  0.0240  0.0237  0.0237  0.0235  0.0235
niter,ni,del,rscale     1    3    5.0000    0.4000
parameters
    0.8382   -0.1422    5.1199   -4.3040   -7.0030   -5.0079
    5.6639    0.3143   -5.2805   19.9157    0.6400  -24.1672
eta,q 0.97664  8.00711
  0.0237  0.0236  0.0235  0.0237  0.0237  0.0238  0.0236  0.0238  0.0235  0.0236  0.0235  0.0235
  0.0235  0.0235  0.0235  0.0235  0.0235  0.0236  0.0235  0.0235  0.0234  0.0235  0.0234  0.0234
  0.0234  0.0234  0.0234  0.0234  0.0234  0.0234  0.0234  0.0234  0.0234  0.0234  0.0234  0.0234
  0.0234  0.0234  0.0234  0.0234  0.0234  0.0234  0.0234  0.0234  0.0234  0.0234  0.0234  0.0234
  0.0234  0.0234  0.0234  0.0234  0.0234  0.0234  0.0234  0.0234  0.0234  0.0234  0.0234  0.0234
  0.0235  0.0235  0.0234  0.0235  0.0235  0.0235  0.0235  0.0236  0.0234  0.0235  0.0234  0.0234
  0.0237  0.0236  0.0235  0.0237  0.0237  0.0237  0.0236  0.0238  0.0236  0.0236  0.0235  0.0235
registration optimization eta report
parameter search radius
    0.8000    0.8000    0.8000    2.4000    2.4000    2.4000
    2.4000    2.4000    2.4000    2.4000    2.4000    2.4000
100000*second partial in parameter space
       54.       40.       27.        5.        6.        6.
        5.        8.        3.        4.        2.        2.
  0.0237  0.0236  0.0235  0.0237  0.0237  0.0238  0.0236  0.0238  0.0235  0.0236  0.0235  0.0235
  0.0235  0.0235  0.0235  0.0235  0.0235  0.0236  0.0235  0.0235  0.0234  0.0235  0.0234  0.0234
  0.0234  0.0234  0.0234  0.0234  0.0234  0.0234  0.0234  0.0234  0.0234  0.0234  0.0234  0.0234
  0.0234  0.0234  0.0234  0.0234  0.0234  0.0234  0.0234  0.0234  0.0234  0.0234  0.0234  0.0234
  0.0234  0.0234  0.0234  0.0234  0.0234  0.0234  0.0234  0.0234  0.0234  0.0234  0.0234  0.0234
  0.0235  0.0235  0.0234  0.0235  0.0235  0.0235  0.0235  0.0236  0.0234  0.0235  0.0234  0.0234
  0.0237  0.0236  0.0235  0.0237  0.0237  0.0237  0.0236  0.0238  0.0236  0.0236  0.0235  0.0235
    0.8382   -0.1422    5.1199   -4.3040   -7.0030   -5.0079
    5.6639    0.3143   -5.2805   19.9157    0.6400  -24.1672
eta,q 0.97664  8.00711

---------------------------------------------------------------------
compute_vox2vox talsrcimg talsrcimg_to_711-2C_as_mni_average_305_t4 /opt/freesurfer/average/711-2C_as_mni_average_305
---------------------------------------------------------------------

freesurfer compute_vox2vox.c
Reading: talsrcimg.4dfp.ifh
Reading: talsrcimg_to_711-2C_as_mni_average_305_t4
Reading: /opt/freesurfer/average/711-2C_as_mni_average_305.4dfp.ifh
Writing: talsrcimg_to_711-2C_as_mni_average_305_t4_vox2vox.txt

start time Thu Mar 12 10:12:19 CET 2026
end		time Thu Mar 12 10:13:46 CET 2026

mpr2mni305 success

avi2talxfm orig_nu.mgz /opt/freesurfer/average/mni305.cor.mgz talsrcimg_to_711-2C_as_mni_average_305_t4_vox2vox.txt transforms/talairach.auto.xfm
avi2talxfm done
mv -f /out/sourcedata/freesurfer/sub-v1s11x0050148_ses-1/mri/talsrcimg_to_711-2C_as_mni_average_305_t4_vox2vox.txt /out/sourcedata/freesurfer/sub-v1s11x0050148_ses-1/mri/transforms/talsrcimg_to_711-2C_as_mni_average_305_t4_vox2vox.txt
lta_convert --src orig_nu.mgz --trg /opt/freesurfer/average/mni305.cor.mgz --inxfm transforms/talairach.auto.xfm --outlta transforms/talairach.auto.xfm.lta --subject fsaverage
7.3.2

--src: orig_nu.mgz src image (geometry).
--trg: /opt/freesurfer/average/mni305.cor.mgz trg image (geometry).
--inmni: transforms/talairach.auto.xfm input MNI/XFM transform.
--outlta: transforms/talairach.auto.xfm.lta output LTA.
--s: fsaverage subject name
 LTA read, type : 1
 1.04155   0.00934  -0.06101   4.30747;
 0.00761   0.99840   0.25899  -23.56184;
 0.05751  -0.21328   1.01638  -15.60788;
 0.00000   0.00000   0.00000   1.00000;
setting subject to fsaverage
Writing  LTA to file transforms/talairach.auto.xfm.lta...
lta_convert successful.
 
 
Started at Thu Mar 12 10:12:18 CET 2026
Ended   at Thu Mar 12 10:13:46 CET 2026
talairach_avi done
