status file for recon-all
Thu Mar 12 11:46:06 CET 2026
#@# Tessellate lh Thu Mar 12 11:46:06 CET 2026
#@# Smooth1 lh Thu Mar 12 11:46:10 CET 2026
#@# Inflation1 lh Thu Mar 12 11:46:13 CET 2026
#@# QSphere lh Thu Mar 12 11:46:28 CET 2026
#@# Fix Topology lh Thu Mar 12 11:47:58 CET 2026
#@# Smooth2 lh Thu Mar 12 11:54:53 CET 2026
#@# Inflation2 lh Thu Mar 12 11:54:56 CET 2026
#@# Curv .H and .K lh Thu Mar 12 11:55:15 CET 2026
#@# Sphere lh Thu Mar 12 11:56:07 CET 2026
#@# Surf Reg lh Thu Mar 12 11:59:00 CET 2026
#@# Jacobian white lh Thu Mar 12 12:04:08 CET 2026
#@# AvgCurv lh Thu Mar 12 12:04:09 CET 2026
#@# Cortical Parc lh Thu Mar 12 12:04:11 CET 2026
#@# white curv lh Thu Mar 12 12:11:26 CET 2026
#@# white area lh Thu Mar 12 12:11:28 CET 2026
#@# pial curv lh Thu Mar 12 12:11:29 CET 2026
#@# pial area lh Thu Mar 12 12:11:31 CET 2026
#@# thickness lh Thu Mar 12 12:11:32 CET 2026
#@# area and vertex vol lh Thu Mar 12 12:12:06 CET 2026
#@# Curvature Stats lh Thu Mar 12 12:12:08 CET 2026
#@# Cortical Parc 2 lh Thu Mar 12 12:12:11 CET 2026
#@# Cortical Parc 3 lh Thu Mar 12 12:12:26 CET 2026
#@# WM/GM Contrast lh Thu Mar 12 12:12:38 CET 2026
recon-all -s sub-v1s11x0050145_ses-1 finished without error at Thu Mar 12 12:12:41 CET 2026



#New# invocation of recon-all 



status file for recon-all
Thu Mar 12 12:46:15 CET 2026
#@# white curv lh Thu Mar 12 12:46:15 CET 2026
#@# white area lh Thu Mar 12 12:46:15 CET 2026
#@# pial curv lh Thu Mar 12 12:46:15 CET 2026
#@# pial area lh Thu Mar 12 12:46:15 CET 2026
#@# thickness lh Thu Mar 12 12:46:15 CET 2026
#@# area and vertex vol lh Thu Mar 12 12:46:15 CET 2026
#@# Parcellation Stats lh Thu Mar 12 12:46:15 CET 2026
#@# Parcellation Stats 2 lh Thu Mar 12 12:46:38 CET 2026
#@# Parcellation Stats 3 lh Thu Mar 12 12:46:49 CET 2026
#@# BA_exvivo Labels lh Thu Mar 12 12:47:00 CET 2026
recon-all -s sub-v1s11x0050145_ses-1 finished without error at Thu Mar 12 12:50:02 CET 2026
