status file for recon-all
Thu Mar 12 12:12:43 CET 2026
#@# Tessellate rh Thu Mar 12 12:12:43 CET 2026
#@# Smooth1 rh Thu Mar 12 12:12:47 CET 2026
#@# Inflation1 rh Thu Mar 12 12:12:50 CET 2026
#@# QSphere rh Thu Mar 12 12:13:06 CET 2026
#@# Fix Topology rh Thu Mar 12 12:14:36 CET 2026
#@# Smooth2 rh Thu Mar 12 12:22:12 CET 2026
#@# Inflation2 rh Thu Mar 12 12:22:15 CET 2026
#@# Curv .H and .K rh Thu Mar 12 12:22:31 CET 2026
#@# Sphere rh Thu Mar 12 12:23:22 CET 2026
#@# Surf Reg rh Thu Mar 12 12:26:10 CET 2026
#@# Jacobian white rh Thu Mar 12 12:31:07 CET 2026
#@# AvgCurv rh Thu Mar 12 12:31:08 CET 2026
#@# Cortical Parc rh Thu Mar 12 12:31:09 CET 2026
#@# white curv rh Thu Mar 12 12:38:28 CET 2026
#@# white area rh Thu Mar 12 12:38:30 CET 2026
#@# pial curv rh Thu Mar 12 12:38:31 CET 2026
#@# pial area rh Thu Mar 12 12:38:33 CET 2026
#@# thickness rh Thu Mar 12 12:38:34 CET 2026
#@# area and vertex vol rh Thu Mar 12 12:39:08 CET 2026
#@# Curvature Stats rh Thu Mar 12 12:39:10 CET 2026
#@# Cortical Parc 2 rh Thu Mar 12 12:39:12 CET 2026
#@# Cortical Parc 3 rh Thu Mar 12 12:39:27 CET 2026
#@# WM/GM Contrast rh Thu Mar 12 12:39:40 CET 2026
recon-all -s sub-v1s11x0050145_ses-1 finished without error at Thu Mar 12 12:39:43 CET 2026



#New# invocation of recon-all 



status file for recon-all
Thu Mar 12 12:50:05 CET 2026
#@# white curv rh Thu Mar 12 12:50:05 CET 2026
#@# white area rh Thu Mar 12 12:50:05 CET 2026
#@# pial curv rh Thu Mar 12 12:50:05 CET 2026
#@# pial area rh Thu Mar 12 12:50:05 CET 2026
#@# thickness rh Thu Mar 12 12:50:05 CET 2026
#@# area and vertex vol rh Thu Mar 12 12:50:05 CET 2026
#@# Parcellation Stats rh Thu Mar 12 12:50:05 CET 2026
#@# Parcellation Stats 2 rh Thu Mar 12 12:50:27 CET 2026
#@# Parcellation Stats 3 rh Thu Mar 12 12:50:37 CET 2026
#@# BA_exvivo Labels rh Thu Mar 12 12:50:48 CET 2026
recon-all -s sub-v1s11x0050145_ses-1 finished without error at Thu Mar 12 12:53:50 CET 2026
