status file for recon-all
Thu Mar 12 09:57:25 CET 2026
#@# MotionCor Thu Mar 12 09:57:27 CET 2026
#@# Talairach Thu Mar 12 09:57:34 CET 2026
#@# Talairach Failure Detection Thu Mar 12 10:02:04 CET 2026
#@# Nu Intensity Correction Thu Mar 12 10:02:04 CET 2026
#@# Intensity Normalization Thu Mar 12 10:05:20 CET 2026
recon-all -s sub-v1s11x0050145_ses-1 finished without error at Thu Mar 12 10:06:47 CET 2026



#New# invocation of recon-all 



status file for recon-all
Thu Mar 12 10:13:30 CET 2026
#@# EM Registration Thu Mar 12 10:13:30 CET 2026
recon-all -s sub-v1s11x0050145_ses-1 finished without error at Thu Mar 12 10:15:41 CET 2026



#New# invocation of recon-all 



status file for recon-all
Thu Mar 12 10:15:42 CET 2026
#@# CA Normalize Thu Mar 12 10:15:42 CET 2026
#@# CA Reg Thu Mar 12 10:17:03 CET 2026
#@# SubCort Seg Thu Mar 12 11:11:02 CET 2026
#@# CC Seg Thu Mar 12 11:40:08 CET 2026
#@# Merge ASeg Thu Mar 12 11:40:49 CET 2026
#@# Intensity Normalization2 Thu Mar 12 11:40:49 CET 2026
#@# Mask BFS Thu Mar 12 11:42:58 CET 2026
#@# WM Segmentation Thu Mar 12 11:42:58 CET 2026
#@# Fill Thu Mar 12 11:44:55 CET 2026
recon-all -s sub-v1s11x0050145_ses-1 finished without error at Thu Mar 12 11:46:02 CET 2026



#New# invocation of recon-all 



status file for recon-all
Thu Mar 12 12:39:47 CET 2026
#@# white curv lh Thu Mar 12 12:39:47 CET 2026
#@# white area lh Thu Mar 12 12:39:47 CET 2026
#@# pial curv lh Thu Mar 12 12:39:47 CET 2026
#@# pial area lh Thu Mar 12 12:39:47 CET 2026
#@# thickness lh Thu Mar 12 12:39:47 CET 2026
#@# area and vertex vol lh Thu Mar 12 12:39:47 CET 2026
#@# white curv rh Thu Mar 12 12:39:47 CET 2026
#@# white area rh Thu Mar 12 12:39:47 CET 2026
#@# pial curv rh Thu Mar 12 12:39:47 CET 2026
#@# pial area rh Thu Mar 12 12:39:47 CET 2026
#@# thickness rh Thu Mar 12 12:39:47 CET 2026
#@# area and vertex vol rh Thu Mar 12 12:39:47 CET 2026
#@# Cortical ribbon mask Thu Mar 12 12:39:47 CET 2026
recon-all -s sub-v1s11x0050145_ses-1 finished without error at Thu Mar 12 12:46:10 CET 2026



#New# invocation of recon-all 



status file for recon-all
Thu Mar 12 12:53:55 CET 2026
#@# white curv lh Thu Mar 12 12:53:55 CET 2026
#@# white area lh Thu Mar 12 12:53:55 CET 2026
#@# pial curv lh Thu Mar 12 12:53:55 CET 2026
#@# pial area lh Thu Mar 12 12:53:55 CET 2026
#@# thickness lh Thu Mar 12 12:53:55 CET 2026
#@# area and vertex vol lh Thu Mar 12 12:53:55 CET 2026
#@# white curv rh Thu Mar 12 12:53:55 CET 2026
#@# white area rh Thu Mar 12 12:53:55 CET 2026
#@# pial curv rh Thu Mar 12 12:53:55 CET 2026
#@# pial area rh Thu Mar 12 12:53:55 CET 2026
#@# thickness rh Thu Mar 12 12:53:55 CET 2026
#@# area and vertex vol rh Thu Mar 12 12:53:55 CET 2026
#@# Curvature Stats lh Thu Mar 12 12:53:55 CET 2026
#@# Curvature Stats rh Thu Mar 12 12:53:58 CET 2026
#@# Relabel Hypointensities Thu Mar 12 12:54:01 CET 2026
#@# APas-to-ASeg Thu Mar 12 12:54:18 CET 2026
#@# AParc-to-ASeg aparc Thu Mar 12 12:54:27 CET 2026
#@# AParc-to-ASeg aparc.a2009s Thu Mar 12 12:55:22 CET 2026
#@# AParc-to-ASeg aparc.DKTatlas Thu Mar 12 12:56:20 CET 2026
#@# WMParc Thu Mar 12 12:57:15 CET 2026
#@# ASeg Stats Thu Mar 12 13:01:15 CET 2026
recon-all -s sub-v1s11x0050145_ses-1 finished without error at Thu Mar 12 13:01:57 CET 2026
