status file for recon-all
Sun Mar  8 12:42:49 CET 2026
#@# MotionCor Sun Mar  8 12:42:50 CET 2026
#@# Talairach Sun Mar  8 12:42:56 CET 2026
#@# Talairach Failure Detection Sun Mar  8 12:45:45 CET 2026
#@# Nu Intensity Correction Sun Mar  8 12:45:45 CET 2026
#@# Intensity Normalization Sun Mar  8 12:48:31 CET 2026
recon-all -s sub-v1s11x0050169_ses-1 finished without error at Sun Mar  8 12:49:23 CET 2026



#New# invocation of recon-all 



status file for recon-all
Sun Mar  8 12:54:59 CET 2026
#@# EM Registration Sun Mar  8 12:54:59 CET 2026
recon-all -s sub-v1s11x0050169_ses-1 finished without error at Sun Mar  8 12:56:33 CET 2026



#New# invocation of recon-all 



status file for recon-all
Sun Mar  8 12:56:35 CET 2026
#@# CA Normalize Sun Mar  8 12:56:35 CET 2026
#@# CA Reg Sun Mar  8 12:57:26 CET 2026
#@# SubCort Seg Sun Mar  8 13:34:44 CET 2026
#@# CC Seg Sun Mar  8 13:54:59 CET 2026
#@# Merge ASeg Sun Mar  8 13:55:57 CET 2026
#@# Intensity Normalization2 Sun Mar  8 13:55:57 CET 2026
#@# Mask BFS Sun Mar  8 13:57:18 CET 2026
#@# WM Segmentation Sun Mar  8 13:57:18 CET 2026
#@# Fill Sun Mar  8 13:58:52 CET 2026
recon-all -s sub-v1s11x0050169_ses-1 finished without error at Sun Mar  8 13:59:29 CET 2026



#New# invocation of recon-all 



status file for recon-all
Sun Mar  8 14:42:15 CET 2026
#@# white curv lh Sun Mar  8 14:42:15 CET 2026
#@# white area lh Sun Mar  8 14:42:15 CET 2026
#@# pial curv lh Sun Mar  8 14:42:15 CET 2026
#@# pial area lh Sun Mar  8 14:42:15 CET 2026
#@# thickness lh Sun Mar  8 14:42:15 CET 2026
#@# area and vertex vol lh Sun Mar  8 14:42:15 CET 2026
#@# white curv rh Sun Mar  8 14:42:15 CET 2026
#@# white area rh Sun Mar  8 14:42:15 CET 2026
#@# pial curv rh Sun Mar  8 14:42:15 CET 2026
#@# pial area rh Sun Mar  8 14:42:15 CET 2026
#@# thickness rh Sun Mar  8 14:42:15 CET 2026
#@# area and vertex vol rh Sun Mar  8 14:42:15 CET 2026
#@# Cortical ribbon mask Sun Mar  8 14:42:15 CET 2026
recon-all -s sub-v1s11x0050169_ses-1 finished without error at Sun Mar  8 14:45:11 CET 2026



#New# invocation of recon-all 



status file for recon-all
Sun Mar  8 14:50:27 CET 2026
#@# white curv lh Sun Mar  8 14:50:27 CET 2026
#@# white area lh Sun Mar  8 14:50:27 CET 2026
#@# pial curv lh Sun Mar  8 14:50:27 CET 2026
#@# pial area lh Sun Mar  8 14:50:27 CET 2026
#@# thickness lh Sun Mar  8 14:50:28 CET 2026
#@# area and vertex vol lh Sun Mar  8 14:50:28 CET 2026
#@# white curv rh Sun Mar  8 14:50:28 CET 2026
#@# white area rh Sun Mar  8 14:50:28 CET 2026
#@# pial curv rh Sun Mar  8 14:50:28 CET 2026
#@# pial area rh Sun Mar  8 14:50:28 CET 2026
#@# thickness rh Sun Mar  8 14:50:28 CET 2026
#@# area and vertex vol rh Sun Mar  8 14:50:28 CET 2026
#@# Curvature Stats lh Sun Mar  8 14:50:28 CET 2026
#@# Curvature Stats rh Sun Mar  8 14:50:29 CET 2026
#@# Relabel Hypointensities Sun Mar  8 14:50:31 CET 2026
#@# APas-to-ASeg Sun Mar  8 14:50:42 CET 2026
#@# AParc-to-ASeg aparc Sun Mar  8 14:50:48 CET 2026
#@# AParc-to-ASeg aparc.a2009s Sun Mar  8 14:51:21 CET 2026
#@# AParc-to-ASeg aparc.DKTatlas Sun Mar  8 14:51:53 CET 2026
#@# WMParc Sun Mar  8 14:52:30 CET 2026
#@# ASeg Stats Sun Mar  8 14:54:41 CET 2026
recon-all -s sub-v1s11x0050169_ses-1 finished without error at Sun Mar  8 14:55:03 CET 2026
