status file for recon-all
Sun Mar  8 13:59:33 CET 2026
#@# Tessellate lh Sun Mar  8 13:59:33 CET 2026
#@# Smooth1 lh Sun Mar  8 13:59:36 CET 2026
#@# Inflation1 lh Sun Mar  8 13:59:37 CET 2026
#@# QSphere lh Sun Mar  8 13:59:48 CET 2026
#@# Fix Topology lh Sun Mar  8 14:01:03 CET 2026
#@# Smooth2 lh Sun Mar  8 14:05:47 CET 2026
#@# Inflation2 lh Sun Mar  8 14:05:50 CET 2026
#@# Curv .H and .K lh Sun Mar  8 14:06:04 CET 2026
#@# Sphere lh Sun Mar  8 14:06:43 CET 2026
#@# Surf Reg lh Sun Mar  8 14:09:22 CET 2026
#@# Jacobian white lh Sun Mar  8 14:13:36 CET 2026
#@# AvgCurv lh Sun Mar  8 14:13:37 CET 2026
#@# Cortical Parc lh Sun Mar  8 14:13:38 CET 2026
#@# white curv lh Sun Mar  8 14:19:24 CET 2026
#@# white area lh Sun Mar  8 14:19:26 CET 2026
#@# pial curv lh Sun Mar  8 14:19:26 CET 2026
#@# pial area lh Sun Mar  8 14:19:28 CET 2026
#@# thickness lh Sun Mar  8 14:19:28 CET 2026
#@# area and vertex vol lh Sun Mar  8 14:19:48 CET 2026
#@# Curvature Stats lh Sun Mar  8 14:19:49 CET 2026
#@# Cortical Parc 2 lh Sun Mar  8 14:19:51 CET 2026
#@# Cortical Parc 3 lh Sun Mar  8 14:20:02 CET 2026
#@# WM/GM Contrast lh Sun Mar  8 14:20:09 CET 2026
recon-all -s sub-v1s11x0050169_ses-1 finished without error at Sun Mar  8 14:20:11 CET 2026



#New# invocation of recon-all 



status file for recon-all
Sun Mar  8 14:45:15 CET 2026
#@# white curv lh Sun Mar  8 14:45:16 CET 2026
#@# white area lh Sun Mar  8 14:45:16 CET 2026
#@# pial curv lh Sun Mar  8 14:45:16 CET 2026
#@# pial area lh Sun Mar  8 14:45:16 CET 2026
#@# thickness lh Sun Mar  8 14:45:16 CET 2026
#@# area and vertex vol lh Sun Mar  8 14:45:16 CET 2026
#@# Parcellation Stats lh Sun Mar  8 14:45:16 CET 2026
#@# Parcellation Stats 2 lh Sun Mar  8 14:45:31 CET 2026
#@# Parcellation Stats 3 lh Sun Mar  8 14:45:38 CET 2026
#@# BA_exvivo Labels lh Sun Mar  8 14:45:46 CET 2026
recon-all -s sub-v1s11x0050169_ses-1 finished without error at Sun Mar  8 14:47:50 CET 2026
