status file for recon-all
Thu Mar 12 11:58:27 CET 2026
#@# Tessellate lh Thu Mar 12 11:58:27 CET 2026
#@# Smooth1 lh Thu Mar 12 11:58:31 CET 2026
#@# Inflation1 lh Thu Mar 12 11:58:34 CET 2026
#@# QSphere lh Thu Mar 12 11:58:51 CET 2026
#@# Fix Topology lh Thu Mar 12 12:00:10 CET 2026
#@# Smooth2 lh Thu Mar 12 12:06:13 CET 2026
#@# Inflation2 lh Thu Mar 12 12:06:16 CET 2026
#@# Curv .H and .K lh Thu Mar 12 12:06:33 CET 2026
#@# Sphere lh Thu Mar 12 12:07:24 CET 2026
#@# Surf Reg lh Thu Mar 12 12:11:44 CET 2026
#@# Jacobian white lh Thu Mar 12 12:16:21 CET 2026
#@# AvgCurv lh Thu Mar 12 12:16:22 CET 2026
#@# Cortical Parc lh Thu Mar 12 12:16:23 CET 2026
#@# white curv lh Thu Mar 12 12:23:19 CET 2026
#@# white area lh Thu Mar 12 12:23:21 CET 2026
#@# pial curv lh Thu Mar 12 12:23:22 CET 2026
#@# pial area lh Thu Mar 12 12:23:24 CET 2026
#@# thickness lh Thu Mar 12 12:23:25 CET 2026
#@# area and vertex vol lh Thu Mar 12 12:24:00 CET 2026
#@# Curvature Stats lh Thu Mar 12 12:24:02 CET 2026
#@# Cortical Parc 2 lh Thu Mar 12 12:24:05 CET 2026
#@# Cortical Parc 3 lh Thu Mar 12 12:24:21 CET 2026
#@# WM/GM Contrast lh Thu Mar 12 12:24:33 CET 2026
recon-all -s sub-v1s11x0050149_ses-1 finished without error at Thu Mar 12 12:24:36 CET 2026



#New# invocation of recon-all 



status file for recon-all
Thu Mar 12 12:55:32 CET 2026
#@# white curv lh Thu Mar 12 12:55:32 CET 2026
#@# white area lh Thu Mar 12 12:55:32 CET 2026
#@# pial curv lh Thu Mar 12 12:55:32 CET 2026
#@# pial area lh Thu Mar 12 12:55:32 CET 2026
#@# thickness lh Thu Mar 12 12:55:32 CET 2026
#@# area and vertex vol lh Thu Mar 12 12:55:32 CET 2026
#@# Parcellation Stats lh Thu Mar 12 12:55:32 CET 2026
#@# Parcellation Stats 2 lh Thu Mar 12 12:55:53 CET 2026
#@# Parcellation Stats 3 lh Thu Mar 12 12:56:04 CET 2026
#@# BA_exvivo Labels lh Thu Mar 12 12:56:15 CET 2026
recon-all -s sub-v1s11x0050149_ses-1 finished without error at Thu Mar 12 12:59:22 CET 2026
