status file for recon-all
Thu Mar 12 12:24:39 CET 2026
#@# Tessellate rh Thu Mar 12 12:24:39 CET 2026
#@# Smooth1 rh Thu Mar 12 12:24:43 CET 2026
#@# Inflation1 rh Thu Mar 12 12:24:47 CET 2026
#@# QSphere rh Thu Mar 12 12:25:02 CET 2026
#@# Fix Topology rh Thu Mar 12 12:26:27 CET 2026
#@# Smooth2 rh Thu Mar 12 12:32:32 CET 2026
#@# Inflation2 rh Thu Mar 12 12:32:35 CET 2026
#@# Curv .H and .K rh Thu Mar 12 12:32:51 CET 2026
#@# Sphere rh Thu Mar 12 12:33:41 CET 2026
#@# Surf Reg rh Thu Mar 12 12:36:21 CET 2026
#@# Jacobian white rh Thu Mar 12 12:42:11 CET 2026
#@# AvgCurv rh Thu Mar 12 12:42:12 CET 2026
#@# Cortical Parc rh Thu Mar 12 12:42:13 CET 2026
#@# white curv rh Thu Mar 12 12:49:21 CET 2026
#@# white area rh Thu Mar 12 12:49:23 CET 2026
#@# pial curv rh Thu Mar 12 12:49:24 CET 2026
#@# pial area rh Thu Mar 12 12:49:26 CET 2026
#@# thickness rh Thu Mar 12 12:49:27 CET 2026
#@# area and vertex vol rh Thu Mar 12 12:50:03 CET 2026
#@# Curvature Stats rh Thu Mar 12 12:50:05 CET 2026
#@# Cortical Parc 2 rh Thu Mar 12 12:50:08 CET 2026
#@# Cortical Parc 3 rh Thu Mar 12 12:50:25 CET 2026
#@# WM/GM Contrast rh Thu Mar 12 12:50:37 CET 2026
recon-all -s sub-v1s11x0050149_ses-1 finished without error at Thu Mar 12 12:50:40 CET 2026



#New# invocation of recon-all 



status file for recon-all
Thu Mar 12 12:59:24 CET 2026
#@# white curv rh Thu Mar 12 12:59:24 CET 2026
#@# white area rh Thu Mar 12 12:59:24 CET 2026
#@# pial curv rh Thu Mar 12 12:59:24 CET 2026
#@# pial area rh Thu Mar 12 12:59:24 CET 2026
#@# thickness rh Thu Mar 12 12:59:24 CET 2026
#@# area and vertex vol rh Thu Mar 12 12:59:24 CET 2026
#@# Parcellation Stats rh Thu Mar 12 12:59:24 CET 2026
#@# Parcellation Stats 2 rh Thu Mar 12 12:59:47 CET 2026
#@# Parcellation Stats 3 rh Thu Mar 12 12:59:58 CET 2026
#@# BA_exvivo Labels rh Thu Mar 12 13:00:09 CET 2026
recon-all -s sub-v1s11x0050149_ses-1 finished without error at Thu Mar 12 13:03:19 CET 2026
