status file for recon-all
Thu Mar 12 10:09:02 CET 2026
#@# MotionCor Thu Mar 12 10:09:04 CET 2026
#@# Talairach Thu Mar 12 10:09:11 CET 2026
#@# Talairach Failure Detection Thu Mar 12 10:13:37 CET 2026
#@# Nu Intensity Correction Thu Mar 12 10:13:37 CET 2026
#@# Intensity Normalization Thu Mar 12 10:16:53 CET 2026
recon-all -s sub-v1s11x0050149_ses-1 finished without error at Thu Mar 12 10:18:19 CET 2026



#New# invocation of recon-all 



status file for recon-all
Thu Mar 12 10:25:09 CET 2026
#@# EM Registration Thu Mar 12 10:25:09 CET 2026
recon-all -s sub-v1s11x0050149_ses-1 finished without error at Thu Mar 12 10:27:20 CET 2026



#New# invocation of recon-all 



status file for recon-all
Thu Mar 12 10:27:24 CET 2026
#@# CA Normalize Thu Mar 12 10:27:24 CET 2026
#@# CA Reg Thu Mar 12 10:28:44 CET 2026
#@# SubCort Seg Thu Mar 12 11:21:04 CET 2026
#@# CC Seg Thu Mar 12 11:52:14 CET 2026
#@# Merge ASeg Thu Mar 12 11:53:03 CET 2026
#@# Intensity Normalization2 Thu Mar 12 11:53:04 CET 2026
#@# Mask BFS Thu Mar 12 11:55:18 CET 2026
#@# WM Segmentation Thu Mar 12 11:55:19 CET 2026
#@# Fill Thu Mar 12 11:57:22 CET 2026
recon-all -s sub-v1s11x0050149_ses-1 finished without error at Thu Mar 12 11:58:23 CET 2026



#New# invocation of recon-all 



status file for recon-all
Thu Mar 12 12:50:44 CET 2026
#@# white curv lh Thu Mar 12 12:50:44 CET 2026
#@# white area lh Thu Mar 12 12:50:44 CET 2026
#@# pial curv lh Thu Mar 12 12:50:44 CET 2026
#@# pial area lh Thu Mar 12 12:50:44 CET 2026
#@# thickness lh Thu Mar 12 12:50:44 CET 2026
#@# area and vertex vol lh Thu Mar 12 12:50:44 CET 2026
#@# white curv rh Thu Mar 12 12:50:44 CET 2026
#@# white area rh Thu Mar 12 12:50:44 CET 2026
#@# pial curv rh Thu Mar 12 12:50:44 CET 2026
#@# pial area rh Thu Mar 12 12:50:44 CET 2026
#@# thickness rh Thu Mar 12 12:50:44 CET 2026
#@# area and vertex vol rh Thu Mar 12 12:50:44 CET 2026
#@# Cortical ribbon mask Thu Mar 12 12:50:44 CET 2026
recon-all -s sub-v1s11x0050149_ses-1 finished without error at Thu Mar 12 12:55:26 CET 2026



#New# invocation of recon-all 



status file for recon-all
Thu Mar 12 13:03:24 CET 2026
#@# white curv lh Thu Mar 12 13:03:24 CET 2026
#@# white area lh Thu Mar 12 13:03:24 CET 2026
#@# pial curv lh Thu Mar 12 13:03:24 CET 2026
#@# pial area lh Thu Mar 12 13:03:24 CET 2026
#@# thickness lh Thu Mar 12 13:03:24 CET 2026
#@# area and vertex vol lh Thu Mar 12 13:03:24 CET 2026
#@# white curv rh Thu Mar 12 13:03:24 CET 2026
#@# white area rh Thu Mar 12 13:03:24 CET 2026
#@# pial curv rh Thu Mar 12 13:03:24 CET 2026
#@# pial area rh Thu Mar 12 13:03:24 CET 2026
#@# thickness rh Thu Mar 12 13:03:24 CET 2026
#@# area and vertex vol rh Thu Mar 12 13:03:24 CET 2026
#@# Curvature Stats lh Thu Mar 12 13:03:24 CET 2026
#@# Curvature Stats rh Thu Mar 12 13:03:27 CET 2026
#@# Relabel Hypointensities Thu Mar 12 13:03:31 CET 2026
#@# APas-to-ASeg Thu Mar 12 13:03:50 CET 2026
#@# AParc-to-ASeg aparc Thu Mar 12 13:04:00 CET 2026
#@# AParc-to-ASeg aparc.a2009s Thu Mar 12 13:05:00 CET 2026
#@# AParc-to-ASeg aparc.DKTatlas Thu Mar 12 13:06:00 CET 2026
#@# WMParc Thu Mar 12 13:06:53 CET 2026
#@# ASeg Stats Thu Mar 12 13:11:21 CET 2026
recon-all -s sub-v1s11x0050149_ses-1 finished without error at Thu Mar 12 13:12:03 CET 2026
