/out/sourcedata/freesurfer/sub-v1s11x0050145_ses-1/mri
/opt/freesurfer/bin/talairach_avi
--i orig_nu.mgz --xfm transforms/talairach.auto.xfm
talairach_avi 7.3.2
Linux dna050 5.14.0-427.37.1.el9_4.x86_64 #1 SMP PREEMPT_DYNAMIC Fri Sep 13 12:41:50 EDT 2024 x86_64 x86_64 x86_64 GNU/Linux
Thu Mar 12 10:00:29 CET 2026
mri_convert orig_nu.mgz talsrcimg.img 
reading from orig_nu.mgz...
TR=0.00, TE=0.00, TI=0.00, flip angle=0.00
i_ras = (-1, 0, 0)
j_ras = (0, 0, -1)
k_ras = (0, 1, 0)
writing to talsrcimg.img...
Analyze Output Matrix
-1.00000   0.00000   0.00000   128.41803;
 0.00000   0.00000   1.00000  -119.59485;
 0.00000  -1.00000   0.00000   152.12363;
 0.00000   0.00000   0.00000   1.00000;
--------------------
INFO: set hdr.hist.orient to -1
mpr2mni305 talsrcimg
Thu Mar 12 10:00:29 CET 2026
/opt/freesurfer/bin/mpr2mni305 talsrcimg
mpr2mni305 7.3.2
target=711-2C_as_mni_average_305

---------------------------------------------------------------------
analyzeto4dfp talsrcimg -O0 -y
---------------------------------------------------------------------

freesurfer ifh2hdr.c
Thu Mar 12 10:00:29 2026
Writing: talsrcimg.4dfp.hdr
freesurfer analyzeto4dfp.c
Reading: talsrcimg.hdr
header size 348 bytes
hdr.dime.datatype	offset=70	value=2
hdr.dime.bitpix		offset=72	value=8
hdr.hist.orient		offset=252	value=-1
dimensionality     4
dimensions       256       256       256         1
Reading: talsrcimg.img
Writing: talsrcimg.4dfp.img
Writing: talsrcimg.4dfp.ifh
ifh2hdr talsrcimg -r0to204
ori=2

---------------------------------------------------------------------
gauss_4dfp talsrcimg 1.1
---------------------------------------------------------------------

freesurfer gauss_4dfp.c
Reading: talsrcimg.4dfp.img
Writing: talsrcimg_g11.4dfp.img
image dimensions 256 256 256 padded to 288 288 288
processing volume 1freesurfer ifh2hdr.c
Thu Mar 12 10:00:31 2026
Writing: talsrcimg_g11.4dfp.hdr

Writing: talsrcimg_g11.4dfp.ifh
including: talsrcimg.4dfp.img.rec in talsrcimg_g11.4dfp.img.rec

---------------------------------------------------------------------
imgreg_4dfp /opt/freesurfer/average/711-2C_as_mni_average_305 none talsrcimg_g11 none talsrcimg_to_711-2C_as_mni_average_305_t4 4355
---------------------------------------------------------------------

freesurfer imgreg_4dfp.c
/opt/freesurfer/average/711-2C_as_mni_average_305.4dfp.img
       256       256       256         1
  1.000000  1.000000  1.000000
orientation T byte_order littleendian
Reading image: /opt/freesurfer/average/711-2C_as_mni_average_305.4dfp.img
dimensions:      256       256       256
mmppix:       1.0000   -1.0000   -1.0000
center:     128.0000 -129.0000 -129.0000
talsrcimg_g11.4dfp.img
       256       256       256         1
  1.000000  1.000000  1.000000
orientation T byte_order littleendian
Reading image: talsrcimg_g11.4dfp.img
dimensions:      256       256       256
mmppix:       1.0000   -1.0000   -1.0000
center:     128.0000 -129.0000 -129.0000
t4_read: open error in t4_sub.f l:  41 t4_file(1:l)talsrcimg_to_711-2C_as_mni_average_305_t4 
t4_read: transform initialized to I4
rotation matrix determinant  1.000000
image alignment mode   4355 decimal     1103 hex
   -7.5000  -45.0000  -45.0000 9139.1357   16.0532
    0.0000  -45.0000  -45.0000 9485.8955   16.0231
    7.5000  -45.0000  -45.0000 9043.4893   16.0332
   -7.5000  -37.5000  -45.0000 9557.9199   16.0519
    0.0000  -37.5000  -45.0000 9916.9834   16.0288
    7.5000  -37.5000  -45.0000 9441.7266   16.0413
   -7.5000  -30.0000  -45.000010280.4600   16.0544
    0.0000  -30.0000  -45.000010686.5244   16.0325
    7.5000  -30.0000  -45.000010156.7100   16.0432
   -7.5000  -22.5000  -45.000010910.0244   16.0501
    0.0000  -22.5000  -45.000011351.9570   16.0243
    7.5000  -22.5000  -45.000010789.2646   16.0317
   -7.5000  -15.0000  -45.000011495.8770   16.0454
    0.0000  -15.0000  -45.000011976.3672   16.0123
    7.5000  -15.0000  -45.000011383.4307   16.0156
   -7.5000   -7.5000  -45.000011930.8574   16.0425
    0.0000   -7.5000  -45.000012435.4023   16.0065
    7.5000   -7.5000  -45.000011837.9092   16.0107
   -7.5000    0.0000  -45.000012278.5293   16.0449
    0.0000    0.0000  -45.000012777.8154   16.0148
    7.5000    0.0000  -45.000012166.1260   16.0250
   -7.5000    7.5000  -45.000011729.5811   16.0519
    0.0000    7.5000  -45.000012196.9385   16.0288
    7.5000    7.5000  -45.000011593.7842   16.0413
   -7.5000   15.0000  -45.000010928.2119   16.0544
    0.0000   15.0000  -45.000011356.1016   16.0325
    7.5000   15.0000  -45.000010785.9268   16.0432
   -7.5000   22.5000  -45.0000 9970.4395   16.0479
    0.0000   22.5000  -45.000010359.0527   16.0222
    7.5000   22.5000  -45.0000 9830.9668   16.0295
   -7.5000   30.0000  -45.0000 9018.0986   15.8316
    0.0000   30.0000  -45.0000 9356.0342   15.7989
    7.5000   30.0000  -45.0000 8889.8691   15.8022
   -7.5000   37.5000  -45.0000 8451.6865   15.8317
    0.0000   37.5000  -45.0000 8760.0693   15.7962
    7.5000   37.5000  -45.0000 8335.3330   15.8004
   -7.5000   45.0000  -45.0000 7597.7222   15.5043
    0.0000   45.0000  -45.0000 7852.1177   15.4752
    7.5000   45.0000  -45.0000 7472.7363   15.4854
   -7.5000  -45.0000  -37.5000 9725.4453   16.0358
    0.0000  -45.0000  -37.500010091.5762   16.0041
    7.5000  -45.0000  -37.5000 9592.2246   16.0063
   -7.5000  -37.5000  -37.500010151.7549   16.0333
    0.0000  -37.5000  -37.500010541.5625   16.0063
    7.5000  -37.5000  -37.500010004.4434   16.0090
   -7.5000  -30.0000  -37.500010884.0449   16.0394
    0.0000  -30.0000  -37.500011313.9473   16.0165
    7.5000  -30.0000  -37.500010735.4150   16.0204
   -7.5000  -22.5000  -37.500011551.9980   16.0405
    0.0000  -22.5000  -37.500012023.7373   16.0190
    7.5000  -22.5000  -37.500011402.0635   16.0244
   -7.5000  -15.0000  -37.500012178.5215   16.0379
    0.0000  -15.0000  -37.500012684.3682   16.0118
    7.5000  -15.0000  -37.500012035.1162   16.0149
   -7.5000   -7.5000  -37.500012631.2227   16.0310
    0.0000   -7.5000  -37.500013165.5771   15.9989
    7.5000   -7.5000  -37.500012517.3770   16.0000
   -7.5000    0.0000  -37.500012957.5811   16.0274
    0.0000    0.0000  -37.500013505.2031   15.9958
    7.5000    0.0000  -37.500012814.8848   15.9981
   -7.5000    7.5000  -37.500012402.3994   16.0333
    0.0000    7.5000  -37.500012920.8369   16.0063
    7.5000    7.5000  -37.500012230.4385   16.0090
   -7.5000   15.0000  -37.500011532.0000   16.0394
    0.0000   15.0000  -37.500012013.1943   16.0165
    7.5000   15.0000  -37.500011379.1289   16.0204
   -7.5000   22.5000  -37.500010496.3760   16.0383
    0.0000   22.5000  -37.500010911.1533   16.0168
    7.5000   22.5000  -37.500010341.2588   16.0222
   -7.5000   30.0000  -37.5000 9459.5830   15.8242
    0.0000   30.0000  -37.5000 9836.1182   15.7985
    7.5000   30.0000  -37.5000 9325.1162   15.8015
   -7.5000   37.5000  -37.5000 8847.2559   15.8203
    0.0000   37.5000  -37.5000 9208.7334   15.7887
    7.5000   37.5000  -37.5000 8752.0391   15.7898
   -7.5000   45.0000  -37.5000 7929.5586   15.4859
    0.0000   45.0000  -37.5000 8222.3457   15.4555
    7.5000   45.0000  -37.5000 7828.7085   15.4576
   -7.5000  -45.0000  -30.000010499.1504   16.7037
    0.0000  -45.0000  -30.000010875.6348   16.6797
    7.5000  -45.0000  -30.000010318.8213   16.6828
   -7.5000  -37.5000  -30.000010935.4805   16.6942
    0.0000  -37.5000  -30.000011348.3828   16.6721
    7.5000  -37.5000  -30.000010748.3398   16.6761
   -7.5000  -30.0000  -30.000011690.5615   16.6948
    0.0000  -30.0000  -30.000012148.6445   16.6785
    7.5000  -30.0000  -30.000011507.2324   16.6863
   -7.5000  -22.5000  -30.000012378.2822   16.6979
    0.0000  -22.5000  -30.000012896.6777   16.6877
    7.5000  -22.5000  -30.000012211.4111   16.6997
   -7.5000  -15.0000  -30.000013061.0449   16.7021
    0.0000  -15.0000  -30.000013606.6631   16.6906
    7.5000  -15.0000  -30.000012888.4688   16.7007
   -7.5000   -7.5000  -30.000013564.2197   16.6997
    0.0000   -7.5000  -30.000014144.3809   16.6804
    7.5000   -7.5000  -30.000013416.9004   16.6855
   -7.5000    0.0000  -30.000013877.4736   16.6950
    0.0000    0.0000  -30.000014457.0752   16.6710
    7.5000    0.0000  -30.000013705.1055   16.6743
   -7.5000    7.5000  -30.000013243.6572   16.6942
    0.0000    7.5000  -30.000013784.1074   16.6721
    7.5000    7.5000  -30.000013048.4609   16.6761
   -7.5000   15.0000  -30.000012334.8408   16.6948
    0.0000   15.0000  -30.000012840.0078   16.6785
    7.5000   15.0000  -30.000012153.6113   16.6863
   -7.5000   22.5000  -30.000011190.9805   16.6939
    0.0000   22.5000  -30.000011659.1885   16.6837
    7.5000   22.5000  -30.000011033.4580   16.6957
   -7.5000   30.0000  -30.000010044.3555   16.4811
    0.0000   30.0000  -30.000010476.7803   16.4697
    7.5000   30.0000  -30.0000 9945.7510   16.4797
   -7.5000   37.5000  -30.0000 9404.7676   16.4818
    0.0000   37.5000  -30.0000 9805.0859   16.4627
    7.5000   37.5000  -30.0000 9317.4658   16.4678
   -7.5000   45.0000  -30.0000 8394.8389   16.1395
    0.0000   45.0000  -30.0000 8725.4902   16.1162
    7.5000   45.0000  -30.0000 8299.0283   16.1190
   -7.5000  -45.0000  -22.500011184.7305   17.2648
    0.0000  -45.0000  -22.500011616.8936   17.2528
    7.5000  -45.0000  -22.500011036.2832   17.2671
   -7.5000  -37.5000  -22.500011641.8770   17.2484
    0.0000  -37.5000  -22.500012107.4658   17.2382
    7.5000  -37.5000  -22.500011478.5996   17.2562
   -7.5000  -30.0000  -22.500012442.5020   17.2385
    0.0000  -30.0000  -22.500012937.5947   17.2322
    7.5000  -30.0000  -22.500012268.1553   17.2540
   -7.5000  -22.5000  -22.500013171.8584   17.2382
    0.0000  -22.5000  -22.500013731.3809   17.2365
    7.5000  -22.5000  -22.500013007.6260   17.2595
   -7.5000  -15.0000  -22.500013893.4629   17.2476
    0.0000  -15.0000  -22.500014490.3457   17.2455
    7.5000  -15.0000  -22.500013699.5615   17.2639
   -7.5000   -7.5000  -22.500014429.7354   17.2554
    0.0000   -7.5000  -22.500015089.1055   17.2468
    7.5000   -7.5000  -22.500014270.0361   17.2605
   -7.5000    0.0000  -22.500014724.0254   17.2558
    0.0000    0.0000  -22.500015391.4609   17.2439
    7.5000    0.0000  -22.500014553.5332   17.2583
   -7.5000    7.5000  -22.500014007.9883   17.2484
    0.0000    7.5000  -22.500014585.6445   17.2382
    7.5000    7.5000  -22.500013801.2422   17.2562
   -7.5000   15.0000  -22.500013051.4053   17.2385
    0.0000   15.0000  -22.500013587.2686   17.2322
    7.5000   15.0000  -22.500012875.3623   17.2540
   -7.5000   22.5000  -22.500011820.9385   17.2329
    0.0000   22.5000  -22.500012345.5840   17.2312
    7.5000   22.5000  -22.500011700.3848   17.2542
   -7.5000   30.0000  -22.500010612.5840   17.0220
    0.0000   30.0000  -22.500011083.8965   17.0199
    7.5000   30.0000  -22.500010545.5508   17.0381
   -7.5000   37.5000  -22.5000 9926.9668   17.0328
    0.0000   37.5000  -22.500010360.9531   17.0244
    7.5000   37.5000  -22.5000 9870.4570   17.0379
   -7.5000   45.0000  -22.5000 8818.0967   16.6922
    0.0000   45.0000  -22.5000 9181.2725   16.6802
    7.5000   45.0000  -22.5000 8765.4043   16.6939
   -7.5000  -45.0000  -15.000011873.8164   17.6664
    0.0000  -45.0000  -15.000012358.0332   17.6581
    7.5000  -45.0000  -15.000011723.4121   17.6826
   -7.5000  -37.5000  -15.000012340.6152   17.6509
    0.0000  -37.5000  -15.000012866.8096   17.6462
    7.5000  -37.5000  -15.000012184.4414   17.6764
   -7.5000  -30.0000  -15.000013154.8428   17.6369
    0.0000  -30.0000  -15.000013721.5791   17.6324
    7.5000  -30.0000  -15.000013000.5312   17.6634
   -7.5000  -22.5000  -15.000013921.3584   17.6309
    0.0000  -22.5000  -15.000014536.2080   17.6258
    7.5000  -22.5000  -15.000013741.3662   17.6530
   -7.5000  -15.0000  -15.000014651.2021   17.6382
    0.0000  -15.0000  -15.000015316.5674   17.6307
    7.5000  -15.0000  -15.000014455.8506   17.6514
   -7.5000   -7.5000  -15.000015270.9160   17.6505
    0.0000   -7.5000  -15.000015992.0420   17.6401
    7.5000   -7.5000  -15.000015099.3389   17.6589
   -7.5000    0.0000  -15.000015581.5107   17.6573
    0.0000    0.0000  -15.000016317.9971   17.6490
    7.5000    0.0000  -15.000015415.7178   17.6736
   -7.5000    7.5000  -15.000014759.0449   17.6509
    0.0000    7.5000  -15.000015408.2246   17.6462
    7.5000    7.5000  -15.000014570.6592   17.6764
   -7.5000   15.0000  -15.000013725.9316   17.6369
    0.0000   15.0000  -15.000014319.3516   17.6324
    7.5000   15.0000  -15.000013566.4531   17.6634
   -7.5000   22.5000  -15.000012439.8496   17.6247
    0.0000   22.5000  -15.000013019.9219   17.6196
    7.5000   22.5000  -15.000012331.0938   17.6468
   -7.5000   30.0000  -15.000011202.3906   17.4099
    0.0000   30.0000  -15.000011709.8799   17.4026
    7.5000   30.0000  -15.000011130.3389   17.4229
   -7.5000   37.5000  -15.000010456.5000   17.4253
    0.0000   37.5000  -15.000010913.7676   17.4151
    7.5000   37.5000  -15.000010396.1191   17.4336
   -7.5000   45.0000  -15.0000 9252.1504   17.0922
    0.0000   45.0000  -15.0000 9645.9688   17.0836
    7.5000   45.0000  -15.0000 9211.8262   17.1075
   -7.5000  -45.0000   -7.500012574.9512   17.8778
    0.0000  -45.0000   -7.500013140.3779   17.8578
    7.5000  -45.0000   -7.500012465.0488   17.8801
   -7.5000  -37.5000   -7.500013054.5625   17.8699
    0.0000  -37.5000   -7.500013652.5303   17.8566
    7.5000  -37.5000   -7.500012926.0508   17.8837
   -7.5000  -30.0000   -7.500013891.0518   17.8626
    0.0000  -30.0000   -7.500014535.6025   17.8487
    7.5000  -30.0000   -7.500013783.3740   17.8735
   -7.5000  -22.5000   -7.500014661.0840   17.8548
    0.0000  -22.5000   -7.500015353.3193   17.8360
    7.5000  -22.5000   -7.500014532.3555   17.8549
   -7.5000  -15.0000   -7.500015446.0225   17.8546
    0.0000  -15.0000   -7.500016169.7998   17.8296
    7.5000  -15.0000   -7.500015298.4238   17.8423
   -7.5000   -7.5000   -7.500016135.7490   17.8610
    0.0000   -7.5000   -7.500016914.0508   17.8344
    7.5000   -7.5000   -7.500015994.2949   17.8482
   -7.5000    0.0000   -7.500016451.3594   17.8685
    0.0000    0.0000   -7.500017237.0820   17.8487
    7.5000    0.0000   -7.500016327.6152   17.8710
   -7.5000    7.5000   -7.500015504.5020   17.8699
    0.0000    7.5000   -7.500016225.8311   17.8566
    7.5000    7.5000   -7.500015342.6152   17.8837
   -7.5000   15.0000   -7.500014414.6504   17.8626
    0.0000   15.0000   -7.500015057.4697   17.8487
    7.5000   15.0000   -7.500014227.3213   17.8735
   -7.5000   22.5000   -7.500013083.9648   17.8465
    0.0000   22.5000   -7.500013709.2666   17.8278
    7.5000   22.5000   -7.500012960.5879   17.8466
   -7.5000   30.0000   -7.500011785.2695   17.6231
    0.0000   30.0000   -7.500012340.7070   17.5984
    7.5000   30.0000   -7.500011693.4385   17.6109
   -7.5000   37.5000   -7.500010997.1562   17.6328
    0.0000   37.5000   -7.500011509.9443   17.6065
    7.5000   37.5000   -7.500010924.1621   17.6201
   -7.5000   45.0000   -7.5000 9702.9736   17.3035
    0.0000   45.0000   -7.500010143.4209   17.2840
    7.5000   45.0000   -7.5000 9664.4434   17.3059
   -7.5000  -45.0000    0.000013201.9346   17.9294
    0.0000  -45.0000    0.000013803.0127   17.8961
    7.5000  -45.0000    0.000013120.2178   17.9074
   -7.5000  -37.5000    0.000013708.7217   17.9281
    0.0000  -37.5000    0.000014329.5557   17.9026
    7.5000  -37.5000    0.000013617.8877   17.9165
   -7.5000  -30.0000    0.000014628.8779   17.9314
    0.0000  -30.0000    0.000015320.9863   17.9073
    7.5000  -30.0000    0.000014560.2607   17.9192
   -7.5000  -22.5000    0.000015403.2295   17.9271
    0.0000  -22.5000    0.000016177.7744   17.8986
    7.5000  -22.5000    0.000015404.5312   17.9068
   -7.5000  -15.0000    0.000016207.0273   17.9217
    0.0000  -15.0000    0.000016989.8320   17.8851
    7.5000  -15.0000    0.000016214.9092   17.8887
   -7.5000   -7.5000    0.000016930.8457   17.9179
    0.0000   -7.5000    0.000017736.4180   17.8781
    7.5000   -7.5000    0.000016916.8672   17.8828
   -7.5000    0.0000    0.000017257.2090   17.9202
    0.0000    0.0000    0.000018122.1973   17.8869
    7.5000    0.0000    0.000017244.0645   17.8982
   -7.5000    7.5000    0.000016183.0801   17.9281
    0.0000    7.5000    0.000016974.2871   17.9026
    7.5000    7.5000    0.000016105.4023   17.9165
   -7.5000   15.0000    0.000015038.9189   17.9314
    0.0000   15.0000    0.000015750.6455   17.9073
    7.5000   15.0000    0.000014888.8184   17.9192
   -7.5000   22.5000    0.000013672.6924   17.9188
    0.0000   22.5000    0.000014309.7656   17.8904
    7.5000   22.5000    0.000013534.4814   17.8986
   -7.5000   30.0000    0.000012329.3213   17.6898
    0.0000   30.0000    0.000012888.4658   17.6536
    7.5000   30.0000    0.000012204.0791   17.6572
   -7.5000   37.5000    0.000011480.6924   17.6894
    0.0000   37.5000    0.000012011.7197   17.6501
    7.5000   37.5000    0.000011391.3848   17.6547
   -7.5000   45.0000    0.000010122.6211   17.3570
    0.0000   45.0000    0.000010583.0508   17.3248
    7.5000   45.0000    0.000010066.4189   17.3361
   -7.5000  -45.0000    7.500012807.1309   17.9393
    0.0000  -45.0000    7.500013331.5977   17.9040
    7.5000  -45.0000    7.500012743.5781   17.9064
   -7.5000  -37.5000    7.500013283.8799   17.9369
    0.0000  -37.5000    7.500013811.4395   17.9068
    7.5000  -37.5000    7.500013224.6328   17.9098
   -7.5000  -30.0000    7.500014238.5635   17.9441
    0.0000  -30.0000    7.500014858.9199   17.9186
    7.5000  -30.0000    7.500014194.4814   17.9229
   -7.5000  -22.5000    7.500014971.8672   17.9453
    0.0000  -22.5000    7.500015625.9316   17.9213
    7.5000  -22.5000    7.500015057.9424   17.9273
   -7.5000  -15.0000    7.500015701.8691   17.9420
    0.0000  -15.0000    7.500016376.1865   17.9129
    7.5000  -15.0000    7.500015838.3604   17.9164
   -7.5000   -7.5000    7.500016352.3975   17.9339
    0.0000   -7.5000    7.500017097.2363   17.8981
    7.5000   -7.5000    7.500016454.8379   17.8994
   -7.5000    0.0000    7.500016667.9297   17.9300
    0.0000    0.0000    7.500017490.5078   17.8947
    7.5000    0.0000    7.500016729.1367   17.8973
   -7.5000    7.5000    7.500015604.0557   17.9369
    0.0000    7.5000    7.500016336.0010   17.9068
    7.5000    7.5000    7.500015552.2510   17.9098
   -7.5000   15.0000    7.500014491.5342   17.9441
    0.0000   15.0000    7.500015149.4824   17.9186
    7.5000   15.0000    7.500014341.5859   17.9229
   -7.5000   22.5000    7.500013181.5361   17.9370
    0.0000   22.5000    7.500013755.9502   17.9130
    7.5000   22.5000    7.500013017.0703   17.9190
   -7.5000   30.0000    7.500011884.9004   17.7098
    0.0000   30.0000    7.500012412.3926   17.6811
    7.5000   30.0000    7.500011742.1982   17.6845
   -7.5000   37.5000    7.500011050.4297   17.7052
    0.0000   37.5000    7.500011562.0537   17.6698
    7.5000   37.5000    7.500010954.6758   17.6711
   -7.5000   45.0000    7.5000 9754.1680   17.3650
    0.0000   45.0000    7.500010200.0732   17.3309
    7.5000   45.0000    7.5000 9694.2764   17.3333
   -7.5000  -45.0000   15.000012262.3613   17.9433
    0.0000  -45.0000   15.000012746.8750   17.9175
    7.5000  -45.0000   15.000012227.2861   17.9207
   -7.5000  -37.5000   15.000012701.9062   17.9331
    0.0000  -37.5000   15.000013204.1484   17.9093
    7.5000  -37.5000   15.000012678.6797   17.9134
   -7.5000  -30.0000   15.000013615.7900   17.9337
    0.0000  -30.0000   15.000014155.7334   17.9162
    7.5000  -30.0000   15.000013579.3262   17.9244
   -7.5000  -22.5000   15.000014435.7148   17.9370
    0.0000  -22.5000   15.000014991.0703   17.9260
    7.5000  -22.5000   15.000014385.6475   17.9388
   -7.5000  -15.0000   15.000015265.6641   17.9415
    0.0000  -15.0000   15.000015848.8574   17.9292
    7.5000  -15.0000   15.000015164.8027   17.9399
   -7.5000   -7.5000   15.000015882.0713   17.9390
    0.0000   -7.5000   15.000016513.8008   17.9182
    7.5000   -7.5000   15.000015807.5811   17.9236
   -7.5000    0.0000   15.000016146.1436   17.9340
    0.0000    0.0000   15.000016789.4648   17.9082
    7.5000    0.0000   15.000016064.4961   17.9115
   -7.5000    7.5000   15.000015003.6494   17.9331
    0.0000    7.5000   15.000015598.0283   17.9093
    7.5000    7.5000   15.000014900.7500   17.9134
   -7.5000   15.0000   15.000013854.5693   17.9337
    0.0000   15.0000   15.000014411.5586   17.9162
    7.5000   15.0000   15.000013718.6240   17.9244
   -7.5000   22.5000   15.000012609.4922   17.9287
    0.0000   22.5000   15.000013109.9971   17.9178
    7.5000   22.5000   15.000012438.6973   17.9305
   -7.5000   30.0000   15.000011384.0801   17.7093
    0.0000   30.0000   15.000011840.1650   17.6971
    7.5000   30.0000   15.000011243.5000   17.7077
   -7.5000   37.5000   15.000010573.2891   17.7101
    0.0000   37.5000   15.000011019.8457   17.6896
    7.5000   37.5000   15.000010457.4756   17.6949
   -7.5000   45.0000   15.0000 9305.8135   17.3654
    0.0000   45.0000   15.0000 9708.5264   17.3402
    7.5000   45.0000   15.0000 9239.3008   17.3431
   -7.5000  -45.0000   22.500011618.8164   17.9704
    0.0000  -45.0000   22.500012078.8994   17.9578
    7.5000  -45.0000   22.500011571.2432   17.9721
   -7.5000  -37.5000   22.500012080.7617   17.9531
    0.0000  -37.5000   22.500012534.8643   17.9422
    7.5000  -37.5000   22.500012028.5918   17.9605
   -7.5000  -30.0000   22.500012980.1973   17.9427
    0.0000  -30.0000   22.500013415.9365   17.9359
    7.5000  -30.0000   22.500012882.1377   17.9581
   -7.5000  -22.5000   22.500013803.1133   17.9426
    0.0000  -22.5000   22.500014234.9180   17.9407
    7.5000  -22.5000   22.500013655.8389   17.9642
   -7.5000  -15.0000   22.500014612.8506   17.9527
    0.0000  -15.0000   22.500015078.7861   17.9503
    7.5000  -15.0000   22.500014385.6533   17.9691
   -7.5000   -7.5000   22.500015233.5176   17.9608
    0.0000   -7.5000   22.500015761.5098   17.9517
    7.5000   -7.5000   22.500014998.3672   17.9655
   -7.5000    0.0000   22.500015464.9629   17.9611
    0.0000    0.0000   22.500016027.2705   17.9485
    7.5000    0.0000   22.500015268.6221   17.9629
   -7.5000    7.5000   22.500014325.8916   17.9531
    0.0000    7.5000   22.500014849.1641   17.9422
    7.5000    7.5000   22.500014180.4072   17.9605
   -7.5000   15.0000   22.500013162.8555   17.9427
    0.0000   15.0000   22.500013653.4561   17.9359
    7.5000   15.0000   22.500013002.9902   17.9581
   -7.5000   22.5000   22.500011971.7793   17.9344
    0.0000   22.5000   22.500012429.1211   17.9324
    7.5000   22.5000   22.500011793.5117   17.9559
   -7.5000   30.0000   22.500010790.9102   17.7204
    0.0000   30.0000   22.500011197.8223   17.7180
    7.5000   30.0000   22.500010650.7754   17.7365
   -7.5000   37.5000   22.5000 9998.0049   17.7316
    0.0000   37.5000   22.500010394.4229   17.7227
    7.5000   37.5000   22.5000 9883.5801   17.7363
   -7.5000   45.0000   22.5000 8794.5010   17.3897
    0.0000   45.0000   22.5000 9147.8545   17.3770
    7.5000   45.0000   22.5000 8721.9443   17.3908
   -7.5000  -45.0000   30.000010868.4199   18.0263
    0.0000  -45.0000   30.000011313.9072   18.0175
    7.5000  -45.0000   30.000010807.3984   18.0420
   -7.5000  -37.5000   30.000011347.5000   18.0101
    0.0000  -37.5000   30.000011797.4082   18.0050
    7.5000  -37.5000   30.000011242.6602   18.0353
   -7.5000  -30.0000   30.000012179.5264   17.9959
    0.0000  -30.0000   30.000012611.5049   17.9910
    7.5000  -30.0000   30.000012044.4150   18.0221
   -7.5000  -22.5000   30.000012931.8379   17.9903
    0.0000  -22.5000   30.000013366.2764   17.9848
    7.5000  -22.5000   30.000012751.0576   18.0119
   -7.5000  -15.0000   30.000013639.5029   17.9981
    0.0000  -15.0000   30.000014105.8223   17.9901
    7.5000  -15.0000   30.000013424.7637   18.0106
   -7.5000   -7.5000   30.000014201.3838   18.0105
    0.0000   -7.5000   30.000014698.9580   17.9996
    7.5000   -7.5000   30.000013989.8828   18.0181
   -7.5000    0.0000   30.000014463.4492   18.0169
    0.0000    0.0000   30.000015011.0723   18.0082
    7.5000    0.0000   30.000014279.9541   18.0328
   -7.5000    7.5000   30.000013462.6670   18.0101
    0.0000    7.5000   30.000013970.4385   18.0050
    7.5000    7.5000   30.000013291.9424   18.0353
   -7.5000   15.0000   30.000012352.8887   17.9959
    0.0000   15.0000   30.000012826.8398   17.9910
    7.5000   15.0000   30.000012166.5342   18.0221
   -7.5000   22.5000   30.000011217.9092   17.9820
    0.0000   22.5000   30.000011667.7822   17.9765
    7.5000   22.5000   30.000011051.1953   18.0036
   -7.5000   30.0000   30.000010113.4092   17.7652
    0.0000   30.0000   30.000010502.5420   17.7573
    7.5000   30.0000   30.0000 9953.9521   17.7775
   -7.5000   37.5000   30.0000 9360.9072   17.7807
    0.0000   37.5000   30.0000 9743.4512   17.7700
    7.5000   37.5000   30.0000 9254.7764   17.7883
   -7.5000   45.0000   30.0000 8211.9600   17.4455
    0.0000   45.0000   30.0000 8546.9189   17.4364
    7.5000   45.0000   30.0000 8151.2852   17.4602
   -7.5000  -45.0000   37.500010488.9658   18.1981
    0.0000  -45.0000   37.500010942.6055   18.1769
    7.5000  -45.0000   37.500010389.6113   18.1989
   -7.5000  -37.5000   37.500010930.2305   18.1899
    0.0000  -37.5000   37.500011391.0410   18.1755
    7.5000  -37.5000   37.500010821.0713   18.2026
   -7.5000  -30.0000   37.500011734.5010   18.1830
    0.0000  -30.0000   37.500012188.0420   18.1682
    7.5000  -30.0000   37.500011599.3535   18.1930
   -7.5000  -22.5000   37.500012425.8428   18.1757
    0.0000  -22.5000   37.500012893.1895   18.1561
    7.5000  -22.5000   37.500012260.7578   18.1748
   -7.5000  -15.0000   37.500013062.3721   18.1757
    0.0000  -15.0000   37.500013558.5479   18.1497
    7.5000  -15.0000   37.500012887.4844   18.1619
   -7.5000   -7.5000   37.500013600.6914   18.1816
    0.0000   -7.5000   37.500014099.8379   18.1538
    7.5000   -7.5000   37.500013429.9375   18.1670
   -7.5000    0.0000   37.500013897.2539   18.1885
    0.0000    0.0000   37.500014429.7939   18.1675
    7.5000    0.0000   37.500013756.5146   18.1895
   -7.5000    7.5000   37.500013001.4795   18.1899
    0.0000    7.5000   37.500013504.0088   18.1755
    7.5000    7.5000   37.500012865.2891   18.2026
   -7.5000   15.0000   37.500011917.5527   18.1830
    0.0000   15.0000   37.500012389.1338   18.1682
    7.5000   15.0000   37.500011774.9541   18.1930
   -7.5000   22.5000   37.500010826.6621   18.1674
    0.0000   22.5000   37.500011256.3457   18.1477
    7.5000   22.5000   37.500010689.7822   18.1664
   -7.5000   30.0000   37.5000 9757.2402   17.9405
    0.0000   30.0000   37.500010158.1670   17.9148
    7.5000   30.0000   37.5000 9633.8154   17.9268
   -7.5000   37.5000   37.5000 9027.8799   17.9496
    0.0000   37.5000   37.5000 9412.0186   17.9221
    7.5000   37.5000   37.5000 8954.8018   17.9352
   -7.5000   45.0000   37.5000 7933.8438   17.6138
    0.0000   45.0000   37.5000 8260.4971   17.5931
    7.5000   45.0000   37.5000 7872.8228   17.6149
   -7.5000  -45.0000   45.0000 9581.9951   18.3814
    0.0000  -45.0000   45.000010006.5957   18.3458
    7.5000  -45.0000   45.0000 9487.6592   18.3562
   -7.5000  -37.5000   45.0000 9992.7891   18.3823
    0.0000  -37.5000   45.000010426.2031   18.3552
    7.5000  -37.5000   45.0000 9889.2715   18.3684
   -7.5000  -30.0000   45.000010727.7080   18.3884
    0.0000  -30.0000   45.000011176.5371   18.3630
    7.5000  -30.0000   45.000010610.2051   18.3743
   -7.5000  -22.5000   45.000011340.5908   18.3841
    0.0000  -22.5000   45.000011808.8398   18.3542
    7.5000  -22.5000   45.000011227.6182   18.3617
   -7.5000  -15.0000   45.000011900.5879   18.3763
    0.0000  -15.0000   45.000012371.6963   18.3377
    7.5000  -15.0000   45.000011781.8721   18.3402
   -7.5000   -7.5000   45.000012408.0420   18.3697
    0.0000   -7.5000   45.000012869.4775   18.3274
    7.5000   -7.5000   45.000012279.9932   18.3308
   -7.5000    0.0000   45.000012713.3857   18.3716
    0.0000    0.0000   45.000013205.2646   18.3361
    7.5000    0.0000   45.000012608.4229   18.3465
   -7.5000    7.5000   45.000011940.0908   18.3823
    0.0000    7.5000   45.000012442.0830   18.3552
    7.5000    7.5000   45.000011860.7969   18.3684
   -7.5000   15.0000   45.000010952.1191   18.3884
    0.0000   15.0000   45.000011401.5986   18.3630
    7.5000   15.0000   45.000010865.9775   18.3743
   -7.5000   22.5000   45.0000 9948.7119   18.3756
    0.0000   22.5000   45.000010346.0381   18.3457
    7.5000   22.5000   45.0000 9838.8516   18.3532
   -7.5000   30.0000   45.0000 8972.2432   18.1369
    0.0000   30.0000   45.0000 9335.2715   18.0988
    7.5000   30.0000   45.0000 8868.3047   18.1012
   -7.5000   37.5000   45.0000 8310.9521   18.1318
    0.0000   37.5000   45.0000 8647.9658   18.0900
    7.5000   37.5000   45.0000 8231.8242   18.0934
   -7.5000   45.0000   45.0000 7311.5938   17.7931
    0.0000   45.0000   45.0000 7603.8950   17.7588
    7.5000   45.0000   45.0000 7259.7871   17.7694

---------------------------------------------------------------------
imgreg_4dfp /opt/freesurfer/average/711-2C_as_mni_average_305 /opt/freesurfer/average/711-2B_as_mni_average_305_mask talsrcimg_g11 none talsrcimg_to_711-2C_as_mni_average_305_t4 4355
---------------------------------------------------------------------

freesurfer imgreg_4dfp.c
/opt/freesurfer/average/711-2C_as_mni_average_305.4dfp.img
       256       256       256         1
  1.000000  1.000000  1.000000
orientation T byte_order littleendian
Reading image: /opt/freesurfer/average/711-2C_as_mni_average_305.4dfp.img
dimensions:      256       256       256
mmppix:       1.0000   -1.0000   -1.0000
center:     128.0000 -129.0000 -129.0000
/opt/freesurfer/average/711-2B_as_mni_average_305_mask.4dfp.img
       256       256       256         1
  1.000000  1.000000  1.000000
orientation T byte_order littleendian
Reading mask: /opt/freesurfer/average/711-2B_as_mni_average_305_mask.4dfp.img (2306576 pixels)
talsrcimg_g11.4dfp.img
       256       256       256         1
  1.000000  1.000000  1.000000
orientation T byte_order littleendian
Reading image: talsrcimg_g11.4dfp.img
dimensions:      256       256       256
mmppix:       1.0000   -1.0000   -1.0000
center:     128.0000 -129.0000 -129.0000
rotation matrix determinant  1.000000
image alignment mode   4355 decimal     1103 hex
   -7.5000  -45.0000  -45.0000 2257.0769   15.9892
    0.0000  -45.0000  -45.0000 2258.6350   15.9858
    7.5000  -45.0000  -45.0000 2239.4536   16.2122
   -7.5000  -37.5000  -45.0000 2300.6499   15.2685
    0.0000  -37.5000  -45.0000 2301.7556   15.2529
    7.5000  -37.5000  -45.0000 2282.3894   15.4718
   -7.5000  -30.0000  -45.0000 2323.5754   14.8436
    0.0000  -30.0000  -45.0000 2328.2258   14.8306
    7.5000  -30.0000  -45.0000 2304.7639   15.0431
   -7.5000  -22.5000  -45.0000 2326.4788   14.7436
    0.0000  -22.5000  -45.0000 2331.1284   14.7237
    7.5000  -22.5000  -45.0000 2307.8271   14.9783
   -7.5000  -15.0000  -45.0000 2318.6287   14.8733
    0.0000  -15.0000  -45.0000 2322.2046   14.8395
    7.5000  -15.0000  -45.0000 2295.5947   15.1062
   -7.5000   -7.5000  -45.0000 2301.0889   15.2510
    0.0000   -7.5000  -45.0000 2303.5837   15.2325
    7.5000   -7.5000  -45.0000 2275.6401   15.5106
   -7.5000    0.0000  -45.0000 2258.5176   15.9814
    0.0000    0.0000  -45.0000 2262.7703   15.9318
    7.5000    0.0000  -45.0000 2232.3376   16.2380
   -7.5000    7.5000  -45.0000 2202.0488   16.9925
    0.0000    7.5000  -45.0000 2206.7888   16.9392
    7.5000    7.5000  -45.0000 2177.7480   17.2508
   -7.5000   15.0000  -45.0000 2124.3225   18.3126
    0.0000   15.0000  -45.0000 2128.8320   18.2574
    7.5000   15.0000  -45.0000 2101.2019   18.5970
   -7.5000   22.5000  -45.0000 2033.5927   20.0796
    0.0000   22.5000  -45.0000 2037.4972   19.9910
    7.5000   22.5000  -45.0000 2009.1542   20.4281
   -7.5000   30.0000  -45.0000 1922.9569   22.5502
    0.0000   30.0000  -45.0000 1927.5854   22.3995
    7.5000   30.0000  -45.0000 1902.7947   22.8180
   -7.5000   37.5000  -45.0000 1805.6481   25.8682
    0.0000   37.5000  -45.0000 1812.2964   25.7266
    7.5000   37.5000  -45.0000 1791.4773   26.1208
   -7.5000   45.0000  -45.0000 1679.4573   30.4214
    0.0000   45.0000  -45.0000 1683.9266   30.1773
    7.5000   45.0000  -45.0000 1665.9957   30.6374
   -7.5000  -45.0000  -37.5000 2349.2480   14.7848
    0.0000  -45.0000  -37.5000 2350.4543   14.7792
    7.5000  -45.0000  -37.5000 2326.2913   14.9743
   -7.5000  -37.5000  -37.5000 2396.2300   14.0891
    0.0000  -37.5000  -37.5000 2398.9792   14.0807
    7.5000  -37.5000  -37.5000 2372.0957   14.2699
   -7.5000  -30.0000  -37.5000 2419.3069   13.7273
    0.0000  -30.0000  -37.5000 2421.7214   13.7083
    7.5000  -30.0000  -37.5000 2396.7422   13.8967
   -7.5000  -22.5000  -37.5000 2427.3276   13.6164
    0.0000  -22.5000  -37.5000 2433.4985   13.6027
    7.5000  -22.5000  -37.5000 2406.5955   13.7960
   -7.5000  -15.0000  -37.5000 2420.7676   13.7237
    0.0000  -15.0000  -37.5000 2424.4814   13.6893
    7.5000  -15.0000  -37.5000 2395.1267   13.8992
   -7.5000   -7.5000  -37.5000 2400.0242   14.0592
    0.0000   -7.5000  -37.5000 2403.9185   14.0190
    7.5000   -7.5000  -37.5000 2374.6265   14.2607
   -7.5000    0.0000  -37.5000 2357.9277   14.6983
    0.0000    0.0000  -37.5000 2364.6387   14.6454
    7.5000    0.0000  -37.5000 2334.5410   14.8968
   -7.5000    7.5000  -37.5000 2299.7263   15.6224
    0.0000    7.5000  -37.5000 2305.6946   15.5714
    7.5000    7.5000  -37.5000 2277.0022   15.8522
   -7.5000   15.0000  -37.5000 2212.0137   16.8800
    0.0000   15.0000  -37.5000 2217.0872   16.7799
    7.5000   15.0000  -37.5000 2190.8545   17.0895
   -7.5000   22.5000  -37.5000 2117.2202   18.5250
    0.0000   22.5000  -37.5000 2119.5684   18.4280
    7.5000   22.5000  -37.5000 2092.3511   18.8077
   -7.5000   30.0000  -37.5000 2003.5107   20.7522
    0.0000   30.0000  -37.5000 2005.1619   20.5947
    7.5000   30.0000  -37.5000 1977.9291   20.9673
   -7.5000   37.5000  -37.5000 1879.6631   23.7453
    0.0000   37.5000  -37.5000 1886.4460   23.5650
    7.5000   37.5000  -37.5000 1866.3260   23.9324
   -7.5000   45.0000  -37.5000 1743.4661   27.7992
    0.0000   45.0000  -37.5000 1749.4403   27.5084
    7.5000   45.0000  -37.5000 1733.7144   27.9119
   -7.5000  -45.0000  -30.0000 2487.6135   14.2353
    0.0000  -45.0000  -30.0000 2480.4368   14.2061
    7.5000  -45.0000  -30.0000 2456.5264   14.3622
   -7.5000  -37.5000  -30.0000 2539.6482   13.4807
    0.0000  -37.5000  -30.0000 2534.6682   13.4685
    7.5000  -37.5000  -30.0000 2509.8416   13.6088
   -7.5000  -30.0000  -30.0000 2564.7478   13.1121
    0.0000  -30.0000  -30.0000 2566.3220   13.1124
    7.5000  -30.0000  -30.0000 2538.4622   13.2680
   -7.5000  -22.5000  -30.0000 2577.4832   12.9697
    0.0000  -22.5000  -30.0000 2582.0452   12.9478
    7.5000  -22.5000  -30.0000 2550.5352   13.1309
   -7.5000  -15.0000  -30.0000 2573.2847   13.1108
    0.0000  -15.0000  -30.0000 2576.6958   13.0813
    7.5000  -15.0000  -30.0000 2546.6768   13.2567
   -7.5000   -7.5000  -30.0000 2551.2747   13.4751
    0.0000   -7.5000  -30.0000 2556.8906   13.4146
    7.5000   -7.5000  -30.0000 2528.1895   13.5979
   -7.5000    0.0000  -30.0000 2507.8643   14.0766
    0.0000    0.0000  -30.0000 2514.6055   14.0053
    7.5000    0.0000  -30.0000 2484.7576   14.2073
   -7.5000    7.5000  -30.0000 2443.4863   14.9474
    0.0000    7.5000  -30.0000 2450.5569   14.8784
    7.5000    7.5000  -30.0000 2419.3713   15.1018
   -7.5000   15.0000  -30.0000 2349.1619   16.0971
    0.0000   15.0000  -30.0000 2355.4026   16.0199
    7.5000   15.0000  -30.0000 2327.3252   16.2764
   -7.5000   22.5000  -30.0000 2240.1814   17.6306
    0.0000   22.5000  -30.0000 2246.3542   17.5711
    7.5000   22.5000  -30.0000 2218.7493   17.8640
   -7.5000   30.0000  -30.0000 2111.1174   19.7644
    0.0000   30.0000  -30.0000 2118.5862   19.6719
    7.5000   30.0000  -30.0000 2093.5796   19.9795
   -7.5000   37.5000  -30.0000 1986.2058   22.5773
    0.0000   37.5000  -30.0000 1996.0388   22.4550
    7.5000   37.5000  -30.0000 1972.1307   22.7817
   -7.5000   45.0000  -30.0000 1843.0161   26.3899
    0.0000   45.0000  -30.0000 1848.6019   26.1585
    7.5000   45.0000  -30.0000 1826.7952   26.5327
   -7.5000  -45.0000  -22.5000 2581.8223   13.5584
    0.0000  -45.0000  -22.5000 2580.1042   13.5522
    7.5000  -45.0000  -22.5000 2555.9880   13.7230
   -7.5000  -37.5000  -22.5000 2647.3025   12.7975
    0.0000  -37.5000  -22.5000 2646.1658   12.8070
    7.5000  -37.5000  -22.5000 2622.5474   12.9670
   -7.5000  -30.0000  -22.5000 2687.5234   12.4122
    0.0000  -30.0000  -22.5000 2687.1436   12.4028
    7.5000  -30.0000  -22.5000 2657.9514   12.5751
   -7.5000  -22.5000  -22.5000 2711.3667   12.2566
    0.0000  -22.5000  -22.5000 2711.0410   12.2350
    7.5000  -22.5000  -22.5000 2679.4285   12.4015
   -7.5000  -15.0000  -22.5000 2707.3828   12.4207
    0.0000  -15.0000  -22.5000 2710.4226   12.3827
    7.5000  -15.0000  -22.5000 2674.4797   12.5391
   -7.5000   -7.5000  -22.5000 2679.7146   12.8138
    0.0000   -7.5000  -22.5000 2689.4441   12.7509
    7.5000   -7.5000  -22.5000 2655.8494   12.8949
   -7.5000    0.0000  -22.5000 2633.3269   13.4012
    0.0000    0.0000  -22.5000 2646.1289   13.3335
    7.5000    0.0000  -22.5000 2611.0713   13.5015
   -7.5000    7.5000  -22.5000 2562.9114   14.1874
    0.0000    7.5000  -22.5000 2572.2791   14.1349
    7.5000    7.5000  -22.5000 2538.7261   14.3291
   -7.5000   15.0000  -22.5000 2461.1965   15.2629
    0.0000   15.0000  -22.5000 2471.5776   15.2204
    7.5000   15.0000  -22.5000 2441.5203   15.4353
   -7.5000   22.5000  -22.5000 2341.8689   16.7155
    0.0000   22.5000  -22.5000 2356.0525   16.6843
    7.5000   22.5000  -22.5000 2324.1433   16.9249
   -7.5000   30.0000  -22.5000 2200.8811   18.7270
    0.0000   30.0000  -22.5000 2212.0999   18.6601
    7.5000   30.0000  -22.5000 2189.6038   18.9287
   -7.5000   37.5000  -22.5000 2064.2229   21.3632
    0.0000   37.5000  -22.5000 2075.5063   21.2750
    7.5000   37.5000  -22.5000 2055.7710   21.5796
   -7.5000   45.0000  -22.5000 1915.8492   24.9180
    0.0000   45.0000  -22.5000 1922.8450   24.7767
    7.5000   45.0000  -22.5000 1902.3427   25.0717
   -7.5000  -45.0000  -15.0000 2646.4636   12.9678
    0.0000  -45.0000  -15.0000 2647.2744   12.9741
    7.5000  -45.0000  -15.0000 2617.3379   13.1701
   -7.5000  -37.5000  -15.0000 2728.2004   12.2220
    0.0000  -37.5000  -15.0000 2729.1272   12.2267
    7.5000  -37.5000  -15.0000 2696.5500   12.3954
   -7.5000  -30.0000  -15.0000 2775.8262   11.7756
    0.0000  -30.0000  -15.0000 2778.3774   11.7614
    7.5000  -30.0000  -15.0000 2746.8726   11.9451
   -7.5000  -22.5000  -15.0000 2810.1575   11.5723
    0.0000  -22.5000  -15.0000 2812.6213   11.5613
    7.5000  -22.5000  -15.0000 2776.0671   11.7376
   -7.5000  -15.0000  -15.0000 2807.6611   11.7486
    0.0000  -15.0000  -15.0000 2813.8281   11.7203
    7.5000  -15.0000  -15.0000 2775.5359   11.8579
   -7.5000   -7.5000  -15.0000 2784.1838   12.1812
    0.0000   -7.5000  -15.0000 2797.5408   12.1371
    7.5000   -7.5000  -15.0000 2758.3545   12.2647
   -7.5000    0.0000  -15.0000 2732.6670   12.7466
    0.0000    0.0000  -15.0000 2745.3235   12.7084
    7.5000    0.0000  -15.0000 2706.4287   12.8525
   -7.5000    7.5000  -15.0000 2652.6604   13.5027
    0.0000    7.5000  -15.0000 2664.5288   13.4592
    7.5000    7.5000  -15.0000 2630.1184   13.6451
   -7.5000   15.0000  -15.0000 2542.0564   14.5241
    0.0000   15.0000  -15.0000 2552.2566   14.4818
    7.5000   15.0000  -15.0000 2522.1660   14.6991
   -7.5000   22.5000  -15.0000 2413.5881   15.9578
    0.0000   22.5000  -15.0000 2427.0076   15.9063
    7.5000   22.5000  -15.0000 2396.0068   16.1438
   -7.5000   30.0000  -15.0000 2272.0740   17.8774
    0.0000   30.0000  -15.0000 2280.7896   17.8061
    7.5000   30.0000  -15.0000 2257.6218   18.0616
   -7.5000   37.5000  -15.0000 2127.7124   20.3598
    0.0000   37.5000  -15.0000 2132.4438   20.2761
    7.5000   37.5000  -15.0000 2110.2683   20.5658
   -7.5000   45.0000  -15.0000 1968.6095   23.6592
    0.0000   45.0000  -15.0000 1974.7084   23.5381
    7.5000   45.0000  -15.0000 1954.6735   23.8892
   -7.5000  -45.0000   -7.5000 2684.0559   12.4845
    0.0000  -45.0000   -7.5000 2689.4968   12.5044
    7.5000  -45.0000   -7.5000 2657.0037   12.7240
   -7.5000  -37.5000   -7.5000 2778.3264   11.7228
    0.0000  -37.5000   -7.5000 2781.5071   11.7351
    7.5000  -37.5000   -7.5000 2746.6392   11.9427
   -7.5000  -30.0000   -7.5000 2838.2083   11.2772
    0.0000  -30.0000   -7.5000 2846.4695   11.2665
    7.5000  -30.0000   -7.5000 2810.4277   11.4586
   -7.5000  -22.5000   -7.5000 2881.6755   11.0463
    0.0000  -22.5000   -7.5000 2891.9868   11.0324
    7.5000  -22.5000   -7.5000 2848.4529   11.2199
   -7.5000  -15.0000   -7.5000 2888.8162   11.2009
    0.0000  -15.0000   -7.5000 2901.8853   11.1559
    7.5000  -15.0000   -7.5000 2861.1504   11.3268
   -7.5000   -7.5000   -7.5000 2868.5737   11.6233
    0.0000   -7.5000   -7.5000 2885.4497   11.5767
    7.5000   -7.5000   -7.5000 2844.8020   11.7229
   -7.5000    0.0000   -7.5000 2808.2085   12.1814
    0.0000    0.0000   -7.5000 2820.4995   12.1273
    7.5000    0.0000   -7.5000 2784.1326   12.2896
   -7.5000    7.5000   -7.5000 2713.6682   12.9309
    0.0000    7.5000   -7.5000 2726.0500   12.8553
    7.5000    7.5000   -7.5000 2693.4102   13.0683
   -7.5000   15.0000   -7.5000 2594.8899   13.9429
    0.0000   15.0000   -7.5000 2605.8047   13.8874
    7.5000   15.0000   -7.5000 2573.1345   14.1228
   -7.5000   22.5000   -7.5000 2463.9329   15.3230
    0.0000   22.5000   -7.5000 2475.2913   15.2914
    7.5000   22.5000   -7.5000 2443.8347   15.5381
   -7.5000   30.0000   -7.5000 2319.3040   17.1595
    0.0000   30.0000   -7.5000 2328.2727   17.1213
    7.5000   30.0000   -7.5000 2302.9597   17.3577
   -7.5000   37.5000   -7.5000 2168.5786   19.5470
    0.0000   37.5000   -7.5000 2175.8708   19.4875
    7.5000   37.5000   -7.5000 2153.3149   19.7234
   -7.5000   45.0000   -7.5000 2000.2715   22.6726
    0.0000   45.0000   -7.5000 2010.0087   22.5422
    7.5000   45.0000   -7.5000 1989.1437   22.8857
   -7.5000  -45.0000    0.0000 2699.6873   12.1751
    0.0000  -45.0000    0.0000 2702.1426   12.1710
    7.5000  -45.0000    0.0000 2669.9819   12.4452
   -7.5000  -37.5000    0.0000 2805.5339   11.4132
    0.0000  -37.5000    0.0000 2810.1880   11.4048
    7.5000  -37.5000    0.0000 2773.0896   11.6434
   -7.5000  -30.0000    0.0000 2880.1948   10.9513
    0.0000  -30.0000    0.0000 2890.9482   10.9498
    7.5000  -30.0000    0.0000 2852.3982   11.1504
   -7.5000  -22.5000    0.0000 2936.7100   10.7009
    0.0000  -22.5000    0.0000 2951.8845   10.6827
    7.5000  -22.5000    0.0000 2905.0303   10.9107
   -7.5000  -15.0000    0.0000 2953.5037   10.8039
    0.0000  -15.0000    0.0000 2971.0286   10.7780
    7.5000  -15.0000    0.0000 2924.9468   11.0118
   -7.5000   -7.5000    0.0000 2926.2327   11.1976
    0.0000   -7.5000    0.0000 2948.7244   11.1469
    7.5000   -7.5000    0.0000 2906.4053   11.3850
   -7.5000    0.0000    0.0000 2853.2676   11.7920
    0.0000    0.0000    0.0000 2872.5190   11.7284
    7.5000    0.0000    0.0000 2834.3394   11.9560
   -7.5000    7.5000    0.0000 2753.3740   12.5223
    0.0000    7.5000    0.0000 2766.1860   12.4587
    7.5000    7.5000    0.0000 2732.9067   12.6882
   -7.5000   15.0000    0.0000 2628.9153   13.5313
    0.0000   15.0000    0.0000 2639.5920   13.4901
    7.5000   15.0000    0.0000 2607.8049   13.7406
   -7.5000   22.5000    0.0000 2494.3367   14.8952
    0.0000   22.5000    0.0000 2501.9338   14.8712
    7.5000   22.5000    0.0000 2473.2725   15.1308
   -7.5000   30.0000    0.0000 2345.5564   16.6456
    0.0000   30.0000    0.0000 2353.9167   16.6312
    7.5000   30.0000    0.0000 2329.7847   16.9026
   -7.5000   37.5000    0.0000 2191.2070   18.9253
    0.0000   37.5000    0.0000 2200.4382   18.8705
    7.5000   37.5000    0.0000 2174.9265   19.1818
   -7.5000   45.0000    0.0000 2022.4153   21.8611
    0.0000   45.0000    0.0000 2035.2833   21.7420
    7.5000   45.0000    0.0000 2012.6688   22.0994
   -7.5000  -45.0000    7.5000 2697.9978   12.0691
    0.0000  -45.0000    7.5000 2702.1521   12.0021
    7.5000  -45.0000    7.5000 2668.7144   12.3312
   -7.5000  -37.5000    7.5000 2804.3613   11.2705
    0.0000  -37.5000    7.5000 2814.2881   11.2024
    7.5000  -37.5000    7.5000 2778.0408   11.5262
   -7.5000  -30.0000    7.5000 2898.2097   10.7967
    0.0000  -30.0000    7.5000 2908.4929   10.7345
    7.5000  -30.0000    7.5000 2867.6802   11.0284
   -7.5000  -22.5000    7.5000 2965.1108   10.5280
    0.0000  -22.5000    7.5000 2990.1340   10.5012
    7.5000  -22.5000    7.5000 2936.6267   10.7937
   -7.5000  -15.0000    7.5000 2988.8799   10.5736
    0.0000  -15.0000    7.5000 3016.9795   10.5270
    7.5000  -15.0000    7.5000 2959.2649   10.8678
   -7.5000   -7.5000    7.5000 2955.2993   10.9749
    0.0000   -7.5000    7.5000 2983.6885   10.8966
    7.5000   -7.5000    7.5000 2933.7100   11.2112
   -7.5000    0.0000    7.5000 2866.5852   11.5651
    0.0000    0.0000    7.5000 2889.2175   11.4905
    7.5000    0.0000    7.5000 2852.8999   11.7401
   -7.5000    7.5000    7.5000 2765.4690   12.2919
    0.0000    7.5000    7.5000 2779.4429   12.2411
    7.5000    7.5000    7.5000 2748.4324   12.4663
   -7.5000   15.0000    7.5000 2640.3823   13.3215
    0.0000   15.0000    7.5000 2653.0684   13.2650
    7.5000   15.0000    7.5000 2623.3855   13.4953
   -7.5000   22.5000    7.5000 2505.4482   14.6574
    0.0000   22.5000    7.5000 2515.2097   14.6223
    7.5000   22.5000    7.5000 2486.2190   14.8702
   -7.5000   30.0000    7.5000 2353.2285   16.3745
    0.0000   30.0000    7.5000 2363.7773   16.3491
    7.5000   30.0000    7.5000 2338.0327   16.6262
   -7.5000   37.5000    7.5000 2198.5847   18.5774
    0.0000   37.5000    7.5000 2210.7732   18.5128
    7.5000   37.5000    7.5000 2185.9746   18.8212
   -7.5000   45.0000    7.5000 2030.9344   21.3921
    0.0000   45.0000    7.5000 2043.4846   21.2911
    7.5000   45.0000    7.5000 2021.8698   21.6678
   -7.5000  -45.0000   15.0000 2671.4912   12.1415
    0.0000  -45.0000   15.0000 2675.9927   12.0442
    7.5000  -45.0000   15.0000 2648.5559   12.4451
   -7.5000  -37.5000   15.0000 2781.4368   11.3181
    0.0000  -37.5000   15.0000 2796.0339   11.2207
    7.5000  -37.5000   15.0000 2760.5271   11.5999
   -7.5000  -30.0000   15.0000 2878.8696   10.8267
    0.0000  -30.0000   15.0000 2898.0220   10.7265
    7.5000  -30.0000   15.0000 2859.7439   11.0836
   -7.5000  -22.5000   15.0000 2948.9980   10.6152
    0.0000  -22.5000   15.0000 2979.4385   10.5245
    7.5000  -22.5000   15.0000 2931.5593   10.8534
   -7.5000  -15.0000   15.0000 2981.7915   10.7284
    0.0000  -15.0000   15.0000 3009.9263   10.6172
    7.5000  -15.0000   15.0000 2954.8010   10.9035
   -7.5000   -7.5000   15.0000 2948.1147   11.0400
    0.0000   -7.5000   15.0000 2973.1357   10.9534
    7.5000   -7.5000   15.0000 2927.6348   11.2008
   -7.5000    0.0000   15.0000 2861.0718   11.5328
    0.0000    0.0000   15.0000 2880.6743   11.4542
    7.5000    0.0000   15.0000 2847.6624   11.7064
   -7.5000    7.5000   15.0000 2751.9863   12.2714
    0.0000    7.5000   15.0000 2767.4558   12.2117
    7.5000    7.5000   15.0000 2740.5479   12.4557
   -7.5000   15.0000   15.0000 2627.4412   13.3076
    0.0000   15.0000   15.0000 2642.0847   13.2465
    7.5000   15.0000   15.0000 2616.8323   13.4832
   -7.5000   22.5000   15.0000 2496.3140   14.6269
    0.0000   22.5000   15.0000 2507.5479   14.6147
    7.5000   22.5000   15.0000 2480.3601   14.8482
   -7.5000   30.0000   15.0000 2345.1921   16.3044
    0.0000   30.0000   15.0000 2355.6252   16.3197
    7.5000   30.0000   15.0000 2332.1250   16.5809
   -7.5000   37.5000   15.0000 2183.2732   18.4551
    0.0000   37.5000   15.0000 2198.5222   18.4382
    7.5000   37.5000   15.0000 2174.8525   18.7112
   -7.5000   45.0000   15.0000 2018.3287   21.2219
    0.0000   45.0000   15.0000 2033.6055   21.1185
    7.5000   45.0000   15.0000 2012.6184   21.4789
   -7.5000  -45.0000   22.5000 2628.9392   12.4950
    0.0000  -45.0000   22.5000 2640.1021   12.3618
    7.5000  -45.0000   22.5000 2617.3372   12.7744
   -7.5000  -37.5000   22.5000 2736.7908   11.7009
    0.0000  -37.5000   22.5000 2752.2144   11.5520
    7.5000  -37.5000   22.5000 2730.7344   11.9417
   -7.5000  -30.0000   22.5000 2830.7087   11.2046
    0.0000  -30.0000   22.5000 2850.6394   11.0646
    7.5000  -30.0000   22.5000 2825.0076   11.4226
   -7.5000  -22.5000   22.5000 2904.1348   10.9595
    0.0000  -22.5000   22.5000 2931.4890   10.8127
    7.5000  -22.5000   22.5000 2894.0896   11.1425
   -7.5000  -15.0000   22.5000 2937.1338   11.0140
    0.0000  -15.0000   22.5000 2961.5232   10.8895
    7.5000  -15.0000   22.5000 2920.4905   11.1424
   -7.5000   -7.5000   22.5000 2897.9629   11.3275
    0.0000   -7.5000   22.5000 2927.4780   11.2265
    7.5000   -7.5000   22.5000 2889.2026   11.4338
   -7.5000    0.0000   22.5000 2814.7708   11.8351
    0.0000    0.0000   22.5000 2840.4702   11.7546
    7.5000    0.0000   22.5000 2812.7126   11.9573
   -7.5000    7.5000   22.5000 2709.4329   12.5583
    0.0000    7.5000   22.5000 2725.2891   12.4901
    7.5000    7.5000   22.5000 2706.4644   12.7223
   -7.5000   15.0000   22.5000 2594.1228   13.5387
    0.0000   15.0000   22.5000 2604.8853   13.4692
    7.5000   15.0000   22.5000 2587.1213   13.7223
   -7.5000   22.5000   22.5000 2466.6609   14.8139
    0.0000   22.5000   22.5000 2478.7097   14.7901
    7.5000   22.5000   22.5000 2453.8030   15.0424
   -7.5000   30.0000   22.5000 2318.1804   16.4670
    0.0000   30.0000   22.5000 2329.2249   16.4504
    7.5000   30.0000   22.5000 2309.2976   16.7107
   -7.5000   37.5000   22.5000 2160.3467   18.5875
    0.0000   37.5000   22.5000 2176.5049   18.5441
    7.5000   37.5000   22.5000 2154.1348   18.8329
   -7.5000   45.0000   22.5000 1993.5835   21.3333
    0.0000   45.0000   22.5000 2010.3059   21.2160
    7.5000   45.0000   22.5000 1993.8206   21.5746
   -7.5000  -45.0000   30.0000 2578.5464   13.1346
    0.0000  -45.0000   30.0000 2593.9387   12.9728
    7.5000  -45.0000   30.0000 2576.6960   13.3419
   -7.5000  -37.5000   30.0000 2686.6194   12.3257
    0.0000  -37.5000   30.0000 2702.7341   12.1678
    7.5000  -37.5000   30.0000 2683.1643   12.5099
   -7.5000  -30.0000   30.0000 2774.1052   11.7797
    0.0000  -30.0000   30.0000 2793.0488   11.6188
    7.5000  -30.0000   30.0000 2771.5527   11.9606
   -7.5000  -22.5000   30.0000 2835.3904   11.4888
    0.0000  -22.5000   30.0000 2861.0691   11.3429
    7.5000  -22.5000   30.0000 2829.5869   11.6250
   -7.5000  -15.0000   30.0000 2859.1523   11.4934
    0.0000  -15.0000   30.0000 2878.4966   11.3918
    7.5000  -15.0000   30.0000 2851.2319   11.6040
   -7.5000   -7.5000   30.0000 2824.1758   11.8194
    0.0000   -7.5000   30.0000 2843.5205   11.7120
    7.5000   -7.5000   30.0000 2819.0491   11.8978
   -7.5000    0.0000   30.0000 2748.2439   12.3374
    0.0000    0.0000   30.0000 2772.7710   12.2194
    7.5000    0.0000   30.0000 2749.4802   12.4218
   -7.5000    7.5000   30.0000 2649.8281   13.0837
    0.0000    7.5000   30.0000 2666.3560   12.9775
    7.5000    7.5000   30.0000 2647.5991   13.1908
   -7.5000   15.0000   30.0000 2540.9531   14.0480
    0.0000   15.0000   30.0000 2552.4197   13.9672
    7.5000   15.0000   30.0000 2531.7161   14.1580
   -7.5000   22.5000   30.0000 2418.8792   15.2563
    0.0000   22.5000   30.0000 2435.5491   15.1949
    7.5000   22.5000   30.0000 2414.5083   15.4186
   -7.5000   30.0000   30.0000 2277.9211   16.8509
    0.0000   30.0000   30.0000 2288.5938   16.8146
    7.5000   30.0000   30.0000 2272.1497   17.0391
   -7.5000   37.5000   30.0000 2121.5674   18.9524
    0.0000   37.5000   30.0000 2138.6909   18.9125
    7.5000   37.5000   30.0000 2122.8120   19.1914
   -7.5000   45.0000   30.0000 1963.3009   21.6862
    0.0000   45.0000   30.0000 1977.8087   21.5448
    7.5000   45.0000   30.0000 1963.3917   21.9396
   -7.5000  -45.0000   37.5000 2522.1597   13.9420
    0.0000  -45.0000   37.5000 2540.8547   13.8233
    7.5000  -45.0000   37.5000 2523.4072   14.1197
   -7.5000  -37.5000   37.5000 2626.3176   13.0809
    0.0000  -37.5000   37.5000 2645.1548   12.9496
    7.5000  -37.5000   37.5000 2624.9568   13.2451
   -7.5000  -30.0000   37.5000 2704.0459   12.5485
    0.0000  -30.0000   37.5000 2728.8635   12.3825
    7.5000  -30.0000   37.5000 2706.5115   12.6752
   -7.5000  -22.5000   37.5000 2751.8120   12.2270
    0.0000  -22.5000   37.5000 2778.6284   12.0976
    7.5000  -22.5000   37.5000 2753.5544   12.3353
   -7.5000  -15.0000   37.5000 2764.2788   12.2092
    0.0000  -15.0000   37.5000 2787.4248   12.0976
    7.5000  -15.0000   37.5000 2764.3103   12.2951
   -7.5000   -7.5000   37.5000 2729.7344   12.4706
    0.0000   -7.5000   37.5000 2746.7124   12.3751
    7.5000   -7.5000   37.5000 2730.6936   12.5460
   -7.5000    0.0000   37.5000 2662.3633   12.9893
    0.0000    0.0000   37.5000 2683.6377   12.8777
    7.5000    0.0000   37.5000 2663.9390   13.0708
   -7.5000    7.5000   37.5000 2578.7061   13.7720
    0.0000    7.5000   37.5000 2595.4495   13.6618
    7.5000    7.5000   37.5000 2574.0483   13.8584
   -7.5000   15.0000   37.5000 2477.9573   14.7157
    0.0000   15.0000   37.5000 2491.4814   14.6480
    7.5000   15.0000   37.5000 2468.4846   14.8453
   -7.5000   22.5000   37.5000 2363.5881   15.9172
    0.0000   22.5000   37.5000 2374.6016   15.8812
    7.5000   22.5000   37.5000 2356.5117   16.0672
   -7.5000   30.0000   37.5000 2224.6743   17.5065
    0.0000   30.0000   37.5000 2239.7561   17.4584
    7.5000   30.0000   37.5000 2219.2068   17.6513
   -7.5000   37.5000   37.5000 2076.4478   19.5720
    0.0000   37.5000   37.5000 2092.6570   19.5276
    7.5000   37.5000   37.5000 2076.9976   19.7681
   -7.5000   45.0000   37.5000 1921.4885   22.3388
    0.0000   45.0000   37.5000 1931.2349   22.2085
    7.5000   45.0000   37.5000 1920.4265   22.5642
   -7.5000  -45.0000   45.0000 2452.6274   14.9733
    0.0000  -45.0000   45.0000 2475.6179   14.8774
    7.5000  -45.0000   45.0000 2454.0894   15.1168
   -7.5000  -37.5000   45.0000 2550.3496   14.0710
    0.0000  -37.5000   45.0000 2569.3171   13.9706
    7.5000  -37.5000   45.0000 2552.1021   14.1950
   -7.5000  -30.0000   45.0000 2619.2949   13.5010
    0.0000  -30.0000   45.0000 2645.4434   13.3749
    7.5000  -30.0000   45.0000 2623.7927   13.5973
   -7.5000  -22.5000   45.0000 2661.1458   13.1426
    0.0000  -22.5000   45.0000 2685.1892   13.0425
    7.5000  -22.5000   45.0000 2665.3328   13.2433
   -7.5000  -15.0000   45.0000 2662.3708   13.1082
    0.0000  -15.0000   45.0000 2684.0247   13.0095
    7.5000  -15.0000   45.0000 2666.0500   13.1772
   -7.5000   -7.5000   45.0000 2626.2085   13.3326
    0.0000   -7.5000   45.0000 2642.1082   13.2267
    7.5000   -7.5000   45.0000 2631.8887   13.3963
   -7.5000    0.0000   45.0000 2570.1897   13.8372
    0.0000    0.0000   45.0000 2586.0408   13.7210
    7.5000    0.0000   45.0000 2573.1062   13.9052
   -7.5000    7.5000   45.0000 2498.1045   14.5982
    0.0000    7.5000   45.0000 2517.7354   14.5126
    7.5000    7.5000   45.0000 2499.6602   14.6786
   -7.5000   15.0000   45.0000 2405.7590   15.5511
    0.0000   15.0000   45.0000 2417.5466   15.4961
    7.5000   15.0000   45.0000 2403.7485   15.6564
   -7.5000   22.5000   45.0000 2294.9980   16.7629
    0.0000   22.5000   45.0000 2303.3611   16.7226
    7.5000   22.5000   45.0000 2289.3694   16.8789
   -7.5000   30.0000   45.0000 2161.2380   18.4012
    0.0000   30.0000   45.0000 2174.6230   18.3366
    7.5000   30.0000   45.0000 2157.8174   18.5355
   -7.5000   37.5000   45.0000 2018.3281   20.5073
    0.0000   37.5000   45.0000 2028.3303   20.4586
    7.5000   37.5000   45.0000 2016.1787   20.6799
   -7.5000   45.0000   45.0000 1871.1163   23.2996
    0.0000   45.0000   45.0000 1877.7445   23.1955
    7.5000   45.0000   45.0000 1870.4208   23.5334

---------------------------------------------------------------------
imgreg_4dfp /opt/freesurfer/average/711-2C_as_mni_average_305 /opt/freesurfer/average/711-2B_as_mni_average_305_mask talsrcimg_g11 none talsrcimg_to_711-2C_as_mni_average_305_t4 1283
---------------------------------------------------------------------

freesurfer imgreg_4dfp.c
/opt/freesurfer/average/711-2C_as_mni_average_305.4dfp.img
       256       256       256         1
  1.000000  1.000000  1.000000
orientation T byte_order littleendian
Reading image: /opt/freesurfer/average/711-2C_as_mni_average_305.4dfp.img
dimensions:      256       256       256
mmppix:       1.0000   -1.0000   -1.0000
center:     128.0000 -129.0000 -129.0000
/opt/freesurfer/average/711-2B_as_mni_average_305_mask.4dfp.img
       256       256       256         1
  1.000000  1.000000  1.000000
orientation T byte_order littleendian
Reading mask: /opt/freesurfer/average/711-2B_as_mni_average_305_mask.4dfp.img (2306576 pixels)
talsrcimg_g11.4dfp.img
       256       256       256         1
  1.000000  1.000000  1.000000
orientation T byte_order littleendian
Reading image: talsrcimg_g11.4dfp.img
dimensions:      256       256       256
mmppix:       1.0000   -1.0000   -1.0000
center:     128.0000 -129.0000 -129.0000
rotation matrix determinant  1.000000
fimgreg.f
image alignment mode   1283 decimal      503 hex
parameters
    0.0000  -15.0000    7.5000    0.0000    0.0000    0.0000
eta,q 0.94748 10.51387
niter,ni,del,rscale     5    3   12.0000    1.2000
parameter  4  1.391562 ->  0.500000 qaram    1.1500
parameters
   -1.2003  -15.2144   10.1163   -3.4500   -2.1480    0.7082
eta,q 0.95284 10.30065
  0.0599  0.0584  0.0614  0.0472  0.0491  0.0507
  0.0552  0.0557  0.0580  0.0474  0.0474  0.0492
  0.0526  0.0534  0.0549  0.0483  0.0473  0.0482
  0.0527  0.0520  0.0520  0.0501  0.0476  0.0473
  0.0564  0.0522  0.0501  0.0521  0.0492  0.0473
  0.0618  0.0552  0.0507  0.0542  0.0525  0.0482
  0.0677  0.0607  0.0533  0.0564  0.0564  0.0496
niter,ni,del,rscale     5    3   12.0000    1.2000
parameter  4  0.539310 ->  0.500000 qaram    1.3225
parameters
   -0.5149  -14.4360   10.0346   -7.4175   -3.2189    0.1391
eta,q 0.95472 10.35579
  0.0596  0.0570  0.0539  0.0463  0.0487  0.0480
  0.0542  0.0518  0.0506  0.0455  0.0467  0.0460
  0.0497  0.0485  0.0474  0.0459  0.0457  0.0451
  0.0472  0.0467  0.0467  0.0467  0.0455  0.0455
  0.0467  0.0475  0.0480  0.0481  0.0465  0.0463
  0.0498  0.0495  0.0504  0.0502  0.0490  0.0470
  0.0559  0.0526  0.0546  0.0538  0.0528  0.0486
niter,ni,del,rscale     5    3   12.0000    1.2000
parameters
   -0.0350  -12.5983    9.4202   -8.7294   -3.7809    0.2167
eta,q 0.95706 10.38783
  0.0566  0.0574  0.0496  0.0497  0.0474  0.0479
  0.0518  0.0518  0.0466  0.0440  0.0453  0.0452
  0.0477  0.0477  0.0443  0.0424  0.0436  0.0433
  0.0453  0.0450  0.0441  0.0439  0.0429  0.0429
  0.0449  0.0441  0.0455  0.0467  0.0437  0.0438
  0.0484  0.0452  0.0480  0.0490  0.0462  0.0452
  0.0546  0.0482  0.0529  0.0522  0.0501  0.0474
niter,ni,del,rscale     4    3   12.0000    1.2000
parameters
   -0.0077  -12.2755    9.2256   -9.0915   -3.8846    0.1384
eta,q 0.95734 10.39075
  0.0544  0.0535  0.0492  0.0514  0.0477  0.0476
  0.0486  0.0484  0.0464  0.0458  0.0456  0.0448
  0.0444  0.0447  0.0439  0.0422  0.0437  0.0429
  0.0429  0.0429  0.0429  0.0429  0.0427  0.0427
  0.0439  0.0434  0.0441  0.0454  0.0431  0.0437
  0.0482  0.0462  0.0463  0.0483  0.0452  0.0452
  0.0545  0.0521  0.0506  0.0510  0.0487  0.0474
niter,ni,del,rscale     3    3   12.0000    1.2000
parameters
   -0.0082  -12.1862    9.1604   -9.2423   -3.9232    0.0977
eta,q 0.95744 10.39087
  0.0540  0.0531  0.0492  0.0519  0.0477  0.0476
  0.0482  0.0477  0.0463  0.0463  0.0456  0.0447
  0.0441  0.0440  0.0439  0.0421  0.0437  0.0428
  0.0427  0.0427  0.0427  0.0427  0.0426  0.0426
  0.0438  0.0435  0.0438  0.0450  0.0430  0.0436
  0.0481  0.0467  0.0459  0.0481  0.0450  0.0451
  0.0542  0.0530  0.0500  0.0507  0.0485  0.0473
niter,ni,del,rscale     2    3   12.0000    1.2000
parameters
   -0.0075  -12.1473    9.1329   -9.3093   -3.9438    0.0832
eta,q 0.95748 10.39089
  0.0540  0.0530  0.0491  0.0521  0.0476  0.0476
  0.0480  0.0475  0.0463  0.0465  0.0456  0.0447
  0.0439  0.0438  0.0438  0.0421  0.0436  0.0428
  0.0426  0.0426  0.0426  0.0426  0.0425  0.0425
  0.0437  0.0434  0.0437  0.0449  0.0429  0.0435
  0.0480  0.0468  0.0457  0.0480  0.0450  0.0450
  0.0540  0.0532  0.0497  0.0507  0.0484  0.0472
registration optimization eta report
parameter search radius
    6.0000    6.0000    6.0000    7.9350    6.0000    6.0000
100000*second partial in parameter space
       32.       29.       18.       14.       15.       13.
  0.0540  0.0530  0.0491  0.0521  0.0476  0.0476
  0.0480  0.0475  0.0463  0.0465  0.0456  0.0447
  0.0439  0.0438  0.0438  0.0421  0.0436  0.0428
  0.0426  0.0426  0.0426  0.0426  0.0425  0.0425
  0.0437  0.0434  0.0437  0.0449  0.0429  0.0435
  0.0480  0.0468  0.0457  0.0480  0.0450  0.0450
  0.0540  0.0532  0.0497  0.0507  0.0484  0.0472
   -0.0075  -12.1473    9.1329   -9.3093   -3.9438    0.0832
eta,q 0.95748 10.39089

---------------------------------------------------------------------
imgreg_4dfp /opt/freesurfer/average/711-2C_as_mni_average_305 /opt/freesurfer/average/711-2B_as_mni_average_305_mask talsrcimg_g11 none talsrcimg_to_711-2C_as_mni_average_305_t4 3335
---------------------------------------------------------------------

freesurfer imgreg_4dfp.c
/opt/freesurfer/average/711-2C_as_mni_average_305.4dfp.img
       256       256       256         1
  1.000000  1.000000  1.000000
orientation T byte_order littleendian
Reading image: /opt/freesurfer/average/711-2C_as_mni_average_305.4dfp.img
dimensions:      256       256       256
mmppix:       1.0000   -1.0000   -1.0000
center:     128.0000 -129.0000 -129.0000
/opt/freesurfer/average/711-2B_as_mni_average_305_mask.4dfp.img
       256       256       256         1
  1.000000  1.000000  1.000000
orientation T byte_order littleendian
Reading mask: /opt/freesurfer/average/711-2B_as_mni_average_305_mask.4dfp.img (2306576 pixels)
talsrcimg_g11.4dfp.img
       256       256       256         1
  1.000000  1.000000  1.000000
orientation T byte_order littleendian
Reading image: talsrcimg_g11.4dfp.img
dimensions:      256       256       256
mmppix:       1.0000   -1.0000   -1.0000
center:     128.0000 -129.0000 -129.0000
fimgreg.f
image alignment mode   3335 decimal      D07 hex
parameters
   -0.0075  -12.1473    9.1329   -0.2369   -1.3188   -1.5507
   -1.2559    6.7637    0.1449   16.1862   -6.8777  -16.1380
eta,q 0.95924 10.41536
niter,ni,del,rscale     5    3    5.0000    1.2000
parameter  4  1.621140 ->  0.500000 qaram    1.1500
parameter  5  2.281906 ->  0.500000 qaram    1.1500
parameter  6  1.096614 ->  0.500000 qaram    1.1500
parameters
   -0.2481  -11.6543    8.7285   -4.3769   -5.4588   -5.6907
   -0.9884    7.9175    1.3976   13.2737   -5.5627  -19.4570
eta,q 0.97292  9.99874
  0.0427  0.0427  0.0415  0.0351  0.0302  0.0275  0.0308  0.0342  0.0305  0.0286  0.0294  0.0275
  0.0416  0.0418  0.0410  0.0361  0.0318  0.0278  0.0294  0.0316  0.0293  0.0277  0.0284  0.0272
  0.0409  0.0412  0.0407  0.0380  0.0339  0.0294  0.0285  0.0294  0.0284  0.0274  0.0277  0.0271
  0.0408  0.0407  0.0406  0.0406  0.0365  0.0323  0.0281  0.0281  0.0279  0.0279  0.0274  0.0274
  0.0412  0.0406  0.0409  0.0440  0.0397  0.0362  0.0283  0.0281  0.0279  0.0293  0.0274  0.0280
  0.0422  0.0409  0.0415  0.0476  0.0431  0.0408  0.0291  0.0293  0.0283  0.0316  0.0277  0.0288
  0.0437  0.0417  0.0425  0.0514  0.0466  0.0456  0.0304  0.0315  0.0292  0.0344  0.0283  0.0298
niter,ni,del,rscale     7    3    5.0000    1.2000
parameter  5  0.713516 ->  0.500000 qaram    1.3225
parameters
   -0.5234  -11.4447    8.2350   -7.9069  -10.2198   -8.5428
   -0.9306    7.6096    1.7447   15.5230   -5.4979  -21.6281
eta,q 0.97566  9.69346
  0.0295  0.0295  0.0281  0.0276  0.0247  0.0255  0.0271  0.0282  0.0266  0.0283  0.0251  0.0248
  0.0280  0.0281  0.0273  0.0266  0.0242  0.0250  0.0259  0.0264  0.0256  0.0267  0.0247  0.0245
  0.0272  0.0273  0.0269  0.0262  0.0248  0.0246  0.0250  0.0251  0.0249  0.0254  0.0245  0.0243
  0.0271  0.0270  0.0270  0.0269  0.0262  0.0243  0.0246  0.0246  0.0247  0.0247  0.0244  0.0244
  0.0277  0.0271  0.0275  0.0288  0.0281  0.0255  0.0249  0.0251  0.0248  0.0244  0.0245  0.0247
  0.0290  0.0277  0.0284  0.0319  0.0309  0.0291  0.0258  0.0266  0.0253  0.0247  0.0247  0.0252
  0.0310  0.0287  0.0296  0.0359  0.0345  0.0342  0.0271  0.0290  0.0262  0.0256  0.0251  0.0260
niter,ni,del,rscale     7    3    5.0000    1.2000
parameter  3  0.560776 ->  0.500000 qaram    1.1500
parameters
   -0.5061  -10.8815    6.8550   -7.6935  -11.9127  -10.4052
   -1.0929    7.4975    2.2103   16.9229   -5.0465  -23.1401
eta,q 0.97623  9.57452
  0.0270  0.0274  0.0241  0.0267  0.0265  0.0252  0.0262  0.0275  0.0256  0.0266  0.0245  0.0244
  0.0256  0.0260  0.0239  0.0256  0.0252  0.0243  0.0250  0.0257  0.0247  0.0253  0.0241  0.0240
  0.0247  0.0249  0.0239  0.0246  0.0240  0.0240  0.0242  0.0244  0.0241  0.0244  0.0239  0.0238
  0.0243  0.0243  0.0242  0.0238  0.0238  0.0237  0.0239  0.0239  0.0239  0.0239  0.0238  0.0238
  0.0246  0.0242  0.0247  0.0238  0.0250  0.0238  0.0242  0.0243  0.0240  0.0239  0.0239  0.0241
  0.0255  0.0246  0.0254  0.0248  0.0268  0.0259  0.0251  0.0257  0.0245  0.0243  0.0240  0.0245
  0.0270  0.0255  0.0263  0.0270  0.0298  0.0298  0.0265  0.0279  0.0252  0.0251  0.0244  0.0252
niter,ni,del,rscale     7    3    5.0000    1.2000
parameters
   -0.5844  -10.4871    6.1749   -7.5676  -12.7850  -11.4012
   -1.1980    7.1955    2.2112   18.1863   -5.0923  -23.6182
eta,q 0.97638  9.51607
  0.0263  0.0265  0.0244  0.0262  0.0266  0.0256  0.0260  0.0271  0.0251  0.0261  0.0243  0.0245
  0.0249  0.0252  0.0238  0.0252  0.0254  0.0244  0.0248  0.0253  0.0243  0.0250  0.0239  0.0240
  0.0240  0.0243  0.0236  0.0243  0.0242  0.0238  0.0240  0.0241  0.0239  0.0241  0.0237  0.0237
  0.0238  0.0238  0.0237  0.0236  0.0236  0.0236  0.0237  0.0237  0.0237  0.0237  0.0236  0.0236
  0.0241  0.0238  0.0241  0.0236  0.0243  0.0235  0.0240  0.0242  0.0239  0.0237  0.0237  0.0238
  0.0251  0.0243  0.0247  0.0245  0.0259  0.0247  0.0248  0.0256  0.0243  0.0241  0.0239  0.0241
  0.0266  0.0252  0.0255  0.0266  0.0284  0.0280  0.0261  0.0278  0.0251  0.0249  0.0243  0.0247
niter,ni,del,rscale     6    3    5.0000    1.2000
parameters
   -0.7064  -10.0619    5.6944   -7.6644  -13.6477  -12.2932
   -1.0438    6.9137    2.2359   19.6240   -5.0740  -23.6333
eta,q 0.97648  9.45521
  0.0259  0.0263  0.0245  0.0258  0.0263  0.0255  0.0259  0.0268  0.0250  0.0259  0.0241  0.0244
  0.0246  0.0250  0.0238  0.0249  0.0252  0.0244  0.0247  0.0251  0.0242  0.0248  0.0238  0.0239
  0.0238  0.0241  0.0235  0.0241  0.0241  0.0237  0.0239  0.0240  0.0238  0.0240  0.0236  0.0236
  0.0236  0.0236  0.0236  0.0235  0.0235  0.0236  0.0236  0.0236  0.0236  0.0236  0.0235  0.0235
  0.0240  0.0236  0.0239  0.0235  0.0241  0.0236  0.0238  0.0241  0.0238  0.0235  0.0236  0.0236
  0.0250  0.0241  0.0245  0.0244  0.0256  0.0245  0.0246  0.0254  0.0242  0.0239  0.0238  0.0239
  0.0265  0.0249  0.0253  0.0265  0.0280  0.0275  0.0257  0.0275  0.0250  0.0246  0.0241  0.0244
niter,ni,del,rscale     5    3    5.0000    1.2000
parameters
   -0.8274   -9.5550    5.1692   -7.8525  -14.7493  -13.4583
   -0.8386    6.6547    2.0747   21.3061   -4.4646  -23.2612
eta,q 0.97673  9.36631
  0.0257  0.0261  0.0243  0.0255  0.0259  0.0251  0.0255  0.0265  0.0248  0.0258  0.0240  0.0242
  0.0245  0.0249  0.0237  0.0246  0.0248  0.0241  0.0245  0.0248  0.0240  0.0247  0.0236  0.0238
  0.0237  0.0240  0.0234  0.0239  0.0239  0.0235  0.0238  0.0238  0.0236  0.0239  0.0234  0.0235
  0.0235  0.0235  0.0235  0.0234  0.0234  0.0235  0.0235  0.0234  0.0234  0.0234  0.0233  0.0233
  0.0239  0.0235  0.0238  0.0234  0.0239  0.0236  0.0236  0.0239  0.0236  0.0233  0.0233  0.0233
  0.0248  0.0238  0.0244  0.0242  0.0255  0.0245  0.0243  0.0251  0.0241  0.0236  0.0235  0.0236
  0.0262  0.0246  0.0252  0.0262  0.0278  0.0273  0.0254  0.0270  0.0249  0.0244  0.0238  0.0241
niter,ni,del,rscale     4    3    5.0000    1.2000
parameters
   -0.9164   -9.0296    4.6845   -8.0200  -15.8466  -14.5974
   -0.6921    6.5049    1.6086   22.6741   -3.7860  -23.2037
eta,q 0.97700  9.28173
  0.0254  0.0259  0.0240  0.0250  0.0256  0.0248  0.0250  0.0261  0.0245  0.0255  0.0238  0.0239
  0.0242  0.0247  0.0234  0.0242  0.0245  0.0237  0.0241  0.0245  0.0237  0.0245  0.0234  0.0235
  0.0235  0.0238  0.0231  0.0235  0.0236  0.0232  0.0234  0.0235  0.0233  0.0237  0.0231  0.0232
  0.0233  0.0233  0.0232  0.0231  0.0231  0.0232  0.0231  0.0231  0.0231  0.0231  0.0230  0.0230
  0.0236  0.0232  0.0235  0.0231  0.0236  0.0234  0.0233  0.0235  0.0234  0.0230  0.0230  0.0231
  0.0244  0.0235  0.0241  0.0239  0.0251  0.0242  0.0239  0.0247  0.0240  0.0234  0.0232  0.0234
  0.0258  0.0243  0.0250  0.0257  0.0275  0.0267  0.0250  0.0264  0.0249  0.0243  0.0236  0.0240
niter,ni,del,rscale     3    3    5.0000    1.2000
parameters
   -0.9640   -8.6966    4.3489   -8.1175  -16.5190  -15.2507
   -0.5570    6.4366    1.3709   23.4376   -3.6804  -23.4231
eta,q 0.97705  9.23697
  0.0251  0.0256  0.0240  0.0247  0.0257  0.0249  0.0248  0.0260  0.0245  0.0252  0.0237  0.0238
  0.0240  0.0243  0.0234  0.0239  0.0244  0.0237  0.0239  0.0244  0.0237  0.0242  0.0233  0.0234
  0.0232  0.0234  0.0230  0.0233  0.0235  0.0231  0.0233  0.0233  0.0231  0.0234  0.0230  0.0231
  0.0230  0.0230  0.0230  0.0229  0.0229  0.0230  0.0230  0.0230  0.0230  0.0230  0.0229  0.0229
  0.0233  0.0230  0.0232  0.0230  0.0233  0.0232  0.0231  0.0233  0.0232  0.0230  0.0230  0.0230
  0.0241  0.0235  0.0238  0.0236  0.0247  0.0239  0.0237  0.0244  0.0238  0.0235  0.0232  0.0234
  0.0253  0.0245  0.0247  0.0252  0.0270  0.0260  0.0248  0.0262  0.0247  0.0246  0.0236  0.0240
niter,ni,del,rscale     2    3    5.0000    1.2000
parameters
   -1.0006   -8.5164    4.1386   -8.1706  -16.8635  -15.5723
   -0.4830    6.4058    1.3228   23.8698   -3.6817  -23.6094
eta,q 0.97705  9.21667
  0.0251  0.0252  0.0241  0.0247  0.0258  0.0250  0.0248  0.0260  0.0245  0.0251  0.0237  0.0238
  0.0239  0.0241  0.0234  0.0239  0.0245  0.0238  0.0239  0.0244  0.0237  0.0241  0.0233  0.0234
  0.0232  0.0233  0.0230  0.0233  0.0236  0.0231  0.0232  0.0233  0.0232  0.0233  0.0230  0.0231
  0.0229  0.0229  0.0229  0.0229  0.0229  0.0230  0.0230  0.0230  0.0230  0.0230  0.0230  0.0230
  0.0232  0.0231  0.0232  0.0230  0.0231  0.0231  0.0231  0.0233  0.0232  0.0231  0.0230  0.0230
  0.0240  0.0237  0.0237  0.0236  0.0245  0.0237  0.0237  0.0244  0.0237  0.0236  0.0233  0.0234
  0.0252  0.0246  0.0245  0.0251  0.0267  0.0257  0.0248  0.0261  0.0246  0.0247  0.0237  0.0240
niter,ni,del,rscale     1    3    5.0000    1.2000
parameters
   -1.0250   -8.4144    4.0107   -8.2050  -17.0401  -15.7493
   -0.4498    6.3859    1.3102   24.1142   -3.6667  -23.7175
eta,q 0.97704  9.20612
  0.0251  0.0251  0.0242  0.0247  0.0259  0.0250  0.0247  0.0260  0.0245  0.0250  0.0237  0.0238
  0.0239  0.0239  0.0235  0.0239  0.0246  0.0239  0.0238  0.0244  0.0237  0.0240  0.0233  0.0235
  0.0232  0.0232  0.0231  0.0233  0.0236  0.0232  0.0232  0.0233  0.0232  0.0233  0.0230  0.0231
  0.0230  0.0230  0.0230  0.0229  0.0229  0.0230  0.0230  0.0230  0.0230  0.0230  0.0230  0.0230
  0.0232  0.0231  0.0232  0.0230  0.0231  0.0231  0.0231  0.0233  0.0231  0.0231  0.0230  0.0230
  0.0240  0.0237  0.0237  0.0236  0.0244  0.0236  0.0238  0.0244  0.0237  0.0237  0.0233  0.0234
  0.0252  0.0247  0.0245  0.0251  0.0266  0.0255  0.0248  0.0261  0.0245  0.0248  0.0237  0.0240
registration optimization eta report
parameter search radius
    2.4000    2.4000    2.7600    8.2800    9.5220    8.2800
    7.2000    7.2000    7.2000    7.2000    7.2000    7.2000
100000*second partial in parameter space
       38.       34.       18.        3.        4.        3.
        3.        6.        3.        4.        1.        2.
  0.0251  0.0251  0.0242  0.0247  0.0259  0.0250  0.0247  0.0260  0.0245  0.0250  0.0237  0.0238
  0.0239  0.0239  0.0235  0.0239  0.0246  0.0239  0.0238  0.0244  0.0237  0.0240  0.0233  0.0235
  0.0232  0.0232  0.0231  0.0233  0.0236  0.0232  0.0232  0.0233  0.0232  0.0233  0.0230  0.0231
  0.0230  0.0230  0.0230  0.0229  0.0229  0.0230  0.0230  0.0230  0.0230  0.0230  0.0230  0.0230
  0.0232  0.0231  0.0232  0.0230  0.0231  0.0231  0.0231  0.0233  0.0231  0.0231  0.0230  0.0230
  0.0240  0.0237  0.0237  0.0236  0.0244  0.0236  0.0238  0.0244  0.0237  0.0237  0.0233  0.0234
  0.0252  0.0247  0.0245  0.0251  0.0266  0.0255  0.0248  0.0261  0.0245  0.0248  0.0237  0.0240
   -1.0250   -8.4144    4.0107   -8.2050  -17.0401  -15.7493
   -0.4498    6.3859    1.3102   24.1142   -3.6667  -23.7175
eta,q 0.97704  9.20612

---------------------------------------------------------------------
imgreg_4dfp /opt/freesurfer/average/711-2C_as_mni_average_305 /opt/freesurfer/average/711-2B_as_mni_average_305_mask talsrcimg_g11 none talsrcimg_to_711-2C_as_mni_average_305_t4 2311
---------------------------------------------------------------------

freesurfer imgreg_4dfp.c
/opt/freesurfer/average/711-2C_as_mni_average_305.4dfp.img
       256       256       256         1
  1.000000  1.000000  1.000000
orientation T byte_order littleendian
Reading image: /opt/freesurfer/average/711-2C_as_mni_average_305.4dfp.img
dimensions:      256       256       256
mmppix:       1.0000   -1.0000   -1.0000
center:     128.0000 -129.0000 -129.0000
/opt/freesurfer/average/711-2B_as_mni_average_305_mask.4dfp.img
       256       256       256         1
  1.000000  1.000000  1.000000
orientation T byte_order littleendian
Reading mask: /opt/freesurfer/average/711-2B_as_mni_average_305_mask.4dfp.img (2306576 pixels)
talsrcimg_g11.4dfp.img
       256       256       256         1
  1.000000  1.000000  1.000000
orientation T byte_order littleendian
Reading image: talsrcimg_g11.4dfp.img
dimensions:      256       256       256
mmppix:       1.0000   -1.0000   -1.0000
center:     128.0000 -129.0000 -129.0000
fimgreg.f
image alignment mode   2311 decimal      907 hex
parameters
   -1.0250   -8.4144    4.0107   -8.2050  -17.0401  -15.7493
   -0.4498    6.3859    1.3102   24.1142   -3.6667  -23.7175
eta,q 0.97704  9.20612
niter,ni,del,rscale     5    3    5.0000    0.8000
parameters
   -1.0257   -8.3843    3.9192   -7.3061  -16.1492  -15.3262
   -0.4557    6.4915    1.2192   24.0378   -3.4697  -23.8430
eta,q 0.97715  9.29171
  0.0239  0.0239  0.0234  0.0238  0.0241  0.0235  0.0237  0.0245  0.0236  0.0237  0.0232  0.0233
  0.0234  0.0234  0.0231  0.0234  0.0236  0.0231  0.0232  0.0236  0.0232  0.0233  0.0230  0.0230
  0.0231  0.0231  0.0230  0.0231  0.0232  0.0229  0.0230  0.0231  0.0229  0.0230  0.0229  0.0229
  0.0230  0.0230  0.0230  0.0230  0.0229  0.0228  0.0228  0.0228  0.0228  0.0228  0.0228  0.0228
  0.0231  0.0231  0.0230  0.0229  0.0228  0.0229  0.0229  0.0230  0.0229  0.0229  0.0229  0.0229
  0.0234  0.0233  0.0232  0.0230  0.0230  0.0230  0.0232  0.0235  0.0232  0.0233  0.0230  0.0230
  0.0240  0.0238  0.0235  0.0234  0.0235  0.0233  0.0237  0.0243  0.0236  0.0238  0.0231  0.0233
niter,ni,del,rscale     4    3    5.0000    0.7000
parameters
   -1.0131   -8.4090    3.9817   -7.2304  -16.0384  -15.1382
   -0.4811    6.5276    1.1558   24.0103   -3.4207  -23.7950
eta,q 0.97717  9.30534
  0.0236  0.0235  0.0232  0.0234  0.0236  0.0233  0.0235  0.0241  0.0234  0.0235  0.0231  0.0232
  0.0232  0.0231  0.0230  0.0231  0.0233  0.0230  0.0231  0.0234  0.0231  0.0232  0.0229  0.0230
  0.0229  0.0229  0.0229  0.0229  0.0230  0.0229  0.0229  0.0230  0.0229  0.0229  0.0229  0.0229
  0.0228  0.0228  0.0228  0.0228  0.0228  0.0228  0.0228  0.0228  0.0228  0.0228  0.0228  0.0228
  0.0229  0.0229  0.0229  0.0229  0.0229  0.0229  0.0229  0.0230  0.0229  0.0229  0.0229  0.0229
  0.0232  0.0232  0.0230  0.0231  0.0231  0.0230  0.0231  0.0234  0.0231  0.0231  0.0229  0.0230
  0.0236  0.0236  0.0232  0.0234  0.0237  0.0232  0.0235  0.0240  0.0234  0.0236  0.0231  0.0232
niter,ni,del,rscale     3    3    5.0000    0.6000
parameters
   -1.0035   -8.4255    4.0378   -7.1367  -15.8942  -15.0516
   -0.5001    6.5646    1.1267   23.9340   -3.4043  -23.6985
eta,q 0.97717  9.31593
  0.0234  0.0233  0.0231  0.0233  0.0235  0.0231  0.0233  0.0237  0.0233  0.0233  0.0230  0.0231
  0.0231  0.0231  0.0230  0.0231  0.0232  0.0229  0.0230  0.0232  0.0230  0.0231  0.0229  0.0230
  0.0229  0.0229  0.0229  0.0229  0.0230  0.0228  0.0229  0.0229  0.0229  0.0229  0.0228  0.0229
  0.0228  0.0228  0.0228  0.0228  0.0228  0.0228  0.0228  0.0228  0.0228  0.0228  0.0228  0.0228
  0.0229  0.0229  0.0229  0.0229  0.0229  0.0229  0.0229  0.0229  0.0229  0.0229  0.0228  0.0228
  0.0231  0.0231  0.0229  0.0230  0.0230  0.0229  0.0230  0.0232  0.0230  0.0231  0.0229  0.0229
  0.0234  0.0234  0.0231  0.0232  0.0234  0.0231  0.0233  0.0237  0.0233  0.0234  0.0230  0.0231
niter,ni,del,rscale     2    3    5.0000    0.5000
parameters
   -0.9894   -8.4407    4.0830   -7.0468  -15.7811  -15.0371
   -0.5207    6.6061    1.1205   23.8613   -3.3882  -23.6056
eta,q 0.97718  9.32228
  0.0232  0.0232  0.0230  0.0231  0.0233  0.0230  0.0232  0.0235  0.0231  0.0232  0.0229  0.0230
  0.0230  0.0230  0.0229  0.0230  0.0231  0.0229  0.0230  0.0231  0.0230  0.0230  0.0229  0.0229
  0.0229  0.0229  0.0229  0.0229  0.0229  0.0228  0.0229  0.0229  0.0229  0.0229  0.0228  0.0228
  0.0228  0.0228  0.0228  0.0228  0.0228  0.0228  0.0228  0.0228  0.0228  0.0228  0.0228  0.0228
  0.0229  0.0229  0.0228  0.0228  0.0228  0.0228  0.0229  0.0229  0.0229  0.0229  0.0228  0.0228
  0.0230  0.0230  0.0229  0.0229  0.0230  0.0229  0.0230  0.0231  0.0230  0.0230  0.0229  0.0229
  0.0232  0.0232  0.0230  0.0231  0.0232  0.0230  0.0232  0.0234  0.0231  0.0232  0.0229  0.0230
niter,ni,del,rscale     1    3    5.0000    0.4000
parameters
   -0.9734   -8.4545    4.1011   -6.9763  -15.6708  -15.1122
   -0.5642    6.6410    1.0909   23.7669   -3.3422  -23.4602
eta,q 0.97719  9.32333
  0.0231  0.0231  0.0229  0.0230  0.0231  0.0229  0.0230  0.0232  0.0230  0.0230  0.0229  0.0229
  0.0229  0.0229  0.0229  0.0229  0.0230  0.0229  0.0229  0.0230  0.0229  0.0229  0.0228  0.0229
  0.0228  0.0228  0.0228  0.0228  0.0229  0.0228  0.0228  0.0229  0.0228  0.0228  0.0228  0.0228
  0.0228  0.0228  0.0228  0.0228  0.0228  0.0228  0.0228  0.0228  0.0228  0.0228  0.0228  0.0228
  0.0228  0.0229  0.0228  0.0228  0.0228  0.0228  0.0228  0.0229  0.0228  0.0228  0.0228  0.0228
  0.0229  0.0229  0.0229  0.0229  0.0229  0.0229  0.0229  0.0230  0.0229  0.0229  0.0228  0.0229
  0.0231  0.0231  0.0229  0.0230  0.0231  0.0229  0.0230  0.0232  0.0230  0.0231  0.0229  0.0229
registration optimization eta report
parameter search radius
    0.8000    0.8000    0.8000    2.4000    2.4000    2.4000
    2.4000    2.4000    2.4000    2.4000    2.4000    2.4000
100000*second partial in parameter space
       41.       38.       19.        3.        5.        2.
        4.        7.        3.        4.        1.        2.
  0.0231  0.0231  0.0229  0.0230  0.0231  0.0229  0.0230  0.0232  0.0230  0.0230  0.0229  0.0229
  0.0229  0.0229  0.0229  0.0229  0.0230  0.0229  0.0229  0.0230  0.0229  0.0229  0.0228  0.0229
  0.0228  0.0228  0.0228  0.0228  0.0229  0.0228  0.0228  0.0229  0.0228  0.0228  0.0228  0.0228
  0.0228  0.0228  0.0228  0.0228  0.0228  0.0228  0.0228  0.0228  0.0228  0.0228  0.0228  0.0228
  0.0228  0.0229  0.0228  0.0228  0.0228  0.0228  0.0228  0.0229  0.0228  0.0228  0.0228  0.0228
  0.0229  0.0229  0.0229  0.0229  0.0229  0.0229  0.0229  0.0230  0.0229  0.0229  0.0228  0.0229
  0.0231  0.0231  0.0229  0.0230  0.0231  0.0229  0.0230  0.0232  0.0230  0.0231  0.0229  0.0229
   -0.9734   -8.4545    4.1011   -6.9763  -15.6708  -15.1122
   -0.5642    6.6410    1.0909   23.7669   -3.3422  -23.4602
eta,q 0.97719  9.32333

---------------------------------------------------------------------
imgreg_4dfp /opt/freesurfer/average/711-2C_as_mni_average_305 /opt/freesurfer/average/711-2B_as_mni_average_305_mask talsrcimg_g11 none talsrcimg_to_711-2C_as_mni_average_305_t4 2311
---------------------------------------------------------------------

freesurfer imgreg_4dfp.c
/opt/freesurfer/average/711-2C_as_mni_average_305.4dfp.img
       256       256       256         1
  1.000000  1.000000  1.000000
orientation T byte_order littleendian
Reading image: /opt/freesurfer/average/711-2C_as_mni_average_305.4dfp.img
dimensions:      256       256       256
mmppix:       1.0000   -1.0000   -1.0000
center:     128.0000 -129.0000 -129.0000
/opt/freesurfer/average/711-2B_as_mni_average_305_mask.4dfp.img
       256       256       256         1
  1.000000  1.000000  1.000000
orientation T byte_order littleendian
Reading mask: /opt/freesurfer/average/711-2B_as_mni_average_305_mask.4dfp.img (2306576 pixels)
talsrcimg_g11.4dfp.img
       256       256       256         1
  1.000000  1.000000  1.000000
orientation T byte_order littleendian
Reading image: talsrcimg_g11.4dfp.img
dimensions:      256       256       256
mmppix:       1.0000   -1.0000   -1.0000
center:     128.0000 -129.0000 -129.0000
fimgreg.f
image alignment mode   2311 decimal      907 hex
parameters
   -0.9734   -8.4545    4.1011   -6.9763  -15.6708  -15.1122
   -0.5642    6.6410    1.0909   23.7669   -3.3422  -23.4602
eta,q 0.97719  9.32332
niter,ni,del,rscale     5    3    5.0000    0.8000
parameters
   -0.9712   -8.4603    4.1240   -7.2900  -16.0051  -15.0685
   -0.5241    6.5594    1.1508   23.8377   -3.4245  -23.6744
eta,q 0.97716  9.30403
  0.0238  0.0238  0.0233  0.0234  0.0237  0.0234  0.0237  0.0243  0.0236  0.0238  0.0231  0.0232
  0.0233  0.0232  0.0230  0.0231  0.0233  0.0231  0.0232  0.0235  0.0232  0.0233  0.0230  0.0230
  0.0229  0.0229  0.0229  0.0229  0.0230  0.0229  0.0229  0.0230  0.0229  0.0230  0.0229  0.0229
  0.0228  0.0228  0.0228  0.0228  0.0228  0.0228  0.0228  0.0228  0.0228  0.0228  0.0228  0.0228
  0.0229  0.0229  0.0229  0.0229  0.0229  0.0229  0.0229  0.0230  0.0229  0.0229  0.0229  0.0229
  0.0233  0.0232  0.0230  0.0232  0.0234  0.0230  0.0232  0.0236  0.0232  0.0232  0.0230  0.0230
  0.0238  0.0238  0.0233  0.0237  0.0241  0.0234  0.0237  0.0245  0.0236  0.0238  0.0232  0.0233
niter,ni,del,rscale     4    3    5.0000    0.7000
parameters
   -0.9858   -8.4594    4.0824   -7.1924  -15.9533  -15.0472
   -0.5090    6.5718    1.1385   23.8773   -3.4378  -23.7018
eta,q 0.97717  9.31102
  0.0236  0.0236  0.0232  0.0234  0.0236  0.0232  0.0235  0.0240  0.0234  0.0236  0.0231  0.0232
  0.0232  0.0232  0.0230  0.0231  0.0233  0.0230  0.0231  0.0234  0.0231  0.0232  0.0229  0.0230
  0.0229  0.0229  0.0229  0.0229  0.0230  0.0229  0.0229  0.0230  0.0229  0.0229  0.0229  0.0229
  0.0228  0.0228  0.0228  0.0228  0.0228  0.0228  0.0228  0.0228  0.0228  0.0228  0.0228  0.0228
  0.0229  0.0229  0.0229  0.0229  0.0229  0.0229  0.0229  0.0230  0.0229  0.0229  0.0229  0.0229
  0.0232  0.0232  0.0230  0.0230  0.0231  0.0230  0.0231  0.0234  0.0231  0.0231  0.0229  0.0230
  0.0236  0.0236  0.0232  0.0234  0.0237  0.0232  0.0235  0.0240  0.0234  0.0235  0.0231  0.0232
niter,ni,del,rscale     3    3    5.0000    0.6000
parameters
   -0.9876   -8.4511    4.0856   -7.1233  -15.8549  -15.0145
   -0.5215    6.5955    1.1313   23.8684   -3.4021  -23.6763
eta,q 0.97718  9.31836
  0.0234  0.0234  0.0231  0.0232  0.0234  0.0231  0.0233  0.0237  0.0233  0.0234  0.0230  0.0231
  0.0231  0.0231  0.0229  0.0230  0.0232  0.0229  0.0230  0.0232  0.0230  0.0231  0.0229  0.0229
  0.0229  0.0229  0.0229  0.0229  0.0229  0.0228  0.0229  0.0229  0.0229  0.0229  0.0228  0.0229
  0.0228  0.0228  0.0228  0.0228  0.0228  0.0228  0.0228  0.0228  0.0228  0.0228  0.0228  0.0228
  0.0229  0.0229  0.0229  0.0229  0.0229  0.0229  0.0229  0.0229  0.0229  0.0229  0.0228  0.0228
  0.0231  0.0231  0.0229  0.0230  0.0231  0.0229  0.0230  0.0232  0.0230  0.0231  0.0229  0.0229
  0.0234  0.0234  0.0231  0.0232  0.0234  0.0231  0.0233  0.0237  0.0233  0.0234  0.0230  0.0231
niter,ni,del,rscale     2    3    5.0000    0.5000
parameters
   -0.9802   -8.4536    4.0951   -7.0366  -15.7516  -15.0471
   -0.5461    6.6204    1.1054   23.8163   -3.3841  -23.5736
eta,q 0.97718  9.32246
  0.0232  0.0232  0.0230  0.0231  0.0233  0.0230  0.0232  0.0235  0.0231  0.0232  0.0229  0.0230
  0.0230  0.0230  0.0229  0.0230  0.0231  0.0229  0.0230  0.0231  0.0230  0.0230  0.0229  0.0229
  0.0229  0.0229  0.0228  0.0229  0.0229  0.0228  0.0229  0.0229  0.0229  0.0229  0.0228  0.0228
  0.0228  0.0228  0.0228  0.0228  0.0228  0.0228  0.0228  0.0228  0.0228  0.0228  0.0228  0.0228
  0.0229  0.0229  0.0228  0.0228  0.0228  0.0228  0.0229  0.0229  0.0229  0.0229  0.0228  0.0228
  0.0230  0.0230  0.0229  0.0229  0.0230  0.0229  0.0230  0.0231  0.0230  0.0230  0.0229  0.0229
  0.0232  0.0232  0.0230  0.0231  0.0233  0.0230  0.0232  0.0234  0.0231  0.0232  0.0229  0.0230
niter,ni,del,rscale     1    3    5.0000    0.4000
parameters
   -0.9716   -8.4608    4.1098   -6.9635  -15.6581  -15.1122
   -0.5607    6.6441    1.0927   23.7485   -3.3330  -23.4427
eta,q 0.97719  9.32381
  0.0231  0.0231  0.0229  0.0230  0.0231  0.0229  0.0230  0.0232  0.0230  0.0230  0.0229  0.0229
  0.0229  0.0229  0.0229  0.0229  0.0230  0.0228  0.0229  0.0230  0.0229  0.0229  0.0228  0.0229
  0.0228  0.0228  0.0228  0.0228  0.0229  0.0228  0.0228  0.0229  0.0228  0.0228  0.0228  0.0228
  0.0228  0.0228  0.0228  0.0228  0.0228  0.0228  0.0228  0.0228  0.0228  0.0228  0.0228  0.0228
  0.0228  0.0229  0.0228  0.0228  0.0228  0.0228  0.0228  0.0229  0.0228  0.0228  0.0228  0.0228
  0.0229  0.0229  0.0229  0.0229  0.0229  0.0229  0.0229  0.0230  0.0229  0.0229  0.0228  0.0229
  0.0231  0.0231  0.0229  0.0230  0.0231  0.0229  0.0230  0.0232  0.0230  0.0231  0.0229  0.0229
registration optimization eta report
parameter search radius
    0.8000    0.8000    0.8000    2.4000    2.4000    2.4000
    2.4000    2.4000    2.4000    2.4000    2.4000    2.4000
100000*second partial in parameter space
       41.       38.       19.        3.        5.        2.
        4.        7.        3.        4.        1.        2.
  0.0231  0.0231  0.0229  0.0230  0.0231  0.0229  0.0230  0.0232  0.0230  0.0230  0.0229  0.0229
  0.0229  0.0229  0.0229  0.0229  0.0230  0.0228  0.0229  0.0230  0.0229  0.0229  0.0228  0.0229
  0.0228  0.0228  0.0228  0.0228  0.0229  0.0228  0.0228  0.0229  0.0228  0.0228  0.0228  0.0228
  0.0228  0.0228  0.0228  0.0228  0.0228  0.0228  0.0228  0.0228  0.0228  0.0228  0.0228  0.0228
  0.0228  0.0229  0.0228  0.0228  0.0228  0.0228  0.0228  0.0229  0.0228  0.0228  0.0228  0.0228
  0.0229  0.0229  0.0229  0.0229  0.0229  0.0229  0.0229  0.0230  0.0229  0.0229  0.0228  0.0229
  0.0231  0.0231  0.0229  0.0230  0.0231  0.0229  0.0230  0.0232  0.0230  0.0231  0.0229  0.0229
   -0.9716   -8.4608    4.1098   -6.9635  -15.6581  -15.1122
   -0.5607    6.6441    1.0927   23.7485   -3.3330  -23.4427
eta,q 0.97719  9.32381

---------------------------------------------------------------------
compute_vox2vox talsrcimg talsrcimg_to_711-2C_as_mni_average_305_t4 /opt/freesurfer/average/711-2C_as_mni_average_305
---------------------------------------------------------------------

freesurfer compute_vox2vox.c
Reading: talsrcimg.4dfp.ifh
Reading: talsrcimg_to_711-2C_as_mni_average_305_t4
Reading: /opt/freesurfer/average/711-2C_as_mni_average_305.4dfp.ifh
Writing: talsrcimg_to_711-2C_as_mni_average_305_t4_vox2vox.txt

start time Thu Mar 12 10:00:29 CET 2026
end		time Thu Mar 12 10:02:02 CET 2026

mpr2mni305 success

avi2talxfm orig_nu.mgz /opt/freesurfer/average/mni305.cor.mgz talsrcimg_to_711-2C_as_mni_average_305_t4_vox2vox.txt transforms/talairach.auto.xfm
avi2talxfm done
mv -f /out/sourcedata/freesurfer/sub-v1s11x0050145_ses-1/mri/talsrcimg_to_711-2C_as_mni_average_305_t4_vox2vox.txt /out/sourcedata/freesurfer/sub-v1s11x0050145_ses-1/mri/transforms/talsrcimg_to_711-2C_as_mni_average_305_t4_vox2vox.txt
lta_convert --src orig_nu.mgz --trg /opt/freesurfer/average/mni305.cor.mgz --inxfm transforms/talairach.auto.xfm --outlta transforms/talairach.auto.xfm.lta --subject fsaverage
7.3.2

--src: orig_nu.mgz src image (geometry).
--trg: /opt/freesurfer/average/mni305.cor.mgz trg image (geometry).
--inmni: transforms/talairach.auto.xfm input MNI/XFM transform.
--outlta: transforms/talairach.auto.xfm.lta output LTA.
--s: fsaverage subject name
 LTA read, type : 1
 1.07217  -0.07971  -0.01503   2.88368;
 0.03550   1.09039   0.30331  -19.03844;
-0.02389  -0.30599   1.10044  -12.34319;
 0.00000   0.00000   0.00000   1.00000;
setting subject to fsaverage
Writing  LTA to file transforms/talairach.auto.xfm.lta...
lta_convert successful.
 
 
Started at Thu Mar 12 10:00:29 CET 2026
Ended   at Thu Mar 12 10:02:02 CET 2026
talairach_avi done
