/out/sourcedata/freesurfer/sub-v1s11x0050157_ses-1/mri
/opt/freesurfer/bin/talairach_avi
--i orig_nu.mgz --xfm transforms/talairach.auto.xfm
talairach_avi 7.3.2
Linux dna038 5.14.0-427.37.1.el9_4.x86_64 #1 SMP PREEMPT_DYNAMIC Fri Sep 13 12:41:50 EDT 2024 x86_64 x86_64 x86_64 GNU/Linux
Thu Mar 12 10:41:49 CET 2026
mri_convert orig_nu.mgz talsrcimg.img 
reading from orig_nu.mgz...
TR=0.00, TE=0.00, TI=0.00, flip angle=0.00
i_ras = (-1, 0, 0)
j_ras = (0, 0, -1)
k_ras = (0, 1, 0)
writing to talsrcimg.img...
Analyze Output Matrix
-1.00000   0.00000   0.00000   130.67694;
 0.00000   0.00000   1.00000  -113.35882;
 0.00000  -1.00000   0.00000   127.27724;
 0.00000   0.00000   0.00000   1.00000;
--------------------
INFO: set hdr.hist.orient to -1
mpr2mni305 talsrcimg
Thu Mar 12 10:41:49 CET 2026
/opt/freesurfer/bin/mpr2mni305 talsrcimg
mpr2mni305 7.3.2
target=711-2C_as_mni_average_305

---------------------------------------------------------------------
analyzeto4dfp talsrcimg -O0 -y
---------------------------------------------------------------------

freesurfer ifh2hdr.c
Thu Mar 12 10:41:49 2026
Writing: talsrcimg.4dfp.hdr
freesurfer analyzeto4dfp.c
Reading: talsrcimg.hdr
header size 348 bytes
hdr.dime.datatype	offset=70	value=2
hdr.dime.bitpix		offset=72	value=8
hdr.hist.orient		offset=252	value=-1
dimensionality     4
dimensions       256       256       256         1
Reading: talsrcimg.img
Writing: talsrcimg.4dfp.img
Writing: talsrcimg.4dfp.ifh
ifh2hdr talsrcimg -r0to194
ori=2

---------------------------------------------------------------------
gauss_4dfp talsrcimg 1.1
---------------------------------------------------------------------

freesurfer gauss_4dfp.c
Reading: talsrcimg.4dfp.img
Writing: talsrcimg_g11.4dfp.img
image dimensions 256 256 256 padded to 288 288 288
processing volume 1freesurfer ifh2hdr.c
Thu Mar 12 10:41:51 2026
Writing: talsrcimg_g11.4dfp.hdr

Writing: talsrcimg_g11.4dfp.ifh
including: talsrcimg.4dfp.img.rec in talsrcimg_g11.4dfp.img.rec

---------------------------------------------------------------------
imgreg_4dfp /opt/freesurfer/average/711-2C_as_mni_average_305 none talsrcimg_g11 none talsrcimg_to_711-2C_as_mni_average_305_t4 4355
---------------------------------------------------------------------

freesurfer imgreg_4dfp.c
/opt/freesurfer/average/711-2C_as_mni_average_305.4dfp.img
       256       256       256         1
  1.000000  1.000000  1.000000
orientation T byte_order littleendian
Reading image: /opt/freesurfer/average/711-2C_as_mni_average_305.4dfp.img
dimensions:      256       256       256
mmppix:       1.0000   -1.0000   -1.0000
center:     128.0000 -129.0000 -129.0000
talsrcimg_g11.4dfp.img
       256       256       256         1
  1.000000  1.000000  1.000000
orientation T byte_order littleendian
Reading image: talsrcimg_g11.4dfp.img
dimensions:      256       256       256
mmppix:       1.0000   -1.0000   -1.0000
center:     128.0000 -129.0000 -129.0000
t4_read: open error in t4_sub.f l:  41 t4_file(1:l)talsrcimg_to_711-2C_as_mni_average_305_t4 
t4_read: transform initialized to I4
rotation matrix determinant  1.000000
image alignment mode   4355 decimal     1103 hex
   -7.5000  -45.0000  -45.0000 7822.4316   15.8364
    0.0000  -45.0000  -45.0000 8154.9507   15.8313
    7.5000  -45.0000  -45.0000 7828.8115   15.8442
   -7.5000  -37.5000  -45.0000 8362.0586   15.6954
    0.0000  -37.5000  -45.0000 8736.4482   15.7000
    7.5000  -37.5000  -45.0000 8389.2930   15.7173
   -7.5000  -30.0000  -45.0000 9247.5352   15.6358
    0.0000  -30.0000  -45.0000 9662.9141   15.6479
    7.5000  -30.0000  -45.0000 9278.2031   15.6746
   -7.5000  -22.5000  -45.000010097.0801   15.6021
    0.0000  -22.5000  -45.000010553.2129   15.6108
    7.5000  -22.5000  -45.000010102.1904   15.6425
   -7.5000  -15.0000  -45.000010861.2832   15.5887
    0.0000  -15.0000  -45.000011360.0264   15.5878
    7.5000  -15.0000  -45.000010858.7061   15.6167
   -7.5000   -7.5000  -45.000011603.7803   15.6097
    0.0000   -7.5000  -45.000012171.9561   15.6031
    7.5000   -7.5000  -45.000011595.8574   15.6227
   -7.5000    0.0000  -45.000012316.9023   15.6425
    0.0000    0.0000  -45.000012907.0234   15.6377
    7.5000    0.0000  -45.000012314.0322   15.6507
   -7.5000    7.5000  -45.000012107.1064   15.6510
    0.0000    7.5000  -45.000012686.0332   15.6556
    7.5000    7.5000  -45.000012097.8975   15.6729
   -7.5000   15.0000  -45.000011706.5459   15.6317
    0.0000   15.0000  -45.000012247.2773   15.6439
    7.5000   15.0000  -45.000011673.9180   15.6706
   -7.5000   22.5000  -45.000011125.3672   15.6000
    0.0000   22.5000  -45.000011617.8574   15.6086
    7.5000   22.5000  -45.000011077.3418   15.6404
   -7.5000   30.0000  -45.000010392.4707   15.3810
    0.0000   30.0000  -45.000010849.5312   15.3801
    7.5000   30.0000  -45.000010323.0459   15.4086
   -7.5000   37.5000  -45.0000 9906.7461   15.4017
    0.0000   37.5000  -45.000010357.1025   15.3952
    7.5000   37.5000  -45.0000 9837.5049   15.4145
   -7.5000   45.0000  -45.0000 9086.8496   15.0421
    0.0000   45.0000  -45.0000 9513.5234   15.0375
    7.5000   45.0000  -45.0000 9017.9453   15.0500
   -7.5000  -45.0000  -37.5000 8286.3330   15.7011
    0.0000  -45.0000  -37.5000 8664.3730   15.7011
    7.5000  -45.0000  -37.5000 8293.6650   15.7139
   -7.5000  -37.5000  -37.5000 8887.8672   15.5597
    0.0000  -37.5000  -37.5000 9304.6309   15.5700
    7.5000  -37.5000  -37.5000 8896.3457   15.5869
   -7.5000  -30.0000  -37.5000 9829.9004   15.5052
    0.0000  -30.0000  -37.500010293.6533   15.5227
    7.5000  -30.0000  -37.5000 9831.8252   15.5477
   -7.5000  -22.5000  -37.500010699.8818   15.4798
    0.0000  -22.5000  -37.500011223.8730   15.4923
    7.5000  -22.5000  -37.500010705.4346   15.5215
   -7.5000  -15.0000  -37.500011504.1885   15.4695
    0.0000  -15.0000  -37.500012066.2207   15.4714
    7.5000  -15.0000  -37.500011505.7031   15.4981
   -7.5000   -7.5000  -37.500012287.1113   15.4853
    0.0000   -7.5000  -37.500012909.1182   15.4821
    7.5000   -7.5000  -37.500012286.2129   15.5007
   -7.5000    0.0000  -37.500013013.3770   15.5104
    0.0000    0.0000  -37.500013656.6416   15.5105
    7.5000    0.0000  -37.500013021.6973   15.5235
   -7.5000    7.5000  -37.500012794.2412   15.5160
    0.0000    7.5000  -37.500013413.9766   15.5263
    7.5000    7.5000  -37.500012779.8496   15.5432
   -7.5000   15.0000  -37.500012348.3154   15.5012
    0.0000   15.0000  -37.500012933.8760   15.5187
    7.5000   15.0000  -37.500012284.5195   15.5438
   -7.5000   22.5000  -37.500011723.6201   15.4777
    0.0000   22.5000  -37.500012275.4619   15.4901
    7.5000   22.5000  -37.500011642.4717   15.5194
   -7.5000   30.0000  -37.500010945.3018   15.2633
    0.0000   30.0000  -37.500011461.0176   15.2653
    7.5000   30.0000  -37.500010864.6484   15.2916
   -7.5000   37.5000  -37.500010391.1992   15.2789
    0.0000   37.5000  -37.500010911.4902   15.2758
    7.5000   37.5000  -37.500010326.5225   15.2941
   -7.5000   45.0000  -37.5000 9510.4072   14.9152
    0.0000   45.0000  -37.5000 9985.8457   14.9152
    7.5000   45.0000  -37.5000 9444.2090   14.9277
   -7.5000  -45.0000  -30.0000 8947.1289   16.3118
    0.0000  -45.0000  -30.0000 9339.7500   16.3181
    7.5000  -45.0000  -30.0000 8917.4668   16.3345
   -7.5000  -37.5000  -30.0000 9602.1484   16.1680
    0.0000  -37.5000  -30.000010035.6104   16.1850
    7.5000  -37.5000  -30.0000 9561.8281   16.2058
   -7.5000  -30.0000  -30.000010617.2383   16.1173
    0.0000  -30.0000  -30.000011116.6904   16.1402
    7.5000  -30.0000  -30.000010575.9971   16.1685
   -7.5000  -22.5000  -30.000011556.6855   16.0942
    0.0000  -22.5000  -30.000012122.5850   16.1102
    7.5000  -22.5000  -30.000011533.2129   16.1412
   -7.5000  -15.0000  -30.000012427.6777   16.0814
    0.0000  -15.0000  -30.000013037.0605   16.0862
    7.5000  -15.0000  -30.000012387.0127   16.1136
   -7.5000   -7.5000  -30.000013280.6709   16.0919
    0.0000   -7.5000  -30.000013930.8203   16.0931
    7.5000   -7.5000  -30.000013239.3330   16.1134
   -7.5000    0.0000  -30.000014041.9873   16.1144
    0.0000    0.0000  -30.000014710.5391   16.1206
    7.5000    0.0000  -30.000013982.7871   16.1371
   -7.5000    7.5000  -30.000013726.6738   16.1228
    0.0000    7.5000  -30.000014392.5645   16.1397
    7.5000    7.5000  -30.000013662.2637   16.1606
   -7.5000   15.0000  -30.000013195.6748   16.1132
    0.0000   15.0000  -30.000013819.9600   16.1361
    7.5000   15.0000  -30.000013100.0625   16.1645
   -7.5000   22.5000  -30.000012511.4941   16.0903
    0.0000   22.5000  -30.000013113.1738   16.1063
    7.5000   22.5000  -30.000012428.2402   16.1373
   -7.5000   30.0000  -30.000011671.8525   15.8686
    0.0000   30.0000  -30.000012263.1523   15.8733
    7.5000   30.0000  -30.000011620.4971   15.9004
   -7.5000   37.5000  -30.000011107.2764   15.8790
    0.0000   37.5000  -30.000011685.9082   15.8801
    7.5000   37.5000  -30.000011053.3447   15.9002
   -7.5000   45.0000  -30.000010125.0625   15.5073
    0.0000   45.0000  -30.000010657.6484   15.5133
    7.5000   45.0000  -30.000010083.1816   15.5291
   -7.5000  -45.0000  -22.5000 9595.0234   16.8531
    0.0000  -45.0000  -22.500010012.8574   16.8625
    7.5000  -45.0000  -22.5000 9528.5840   16.8828
   -7.5000  -37.5000  -22.500010298.5830   16.7098
    0.0000  -37.5000  -22.500010750.4209   16.7284
    7.5000  -37.5000  -22.500010205.8740   16.7539
   -7.5000  -30.0000  -22.500011384.4092   16.6583
    0.0000  -30.0000  -22.500011896.1904   16.6818
    7.5000  -30.0000  -22.500011297.2295   16.7152
   -7.5000  -22.5000  -22.500012401.6348   16.6295
    0.0000  -22.5000  -22.500012978.0703   16.6466
    7.5000  -22.5000  -22.500012327.5576   16.6818
   -7.5000  -15.0000  -22.500013340.0850   16.6114
    0.0000  -15.0000  -22.500013976.7256   16.6186
    7.5000  -15.0000  -22.500013256.2773   16.6493
   -7.5000   -7.5000  -22.500014243.6387   16.6222
    0.0000   -7.5000  -22.500014911.2939   16.6264
    7.5000   -7.5000  -22.500014130.9453   16.6501
   -7.5000    0.0000  -22.500015000.2725   16.6495
    0.0000    0.0000  -22.500015723.0352   16.6587
    7.5000    0.0000  -22.500014889.2666   16.6790
   -7.5000    7.5000  -22.500014633.0195   16.6633
    0.0000    7.5000  -22.500015334.1562   16.6819
    7.5000    7.5000  -22.500014527.3984   16.7073
   -7.5000   15.0000  -22.500014043.3594   16.6541
    0.0000   15.0000  -22.500014695.8125   16.6777
    7.5000   15.0000  -22.500013926.6680   16.7111
   -7.5000   22.5000  -22.500013313.3584   16.6244
    0.0000   22.5000  -22.500013938.6836   16.6415
    7.5000   22.5000  -22.500013230.2559   16.6767
   -7.5000   30.0000  -22.500012406.1553   16.3941
    0.0000   30.0000  -22.500013026.5234   16.4012
    7.5000   30.0000  -22.500012353.0029   16.4315
   -7.5000   37.5000  -22.500011790.8389   16.4048
    0.0000   37.5000  -22.500012422.8740   16.4089
    7.5000   37.5000  -22.500011752.0088   16.4323
   -7.5000   45.0000  -22.500010723.3682   16.0343
    0.0000   45.0000  -22.500011302.5342   16.0431
    7.5000   45.0000  -22.500010703.3115   16.0627
   -7.5000  -45.0000  -15.000010209.1084   17.2631
    0.0000  -45.0000  -15.000010665.7559   17.2695
    7.5000  -45.0000  -15.000010155.2969   17.2907
   -7.5000  -37.5000  -15.000010940.5254   17.1190
    0.0000  -37.5000  -15.000011426.1318   17.1337
    7.5000  -37.5000  -15.000010856.8818   17.1599
   -7.5000  -30.0000  -15.000012064.1904   17.0620
    0.0000  -30.0000  -15.000012619.8135   17.0821
    7.5000  -30.0000  -15.000012007.6924   17.1173
   -7.5000  -22.5000  -15.000013169.2041   17.0247
    0.0000  -22.5000  -15.000013808.9609   17.0402
    7.5000  -22.5000  -15.000013147.8340   17.0785
   -7.5000  -15.0000  -15.000014176.1221   17.0033
    0.0000  -15.0000  -15.000014888.8652   17.0100
    7.5000  -15.0000  -15.000014142.3701   17.0440
   -7.5000   -7.5000  -15.000015127.0947   17.0194
    0.0000   -7.5000  -15.000015876.7832   17.0223
    7.5000   -7.5000  -15.000015037.5820   17.0482
   -7.5000    0.0000  -15.000015908.0938   17.0546
    0.0000    0.0000  -15.000016700.0469   17.0608
    7.5000    0.0000  -15.000015832.5098   17.0819
   -7.5000    7.5000  -15.000015552.6201   17.0714
    0.0000    7.5000  -15.000016283.8545   17.0861
    7.5000    7.5000  -15.000015460.3906   17.1123
   -7.5000   15.0000  -15.000014894.3301   17.0577
    0.0000   15.0000  -15.000015595.9395   17.0779
    7.5000   15.0000  -15.000014826.0127   17.1131
   -7.5000   22.5000  -15.000014102.6816   17.0187
    0.0000   22.5000  -15.000014783.1348   17.0342
    7.5000   22.5000  -15.000014045.7002   17.0724
   -7.5000   30.0000  -15.000013128.7949   16.7833
    0.0000   30.0000  -15.000013776.3203   16.7898
    7.5000   30.0000  -15.000013087.9199   16.8234
   -7.5000   37.5000  -15.000012472.9648   16.7992
    0.0000   37.5000  -15.000013134.5283   16.8020
    7.5000   37.5000  -15.000012457.3936   16.8276
   -7.5000   45.0000  -15.000011329.3242   16.4344
    0.0000   45.0000  -15.000011954.6025   16.4403
    7.5000   45.0000  -15.000011345.0547   16.4607
   -7.5000  -45.0000   -7.500010832.1611   17.4917
    0.0000  -45.0000   -7.500011310.4912   17.4906
    7.5000  -45.0000   -7.500010771.7100   17.5081
   -7.5000  -37.5000   -7.500011564.3584   17.3425
    0.0000  -37.5000   -7.500012105.5059   17.3506
    7.5000  -37.5000   -7.500011514.9668   17.3724
   -7.5000  -30.0000   -7.500012763.8457   17.2789
    0.0000  -30.0000   -7.500013396.7324   17.2941
    7.5000  -30.0000   -7.500012751.7402   17.3260
   -7.5000  -22.5000   -7.500013959.7402   17.2385
    0.0000  -22.5000   -7.500014653.8584   17.2501
    7.5000  -22.5000   -7.500013993.6406   17.2873
   -7.5000  -15.0000   -7.500015090.1328   17.2193
    0.0000  -15.0000   -7.500015852.8145   17.2218
    7.5000  -15.0000   -7.500015110.7158   17.2557
   -7.5000   -7.5000   -7.500016075.7256   17.2412
    0.0000   -7.5000   -7.500016929.9922   17.2383
    7.5000   -7.5000   -7.500016112.9004   17.2626
   -7.5000    0.0000   -7.500016854.8555   17.2799
    0.0000    0.0000   -7.500017704.5430   17.2790
    7.5000    0.0000   -7.500016925.5254   17.2965
   -7.5000    7.5000   -7.500016491.7891   17.2941
    0.0000    7.5000   -7.500017240.0957   17.3022
    7.5000    7.5000   -7.500016477.2656   17.3240
   -7.5000   15.0000   -7.500015769.3047   17.2745
    0.0000   15.0000   -7.500016514.5820   17.2898
    7.5000   15.0000   -7.500015776.5518   17.3217
   -7.5000   22.5000   -7.500014958.0684   17.2305
    0.0000   22.5000   -7.500015660.1641   17.2422
    7.5000   22.5000   -7.500014945.4434   17.2793
   -7.5000   30.0000   -7.500013898.8926   16.9960
    0.0000   30.0000   -7.500014585.9326   16.9985
    7.5000   30.0000   -7.500013893.9814   17.0319
   -7.5000   37.5000   -7.500013235.2773   17.0176
    0.0000   37.5000   -7.500013917.2295   17.0147
    7.5000   37.5000   -7.500013232.5576   17.0387
   -7.5000   45.0000   -7.500012057.8457   16.6546
    0.0000   45.0000   -7.500012710.7910   16.6537
    7.5000   45.0000   -7.500012067.3477   16.6706
   -7.5000  -45.0000    0.000011373.1592   17.5483
    0.0000  -45.0000    0.000011874.4580   17.5435
    7.5000  -45.0000    0.000011330.6016   17.5571
   -7.5000  -37.5000    0.000012110.7354   17.3929
    0.0000  -37.5000    0.000012684.8037   17.3986
    7.5000  -37.5000    0.000012104.0771   17.4166
   -7.5000  -30.0000    0.000013349.6162   17.3272
    0.0000  -30.0000    0.000014025.4121   17.3413
    7.5000  -30.0000    0.000013396.3740   17.3695
   -7.5000  -22.5000    0.000014608.1230   17.2910
    0.0000  -22.5000    0.000015346.7266   17.3013
    7.5000  -22.5000    0.000014689.4180   17.3354
   -7.5000  -15.0000    0.000015852.5830   17.2769
    0.0000  -15.0000    0.000016740.5957   17.2768
    7.5000  -15.0000    0.000015975.5928   17.3083
   -7.5000   -7.5000    0.000017022.3535   17.2999
    0.0000   -7.5000    0.000018029.0547   17.2936
    7.5000   -7.5000    0.000017275.7539   17.3148
   -7.5000    0.0000    0.000017882.9512   17.3354
    0.0000    0.0000    0.000018794.3984   17.3310
    7.5000    0.0000    0.000018107.3711   17.3447
   -7.5000    7.5000    0.000017439.9766   17.3442
    0.0000    7.5000    0.000018139.4141   17.3499
    7.5000    7.5000    0.000017499.7090   17.3680
   -7.5000   15.0000    0.000016675.9922   17.3227
    0.0000   15.0000    0.000017365.3496   17.3370
    7.5000   15.0000    0.000016674.4941   17.3651
   -7.5000   22.5000    0.000015838.6250   17.2830
    0.0000   22.5000    0.000016527.8320   17.2934
    7.5000   22.5000    0.000015747.6729   17.3274
   -7.5000   30.0000    0.000014718.2266   17.0533
    0.0000   30.0000    0.000015394.9082   17.0532
    7.5000   30.0000    0.000014596.0215   17.0843
   -7.5000   37.5000    0.000013999.6328   17.0761
    0.0000   37.5000    0.000014693.5166   17.0698
    7.5000   37.5000    0.000013895.2197   17.0908
   -7.5000   45.0000    0.000012754.2871   16.7094
    0.0000   45.0000    0.000013431.8271   16.7051
    7.5000   45.0000    0.000012673.3662   16.7183
   -7.5000  -45.0000    7.500010969.5156   17.5414
    0.0000  -45.0000    7.500011501.9541   17.5411
    7.5000  -45.0000    7.500010987.9336   17.5552
   -7.5000  -37.5000    7.500011712.9082   17.3836
    0.0000  -37.5000    7.500012298.5771   17.3950
    7.5000  -37.5000    7.500011777.2461   17.4136
   -7.5000  -30.0000    7.500012910.8789   17.3228
    0.0000  -30.0000    7.500013575.3760   17.3422
    7.5000  -30.0000    7.500013042.6895   17.3700
   -7.5000  -22.5000    7.500014106.8965   17.2945
    0.0000  -22.5000    7.500014829.5010   17.3082
    7.5000  -22.5000    7.500014267.5078   17.3406
   -7.5000  -15.0000    7.500015331.3398   17.2830
    0.0000  -15.0000    7.500016326.9326   17.2849
    7.5000  -15.0000    7.500015576.8789   17.3144
   -7.5000   -7.5000    7.500016717.1172   17.3006
    0.0000   -7.5000    7.500017922.7402   17.2969
    7.5000   -7.5000    7.500017041.8867   17.3173
   -7.5000    0.0000    7.500017913.6348   17.3287
    0.0000    0.0000    7.500018839.3906   17.3286
    7.5000    0.0000    7.500017950.0430   17.3429
   -7.5000    7.5000    7.500017503.0352   17.3349
    0.0000    7.5000    7.500018137.6758   17.3463
    7.5000    7.5000    7.500017278.1035   17.3649
   -7.5000   15.0000    7.500016616.1973   17.3184
    0.0000   15.0000    7.500017233.9375   17.3379
    7.5000   15.0000    7.500016345.4395   17.3656
   -7.5000   22.5000    7.500015601.8066   17.2865
    0.0000   22.5000    7.500016218.3193   17.3003
    7.5000   22.5000    7.500015317.6514   17.3326
   -7.5000   30.0000    7.500014398.4775   17.0593
    0.0000   30.0000    7.500014982.1230   17.0613
    7.5000   30.0000    7.500014131.1738   17.0903
   -7.5000   37.5000    7.500013645.2100   17.0767
    0.0000   37.5000    7.500014284.6348   17.0730
    7.5000   37.5000    7.500013466.7920   17.0932
   -7.5000   45.0000    7.500012394.1807   16.7028
    0.0000   45.0000    7.500013050.6113   16.7028
    7.5000   45.0000    7.500012298.5195   16.7165
   -7.5000  -45.0000   15.000010470.6621   17.5221
    0.0000  -45.0000   15.000010982.7637   17.5290
    7.5000  -45.0000   15.000010497.4248   17.5465
   -7.5000  -37.5000   15.000011162.4062   17.3676
    0.0000  -37.5000   15.000011730.6045   17.3858
    7.5000  -37.5000   15.000011231.6201   17.4082
   -7.5000  -30.0000   15.000012304.9766   17.3130
    0.0000  -30.0000   15.000012954.5029   17.3376
    7.5000  -30.0000   15.000012419.2617   17.3680
   -7.5000  -22.5000   15.000013531.5938   17.2882
    0.0000  -22.5000   15.000014259.7500   17.3054
    7.5000  -22.5000   15.000013633.1836   17.3387
   -7.5000  -15.0000   15.000014803.0918   17.2745
    0.0000  -15.0000   15.000015782.7119   17.2797
    7.5000  -15.0000   15.000014968.4854   17.3091
   -7.5000   -7.5000   15.000016159.1924   17.2858
    0.0000   -7.5000   15.000017192.4844   17.2871
    7.5000   -7.5000   15.000016200.8350   17.3089
   -7.5000    0.0000   15.000017349.6367   17.3100
    0.0000    0.0000   15.000018084.8730   17.3167
    7.5000    0.0000   15.000016978.0312   17.3344
   -7.5000    7.5000   15.000016938.8105   17.3190
    0.0000    7.5000   15.000017562.2051   17.3372
    7.5000    7.5000   15.000016460.5586   17.3596
   -7.5000   15.0000   15.000015958.4209   17.3086
    0.0000   15.0000   15.000016604.7363   17.3333
    7.5000   15.0000   15.000015607.1572   17.3637
   -7.5000   22.5000   15.000014832.6377   17.2802
    0.0000   22.5000   15.000015480.6846   17.2974
    7.5000   22.5000   15.000014575.1670   17.3307
   -7.5000   30.0000   15.000013636.5645   17.0509
    0.0000   30.0000   15.000014238.8740   17.0561
    7.5000   30.0000   15.000013432.2012   17.0851
   -7.5000   37.5000   15.000012943.8047   17.0621
    0.0000   37.5000   15.000013559.4121   17.0634
    7.5000   37.5000   15.000012810.4482   17.0849
   -7.5000   45.0000   15.000011792.0615   16.6849
    0.0000   45.0000   15.000012404.4141   16.6913
    7.5000   45.0000   15.000011720.8359   16.7084
   -7.5000  -45.0000   22.5000 9896.7529   17.5508
    0.0000  -45.0000   22.500010423.8057   17.5606
    7.5000  -45.0000   22.5000 9893.2969   17.5818
   -7.5000  -37.5000   22.500010578.5859   17.4015
    0.0000  -37.5000   22.500011128.2422   17.4209
    7.5000  -37.5000   22.500010572.8281   17.4474
   -7.5000  -30.0000   22.500011716.4922   17.3475
    0.0000  -30.0000   22.500012283.9248   17.3721
    7.5000  -30.0000   22.500011705.5322   17.4069
   -7.5000  -22.5000   22.500012894.3994   17.3174
    0.0000  -22.5000   22.500013517.7295   17.3353
    7.5000  -22.5000   22.500012883.7100   17.3720
   -7.5000  -15.0000   22.500014060.5068   17.2986
    0.0000  -15.0000   22.500014802.5547   17.3061
    7.5000  -15.0000   22.500014077.5264   17.3381
   -7.5000   -7.5000   22.500015180.1318   17.3100
    0.0000   -7.5000   22.500015862.5303   17.3144
    7.5000   -7.5000   22.500015046.8447   17.3391
   -7.5000    0.0000   22.500016086.2080   17.3386
    0.0000    0.0000   22.500016642.6953   17.3482
    7.5000    0.0000   22.500015749.4941   17.3693
   -7.5000    7.5000   22.500015698.8760   17.3529
    0.0000    7.5000   22.500016268.8750   17.3723
    7.5000    7.5000   22.500015417.9580   17.3988
   -7.5000   15.0000   22.500014887.6084   17.3431
    0.0000   15.0000   22.500015523.5312   17.3678
    7.5000   15.0000   22.500014718.6113   17.4026
   -7.5000   22.5000   22.500013899.3369   17.3094
    0.0000   22.5000   22.500014534.2119   17.3274
    7.5000   22.5000   22.500013792.8604   17.3640
   -7.5000   30.0000   22.500012787.5586   17.0747
    0.0000   30.0000   22.500013383.8164   17.0822
    7.5000   30.0000   22.500012715.1631   17.1137
   -7.5000   37.5000   22.500012173.1523   17.0859
    0.0000   37.5000   22.500012786.6631   17.0903
    7.5000   37.5000   22.500012114.8643   17.1147
   -7.5000   45.0000   22.500011102.8232   16.7124
    0.0000   45.0000   22.500011690.7383   16.7216
    7.5000   45.0000   22.500011075.0771   16.7420
   -7.5000  -45.0000   30.0000 9236.9199   17.7027
    0.0000  -45.0000   30.0000 9677.3027   17.7096
    7.5000  -45.0000   30.0000 9182.3301   17.7311
   -7.5000  -37.5000   30.0000 9880.5000   17.5543
    0.0000  -37.5000   30.000010322.2363   17.5698
    7.5000  -37.5000   30.0000 9830.0791   17.5964
   -7.5000  -30.0000   30.000010896.2402   17.4945
    0.0000  -30.0000   30.000011372.7666   17.5155
    7.5000  -30.0000   30.000010880.3662   17.5515
   -7.5000  -22.5000   30.000011916.4209   17.4558
    0.0000  -22.5000   30.000012451.3535   17.4720
    7.5000  -22.5000   30.000011975.2666   17.5114
   -7.5000  -15.0000   30.000012923.8232   17.4342
    0.0000  -15.0000   30.000013529.8086   17.4413
    7.5000  -15.0000   30.000013000.7109   17.4763
   -7.5000   -7.5000   30.000013870.4307   17.4515
    0.0000   -7.5000   30.000014446.2676   17.4548
    7.5000   -7.5000   30.000013843.0547   17.4814
   -7.5000    0.0000   30.000014642.7480   17.4881
    0.0000    0.0000   30.000015204.5771   17.4949
    7.5000    0.0000   30.000014561.4775   17.5163
   -7.5000    7.5000   30.000014357.2588   17.5049
    0.0000    7.5000   30.000014934.3174   17.5204
    7.5000    7.5000   30.000014314.1006   17.5471
   -7.5000   15.0000   30.000013728.4346   17.4900
    0.0000   15.0000   30.000014332.6406   17.5111
    7.5000   15.0000   30.000013738.8994   17.5472
   -7.5000   22.5000   30.000012910.9697   17.4478
    0.0000   22.5000   30.000013514.8076   17.4640
    7.5000   22.5000   30.000012926.7812   17.5034
   -7.5000   30.0000   30.000011880.6045   17.2086
    0.0000   30.0000   30.000012473.6348   17.2156
    7.5000   30.0000   30.000011914.6738   17.2502
   -7.5000   37.5000   30.000011314.4512   17.2257
    0.0000   37.5000   30.000011892.5068   17.2289
    7.5000   37.5000   30.000011346.1465   17.2551
   -7.5000   45.0000   30.000010330.0029   16.8565
    0.0000   45.0000   30.000010840.8027   16.8631
    7.5000   45.0000   30.000010354.3623   16.8837
   -7.5000  -45.0000   37.5000 8811.7422   18.0032
    0.0000  -45.0000   37.5000 9207.9814   18.0030
    7.5000  -45.0000   37.5000 8815.3096   18.0214
   -7.5000  -37.5000   37.5000 9398.2500   17.8489
    0.0000  -37.5000   37.5000 9814.0947   17.8583
    7.5000  -37.5000   37.5000 9437.1299   17.8812
   -7.5000  -30.0000   37.500010353.6074   17.7815
    0.0000  -30.0000   37.500010831.1445   17.7983
    7.5000  -30.0000   37.500010436.9473   17.8319
   -7.5000  -22.5000   37.500011332.9424   17.7385
    0.0000  -22.5000   37.500011868.2246   17.7516
    7.5000  -22.5000   37.500011475.1689   17.7908
   -7.5000  -15.0000   37.500012278.6357   17.7181
    0.0000  -15.0000   37.500012851.2119   17.7217
    7.5000  -15.0000   37.500012412.0176   17.7577
   -7.5000   -7.5000   37.500013159.2891   17.7416
    0.0000   -7.5000   37.500013694.6934   17.7394
    7.5000   -7.5000   37.500013214.5469   17.7652
   -7.5000    0.0000   37.500013885.7549   17.7829
    0.0000    0.0000   37.500014426.6865   17.7828
    7.5000    0.0000   37.500013935.6982   17.8013
   -7.5000    7.5000   37.500013658.8408   17.7979
    0.0000    7.5000   37.500014222.0000   17.8072
    7.5000    7.5000   37.500013724.6904   17.8302
   -7.5000   15.0000   37.500013136.2578   17.7769
    0.0000   15.0000   37.500013723.7461   17.7938
    7.5000   15.0000   37.500013229.9258   17.8273
   -7.5000   22.5000   37.500012387.2041   17.7303
    0.0000   22.5000   37.500012981.8047   17.7434
    7.5000   22.5000   37.500012474.4434   17.7826
   -7.5000   30.0000   37.500011424.8320   17.4888
    0.0000   30.0000   37.500011995.4131   17.4923
    7.5000   30.0000   37.500011518.3994   17.5279
   -7.5000   37.5000   37.500010868.9580   17.5120
    0.0000   37.5000   37.500011434.1045   17.5098
    7.5000   37.5000   37.500010973.5420   17.5353
   -7.5000   45.0000   37.5000 9931.7275   17.1407
    0.0000   45.0000   37.500010413.7812   17.1406
    7.5000   45.0000   37.5000 9993.7559   17.1584
   -7.5000  -45.0000   45.0000 8041.2319   18.4139
    0.0000  -45.0000   45.0000 8429.0732   18.4090
    7.5000  -45.0000   45.0000 8121.5186   18.4225
   -7.5000  -37.5000   45.0000 8601.3281   18.2493
    0.0000  -37.5000   45.0000 9017.1992   18.2556
    7.5000  -37.5000   45.0000 8676.4277   18.2735
   -7.5000  -30.0000   45.0000 9500.6592   18.1759
    0.0000  -30.0000   45.0000 9956.5869   18.1910
    7.5000  -30.0000   45.0000 9588.3330   18.2195
   -7.5000  -22.5000   45.000010392.2334   18.1329
    0.0000  -22.5000   45.000010900.0146   18.1435
    7.5000  -22.5000   45.000010522.3965   18.1787
   -7.5000  -15.0000   45.000011242.5596   18.1154
    0.0000  -15.0000   45.000011773.8535   18.1146
    7.5000  -15.0000   45.000011366.0039   18.1475
   -7.5000   -7.5000   45.000012040.8105   18.1420
    0.0000   -7.5000   45.000012550.4004   18.1348
    7.5000   -7.5000   45.000012096.2793   18.1570
   -7.5000    0.0000   45.000012705.0332   18.1841
    0.0000    0.0000   45.000013227.2822   18.1795
    7.5000    0.0000   45.000012770.1162   18.1933
   -7.5000    7.5000   45.000012465.2832   18.1956
    0.0000    7.5000   45.000013016.3916   18.2019
    7.5000    7.5000   45.000012576.4287   18.2198
   -7.5000   15.0000   45.000012035.9482   18.1710
    0.0000   15.0000   45.000012604.6426   18.1861
    7.5000   15.0000   45.000012150.5654   18.2147
   -7.5000   22.5000   45.000011382.8613   18.1245
    0.0000   22.5000   45.000011932.1377   18.1351
    7.5000   22.5000   45.000011483.4590   18.1702
   -7.5000   30.0000   45.000010509.9688   17.8794
    0.0000   30.0000   45.000011042.8594   17.8787
    7.5000   30.0000   45.000010615.8467   17.9111
   -7.5000   37.5000   45.000010022.0918   17.9056
    0.0000   37.5000   45.000010521.9756   17.8986
    7.5000   37.5000   45.000010111.6611   17.9205
   -7.5000   45.0000   45.0000 9140.5693   17.5353
    0.0000   45.0000   45.0000 9589.6396   17.5309
    7.5000   45.0000   45.0000 9222.1172   17.5442

---------------------------------------------------------------------
imgreg_4dfp /opt/freesurfer/average/711-2C_as_mni_average_305 /opt/freesurfer/average/711-2B_as_mni_average_305_mask talsrcimg_g11 none talsrcimg_to_711-2C_as_mni_average_305_t4 4355
---------------------------------------------------------------------

freesurfer imgreg_4dfp.c
/opt/freesurfer/average/711-2C_as_mni_average_305.4dfp.img
       256       256       256         1
  1.000000  1.000000  1.000000
orientation T byte_order littleendian
Reading image: /opt/freesurfer/average/711-2C_as_mni_average_305.4dfp.img
dimensions:      256       256       256
mmppix:       1.0000   -1.0000   -1.0000
center:     128.0000 -129.0000 -129.0000
/opt/freesurfer/average/711-2B_as_mni_average_305_mask.4dfp.img
       256       256       256         1
  1.000000  1.000000  1.000000
orientation T byte_order littleendian
Reading mask: /opt/freesurfer/average/711-2B_as_mni_average_305_mask.4dfp.img (2306576 pixels)
talsrcimg_g11.4dfp.img
       256       256       256         1
  1.000000  1.000000  1.000000
orientation T byte_order littleendian
Reading image: talsrcimg_g11.4dfp.img
dimensions:      256       256       256
mmppix:       1.0000   -1.0000   -1.0000
center:     128.0000 -129.0000 -129.0000
rotation matrix determinant  1.000000
image alignment mode   4355 decimal     1103 hex
   -7.5000  -45.0000  -37.5000 2195.0959   18.6314
    0.0000  -45.0000  -37.5000 2207.8108   18.6059
    7.5000  -45.0000  -37.5000 2200.0132   18.6043
   -7.5000  -37.5000  -37.5000 2304.0759   17.0376
    0.0000  -37.5000  -37.5000 2315.1428   17.0306
    7.5000  -37.5000  -37.5000 2304.6191   17.0292
   -7.5000  -30.0000  -37.5000 2389.7446   15.7899
    0.0000  -30.0000  -37.5000 2399.0457   15.8035
    7.5000  -30.0000  -37.5000 2383.5400   15.8433
   -7.5000  -22.5000  -37.5000 2440.4951   14.9721
    0.0000  -22.5000  -37.5000 2451.7021   14.9431
    7.5000  -22.5000  -37.5000 2433.1008   15.0069
   -7.5000  -15.0000  -37.5000 2466.7681   14.4633
    0.0000  -15.0000  -37.5000 2485.8611   14.4427
    7.5000  -15.0000  -37.5000 2467.9792   14.5181
   -7.5000   -7.5000  -37.5000 2480.6311   14.1607
    0.0000   -7.5000  -37.5000 2501.7439   14.1395
    7.5000   -7.5000  -37.5000 2487.4297   14.2039
   -7.5000    0.0000  -37.5000 2479.5300   14.0978
    0.0000    0.0000  -37.5000 2500.9661   14.0313
    7.5000    0.0000  -37.5000 2493.6162   14.1198
   -7.5000    7.5000  -37.5000 2475.8247   14.2871
    0.0000    7.5000  -37.5000 2499.4841   14.2377
    7.5000    7.5000  -37.5000 2493.0500   14.3153
   -7.5000   15.0000  -37.5000 2453.8730   14.7960
    0.0000   15.0000  -37.5000 2481.9014   14.7433
    7.5000   15.0000  -37.5000 2471.1033   14.8096
   -7.5000   22.5000  -37.5000 2419.3809   15.5071
    0.0000   22.5000  -37.5000 2448.5183   15.4325
    7.5000   22.5000  -37.5000 2438.3860   15.4990
   -7.5000   30.0000  -37.5000 2360.9485   16.4553
    0.0000   30.0000  -37.5000 2391.3491   16.3795
    7.5000   30.0000  -37.5000 2380.2107   16.3988
   -7.5000   37.5000  -37.5000 2292.4851   17.7734
    0.0000   37.5000  -37.5000 2315.9358   17.6386
    7.5000   37.5000  -37.5000 2306.0642   17.6847
   -7.5000   45.0000  -37.5000 2197.6101   19.4928
    0.0000   45.0000  -37.5000 2218.1909   19.3133
    7.5000   45.0000  -37.5000 2211.1609   19.3791
   -7.5000  -45.0000  -30.0000 2312.8784   18.1128
    0.0000  -45.0000  -30.0000 2322.2139   18.0576
    7.5000  -45.0000  -30.0000 2307.7009   18.0454
   -7.5000  -37.5000  -30.0000 2427.5254   16.5069
    0.0000  -37.5000  -30.0000 2435.3984   16.4856
    7.5000  -37.5000  -30.0000 2417.4016   16.4731
   -7.5000  -30.0000  -30.0000 2519.7766   15.2850
    0.0000  -30.0000  -30.0000 2529.0308   15.2852
    7.5000  -30.0000  -30.0000 2505.4375   15.2984
   -7.5000  -22.5000  -30.0000 2574.8074   14.4240
    0.0000  -22.5000  -30.0000 2587.7617   14.3967
    7.5000  -22.5000  -30.0000 2569.9353   14.4486
   -7.5000  -15.0000  -30.0000 2611.9700   13.8925
    0.0000  -15.0000  -30.0000 2627.6838   13.8369
    7.5000  -15.0000  -30.0000 2609.8752   13.9169
   -7.5000   -7.5000  -30.0000 2632.7439   13.5867
    0.0000   -7.5000  -30.0000 2653.0579   13.5402
    7.5000   -7.5000  -30.0000 2641.4041   13.6040
   -7.5000    0.0000  -30.0000 2632.8381   13.4914
    0.0000    0.0000  -30.0000 2649.5356   13.4146
    7.5000    0.0000  -30.0000 2640.7568   13.5051
   -7.5000    7.5000  -30.0000 2620.4158   13.6907
    0.0000    7.5000  -30.0000 2643.5815   13.6304
    7.5000    7.5000  -30.0000 2633.2288   13.6956
   -7.5000   15.0000  -30.0000 2597.2107   14.1669
    0.0000   15.0000  -30.0000 2623.4700   14.1097
    7.5000   15.0000  -30.0000 2613.4229   14.1680
   -7.5000   22.5000  -30.0000 2556.9375   14.8500
    0.0000   22.5000  -30.0000 2589.0859   14.7923
    7.5000   22.5000  -30.0000 2577.1079   14.8270
   -7.5000   30.0000  -30.0000 2498.3774   15.7628
    0.0000   30.0000  -30.0000 2533.2151   15.7102
    7.5000   30.0000  -30.0000 2519.7307   15.7142
   -7.5000   37.5000  -30.0000 2424.0171   17.0347
    0.0000   37.5000  -30.0000 2453.6392   16.9493
    7.5000   37.5000  -30.0000 2440.1589   16.9782
   -7.5000   45.0000  -30.0000 2324.7617   18.6895
    0.0000   45.0000  -30.0000 2349.5742   18.5633
    7.5000   45.0000  -30.0000 2341.7734   18.6276
   -7.5000  -45.0000  -22.5000 2398.3362   17.5171
    0.0000  -45.0000  -22.5000 2408.7119   17.4713
    7.5000  -45.0000  -22.5000 2390.9797   17.4525
   -7.5000  -37.5000  -22.5000 2516.8469   15.9469
    0.0000  -37.5000  -22.5000 2527.3997   15.9144
    7.5000  -37.5000  -22.5000 2500.9497   15.9281
   -7.5000  -30.0000  -22.5000 2612.4778   14.7148
    0.0000  -30.0000  -22.5000 2624.2009   14.6750
    7.5000  -30.0000  -22.5000 2599.2136   14.7068
   -7.5000  -22.5000  -22.5000 2677.3550   13.8306
    0.0000  -22.5000  -22.5000 2692.4570   13.7886
    7.5000  -22.5000  -22.5000 2673.4177   13.8362
   -7.5000  -15.0000  -22.5000 2719.4370   13.2636
    0.0000  -15.0000  -22.5000 2737.0698   13.2112
    7.5000  -15.0000  -22.5000 2720.2288   13.2614
   -7.5000   -7.5000  -22.5000 2748.0017   12.9390
    0.0000   -7.5000  -22.5000 2769.8767   12.8722
    7.5000   -7.5000  -22.5000 2755.3799   12.9362
   -7.5000    0.0000  -22.5000 2747.6455   12.8172
    0.0000    0.0000  -22.5000 2769.2690   12.7551
    7.5000    0.0000  -22.5000 2757.3872   12.8298
   -7.5000    7.5000  -22.5000 2737.0674   13.0016
    0.0000    7.5000  -22.5000 2763.7678   12.9504
    7.5000    7.5000  -22.5000 2755.4116   13.0259
   -7.5000   15.0000  -22.5000 2711.3904   13.5127
    0.0000   15.0000  -22.5000 2741.0139   13.4233
    7.5000   15.0000  -22.5000 2731.2927   13.5074
   -7.5000   22.5000  -22.5000 2671.6519   14.1546
    0.0000   22.5000  -22.5000 2701.4819   14.0713
    7.5000   22.5000  -22.5000 2695.6091   14.1448
   -7.5000   30.0000  -22.5000 2608.4241   15.0410
    0.0000   30.0000  -22.5000 2640.9197   14.9323
    7.5000   30.0000  -22.5000 2636.6089   15.0013
   -7.5000   37.5000  -22.5000 2523.7249   16.2511
    0.0000   37.5000  -22.5000 2556.8018   16.1588
    7.5000   37.5000  -22.5000 2549.1858   16.2107
   -7.5000   45.0000  -22.5000 2419.8699   17.8591
    0.0000   45.0000  -22.5000 2451.2366   17.7498
    7.5000   45.0000  -22.5000 2442.7205   17.8094
   -7.5000  -45.0000  -15.0000 2443.5117   17.0132
    0.0000  -45.0000  -15.0000 2460.3494   16.9558
    7.5000  -45.0000  -15.0000 2442.4490   17.0225
   -7.5000  -37.5000  -15.0000 2563.1055   15.4517
    0.0000  -37.5000  -15.0000 2574.8604   15.3930
    7.5000  -37.5000  -15.0000 2554.4858   15.4557
   -7.5000  -30.0000  -15.0000 2660.5442   14.1970
    0.0000  -30.0000  -15.0000 2675.4685   14.1489
    7.5000  -30.0000  -15.0000 2657.9998   14.2376
   -7.5000  -22.5000  -15.0000 2737.6470   13.2887
    0.0000  -22.5000  -15.0000 2758.5686   13.2337
    7.5000  -22.5000  -15.0000 2742.1228   13.3410
   -7.5000  -15.0000  -15.0000 2782.0500   12.6530
    0.0000  -15.0000  -15.0000 2810.8862   12.6371
    7.5000  -15.0000  -15.0000 2795.1943   12.7123
   -7.5000   -7.5000  -15.0000 2818.9934   12.3161
    0.0000   -7.5000  -15.0000 2847.0710   12.2532
    7.5000   -7.5000  -15.0000 2831.0095   12.3540
   -7.5000    0.0000  -15.0000 2827.4521   12.1725
    0.0000    0.0000  -15.0000 2853.9346   12.1244
    7.5000    0.0000  -15.0000 2841.6697   12.2289
   -7.5000    7.5000  -15.0000 2822.8779   12.4036
    0.0000    7.5000  -15.0000 2852.6279   12.3059
    7.5000    7.5000  -15.0000 2847.6243   12.4116
   -7.5000   15.0000  -15.0000 2799.4717   12.8936
    0.0000   15.0000  -15.0000 2831.9580   12.7771
    7.5000   15.0000  -15.0000 2827.3230   12.8954
   -7.5000   22.5000  -15.0000 2755.6851   13.5165
    0.0000   22.5000  -15.0000 2789.1082   13.3984
    7.5000   22.5000  -15.0000 2787.1650   13.4955
   -7.5000   30.0000  -15.0000 2686.0334   14.3948
    0.0000   30.0000  -15.0000 2716.2939   14.2481
    7.5000   30.0000  -15.0000 2715.8384   14.3435
   -7.5000   37.5000  -15.0000 2596.4436   15.6088
    0.0000   37.5000  -15.0000 2627.0791   15.4685
    7.5000   37.5000  -15.0000 2622.7649   15.5498
   -7.5000   45.0000  -15.0000 2482.2800   17.2000
    0.0000   45.0000  -15.0000 2515.3186   17.0680
    7.5000   45.0000  -15.0000 2508.7166   17.1340
   -7.5000  -45.0000   -7.5000 2468.1223   16.5839
    0.0000  -45.0000   -7.5000 2483.3601   16.5420
    7.5000  -45.0000   -7.5000 2462.7922   16.6766
   -7.5000  -37.5000   -7.5000 2583.4443   15.0021
    0.0000  -37.5000   -7.5000 2598.9219   14.9387
    7.5000  -37.5000   -7.5000 2576.8328   15.0939
   -7.5000  -30.0000   -7.5000 2687.0959   13.7650
    0.0000  -30.0000   -7.5000 2704.5295   13.7171
    7.5000  -30.0000   -7.5000 2689.0806   13.8644
   -7.5000  -22.5000   -7.5000 2772.5881   12.8537
    0.0000  -22.5000   -7.5000 2795.7917   12.8125
    7.5000  -22.5000   -7.5000 2785.5005   12.9504
   -7.5000  -15.0000   -7.5000 2826.1902   12.2063
    0.0000  -15.0000   -7.5000 2853.8921   12.1579
    7.5000  -15.0000   -7.5000 2849.5254   12.3030
   -7.5000   -7.5000   -7.5000 2866.1133   11.8403
    0.0000   -7.5000   -7.5000 2899.7922   11.7624
    7.5000   -7.5000   -7.5000 2886.7214   11.9440
   -7.5000    0.0000   -7.5000 2880.2178   11.6577
    0.0000    0.0000   -7.5000 2915.1646   11.5354
    7.5000    0.0000   -7.5000 2909.5078   11.7567
   -7.5000    7.5000   -7.5000 2884.3926   11.8971
    0.0000    7.5000   -7.5000 2912.5837   11.7323
    7.5000    7.5000   -7.5000 2913.5518   11.9296
   -7.5000   15.0000   -7.5000 2857.7805   12.3533
    0.0000   15.0000   -7.5000 2888.6248   12.1958
    7.5000   15.0000   -7.5000 2895.7637   12.3662
   -7.5000   22.5000   -7.5000 2810.9094   13.0184
    0.0000   22.5000   -7.5000 2842.8530   12.8329
    7.5000   22.5000   -7.5000 2852.0645   13.0007
   -7.5000   30.0000   -7.5000 2735.0825   13.9036
    0.0000   30.0000   -7.5000 2767.7688   13.7073
    7.5000   30.0000   -7.5000 2776.6052   13.8761
   -7.5000   37.5000   -7.5000 2638.3508   15.0869
    0.0000   37.5000   -7.5000 2670.5530   14.9121
    7.5000   37.5000   -7.5000 2673.1921   15.0577
   -7.5000   45.0000   -7.5000 2523.4858   16.6210
    0.0000   45.0000   -7.5000 2555.5400   16.4528
    7.5000   45.0000   -7.5000 2551.3906   16.5741
   -7.5000  -45.0000    0.0000 2470.6104   16.3888
    0.0000  -45.0000    0.0000 2478.5735   16.2858
    7.5000  -45.0000    0.0000 2467.7998   16.5639
   -7.5000  -37.5000    0.0000 2580.1030   14.7726
    0.0000  -37.5000    0.0000 2594.0815   14.6751
    7.5000  -37.5000    0.0000 2583.3494   14.9248
   -7.5000  -30.0000    0.0000 2685.5593   13.5251
    0.0000  -30.0000    0.0000 2705.6331   13.4300
    7.5000  -30.0000    0.0000 2700.2681   13.6835
   -7.5000  -22.5000    0.0000 2775.7568   12.6153
    0.0000  -22.5000    0.0000 2799.7915   12.5165
    7.5000  -22.5000    0.0000 2801.1406   12.7536
   -7.5000  -15.0000    0.0000 2845.3208   11.9618
    0.0000  -15.0000    0.0000 2872.8000   11.8707
    7.5000  -15.0000    0.0000 2877.0781   12.0739
   -7.5000   -7.5000    0.0000 2900.6162   11.6141
    0.0000   -7.5000    0.0000 2934.7532   11.5065
    7.5000   -7.5000    0.0000 2935.3196   11.7277
   -7.5000    0.0000    0.0000 2924.2261   11.4764
    0.0000    0.0000    0.0000 2959.6477   11.2667
    7.5000    0.0000    0.0000 2960.5090   11.5862
   -7.5000    7.5000    0.0000 2927.3674   11.6403
    0.0000    7.5000    0.0000 2948.9585   11.3953
    7.5000    7.5000    0.0000 2962.3489   11.6907
   -7.5000   15.0000    0.0000 2897.7913   12.0862
    0.0000   15.0000    0.0000 2920.6089   11.8510
    7.5000   15.0000    0.0000 2940.8606   12.0816
   -7.5000   22.5000    0.0000 2849.7788   12.7551
    0.0000   22.5000    0.0000 2879.8333   12.5022
    7.5000   22.5000    0.0000 2893.4695   12.6745
   -7.5000   30.0000    0.0000 2768.8147   13.6209
    0.0000   30.0000    0.0000 2798.6025   13.3800
    7.5000   30.0000    0.0000 2808.1047   13.5241
   -7.5000   37.5000    0.0000 2666.6863   14.7697
    0.0000   37.5000    0.0000 2694.5571   14.5697
    7.5000   37.5000    0.0000 2699.9375   14.6827
   -7.5000   45.0000    0.0000 2546.7507   16.3240
    0.0000   45.0000    0.0000 2574.9912   16.1115
    7.5000   45.0000    0.0000 2575.7468   16.1949
   -7.5000  -45.0000    7.5000 2450.5266   16.4273
    0.0000  -45.0000    7.5000 2463.2764   16.3134
    7.5000  -45.0000    7.5000 2456.6399   16.6588
   -7.5000  -37.5000    7.5000 2561.5894   14.7679
    0.0000  -37.5000    7.5000 2579.8540   14.6683
    7.5000  -37.5000    7.5000 2575.7656   15.0094
   -7.5000  -30.0000    7.5000 2669.6816   13.4998
    0.0000  -30.0000    7.5000 2694.1340   13.3880
    7.5000  -30.0000    7.5000 2695.3057   13.7208
   -7.5000  -22.5000    7.5000 2764.2502   12.5602
    0.0000  -22.5000    7.5000 2789.9250   12.4317
    7.5000  -22.5000    7.5000 2800.7744   12.7456
   -7.5000  -15.0000    7.5000 2841.6929   11.9190
    0.0000  -15.0000    7.5000 2873.7942   11.7968
    7.5000  -15.0000    7.5000 2888.3901   12.0499
   -7.5000   -7.5000    7.5000 2918.7969   11.6507
    0.0000   -7.5000    7.5000 2951.5420   11.5695
    7.5000   -7.5000    7.5000 2958.3625   11.7304
   -7.5000    0.0000    7.5000 2968.6255   11.6547
    0.0000    0.0000    7.5000 3002.7822   11.4731
    7.5000    0.0000    7.5000 2997.9893   11.6435
   -7.5000    7.5000    7.5000 2965.8987   11.7550
    0.0000    7.5000    7.5000 2993.6091   11.4751
    7.5000    7.5000    7.5000 2994.7937   11.6818
   -7.5000   15.0000    7.5000 2924.8821   12.0561
    0.0000   15.0000    7.5000 2953.9648   11.7572
    7.5000   15.0000    7.5000 2962.9604   11.9256
   -7.5000   22.5000    7.5000 2867.9897   12.6017
    0.0000   22.5000    7.5000 2896.4724   12.3290
    7.5000   22.5000    7.5000 2908.5967   12.4507
   -7.5000   30.0000    7.5000 2786.9109   13.4383
    0.0000   30.0000    7.5000 2809.2598   13.1907
    7.5000   30.0000    7.5000 2820.0249   13.2978
   -7.5000   37.5000    7.5000 2679.8318   14.6291
    0.0000   37.5000    7.5000 2707.6746   14.4247
    7.5000   37.5000    7.5000 2710.7629   14.4992
   -7.5000   45.0000    7.5000 2554.8562   16.1743
    0.0000   45.0000    7.5000 2588.4717   16.0000
    7.5000   45.0000    7.5000 2582.7490   16.0525
   -7.5000  -45.0000   15.0000 2424.8989   16.6536
    0.0000  -45.0000   15.0000 2442.5378   16.5233
    7.5000  -45.0000   15.0000 2437.4163   16.9297
   -7.5000  -37.5000   15.0000 2529.7415   14.9771
    0.0000  -37.5000   15.0000 2551.2629   14.8600
    7.5000  -37.5000   15.0000 2555.5222   15.2479
   -7.5000  -30.0000   15.0000 2635.9407   13.7227
    0.0000  -30.0000   15.0000 2663.3423   13.6236
    7.5000  -30.0000   15.0000 2676.8909   13.9430
   -7.5000  -22.5000   15.0000 2742.9434   12.8241
    0.0000  -22.5000   15.0000 2776.3528   12.7271
    7.5000  -22.5000   15.0000 2783.7852   12.9763
   -7.5000  -15.0000   15.0000 2845.1384   12.2403
    0.0000  -15.0000   15.0000 2881.1086   12.1565
    7.5000  -15.0000   15.0000 2878.8291   12.3365
   -7.5000   -7.5000   15.0000 2936.4041   11.9517
    0.0000   -7.5000   15.0000 2973.9294   11.9083
    7.5000   -7.5000   15.0000 2956.2761   12.0028
   -7.5000    0.0000   15.0000 2987.3108   11.8795
    0.0000    0.0000   15.0000 3015.8784   11.6652
    7.5000    0.0000   15.0000 2991.7471   11.7631
   -7.5000    7.5000   15.0000 2971.8257   11.9573
    0.0000    7.5000   15.0000 3006.0442   11.7033
    7.5000    7.5000   15.0000 2987.4268   11.7418
   -7.5000   15.0000   15.0000 2916.8447   12.1650
    0.0000   15.0000   15.0000 2953.7466   11.9780
    7.5000   15.0000   15.0000 2950.3159   12.0158
   -7.5000   22.5000   15.0000 2855.4011   12.6565
    0.0000   22.5000   15.0000 2886.8137   12.5066
    7.5000   22.5000   15.0000 2890.0447   12.5603
   -7.5000   30.0000   15.0000 2772.1350   13.4722
    0.0000   30.0000   15.0000 2797.8064   13.3133
    7.5000   30.0000   15.0000 2803.0349   13.3632
   -7.5000   37.5000   15.0000 2665.2371   14.6527
    0.0000   37.5000   15.0000 2697.6755   14.4831
    7.5000   37.5000   15.0000 2696.3796   14.5392
   -7.5000   45.0000   15.0000 2540.7031   16.1827
    0.0000   45.0000   15.0000 2580.7754   16.0044
    7.5000   45.0000   15.0000 2572.9116   16.0438
   -7.5000  -45.0000   22.5000 2403.2900   17.0959
    0.0000  -45.0000   22.5000 2424.9109   16.9917
    7.5000  -45.0000   22.5000 2419.0488   17.3827
   -7.5000  -37.5000   22.5000 2512.3743   15.5274
    0.0000  -37.5000   22.5000 2534.7437   15.3783
    7.5000  -37.5000   22.5000 2531.5725   15.6960
   -7.5000  -30.0000   22.5000 2623.0696   14.3338
    0.0000  -30.0000   22.5000 2651.2114   14.1939
    7.5000  -30.0000   22.5000 2650.8213   14.4252
   -7.5000  -22.5000   22.5000 2734.0627   13.4151
    0.0000  -22.5000   22.5000 2765.8835   13.2431
    7.5000  -22.5000   22.5000 2764.9614   13.4519
   -7.5000  -15.0000   22.5000 2835.6667   12.7324
    0.0000  -15.0000   22.5000 2865.0134   12.5763
    7.5000  -15.0000   22.5000 2862.9785   12.7211
   -7.5000   -7.5000   22.5000 2914.0437   12.3073
    0.0000   -7.5000   22.5000 2945.9900   12.1340
    7.5000   -7.5000   22.5000 2933.9604   12.2626
   -7.5000    0.0000   22.5000 2957.2849   12.1231
    0.0000    0.0000   22.5000 2983.8696   11.8248
    7.5000    0.0000   22.5000 2962.8406   11.9381
   -7.5000    7.5000   22.5000 2950.9114   12.2002
    0.0000    7.5000   22.5000 2986.0901   11.9485
    7.5000    7.5000   22.5000 2969.2642   12.0249
   -7.5000   15.0000   22.5000 2897.0439   12.4990
    0.0000   15.0000   22.5000 2937.2202   12.3307
    7.5000   15.0000   22.5000 2927.0308   12.3984
   -7.5000   22.5000   22.5000 2825.1116   13.0342
    0.0000   22.5000   22.5000 2861.3767   12.9173
    7.5000   22.5000   22.5000 2859.2891   12.9625
   -7.5000   30.0000   22.5000 2735.6941   13.8343
    0.0000   30.0000   22.5000 2767.0154   13.7226
    7.5000   30.0000   22.5000 2772.0374   13.7440
   -7.5000   37.5000   22.5000 2633.7122   14.9497
    0.0000   37.5000   22.5000 2671.2036   14.8247
    7.5000   37.5000   22.5000 2665.4128   14.8321
   -7.5000   45.0000   22.5000 2512.8569   16.4104
    0.0000   45.0000   22.5000 2553.1787   16.2704
    7.5000   45.0000   22.5000 2545.3586   16.2701
   -7.5000  -45.0000   30.0000 2386.7454   17.9636
    0.0000  -45.0000   30.0000 2400.7847   17.7875
    7.5000  -45.0000   30.0000 2390.6255   18.1142
   -7.5000  -37.5000   30.0000 2498.8069   16.3448
    0.0000  -37.5000   30.0000 2513.2830   16.1351
    7.5000  -37.5000   30.0000 2504.8550   16.4116
   -7.5000  -30.0000   30.0000 2601.8933   15.0662
    0.0000  -30.0000   30.0000 2623.7961   14.8316
    7.5000  -30.0000   30.0000 2621.9177   15.0899
   -7.5000  -22.5000   30.0000 2705.4109   14.0230
    0.0000  -22.5000   30.0000 2730.8906   13.8008
    7.5000  -22.5000   30.0000 2732.9634   14.0285
   -7.5000  -15.0000   30.0000 2795.1426   13.2774
    0.0000  -15.0000   30.0000 2820.1028   13.0566
    7.5000  -15.0000   30.0000 2822.9500   13.2225
   -7.5000   -7.5000   30.0000 2861.5195   12.8123
    0.0000   -7.5000   30.0000 2891.3406   12.5132
    7.5000   -7.5000   30.0000 2887.4971   12.6470
   -7.5000    0.0000   30.0000 2896.4011   12.5535
    0.0000    0.0000   30.0000 2926.6211   12.2584
    7.5000    0.0000   30.0000 2916.0691   12.3795
   -7.5000    7.5000   30.0000 2893.5354   12.6561
    0.0000    7.5000   30.0000 2928.9712   12.4193
    7.5000    7.5000   30.0000 2919.2898   12.5469
   -7.5000   15.0000   30.0000 2844.9934   13.0239
    0.0000   15.0000   30.0000 2884.6895   12.8528
    7.5000   15.0000   30.0000 2880.2170   12.9519
   -7.5000   22.5000   30.0000 2775.8237   13.6060
    0.0000   22.5000   30.0000 2810.8232   13.4751
    7.5000   22.5000   30.0000 2811.5427   13.5417
   -7.5000   30.0000   30.0000 2684.2256   14.3940
    0.0000   30.0000   30.0000 2720.7246   14.2777
    7.5000   30.0000   30.0000 2720.5676   14.3185
   -7.5000   37.5000   30.0000 2582.5093   15.5023
    0.0000   37.5000   30.0000 2622.2002   15.3766
    7.5000   37.5000   30.0000 2618.3687   15.3906
   -7.5000   45.0000   30.0000 2469.1672   16.9748
    0.0000   45.0000   30.0000 2502.0444   16.8047
    7.5000   45.0000   30.0000 2497.1111   16.8191
   -7.5000  -45.0000   37.5000 2352.3193   18.9696
    0.0000  -45.0000   37.5000 2359.3044   18.7719
    7.5000  -45.0000   37.5000 2353.3511   19.0704
   -7.5000  -37.5000   37.5000 2462.9431   17.1780
    0.0000  -37.5000   37.5000 2474.6589   16.9510
    7.5000  -37.5000   37.5000 2471.9578   17.2398
   -7.5000  -30.0000   37.5000 2563.3030   15.8173
    0.0000  -30.0000   37.5000 2585.7078   15.5633
    7.5000  -30.0000   37.5000 2584.6985   15.8272
   -7.5000  -22.5000   37.5000 2664.3857   14.7521
    0.0000  -22.5000   37.5000 2690.1211   14.5018
    7.5000  -22.5000   37.5000 2689.7695   14.7123
   -7.5000  -15.0000   37.5000 2742.5479   13.9768
    0.0000  -15.0000   37.5000 2767.3474   13.6885
    7.5000  -15.0000   37.5000 2771.6345   13.8635
   -7.5000   -7.5000   37.5000 2797.6819   13.4656
    0.0000   -7.5000   37.5000 2824.6868   13.1401
    7.5000   -7.5000   37.5000 2828.7756   13.2790
   -7.5000    0.0000   37.5000 2822.7693   13.1726
    0.0000    0.0000   37.5000 2851.8540   12.9005
    7.5000    0.0000   37.5000 2852.6123   13.0402
   -7.5000    7.5000   37.5000 2818.6375   13.3202
    0.0000    7.5000   37.5000 2850.6201   13.0939
    7.5000    7.5000   37.5000 2849.5144   13.2342
   -7.5000   15.0000   37.5000 2772.3862   13.7407
    0.0000   15.0000   37.5000 2811.6096   13.5471
    7.5000   15.0000   37.5000 2811.8604   13.6668
   -7.5000   22.5000   37.5000 2705.2493   14.3675
    0.0000   22.5000   37.5000 2744.9114   14.2051
    7.5000   22.5000   37.5000 2745.1248   14.2864
   -7.5000   30.0000   37.5000 2621.7266   15.1808
    0.0000   30.0000   37.5000 2660.1584   15.0219
    7.5000   30.0000   37.5000 2660.6880   15.0662
   -7.5000   37.5000   37.5000 2522.2578   16.2694
    0.0000   37.5000   37.5000 2562.8328   16.1114
    7.5000   37.5000   37.5000 2563.7708   16.1283
   -7.5000   45.0000   37.5000 2409.3682   17.7294
    0.0000   45.0000   37.5000 2436.6519   17.5563
    7.5000   45.0000   37.5000 2436.0430   17.5443
   -7.5000  -45.0000   45.0000 2299.5273   20.0381
    0.0000  -45.0000   45.0000 2309.5010   19.8556
    7.5000  -45.0000   45.0000 2307.9390   20.1309
   -7.5000  -37.5000   45.0000 2411.4897   18.1687
    0.0000  -37.5000   45.0000 2427.2361   17.9597
    7.5000  -37.5000   45.0000 2424.6838   18.1782
   -7.5000  -30.0000   45.0000 2513.2966   16.7233
    0.0000  -30.0000   45.0000 2534.6021   16.5055
    7.5000  -30.0000   45.0000 2532.8516   16.6929
   -7.5000  -22.5000   45.0000 2606.9468   15.6367
    0.0000  -22.5000   45.0000 2631.1248   15.3833
    7.5000  -22.5000   45.0000 2629.5298   15.5693
   -7.5000  -15.0000   45.0000 2673.7556   14.8599
    0.0000  -15.0000   45.0000 2699.5901   14.5601
    7.5000  -15.0000   45.0000 2704.7092   14.6952
   -7.5000   -7.5000   45.0000 2723.4309   14.2942
    0.0000   -7.5000   45.0000 2748.9448   14.0243
    7.5000   -7.5000   45.0000 2749.8052   14.1341
   -7.5000    0.0000   45.0000 2739.9109   14.0223
    0.0000    0.0000   45.0000 2767.3267   13.7910
    7.5000    0.0000   45.0000 2766.1887   13.9204
   -7.5000    7.5000   45.0000 2728.9988   14.1628
    0.0000    7.5000   45.0000 2758.9390   13.9581
    7.5000    7.5000   45.0000 2763.0845   14.0922
   -7.5000   15.0000   45.0000 2688.1211   14.6040
    0.0000   15.0000   45.0000 2726.2249   14.4104
    7.5000   15.0000   45.0000 2726.6797   14.5336
   -7.5000   22.5000   45.0000 2627.4805   15.2394
    0.0000   22.5000   45.0000 2662.9717   15.0913
    7.5000   22.5000   45.0000 2662.7454   15.1687
   -7.5000   30.0000   45.0000 2546.9438   16.0641
    0.0000   30.0000   45.0000 2582.1016   15.9067
    7.5000   30.0000   45.0000 2579.6453   15.9757
   -7.5000   37.5000   45.0000 2452.7441   17.1625
    0.0000   37.5000   45.0000 2485.9661   17.0122
    7.5000   37.5000   45.0000 2480.9929   17.0169
   -7.5000   45.0000   45.0000 2335.6687   18.6594
    0.0000   45.0000   45.0000 2361.6943   18.5127
    7.5000   45.0000   45.0000 2358.2104   18.5116
   -7.5000  -45.0000   52.5000 2236.6716   21.2446
    0.0000  -45.0000   52.5000 2251.2473   21.0918
    7.5000  -45.0000   52.5000 2248.1631   21.3257
   -7.5000  -37.5000   52.5000 2350.1768   19.3364
    0.0000  -37.5000   52.5000 2373.5266   19.2044
    7.5000  -37.5000   52.5000 2364.7957   19.3391
   -7.5000  -30.0000   52.5000 2453.0466   17.8858
    0.0000  -30.0000   52.5000 2476.3518   17.6775
    7.5000  -30.0000   52.5000 2471.1526   17.7894
   -7.5000  -22.5000   52.5000 2538.3940   16.7232
    0.0000  -22.5000   52.5000 2562.6494   16.5073
    7.5000  -22.5000   52.5000 2563.3235   16.6413
   -7.5000  -15.0000   52.5000 2604.2568   15.8962
    0.0000  -15.0000   52.5000 2628.0393   15.6497
    7.5000  -15.0000   52.5000 2628.5564   15.7432
   -7.5000   -7.5000   52.5000 2646.2004   15.3082
    0.0000   -7.5000   52.5000 2666.3882   15.0775
    7.5000   -7.5000   52.5000 2665.5103   15.1764
   -7.5000    0.0000   52.5000 2651.4817   15.0689
    0.0000    0.0000   52.5000 2675.8171   14.8642
    7.5000    0.0000   52.5000 2677.6453   14.9598
   -7.5000    7.5000   52.5000 2637.1221   15.1888
    0.0000    7.5000   52.5000 2664.5242   15.0000
    7.5000    7.5000   52.5000 2668.8962   15.1036
   -7.5000   15.0000   52.5000 2602.9873   15.6195
    0.0000   15.0000   52.5000 2635.4675   15.4694
    7.5000   15.0000   52.5000 2639.4573   15.5560
   -7.5000   22.5000   52.5000 2543.1426   16.2452
    0.0000   22.5000   52.5000 2583.3789   16.1282
    7.5000   22.5000   52.5000 2584.8672   16.1962
   -7.5000   30.0000   52.5000 2467.0774   17.0941
    0.0000   30.0000   52.5000 2502.3213   16.9452
    7.5000   30.0000   52.5000 2498.6042   17.0179
   -7.5000   37.5000   52.5000 2379.4163   18.2083
    0.0000   37.5000   52.5000 2403.4546   18.0710
    7.5000   37.5000   52.5000 2402.3542   18.0629
   -7.5000   45.0000   52.5000 2262.3740   19.7894
    0.0000   45.0000   52.5000 2280.7791   19.6616
    7.5000   45.0000   52.5000 2281.6138   19.6579

---------------------------------------------------------------------
imgreg_4dfp /opt/freesurfer/average/711-2C_as_mni_average_305 /opt/freesurfer/average/711-2B_as_mni_average_305_mask talsrcimg_g11 none talsrcimg_to_711-2C_as_mni_average_305_t4 1283
---------------------------------------------------------------------

freesurfer imgreg_4dfp.c
/opt/freesurfer/average/711-2C_as_mni_average_305.4dfp.img
       256       256       256         1
  1.000000  1.000000  1.000000
orientation T byte_order littleendian
Reading image: /opt/freesurfer/average/711-2C_as_mni_average_305.4dfp.img
dimensions:      256       256       256
mmppix:       1.0000   -1.0000   -1.0000
center:     128.0000 -129.0000 -129.0000
/opt/freesurfer/average/711-2B_as_mni_average_305_mask.4dfp.img
       256       256       256         1
  1.000000  1.000000  1.000000
orientation T byte_order littleendian
Reading mask: /opt/freesurfer/average/711-2B_as_mni_average_305_mask.4dfp.img (2306576 pixels)
talsrcimg_g11.4dfp.img
       256       256       256         1
  1.000000  1.000000  1.000000
orientation T byte_order littleendian
Reading image: talsrcimg_g11.4dfp.img
dimensions:      256       256       256
mmppix:       1.0000   -1.0000   -1.0000
center:     128.0000 -129.0000 -129.0000
rotation matrix determinant  1.000000
fimgreg.f
image alignment mode   1283 decimal      503 hex
parameters
    0.0000    0.0000   15.0000    0.0000    0.0000    0.0000
eta,q 0.94590 11.72864
niter,ni,del,rscale     5    3   12.0000    1.2000
parameter  4 -3.225004 ->  0.500000 qaram    1.1500
parameter  6  1.657638 ->  0.500000 qaram    1.1500
parameters
    0.0292    1.2782   12.6975   -3.4500   -1.7724   -3.4500
eta,q 0.95101 11.65947
  0.0641  0.0662  0.0585  0.0523  0.0543  0.0478
  0.0600  0.0604  0.0570  0.0524  0.0527  0.0486
  0.0569  0.0569  0.0565  0.0545  0.0521  0.0501
  0.0571  0.0571  0.0576  0.0563  0.0528  0.0521
  0.0595  0.0581  0.0593  0.0570  0.0538  0.0546
  0.0608  0.0581  0.0616  0.0574  0.0558  0.0577
  0.0625  0.0595  0.0655  0.0586  0.0584  0.0604
niter,ni,del,rscale     6    3   12.0000    1.2000
parameters
    0.8005    1.8629   11.7868   -3.8090   -2.2426   -5.7948
eta,q 0.95179 11.66040
  0.0613  0.0624  0.0540  0.0547  0.0517  0.0506
  0.0552  0.0541  0.0508  0.0506  0.0505  0.0488
  0.0504  0.0496  0.0492  0.0486  0.0495  0.0482
  0.0490  0.0495  0.0502  0.0495  0.0492  0.0492
  0.0506  0.0520  0.0519  0.0512  0.0494  0.0506
  0.0519  0.0541  0.0532  0.0526  0.0507  0.0529
  0.0560  0.0559  0.0561  0.0540  0.0533  0.0561
niter,ni,del,rscale     5    3   12.0000    1.2000
parameters
    0.9226    2.2530   12.0333   -4.3506   -2.0511   -6.1178
eta,q 0.95162 11.65435
  0.0584  0.0603  0.0550  0.0535  0.0518  0.0523
  0.0526  0.0521  0.0515  0.0496  0.0506  0.0504
  0.0483  0.0483  0.0491  0.0478  0.0490  0.0489
  0.0482  0.0483  0.0487  0.0488  0.0484  0.0484
  0.0500  0.0508  0.0501  0.0507  0.0489  0.0495
  0.0520  0.0531  0.0514  0.0518  0.0498  0.0509
  0.0571  0.0551  0.0534  0.0534  0.0517  0.0530
niter,ni,del,rscale     4    3   12.0000    1.2000
parameters
    0.8506    2.6292   12.0571   -4.8522   -1.8519   -6.3886
eta,q 0.95175 11.64616
  0.0579  0.0596  0.0546  0.0536  0.0519  0.0522
  0.0519  0.0520  0.0514  0.0498  0.0507  0.0504
  0.0478  0.0482  0.0490  0.0477  0.0490  0.0489
  0.0484  0.0483  0.0486  0.0486  0.0482  0.0483
  0.0504  0.0506  0.0501  0.0508  0.0489  0.0492
  0.0524  0.0526  0.0515  0.0519  0.0499  0.0508
  0.0573  0.0549  0.0540  0.0533  0.0517  0.0528
niter,ni,del,rscale     3    3   12.0000    1.2000
parameters
    0.7844    2.9764   12.0612   -5.2886   -1.6823   -6.6720
eta,q 0.95187 11.63736
  0.0580  0.0591  0.0547  0.0538  0.0522  0.0521
  0.0518  0.0520  0.0515  0.0500  0.0507  0.0502
  0.0476  0.0481  0.0489  0.0477  0.0489  0.0488
  0.0482  0.0482  0.0484  0.0484  0.0481  0.0482
  0.0506  0.0503  0.0499  0.0508  0.0488  0.0491
  0.0525  0.0523  0.0515  0.0521  0.0501  0.0507
  0.0572  0.0550  0.0543  0.0533  0.0519  0.0527
niter,ni,del,rscale     2    3   12.0000    1.2000
parameters
    0.7307    3.2795   12.0618   -5.6532   -1.5560   -6.9015
eta,q 0.95195 11.62760
  0.0582  0.0587  0.0547  0.0540  0.0524  0.0521
  0.0518  0.0520  0.0516  0.0502  0.0508  0.0502
  0.0475  0.0481  0.0489  0.0477  0.0487  0.0487
  0.0481  0.0480  0.0483  0.0483  0.0480  0.0480
  0.0506  0.0501  0.0497  0.0507  0.0489  0.0489
  0.0526  0.0521  0.0515  0.0523  0.0503  0.0506
  0.0572  0.0552  0.0545  0.0533  0.0521  0.0526
niter,ni,del,rscale     1    3   12.0000    1.2000
parameters
    0.6890    3.5249   12.0310   -5.9389   -1.4858   -7.0384
eta,q 0.95203 11.61987
  0.0583  0.0583  0.0547  0.0542  0.0526  0.0522
  0.0518  0.0520  0.0516  0.0504  0.0508  0.0501
  0.0475  0.0482  0.0488  0.0478  0.0487  0.0487
  0.0480  0.0480  0.0482  0.0482  0.0480  0.0480
  0.0506  0.0499  0.0497  0.0506  0.0490  0.0488
  0.0526  0.0520  0.0516  0.0524  0.0504  0.0504
  0.0571  0.0555  0.0547  0.0534  0.0524  0.0525
registration optimization eta report
parameter search radius
    6.0000    6.0000    6.0000    6.9000    6.0000    6.9000
100000*second partial in parameter space
       27.       25.       18.       11.       12.        9.
  0.0583  0.0583  0.0547  0.0542  0.0526  0.0522
  0.0518  0.0520  0.0516  0.0504  0.0508  0.0501
  0.0475  0.0482  0.0488  0.0478  0.0487  0.0487
  0.0480  0.0480  0.0482  0.0482  0.0480  0.0480
  0.0506  0.0499  0.0497  0.0506  0.0490  0.0488
  0.0526  0.0520  0.0516  0.0524  0.0504  0.0504
  0.0571  0.0555  0.0547  0.0534  0.0524  0.0525
    0.6890    3.5249   12.0310   -5.9389   -1.4858   -7.0384
eta,q 0.95203 11.61987

---------------------------------------------------------------------
imgreg_4dfp /opt/freesurfer/average/711-2C_as_mni_average_305 /opt/freesurfer/average/711-2B_as_mni_average_305_mask talsrcimg_g11 none talsrcimg_to_711-2C_as_mni_average_305_t4 3335
---------------------------------------------------------------------

freesurfer imgreg_4dfp.c
/opt/freesurfer/average/711-2C_as_mni_average_305.4dfp.img
       256       256       256         1
  1.000000  1.000000  1.000000
orientation T byte_order littleendian
Reading image: /opt/freesurfer/average/711-2C_as_mni_average_305.4dfp.img
dimensions:      256       256       256
mmppix:       1.0000   -1.0000   -1.0000
center:     128.0000 -129.0000 -129.0000
/opt/freesurfer/average/711-2B_as_mni_average_305_mask.4dfp.img
       256       256       256         1
  1.000000  1.000000  1.000000
orientation T byte_order littleendian
Reading mask: /opt/freesurfer/average/711-2B_as_mni_average_305_mask.4dfp.img (2306576 pixels)
talsrcimg_g11.4dfp.img
       256       256       256         1
  1.000000  1.000000  1.000000
orientation T byte_order littleendian
Reading image: talsrcimg_g11.4dfp.img
dimensions:      256       256       256
mmppix:       1.0000   -1.0000   -1.0000
center:     128.0000 -129.0000 -129.0000
fimgreg.f
image alignment mode   3335 decimal      D07 hex
parameters
    0.6890    3.5249   12.0310   -0.7869   -1.2534   -0.5702
   11.9214    3.8274  -12.2493    9.9529   -2.5930  -10.3434
eta,q 0.95372 11.67090
niter,ni,del,rscale     5    3    5.0000    1.2000
parameter  4582.829529 ->  0.500000 qaram    1.1500
parameter  5  3.029158 ->  0.500000 qaram    1.1500
parameter  6  0.559454 ->  0.500000 qaram    1.1500
parameter  9 -0.645169 -> -0.500000 qaram    1.1500
parameter 10  0.644864 ->  0.500000 qaram    1.1500
parameter 12  0.713916 ->  0.500000 qaram    1.1500
parameters
    0.7674    3.8443   11.2805   -4.9269   -5.3934   -4.7102
   11.2495    4.7366   -8.1093    5.8129   -1.2567  -14.4834
eta,q 0.97187 11.55809
  0.0475  0.0478  0.0469  0.0335  0.0303  0.0310  0.0335  0.0372  0.0351  0.0289  0.0303  0.0282
  0.0467  0.0470  0.0462  0.0362  0.0314  0.0308  0.0320  0.0342  0.0334  0.0287  0.0295  0.0281
  0.0464  0.0465  0.0460  0.0409  0.0338  0.0310  0.0310  0.0320  0.0318  0.0290  0.0290  0.0283
  0.0463  0.0463  0.0463  0.0461  0.0373  0.0319  0.0308  0.0308  0.0306  0.0298  0.0287  0.0286
  0.0464  0.0463  0.0468  0.0505  0.0412  0.0344  0.0315  0.0308  0.0299  0.0312  0.0287  0.0293
  0.0467  0.0466  0.0476  0.0543  0.0447  0.0387  0.0328  0.0322  0.0298  0.0336  0.0289  0.0301
  0.0472  0.0471  0.0486  0.0582  0.0474  0.0443  0.0347  0.0348  0.0302  0.0363  0.0294  0.0313
niter,ni,del,rscale     7    3    5.0000    1.2000
parameter  4  0.790417 ->  0.500000 qaram    1.3225
parameters
    1.0591    4.3406   10.7174   -9.6879   -8.3011   -0.6976
   10.0174    5.1479   -8.2993    5.7582   -4.6350  -17.8607
eta,q 0.97634 11.53165
  0.0326  0.0316  0.0285  0.0255  0.0273  0.0271  0.0262  0.0290  0.0266  0.0280  0.0243  0.0244
  0.0305  0.0300  0.0281  0.0253  0.0259  0.0261  0.0250  0.0265  0.0252  0.0258  0.0240  0.0238
  0.0289  0.0288  0.0279  0.0256  0.0249  0.0254  0.0244  0.0250  0.0245  0.0246  0.0240  0.0237
  0.0281  0.0281  0.0279  0.0278  0.0253  0.0249  0.0243  0.0243  0.0242  0.0242  0.0242  0.0240
  0.0282  0.0279  0.0282  0.0323  0.0277  0.0245  0.0250  0.0244  0.0245  0.0247  0.0245  0.0247
  0.0292  0.0284  0.0287  0.0372  0.0314  0.0241  0.0263  0.0256  0.0254  0.0259  0.0250  0.0256
  0.0309  0.0296  0.0295  0.0415  0.0351  0.0251  0.0282  0.0283  0.0268  0.0280  0.0256  0.0269
niter,ni,del,rscale     7    3    5.0000    1.2000
parameter 11  0.503468 ->  0.500000 qaram    1.1500
parameters
    1.1555    5.1681   11.0415  -12.6862   -9.2745   -2.1392
   10.1669    5.3661   -8.1570    6.2579   -8.7750  -19.1000
eta,q 0.97616 11.29452
  0.0272  0.0279  0.0249  0.0252  0.0277  0.0254  0.0264  0.0272  0.0263  0.0276  0.0241  0.0251
  0.0253  0.0261  0.0240  0.0244  0.0261  0.0247  0.0253  0.0254  0.0251  0.0256  0.0239  0.0243
  0.0241  0.0247  0.0235  0.0236  0.0247  0.0242  0.0245  0.0243  0.0244  0.0244  0.0239  0.0239
  0.0237  0.0237  0.0232  0.0232  0.0236  0.0239  0.0240  0.0240  0.0240  0.0240  0.0241  0.0239
  0.0239  0.0232  0.0232  0.0245  0.0242  0.0236  0.0242  0.0244  0.0242  0.0244  0.0244  0.0243
  0.0249  0.0235  0.0236  0.0292  0.0273  0.0251  0.0250  0.0253  0.0250  0.0253  0.0247  0.0250
  0.0267  0.0246  0.0242  0.0353  0.0312  0.0293  0.0264  0.0267  0.0262  0.0267  0.0251  0.0259
niter,ni,del,rscale     7    3    5.0000    1.2000
parameters
    1.5180    5.6212   11.0790  -14.1726   -9.7789   -2.5166
    9.9760    5.6586   -7.4912    6.8257   -8.2280  -20.1111
eta,q 0.97599 11.17921
  0.0273  0.0270  0.0248  0.0262  0.0280  0.0260  0.0264  0.0278  0.0266  0.0277  0.0251  0.0252
  0.0257  0.0255  0.0242  0.0250  0.0264  0.0252  0.0252  0.0257  0.0254  0.0257  0.0245  0.0245
  0.0245  0.0244  0.0238  0.0242  0.0249  0.0245  0.0244  0.0245  0.0245  0.0244  0.0241  0.0241
  0.0238  0.0237  0.0236  0.0236  0.0239  0.0240  0.0240  0.0240  0.0241  0.0240  0.0240  0.0240
  0.0238  0.0237  0.0237  0.0238  0.0240  0.0238  0.0243  0.0244  0.0241  0.0244  0.0241  0.0244
  0.0244  0.0242  0.0241  0.0258  0.0265  0.0245  0.0253  0.0255  0.0248  0.0253  0.0244  0.0250
  0.0258  0.0253  0.0248  0.0304  0.0302  0.0275  0.0268  0.0271  0.0260  0.0266  0.0248  0.0259
niter,ni,del,rscale     6    3    5.0000    1.2000
parameters
    1.6200    5.9340   10.7759  -14.2123  -10.0806   -2.7159
    9.6873    5.8019   -7.4725    7.5223   -8.2715  -20.7586
eta,q 0.97592 11.16593
  0.0268  0.0268  0.0248  0.0268  0.0281  0.0259  0.0263  0.0276  0.0262  0.0277  0.0250  0.0255
  0.0253  0.0255  0.0243  0.0256  0.0265  0.0251  0.0252  0.0256  0.0251  0.0256  0.0244  0.0246
  0.0244  0.0245  0.0240  0.0246  0.0250  0.0245  0.0244  0.0244  0.0244  0.0244  0.0242  0.0242
  0.0240  0.0240  0.0240  0.0239  0.0239  0.0240  0.0241  0.0241  0.0241  0.0241  0.0241  0.0241
  0.0242  0.0240  0.0242  0.0237  0.0240  0.0238  0.0243  0.0245  0.0243  0.0244  0.0242  0.0244
  0.0250  0.0246  0.0246  0.0247  0.0262  0.0243  0.0253  0.0256  0.0250  0.0252  0.0245  0.0250
  0.0264  0.0257  0.0254  0.0278  0.0298  0.0271  0.0269  0.0271  0.0263  0.0264  0.0250  0.0259
niter,ni,del,rscale     5    3    5.0000    1.2000
parameters
    1.6458    6.1343   10.5664  -14.1260  -10.2452   -2.8226
    9.5874    5.8898   -7.4721    8.1200   -8.3050  -21.1826
eta,q 0.97588 11.16812
  0.0266  0.0266  0.0249  0.0269  0.0281  0.0260  0.0265  0.0275  0.0262  0.0275  0.0250  0.0256
  0.0253  0.0253  0.0244  0.0257  0.0266  0.0252  0.0253  0.0256  0.0251  0.0255  0.0245  0.0247
  0.0244  0.0245  0.0241  0.0247  0.0252  0.0245  0.0245  0.0244  0.0244  0.0244  0.0242  0.0242
  0.0241  0.0241  0.0241  0.0240  0.0240  0.0241  0.0241  0.0241  0.0241  0.0241  0.0241  0.0241
  0.0243  0.0242  0.0242  0.0237  0.0239  0.0238  0.0243  0.0246  0.0243  0.0244  0.0243  0.0244
  0.0252  0.0248  0.0246  0.0246  0.0260  0.0242  0.0253  0.0257  0.0250  0.0252  0.0246  0.0250
  0.0266  0.0259  0.0253  0.0277  0.0295  0.0271  0.0268  0.0272  0.0263  0.0264  0.0250  0.0258
niter,ni,del,rscale     4    3    5.0000    1.2000
parameters
    1.6505    6.2771   10.4166  -14.1118  -10.3738   -2.9170
    9.5679    5.9341   -7.4429    8.5432   -8.3712  -21.4495
eta,q 0.97584 11.16547
  0.0266  0.0264  0.0250  0.0269  0.0282  0.0260  0.0265  0.0275  0.0262  0.0273  0.0251  0.0257
  0.0253  0.0252  0.0245  0.0257  0.0266  0.0252  0.0254  0.0256  0.0251  0.0254  0.0245  0.0248
  0.0244  0.0245  0.0242  0.0247  0.0252  0.0246  0.0246  0.0245  0.0245  0.0244  0.0242  0.0243
  0.0241  0.0241  0.0241  0.0241  0.0241  0.0241  0.0242  0.0242  0.0242  0.0241  0.0242  0.0242
  0.0244  0.0242  0.0243  0.0238  0.0240  0.0238  0.0243  0.0246  0.0243  0.0245  0.0243  0.0244
  0.0252  0.0248  0.0246  0.0247  0.0259  0.0243  0.0253  0.0258  0.0250  0.0252  0.0246  0.0250
  0.0266  0.0260  0.0253  0.0278  0.0295  0.0271  0.0268  0.0272  0.0262  0.0265  0.0250  0.0258
niter,ni,del,rscale     3    3    5.0000    1.2000
parameters
    1.6477    6.3877   10.3011  -14.1352  -10.4895   -3.0283
    9.5729    5.9507   -7.3878    8.8429   -8.4443  -21.6361
eta,q 0.97579 11.15809
  0.0266  0.0263  0.0251  0.0269  0.0282  0.0261  0.0266  0.0275  0.0262  0.0271  0.0251  0.0258
  0.0253  0.0252  0.0246  0.0257  0.0266  0.0253  0.0255  0.0256  0.0252  0.0254  0.0246  0.0249
  0.0245  0.0245  0.0242  0.0248  0.0253  0.0246  0.0246  0.0245  0.0245  0.0244  0.0243  0.0244
  0.0242  0.0242  0.0242  0.0242  0.0242  0.0242  0.0242  0.0242  0.0242  0.0242  0.0242  0.0242
  0.0244  0.0243  0.0243  0.0239  0.0240  0.0238  0.0244  0.0247  0.0244  0.0245  0.0244  0.0245
  0.0253  0.0249  0.0247  0.0248  0.0259  0.0243  0.0253  0.0258  0.0251  0.0253  0.0246  0.0250
  0.0267  0.0260  0.0253  0.0279  0.0295  0.0272  0.0268  0.0272  0.0263  0.0266  0.0251  0.0259
niter,ni,del,rscale     2    3    5.0000    1.2000
parameters
    1.6398    6.4806   10.1985  -14.1721  -10.5963   -3.1437
    9.5828    5.9532   -7.3231    9.0735   -8.5298  -21.7850
eta,q 0.97574 11.14882
  0.0267  0.0263  0.0251  0.0270  0.0282  0.0261  0.0266  0.0275  0.0262  0.0271  0.0251  0.0258
  0.0253  0.0252  0.0246  0.0257  0.0267  0.0253  0.0255  0.0256  0.0252  0.0254  0.0246  0.0249
  0.0245  0.0245  0.0243  0.0248  0.0253  0.0247  0.0247  0.0245  0.0246  0.0245  0.0243  0.0244
  0.0242  0.0242  0.0242  0.0242  0.0242  0.0242  0.0243  0.0243  0.0243  0.0243  0.0243  0.0243
  0.0245  0.0243  0.0243  0.0239  0.0240  0.0239  0.0244  0.0247  0.0244  0.0246  0.0244  0.0245
  0.0253  0.0249  0.0247  0.0249  0.0259  0.0243  0.0253  0.0259  0.0251  0.0253  0.0247  0.0251
  0.0267  0.0261  0.0253  0.0279  0.0295  0.0272  0.0268  0.0273  0.0263  0.0266  0.0251  0.0259
niter,ni,del,rscale     1    3    5.0000    1.2000
parameters
    1.6280    6.5578   10.1158  -14.2117  -10.6865   -3.2467
    9.5867    5.9507   -7.2577    9.2690   -8.5988  -21.9136
eta,q 0.97570 11.14031
  0.0267  0.0263  0.0252  0.0270  0.0282  0.0261  0.0266  0.0275  0.0263  0.0270  0.0252  0.0259
  0.0254  0.0252  0.0247  0.0258  0.0267  0.0253  0.0256  0.0256  0.0253  0.0254  0.0246  0.0250
  0.0245  0.0246  0.0244  0.0249  0.0253  0.0247  0.0247  0.0246  0.0246  0.0245  0.0244  0.0245
  0.0243  0.0243  0.0243  0.0243  0.0243  0.0243  0.0243  0.0243  0.0243  0.0243  0.0243  0.0243
  0.0245  0.0244  0.0244  0.0240  0.0241  0.0239  0.0245  0.0248  0.0244  0.0246  0.0244  0.0246
  0.0254  0.0250  0.0247  0.0249  0.0259  0.0244  0.0254  0.0259  0.0251  0.0254  0.0247  0.0251
  0.0268  0.0261  0.0253  0.0280  0.0294  0.0272  0.0268  0.0273  0.0263  0.0266  0.0251  0.0259
registration optimization eta report
parameter search radius
    2.4000    2.4000    2.4000    9.5220    8.2800    8.2800
    7.2000    7.2000    8.2800    8.2800    8.2800    8.2800
100000*second partial in parameter space
       43.       34.       17.        4.        7.        4.
        5.        6.        3.        4.        1.        2.
  0.0267  0.0263  0.0252  0.0270  0.0282  0.0261  0.0266  0.0275  0.0263  0.0270  0.0252  0.0259
  0.0254  0.0252  0.0247  0.0258  0.0267  0.0253  0.0256  0.0256  0.0253  0.0254  0.0246  0.0250
  0.0245  0.0246  0.0244  0.0249  0.0253  0.0247  0.0247  0.0246  0.0246  0.0245  0.0244  0.0245
  0.0243  0.0243  0.0243  0.0243  0.0243  0.0243  0.0243  0.0243  0.0243  0.0243  0.0243  0.0243
  0.0245  0.0244  0.0244  0.0240  0.0241  0.0239  0.0245  0.0248  0.0244  0.0246  0.0244  0.0246
  0.0254  0.0250  0.0247  0.0249  0.0259  0.0244  0.0254  0.0259  0.0251  0.0254  0.0247  0.0251
  0.0268  0.0261  0.0253  0.0280  0.0294  0.0272  0.0268  0.0273  0.0263  0.0266  0.0251  0.0259
    1.6280    6.5578   10.1158  -14.2117  -10.6865   -3.2467
    9.5867    5.9507   -7.2577    9.2690   -8.5988  -21.9136
eta,q 0.97570 11.14031

---------------------------------------------------------------------
imgreg_4dfp /opt/freesurfer/average/711-2C_as_mni_average_305 /opt/freesurfer/average/711-2B_as_mni_average_305_mask talsrcimg_g11 none talsrcimg_to_711-2C_as_mni_average_305_t4 2311
---------------------------------------------------------------------

freesurfer imgreg_4dfp.c
/opt/freesurfer/average/711-2C_as_mni_average_305.4dfp.img
       256       256       256         1
  1.000000  1.000000  1.000000
orientation T byte_order littleendian
Reading image: /opt/freesurfer/average/711-2C_as_mni_average_305.4dfp.img
dimensions:      256       256       256
mmppix:       1.0000   -1.0000   -1.0000
center:     128.0000 -129.0000 -129.0000
/opt/freesurfer/average/711-2B_as_mni_average_305_mask.4dfp.img
       256       256       256         1
  1.000000  1.000000  1.000000
orientation T byte_order littleendian
Reading mask: /opt/freesurfer/average/711-2B_as_mni_average_305_mask.4dfp.img (2306576 pixels)
talsrcimg_g11.4dfp.img
       256       256       256         1
  1.000000  1.000000  1.000000
orientation T byte_order littleendian
Reading image: talsrcimg_g11.4dfp.img
dimensions:      256       256       256
mmppix:       1.0000   -1.0000   -1.0000
center:     128.0000 -129.0000 -129.0000
fimgreg.f
image alignment mode   2311 decimal      907 hex
parameters
    1.6280    6.5578   10.1158  -14.2117  -10.6865   -3.2467
    9.5867    5.9507   -7.2577    9.2690   -8.5988  -21.9136
eta,q 0.97570 11.14030
niter,ni,del,rscale     5    3    5.0000    0.8000
parameters
    1.6369    6.6770   10.0602  -11.8616  -10.0690   -1.2882
    8.1429    6.7166   -8.0663   10.5745   -7.6064  -22.3711
eta,q 0.97646 11.41647
  0.0254  0.0253  0.0247  0.0253  0.0260  0.0247  0.0243  0.0261  0.0242  0.0253  0.0241  0.0241
  0.0248  0.0248  0.0245  0.0249  0.0252  0.0244  0.0239  0.0248  0.0238  0.0245  0.0238  0.0237
  0.0244  0.0244  0.0243  0.0246  0.0246  0.0241  0.0237  0.0240  0.0237  0.0239  0.0236  0.0236
  0.0243  0.0243  0.0243  0.0243  0.0240  0.0239  0.0238  0.0237  0.0237  0.0236  0.0235  0.0235
  0.0244  0.0243  0.0244  0.0241  0.0239  0.0238  0.0242  0.0238  0.0238  0.0235  0.0236  0.0237
  0.0248  0.0246  0.0245  0.0241  0.0243  0.0237  0.0249  0.0242  0.0242  0.0237  0.0236  0.0239
  0.0254  0.0250  0.0248  0.0243  0.0255  0.0241  0.0259  0.0248  0.0246  0.0241  0.0238  0.0243
niter,ni,del,rscale     4    3    5.0000    0.7000
parameters
    1.7104    6.6040   10.0881  -10.6510   -9.6386   -1.0525
    8.1479    7.1522   -8.1690   10.8496   -6.0351  -22.2724
eta,q 0.97685 11.50691
  0.0245  0.0242  0.0240  0.0245  0.0252  0.0242  0.0243  0.0251  0.0238  0.0243  0.0238  0.0238
  0.0240  0.0238  0.0237  0.0242  0.0245  0.0239  0.0237  0.0240  0.0235  0.0237  0.0235  0.0234
  0.0237  0.0236  0.0236  0.0239  0.0239  0.0236  0.0233  0.0234  0.0233  0.0234  0.0233  0.0232
  0.0235  0.0235  0.0235  0.0235  0.0234  0.0233  0.0232  0.0232  0.0232  0.0232  0.0232  0.0231
  0.0236  0.0236  0.0236  0.0233  0.0232  0.0231  0.0233  0.0233  0.0233  0.0232  0.0232  0.0232
  0.0239  0.0239  0.0237  0.0234  0.0237  0.0234  0.0237  0.0237  0.0235  0.0235  0.0232  0.0234
  0.0244  0.0244  0.0239  0.0239  0.0249  0.0244  0.0243  0.0244  0.0239  0.0241  0.0233  0.0237
niter,ni,del,rscale     3    3    5.0000    0.6000
parameters
    1.5984    6.5395    9.9397   -9.9776   -9.3835   -0.4702
    8.4287    7.1352   -8.3249   10.9212   -4.8666  -22.0380
eta,q 0.97719 11.56025
  0.0238  0.0237  0.0234  0.0242  0.0246  0.0240  0.0239  0.0242  0.0234  0.0238  0.0234  0.0234
  0.0234  0.0234  0.0232  0.0238  0.0240  0.0237  0.0234  0.0234  0.0231  0.0233  0.0231  0.0231
  0.0232  0.0232  0.0232  0.0234  0.0234  0.0234  0.0230  0.0230  0.0229  0.0230  0.0229  0.0229
  0.0231  0.0231  0.0231  0.0231  0.0230  0.0230  0.0229  0.0228  0.0228  0.0228  0.0228  0.0228
  0.0233  0.0232  0.0232  0.0230  0.0230  0.0228  0.0229  0.0230  0.0229  0.0229  0.0228  0.0229
  0.0236  0.0235  0.0234  0.0232  0.0234  0.0230  0.0232  0.0234  0.0231  0.0232  0.0229  0.0230
  0.0241  0.0239  0.0236  0.0238  0.0244  0.0238  0.0236  0.0242  0.0234  0.0237  0.0230  0.0232
niter,ni,del,rscale     2    3    5.0000    0.5000
parameters
    1.4682    6.4375   10.0170   -9.6993   -9.1981   -0.1846
    8.7942    6.8555   -8.5124   10.6843   -4.3862  -21.6979
eta,q 0.97733 11.58040
  0.0233  0.0232  0.0232  0.0237  0.0240  0.0237  0.0235  0.0235  0.0230  0.0233  0.0230  0.0231
  0.0230  0.0230  0.0230  0.0233  0.0235  0.0234  0.0231  0.0230  0.0228  0.0229  0.0228  0.0229
  0.0228  0.0228  0.0228  0.0230  0.0230  0.0230  0.0228  0.0227  0.0227  0.0227  0.0227  0.0227
  0.0228  0.0228  0.0228  0.0228  0.0228  0.0227  0.0227  0.0227  0.0227  0.0227  0.0227  0.0227
  0.0229  0.0229  0.0228  0.0228  0.0228  0.0227  0.0227  0.0228  0.0227  0.0228  0.0227  0.0227
  0.0232  0.0231  0.0229  0.0230  0.0231  0.0230  0.0229  0.0233  0.0229  0.0231  0.0227  0.0228
  0.0236  0.0234  0.0231  0.0235  0.0239  0.0236  0.0232  0.0239  0.0231  0.0235  0.0228  0.0230
niter,ni,del,rscale     1    3    5.0000    0.4000
parameters
    1.3628    6.3111   10.1284   -9.5637   -9.0075    0.0530
    8.9613    6.6637   -8.5661   10.3336   -4.1971  -21.3841
eta,q 0.97743 11.59296
  0.0230  0.0229  0.0229  0.0233  0.0235  0.0234  0.0231  0.0232  0.0228  0.0229  0.0228  0.0229
  0.0228  0.0227  0.0228  0.0230  0.0231  0.0231  0.0228  0.0228  0.0227  0.0227  0.0227  0.0227
  0.0227  0.0227  0.0227  0.0228  0.0228  0.0228  0.0227  0.0226  0.0226  0.0226  0.0226  0.0226
  0.0227  0.0227  0.0226  0.0226  0.0226  0.0226  0.0226  0.0226  0.0226  0.0226  0.0226  0.0226
  0.0228  0.0227  0.0227  0.0226  0.0226  0.0226  0.0226  0.0227  0.0226  0.0227  0.0226  0.0226
  0.0229  0.0229  0.0227  0.0228  0.0229  0.0228  0.0227  0.0230  0.0227  0.0229  0.0226  0.0226
  0.0232  0.0231  0.0228  0.0232  0.0233  0.0232  0.0230  0.0234  0.0229  0.0232  0.0227  0.0228
registration optimization eta report
parameter search radius
    0.8000    0.8000    0.8000    2.4000    2.4000    2.4000
    2.4000    2.4000    2.4000    2.4000    2.4000    2.4000
100000*second partial in parameter space
       66.       54.       36.       10.       13.       12.
        8.       12.        5.        8.        3.        4.
  0.0230  0.0229  0.0229  0.0233  0.0235  0.0234  0.0231  0.0232  0.0228  0.0229  0.0228  0.0229
  0.0228  0.0227  0.0228  0.0230  0.0231  0.0231  0.0228  0.0228  0.0227  0.0227  0.0227  0.0227
  0.0227  0.0227  0.0227  0.0228  0.0228  0.0228  0.0227  0.0226  0.0226  0.0226  0.0226  0.0226
  0.0227  0.0227  0.0226  0.0226  0.0226  0.0226  0.0226  0.0226  0.0226  0.0226  0.0226  0.0226
  0.0228  0.0227  0.0227  0.0226  0.0226  0.0226  0.0226  0.0227  0.0226  0.0227  0.0226  0.0226
  0.0229  0.0229  0.0227  0.0228  0.0229  0.0228  0.0227  0.0230  0.0227  0.0229  0.0226  0.0226
  0.0232  0.0231  0.0228  0.0232  0.0233  0.0232  0.0230  0.0234  0.0229  0.0232  0.0227  0.0228
    1.3628    6.3111   10.1284   -9.5637   -9.0075    0.0530
    8.9613    6.6637   -8.5661   10.3336   -4.1971  -21.3841
eta,q 0.97743 11.59296

---------------------------------------------------------------------
imgreg_4dfp /opt/freesurfer/average/711-2C_as_mni_average_305 /opt/freesurfer/average/711-2B_as_mni_average_305_mask talsrcimg_g11 none talsrcimg_to_711-2C_as_mni_average_305_t4 2311
---------------------------------------------------------------------

freesurfer imgreg_4dfp.c
/opt/freesurfer/average/711-2C_as_mni_average_305.4dfp.img
       256       256       256         1
  1.000000  1.000000  1.000000
orientation T byte_order littleendian
Reading image: /opt/freesurfer/average/711-2C_as_mni_average_305.4dfp.img
dimensions:      256       256       256
mmppix:       1.0000   -1.0000   -1.0000
center:     128.0000 -129.0000 -129.0000
/opt/freesurfer/average/711-2B_as_mni_average_305_mask.4dfp.img
       256       256       256         1
  1.000000  1.000000  1.000000
orientation T byte_order littleendian
Reading mask: /opt/freesurfer/average/711-2B_as_mni_average_305_mask.4dfp.img (2306576 pixels)
talsrcimg_g11.4dfp.img
       256       256       256         1
  1.000000  1.000000  1.000000
orientation T byte_order littleendian
Reading image: talsrcimg_g11.4dfp.img
dimensions:      256       256       256
mmppix:       1.0000   -1.0000   -1.0000
center:     128.0000 -129.0000 -129.0000
fimgreg.f
image alignment mode   2311 decimal      907 hex
parameters
    1.3628    6.3111   10.1284   -9.5637   -9.0075    0.0530
    8.9613    6.6637   -8.5661   10.3336   -4.1971  -21.3841
eta,q 0.97743 11.59296
niter,ni,del,rscale     5    3    5.0000    0.8000
parameters
    1.3247    6.1207   10.2610  -10.3461   -9.2670   -0.4468
    9.4019    6.3202   -8.6870    9.6841   -4.4847  -21.1586
eta,q 0.97722 11.53921
  0.0242  0.0236  0.0237  0.0240  0.0248  0.0242  0.0245  0.0246  0.0236  0.0239  0.0232  0.0237
  0.0233  0.0230  0.0231  0.0234  0.0240  0.0238  0.0237  0.0235  0.0231  0.0232  0.0230  0.0232
  0.0227  0.0226  0.0227  0.0229  0.0232  0.0232  0.0231  0.0230  0.0229  0.0228  0.0228  0.0229
  0.0226  0.0226  0.0226  0.0226  0.0227  0.0227  0.0228  0.0228  0.0228  0.0228  0.0228  0.0228
  0.0228  0.0228  0.0226  0.0228  0.0228  0.0228  0.0229  0.0231  0.0229  0.0231  0.0229  0.0229
  0.0234  0.0234  0.0229  0.0240  0.0239  0.0238  0.0233  0.0239  0.0232  0.0237  0.0230  0.0231
  0.0244  0.0243  0.0233  0.0261  0.0258  0.0258  0.0240  0.0253  0.0237  0.0247  0.0233  0.0235
niter,ni,del,rscale     4    3    5.0000    0.7000
parameters
    1.3495    6.0875   10.2123  -10.3043   -9.1269   -0.3765
    9.1938    6.4251   -8.6680    9.5991   -4.6003  -21.1289
eta,q 0.97728 11.54629
  0.0239  0.0236  0.0233  0.0240  0.0247  0.0239  0.0238  0.0245  0.0234  0.0239  0.0231  0.0234
  0.0233  0.0232  0.0230  0.0236  0.0239  0.0236  0.0232  0.0235  0.0230  0.0232  0.0229  0.0230
  0.0229  0.0229  0.0228  0.0231  0.0232  0.0232  0.0228  0.0229  0.0228  0.0228  0.0228  0.0228
  0.0228  0.0228  0.0228  0.0228  0.0228  0.0227  0.0227  0.0227  0.0227  0.0227  0.0227  0.0227
  0.0229  0.0229  0.0229  0.0227  0.0228  0.0226  0.0229  0.0228  0.0228  0.0229  0.0228  0.0228
  0.0233  0.0232  0.0231  0.0232  0.0234  0.0231  0.0233  0.0234  0.0230  0.0233  0.0229  0.0230
  0.0239  0.0238  0.0234  0.0243  0.0248  0.0243  0.0241  0.0243  0.0234  0.0240  0.0231  0.0233
niter,ni,del,rscale     3    3    5.0000    0.6000
parameters
    1.3608    6.0539   10.2279  -10.0402   -8.9680   -0.1284
    9.0602    6.5270   -8.6079    9.5984   -4.4601  -21.0479
eta,q 0.97740 11.56830
  0.0236  0.0234  0.0232  0.0238  0.0243  0.0237  0.0235  0.0240  0.0232  0.0236  0.0230  0.0231
  0.0231  0.0230  0.0229  0.0234  0.0236  0.0234  0.0230  0.0232  0.0229  0.0230  0.0228  0.0228
  0.0228  0.0228  0.0228  0.0230  0.0230  0.0230  0.0227  0.0228  0.0227  0.0227  0.0226  0.0227
  0.0227  0.0227  0.0227  0.0227  0.0227  0.0227  0.0226  0.0226  0.0226  0.0226  0.0226  0.0226
  0.0228  0.0228  0.0228  0.0227  0.0227  0.0225  0.0227  0.0227  0.0227  0.0227  0.0226  0.0227
  0.0231  0.0231  0.0229  0.0229  0.0232  0.0229  0.0231  0.0231  0.0228  0.0230  0.0227  0.0228
  0.0235  0.0235  0.0231  0.0237  0.0242  0.0238  0.0236  0.0239  0.0231  0.0236  0.0229  0.0231
niter,ni,del,rscale     2    3    5.0000    0.5000
parameters
    1.3379    6.0074   10.2587   -9.8171   -8.8356    0.1033
    9.0344    6.5479   -8.5610    9.5245   -4.3323  -20.9087
eta,q 0.97748 11.58513
  0.0232  0.0231  0.0229  0.0235  0.0238  0.0235  0.0232  0.0235  0.0229  0.0232  0.0228  0.0229
  0.0229  0.0228  0.0228  0.0231  0.0233  0.0232  0.0228  0.0230  0.0227  0.0228  0.0226  0.0227
  0.0227  0.0226  0.0226  0.0228  0.0228  0.0228  0.0226  0.0226  0.0226  0.0226  0.0226  0.0226
  0.0226  0.0226  0.0226  0.0226  0.0226  0.0226  0.0225  0.0225  0.0225  0.0225  0.0225  0.0225
  0.0227  0.0227  0.0226  0.0226  0.0226  0.0225  0.0226  0.0226  0.0226  0.0226  0.0225  0.0226
  0.0229  0.0229  0.0227  0.0228  0.0230  0.0228  0.0228  0.0229  0.0227  0.0229  0.0226  0.0227
  0.0232  0.0232  0.0229  0.0234  0.0237  0.0234  0.0232  0.0235  0.0229  0.0233  0.0227  0.0228
niter,ni,del,rscale     1    3    5.0000    0.4000
parameters
    1.3097    5.9509   10.3151   -9.6706   -8.7098    0.2954
    9.0333    6.5350   -8.5349    9.4034   -4.2590  -20.7540
eta,q 0.97753 11.59723
  0.0229  0.0228  0.0228  0.0231  0.0233  0.0232  0.0229  0.0231  0.0228  0.0229  0.0226  0.0227
  0.0227  0.0226  0.0226  0.0229  0.0230  0.0229  0.0227  0.0228  0.0226  0.0227  0.0226  0.0226
  0.0226  0.0225  0.0225  0.0226  0.0227  0.0227  0.0225  0.0225  0.0225  0.0225  0.0225  0.0225
  0.0225  0.0225  0.0225  0.0225  0.0225  0.0225  0.0225  0.0225  0.0225  0.0225  0.0225  0.0225
  0.0226  0.0226  0.0225  0.0225  0.0225  0.0225  0.0225  0.0225  0.0225  0.0225  0.0225  0.0225
  0.0227  0.0227  0.0226  0.0227  0.0228  0.0227  0.0227  0.0228  0.0226  0.0227  0.0225  0.0226
  0.0230  0.0229  0.0227  0.0231  0.0233  0.0231  0.0229  0.0232  0.0227  0.0230  0.0226  0.0227
registration optimization eta report
parameter search radius
    0.8000    0.8000    0.8000    2.4000    2.4000    2.4000
    2.4000    2.4000    2.4000    2.4000    2.4000    2.4000
100000*second partial in parameter space
       66.       54.       36.       10.       14.       12.
        8.       12.        5.        9.        3.        4.
  0.0229  0.0228  0.0228  0.0231  0.0233  0.0232  0.0229  0.0231  0.0228  0.0229  0.0226  0.0227
  0.0227  0.0226  0.0226  0.0229  0.0230  0.0229  0.0227  0.0228  0.0226  0.0227  0.0226  0.0226
  0.0226  0.0225  0.0225  0.0226  0.0227  0.0227  0.0225  0.0225  0.0225  0.0225  0.0225  0.0225
  0.0225  0.0225  0.0225  0.0225  0.0225  0.0225  0.0225  0.0225  0.0225  0.0225  0.0225  0.0225
  0.0226  0.0226  0.0225  0.0225  0.0225  0.0225  0.0225  0.0225  0.0225  0.0225  0.0225  0.0225
  0.0227  0.0227  0.0226  0.0227  0.0228  0.0227  0.0227  0.0228  0.0226  0.0227  0.0225  0.0226
  0.0230  0.0229  0.0227  0.0231  0.0233  0.0231  0.0229  0.0232  0.0227  0.0230  0.0226  0.0227
    1.3097    5.9509   10.3151   -9.6706   -8.7098    0.2954
    9.0333    6.5350   -8.5349    9.4034   -4.2590  -20.7540
eta,q 0.97753 11.59723

---------------------------------------------------------------------
compute_vox2vox talsrcimg talsrcimg_to_711-2C_as_mni_average_305_t4 /opt/freesurfer/average/711-2C_as_mni_average_305
---------------------------------------------------------------------

freesurfer compute_vox2vox.c
Reading: talsrcimg.4dfp.ifh
Reading: talsrcimg_to_711-2C_as_mni_average_305_t4
Reading: /opt/freesurfer/average/711-2C_as_mni_average_305.4dfp.ifh
Writing: talsrcimg_to_711-2C_as_mni_average_305_t4_vox2vox.txt

start time Thu Mar 12 10:41:49 CET 2026
end		time Thu Mar 12 10:43:17 CET 2026

mpr2mni305 success

avi2talxfm orig_nu.mgz /opt/freesurfer/average/mni305.cor.mgz talsrcimg_to_711-2C_as_mni_average_305_t4_vox2vox.txt transforms/talairach.auto.xfm
avi2talxfm done
mv -f /out/sourcedata/freesurfer/sub-v1s11x0050157_ses-1/mri/talsrcimg_to_711-2C_as_mni_average_305_t4_vox2vox.txt /out/sourcedata/freesurfer/sub-v1s11x0050157_ses-1/mri/transforms/talsrcimg_to_711-2C_as_mni_average_305_t4_vox2vox.txt
lta_convert --src orig_nu.mgz --trg /opt/freesurfer/average/mni305.cor.mgz --inxfm transforms/talairach.auto.xfm --outlta transforms/talairach.auto.xfm.lta --subject fsaverage
7.3.2

--src: orig_nu.mgz src image (geometry).
--trg: /opt/freesurfer/average/mni305.cor.mgz trg image (geometry).
--inmni: transforms/talairach.auto.xfm input MNI/XFM transform.
--outlta: transforms/talairach.auto.xfm.lta output LTA.
--s: fsaverage subject name
 LTA read, type : 1
 1.09274  -0.05979  -0.12172  -1.25687;
 0.06613   0.97263   0.21457  -26.37794;
 0.09535  -0.10578   1.06193  -2.13501;
 0.00000   0.00000   0.00000   1.00000;
setting subject to fsaverage
Writing  LTA to file transforms/talairach.auto.xfm.lta...
lta_convert successful.
 
 
Started at Thu Mar 12 10:41:49 CET 2026
Ended   at Thu Mar 12 10:43:17 CET 2026
talairach_avi done
