status file for recon-all
Thu Mar 12 13:11:26 CET 2026
#@# Tessellate rh Thu Mar 12 13:11:26 CET 2026
#@# Smooth1 rh Thu Mar 12 13:11:30 CET 2026
#@# Inflation1 rh Thu Mar 12 13:11:32 CET 2026
#@# QSphere rh Thu Mar 12 13:11:45 CET 2026
#@# Fix Topology rh Thu Mar 12 13:13:00 CET 2026
#@# Smooth2 rh Thu Mar 12 13:18:26 CET 2026
#@# Inflation2 rh Thu Mar 12 13:18:29 CET 2026
#@# Curv .H and .K rh Thu Mar 12 13:18:43 CET 2026
#@# Sphere rh Thu Mar 12 13:19:27 CET 2026
#@# Surf Reg rh Thu Mar 12 13:22:57 CET 2026
#@# Jacobian white rh Thu Mar 12 13:26:39 CET 2026
#@# AvgCurv rh Thu Mar 12 13:26:40 CET 2026
#@# Cortical Parc rh Thu Mar 12 13:26:41 CET 2026
#@# white curv rh Thu Mar 12 13:32:54 CET 2026
#@# white area rh Thu Mar 12 13:32:56 CET 2026
#@# pial curv rh Thu Mar 12 13:32:57 CET 2026
#@# pial area rh Thu Mar 12 13:32:59 CET 2026
#@# thickness rh Thu Mar 12 13:33:00 CET 2026
#@# area and vertex vol rh Thu Mar 12 13:33:28 CET 2026
#@# Curvature Stats rh Thu Mar 12 13:33:29 CET 2026
#@# Cortical Parc 2 rh Thu Mar 12 13:33:32 CET 2026
#@# Cortical Parc 3 rh Thu Mar 12 13:33:44 CET 2026
#@# WM/GM Contrast rh Thu Mar 12 13:33:53 CET 2026
recon-all -s sub-v1s11x0050165_ses-1 finished without error at Thu Mar 12 13:33:56 CET 2026



#New# invocation of recon-all 



status file for recon-all
Thu Mar 12 13:41:36 CET 2026
#@# white curv rh Thu Mar 12 13:41:36 CET 2026
#@# white area rh Thu Mar 12 13:41:36 CET 2026
#@# pial curv rh Thu Mar 12 13:41:36 CET 2026
#@# pial area rh Thu Mar 12 13:41:36 CET 2026
#@# thickness rh Thu Mar 12 13:41:36 CET 2026
#@# area and vertex vol rh Thu Mar 12 13:41:36 CET 2026
#@# Parcellation Stats rh Thu Mar 12 13:41:36 CET 2026
#@# Parcellation Stats 2 rh Thu Mar 12 13:41:54 CET 2026
#@# Parcellation Stats 3 rh Thu Mar 12 13:42:03 CET 2026
#@# BA_exvivo Labels rh Thu Mar 12 13:42:12 CET 2026
recon-all -s sub-v1s11x0050165_ses-1 finished without error at Thu Mar 12 13:44:53 CET 2026
