status file for recon-all
Thu Mar 12 11:00:33 CET 2026
#@# MotionCor Thu Mar 12 11:00:34 CET 2026
#@# Talairach Thu Mar 12 11:00:41 CET 2026
#@# Talairach Failure Detection Thu Mar 12 11:05:05 CET 2026
#@# Nu Intensity Correction Thu Mar 12 11:05:05 CET 2026
#@# Intensity Normalization Thu Mar 12 11:08:22 CET 2026
recon-all -s sub-v1s11x0050165_ses-1 finished without error at Thu Mar 12 11:09:40 CET 2026



#New# invocation of recon-all 



status file for recon-all
Thu Mar 12 11:16:27 CET 2026
#@# EM Registration Thu Mar 12 11:16:27 CET 2026
recon-all -s sub-v1s11x0050165_ses-1 finished without error at Thu Mar 12 11:18:11 CET 2026



#New# invocation of recon-all 



status file for recon-all
Thu Mar 12 11:18:13 CET 2026
#@# CA Normalize Thu Mar 12 11:18:13 CET 2026
#@# CA Reg Thu Mar 12 11:19:33 CET 2026
#@# SubCort Seg Thu Mar 12 12:15:22 CET 2026
#@# CC Seg Thu Mar 12 12:44:18 CET 2026
#@# Merge ASeg Thu Mar 12 12:44:58 CET 2026
#@# Intensity Normalization2 Thu Mar 12 12:44:58 CET 2026
#@# Mask BFS Thu Mar 12 12:47:10 CET 2026
#@# WM Segmentation Thu Mar 12 12:47:11 CET 2026
#@# Fill Thu Mar 12 12:49:03 CET 2026
recon-all -s sub-v1s11x0050165_ses-1 finished without error at Thu Mar 12 12:50:04 CET 2026



#New# invocation of recon-all 



status file for recon-all
Thu Mar 12 13:34:00 CET 2026
#@# white curv lh Thu Mar 12 13:34:00 CET 2026
#@# white area lh Thu Mar 12 13:34:00 CET 2026
#@# pial curv lh Thu Mar 12 13:34:00 CET 2026
#@# pial area lh Thu Mar 12 13:34:00 CET 2026
#@# thickness lh Thu Mar 12 13:34:00 CET 2026
#@# area and vertex vol lh Thu Mar 12 13:34:00 CET 2026
#@# white curv rh Thu Mar 12 13:34:00 CET 2026
#@# white area rh Thu Mar 12 13:34:00 CET 2026
#@# pial curv rh Thu Mar 12 13:34:00 CET 2026
#@# pial area rh Thu Mar 12 13:34:00 CET 2026
#@# thickness rh Thu Mar 12 13:34:00 CET 2026
#@# area and vertex vol rh Thu Mar 12 13:34:00 CET 2026
#@# Cortical ribbon mask Thu Mar 12 13:34:00 CET 2026
recon-all -s sub-v1s11x0050165_ses-1 finished without error at Thu Mar 12 13:38:18 CET 2026



#New# invocation of recon-all 



status file for recon-all
Thu Mar 12 13:44:58 CET 2026
#@# white curv lh Thu Mar 12 13:44:58 CET 2026
#@# white area lh Thu Mar 12 13:44:58 CET 2026
#@# pial curv lh Thu Mar 12 13:44:58 CET 2026
#@# pial area lh Thu Mar 12 13:44:58 CET 2026
#@# thickness lh Thu Mar 12 13:44:58 CET 2026
#@# area and vertex vol lh Thu Mar 12 13:44:58 CET 2026
#@# white curv rh Thu Mar 12 13:44:58 CET 2026
#@# white area rh Thu Mar 12 13:44:58 CET 2026
#@# pial curv rh Thu Mar 12 13:44:58 CET 2026
#@# pial area rh Thu Mar 12 13:44:58 CET 2026
#@# thickness rh Thu Mar 12 13:44:58 CET 2026
#@# area and vertex vol rh Thu Mar 12 13:44:58 CET 2026
#@# Curvature Stats lh Thu Mar 12 13:44:58 CET 2026
#@# Curvature Stats rh Thu Mar 12 13:45:01 CET 2026
#@# Relabel Hypointensities Thu Mar 12 13:45:03 CET 2026
#@# APas-to-ASeg Thu Mar 12 13:45:19 CET 2026
#@# AParc-to-ASeg aparc Thu Mar 12 13:45:27 CET 2026
#@# AParc-to-ASeg aparc.a2009s Thu Mar 12 13:46:09 CET 2026
#@# AParc-to-ASeg aparc.DKTatlas Thu Mar 12 13:46:52 CET 2026
#@# WMParc Thu Mar 12 13:47:38 CET 2026
#@# ASeg Stats Thu Mar 12 13:51:24 CET 2026
recon-all -s sub-v1s11x0050165_ses-1 finished without error at Thu Mar 12 13:52:04 CET 2026
