status file for recon-all
Thu Mar 12 12:50:08 CET 2026
#@# Tessellate lh Thu Mar 12 12:50:08 CET 2026
#@# Smooth1 lh Thu Mar 12 12:50:11 CET 2026
#@# Inflation1 lh Thu Mar 12 12:50:14 CET 2026
#@# QSphere lh Thu Mar 12 12:50:26 CET 2026
#@# Fix Topology lh Thu Mar 12 12:51:44 CET 2026
#@# Smooth2 lh Thu Mar 12 12:57:14 CET 2026
#@# Inflation2 lh Thu Mar 12 12:57:17 CET 2026
#@# Curv .H and .K lh Thu Mar 12 12:57:31 CET 2026
#@# Sphere lh Thu Mar 12 12:58:13 CET 2026
#@# Surf Reg lh Thu Mar 12 13:00:45 CET 2026
#@# Jacobian white lh Thu Mar 12 13:04:07 CET 2026
#@# AvgCurv lh Thu Mar 12 13:04:08 CET 2026
#@# Cortical Parc lh Thu Mar 12 13:04:09 CET 2026
#@# white curv lh Thu Mar 12 13:10:21 CET 2026
#@# white area lh Thu Mar 12 13:10:23 CET 2026
#@# pial curv lh Thu Mar 12 13:10:24 CET 2026
#@# pial area lh Thu Mar 12 13:10:25 CET 2026
#@# thickness lh Thu Mar 12 13:10:26 CET 2026
#@# area and vertex vol lh Thu Mar 12 13:10:55 CET 2026
#@# Curvature Stats lh Thu Mar 12 13:10:57 CET 2026
#@# Cortical Parc 2 lh Thu Mar 12 13:10:59 CET 2026
#@# Cortical Parc 3 lh Thu Mar 12 13:11:12 CET 2026
#@# WM/GM Contrast lh Thu Mar 12 13:11:22 CET 2026
recon-all -s sub-v1s11x0050165_ses-1 finished without error at Thu Mar 12 13:11:24 CET 2026



#New# invocation of recon-all 



status file for recon-all
Thu Mar 12 13:38:23 CET 2026
#@# white curv lh Thu Mar 12 13:38:23 CET 2026
#@# white area lh Thu Mar 12 13:38:23 CET 2026
#@# pial curv lh Thu Mar 12 13:38:23 CET 2026
#@# pial area lh Thu Mar 12 13:38:23 CET 2026
#@# thickness lh Thu Mar 12 13:38:23 CET 2026
#@# area and vertex vol lh Thu Mar 12 13:38:23 CET 2026
#@# Parcellation Stats lh Thu Mar 12 13:38:23 CET 2026
#@# Parcellation Stats 2 lh Thu Mar 12 13:38:41 CET 2026
#@# Parcellation Stats 3 lh Thu Mar 12 13:38:50 CET 2026
#@# BA_exvivo Labels lh Thu Mar 12 13:38:58 CET 2026
recon-all -s sub-v1s11x0050165_ses-1 finished without error at Thu Mar 12 13:41:34 CET 2026
