/out/sourcedata/freesurfer/sub-v1s11x0050153_ses-1/mri
/opt/freesurfer/bin/talairach_avi
--i orig_nu.mgz --xfm transforms/talairach.auto.xfm
talairach_avi 7.3.2
Linux dna056 5.14.0-427.37.1.el9_4.x86_64 #1 SMP PREEMPT_DYNAMIC Fri Sep 13 12:41:50 EDT 2024 x86_64 x86_64 x86_64 GNU/Linux
Thu Mar 12 10:20:30 CET 2026
mri_convert orig_nu.mgz talsrcimg.img 
reading from orig_nu.mgz...
TR=0.00, TE=0.00, TI=0.00, flip angle=0.00
i_ras = (-1, 7.32143e-10, -9.31323e-10)
j_ras = (0, 5.82077e-11, -1)
k_ras = (-7.32143e-10, 1, 0)
writing to talsrcimg.img...
Analyze Output Matrix
-1.00000   0.00000  -0.00000   131.33267;
 0.00000   0.00000   1.00000  -130.87540;
-0.00000  -1.00000   0.00000   144.96274;
 0.00000   0.00000   0.00000   1.00000;
--------------------
INFO: set hdr.hist.orient to -1
mpr2mni305 talsrcimg
Thu Mar 12 10:20:30 CET 2026
/opt/freesurfer/bin/mpr2mni305 talsrcimg
mpr2mni305 7.3.2
target=711-2C_as_mni_average_305

---------------------------------------------------------------------
analyzeto4dfp talsrcimg -O0 -y
---------------------------------------------------------------------

freesurfer ifh2hdr.c
Thu Mar 12 10:20:31 2026
Writing: talsrcimg.4dfp.hdr
freesurfer analyzeto4dfp.c
Reading: talsrcimg.hdr
header size 348 bytes
hdr.dime.datatype	offset=70	value=2
hdr.dime.bitpix		offset=72	value=8
hdr.hist.orient		offset=252	value=-1
dimensionality     4
dimensions       256       256       256         1
Reading: talsrcimg.img
Writing: talsrcimg.4dfp.img
Writing: talsrcimg.4dfp.ifh
ifh2hdr talsrcimg -r0to223
ori=2

---------------------------------------------------------------------
gauss_4dfp talsrcimg 1.1
---------------------------------------------------------------------

freesurfer gauss_4dfp.c
Reading: talsrcimg.4dfp.img
Writing: talsrcimg_g11.4dfp.img
image dimensions 256 256 256 padded to 288 288 288
processing volume 1freesurfer ifh2hdr.c
Thu Mar 12 10:20:32 2026
Writing: talsrcimg_g11.4dfp.hdr

Writing: talsrcimg_g11.4dfp.ifh
including: talsrcimg.4dfp.img.rec in talsrcimg_g11.4dfp.img.rec

---------------------------------------------------------------------
imgreg_4dfp /opt/freesurfer/average/711-2C_as_mni_average_305 none talsrcimg_g11 none talsrcimg_to_711-2C_as_mni_average_305_t4 4355
---------------------------------------------------------------------

freesurfer imgreg_4dfp.c
/opt/freesurfer/average/711-2C_as_mni_average_305.4dfp.img
       256       256       256         1
  1.000000  1.000000  1.000000
orientation T byte_order littleendian
Reading image: /opt/freesurfer/average/711-2C_as_mni_average_305.4dfp.img
dimensions:      256       256       256
mmppix:       1.0000   -1.0000   -1.0000
center:     128.0000 -129.0000 -129.0000
talsrcimg_g11.4dfp.img
       256       256       256         1
  1.000000  1.000000  1.000000
orientation T byte_order littleendian
Reading image: talsrcimg_g11.4dfp.img
dimensions:      256       256       256
mmppix:       1.0000   -1.0000   -1.0000
center:     128.0000 -129.0000 -129.0000
t4_read: open error in t4_sub.f l:  41 t4_file(1:l)talsrcimg_to_711-2C_as_mni_average_305_t4 
t4_read: transform initialized to I4
rotation matrix determinant  1.000000
image alignment mode   4355 decimal     1103 hex
   -7.5000  -45.0000  -45.0000 8763.0967   15.3124
    0.0000  -45.0000  -45.0000 9188.6641   15.3304
    7.5000  -45.0000  -45.0000 8825.1445   15.3556
   -7.5000  -37.5000  -45.0000 9254.4590   15.2683
    0.0000  -37.5000  -45.0000 9715.7168   15.2878
    7.5000  -37.5000  -45.0000 9324.9473   15.3134
   -7.5000  -30.0000  -45.000010008.0107   15.2559
    0.0000  -30.0000  -45.000010500.0811   15.2744
    7.5000  -30.0000  -45.000010093.3135   15.2962
   -7.5000  -22.5000  -45.000010696.4629   15.2566
    0.0000  -22.5000  -45.000011232.3633   15.2741
    7.5000  -22.5000  -45.000010802.1846   15.2919
   -7.5000  -15.0000  -45.000011320.4199   15.2638
    0.0000  -15.0000  -45.000011891.9297   15.2816
    7.5000  -15.0000  -45.000011412.4355   15.2984
   -7.5000   -7.5000  -45.000011905.2764   15.2742
    0.0000   -7.5000  -45.000012501.5938   15.2913
    7.5000   -7.5000  -45.000011971.3760   15.3119
   -7.5000    0.0000  -45.000012319.7197   15.2778
    0.0000    0.0000  -45.000012911.1006   15.2955
    7.5000    0.0000  -45.000012365.6592   15.3209
   -7.5000    7.5000  -45.000011828.7051   15.2667
    0.0000    7.5000  -45.000012382.7422   15.2862
    7.5000    7.5000  -45.000011874.6191   15.3118
   -7.5000   15.0000  -45.000011254.6699   15.2559
    0.0000   15.0000  -45.000011784.6377   15.2744
    7.5000   15.0000  -45.000011284.5479   15.2962
   -7.5000   22.5000  -45.000010423.1260   15.2545
    0.0000   22.5000  -45.000010931.0264   15.2720
    7.5000   22.5000  -45.000010442.7148   15.2898
   -7.5000   30.0000  -45.0000 9488.9609   15.0604
    0.0000   30.0000  -45.0000 9933.2422   15.0780
    7.5000   30.0000  -45.0000 9470.6777   15.0946
   -7.5000   37.5000  -45.0000 8967.8086   15.0707
    0.0000   37.5000  -45.0000 9367.5645   15.0875
    7.5000   37.5000  -45.0000 8929.8877   15.1079
   -7.5000   45.0000  -45.0000 8096.0430   14.7008
    0.0000   45.0000  -45.0000 8450.5654   14.7179
    7.5000   45.0000  -45.0000 8074.7129   14.7423
   -7.5000  -45.0000  -37.5000 9310.2910   15.3469
    0.0000  -45.0000  -37.5000 9800.9941   15.3552
    7.5000  -45.0000  -37.5000 9389.7158   15.3695
   -7.5000  -37.5000  -37.5000 9807.1270   15.3063
    0.0000  -37.5000  -37.500010330.4717   15.3173
    7.5000  -37.5000  -37.5000 9893.0723   15.3347
   -7.5000  -30.0000  -37.500010588.7490   15.2910
    0.0000  -30.0000  -37.500011145.1670   15.3005
    7.5000  -30.0000  -37.500010692.5078   15.3158
   -7.5000  -22.5000  -37.500011299.7842   15.2844
    0.0000  -22.5000  -37.500011886.2412   15.2912
    7.5000  -22.5000  -37.500011399.4912   15.3011
   -7.5000  -15.0000  -37.500011952.5713   15.2865
    0.0000  -15.0000  -37.500012564.5127   15.2919
    7.5000  -15.0000  -37.500012022.3838   15.2983
   -7.5000   -7.5000  -37.500012580.9844   15.3005
    0.0000   -7.5000  -37.500013194.1719   15.3057
    7.5000   -7.5000  -37.500012620.5928   15.3145
   -7.5000    0.0000  -37.500013004.2930   15.3121
    0.0000    0.0000  -37.500013615.3975   15.3201
    7.5000    0.0000  -37.500013039.1650   15.3346
   -7.5000    7.5000  -37.500012480.8154   15.3047
    0.0000    7.5000  -37.500013039.9736   15.3157
    7.5000    7.5000  -37.500012479.1240   15.3331
   -7.5000   15.0000  -37.500011855.2393   15.2910
    0.0000   15.0000  -37.500012416.6533   15.3005
    7.5000   15.0000  -37.500011850.1250   15.3158
   -7.5000   22.5000  -37.500010972.4795   15.2823
    0.0000   22.5000  -37.500011502.8789   15.2891
    7.5000   22.5000  -37.500010961.7295   15.2990
   -7.5000   30.0000  -37.5000 9949.6396   15.0828
    0.0000   30.0000  -37.500010408.5898   15.0881
    7.5000   30.0000  -37.5000 9912.4785   15.0945
   -7.5000   37.5000  -37.5000 9386.8965   15.0966
    0.0000   37.5000  -37.5000 9812.6885   15.1017
    7.5000   37.5000  -37.5000 9339.8242   15.1104
   -7.5000   45.0000  -37.5000 8472.2217   14.7338
    0.0000   45.0000  -37.5000 8838.9102   14.7415
    7.5000   45.0000  -37.5000 8426.3047   14.7554
   -7.5000  -45.0000  -30.0000 9967.1904   16.0243
    0.0000  -45.0000  -30.000010497.7227   16.0227
    7.5000  -45.0000  -30.000010059.1631   16.0256
   -7.5000  -37.5000  -30.000010468.6523   15.9851
    0.0000  -37.5000  -30.000011030.7656   15.9871
    7.5000  -37.5000  -30.000010552.7344   15.9962
   -7.5000  -30.0000  -30.000011309.3555   15.9723
    0.0000  -30.0000  -30.000011908.5088   15.9731
    7.5000  -30.0000  -30.000011388.2627   15.9825
   -7.5000  -22.5000  -30.000012043.7480   15.9648
    0.0000  -22.5000  -30.000012677.8770   15.9623
    7.5000  -22.5000  -30.000012114.9736   15.9657
   -7.5000  -15.0000  -30.000012744.9541   15.9629
    0.0000  -15.0000  -30.000013396.2080   15.9579
    7.5000  -15.0000  -30.000012795.3193   15.9554
   -7.5000   -7.5000  -30.000013433.4160   15.9747
    0.0000   -7.5000  -30.000014091.8320   15.9693
    7.5000   -7.5000  -30.000013457.3936   15.9669
   -7.5000    0.0000  -30.000013868.6123   15.9877
    0.0000    0.0000  -30.000014562.2725   15.9860
    7.5000    0.0000  -30.000013895.8428   15.9892
   -7.5000    7.5000  -30.000013250.6445   15.9834
    0.0000    7.5000  -30.000013899.1924   15.9854
    7.5000    7.5000  -30.000013245.7314   15.9945
   -7.5000   15.0000  -30.000012555.2998   15.9723
    0.0000   15.0000  -30.000013149.4873   15.9731
    7.5000   15.0000  -30.000012525.8936   15.9825
   -7.5000   22.5000  -30.000011640.8301   15.9610
    0.0000   22.5000  -30.000012193.4658   15.9585
    7.5000   22.5000  -30.000011587.2168   15.9619
   -7.5000   30.0000  -30.000010552.3545   15.7516
    0.0000   30.0000  -30.000011028.2764   15.7468
    7.5000   30.0000  -30.000010485.4668   15.7443
   -7.5000   37.5000  -30.0000 9943.0312   15.7633
    0.0000   37.5000  -30.000010375.2812   15.7580
    7.5000   37.5000  -30.0000 9872.1201   15.7557
   -7.5000   45.0000  -30.0000 8963.0176   15.3952
    0.0000   45.0000  -30.0000 9349.6426   15.3935
    7.5000   45.0000  -30.0000 8887.9326   15.3965
   -7.5000  -45.0000  -22.500010614.1611   16.5634
    0.0000  -45.0000  -22.500011177.3467   16.5623
    7.5000  -45.0000  -22.500010703.7129   16.5647
   -7.5000  -37.5000  -22.500011113.6123   16.5228
    0.0000  -37.5000  -22.500011721.1738   16.5244
    7.5000  -37.5000  -22.500011210.8281   16.5333
   -7.5000  -30.0000  -22.500011965.5244   16.5176
    0.0000  -30.0000  -22.500012625.9229   16.5188
    7.5000  -30.0000  -22.500012066.8545   16.5285
   -7.5000  -22.5000  -22.500012715.1191   16.5179
    0.0000  -22.5000  -22.500013401.9678   16.5175
    7.5000  -22.5000  -22.500012791.6299   16.5222
   -7.5000  -15.0000  -22.500013474.6035   16.5166
    0.0000  -15.0000  -22.500014170.6816   16.5151
    7.5000  -15.0000  -22.500013535.1787   16.5143
   -7.5000   -7.5000  -22.500014181.4727   16.5208
    0.0000   -7.5000  -22.500014931.5752   16.5181
    7.5000   -7.5000  -22.500014214.5518   16.5162
   -7.5000    0.0000  -22.500014644.6924   16.5256
    0.0000    0.0000  -22.500015431.5654   16.5244
    7.5000    0.0000  -22.500014667.9980   16.5270
   -7.5000    7.5000  -22.500013950.2793   16.5211
    0.0000    7.5000  -22.500014650.2861   16.5227
    7.5000    7.5000  -22.500013925.3936   16.5315
   -7.5000   15.0000  -22.500013151.2412   16.5176
    0.0000   15.0000  -22.500013809.6836   16.5188
    7.5000   15.0000  -22.500013125.7432   16.5285
   -7.5000   22.5000  -22.500012205.1025   16.5128
    0.0000   22.5000  -22.500012808.4951   16.5124
    7.5000   22.5000  -22.500012161.0127   16.5171
   -7.5000   30.0000  -22.500011080.8701   16.3005
    0.0000   30.0000  -22.500011578.7715   16.2991
    7.5000   30.0000  -22.500010992.9902   16.2983
   -7.5000   37.5000  -22.500010444.0879   16.3047
    0.0000   37.5000  -22.500010885.0576   16.3021
    7.5000   37.5000  -22.500010329.8184   16.3002
   -7.5000   45.0000  -22.5000 9400.6719   15.9251
    0.0000   45.0000  -22.5000 9796.0371   15.9238
    7.5000   45.0000  -22.5000 9290.3154   15.9263
   -7.5000  -45.0000  -15.000011235.3770   16.9192
    0.0000  -45.0000  -15.000011841.6514   16.9276
    7.5000  -45.0000  -15.000011347.8799   16.9408
   -7.5000  -37.5000  -15.000011744.9150   16.8734
    0.0000  -37.5000  -15.000012381.6406   16.8836
    7.5000  -37.5000  -15.000011861.4570   16.9012
   -7.5000  -30.0000  -15.000012613.5830   16.8726
    0.0000  -30.0000  -15.000013287.1279   16.8832
    7.5000  -30.0000  -15.000012722.8369   16.9003
   -7.5000  -22.5000  -15.000013373.0010   16.8827
    0.0000  -22.5000  -15.000014042.1260   16.8933
    7.5000  -22.5000  -15.000013431.9043   16.9066
   -7.5000  -15.0000  -15.000014158.6396   16.8875
    0.0000  -15.0000  -15.000014840.0508   16.8986
    7.5000  -15.0000  -15.000014172.6963   16.9086
   -7.5000   -7.5000  -15.000014903.5010   16.8867
    0.0000   -7.5000  -15.000015650.9912   16.8957
    7.5000   -7.5000  -15.000014916.5498   16.9052
   -7.5000    0.0000  -15.000015401.5508   16.8808
    0.0000    0.0000  -15.000016208.9014   16.8890
    7.5000    0.0000  -15.000015413.2412   16.9025
   -7.5000    7.5000  -15.000014610.6729   16.8716
    0.0000    7.5000  -15.000015360.7275   16.8818
    7.5000    7.5000  -15.000014576.2051   16.8994
   -7.5000   15.0000  -15.000013721.5537   16.8726
    0.0000   15.0000  -15.000014408.4736   16.8832
    7.5000   15.0000  -15.000013666.0957   16.9003
   -7.5000   22.5000  -15.000012694.2744   16.8767
    0.0000   22.5000  -15.000013324.0342   16.8874
    7.5000   22.5000  -15.000012645.3994   16.9006
   -7.5000   30.0000  -15.000011532.3037   16.6690
    0.0000   30.0000  -15.000012085.8311   16.6799
    7.5000   30.0000  -15.000011464.3477   16.6897
   -7.5000   37.5000  -15.000010861.3965   16.6682
    0.0000   37.5000  -15.000011311.9082   16.6770
    7.5000   37.5000  -15.000010741.6943   16.6865
   -7.5000   45.0000  -15.0000 9785.0664   16.2772
    0.0000   45.0000  -15.000010169.1260   16.2851
    7.5000   45.0000  -15.0000 9636.1641   16.2980
   -7.5000  -45.0000   -7.500011895.0674   17.0866
    0.0000  -45.0000   -7.500012503.0596   17.1053
    7.5000  -45.0000   -7.500011986.6279   17.1315
   -7.5000  -37.5000   -7.500012424.6748   17.0361
    0.0000  -37.5000   -7.500013065.6709   17.0564
    7.5000  -37.5000   -7.500012528.6855   17.0840
   -7.5000  -30.0000   -7.500013348.8564   17.0302
    0.0000  -30.0000   -7.500014002.5889   17.0505
    7.5000  -30.0000   -7.500013436.2881   17.0749
   -7.5000  -22.5000   -7.500014125.1396   17.0403
    0.0000  -22.5000   -7.500014756.7344   17.0606
    7.5000  -22.5000   -7.500014133.9941   17.0815
   -7.5000  -15.0000   -7.500014932.9541   17.0503
    0.0000  -15.0000   -7.500015595.9775   17.0716
    7.5000  -15.0000   -7.500014931.8486   17.0914
   -7.5000   -7.5000   -7.500015693.3359   17.0539
    0.0000   -7.5000   -7.500016450.9238   17.0734
    7.5000   -7.5000   -7.500015720.1514   17.0955
   -7.5000    0.0000   -7.500016262.6260   17.0480
    0.0000    0.0000   -7.500017060.9688   17.0665
    7.5000    0.0000   -7.500016275.7197   17.0928
   -7.5000    7.5000   -7.500015377.4570   17.0344
    0.0000    7.5000   -7.500016134.4004   17.0546
    7.5000    7.5000   -7.500015361.2539   17.0822
   -7.5000   15.0000   -7.500014412.5459   17.0302
    0.0000   15.0000   -7.500015093.2715   17.0505
    7.5000   15.0000   -7.500014350.1445   17.0749
   -7.5000   22.5000   -7.500013298.3066   17.0325
    0.0000   22.5000   -7.500013931.6982   17.0528
    7.5000   22.5000   -7.500013233.8936   17.0736
   -7.5000   30.0000   -7.500012055.6426   16.8292
    0.0000   30.0000   -7.500012611.5986   16.8502
    7.5000   30.0000   -7.500011987.5684   16.8697
   -7.5000   37.5000   -7.500011320.9121   16.8328
    0.0000   37.5000   -7.500011806.5342   16.8520
    7.5000   37.5000   -7.500011226.6035   16.8738
   -7.5000   45.0000   -7.500010180.2959   16.4415
    0.0000   45.0000   -7.500010599.2168   16.4594
    7.5000   45.0000   -7.500010063.3662   16.4848
   -7.5000  -45.0000    0.000012454.7773   17.1302
    0.0000  -45.0000    0.000013074.0566   17.1501
    7.5000  -45.0000    0.000012544.4336   17.1782
   -7.5000  -37.5000    0.000012981.4912   17.0805
    0.0000  -37.5000    0.000013616.7676   17.1023
    7.5000  -37.5000    0.000013085.8535   17.1307
   -7.5000  -30.0000    0.000013989.3848   17.0665
    0.0000  -30.0000    0.000014630.1885   17.0870
    7.5000  -30.0000    0.000014072.1797   17.1112
   -7.5000  -22.5000    0.000014794.6582   17.0673
    0.0000  -22.5000    0.000015392.6328   17.0867
    7.5000  -22.5000    0.000014841.5234   17.1064
   -7.5000  -15.0000    0.000015551.2588   17.0756
    0.0000  -15.0000    0.000016142.2646   17.0954
    7.5000  -15.0000    0.000015598.5498   17.1141
   -7.5000   -7.5000    0.000016311.5410   17.0875
    0.0000   -7.5000    0.000016973.5762   17.1065
    7.5000   -7.5000    0.000016381.8096   17.1294
   -7.5000    0.0000    0.000016877.2148   17.0914
    0.0000    0.0000    0.000017561.9219   17.1112
    7.5000    0.0000    0.000016917.4316   17.1393
   -7.5000    7.5000    0.000015958.6738   17.0787
    0.0000    7.5000    0.000016623.3359   17.1005
    7.5000    7.5000    0.000015971.2588   17.1289
   -7.5000   15.0000    0.000014897.2803   17.0665
    0.0000   15.0000    0.000015509.1865   17.0870
    7.5000   15.0000    0.000014883.4570   17.1112
   -7.5000   22.5000    0.000013716.4775   17.0595
    0.0000   22.5000    0.000014298.1533   17.0789
    7.5000   22.5000    0.000013688.6426   17.0986
   -7.5000   30.0000    0.000012433.2471   16.8546
    0.0000   30.0000    0.000012971.8828   16.8742
    7.5000   30.0000    0.000012396.9365   16.8926
   -7.5000   37.5000    0.000011689.8633   16.8663
    0.0000   37.5000    0.000012169.4004   16.8851
    7.5000   37.5000    0.000011605.7822   16.9077
   -7.5000   45.0000    0.000010507.2305   16.4847
    0.0000   45.0000    0.000010921.3359   16.5037
    7.5000   45.0000    0.000010400.0547   16.5309
   -7.5000  -45.0000    7.500012046.8311   17.1736
    0.0000  -45.0000    7.500012615.8223   17.1828
    7.5000  -45.0000    7.500012126.4922   17.1988
   -7.5000  -37.5000    7.500012546.8252   17.1282
    0.0000  -37.5000    7.500013127.4473   17.1405
    7.5000  -37.5000    7.500012637.8154   17.1599
   -7.5000  -30.0000    7.500013501.9805   17.1111
    0.0000  -30.0000    7.500014126.2783   17.1216
    7.5000  -30.0000    7.500013587.7900   17.1387
   -7.5000  -22.5000    7.500014314.6592   17.1036
    0.0000  -22.5000    7.500014908.5908   17.1112
    7.5000  -22.5000    7.500014406.9150   17.1223
   -7.5000  -15.0000    7.500015034.4551   17.1060
    0.0000  -15.0000    7.500015622.9531   17.1121
    7.5000  -15.0000    7.500015125.5977   17.1192
   -7.5000   -7.5000    7.500015756.1855   17.1217
    0.0000   -7.5000    7.500016372.3604   17.1275
    7.5000   -7.5000    7.500015861.5752   17.1373
   -7.5000    0.0000    7.500016271.8486   17.1346
    0.0000    0.0000    7.500016867.7148   17.1436
    7.5000    0.0000    7.500016344.7363   17.1598
   -7.5000    7.5000    7.500015391.3887   17.1264
    0.0000    7.5000    7.500015970.2803   17.1387
    7.5000    7.5000    7.500015424.2080   17.1581
   -7.5000   15.0000    7.500014298.1875   17.1111
    0.0000   15.0000    7.500014843.5146   17.1216
    7.5000   15.0000    7.500014299.6885   17.1387
   -7.5000   22.5000    7.500013185.5967   17.0957
    0.0000   22.5000    7.500013679.4150   17.1033
    7.5000   22.5000    7.500013124.5107   17.1144
   -7.5000   30.0000    7.500011972.7295   16.8846
    0.0000   30.0000    7.500012438.0430   16.8906
    7.5000   30.0000    7.500011913.9805   16.8977
   -7.5000   37.5000    7.500011256.7119   16.9001
    0.0000   37.5000    7.500011681.7734   16.9058
    7.5000   37.5000    7.500011181.8398   16.9155
   -7.5000   45.0000    7.500010097.0000   16.5263
    0.0000   45.0000    7.500010467.7529   16.5350
    7.5000   45.0000    7.500010005.8584   16.5506
   -7.5000  -45.0000   15.000011505.9307   17.2083
    0.0000  -45.0000   15.000012061.3467   17.2066
    7.5000  -45.0000   15.000011580.1826   17.2097
   -7.5000  -37.5000   15.000011999.0479   17.1662
    0.0000  -37.5000   15.000012549.9355   17.1683
    7.5000  -37.5000   15.000012076.6533   17.1781
   -7.5000  -30.0000   15.000012885.1934   17.1525
    0.0000  -30.0000   15.000013448.0557   17.1533
    7.5000  -30.0000   15.000012976.4395   17.1633
   -7.5000  -22.5000   15.000013670.3574   17.1444
    0.0000  -22.5000   15.000014215.1465   17.1417
    7.5000  -22.5000   15.000013764.6367   17.1453
   -7.5000  -15.0000   15.000014465.3613   17.1423
    0.0000  -15.0000   15.000015014.0811   17.1370
    7.5000  -15.0000   15.000014533.3477   17.1343
   -7.5000   -7.5000   15.000015217.8213   17.1550
    0.0000   -7.5000   15.000015777.9404   17.1492
    7.5000   -7.5000   15.000015263.3887   17.1466
   -7.5000    0.0000   15.000015685.6318   17.1691
    0.0000    0.0000   15.000016225.4932   17.1672
    7.5000    0.0000   15.000015695.6221   17.1705
   -7.5000    7.5000   15.000014829.9238   17.1644
    0.0000    7.5000   15.000015361.5439   17.1665
    7.5000    7.5000   15.000014808.6631   17.1763
   -7.5000   15.0000   15.000013694.0781   17.1525
    0.0000   15.0000   15.000014208.9863   17.1533
    7.5000   15.0000   15.000013676.1328   17.1633
   -7.5000   22.5000   15.000012612.1475   17.1365
    0.0000   22.5000   15.000013061.7734   17.1338
    7.5000   22.5000   15.000012543.1914   17.1374
   -7.5000   30.0000   15.000011461.9385   16.9205
    0.0000   30.0000   15.000011904.8828   16.9152
    7.5000   30.0000   15.000011397.4980   16.9125
   -7.5000   37.5000   15.000010728.3027   16.9330
    0.0000   37.5000   15.000011153.5078   16.9273
    7.5000   37.5000   15.000010657.5703   16.9247
   -7.5000   45.0000   15.0000 9583.1074   16.5595
    0.0000   45.0000   15.0000 9952.8398   16.5576
    7.5000   45.0000   15.0000 9497.1162   16.5608
   -7.5000  -45.0000   22.500010898.4902   17.2152
    0.0000  -45.0000   22.500011398.1943   17.2137
    7.5000  -45.0000   22.500010940.3506   17.2161
   -7.5000  -37.5000   22.500011379.5566   17.1731
    0.0000  -37.5000   22.500011893.4912   17.1744
    7.5000  -37.5000   22.500011423.6309   17.1834
   -7.5000  -30.0000   22.500012223.0254   17.1677
    0.0000  -30.0000   22.500012752.0703   17.1686
    7.5000  -30.0000   22.500012269.4746   17.1786
   -7.5000  -22.5000   22.500012995.4619   17.1680
    0.0000  -22.5000   22.500013521.5527   17.1673
    7.5000  -22.5000   22.500013038.8975   17.1720
   -7.5000  -15.0000   22.500013744.6963   17.1665
    0.0000  -15.0000   22.500014330.1289   17.1647
    7.5000  -15.0000   22.500013774.8564   17.1637
   -7.5000   -7.5000   22.500014476.4209   17.1709
    0.0000   -7.5000   22.500015122.6729   17.1678
    7.5000   -7.5000   22.500014480.1953   17.1656
   -7.5000    0.0000   22.500014959.7002   17.1759
    0.0000    0.0000   22.500015630.5957   17.1743
    7.5000    0.0000   22.500014931.3389   17.1769
   -7.5000    7.5000   22.500014138.3398   17.1713
    0.0000    7.5000   22.500014776.8896   17.1726
    7.5000    7.5000   22.500014108.2695   17.1816
   -7.5000   15.0000   22.500013040.9756   17.1677
    0.0000   15.0000   22.500013606.9473   17.1686
    7.5000   15.0000   22.500013030.8887   17.1786
   -7.5000   22.5000   22.500011978.5312   17.1601
    0.0000   22.5000   22.500012471.1045   17.1594
    7.5000   22.5000   22.500011930.0518   17.1641
   -7.5000   30.0000   22.500010897.7578   16.9444
    0.0000   30.0000   22.500011329.3682   16.9425
    7.5000   30.0000   22.500010831.0596   16.9416
   -7.5000   37.5000   22.500010191.3252   16.9487
    0.0000   37.5000   22.500010584.8760   16.9456
    7.5000   37.5000   22.500010107.5107   16.9435
   -7.5000   45.0000   22.5000 9081.3291   16.5661
    0.0000   45.0000   22.5000 9430.0400   16.5645
    7.5000   45.0000   22.5000 9001.9971   16.5669
   -7.5000  -45.0000   30.000010165.6309   17.2378
    0.0000  -45.0000   30.000010670.0234   17.2456
    7.5000  -45.0000   30.000010208.6338   17.2587
   -7.5000  -37.5000   30.000010648.2012   17.1912
    0.0000  -37.5000   30.000011175.9766   17.2010
    7.5000  -37.5000   30.000010688.3379   17.2186
   -7.5000  -30.0000   30.000011511.1162   17.1905
    0.0000  -30.0000   30.000012045.1025   17.2007
    7.5000  -30.0000   30.000011538.0010   17.2178
   -7.5000  -22.5000   30.000012256.9229   17.2007
    0.0000  -22.5000   30.000012780.3555   17.2108
    7.5000  -22.5000   30.000012270.4727   17.2239
   -7.5000  -15.0000   30.000012923.7373   17.2052
    0.0000  -15.0000   30.000013477.8232   17.2158
    7.5000  -15.0000   30.000012940.8359   17.2255
   -7.5000   -7.5000   30.000013556.2656   17.2042
    0.0000   -7.5000   30.000014134.6885   17.2127
    7.5000   -7.5000   30.000013566.2061   17.2220
   -7.5000    0.0000   30.000014027.0742   17.1985
    0.0000    0.0000   30.000014625.1396   17.2061
    7.5000    0.0000   30.000014034.2764   17.2195
   -7.5000    7.5000   30.000013296.1875   17.1894
    0.0000    7.5000   30.000013862.4551   17.1991
    7.5000    7.5000   30.000013302.9385   17.2168
   -7.5000   15.0000   30.000012317.4951   17.1905
    0.0000   15.0000   30.000012836.4746   17.2007
    7.5000   15.0000   30.000012311.6455   17.2178
   -7.5000   22.5000   30.000011314.2129   17.1927
    0.0000   22.5000   30.000011775.4551   17.2029
    7.5000   22.5000   30.000011255.8809   17.2160
   -7.5000   30.0000   30.000010282.8779   16.9826
    0.0000   30.0000   30.000010688.0508   16.9930
    7.5000   30.0000   30.000010209.5420   17.0026
   -7.5000   37.5000   30.0000 9593.8711   16.9816
    0.0000   37.5000   30.0000 9979.5107   16.9900
    7.5000   37.5000   30.0000 9496.5762   16.9992
   -7.5000   45.0000   30.0000 8522.3477   16.5879
    0.0000   45.0000   30.0000 8854.5703   16.5953
    7.5000   45.0000   30.0000 8435.4551   16.6081
   -7.5000  -45.0000   37.5000 9770.1885   17.3188
    0.0000  -45.0000   37.500010262.0947   17.3369
    7.5000  -45.0000   37.5000 9820.1211   17.3628
   -7.5000  -37.5000   37.500010250.3232   17.2671
    0.0000  -37.5000   37.500010776.3281   17.2869
    7.5000  -37.5000   37.500010306.0449   17.3142
   -7.5000  -30.0000   37.500011054.0195   17.2605
    0.0000  -30.0000   37.500011609.9932   17.2803
    7.5000  -30.0000   37.500011104.9414   17.3042
   -7.5000  -22.5000   37.500011788.6406   17.2702
    0.0000  -22.5000   37.500012359.0713   17.2900
    7.5000  -22.5000   37.500011823.3125   17.3101
   -7.5000  -15.0000   37.500012457.9111   17.2803
    0.0000  -15.0000   37.500013038.2695   17.3009
    7.5000  -15.0000   37.500012482.6182   17.3200
   -7.5000   -7.5000   37.500013042.0068   17.2845
    0.0000   -7.5000   37.500013639.4033   17.3033
    7.5000   -7.5000   37.500013057.6064   17.3250
   -7.5000    0.0000   37.500013495.5938   17.2792
    0.0000    0.0000   37.500014091.5762   17.2971
    7.5000    0.0000   37.500013510.7568   17.3232
   -7.5000    7.5000   37.500012819.7139   17.2653
    0.0000    7.5000   37.500013392.7637   17.2850
    7.5000    7.5000   37.500012827.9814   17.3124
   -7.5000   15.0000   37.500011926.8818   17.2605
    0.0000   15.0000   37.500012451.8369   17.2803
    7.5000   15.0000   37.500011916.3838   17.3042
   -7.5000   22.5000   37.500010935.8223   17.2622
    0.0000   22.5000   37.500011395.8271   17.2820
    7.5000   22.5000   37.500010913.8652   17.3022
   -7.5000   30.0000   37.5000 9926.5342   17.0566
    0.0000   30.0000   37.500010338.4502   17.0770
    7.5000   30.0000   37.5000 9898.6660   17.0958
   -7.5000   37.5000   37.5000 9274.5537   17.0608
    0.0000   37.5000   37.5000 9662.2998   17.0794
    7.5000   37.5000   37.5000 9219.7480   17.1008
   -7.5000   45.0000   37.5000 8229.0146   16.6635
    0.0000   45.0000   37.5000 8558.4834   16.6808
    7.5000   45.0000   37.5000 8170.2031   16.7060
   -7.5000  -45.0000   45.0000 8904.1211   17.4725
    0.0000  -45.0000   45.0000 9366.4385   17.4933
    7.5000  -45.0000   45.0000 8954.3018   17.5215
   -7.5000  -37.5000   45.0000 9342.6865   17.4186
    0.0000  -37.5000   45.0000 9833.7764   17.4417
    7.5000  -37.5000   45.0000 9381.8809   17.4703
   -7.5000  -30.0000   45.000010092.9707   17.4025
    0.0000  -30.0000   45.000010608.2158   17.4243
    7.5000  -30.0000   45.000010122.7070   17.4486
   -7.5000  -22.5000   45.000010761.8242   17.4037
    0.0000  -22.5000   45.000011302.0684   17.4243
    7.5000  -22.5000   45.000010799.3574   17.4438
   -7.5000  -15.0000   45.000011361.5186   17.4140
    0.0000  -15.0000   45.000011903.8379   17.4346
    7.5000  -15.0000   45.000011397.1992   17.4531
   -7.5000   -7.5000   45.000011872.0010   17.4278
    0.0000   -7.5000   45.000012442.0732   17.4476
    7.5000   -7.5000   45.000011916.6816   17.4704
   -7.5000    0.0000   45.000012306.7539   17.4319
    0.0000    0.0000   45.000012877.9355   17.4525
    7.5000    0.0000   45.000012344.8633   17.4808
   -7.5000    7.5000   45.000011720.8926   17.4168
    0.0000    7.5000   45.000012260.8154   17.4398
    7.5000    7.5000   45.000011758.6582   17.4684
   -7.5000   15.0000   45.000010926.0439   17.4025
    0.0000   15.0000   45.000011423.6826   17.4243
    7.5000   15.0000   45.000010955.2305   17.4486
   -7.5000   22.5000   45.000010024.9443   17.3956
    0.0000   22.5000   45.000010472.2471   17.4162
    7.5000   22.5000   45.000010022.3457   17.4357
   -7.5000   30.0000   45.0000 9124.7617   17.1871
    0.0000   30.0000   45.0000 9515.6611   17.2075
    7.5000   30.0000   45.0000 9096.1855   17.2257
   -7.5000   37.5000   45.0000 8518.7402   17.2008
    0.0000   37.5000   45.0000 8874.6660   17.2203
    7.5000   37.5000   45.0000 8481.9404   17.2428
   -7.5000   45.0000   45.0000 7573.7896   16.8133
    0.0000   45.0000   45.0000 7874.3848   16.8333
    7.5000   45.0000   45.0000 7524.1782   16.8606

---------------------------------------------------------------------
imgreg_4dfp /opt/freesurfer/average/711-2C_as_mni_average_305 /opt/freesurfer/average/711-2B_as_mni_average_305_mask talsrcimg_g11 none talsrcimg_to_711-2C_as_mni_average_305_t4 4355
---------------------------------------------------------------------

freesurfer imgreg_4dfp.c
/opt/freesurfer/average/711-2C_as_mni_average_305.4dfp.img
       256       256       256         1
  1.000000  1.000000  1.000000
orientation T byte_order littleendian
Reading image: /opt/freesurfer/average/711-2C_as_mni_average_305.4dfp.img
dimensions:      256       256       256
mmppix:       1.0000   -1.0000   -1.0000
center:     128.0000 -129.0000 -129.0000
/opt/freesurfer/average/711-2B_as_mni_average_305_mask.4dfp.img
       256       256       256         1
  1.000000  1.000000  1.000000
orientation T byte_order littleendian
Reading mask: /opt/freesurfer/average/711-2B_as_mni_average_305_mask.4dfp.img (2306576 pixels)
talsrcimg_g11.4dfp.img
       256       256       256         1
  1.000000  1.000000  1.000000
orientation T byte_order littleendian
Reading image: talsrcimg_g11.4dfp.img
dimensions:      256       256       256
mmppix:       1.0000   -1.0000   -1.0000
center:     128.0000 -129.0000 -129.0000
rotation matrix determinant  1.000000
image alignment mode   4355 decimal     1103 hex
   -7.5000  -45.0000  -45.0000 2160.0764   15.3029
    0.0000  -45.0000  -45.0000 2171.1445   15.1916
    7.5000  -45.0000  -45.0000 2155.4214   15.2661
   -7.5000  -37.5000  -45.0000 2227.1191   14.3000
    0.0000  -37.5000  -45.0000 2242.5251   14.1858
    7.5000  -37.5000  -45.0000 2228.5437   14.2327
   -7.5000  -30.0000  -45.0000 2261.4875   13.6629
    0.0000  -30.0000  -45.0000 2276.4978   13.5376
    7.5000  -30.0000  -45.0000 2267.3196   13.6055
   -7.5000  -22.5000  -45.0000 2279.6448   13.3593
    0.0000  -22.5000  -45.0000 2297.4600   13.2045
    7.5000  -22.5000  -45.0000 2288.4351   13.2617
   -7.5000  -15.0000  -45.0000 2277.5874   13.3872
    0.0000  -15.0000  -45.0000 2296.0952   13.2048
    7.5000  -15.0000  -45.0000 2286.3013   13.2637
   -7.5000   -7.5000  -45.0000 2268.6755   13.6383
    0.0000   -7.5000  -45.0000 2290.2979   13.4309
    7.5000   -7.5000  -45.0000 2278.4600   13.4787
   -7.5000    0.0000  -45.0000 2239.4612   14.1217
    0.0000    0.0000  -45.0000 2261.1992   13.9236
    7.5000    0.0000  -45.0000 2247.1638   13.9563
   -7.5000    7.5000  -45.0000 2189.6951   14.7915
    0.0000    7.5000  -45.0000 2212.9050   14.5878
    7.5000    7.5000  -45.0000 2200.8708   14.6433
   -7.5000   15.0000  -45.0000 2123.5588   15.7788
    0.0000   15.0000  -45.0000 2151.2468   15.5514
    7.5000   15.0000  -45.0000 2138.6580   15.6264
   -7.5000   22.5000  -45.0000 2039.9642   17.1789
    0.0000   22.5000  -45.0000 2067.9219   16.9397
    7.5000   22.5000  -45.0000 2057.8669   17.0315
   -7.5000   30.0000  -45.0000 1937.9094   19.0809
    0.0000   30.0000  -45.0000 1961.5309   18.7787
    7.5000   30.0000  -45.0000 1947.8621   18.8924
   -7.5000   37.5000  -45.0000 1828.6984   21.6846
    0.0000   37.5000  -45.0000 1850.6812   21.3762
    7.5000   37.5000  -45.0000 1833.9913   21.4890
   -7.5000   45.0000  -45.0000 1705.7239   25.1683
    0.0000   45.0000  -45.0000 1720.2874   24.8031
    7.5000   45.0000  -45.0000 1712.4219   24.9556
   -7.5000  -45.0000  -37.5000 2251.2588   14.1546
    0.0000  -45.0000  -37.5000 2268.1790   14.0667
    7.5000  -45.0000  -37.5000 2252.8655   14.1276
   -7.5000  -37.5000  -37.5000 2326.7314   13.1963
    0.0000  -37.5000  -37.5000 2342.1995   13.0988
    7.5000  -37.5000  -37.5000 2329.1960   13.1587
   -7.5000  -30.0000  -37.5000 2362.4641   12.6017
    0.0000  -30.0000  -37.5000 2379.0391   12.4808
    7.5000  -30.0000  -37.5000 2369.8318   12.5326
   -7.5000  -22.5000  -37.5000 2384.6235   12.2868
    0.0000  -22.5000  -37.5000 2403.6331   12.1488
    7.5000  -22.5000  -37.5000 2393.4956   12.2099
   -7.5000  -15.0000  -37.5000 2383.7803   12.3494
    0.0000  -15.0000  -37.5000 2405.7227   12.1751
    7.5000  -15.0000  -37.5000 2391.6711   12.2296
   -7.5000   -7.5000  -37.5000 2371.6409   12.5634
    0.0000   -7.5000  -37.5000 2393.2468   12.3817
    7.5000   -7.5000  -37.5000 2377.5337   12.4256
   -7.5000    0.0000  -37.5000 2337.8496   13.0017
    0.0000    0.0000  -37.5000 2359.9841   12.8071
    7.5000    0.0000  -37.5000 2349.4636   12.8623
   -7.5000    7.5000  -37.5000 2289.7522   13.6262
    0.0000    7.5000  -37.5000 2315.3091   13.4408
    7.5000    7.5000  -37.5000 2306.7354   13.4966
   -7.5000   15.0000  -37.5000 2220.8948   14.5273
    0.0000   15.0000  -37.5000 2247.2397   14.3207
    7.5000   15.0000  -37.5000 2237.1077   14.3931
   -7.5000   22.5000  -37.5000 2133.4258   15.7977
    0.0000   22.5000  -37.5000 2158.1060   15.5666
    7.5000   22.5000  -37.5000 2147.7283   15.6335
   -7.5000   30.0000  -37.5000 2024.4733   17.5182
    0.0000   30.0000  -37.5000 2043.7137   17.2747
    7.5000   30.0000  -37.5000 2032.3665   17.3297
   -7.5000   37.5000  -37.5000 1906.3918   19.8630
    0.0000   37.5000  -37.5000 1926.6208   19.5982
    7.5000   37.5000  -37.5000 1914.2440   19.6634
   -7.5000   45.0000  -37.5000 1777.2831   22.9935
    0.0000   45.0000  -37.5000 1788.4833   22.6887
    7.5000   45.0000  -37.5000 1783.4442   22.8155
   -7.5000  -45.0000  -30.0000 2371.1858   13.6704
    0.0000  -45.0000  -30.0000 2387.8982   13.5726
    7.5000  -45.0000  -30.0000 2378.9597   13.6225
   -7.5000  -37.5000  -30.0000 2453.1624   12.7108
    0.0000  -37.5000  -30.0000 2468.4980   12.6032
    7.5000  -37.5000  -30.0000 2454.1372   12.6383
   -7.5000  -30.0000  -30.0000 2502.1057   12.0948
    0.0000  -30.0000  -30.0000 2519.0732   11.9699
    7.5000  -30.0000  -30.0000 2509.1060   12.0106
   -7.5000  -22.5000  -30.0000 2529.1582   11.8165
    0.0000  -22.5000  -30.0000 2552.1772   11.6527
    7.5000  -22.5000  -30.0000 2539.8452   11.6864
   -7.5000  -15.0000  -30.0000 2539.6514   11.8125
    0.0000  -15.0000  -30.0000 2561.3245   11.6292
    7.5000  -15.0000  -30.0000 2547.4873   11.6671
   -7.5000   -7.5000  -30.0000 2528.5928   12.0235
    0.0000   -7.5000  -30.0000 2552.0012   11.8490
    7.5000   -7.5000  -30.0000 2537.2024   11.9063
   -7.5000    0.0000  -30.0000 2489.7207   12.4826
    0.0000    0.0000  -30.0000 2523.2312   12.2851
    7.5000    0.0000  -30.0000 2506.3743   12.3438
   -7.5000    7.5000  -30.0000 2435.5718   13.0760
    0.0000    7.5000  -30.0000 2471.3438   12.8744
    7.5000    7.5000  -30.0000 2454.0625   12.9374
   -7.5000   15.0000  -30.0000 2357.3613   13.9176
    0.0000   15.0000  -30.0000 2387.2200   13.7274
    7.5000   15.0000  -30.0000 2372.4836   13.8076
   -7.5000   22.5000  -30.0000 2263.8367   15.1146
    0.0000   22.5000  -30.0000 2288.9221   14.8937
    7.5000   22.5000  -30.0000 2274.2222   14.9565
   -7.5000   30.0000  -30.0000 2142.6860   16.7120
    0.0000   30.0000  -30.0000 2160.6946   16.4498
    7.5000   30.0000  -30.0000 2148.6189   16.5067
   -7.5000   37.5000  -30.0000 2014.5219   18.9134
    0.0000   37.5000  -30.0000 2033.5248   18.6459
    7.5000   37.5000  -30.0000 2020.7632   18.6834
   -7.5000   45.0000  -30.0000 1872.6151   21.8976
    0.0000   45.0000  -30.0000 1892.5929   21.5832
    7.5000   45.0000  -30.0000 1879.2853   21.6300
   -7.5000  -45.0000  -22.5000 2459.3245   13.1717
    0.0000  -45.0000  -22.5000 2476.7583   13.0591
    7.5000  -45.0000  -22.5000 2465.8679   13.1248
   -7.5000  -37.5000  -22.5000 2546.2261   12.1969
    0.0000  -37.5000  -22.5000 2566.9121   12.0935
    7.5000  -37.5000  -22.5000 2551.7405   12.1454
   -7.5000  -30.0000  -22.5000 2609.2400   11.5637
    0.0000  -30.0000  -22.5000 2631.0208   11.4389
    7.5000  -30.0000  -22.5000 2620.4541   11.4627
   -7.5000  -22.5000  -22.5000 2648.0842   11.2487
    0.0000  -22.5000  -22.5000 2672.7263   11.0934
    7.5000  -22.5000  -22.5000 2659.5354   11.1378
   -7.5000  -15.0000  -22.5000 2669.2429   11.2036
    0.0000  -15.0000  -22.5000 2693.3889   11.0556
    7.5000  -15.0000  -22.5000 2681.0654   11.1101
   -7.5000   -7.5000  -22.5000 2661.2837   11.4333
    0.0000   -7.5000  -22.5000 2691.0559   11.2715
    7.5000   -7.5000  -22.5000 2669.6233   11.3333
   -7.5000    0.0000  -22.5000 2621.8110   11.8726
    0.0000    0.0000  -22.5000 2657.2529   11.7011
    7.5000    0.0000  -22.5000 2637.0100   11.7557
   -7.5000    7.5000  -22.5000 2561.3545   12.4534
    0.0000    7.5000  -22.5000 2596.0061   12.2762
    7.5000    7.5000  -22.5000 2577.4775   12.3409
   -7.5000   15.0000  -22.5000 2471.7747   13.2524
    0.0000   15.0000  -22.5000 2504.7209   13.0771
    7.5000   15.0000  -22.5000 2488.9568   13.1634
   -7.5000   22.5000  -22.5000 2367.3867   14.3786
    0.0000   22.5000  -22.5000 2393.7856   14.1774
    7.5000   22.5000  -22.5000 2379.8508   14.2551
   -7.5000   30.0000  -22.5000 2237.7290   15.9057
    0.0000   30.0000  -22.5000 2257.1006   15.6927
    7.5000   30.0000  -22.5000 2243.2703   15.7435
   -7.5000   37.5000  -22.5000 2099.3357   17.9640
    0.0000   37.5000  -22.5000 2116.7979   17.6887
    7.5000   37.5000  -22.5000 2101.6047   17.7353
   -7.5000   45.0000  -22.5000 1952.0791   20.6620
    0.0000   45.0000  -22.5000 1968.7954   20.3635
    7.5000   45.0000  -22.5000 1952.3282   20.3848
   -7.5000  -45.0000  -15.0000 2511.9260   12.7107
    0.0000  -45.0000  -15.0000 2531.1125   12.5809
    7.5000  -45.0000  -15.0000 2518.6826   12.6585
   -7.5000  -37.5000  -15.0000 2609.3247   11.7186
    0.0000  -37.5000  -15.0000 2629.0999   11.6142
    7.5000  -37.5000  -15.0000 2615.2527   11.6895
   -7.5000  -30.0000  -15.0000 2685.9160   11.0806
    0.0000  -30.0000  -15.0000 2709.0691   10.9573
    7.5000  -30.0000  -15.0000 2697.6133   11.0122
   -7.5000  -22.5000  -15.0000 2734.8110   10.7276
    0.0000  -22.5000  -15.0000 2761.9597   10.5779
    7.5000  -22.5000  -15.0000 2748.9321   10.6227
   -7.5000  -15.0000  -15.0000 2767.6025   10.6603
    0.0000  -15.0000  -15.0000 2793.2332   10.5089
    7.5000  -15.0000  -15.0000 2774.6672   10.5696
   -7.5000   -7.5000  -15.0000 2764.4895   10.8756
    0.0000   -7.5000  -15.0000 2798.7827   10.7308
    7.5000   -7.5000  -15.0000 2772.1096   10.7952
   -7.5000    0.0000  -15.0000 2726.8477   11.2905
    0.0000    0.0000  -15.0000 2765.6506   11.1626
    7.5000    0.0000  -15.0000 2738.1057   11.2097
   -7.5000    7.5000  -15.0000 2656.1626   11.8522
    0.0000    7.5000  -15.0000 2691.2522   11.7135
    7.5000    7.5000  -15.0000 2669.1440   11.7852
   -7.5000   15.0000  -15.0000 2557.4385   12.6315
    0.0000   15.0000  -15.0000 2589.7866   12.4690
    7.5000   15.0000  -15.0000 2569.1206   12.5718
   -7.5000   22.5000  -15.0000 2442.3130   13.7233
    0.0000   22.5000  -15.0000 2467.5361   13.5495
    7.5000   22.5000  -15.0000 2452.2764   13.6505
   -7.5000   30.0000  -15.0000 2304.9705   15.2100
    0.0000   30.0000  -15.0000 2326.0249   15.0077
    7.5000   30.0000  -15.0000 2310.5298   15.0726
   -7.5000   37.5000  -15.0000 2162.2600   17.1148
    0.0000   37.5000  -15.0000 2176.9490   16.8900
    7.5000   37.5000  -15.0000 2161.9446   16.9210
   -7.5000   45.0000  -15.0000 2008.9371   19.6225
    0.0000   45.0000  -15.0000 2021.9670   19.3432
    7.5000   45.0000  -15.0000 2006.5137   19.3701
   -7.5000  -45.0000   -7.5000 2545.7949   12.2847
    0.0000  -45.0000   -7.5000 2564.8635   12.1210
    7.5000  -45.0000   -7.5000 2550.5017   12.2754
   -7.5000  -37.5000   -7.5000 2651.5647   11.3088
    0.0000  -37.5000   -7.5000 2671.9495   11.1804
    7.5000  -37.5000   -7.5000 2655.5156   11.2981
   -7.5000  -30.0000   -7.5000 2743.0291   10.6787
    0.0000  -30.0000   -7.5000 2769.6301   10.5364
    7.5000  -30.0000   -7.5000 2751.8438   10.6387
   -7.5000  -22.5000   -7.5000 2805.5154   10.2806
    0.0000  -22.5000   -7.5000 2839.9834   10.1087
    7.5000  -22.5000   -7.5000 2816.1057   10.2055
   -7.5000  -15.0000   -7.5000 2846.8518   10.1830
    0.0000  -15.0000   -7.5000 2882.2971   10.0228
    7.5000  -15.0000   -7.5000 2857.9441   10.1017
   -7.5000   -7.5000   -7.5000 2850.3975   10.3803
    0.0000   -7.5000   -7.5000 2888.9060   10.2595
    7.5000   -7.5000   -7.5000 2855.9434   10.3253
   -7.5000    0.0000   -7.5000 2810.0244   10.7908
    0.0000    0.0000   -7.5000 2847.0637   10.6845
    7.5000    0.0000   -7.5000 2812.6150   10.7567
   -7.5000    7.5000   -7.5000 2725.8374   11.3388
    0.0000    7.5000   -7.5000 2760.4634   11.2221
    7.5000    7.5000   -7.5000 2735.9944   11.3074
   -7.5000   15.0000   -7.5000 2621.5759   12.0808
    0.0000   15.0000   -7.5000 2649.4062   11.9469
    7.5000   15.0000   -7.5000 2627.9895   12.0368
   -7.5000   22.5000   -7.5000 2496.1577   13.1531
    0.0000   22.5000   -7.5000 2520.2842   13.0007
    7.5000   22.5000   -7.5000 2503.2625   13.0784
   -7.5000   30.0000   -7.5000 2354.7952   14.5797
    0.0000   30.0000   -7.5000 2375.9775   14.3882
    7.5000   30.0000   -7.5000 2360.4478   14.4650
   -7.5000   37.5000   -7.5000 2205.1492   16.3950
    0.0000   37.5000   -7.5000 2220.6980   16.1853
    7.5000   37.5000   -7.5000 2208.4873   16.2549
   -7.5000   45.0000   -7.5000 2046.4652   18.7172
    0.0000   45.0000   -7.5000 2062.6931   18.4804
    7.5000   45.0000   -7.5000 2047.9105   18.5986
   -7.5000  -45.0000    0.0000 2555.9419   12.0204
    0.0000  -45.0000    0.0000 2579.8611   11.8293
    7.5000  -45.0000    0.0000 2562.7480   12.0128
   -7.5000  -37.5000    0.0000 2668.9282   11.0677
    0.0000  -37.5000    0.0000 2694.4468   10.8851
    7.5000  -37.5000    0.0000 2677.9763   11.0589
   -7.5000  -30.0000    0.0000 2774.9099   10.4296
    0.0000  -30.0000    0.0000 2805.5432   10.2595
    7.5000  -30.0000    0.0000 2786.3601   10.4034
   -7.5000  -22.5000    0.0000 2852.9822    9.9956
    0.0000  -22.5000    0.0000 2893.7910    9.8189
    7.5000  -22.5000    0.0000 2869.6846    9.9519
   -7.5000  -15.0000    0.0000 2903.8296    9.8541
    0.0000  -15.0000    0.0000 2955.6729    9.6611
    7.5000  -15.0000    0.0000 2921.1284    9.8001
   -7.5000   -7.5000    0.0000 2905.5713   10.0300
    0.0000   -7.5000    0.0000 2954.9636    9.8646
    7.5000   -7.5000    0.0000 2919.6135   10.0078
   -7.5000    0.0000    0.0000 2856.8557   10.4167
    0.0000    0.0000    0.0000 2892.6255   10.2712
    7.5000    0.0000    0.0000 2862.3384   10.4103
   -7.5000    7.5000    0.0000 2764.5037   10.9817
    0.0000    7.5000    0.0000 2797.6348   10.8549
    7.5000    7.5000    0.0000 2774.6689   10.9651
   -7.5000   15.0000    0.0000 2651.2979   11.7168
    0.0000   15.0000    0.0000 2682.1252   11.5627
    7.5000   15.0000    0.0000 2665.2034   11.6753
   -7.5000   22.5000    0.0000 2520.5862   12.7321
    0.0000   22.5000    0.0000 2549.3452   12.5746
    7.5000   22.5000    0.0000 2531.4983   12.6948
   -7.5000   30.0000    0.0000 2378.1985   14.1077
    0.0000   30.0000    0.0000 2405.8701   13.9350
    7.5000   30.0000    0.0000 2383.5378   14.0463
   -7.5000   37.5000    0.0000 2227.5879   15.8604
    0.0000   37.5000    0.0000 2248.5139   15.6656
    7.5000   37.5000    0.0000 2232.8669   15.7939
   -7.5000   45.0000    0.0000 2069.8552   18.0820
    0.0000   45.0000    0.0000 2084.3503   17.8629
    7.5000   45.0000    0.0000 2071.1426   18.0097
   -7.5000  -45.0000    7.5000 2546.9553   11.9980
    0.0000  -45.0000    7.5000 2571.3706   11.7616
    7.5000  -45.0000    7.5000 2557.5156   11.9589
   -7.5000  -37.5000    7.5000 2665.6299   11.0516
    0.0000  -37.5000    7.5000 2698.0676   10.8127
    7.5000  -37.5000    7.5000 2679.2688   10.9993
   -7.5000  -30.0000    7.5000 2776.0405   10.3867
    0.0000  -30.0000    7.5000 2815.2466   10.1450
    7.5000  -30.0000    7.5000 2794.8655   10.3351
   -7.5000  -22.5000    7.5000 2869.7126    9.9546
    0.0000  -22.5000    7.5000 2919.8469    9.7369
    7.5000  -22.5000    7.5000 2893.6206    9.8920
   -7.5000  -15.0000    7.5000 2932.0732    9.7737
    0.0000  -15.0000    7.5000 2995.0591    9.5444
    7.5000  -15.0000    7.5000 2950.6228    9.7354
   -7.5000   -7.5000    7.5000 2928.8247    9.9222
    0.0000   -7.5000    7.5000 2986.8284    9.7077
    7.5000   -7.5000    7.5000 2949.0063    9.8960
   -7.5000    0.0000    7.5000 2865.7349   10.3081
    0.0000    0.0000    7.5000 2905.9907   10.1317
    7.5000    0.0000    7.5000 2879.2412   10.2737
   -7.5000    7.5000    7.5000 2774.0725   10.8759
    0.0000    7.5000    7.5000 2807.0684   10.6842
    7.5000    7.5000    7.5000 2781.7568   10.8098
   -7.5000   15.0000    7.5000 2652.1514   11.6092
    0.0000   15.0000    7.5000 2685.3789   11.4134
    7.5000   15.0000    7.5000 2664.7544   11.5290
   -7.5000   22.5000    7.5000 2526.0972   12.6255
    0.0000   22.5000    7.5000 2554.0273   12.4183
    7.5000   22.5000    7.5000 2534.3550   12.5338
   -7.5000   30.0000    7.5000 2383.7539   13.9449
    0.0000   30.0000    7.5000 2409.9946   13.7405
    7.5000   30.0000    7.5000 2390.5496   13.8464
   -7.5000   37.5000    7.5000 2234.5720   15.6578
    0.0000   37.5000    7.5000 2254.1987   15.4360
    7.5000   37.5000    7.5000 2237.6436   15.5589
   -7.5000   45.0000    7.5000 2075.6162   17.8705
    0.0000   45.0000    7.5000 2091.4966   17.6032
    7.5000   45.0000    7.5000 2076.4070   17.7133
   -7.5000  -45.0000   15.0000 2517.8457   12.1547
    0.0000  -45.0000   15.0000 2544.2544   11.9292
    7.5000  -45.0000   15.0000 2529.7959   12.1008
   -7.5000  -37.5000   15.0000 2639.9062   11.1869
    0.0000  -37.5000   15.0000 2669.5303   10.9583
    7.5000  -37.5000   15.0000 2653.2305   11.1334
   -7.5000  -30.0000   15.0000 2749.8459   10.5099
    0.0000  -30.0000   15.0000 2785.1062   10.2574
    7.5000  -30.0000   15.0000 2769.7253   10.4432
   -7.5000  -22.5000   15.0000 2843.3660   10.0699
    0.0000  -22.5000   15.0000 2891.0845    9.8161
    7.5000  -22.5000   15.0000 2868.3647   10.0034
   -7.5000  -15.0000   15.0000 2903.4614    9.9518
    0.0000  -15.0000   15.0000 2961.5349    9.6854
    7.5000  -15.0000   15.0000 2929.1887    9.8776
   -7.5000   -7.5000   15.0000 2907.2959   10.0687
    0.0000   -7.5000   15.0000 2960.5754    9.8627
    7.5000   -7.5000   15.0000 2927.9966   10.0072
   -7.5000    0.0000   15.0000 2845.9441   10.3862
    0.0000    0.0000   15.0000 2885.2573   10.2114
    7.5000    0.0000   15.0000 2857.9307   10.3310
   -7.5000    7.5000   15.0000 2752.0244   10.9218
    0.0000    7.5000   15.0000 2784.3406   10.7518
    7.5000    7.5000   15.0000 2760.1833   10.8707
   -7.5000   15.0000   15.0000 2624.6223   11.6969
    0.0000   15.0000   15.0000 2655.0278   11.5085
    7.5000   15.0000   15.0000 2639.0044   11.6116
   -7.5000   22.5000   15.0000 2507.2048   12.7194
    0.0000   22.5000   15.0000 2525.8743   12.5114
    7.5000   22.5000   15.0000 2514.3044   12.5990
   -7.5000   30.0000   15.0000 2365.0610   14.0036
    0.0000   30.0000   15.0000 2386.3782   13.8055
    7.5000   30.0000   15.0000 2372.1885   13.8775
   -7.5000   37.5000   15.0000 2217.1299   15.6542
    0.0000   37.5000   15.0000 2237.0229   15.4343
    7.5000   37.5000   15.0000 2221.1680   15.5028
   -7.5000   45.0000   15.0000 2059.4666   17.7646
    0.0000   45.0000   15.0000 2077.4070   17.5202
    7.5000   45.0000   15.0000 2062.8257   17.6075
   -7.5000  -45.0000   22.5000 2483.9700   12.4986
    0.0000  -45.0000   22.5000 2508.4675   12.2599
    7.5000  -45.0000   22.5000 2496.0212   12.4238
   -7.5000  -37.5000   22.5000 2601.9670   11.5151
    0.0000  -37.5000   22.5000 2628.2244   11.2829
    7.5000  -37.5000   22.5000 2614.9055   11.4523
   -7.5000  -30.0000   22.5000 2706.2219   10.8295
    0.0000  -30.0000   22.5000 2735.8411   10.6083
    7.5000  -30.0000   22.5000 2721.7502   10.7469
   -7.5000  -22.5000   22.5000 2793.3047   10.4035
    0.0000  -22.5000   22.5000 2830.0522   10.1746
    7.5000  -22.5000   22.5000 2811.9106   10.3338
   -7.5000  -15.0000   22.5000 2842.3250   10.2743
    0.0000  -15.0000   22.5000 2883.0359   10.0625
    7.5000  -15.0000   22.5000 2861.8308   10.1931
   -7.5000   -7.5000   22.5000 2843.0500   10.3700
    0.0000   -7.5000   22.5000 2881.8979   10.2076
    7.5000   -7.5000   22.5000 2862.3745   10.2937
   -7.5000    0.0000   22.5000 2785.3789   10.7106
    0.0000    0.0000   22.5000 2820.1941   10.5453
    7.5000    0.0000   22.5000 2801.8591   10.6293
   -7.5000    7.5000   22.5000 2700.7261   11.2332
    0.0000    7.5000   22.5000 2731.4263   11.0842
    7.5000    7.5000   22.5000 2714.8538   11.1515
   -7.5000   15.0000   22.5000 2584.7651   11.9536
    0.0000   15.0000   22.5000 2609.4609   11.7977
    7.5000   15.0000   22.5000 2600.6985   11.8698
   -7.5000   22.5000   22.5000 2466.2578   12.9215
    0.0000   22.5000   22.5000 2489.8765   12.7364
    7.5000   22.5000   22.5000 2481.1643   12.8151
   -7.5000   30.0000   22.5000 2331.9929   14.1770
    0.0000   30.0000   22.5000 2349.1980   13.9918
    7.5000   30.0000   22.5000 2342.0776   14.0553
   -7.5000   37.5000   22.5000 2186.4126   15.7974
    0.0000   37.5000   22.5000 2204.2922   15.5760
    7.5000   37.5000   22.5000 2195.4546   15.6620
   -7.5000   45.0000   22.5000 2031.1487   17.9091
    0.0000   45.0000   22.5000 2049.0186   17.6409
    7.5000   45.0000   22.5000 2037.5300   17.7584
   -7.5000  -45.0000   30.0000 2436.9790   13.0552
    0.0000  -45.0000   30.0000 2461.5999   12.8443
    7.5000  -45.0000   30.0000 2448.7085   12.9571
   -7.5000  -37.5000   30.0000 2548.6902   12.0584
    0.0000  -37.5000   30.0000 2574.2290   11.8625
    7.5000  -37.5000   30.0000 2557.6538   11.9851
   -7.5000  -30.0000   30.0000 2646.0581   11.3619
    0.0000  -30.0000   30.0000 2675.8413   11.1724
    7.5000  -30.0000   30.0000 2660.1245   11.2982
   -7.5000  -22.5000   30.0000 2722.2327   10.9267
    0.0000  -22.5000   30.0000 2754.3770   10.7111
    7.5000  -22.5000   30.0000 2737.1267   10.8520
   -7.5000  -15.0000   30.0000 2756.5498   10.7683
    0.0000  -15.0000   30.0000 2787.6707   10.5646
    7.5000  -15.0000   30.0000 2773.4849   10.6913
   -7.5000   -7.5000   30.0000 2751.9800   10.8467
    0.0000   -7.5000   30.0000 2780.7651   10.6724
    7.5000   -7.5000   30.0000 2768.8381   10.7687
   -7.5000    0.0000   30.0000 2704.2192   11.1793
    0.0000    0.0000   30.0000 2730.5593   11.0049
    7.5000    0.0000   30.0000 2719.1733   11.1225
   -7.5000    7.5000   30.0000 2626.9998   11.6881
    0.0000    7.5000   30.0000 2654.0964   11.5173
    7.5000    7.5000   30.0000 2641.6240   11.6350
   -7.5000   15.0000   30.0000 2523.7749   12.4166
    0.0000   15.0000   30.0000 2549.7593   12.2351
    7.5000   15.0000   30.0000 2539.4470   12.3461
   -7.5000   22.5000   30.0000 2413.4873   13.3749
    0.0000   22.5000   30.0000 2438.3994   13.1870
    7.5000   22.5000   30.0000 2426.7749   13.2732
   -7.5000   30.0000   30.0000 2285.1812   14.6333
    0.0000   30.0000   30.0000 2302.8262   14.4199
    7.5000   30.0000   30.0000 2296.6606   14.4777
   -7.5000   37.5000   30.0000 2142.0789   16.2383
    0.0000   37.5000   30.0000 2161.5889   16.0183
    7.5000   37.5000   30.0000 2149.8274   16.0648
   -7.5000   45.0000   30.0000 1992.0660   18.2944
    0.0000   45.0000   30.0000 2007.7091   18.0394
    7.5000   45.0000   30.0000 2000.9111   18.1224
   -7.5000  -45.0000   37.5000 2378.5459   13.9077
    0.0000  -45.0000   37.5000 2400.6475   13.7010
    7.5000  -45.0000   37.5000 2386.2036   13.8101
   -7.5000  -37.5000   37.5000 2481.4265   12.8616
    0.0000  -37.5000   37.5000 2510.4243   12.6895
    7.5000  -37.5000   37.5000 2491.8179   12.7991
   -7.5000  -30.0000   37.5000 2570.1152   12.1107
    0.0000  -30.0000   37.5000 2602.4819   11.9248
    7.5000  -30.0000   37.5000 2581.8909   12.0463
   -7.5000  -22.5000   37.5000 2637.4907   11.6488
    0.0000  -22.5000   37.5000 2668.5750   11.4673
    7.5000  -22.5000   37.5000 2650.7039   11.5648
   -7.5000  -15.0000   37.5000 2665.9988   11.4787
    0.0000  -15.0000   37.5000 2693.7654   11.2994
    7.5000  -15.0000   37.5000 2680.4661   11.3742
   -7.5000   -7.5000   37.5000 2655.4641   11.5378
    0.0000   -7.5000   37.5000 2682.4048   11.3629
    7.5000   -7.5000   37.5000 2667.9351   11.4394
   -7.5000    0.0000   37.5000 2609.6191   11.8608
    0.0000    0.0000   37.5000 2630.8428   11.6912
    7.5000    0.0000   37.5000 2621.0559   11.7785
   -7.5000    7.5000   37.5000 2541.2241   12.3550
    0.0000    7.5000   37.5000 2563.1230   12.1874
    7.5000    7.5000   37.5000 2552.8538   12.2599
   -7.5000   15.0000   37.5000 2457.8311   13.0714
    0.0000   15.0000   37.5000 2478.6926   12.8863
    7.5000   15.0000   37.5000 2468.9504   12.9597
   -7.5000   22.5000   37.5000 2351.9397   14.0329
    0.0000   22.5000   37.5000 2370.9158   13.8316
    7.5000   22.5000   37.5000 2366.0278   13.9022
   -7.5000   30.0000   37.5000 2226.3762   15.2959
    0.0000   30.0000   37.5000 2245.4685   15.0749
    7.5000   30.0000   37.5000 2241.9136   15.1159
   -7.5000   37.5000   37.5000 2092.3779   16.9258
    0.0000   37.5000   37.5000 2112.5564   16.6998
    7.5000   37.5000   37.5000 2101.4487   16.7595
   -7.5000   45.0000   37.5000 1946.6956   19.0213
    0.0000   45.0000   37.5000 1959.1207   18.7743
    7.5000   45.0000   37.5000 1953.8992   18.8338
   -7.5000  -45.0000   45.0000 2303.6028   15.0584
    0.0000  -45.0000   45.0000 2326.8669   14.8597
    7.5000  -45.0000   45.0000 2308.8518   14.9248
   -7.5000  -37.5000   45.0000 2404.1667   13.9401
    0.0000  -37.5000   45.0000 2428.3430   13.7676
    7.5000  -37.5000   45.0000 2407.1997   13.8448
   -7.5000  -30.0000   45.0000 2486.8567   13.1379
    0.0000  -30.0000   45.0000 2513.6152   12.9726
    7.5000  -30.0000   45.0000 2491.6504   13.0397
   -7.5000  -22.5000   45.0000 2543.5916   12.6302
    0.0000  -22.5000   45.0000 2570.0454   12.4636
    7.5000  -22.5000   45.0000 2551.5840   12.5235
   -7.5000  -15.0000   45.0000 2565.7747   12.4304
    0.0000  -15.0000   45.0000 2585.5186   12.2441
    7.5000  -15.0000   45.0000 2572.6667   12.3040
   -7.5000   -7.5000   45.0000 2550.7297   12.4439
    0.0000   -7.5000   45.0000 2573.2664   12.2869
    7.5000   -7.5000   45.0000 2561.8525   12.3485
   -7.5000    0.0000   45.0000 2507.4417   12.7437
    0.0000    0.0000   45.0000 2525.5447   12.5870
    7.5000    0.0000   45.0000 2517.0327   12.6518
   -7.5000    7.5000   45.0000 2451.3555   13.2280
    0.0000    7.5000   45.0000 2467.8767   13.0811
    7.5000    7.5000   45.0000 2459.7363   13.1295
   -7.5000   15.0000   45.0000 2374.0481   13.9462
    0.0000   15.0000   45.0000 2393.3811   13.7583
    7.5000   15.0000   45.0000 2385.1055   13.8061
   -7.5000   22.5000   45.0000 2275.2388   14.9333
    0.0000   22.5000   45.0000 2293.7837   14.7389
    7.5000   22.5000   45.0000 2287.6765   14.7670
   -7.5000   30.0000   45.0000 2160.1934   16.2001
    0.0000   30.0000   45.0000 2178.8269   15.9795
    7.5000   30.0000   45.0000 2169.3398   15.9919
   -7.5000   37.5000   45.0000 2030.5402   17.9140
    0.0000   37.5000   45.0000 2045.9291   17.6880
    7.5000   37.5000   45.0000 2035.6671   17.6922
   -7.5000   45.0000   45.0000 1889.9608   20.0720
    0.0000   45.0000   45.0000 1903.4742   19.8066
    7.5000   45.0000   45.0000 1898.1520   19.8171

---------------------------------------------------------------------
imgreg_4dfp /opt/freesurfer/average/711-2C_as_mni_average_305 /opt/freesurfer/average/711-2B_as_mni_average_305_mask talsrcimg_g11 none talsrcimg_to_711-2C_as_mni_average_305_t4 1283
---------------------------------------------------------------------

freesurfer imgreg_4dfp.c
/opt/freesurfer/average/711-2C_as_mni_average_305.4dfp.img
       256       256       256         1
  1.000000  1.000000  1.000000
orientation T byte_order littleendian
Reading image: /opt/freesurfer/average/711-2C_as_mni_average_305.4dfp.img
dimensions:      256       256       256
mmppix:       1.0000   -1.0000   -1.0000
center:     128.0000 -129.0000 -129.0000
/opt/freesurfer/average/711-2B_as_mni_average_305_mask.4dfp.img
       256       256       256         1
  1.000000  1.000000  1.000000
orientation T byte_order littleendian
Reading mask: /opt/freesurfer/average/711-2B_as_mni_average_305_mask.4dfp.img (2306576 pixels)
talsrcimg_g11.4dfp.img
       256       256       256         1
  1.000000  1.000000  1.000000
orientation T byte_order littleendian
Reading image: talsrcimg_g11.4dfp.img
dimensions:      256       256       256
mmppix:       1.0000   -1.0000   -1.0000
center:     128.0000 -129.0000 -129.0000
rotation matrix determinant  1.000000
fimgreg.f
image alignment mode   1283 decimal      503 hex
parameters
    0.0000  -15.0000    7.5000    0.0000    0.0000    0.0000
eta,q 0.93872  9.52828
niter,ni,del,rscale     5    3   12.0000    1.2000
parameter  4  0.708266 ->  0.500000 qaram    1.1500
parameter  5 -0.568021 -> -0.500000 qaram    1.1500
parameters
    0.7305  -12.4766    8.5124   -3.4500    3.4500    1.0316
eta,q 0.94351  9.44258
  0.0758  0.0790  0.0662  0.0576  0.0675  0.0627
  0.0691  0.0713  0.0622  0.0577  0.0633  0.0595
  0.0632  0.0653  0.0594  0.0582  0.0600  0.0573
  0.0611  0.0611  0.0585  0.0589  0.0578  0.0565
  0.0626  0.0587  0.0594  0.0600  0.0568  0.0567
  0.0657  0.0598  0.0601  0.0619  0.0565  0.0575
  0.0697  0.0629  0.0619  0.0651  0.0572  0.0594
niter,ni,del,rscale     6    3   12.0000    1.2000
parameters
   -0.1959  -11.4297    7.9541   -4.7520    4.3402    0.8214
eta,q 0.94588  9.41636
  0.0662  0.0696  0.0589  0.0574  0.0622  0.0586
  0.0593  0.0617  0.0555  0.0542  0.0584  0.0559
  0.0556  0.0577  0.0546  0.0540  0.0557  0.0545
  0.0565  0.0556  0.0549  0.0547  0.0543  0.0541
  0.0603  0.0551  0.0558  0.0559  0.0544  0.0549
  0.0659  0.0578  0.0568  0.0574  0.0565  0.0566
  0.0726  0.0619  0.0604  0.0589  0.0589  0.0590
niter,ni,del,rscale     5    3   12.0000    1.2000
parameters
   -0.5382  -10.8241    7.7519   -5.6071    4.8551    0.7212
eta,q 0.94656  9.40679
  0.0666  0.0654  0.0588  0.0581  0.0611  0.0582
  0.0599  0.0593  0.0550  0.0535  0.0574  0.0554
  0.0552  0.0560  0.0536  0.0530  0.0546  0.0539
  0.0541  0.0540  0.0538  0.0538  0.0535  0.0535
  0.0567  0.0546  0.0547  0.0551  0.0544  0.0543
  0.0622  0.0573  0.0559  0.0572  0.0566  0.0559
  0.0694  0.0614  0.0589  0.0586  0.0588  0.0582
niter,ni,del,rscale     4    3   12.0000    1.2000
parameters
   -0.7386  -10.3688    7.5371   -6.2699    5.1496    0.6427
eta,q 0.94689  9.40001
  0.0664  0.0641  0.0584  0.0587  0.0605  0.0580
  0.0599  0.0586  0.0546  0.0536  0.0568  0.0549
  0.0551  0.0552  0.0532  0.0524  0.0539  0.0534
  0.0534  0.0535  0.0534  0.0534  0.0531  0.0531
  0.0554  0.0543  0.0542  0.0548  0.0544  0.0540
  0.0610  0.0570  0.0556  0.0571  0.0565  0.0556
  0.0685  0.0612  0.0585  0.0589  0.0589  0.0578
niter,ni,del,rscale     3    3   12.0000    1.2000
parameters
   -0.8299   -9.9849    7.2940   -6.8323    5.2868    0.5319
eta,q 0.94727  9.39654
  0.0666  0.0634  0.0582  0.0590  0.0601  0.0577
  0.0601  0.0582  0.0543  0.0538  0.0562  0.0545
  0.0552  0.0547  0.0528  0.0519  0.0534  0.0530
  0.0531  0.0531  0.0531  0.0531  0.0527  0.0527
  0.0546  0.0540  0.0539  0.0547  0.0542  0.0537
  0.0602  0.0567  0.0555  0.0570  0.0563  0.0553
  0.0681  0.0611  0.0584  0.0592  0.0589  0.0574
niter,ni,del,rscale     2    3   12.0000    1.2000
parameters
   -0.8361   -9.6547    7.0405   -7.3109    5.3239    0.4002
eta,q 0.94774  9.39311
  0.0668  0.0630  0.0581  0.0592  0.0596  0.0574
  0.0602  0.0579  0.0541  0.0541  0.0557  0.0541
  0.0551  0.0542  0.0524  0.0514  0.0529  0.0524
  0.0527  0.0527  0.0527  0.0526  0.0523  0.0523
  0.0539  0.0536  0.0537  0.0546  0.0539  0.0533
  0.0596  0.0565  0.0554  0.0568  0.0560  0.0550
  0.0677  0.0610  0.0582  0.0593  0.0588  0.0572
niter,ni,del,rscale     1    3   12.0000    1.2000
parameters
   -0.7982   -9.3508    6.8146   -7.7545    5.3243    0.3085
eta,q 0.94824  9.38965
  0.0668  0.0627  0.0581  0.0591  0.0592  0.0572
  0.0602  0.0575  0.0540  0.0543  0.0553  0.0537
  0.0549  0.0537  0.0521  0.0509  0.0524  0.0519
  0.0523  0.0522  0.0522  0.0522  0.0518  0.0518
  0.0533  0.0531  0.0534  0.0544  0.0534  0.0528
  0.0591  0.0562  0.0554  0.0567  0.0557  0.0546
  0.0675  0.0607  0.0581  0.0593  0.0587  0.0569
registration optimization eta report
parameter search radius
    6.0000    6.0000    6.0000    6.9000    6.9000    6.0000
100000*second partial in parameter space
       41.       26.       17.       15.       15.       15.
  0.0668  0.0627  0.0581  0.0591  0.0592  0.0572
  0.0602  0.0575  0.0540  0.0543  0.0553  0.0537
  0.0549  0.0537  0.0521  0.0509  0.0524  0.0519
  0.0523  0.0522  0.0522  0.0522  0.0518  0.0518
  0.0533  0.0531  0.0534  0.0544  0.0534  0.0528
  0.0591  0.0562  0.0554  0.0567  0.0557  0.0546
  0.0675  0.0607  0.0581  0.0593  0.0587  0.0569
   -0.7982   -9.3508    6.8146   -7.7545    5.3243    0.3085
eta,q 0.94824  9.38965

---------------------------------------------------------------------
imgreg_4dfp /opt/freesurfer/average/711-2C_as_mni_average_305 /opt/freesurfer/average/711-2B_as_mni_average_305_mask talsrcimg_g11 none talsrcimg_to_711-2C_as_mni_average_305_t4 3335
---------------------------------------------------------------------

freesurfer imgreg_4dfp.c
/opt/freesurfer/average/711-2C_as_mni_average_305.4dfp.img
       256       256       256         1
  1.000000  1.000000  1.000000
orientation T byte_order littleendian
Reading image: /opt/freesurfer/average/711-2C_as_mni_average_305.4dfp.img
dimensions:      256       256       256
mmppix:       1.0000   -1.0000   -1.0000
center:     128.0000 -129.0000 -129.0000
/opt/freesurfer/average/711-2B_as_mni_average_305_mask.4dfp.img
       256       256       256         1
  1.000000  1.000000  1.000000
orientation T byte_order littleendian
Reading mask: /opt/freesurfer/average/711-2B_as_mni_average_305_mask.4dfp.img (2306576 pixels)
talsrcimg_g11.4dfp.img
       256       256       256         1
  1.000000  1.000000  1.000000
orientation T byte_order littleendian
Reading image: talsrcimg_g11.4dfp.img
dimensions:      256       256       256
mmppix:       1.0000   -1.0000   -1.0000
center:     128.0000 -129.0000 -129.0000
fimgreg.f
image alignment mode   3335 decimal      D07 hex
parameters
   -0.7982   -9.3508    6.8146   -0.4329   -0.9092   -1.3420
    0.7186   -9.2669    0.5360   13.4431    9.2793  -13.4346
eta,q 0.94830  9.51729
niter,ni,del,rscale     5    3    5.0000    1.2000
parameter  4  1.199739 ->  0.500000 qaram    1.1500
parameter  5  2.215607 ->  0.500000 qaram    1.1500
parameter  6  2.321419 ->  0.500000 qaram    1.1500
parameter 10  0.547725 ->  0.500000 qaram    1.1500
parameters
   -1.3523   -8.3633    7.1524   -4.5729   -5.0492   -5.4820
    1.2075   -6.8889    1.2954    9.3031    9.6396  -12.9093
eta,q 0.96372  8.88271
  0.0530  0.0539  0.0530  0.0472  0.0411  0.0339  0.0398  0.0429  0.0390  0.0370  0.0378  0.0380
  0.0520  0.0528  0.0522  0.0478  0.0428  0.0365  0.0386  0.0404  0.0380  0.0363  0.0370  0.0371
  0.0516  0.0520  0.0517  0.0491  0.0452  0.0398  0.0378  0.0385  0.0374  0.0364  0.0365  0.0365
  0.0517  0.0516  0.0513  0.0513  0.0481  0.0434  0.0374  0.0374  0.0371  0.0371  0.0363  0.0363
  0.0524  0.0513  0.0513  0.0542  0.0514  0.0478  0.0376  0.0371  0.0372  0.0384  0.0364  0.0364
  0.0535  0.0514  0.0517  0.0577  0.0550  0.0529  0.0382  0.0375  0.0376  0.0402  0.0369  0.0368
  0.0551  0.0518  0.0523  0.0615  0.0591  0.0583  0.0392  0.0386  0.0384  0.0421  0.0375  0.0376
niter,ni,del,rscale     7    3    5.0000    1.2000
parameter  5  0.946498 ->  0.500000 qaram    1.3225
parameter  6  0.877183 ->  0.500000 qaram    1.3225
parameter 10 -0.517475 -> -0.500000 qaram    1.3225
parameters
   -0.9832   -8.2387    6.5022   -8.3447   -9.8102  -10.2430
    1.1174   -7.1476    1.5501   14.0641   10.7300  -10.9009
eta,q 0.97164  8.43499
  0.0397  0.0383  0.0368  0.0364  0.0326  0.0293  0.0313  0.0325  0.0312  0.0343  0.0302  0.0304
  0.0380  0.0372  0.0363  0.0357  0.0329  0.0293  0.0302  0.0309  0.0302  0.0323  0.0295  0.0295
  0.0368  0.0365  0.0361  0.0355  0.0338  0.0301  0.0296  0.0298  0.0296  0.0307  0.0289  0.0289
  0.0363  0.0362  0.0362  0.0361  0.0355  0.0330  0.0294  0.0294  0.0294  0.0294  0.0285  0.0285
  0.0363  0.0364  0.0366  0.0377  0.0378  0.0373  0.0296  0.0298  0.0295  0.0286  0.0285  0.0284
  0.0369  0.0369  0.0373  0.0405  0.0410  0.0421  0.0303  0.0311  0.0301  0.0286  0.0288  0.0286
  0.0381  0.0379  0.0383  0.0444  0.0448  0.0476  0.0314  0.0331  0.0310  0.0294  0.0295  0.0291
niter,ni,del,rscale     7    3    5.0000    1.2000
parameter  2 -0.716495 -> -0.500000 qaram    1.1500
parameter  3  0.658461 ->  0.500000 qaram    1.1500
parameter  5  0.502342 ->  0.500000 qaram    1.5209
parameters
   -1.0587   -6.8587    5.1222   -7.7652  -15.2853  -14.7055
    0.9597   -7.3955    1.2268   16.1766   10.8654  -11.3357
eta,q 0.97515  8.15563
  0.0307  0.0327  0.0268  0.0298  0.0265  0.0262  0.0272  0.0283  0.0269  0.0305  0.0259  0.0258
  0.0293  0.0309  0.0266  0.0284  0.0256  0.0254  0.0261  0.0265  0.0259  0.0281  0.0254  0.0253
  0.0286  0.0294  0.0268  0.0273  0.0256  0.0250  0.0254  0.0255  0.0253  0.0262  0.0250  0.0249
  0.0284  0.0284  0.0274  0.0266  0.0265  0.0255  0.0252  0.0252  0.0252  0.0252  0.0249  0.0249
  0.0287  0.0276  0.0284  0.0265  0.0283  0.0289  0.0255  0.0256  0.0254  0.0248  0.0249  0.0250
  0.0296  0.0274  0.0299  0.0274  0.0311  0.0341  0.0262  0.0268  0.0261  0.0255  0.0253  0.0254
  0.0309  0.0276  0.0317  0.0294  0.0347  0.0398  0.0274  0.0287  0.0272  0.0274  0.0258  0.0261
niter,ni,del,rscale     7    3    5.0000    1.2000
parameter  3  0.515622 ->  0.500000 qaram    1.3225
parameters
   -0.9272   -6.1390    3.5352   -6.0428  -14.9948  -17.2347
    1.1553   -7.0484    1.1935   16.6566   10.9723  -12.7481
eta,q 0.97598  8.12712
  0.0276  0.0291  0.0246  0.0275  0.0288  0.0259  0.0264  0.0278  0.0260  0.0283  0.0250  0.0248
  0.0261  0.0271  0.0242  0.0262  0.0265  0.0248  0.0252  0.0260  0.0249  0.0260  0.0245  0.0243
  0.0252  0.0257  0.0242  0.0250  0.0247  0.0242  0.0244  0.0247  0.0243  0.0246  0.0242  0.0240
  0.0248  0.0248  0.0246  0.0242  0.0238  0.0238  0.0241  0.0241  0.0241  0.0241  0.0241  0.0241
  0.0250  0.0246  0.0253  0.0238  0.0242  0.0246  0.0243  0.0243  0.0243  0.0244  0.0241  0.0244
  0.0258  0.0251  0.0263  0.0242  0.0257  0.0281  0.0250  0.0254  0.0250  0.0255  0.0244  0.0249
  0.0270  0.0262  0.0277  0.0259  0.0286  0.0328  0.0262  0.0273  0.0260  0.0275  0.0249  0.0256
niter,ni,del,rscale     7    3    5.0000    1.2000
parameters
   -0.7297   -5.9640    2.8883   -6.0481  -14.9806  -18.1841
    1.1856   -6.8545    1.2043   17.0614   10.8655  -13.0921
eta,q 0.97604  8.09003
  0.0269  0.0272  0.0252  0.0265  0.0285  0.0268  0.0261  0.0275  0.0258  0.0280  0.0247  0.0250
  0.0254  0.0255  0.0243  0.0254  0.0263  0.0254  0.0250  0.0257  0.0248  0.0258  0.0243  0.0244
  0.0245  0.0245  0.0239  0.0245  0.0247  0.0243  0.0243  0.0245  0.0242  0.0244  0.0241  0.0241
  0.0240  0.0240  0.0240  0.0239  0.0239  0.0239  0.0240  0.0240  0.0240  0.0240  0.0240  0.0240
  0.0242  0.0242  0.0245  0.0238  0.0243  0.0239  0.0242  0.0243  0.0242  0.0243  0.0240  0.0242
  0.0249  0.0251  0.0254  0.0248  0.0259  0.0256  0.0250  0.0254  0.0248  0.0254  0.0243  0.0246
  0.0261  0.0265  0.0267  0.0271  0.0288  0.0295  0.0261  0.0272  0.0258  0.0273  0.0248  0.0252
niter,ni,del,rscale     6    3    5.0000    1.2000
parameters
   -0.6345   -5.8436    2.5799   -5.9973  -15.1056  -18.5971
    1.1705   -6.7493    1.2502   17.3228   10.7717  -13.2686
eta,q 0.97604  8.07242
  0.0266  0.0270  0.0256  0.0264  0.0283  0.0271  0.0261  0.0274  0.0257  0.0278  0.0247  0.0250
  0.0252  0.0254  0.0246  0.0254  0.0262  0.0256  0.0250  0.0256  0.0248  0.0257  0.0243  0.0244
  0.0243  0.0244  0.0240  0.0245  0.0246  0.0245  0.0242  0.0245  0.0242  0.0244  0.0241  0.0241
  0.0240  0.0240  0.0240  0.0239  0.0239  0.0239  0.0240  0.0240  0.0240  0.0240  0.0240  0.0240
  0.0242  0.0242  0.0243  0.0239  0.0244  0.0238  0.0242  0.0243  0.0242  0.0243  0.0240  0.0241
  0.0249  0.0251  0.0251  0.0248  0.0259  0.0252  0.0250  0.0254  0.0248  0.0254  0.0243  0.0245
  0.0262  0.0265  0.0263  0.0269  0.0289  0.0287  0.0261  0.0273  0.0257  0.0273  0.0248  0.0251
niter,ni,del,rscale     5    3    5.0000    1.2000
parameters
   -0.5891   -5.7513    2.4339   -5.9722  -15.2226  -18.8019
    1.1446   -6.6944    1.2858   17.5192   10.7005  -13.3769
eta,q 0.97602  8.06282
  0.0265  0.0269  0.0258  0.0264  0.0283  0.0272  0.0261  0.0273  0.0257  0.0276  0.0247  0.0251
  0.0251  0.0253  0.0248  0.0254  0.0262  0.0257  0.0250  0.0256  0.0248  0.0256  0.0243  0.0245
  0.0243  0.0243  0.0241  0.0246  0.0247  0.0246  0.0243  0.0244  0.0242  0.0243  0.0241  0.0241
  0.0240  0.0240  0.0240  0.0240  0.0240  0.0240  0.0240  0.0240  0.0240  0.0240  0.0240  0.0240
  0.0242  0.0242  0.0243  0.0239  0.0244  0.0238  0.0242  0.0243  0.0242  0.0243  0.0240  0.0241
  0.0250  0.0251  0.0250  0.0248  0.0259  0.0250  0.0250  0.0254  0.0248  0.0254  0.0243  0.0245
  0.0263  0.0265  0.0261  0.0269  0.0289  0.0284  0.0261  0.0273  0.0257  0.0273  0.0248  0.0251
niter,ni,del,rscale     4    3    5.0000    1.2000
parameters
   -0.5635   -5.6854    2.3544   -5.9604  -15.3174  -18.9139
    1.1296   -6.6609    1.3201   17.6615   10.6334  -13.4397
eta,q 0.97600  8.05676
  0.0264  0.0268  0.0259  0.0264  0.0283  0.0272  0.0261  0.0273  0.0257  0.0275  0.0247  0.0251
  0.0251  0.0253  0.0248  0.0254  0.0262  0.0257  0.0250  0.0256  0.0248  0.0255  0.0243  0.0245
  0.0243  0.0243  0.0242  0.0246  0.0247  0.0246  0.0243  0.0245  0.0242  0.0243  0.0241  0.0241
  0.0240  0.0240  0.0240  0.0240  0.0240  0.0240  0.0240  0.0240  0.0240  0.0240  0.0240  0.0240
  0.0242  0.0243  0.0243  0.0239  0.0244  0.0239  0.0242  0.0243  0.0242  0.0243  0.0241  0.0241
  0.0250  0.0251  0.0250  0.0248  0.0259  0.0250  0.0250  0.0255  0.0248  0.0254  0.0243  0.0245
  0.0263  0.0265  0.0261  0.0269  0.0288  0.0283  0.0261  0.0273  0.0256  0.0273  0.0248  0.0251
niter,ni,del,rscale     3    3    5.0000    1.2000
parameters
   -0.5489   -5.6388    2.3088   -5.9518  -15.3931  -18.9838
    1.1142   -6.6359    1.3421   17.7647   10.5942  -13.4765
eta,q 0.97599  8.05272
  0.0264  0.0267  0.0259  0.0264  0.0283  0.0272  0.0261  0.0273  0.0257  0.0275  0.0247  0.0251
  0.0251  0.0252  0.0249  0.0254  0.0262  0.0257  0.0250  0.0256  0.0248  0.0255  0.0244  0.0245
  0.0243  0.0243  0.0242  0.0246  0.0247  0.0246  0.0243  0.0245  0.0242  0.0243  0.0241  0.0241
  0.0240  0.0240  0.0240  0.0240  0.0240  0.0240  0.0240  0.0240  0.0240  0.0240  0.0240  0.0240
  0.0243  0.0243  0.0243  0.0239  0.0244  0.0239  0.0242  0.0244  0.0242  0.0243  0.0241  0.0242
  0.0251  0.0252  0.0250  0.0248  0.0259  0.0250  0.0250  0.0255  0.0248  0.0254  0.0243  0.0245
  0.0264  0.0265  0.0260  0.0269  0.0288  0.0282  0.0261  0.0273  0.0257  0.0273  0.0248  0.0251
niter,ni,del,rscale     2    3    5.0000    1.2000
parameters
   -0.5374   -5.6055    2.2772   -5.9499  -15.4464  -19.0372
    1.1047   -6.6197    1.3576   17.8343   10.5726  -13.5020
eta,q 0.97597  8.04959
  0.0264  0.0267  0.0260  0.0264  0.0283  0.0273  0.0261  0.0273  0.0257  0.0274  0.0247  0.0251
  0.0251  0.0252  0.0249  0.0254  0.0262  0.0258  0.0250  0.0256  0.0248  0.0255  0.0244  0.0245
  0.0243  0.0243  0.0242  0.0246  0.0247  0.0246  0.0243  0.0245  0.0242  0.0243  0.0241  0.0241
  0.0240  0.0240  0.0240  0.0240  0.0240  0.0240  0.0240  0.0240  0.0240  0.0240  0.0240  0.0240
  0.0243  0.0243  0.0243  0.0239  0.0244  0.0239  0.0243  0.0244  0.0242  0.0244  0.0241  0.0242
  0.0251  0.0252  0.0250  0.0248  0.0259  0.0250  0.0250  0.0255  0.0248  0.0254  0.0243  0.0245
  0.0264  0.0265  0.0260  0.0269  0.0287  0.0282  0.0262  0.0274  0.0256  0.0273  0.0248  0.0251
niter,ni,del,rscale     1    3    5.0000    1.2000
parameters
   -0.5309   -5.5831    2.2554   -5.9462  -15.4798  -19.0713
    1.1005   -6.6125    1.3715   17.8838   10.5539  -13.5261
eta,q 0.97597  8.04775
  0.0264  0.0267  0.0260  0.0264  0.0283  0.0273  0.0261  0.0273  0.0257  0.0274  0.0247  0.0251
  0.0251  0.0252  0.0249  0.0254  0.0262  0.0258  0.0250  0.0256  0.0248  0.0255  0.0244  0.0245
  0.0243  0.0243  0.0243  0.0246  0.0247  0.0247  0.0243  0.0245  0.0242  0.0243  0.0241  0.0241
  0.0240  0.0240  0.0240  0.0240  0.0240  0.0240  0.0240  0.0240  0.0240  0.0240  0.0240  0.0240
  0.0243  0.0243  0.0243  0.0240  0.0244  0.0239  0.0243  0.0244  0.0242  0.0244  0.0241  0.0242
  0.0251  0.0252  0.0250  0.0248  0.0259  0.0250  0.0250  0.0255  0.0248  0.0254  0.0243  0.0246
  0.0264  0.0265  0.0260  0.0269  0.0287  0.0282  0.0262  0.0274  0.0256  0.0273  0.0248  0.0251
registration optimization eta report
parameter search radius
    2.4000    2.7600    3.1740    8.2800   10.9503    9.5220
    7.2000    7.2000    7.2000    9.5220    7.2000    7.2000
100000*second partial in parameter space
       41.       34.       19.        4.        4.        4.
        4.        6.        3.        4.        1.        2.
  0.0264  0.0267  0.0260  0.0264  0.0283  0.0273  0.0261  0.0273  0.0257  0.0274  0.0247  0.0251
  0.0251  0.0252  0.0249  0.0254  0.0262  0.0258  0.0250  0.0256  0.0248  0.0255  0.0244  0.0245
  0.0243  0.0243  0.0243  0.0246  0.0247  0.0247  0.0243  0.0245  0.0242  0.0243  0.0241  0.0241
  0.0240  0.0240  0.0240  0.0240  0.0240  0.0240  0.0240  0.0240  0.0240  0.0240  0.0240  0.0240
  0.0243  0.0243  0.0243  0.0240  0.0244  0.0239  0.0243  0.0244  0.0242  0.0244  0.0241  0.0242
  0.0251  0.0252  0.0250  0.0248  0.0259  0.0250  0.0250  0.0255  0.0248  0.0254  0.0243  0.0246
  0.0264  0.0265  0.0260  0.0269  0.0287  0.0282  0.0262  0.0274  0.0256  0.0273  0.0248  0.0251
   -0.5309   -5.5831    2.2554   -5.9462  -15.4798  -19.0713
    1.1005   -6.6125    1.3715   17.8838   10.5539  -13.5261
eta,q 0.97597  8.04775

---------------------------------------------------------------------
imgreg_4dfp /opt/freesurfer/average/711-2C_as_mni_average_305 /opt/freesurfer/average/711-2B_as_mni_average_305_mask talsrcimg_g11 none talsrcimg_to_711-2C_as_mni_average_305_t4 2311
---------------------------------------------------------------------

freesurfer imgreg_4dfp.c
/opt/freesurfer/average/711-2C_as_mni_average_305.4dfp.img
       256       256       256         1
  1.000000  1.000000  1.000000
orientation T byte_order littleendian
Reading image: /opt/freesurfer/average/711-2C_as_mni_average_305.4dfp.img
dimensions:      256       256       256
mmppix:       1.0000   -1.0000   -1.0000
center:     128.0000 -129.0000 -129.0000
/opt/freesurfer/average/711-2B_as_mni_average_305_mask.4dfp.img
       256       256       256         1
  1.000000  1.000000  1.000000
orientation T byte_order littleendian
Reading mask: /opt/freesurfer/average/711-2B_as_mni_average_305_mask.4dfp.img (2306576 pixels)
talsrcimg_g11.4dfp.img
       256       256       256         1
  1.000000  1.000000  1.000000
orientation T byte_order littleendian
Reading image: talsrcimg_g11.4dfp.img
dimensions:      256       256       256
mmppix:       1.0000   -1.0000   -1.0000
center:     128.0000 -129.0000 -129.0000
fimgreg.f
image alignment mode   2311 decimal      907 hex
parameters
   -0.5309   -5.5831    2.2554   -5.9462  -15.4798  -19.0713
    1.1005   -6.6125    1.3715   17.8838   10.5539  -13.5261
eta,q 0.97597  8.04776
niter,ni,del,rscale     5    3    5.0000    0.8000
parameters
   -0.5169   -5.6060    2.2471   -4.7123  -15.0501  -17.4808
    1.1093   -6.4230    1.3483   17.9890   10.9827  -14.1341
eta,q 0.97622  8.16564
  0.0251  0.0249  0.0246  0.0252  0.0250  0.0251  0.0248  0.0258  0.0246  0.0248  0.0243  0.0242
  0.0245  0.0244  0.0243  0.0247  0.0245  0.0246  0.0243  0.0249  0.0242  0.0242  0.0241  0.0239
  0.0242  0.0241  0.0241  0.0243  0.0241  0.0241  0.0240  0.0242  0.0239  0.0239  0.0239  0.0238
  0.0240  0.0240  0.0240  0.0240  0.0239  0.0239  0.0238  0.0238  0.0238  0.0238  0.0238  0.0238
  0.0241  0.0241  0.0241  0.0239  0.0239  0.0238  0.0239  0.0240  0.0239  0.0239  0.0238  0.0239
  0.0245  0.0245  0.0243  0.0240  0.0242  0.0238  0.0243  0.0246  0.0242  0.0242  0.0239  0.0241
  0.0251  0.0249  0.0246  0.0245  0.0247  0.0242  0.0249  0.0256  0.0246  0.0247  0.0242  0.0245
niter,ni,del,rscale     4    3    5.0000    0.7000
parameters
   -0.5757   -5.7344    2.5369   -4.9686  -14.9258  -16.8474
    1.1491   -6.5661    1.2530   17.9428   11.2475  -14.0698
eta,q 0.97630  8.18798
  0.0247  0.0244  0.0244  0.0245  0.0246  0.0246  0.0245  0.0251  0.0243  0.0245  0.0241  0.0242
  0.0242  0.0240  0.0241  0.0241  0.0242  0.0242  0.0241  0.0244  0.0240  0.0240  0.0239  0.0239
  0.0239  0.0238  0.0239  0.0239  0.0239  0.0239  0.0238  0.0239  0.0238  0.0238  0.0238  0.0238
  0.0238  0.0238  0.0238  0.0238  0.0238  0.0238  0.0237  0.0237  0.0237  0.0237  0.0237  0.0237
  0.0239  0.0239  0.0238  0.0238  0.0238  0.0237  0.0238  0.0239  0.0238  0.0238  0.0237  0.0238
  0.0243  0.0242  0.0238  0.0242  0.0241  0.0238  0.0241  0.0245  0.0240  0.0241  0.0238  0.0239
  0.0248  0.0246  0.0240  0.0248  0.0246  0.0243  0.0245  0.0254  0.0244  0.0245  0.0240  0.0241
niter,ni,del,rscale     3    3    5.0000    0.6000
parameters
   -0.6175   -5.8034    2.6985   -5.0105  -14.8530  -16.4286
    1.2051   -6.6628    1.1801   17.8813   11.3951  -14.0589
eta,q 0.97634  8.20629
  0.0244  0.0242  0.0241  0.0243  0.0243  0.0243  0.0243  0.0248  0.0241  0.0242  0.0240  0.0240
  0.0240  0.0239  0.0239  0.0240  0.0240  0.0240  0.0240  0.0242  0.0239  0.0239  0.0238  0.0238
  0.0238  0.0237  0.0238  0.0238  0.0238  0.0238  0.0237  0.0238  0.0237  0.0237  0.0237  0.0237
  0.0237  0.0237  0.0237  0.0237  0.0237  0.0237  0.0237  0.0237  0.0237  0.0237  0.0237  0.0237
  0.0238  0.0238  0.0237  0.0238  0.0237  0.0236  0.0237  0.0238  0.0237  0.0237  0.0237  0.0237
  0.0241  0.0240  0.0238  0.0240  0.0239  0.0237  0.0239  0.0242  0.0239  0.0239  0.0238  0.0238
  0.0245  0.0243  0.0239  0.0244  0.0243  0.0241  0.0243  0.0249  0.0242  0.0243  0.0239  0.0240
niter,ni,del,rscale     2    3    5.0000    0.5000
parameters
   -0.6539   -5.8424    2.8281   -5.0084  -14.7969  -15.9910
    1.2608   -6.7404    1.0875   17.8664   11.5190  -14.0610
eta,q 0.97639  8.22639
  0.0241  0.0240  0.0239  0.0241  0.0241  0.0241  0.0240  0.0244  0.0239  0.0241  0.0238  0.0239
  0.0239  0.0238  0.0238  0.0239  0.0239  0.0239  0.0238  0.0240  0.0238  0.0238  0.0237  0.0237
  0.0237  0.0237  0.0237  0.0237  0.0237  0.0238  0.0237  0.0237  0.0236  0.0237  0.0236  0.0236
  0.0237  0.0237  0.0237  0.0237  0.0237  0.0237  0.0236  0.0236  0.0236  0.0236  0.0236  0.0236
  0.0237  0.0237  0.0237  0.0237  0.0237  0.0236  0.0237  0.0237  0.0237  0.0237  0.0236  0.0236
  0.0239  0.0239  0.0237  0.0239  0.0238  0.0237  0.0238  0.0240  0.0238  0.0238  0.0237  0.0237
  0.0242  0.0241  0.0238  0.0242  0.0241  0.0240  0.0240  0.0245  0.0240  0.0241  0.0238  0.0239
niter,ni,del,rscale     1    3    5.0000    0.4000
parameters
   -0.6880   -5.8583    2.9672   -5.0411  -14.7542  -15.4976
    1.3270   -6.8166    1.0333   17.8863   11.5574  -14.1414
eta,q 0.97643  8.24748
  0.0239  0.0239  0.0238  0.0239  0.0239  0.0239  0.0239  0.0241  0.0238  0.0239  0.0237  0.0237
  0.0237  0.0237  0.0237  0.0238  0.0238  0.0238  0.0237  0.0238  0.0237  0.0237  0.0236  0.0236
  0.0236  0.0236  0.0236  0.0237  0.0237  0.0237  0.0236  0.0236  0.0236  0.0236  0.0236  0.0236
  0.0236  0.0236  0.0236  0.0236  0.0236  0.0236  0.0236  0.0236  0.0236  0.0236  0.0236  0.0236
  0.0237  0.0236  0.0236  0.0236  0.0236  0.0236  0.0236  0.0236  0.0236  0.0236  0.0236  0.0236
  0.0238  0.0237  0.0236  0.0238  0.0237  0.0236  0.0237  0.0239  0.0237  0.0237  0.0236  0.0236
  0.0240  0.0239  0.0237  0.0239  0.0239  0.0238  0.0238  0.0242  0.0238  0.0239  0.0237  0.0237
registration optimization eta report
parameter search radius
    0.8000    0.8000    0.8000    2.4000    2.4000    2.4000
    2.4000    2.4000    2.4000    2.4000    2.4000    2.4000
100000*second partial in parameter space
       51.       41.       24.        6.        5.        4.
        5.       10.        4.        5.        3.        3.
  0.0239  0.0239  0.0238  0.0239  0.0239  0.0239  0.0239  0.0241  0.0238  0.0239  0.0237  0.0237
  0.0237  0.0237  0.0237  0.0238  0.0238  0.0238  0.0237  0.0238  0.0237  0.0237  0.0236  0.0236
  0.0236  0.0236  0.0236  0.0237  0.0237  0.0237  0.0236  0.0236  0.0236  0.0236  0.0236  0.0236
  0.0236  0.0236  0.0236  0.0236  0.0236  0.0236  0.0236  0.0236  0.0236  0.0236  0.0236  0.0236
  0.0237  0.0236  0.0236  0.0236  0.0236  0.0236  0.0236  0.0236  0.0236  0.0236  0.0236  0.0236
  0.0238  0.0237  0.0236  0.0238  0.0237  0.0236  0.0237  0.0239  0.0237  0.0237  0.0236  0.0236
  0.0240  0.0239  0.0237  0.0239  0.0239  0.0238  0.0238  0.0242  0.0238  0.0239  0.0237  0.0237
   -0.6880   -5.8583    2.9672   -5.0411  -14.7542  -15.4976
    1.3270   -6.8166    1.0333   17.8863   11.5574  -14.1414
eta,q 0.97643  8.24748

---------------------------------------------------------------------
imgreg_4dfp /opt/freesurfer/average/711-2C_as_mni_average_305 /opt/freesurfer/average/711-2B_as_mni_average_305_mask talsrcimg_g11 none talsrcimg_to_711-2C_as_mni_average_305_t4 2311
---------------------------------------------------------------------

freesurfer imgreg_4dfp.c
/opt/freesurfer/average/711-2C_as_mni_average_305.4dfp.img
       256       256       256         1
  1.000000  1.000000  1.000000
orientation T byte_order littleendian
Reading image: /opt/freesurfer/average/711-2C_as_mni_average_305.4dfp.img
dimensions:      256       256       256
mmppix:       1.0000   -1.0000   -1.0000
center:     128.0000 -129.0000 -129.0000
/opt/freesurfer/average/711-2B_as_mni_average_305_mask.4dfp.img
       256       256       256         1
  1.000000  1.000000  1.000000
orientation T byte_order littleendian
Reading mask: /opt/freesurfer/average/711-2B_as_mni_average_305_mask.4dfp.img (2306576 pixels)
talsrcimg_g11.4dfp.img
       256       256       256         1
  1.000000  1.000000  1.000000
orientation T byte_order littleendian
Reading image: talsrcimg_g11.4dfp.img
dimensions:      256       256       256
mmppix:       1.0000   -1.0000   -1.0000
center:     128.0000 -129.0000 -129.0000
fimgreg.f
image alignment mode   2311 decimal      907 hex
parameters
   -0.6880   -5.8583    2.9672   -5.0411  -14.7542  -15.4976
    1.3270   -6.8166    1.0333   17.8863   11.5574  -14.1414
eta,q 0.97643  8.24748
niter,ni,del,rscale     5    3    5.0000    0.8000
parameters
   -0.7174   -5.8585    3.1709   -5.5119  -14.9027  -15.9702
    1.2783   -6.9290    1.0948   17.8263   11.5453  -13.7524
eta,q 0.97636  8.20884
  0.0248  0.0246  0.0244  0.0245  0.0246  0.0245  0.0247  0.0255  0.0245  0.0247  0.0242  0.0243
  0.0241  0.0240  0.0240  0.0240  0.0241  0.0241  0.0241  0.0245  0.0241  0.0241  0.0239  0.0240
  0.0237  0.0237  0.0237  0.0237  0.0237  0.0238  0.0238  0.0239  0.0238  0.0238  0.0237  0.0237
  0.0236  0.0236  0.0236  0.0236  0.0236  0.0236  0.0236  0.0236  0.0236  0.0236  0.0236  0.0236
  0.0237  0.0237  0.0236  0.0237  0.0237  0.0236  0.0238  0.0239  0.0237  0.0238  0.0237  0.0237
  0.0242  0.0240  0.0238  0.0242  0.0242  0.0242  0.0241  0.0246  0.0240  0.0241  0.0239  0.0238
  0.0249  0.0246  0.0240  0.0252  0.0248  0.0254  0.0247  0.0257  0.0245  0.0248  0.0242  0.0241
niter,ni,del,rscale     4    3    5.0000    0.7000
parameters
   -0.7269   -5.8767    3.0189   -5.2915  -14.8612  -16.1377
    1.2779   -6.8867    1.0907   17.7212   11.5599  -13.7985
eta,q 0.97636  8.20908
  0.0246  0.0244  0.0240  0.0245  0.0245  0.0244  0.0245  0.0252  0.0243  0.0244  0.0240  0.0241
  0.0241  0.0240  0.0238  0.0241  0.0241  0.0240  0.0240  0.0244  0.0239  0.0240  0.0238  0.0238
  0.0237  0.0237  0.0237  0.0238  0.0238  0.0238  0.0237  0.0239  0.0237  0.0237  0.0237  0.0237
  0.0236  0.0236  0.0236  0.0236  0.0236  0.0236  0.0236  0.0236  0.0236  0.0236  0.0236  0.0236
  0.0238  0.0237  0.0237  0.0237  0.0237  0.0236  0.0237  0.0238  0.0237  0.0237  0.0237  0.0237
  0.0241  0.0240  0.0239  0.0239  0.0240  0.0239  0.0240  0.0243  0.0239  0.0240  0.0238  0.0239
  0.0246  0.0245  0.0242  0.0245  0.0245  0.0247  0.0245  0.0252  0.0243  0.0245  0.0241  0.0241
niter,ni,del,rscale     3    3    5.0000    0.6000
parameters
   -0.7114   -5.8855    2.9642   -5.1477  -14.8056  -16.0362
    1.2823   -6.8523    1.0615   17.7434   11.5784  -13.8692
eta,q 0.97639  8.21943
  0.0244  0.0242  0.0239  0.0243  0.0243  0.0242  0.0242  0.0248  0.0241  0.0242  0.0239  0.0239
  0.0240  0.0239  0.0238  0.0240  0.0239  0.0239  0.0239  0.0242  0.0238  0.0239  0.0238  0.0238
  0.0237  0.0237  0.0237  0.0238  0.0237  0.0238  0.0237  0.0238  0.0237  0.0237  0.0237  0.0236
  0.0236  0.0236  0.0236  0.0236  0.0236  0.0236  0.0236  0.0236  0.0236  0.0236  0.0236  0.0236
  0.0237  0.0237  0.0237  0.0237  0.0237  0.0236  0.0237  0.0237  0.0237  0.0237  0.0236  0.0237
  0.0239  0.0239  0.0238  0.0239  0.0239  0.0238  0.0239  0.0242  0.0239  0.0239  0.0237  0.0238
  0.0243  0.0242  0.0240  0.0243  0.0243  0.0243  0.0242  0.0248  0.0241  0.0242  0.0239  0.0240
niter,ni,del,rscale     2    3    5.0000    0.5000
parameters
   -0.7121   -5.8815    2.9826   -5.0934  -14.7802  -15.7686
    1.3047   -6.8548    1.0356   17.8051   11.5843  -13.9762
eta,q 0.97641  8.23343
  0.0241  0.0240  0.0239  0.0241  0.0241  0.0240  0.0240  0.0245  0.0239  0.0241  0.0238  0.0238
  0.0238  0.0238  0.0237  0.0239  0.0238  0.0239  0.0238  0.0240  0.0237  0.0238  0.0237  0.0237
  0.0237  0.0237  0.0236  0.0237  0.0237  0.0237  0.0236  0.0237  0.0236  0.0236  0.0236  0.0236
  0.0236  0.0236  0.0236  0.0236  0.0236  0.0236  0.0236  0.0236  0.0236  0.0236  0.0236  0.0236
  0.0237  0.0237  0.0236  0.0236  0.0236  0.0236  0.0236  0.0237  0.0236  0.0236  0.0236  0.0236
  0.0238  0.0238  0.0237  0.0238  0.0238  0.0237  0.0238  0.0240  0.0238  0.0238  0.0237  0.0237
  0.0241  0.0240  0.0238  0.0241  0.0241  0.0240  0.0240  0.0245  0.0239  0.0240  0.0238  0.0238
niter,ni,del,rscale     1    3    5.0000    0.4000
parameters
   -0.7208   -5.8761    3.0596   -5.0734  -14.7519  -15.3844
    1.3267   -6.8696    1.0139   17.8577   11.5774  -14.0665
eta,q 0.97645  8.25098
  0.0239  0.0239  0.0238  0.0239  0.0239  0.0239  0.0238  0.0241  0.0238  0.0239  0.0237  0.0237
  0.0237  0.0237  0.0237  0.0237  0.0237  0.0238  0.0237  0.0238  0.0237  0.0237  0.0236  0.0236
  0.0236  0.0236  0.0236  0.0236  0.0236  0.0237  0.0236  0.0236  0.0236  0.0236  0.0236  0.0236
  0.0236  0.0236  0.0236  0.0236  0.0236  0.0236  0.0236  0.0236  0.0236  0.0236  0.0236  0.0236
  0.0236  0.0236  0.0236  0.0236  0.0236  0.0235  0.0236  0.0236  0.0236  0.0236  0.0236  0.0236
  0.0237  0.0237  0.0236  0.0237  0.0237  0.0236  0.0237  0.0238  0.0237  0.0237  0.0236  0.0236
  0.0239  0.0239  0.0237  0.0239  0.0239  0.0238  0.0238  0.0241  0.0238  0.0238  0.0237  0.0237
registration optimization eta report
parameter search radius
    0.8000    0.8000    0.8000    2.4000    2.4000    2.4000
    2.4000    2.4000    2.4000    2.4000    2.4000    2.4000
100000*second partial in parameter space
       51.       42.       25.        6.        5.        5.
        5.       10.        4.        5.        3.        3.
  0.0239  0.0239  0.0238  0.0239  0.0239  0.0239  0.0238  0.0241  0.0238  0.0239  0.0237  0.0237
  0.0237  0.0237  0.0237  0.0237  0.0237  0.0238  0.0237  0.0238  0.0237  0.0237  0.0236  0.0236
  0.0236  0.0236  0.0236  0.0236  0.0236  0.0237  0.0236  0.0236  0.0236  0.0236  0.0236  0.0236
  0.0236  0.0236  0.0236  0.0236  0.0236  0.0236  0.0236  0.0236  0.0236  0.0236  0.0236  0.0236
  0.0236  0.0236  0.0236  0.0236  0.0236  0.0235  0.0236  0.0236  0.0236  0.0236  0.0236  0.0236
  0.0237  0.0237  0.0236  0.0237  0.0237  0.0236  0.0237  0.0238  0.0237  0.0237  0.0236  0.0236
  0.0239  0.0239  0.0237  0.0239  0.0239  0.0238  0.0238  0.0241  0.0238  0.0238  0.0237  0.0237
   -0.7208   -5.8761    3.0596   -5.0734  -14.7519  -15.3844
    1.3267   -6.8696    1.0139   17.8577   11.5774  -14.0665
eta,q 0.97645  8.25098

---------------------------------------------------------------------
compute_vox2vox talsrcimg talsrcimg_to_711-2C_as_mni_average_305_t4 /opt/freesurfer/average/711-2C_as_mni_average_305
---------------------------------------------------------------------

freesurfer compute_vox2vox.c
Reading: talsrcimg.4dfp.ifh
Reading: talsrcimg_to_711-2C_as_mni_average_305_t4
Reading: /opt/freesurfer/average/711-2C_as_mni_average_305.4dfp.ifh
Writing: talsrcimg_to_711-2C_as_mni_average_305_t4_vox2vox.txt

start time Thu Mar 12 10:20:30 CET 2026
end		time Thu Mar 12 10:21:58 CET 2026

mpr2mni305 success

avi2talxfm orig_nu.mgz /opt/freesurfer/average/mni305.cor.mgz talsrcimg_to_711-2C_as_mni_average_305_t4_vox2vox.txt transforms/talairach.auto.xfm
avi2talxfm done
mv -f /out/sourcedata/freesurfer/sub-v1s11x0050153_ses-1/mri/talsrcimg_to_711-2C_as_mni_average_305_t4_vox2vox.txt /out/sourcedata/freesurfer/sub-v1s11x0050153_ses-1/mri/transforms/talsrcimg_to_711-2C_as_mni_average_305_t4_vox2vox.txt
lta_convert --src orig_nu.mgz --trg /opt/freesurfer/average/mni305.cor.mgz --inxfm transforms/talairach.auto.xfm --outlta transforms/talairach.auto.xfm.lta --subject fsaverage
7.3.2

--src: orig_nu.mgz src image (geometry).
--trg: /opt/freesurfer/average/mni305.cor.mgz trg image (geometry).
--inmni: transforms/talairach.auto.xfm input MNI/XFM transform.
--outlta: transforms/talairach.auto.xfm.lta output LTA.
--s: fsaverage subject name
 LTA read, type : 1
 1.04308   0.08514  -0.00218  -1.67494;
-0.13991   1.13062   0.18874  -2.88644;
 0.01690  -0.23786   1.13354  -11.41702;
 0.00000   0.00000   0.00000   1.00000;
setting subject to fsaverage
Writing  LTA to file transforms/talairach.auto.xfm.lta...
lta_convert successful.
 
 
Started at Thu Mar 12 10:20:30 CET 2026
Ended   at Thu Mar 12 10:21:58 CET 2026
talairach_avi done
