/out/sourcedata/freesurfer/sub-v1s11x0050165_ses-1/mri
/opt/freesurfer/bin/talairach_avi
--i orig_nu.mgz --xfm transforms/talairach.auto.xfm
talairach_avi 7.3.2
Linux dna055 5.14.0-427.37.1.el9_4.x86_64 #1 SMP PREEMPT_DYNAMIC Fri Sep 13 12:41:50 EDT 2024 x86_64 x86_64 x86_64 GNU/Linux
Thu Mar 12 11:03:37 CET 2026
mri_convert orig_nu.mgz talsrcimg.img 
reading from orig_nu.mgz...
TR=0.00, TE=0.00, TI=0.00, flip angle=0.00
i_ras = (-1, 3.33239e-09, 0)
j_ras = (0, 2.32831e-10, -1)
k_ras = (4.11819e-09, 1, -2.32831e-10)
writing to talsrcimg.img...
Analyze Output Matrix
-1.00000   0.00000   0.00000   131.99728;
 0.00000   0.00000   1.00000  -126.25809;
 0.00000  -1.00000  -0.00000   144.87872;
 0.00000   0.00000   0.00000   1.00000;
--------------------
INFO: set hdr.hist.orient to -1
mpr2mni305 talsrcimg
Thu Mar 12 11:03:37 CET 2026
/opt/freesurfer/bin/mpr2mni305 talsrcimg
mpr2mni305 7.3.2
target=711-2C_as_mni_average_305

---------------------------------------------------------------------
analyzeto4dfp talsrcimg -O0 -y
---------------------------------------------------------------------

freesurfer ifh2hdr.c
Thu Mar 12 11:03:37 2026
Writing: talsrcimg.4dfp.hdr
freesurfer analyzeto4dfp.c
Reading: talsrcimg.hdr
header size 348 bytes
hdr.dime.datatype	offset=70	value=2
hdr.dime.bitpix		offset=72	value=8
hdr.hist.orient		offset=252	value=-1
dimensionality     4
dimensions       256       256       256         1
Reading: talsrcimg.img
Writing: talsrcimg.4dfp.img
Writing: talsrcimg.4dfp.ifh
ifh2hdr talsrcimg -r0to206
ori=2

---------------------------------------------------------------------
gauss_4dfp talsrcimg 1.1
---------------------------------------------------------------------

freesurfer gauss_4dfp.c
Reading: talsrcimg.4dfp.img
Writing: talsrcimg_g11.4dfp.img
image dimensions 256 256 256 padded to 288 288 288
processing volume 1freesurfer ifh2hdr.c
Thu Mar 12 11:03:39 2026
Writing: talsrcimg_g11.4dfp.hdr

Writing: talsrcimg_g11.4dfp.ifh
including: talsrcimg.4dfp.img.rec in talsrcimg_g11.4dfp.img.rec

---------------------------------------------------------------------
imgreg_4dfp /opt/freesurfer/average/711-2C_as_mni_average_305 none talsrcimg_g11 none talsrcimg_to_711-2C_as_mni_average_305_t4 4355
---------------------------------------------------------------------

freesurfer imgreg_4dfp.c
/opt/freesurfer/average/711-2C_as_mni_average_305.4dfp.img
       256       256       256         1
  1.000000  1.000000  1.000000
orientation T byte_order littleendian
Reading image: /opt/freesurfer/average/711-2C_as_mni_average_305.4dfp.img
dimensions:      256       256       256
mmppix:       1.0000   -1.0000   -1.0000
center:     128.0000 -129.0000 -129.0000
talsrcimg_g11.4dfp.img
       256       256       256         1
  1.000000  1.000000  1.000000
orientation T byte_order littleendian
Reading image: talsrcimg_g11.4dfp.img
dimensions:      256       256       256
mmppix:       1.0000   -1.0000   -1.0000
center:     128.0000 -129.0000 -129.0000
t4_read: open error in t4_sub.f l:  41 t4_file(1:l)talsrcimg_to_711-2C_as_mni_average_305_t4 
t4_read: transform initialized to I4
rotation matrix determinant  1.000000
image alignment mode   4355 decimal     1103 hex
   -7.5000  -45.0000  -45.0000 7589.5811   18.0989
    0.0000  -45.0000  -45.0000 7934.2207   18.0914
    7.5000  -45.0000  -45.0000 7616.6938   18.0786
   -7.5000  -37.5000  -45.0000 8099.8125   18.0199
    0.0000  -37.5000  -45.0000 8468.7783   18.0110
    7.5000  -37.5000  -45.0000 8132.5640   17.9991
   -7.5000  -30.0000  -45.0000 8927.3496   17.9846
    0.0000  -30.0000  -45.0000 9346.9541   17.9788
    7.5000  -30.0000  -45.0000 8967.3779   17.9655
   -7.5000  -22.5000  -45.0000 9642.3867   17.9814
    0.0000  -22.5000  -45.000010092.4580   17.9799
    7.5000  -22.5000  -45.0000 9667.8105   17.9646
   -7.5000  -15.0000  -45.000010270.2646   18.0013
    0.0000  -15.0000  -45.000010767.0830   18.0009
    7.5000  -15.0000  -45.000010315.0713   17.9848
   -7.5000   -7.5000  -45.000010880.0928   18.0263
    0.0000   -7.5000  -45.000011393.0947   18.0233
    7.5000   -7.5000  -45.000010899.5928   18.0082
   -7.5000    0.0000  -45.000011383.6328   18.0310
    0.0000    0.0000  -45.000011917.7324   18.0237
    7.5000    0.0000  -45.000011381.1914   18.0108
   -7.5000    7.5000  -45.000011057.1328   18.0091
    0.0000    7.5000  -45.000011546.4375   18.0003
    7.5000    7.5000  -45.000011052.8350   17.9882
   -7.5000   15.0000  -45.000010644.7842   17.9846
    0.0000   15.0000  -45.000011100.3262   17.9788
    7.5000   15.0000  -45.000010632.8398   17.9654
   -7.5000   22.5000  -45.000010121.7822   17.9790
    0.0000   22.5000  -45.000010547.1992   17.9774
    7.5000   22.5000  -45.000010119.5850   17.9621
   -7.5000   30.0000  -45.0000 9313.8828   17.7614
    0.0000   30.0000  -45.0000 9681.0693   17.7611
    7.5000   30.0000  -45.0000 9282.4727   17.7452
   -7.5000   37.5000  -45.0000 8772.7295   17.7861
    0.0000   37.5000  -45.0000 9127.0254   17.7831
    7.5000   37.5000  -45.0000 8748.8213   17.7682
   -7.5000   45.0000  -45.0000 7960.8018   17.3390
    0.0000   45.0000  -45.0000 8279.3164   17.3320
    7.5000   45.0000  -45.0000 7946.1973   17.3196
   -7.5000  -45.0000  -37.5000 8122.4751   17.9405
    0.0000  -45.0000  -37.5000 8490.1475   17.9282
    7.5000  -45.0000  -37.5000 8147.2593   17.9089
   -7.5000  -37.5000  -37.5000 8674.5449   17.8680
    0.0000  -37.5000  -37.5000 9076.5439   17.8605
    7.5000  -37.5000  -37.5000 8707.6289   17.8447
   -7.5000  -30.0000  -37.5000 9549.1836   17.8419
    0.0000  -30.0000  -37.5000 9991.9551   17.8384
    7.5000  -30.0000  -37.5000 9577.6445   17.8228
   -7.5000  -22.5000  -37.500010313.5459   17.8438
    0.0000  -22.5000  -37.500010772.2646   17.8376
    7.5000  -22.5000  -37.500010332.4209   17.8185
   -7.5000  -15.0000  -37.500010969.8262   17.8609
    0.0000  -15.0000  -37.500011465.1719   17.8496
    7.5000  -15.0000  -37.500010989.7871   17.8269
   -7.5000   -7.5000  -37.500011582.9990   17.8758
    0.0000   -7.5000  -37.500012098.1533   17.8623
    7.5000   -7.5000  -37.500011566.6631   17.8398
   -7.5000    0.0000  -37.500012088.4443   17.8740
    0.0000    0.0000  -37.500012622.6084   17.8618
    7.5000    0.0000  -37.500012069.7812   17.8426
   -7.5000    7.5000  -37.500011748.3896   17.8573
    0.0000    7.5000  -37.500012257.4111   17.8499
    7.5000    7.5000  -37.500011732.0850   17.8340
   -7.5000   15.0000  -37.500011287.0479   17.8419
    0.0000   15.0000  -37.500011770.5166   17.8383
    7.5000   15.0000  -37.500011273.9932   17.8228
   -7.5000   22.5000  -37.500010729.9082   17.8413
    0.0000   22.5000  -37.500011165.1396   17.8351
    7.5000   22.5000  -37.500010710.8594   17.8160
   -7.5000   30.0000  -37.5000 9851.9775   17.6229
    0.0000   30.0000  -37.500010217.7598   17.6117
    7.5000   30.0000  -37.5000 9804.5811   17.5893
   -7.5000   37.5000  -37.5000 9264.3926   17.6376
    0.0000   37.5000  -37.5000 9605.1279   17.6243
    7.5000   37.5000  -37.5000 9205.1357   17.6020
   -7.5000   45.0000  -37.5000 8390.4951   17.1880
    0.0000   45.0000  -37.5000 8718.0205   17.1763
    7.5000   45.0000  -37.5000 8347.7285   17.1578
   -7.5000  -45.0000  -30.0000 8806.8906   18.6590
    0.0000  -45.0000  -30.0000 9210.9600   18.6492
    7.5000  -45.0000  -30.0000 8861.4219   18.6288
   -7.5000  -37.5000  -30.0000 9415.5234   18.5807
    0.0000  -37.5000  -30.0000 9829.9092   18.5782
    7.5000  -37.5000  -30.0000 9450.5986   18.5615
   -7.5000  -30.0000  -30.000010346.4775   18.5592
    0.0000  -30.0000  -30.000010788.0088   18.5585
    7.5000  -30.0000  -30.000010372.1973   18.5389
   -7.5000  -22.5000  -30.000011145.3145   18.5698
    0.0000  -22.5000  -30.000011630.7969   18.5612
    7.5000  -22.5000  -30.000011183.2363   18.5348
   -7.5000  -15.0000  -30.000011845.7607   18.5902
    0.0000  -15.0000  -30.000012352.7910   18.5745
    7.5000  -15.0000  -30.000011853.8545   18.5441
   -7.5000   -7.5000  -30.000012491.5078   18.5998
    0.0000   -7.5000  -30.000013035.4326   18.5847
    7.5000   -7.5000  -30.000012452.4414   18.5576
   -7.5000    0.0000  -30.000013020.6475   18.5900
    0.0000    0.0000  -30.000013587.2148   18.5803
    7.5000    0.0000  -30.000012984.1943   18.5598
   -7.5000    7.5000  -30.000012637.2598   18.5697
    0.0000    7.5000  -30.000013196.0996   18.5673
    7.5000    7.5000  -30.000012624.4502   18.5505
   -7.5000   15.0000  -30.000012102.8682   18.5592
    0.0000   15.0000  -30.000012622.6504   18.5585
    7.5000   15.0000  -30.000012093.5879   18.5389
   -7.5000   22.5000  -30.000011500.4424   18.5653
    0.0000   22.5000  -30.000011954.1172   18.5568
    7.5000   22.5000  -30.000011451.3672   18.5303
   -7.5000   30.0000  -30.000010553.7402   18.3442
    0.0000   30.0000  -30.000010946.2422   18.3287
    7.5000   30.0000  -30.000010463.7598   18.2987
   -7.5000   37.5000  -30.0000 9909.0508   18.3537
    0.0000   37.5000  -30.000010259.0176   18.3388
    7.5000   37.5000  -30.0000 9809.0645   18.3121
   -7.5000   45.0000  -30.0000 8948.1582   17.8896
    0.0000   45.0000  -30.0000 9296.6895   17.8803
    7.5000   45.0000  -30.0000 8899.0293   17.8606
   -7.5000  -45.0000  -22.5000 9509.9238   19.3339
    0.0000  -45.0000  -22.5000 9934.4873   19.3336
    7.5000  -45.0000  -22.5000 9556.9297   19.3191
   -7.5000  -37.5000  -22.500010139.1738   19.2435
    0.0000  -37.5000  -22.500010591.2998   19.2453
    7.5000  -37.5000  -22.500010175.5459   19.2316
   -7.5000  -30.0000  -22.500011119.6572   19.2166
    0.0000  -30.0000  -22.500011606.5898   19.2163
    7.5000  -30.0000  -22.500011157.5088   19.1944
   -7.5000  -22.5000  -22.500011968.4092   19.2301
    0.0000  -22.5000  -22.500012504.1621   19.2247
    7.5000  -22.5000  -22.500012012.8438   19.1943
   -7.5000  -15.0000  -22.500012695.6357   19.2570
    0.0000  -15.0000  -22.500013261.0244   19.2501
    7.5000  -15.0000  -22.500012716.8125   19.2188
   -7.5000   -7.5000  -22.500013372.1377   19.2726
    0.0000   -7.5000  -22.500013965.2520   19.2689
    7.5000   -7.5000  -22.500013345.8262   19.2454
   -7.5000    0.0000  -22.500013991.7676   19.2616
    0.0000    0.0000  -22.500014592.5830   19.2614
    7.5000    0.0000  -22.500013953.2402   19.2468
   -7.5000    7.5000  -22.500013542.9189   19.2324
    0.0000    7.5000  -22.500014148.2949   19.2342
    7.5000    7.5000  -22.500013550.7861   19.2204
   -7.5000   15.0000  -22.500012925.1914   19.2166
    0.0000   15.0000  -22.500013487.6123   19.2163
    7.5000   15.0000  -22.500012919.8760   19.1944
   -7.5000   22.5000  -22.500012235.9893   19.2242
    0.0000   22.5000  -22.500012739.6904   19.2188
    7.5000   22.5000  -22.500012184.6777   19.1883
   -7.5000   30.0000  -22.500011223.1885   19.0051
    0.0000   30.0000  -22.500011664.1406   18.9983
    7.5000   30.0000  -22.500011129.8730   18.9674
   -7.5000   37.5000  -22.500010556.0605   19.0205
    0.0000   37.5000  -22.500010929.7188   19.0169
    7.5000   37.5000  -22.500010431.8887   18.9937
   -7.5000   45.0000  -22.5000 9531.0879   18.5499
    0.0000   45.0000  -22.5000 9887.2900   18.5497
    7.5000   45.0000  -22.5000 9446.5918   18.5356
   -7.5000  -45.0000  -15.000010226.0078   19.8481
    0.0000  -45.0000  -15.000010677.8945   19.8546
    7.5000  -45.0000  -15.000010256.8203   19.8471
   -7.5000  -37.5000  -15.000010871.7988   19.7477
    0.0000  -37.5000  -15.000011360.9404   19.7491
    7.5000  -37.5000  -15.000010898.2900   19.7399
   -7.5000  -30.0000  -15.000011889.1377   19.7096
    0.0000  -30.0000  -15.000012427.6416   19.7078
    7.5000  -30.0000  -15.000011932.6270   19.6884
   -7.5000  -22.5000  -15.000012758.5293   19.7187
    0.0000  -22.5000  -15.000013350.4111   19.7190
    7.5000  -22.5000  -15.000012819.7598   19.6926
   -7.5000  -15.0000  -15.000013534.7949   19.7502
    0.0000  -15.0000  -15.000014148.1348   19.7562
    7.5000  -15.0000  -15.000013584.8496   19.7317
   -7.5000   -7.5000  -15.000014259.9971   19.7780
    0.0000   -7.5000  -15.000014871.6328   19.7871
    7.5000   -7.5000  -15.000014277.5566   19.7712
   -7.5000    0.0000  -15.000014914.2188   19.7732
    0.0000    0.0000  -15.000015578.1396   19.7798
    7.5000    0.0000  -15.000014910.9912   19.7721
   -7.5000    7.5000  -15.000014463.2207   19.7364
    0.0000    7.5000  -15.000015117.3750   19.7378
    7.5000    7.5000  -15.000014462.2363   19.7284
   -7.5000   15.0000  -15.000013784.0908   19.7096
    0.0000   15.0000  -15.000014373.6143   19.7077
    7.5000   15.0000  -15.000013741.4072   19.6884
   -7.5000   22.5000  -15.000013005.2168   19.7117
    0.0000   22.5000  -15.000013539.4014   19.7121
    7.5000   22.5000  -15.000012918.0342   19.6856
   -7.5000   30.0000  -15.000011920.6719   19.4946
    0.0000   30.0000  -15.000012391.9229   19.5006
    7.5000   30.0000  -15.000011826.6094   19.4763
   -7.5000   37.5000  -15.000011205.0898   19.5220
    0.0000   37.5000  -15.000011616.8457   19.5310
    7.5000   37.5000  -15.000011080.2471   19.5153
   -7.5000   45.0000  -15.000010131.9453   19.0541
    0.0000   45.0000  -15.000010486.5771   19.0604
    7.5000   45.0000  -15.000010003.7256   19.0530
   -7.5000  -45.0000   -7.500010975.7842   20.0970
    0.0000  -45.0000   -7.500011468.0117   20.0989
    7.5000  -45.0000   -7.500011001.6748   20.0910
   -7.5000  -37.5000   -7.500011642.8203   19.9990
    0.0000  -37.5000   -7.500012180.5020   19.9945
    7.5000  -37.5000   -7.500011674.1494   19.9852
   -7.5000  -30.0000   -7.500012711.2305   19.9555
    0.0000  -30.0000   -7.500013301.5762   19.9508
    7.5000  -30.0000   -7.500012756.8555   19.9347
   -7.5000  -22.5000   -7.500013616.6172   19.9561
    0.0000  -22.5000   -7.500014252.5996   19.9582
    7.5000  -22.5000   -7.500013673.5449   19.9384
   -7.5000  -15.0000   -7.500014379.7559   19.9846
    0.0000  -15.0000   -7.500015051.8105   19.9932
    7.5000  -15.0000   -7.500014466.2969   19.9751
   -7.5000   -7.5000   -7.500015124.6221   20.0178
    0.0000   -7.5000   -7.500015792.5029   20.0262
    7.5000   -7.5000   -7.500015196.0215   20.0135
   -7.5000    0.0000   -7.500015858.5850   20.0212
    0.0000    0.0000   -7.500016568.6016   20.0233
    7.5000    0.0000   -7.500015874.0674   20.0152
   -7.5000    7.5000   -7.500015387.7793   19.9874
    0.0000    7.5000   -7.500016071.6973   19.9829
    7.5000    7.5000   -7.500015360.1777   19.9734
   -7.5000   15.0000   -7.500014645.7627   19.9555
    0.0000   15.0000   -7.500015277.2197   19.9508
    7.5000   15.0000   -7.500014586.7520   19.9347
   -7.5000   22.5000   -7.500013767.2959   19.9469
    0.0000   22.5000   -7.500014338.2061   19.9490
    7.5000   22.5000   -7.500013669.2617   19.9291
   -7.5000   30.0000   -7.500012600.7637   19.7254
    0.0000   30.0000   -7.500013116.1221   19.7339
    7.5000   30.0000   -7.500012500.3291   19.7161
   -7.5000   37.5000   -7.500011830.8662   19.7582
    0.0000   37.5000   -7.500012316.1963   19.7665
    7.5000   37.5000   -7.500011736.1035   19.7539
   -7.5000   45.0000   -7.500010714.3418   19.2967
    0.0000   45.0000   -7.500011109.9277   19.2987
    7.5000   45.0000   -7.500010608.1689   19.2909
   -7.5000  -45.0000    0.000011651.0078   20.1097
    0.0000  -45.0000    0.000012175.5762   20.1016
    7.5000  -45.0000    0.000011679.2295   20.0870
   -7.5000  -37.5000    0.000012339.1191   20.0225
    0.0000  -37.5000    0.000012921.3389   20.0128
    7.5000  -37.5000    0.000012386.2207   19.9992
   -7.5000  -30.0000    0.000013451.9180   19.9836
    0.0000  -30.0000    0.000014073.7783   19.9774
    7.5000  -30.0000    0.000013510.7568   19.9620
   -7.5000  -22.5000    0.000014383.6992   19.9798
    0.0000  -22.5000    0.000015035.8418   19.9783
    7.5000  -22.5000    0.000014454.7324   19.9608
   -7.5000  -15.0000    0.000015146.8311   20.0016
    0.0000  -15.0000    0.000015822.1211   20.0013
    7.5000  -15.0000    0.000015231.2559   19.9830
   -7.5000   -7.5000    0.000015951.6797   20.0291
    0.0000   -7.5000    0.000016611.1641   20.0260
    7.5000   -7.5000    0.000015996.4629   20.0088
   -7.5000    0.0000    0.000016703.7070   20.0345
    0.0000    0.0000    0.000017447.9434   20.0266
    7.5000    0.0000    0.000016721.6934   20.0119
   -7.5000    7.5000    0.000016208.8711   20.0106
    0.0000    7.5000    0.000016897.3711   20.0010
    7.5000    7.5000    0.000016188.0469   19.9872
   -7.5000   15.0000    0.000015350.9531   19.9836
    0.0000   15.0000    0.000015988.6758   19.9774
    7.5000   15.0000    0.000015312.9492   19.9620
   -7.5000   22.5000    0.000014359.8232   19.9706
    0.0000   22.5000    0.000014942.9004   19.9691
    7.5000   22.5000    0.000014292.2715   19.9516
   -7.5000   30.0000    0.000013159.6709   19.7427
    0.0000   30.0000    0.000013669.0156   19.7425
    7.5000   30.0000    0.000013066.8145   19.7243
   -7.5000   37.5000    0.000012391.9844   19.7699
    0.0000   37.5000    0.000012863.1758   19.7668
    7.5000   37.5000    0.000012299.4658   19.7499
   -7.5000   45.0000    0.000011235.8281   19.3110
    0.0000   45.0000    0.000011644.5430   19.3034
    7.5000   45.0000    0.000011148.1006   19.2892
   -7.5000  -45.0000    7.500011404.5293   20.0592
    0.0000  -45.0000    7.500011926.7529   20.0455
    7.5000  -45.0000    7.500011434.2119   20.0242
   -7.5000  -37.5000    7.500012052.2949   19.9781
    0.0000  -37.5000    7.500012625.6699   19.9699
    7.5000  -37.5000    7.500012109.6738   19.9525
   -7.5000  -30.0000    7.500013103.5918   19.9490
    0.0000  -30.0000    7.500013724.5303   19.9452
    7.5000  -30.0000    7.500013178.6826   19.9280
   -7.5000  -22.5000    7.500014027.4277   19.9512
    0.0000  -22.5000    7.500014676.1523   19.9444
    7.5000  -22.5000    7.500014097.8662   19.9232
   -7.5000  -15.0000    7.500014789.2959   19.9704
    0.0000  -15.0000    7.500015419.9395   19.9578
    7.5000  -15.0000    7.500014837.8008   19.9326
   -7.5000   -7.5000    7.500015542.1631   19.9870
    0.0000   -7.5000    7.500016203.3799   19.9720
    7.5000   -7.5000    7.500015589.8496   19.9470
   -7.5000    0.0000    7.500016279.3848   19.9849
    0.0000    0.0000    7.500016999.3008   19.9714
    7.5000    0.0000    7.500016331.3447   19.9501
   -7.5000    7.5000    7.500015797.3350   19.9662
    0.0000    7.5000    7.500016467.6504   19.9581
    7.5000    7.5000    7.500015848.7949   19.9405
   -7.5000   15.0000    7.500014892.2090   19.9490
    0.0000   15.0000    7.500015525.6523   19.9452
    7.5000   15.0000    7.500014978.8867   19.9280
   -7.5000   22.5000    7.500013910.4561   19.9420
    0.0000   22.5000    7.500014441.9600   19.9352
    7.5000   22.5000    7.500013932.0947   19.9140
   -7.5000   30.0000    7.500012755.7705   19.7119
    0.0000   30.0000    7.500013207.9023   19.6995
    7.5000   30.0000    7.500012714.4688   19.6746
   -7.5000   37.5000    7.500012039.5742   19.7283
    0.0000   37.5000    7.500012463.7422   19.7135
    7.5000   37.5000    7.500011979.7207   19.6889
   -7.5000   45.0000    7.500010926.3193   19.2632
    0.0000   45.0000    7.500011313.2344   19.2502
    7.5000   45.0000    7.500010848.0439   19.2296
   -7.5000  -45.0000   15.000011047.0527   20.0367
    0.0000  -45.0000   15.000011557.7578   20.0262
    7.5000  -45.0000   15.000011059.4707   20.0043
   -7.5000  -37.5000   15.000011649.2227   19.9526
    0.0000  -37.5000   15.000012209.7158   19.9499
    7.5000  -37.5000   15.000011696.2363   19.9320
   -7.5000  -30.0000   15.000012624.9893   19.9295
    0.0000  -30.0000   15.000013228.5322   19.9287
    7.5000  -30.0000   15.000012710.1338   19.9078
   -7.5000  -22.5000   15.000013527.0273   19.9409
    0.0000  -22.5000   15.000014151.1328   19.9317
    7.5000  -22.5000   15.000013581.3984   19.9033
   -7.5000  -15.0000   15.000014275.6494   19.9628
    0.0000  -15.0000   15.000014830.3545   19.9459
    7.5000  -15.0000   15.000014329.7764   19.9133
   -7.5000   -7.5000   15.000014953.8848   19.9732
    0.0000   -7.5000   15.000015515.3398   19.9569
    7.5000   -7.5000   15.000015056.1973   19.9278
   -7.5000    0.0000   15.000015691.9492   19.9626
    0.0000    0.0000   15.000016281.1533   19.9521
    7.5000    0.0000   15.000015771.1631   19.9302
   -7.5000    7.5000   15.000015254.4775   19.9408
    0.0000    7.5000   15.000015797.7354   19.9382
    7.5000    7.5000   15.000015326.6279   19.9201
   -7.5000   15.0000   15.000014349.6641   19.9295
    0.0000   15.0000   15.000014905.1396   19.9287
    7.5000   15.0000   15.000014462.7441   19.9077
   -7.5000   22.5000   15.000013378.2822   19.9317
    0.0000   22.5000   15.000013876.8408   19.9225
    7.5000   22.5000   15.000013405.5869   19.8941
   -7.5000   30.0000   15.000012252.1143   19.7044
    0.0000   30.0000   15.000012682.2793   19.6878
    7.5000   30.0000   15.000012211.8643   19.6556
   -7.5000   37.5000   15.000011565.5801   19.7147
    0.0000   37.5000   15.000011975.3818   19.6986
    7.5000   37.5000   15.000011506.3643   19.6699
   -7.5000   45.0000   15.000010488.9551   19.2416
    0.0000   45.0000   15.000010847.7705   19.2316
    7.5000   45.0000   15.000010435.7881   19.2104
   -7.5000  -45.0000   22.500010542.1357   20.0709
    0.0000  -45.0000   22.500011030.0479   20.0706
    7.5000  -45.0000   22.500010553.6104   20.0556
   -7.5000  -37.5000   22.500011124.6182   19.9771
    0.0000  -37.5000   22.500011633.7402   19.9789
    7.5000  -37.5000   22.500011163.2588   19.9647
   -7.5000  -30.0000   22.500012094.5996   19.9491
    0.0000  -30.0000   22.500012643.0762   19.9488
    7.5000  -30.0000   22.500012156.6309   19.9261
   -7.5000  -22.5000   22.500012930.8223   19.9632
    0.0000  -22.5000   22.500013477.9521   19.9576
    7.5000  -22.5000   22.500012987.8252   19.9260
   -7.5000  -15.0000   22.500013641.9736   19.9911
    0.0000  -15.0000   22.500014196.2080   19.9839
    7.5000  -15.0000   22.500013728.1934   19.9515
   -7.5000   -7.5000   22.500014364.9609   20.0073
    0.0000   -7.5000   22.500014959.6650   20.0035
    7.5000   -7.5000   22.500014472.9502   19.9791
   -7.5000    0.0000   22.500015095.4033   19.9958
    0.0000    0.0000   22.500015694.3545   19.9957
    7.5000    0.0000   22.500015164.0332   19.9805
   -7.5000    7.5000   22.500014674.3584   19.9655
    0.0000    7.5000   22.500015218.8623   19.9674
    7.5000    7.5000   22.500014710.8076   19.9531
   -7.5000   15.0000   22.500013832.0225   19.9491
    0.0000   15.0000   22.500014351.8008   19.9488
    7.5000   15.0000   22.500013879.6846   19.9261
   -7.5000   22.5000   22.500012833.1797   19.9540
    0.0000   22.5000   22.500013300.1514   19.9484
    7.5000   22.5000   22.500012817.7227   19.9168
   -7.5000   30.0000   22.500011714.9033   19.7324
    0.0000   30.0000   22.500012111.7812   19.7253
    7.5000   30.0000   22.500011670.0713   19.6933
   -7.5000   37.5000   22.500011033.3496   19.7484
    0.0000   37.5000   22.500011420.5439   19.7446
    7.5000   37.5000   22.500010998.5615   19.7205
   -7.5000   45.0000   22.5000 9967.0605   19.2737
    0.0000   45.0000   22.500010314.8896   19.2735
    7.5000   45.0000   22.5000 9930.4404   19.2589
   -7.5000  -45.0000   30.0000 9941.9834   20.1742
    0.0000  -45.0000   30.000010384.3174   20.1807
    7.5000  -45.0000   30.0000 9947.6504   20.1730
   -7.5000  -37.5000   30.000010502.1992   20.0719
    0.0000  -37.5000   30.000010988.2314   20.0732
    7.5000  -37.5000   30.000010530.8379   20.0637
   -7.5000  -30.0000   30.000011431.2852   20.0331
    0.0000  -30.0000   30.000011984.3066   20.0311
    7.5000  -30.0000   30.000011470.8730   20.0113
   -7.5000  -22.5000   30.000012254.6816   20.0424
    0.0000  -22.5000   30.000012829.6211   20.0427
    7.5000  -22.5000   30.000012296.7549   20.0156
   -7.5000  -15.0000   30.000012984.2432   20.0746
    0.0000  -15.0000   30.000013572.2617   20.0806
    7.5000  -15.0000   30.000013039.4482   20.0555
   -7.5000   -7.5000   30.000013682.7607   20.1028
    0.0000   -7.5000   30.000014286.9404   20.1119
    7.5000   -7.5000   30.000013735.4238   20.0958
   -7.5000    0.0000   30.000014331.6543   20.0979
    0.0000    0.0000   30.000014953.9873   20.1044
    7.5000    0.0000   30.000014369.2393   20.0966
   -7.5000    7.5000   30.000013929.8770   20.0603
    0.0000    7.5000   30.000014533.3389   20.0617
    7.5000    7.5000   30.000013957.9893   20.0521
   -7.5000   15.0000   30.000013145.4023   20.0331
    0.0000   15.0000   30.000013712.3057   20.0311
    7.5000   15.0000   30.000013186.3086   20.0113
   -7.5000   22.5000   30.000012172.0332   20.0332
    0.0000   22.5000   30.000012657.7461   20.0334
    7.5000   22.5000   30.000012153.0557   20.0064
   -7.5000   30.0000   30.000011101.3047   19.8148
    0.0000   30.0000   30.000011531.7725   19.8207
    7.5000   30.0000   30.000011056.4082   19.7959
   -7.5000   37.5000   30.000010453.2510   19.8427
    0.0000   37.5000   30.000010853.8691   19.8516
    7.5000   37.5000   30.000010408.3281   19.8357
   -7.5000   45.0000   30.0000 9416.2236   19.3720
    0.0000   45.0000   30.0000 9759.2119   19.3784
    7.5000   45.0000   30.0000 9349.9131   19.3708
   -7.5000  -45.0000   37.5000 9626.3125   20.2987
    0.0000  -45.0000   37.500010053.3086   20.3006
    7.5000  -45.0000   37.5000 9626.5264   20.2922
   -7.5000  -37.5000   37.500010191.3916   20.1987
    0.0000  -37.5000   37.500010656.9766   20.1939
    7.5000  -37.5000   37.500010195.5205   20.1841
   -7.5000  -30.0000   37.500011140.8740   20.1542
    0.0000  -30.0000   37.500011663.1748   20.1492
    7.5000  -30.0000   37.500011147.0596   20.1325
   -7.5000  -22.5000   37.500011986.6738   20.1549
    0.0000  -22.5000   37.500012528.0723   20.1569
    7.5000  -22.5000   37.500011991.2373   20.1363
   -7.5000  -15.0000   37.500012711.5498   20.1842
    0.0000  -15.0000   37.500013262.1338   20.1929
    7.5000  -15.0000   37.500012721.8828   20.1741
   -7.5000   -7.5000   37.500013373.4990   20.2182
    0.0000   -7.5000   37.500013953.4004   20.2266
    7.5000   -7.5000   37.500013390.3984   20.2133
   -7.5000    0.0000   37.500013975.9912   20.2216
    0.0000    0.0000   37.500014575.0527   20.2235
    7.5000    0.0000   37.500013983.2383   20.2150
   -7.5000    7.5000   37.500013556.6270   20.1868
    0.0000    7.5000   37.500014149.7979   20.1821
    7.5000    7.5000   37.500013581.6309   20.1721
   -7.5000   15.0000   37.500012814.9062   20.1542
    0.0000   15.0000   37.500013385.5283   20.1492
    7.5000   15.0000   37.500012867.3818   20.1325
   -7.5000   22.5000   37.500011859.9053   20.1457
    0.0000   22.5000   37.500012342.8467   20.1476
    7.5000   22.5000   37.500011870.6572   20.1270
   -7.5000   30.0000   37.500010840.1201   19.9230
    0.0000   30.0000   37.500011261.5518   19.9315
    7.5000   30.0000   37.500010814.7910   19.9130
   -7.5000   37.5000   37.500010207.0322   19.9566
    0.0000   37.5000   37.500010601.2676   19.9648
    7.5000   37.5000   37.500010174.1514   19.9517
   -7.5000   45.0000   37.5000 9181.7656   19.4913
    0.0000   45.0000   37.5000 9540.1172   19.4932
    7.5000   45.0000   37.5000 9139.5488   19.4849
   -7.5000  -45.0000   45.0000 8877.9180   20.3575
    0.0000  -45.0000   45.0000 9248.9150   20.3491
    7.5000  -45.0000   45.0000 8859.9541   20.3339
   -7.5000  -37.5000   45.0000 9407.4521   20.2678
    0.0000  -37.5000   45.0000 9810.8711   20.2578
    7.5000  -37.5000   45.0000 9413.2363   20.2435
   -7.5000  -30.0000   45.000010272.1182   20.2275
    0.0000  -30.0000   45.000010723.4707   20.2210
    7.5000  -30.0000   45.000010275.6826   20.2050
   -7.5000  -22.5000   45.000011061.0371   20.2232
    0.0000  -22.5000   45.000011556.2373   20.2215
    7.5000  -22.5000   45.000011057.2979   20.2033
   -7.5000  -15.0000   45.000011759.3184   20.2453
    0.0000  -15.0000   45.000012280.8291   20.2450
    7.5000  -15.0000   45.000011742.5312   20.2260
   -7.5000   -7.5000   45.000012357.7217   20.2740
    0.0000   -7.5000   45.000012925.3818   20.2707
    7.5000   -7.5000   45.000012355.8525   20.2530
   -7.5000    0.0000   45.000012891.0273   20.2800
    0.0000    0.0000   45.000013486.7520   20.2717
    7.5000    0.0000   45.000012896.1445   20.2565
   -7.5000    7.5000   45.000012508.8418   20.2556
    0.0000    7.5000   45.000013078.3984   20.2456
    7.5000    7.5000   45.000012541.1084   20.2311
   -7.5000   15.0000   45.000011869.8340   20.2275
    0.0000   15.0000   45.000012415.5801   20.2210
    7.5000   15.0000   45.000011917.7588   20.2050
   -7.5000   22.5000   45.000010987.9453   20.2138
    0.0000   22.5000   45.000011454.0615   20.2121
    7.5000   22.5000   45.000011003.9619   20.1939
   -7.5000   30.0000   45.000010045.8262   19.9816
    0.0000   30.0000   45.000010462.2891   19.9813
    7.5000   30.0000   45.000010045.6445   19.9625
   -7.5000   37.5000   45.0000 9468.8447   20.0099
    0.0000   37.5000   45.0000 9861.8789   20.0066
    7.5000   37.5000   45.0000 9455.2119   19.9891
   -7.5000   45.0000   45.0000 8526.7256   19.5564
    0.0000   45.0000   45.0000 8874.5225   19.5485
    7.5000   45.0000   45.0000 8503.1885   19.5338

---------------------------------------------------------------------
imgreg_4dfp /opt/freesurfer/average/711-2C_as_mni_average_305 /opt/freesurfer/average/711-2B_as_mni_average_305_mask talsrcimg_g11 none talsrcimg_to_711-2C_as_mni_average_305_t4 4355
---------------------------------------------------------------------

freesurfer imgreg_4dfp.c
/opt/freesurfer/average/711-2C_as_mni_average_305.4dfp.img
       256       256       256         1
  1.000000  1.000000  1.000000
orientation T byte_order littleendian
Reading image: /opt/freesurfer/average/711-2C_as_mni_average_305.4dfp.img
dimensions:      256       256       256
mmppix:       1.0000   -1.0000   -1.0000
center:     128.0000 -129.0000 -129.0000
/opt/freesurfer/average/711-2B_as_mni_average_305_mask.4dfp.img
       256       256       256         1
  1.000000  1.000000  1.000000
orientation T byte_order littleendian
Reading mask: /opt/freesurfer/average/711-2B_as_mni_average_305_mask.4dfp.img (2306576 pixels)
talsrcimg_g11.4dfp.img
       256       256       256         1
  1.000000  1.000000  1.000000
orientation T byte_order littleendian
Reading image: talsrcimg_g11.4dfp.img
dimensions:      256       256       256
mmppix:       1.0000   -1.0000   -1.0000
center:     128.0000 -129.0000 -129.0000
rotation matrix determinant  1.000000
image alignment mode   4355 decimal     1103 hex
   -7.5000  -45.0000  -45.0000 1992.6156   20.9553
    0.0000  -45.0000  -45.0000 2009.1630   20.6962
    7.5000  -45.0000  -45.0000 1996.1523   20.8756
   -7.5000  -37.5000  -45.0000 2079.0535   19.3178
    0.0000  -37.5000  -45.0000 2094.2405   19.0745
    7.5000  -37.5000  -45.0000 2083.9412   19.2334
   -7.5000  -30.0000  -45.0000 2144.7925   18.1183
    0.0000  -30.0000  -45.0000 2162.2668   17.9290
    7.5000  -30.0000  -45.0000 2149.7234   18.0829
   -7.5000  -22.5000  -45.0000 2178.7612   17.3513
    0.0000  -22.5000  -45.0000 2196.8518   17.1667
    7.5000  -22.5000  -45.0000 2183.3296   17.3276
   -7.5000  -15.0000  -45.0000 2194.2219   16.9651
    0.0000  -15.0000  -45.0000 2214.9700   16.7525
    7.5000  -15.0000  -45.0000 2201.6899   16.8754
   -7.5000   -7.5000  -45.0000 2195.5237   16.9050
    0.0000   -7.5000  -45.0000 2215.0955   16.6446
    7.5000   -7.5000  -45.0000 2204.3213   16.7587
   -7.5000    0.0000  -45.0000 2182.1313   17.1715
    0.0000    0.0000  -45.0000 2205.4626   16.8720
    7.5000    0.0000  -45.0000 2189.8752   16.9937
   -7.5000    7.5000  -45.0000 2153.9197   17.7736
    0.0000    7.5000  -45.0000 2175.5034   17.4612
    7.5000    7.5000  -45.0000 2161.4937   17.5999
   -7.5000   15.0000  -45.0000 2108.6384   18.6889
    0.0000   15.0000  -45.0000 2129.0691   18.2957
    7.5000   15.0000  -45.0000 2117.3289   18.4792
   -7.5000   22.5000  -45.0000 2048.1296   19.9259
    0.0000   22.5000  -45.0000 2068.2539   19.5398
    7.5000   22.5000  -45.0000 2055.4705   19.7165
   -7.5000   30.0000  -45.0000 1969.6937   21.6855
    0.0000   30.0000  -45.0000 1989.2194   21.3023
    7.5000   30.0000  -45.0000 1973.6941   21.4986
   -7.5000   37.5000  -45.0000 1870.9760   24.0680
    0.0000   37.5000  -45.0000 1890.4730   23.6492
    7.5000   37.5000  -45.0000 1878.0634   23.9017
   -7.5000   45.0000  -45.0000 1757.9932   27.2920
    0.0000   45.0000  -45.0000 1775.3757   26.8533
    7.5000   45.0000  -45.0000 1766.3990   27.1441
   -7.5000  -45.0000  -37.5000 2081.7637   19.2808
    0.0000  -45.0000  -37.5000 2099.5063   19.0282
    7.5000  -45.0000  -37.5000 2084.9253   19.2189
   -7.5000  -37.5000  -37.5000 2175.5732   17.7523
    0.0000  -37.5000  -37.5000 2197.7625   17.5353
    7.5000  -37.5000  -37.5000 2182.6179   17.7073
   -7.5000  -30.0000  -37.5000 2247.1687   16.6459
    0.0000  -30.0000  -37.5000 2268.7966   16.4578
    7.5000  -30.0000  -37.5000 2250.6873   16.6286
   -7.5000  -22.5000  -37.5000 2283.0583   15.9041
    0.0000  -22.5000  -37.5000 2304.4937   15.7070
    7.5000  -22.5000  -37.5000 2287.4651   15.8516
   -7.5000  -15.0000  -37.5000 2297.8020   15.5340
    0.0000  -15.0000  -37.5000 2318.0505   15.3415
    7.5000  -15.0000  -37.5000 2306.4707   15.4485
   -7.5000   -7.5000  -37.5000 2298.2297   15.4773
    0.0000   -7.5000  -37.5000 2322.0459   15.2509
    7.5000   -7.5000  -37.5000 2307.5430   15.3424
   -7.5000    0.0000  -37.5000 2278.0659   15.7140
    0.0000    0.0000  -37.5000 2300.9993   15.4673
    7.5000    0.0000  -37.5000 2288.9595   15.5685
   -7.5000    7.5000  -37.5000 2247.5210   16.2373
    0.0000    7.5000  -37.5000 2276.0806   15.9552
    7.5000    7.5000  -37.5000 2262.5164   16.1107
   -7.5000   15.0000  -37.5000 2204.1536   17.0549
    0.0000   15.0000  -37.5000 2230.7529   16.7521
    7.5000   15.0000  -37.5000 2216.2566   16.9201
   -7.5000   22.5000  -37.5000 2142.9451   18.2230
    0.0000   22.5000  -37.5000 2166.3965   17.9019
    7.5000   22.5000  -37.5000 2152.7983   18.0687
   -7.5000   30.0000  -37.5000 2058.1790   19.8276
    0.0000   30.0000  -37.5000 2077.9680   19.4721
    7.5000   30.0000  -37.5000 2065.8440   19.6461
   -7.5000   37.5000  -37.5000 1953.8519   21.9812
    0.0000   37.5000  -37.5000 1973.0930   21.5625
    7.5000   37.5000  -37.5000 1961.1733   21.7693
   -7.5000   45.0000  -37.5000 1837.5068   24.8549
    0.0000   45.0000  -37.5000 1857.2269   24.4490
    7.5000   45.0000  -37.5000 1843.3762   24.6407
   -7.5000  -45.0000  -30.0000 2200.4802   18.5086
    0.0000  -45.0000  -30.0000 2222.9722   18.2597
    7.5000  -45.0000  -30.0000 2211.3601   18.4567
   -7.5000  -37.5000  -30.0000 2306.8184   16.9607
    0.0000  -37.5000  -30.0000 2326.9187   16.7583
    7.5000  -37.5000  -30.0000 2315.1140   16.9717
   -7.5000  -30.0000  -30.0000 2381.8318   15.8796
    0.0000  -30.0000  -30.0000 2399.4734   15.6888
    7.5000  -30.0000  -30.0000 2386.7542   15.8511
   -7.5000  -22.5000  -30.0000 2425.9517   15.1699
    0.0000  -22.5000  -30.0000 2442.3772   14.9616
    7.5000  -22.5000  -30.0000 2432.9548   15.0875
   -7.5000  -15.0000  -30.0000 2448.0903   14.7660
    0.0000  -15.0000  -30.0000 2466.1357   14.5869
    7.5000  -15.0000  -30.0000 2453.1511   14.6722
   -7.5000   -7.5000  -30.0000 2450.7266   14.6887
    0.0000   -7.5000  -30.0000 2477.3774   14.4917
    7.5000   -7.5000  -30.0000 2459.4636   14.6041
   -7.5000    0.0000  -30.0000 2424.8716   14.8917
    0.0000    0.0000  -30.0000 2451.5188   14.7386
    7.5000    0.0000  -30.0000 2440.5100   14.8322
   -7.5000    7.5000  -30.0000 2394.0300   15.3960
    0.0000    7.5000  -30.0000 2423.8167   15.1926
    7.5000    7.5000  -30.0000 2412.2971   15.3180
   -7.5000   15.0000  -30.0000 2345.8374   16.2134
    0.0000   15.0000  -30.0000 2375.9165   15.9576
    7.5000   15.0000  -30.0000 2362.9170   16.0871
   -7.5000   22.5000  -30.0000 2278.9436   17.3379
    0.0000   22.5000  -30.0000 2303.0627   17.0349
    7.5000   22.5000  -30.0000 2291.8022   17.1801
   -7.5000   30.0000  -30.0000 2185.7935   18.8393
    0.0000   30.0000  -30.0000 2208.6436   18.5208
    7.5000   30.0000  -30.0000 2193.9951   18.6592
   -7.5000   37.5000  -30.0000 2073.8125   20.8614
    0.0000   37.5000  -30.0000 2094.0447   20.5147
    7.5000   37.5000  -30.0000 2077.7446   20.6786
   -7.5000   45.0000  -30.0000 1945.9353   23.5236
    0.0000   45.0000  -30.0000 1973.2253   23.1816
    7.5000   45.0000  -30.0000 1955.2151   23.3038
   -7.5000  -45.0000  -22.5000 2294.1228   17.6533
    0.0000  -45.0000  -22.5000 2315.6736   17.4011
    7.5000  -45.0000  -22.5000 2305.1199   17.6546
   -7.5000  -37.5000  -22.5000 2404.3245   16.1254
    0.0000  -37.5000  -22.5000 2425.8630   15.9119
    7.5000  -37.5000  -22.5000 2408.3174   16.1292
   -7.5000  -30.0000  -22.5000 2489.1011   15.0003
    0.0000  -30.0000  -22.5000 2506.7534   14.8172
    7.5000  -30.0000  -22.5000 2491.4216   14.9813
   -7.5000  -22.5000  -22.5000 2538.6384   14.3044
    0.0000  -22.5000  -22.5000 2559.8711   14.1378
    7.5000  -22.5000  -22.5000 2548.5134   14.2494
   -7.5000  -15.0000  -22.5000 2565.9604   13.9324
    0.0000  -15.0000  -22.5000 2590.2366   13.7702
    7.5000  -15.0000  -22.5000 2575.4167   13.8539
   -7.5000   -7.5000  -22.5000 2579.0671   13.8621
    0.0000   -7.5000  -22.5000 2605.9897   13.6876
    7.5000   -7.5000  -22.5000 2587.7810   13.7729
   -7.5000    0.0000  -22.5000 2562.6433   14.0700
    0.0000    0.0000  -22.5000 2589.6633   13.9270
    7.5000    0.0000  -22.5000 2574.6284   14.0152
   -7.5000    7.5000  -22.5000 2526.6887   14.5486
    0.0000    7.5000  -22.5000 2558.5132   14.3791
    7.5000    7.5000  -22.5000 2543.6240   14.4666
   -7.5000   15.0000  -22.5000 2472.1555   15.3208
    0.0000   15.0000  -22.5000 2502.5757   15.1087
    7.5000   15.0000  -22.5000 2487.5457   15.1986
   -7.5000   22.5000  -22.5000 2393.3982   16.3889
    0.0000   22.5000  -22.5000 2422.4077   16.1463
    7.5000   22.5000  -22.5000 2405.3218   16.2534
   -7.5000   30.0000  -22.5000 2290.3267   17.8087
    0.0000   30.0000  -22.5000 2316.5000   17.5301
    7.5000   30.0000  -22.5000 2298.5173   17.6468
   -7.5000   37.5000  -22.5000 2168.0249   19.7264
    0.0000   37.5000  -22.5000 2188.0515   19.4067
    7.5000   37.5000  -22.5000 2172.2305   19.5253
   -7.5000   45.0000  -22.5000 2037.2646   22.2138
    0.0000   45.0000  -22.5000 2059.0974   21.8745
    7.5000   45.0000  -22.5000 2044.8451   22.0209
   -7.5000  -45.0000  -15.0000 2359.6514   16.8194
    0.0000  -45.0000  -15.0000 2377.4409   16.6169
    7.5000  -45.0000  -15.0000 2362.5674   16.8890
   -7.5000  -37.5000  -15.0000 2472.9746   15.3273
    0.0000  -37.5000  -15.0000 2492.0359   15.1442
    7.5000  -37.5000  -15.0000 2475.0317   15.3444
   -7.5000  -30.0000  -15.0000 2565.2483   14.2156
    0.0000  -30.0000  -15.0000 2585.2600   14.0590
    7.5000  -30.0000  -15.0000 2569.6667   14.2016
   -7.5000  -22.5000  -15.0000 2622.5466   13.4966
    0.0000  -22.5000  -15.0000 2650.1235   13.3481
    7.5000  -22.5000  -15.0000 2635.6895   13.4621
   -7.5000  -15.0000  -15.0000 2662.2002   13.1152
    0.0000  -15.0000  -15.0000 2691.2246   12.9892
    7.5000  -15.0000  -15.0000 2675.0725   13.0890
   -7.5000   -7.5000  -15.0000 2685.8997   13.0309
    0.0000   -7.5000  -15.0000 2711.0166   12.8926
    7.5000   -7.5000  -15.0000 2692.5537   13.0071
   -7.5000    0.0000  -15.0000 2670.4844   13.2778
    0.0000    0.0000  -15.0000 2704.2561   13.1259
    7.5000    0.0000  -15.0000 2680.9534   13.2317
   -7.5000    7.5000  -15.0000 2636.5203   13.7359
    0.0000    7.5000  -15.0000 2672.8220   13.5812
    7.5000    7.5000  -15.0000 2649.9031   13.6554
   -7.5000   15.0000  -15.0000 2576.5564   14.4767
    0.0000   15.0000  -15.0000 2611.3394   14.2979
    7.5000   15.0000  -15.0000 2586.8992   14.3712
   -7.5000   22.5000  -15.0000 2484.4021   15.4875
    0.0000   22.5000  -15.0000 2516.3779   15.2696
    7.5000   22.5000  -15.0000 2494.2200   15.3562
   -7.5000   30.0000  -15.0000 2373.0569   16.8524
    0.0000   30.0000  -15.0000 2396.6270   16.6018
    7.5000   30.0000  -15.0000 2381.0000   16.7042
   -7.5000   37.5000  -15.0000 2242.8845   18.6698
    0.0000   37.5000  -15.0000 2262.3462   18.3725
    7.5000   37.5000  -15.0000 2247.3755   18.5072
   -7.5000   45.0000  -15.0000 2108.5442   21.0530
    0.0000   45.0000  -15.0000 2122.9402   20.7085
    7.5000   45.0000  -15.0000 2110.9768   20.8613
   -7.5000  -45.0000   -7.5000 2406.0601   16.0867
    0.0000  -45.0000   -7.5000 2420.0476   15.9544
    7.5000  -45.0000   -7.5000 2402.8381   16.2018
   -7.5000  -37.5000   -7.5000 2522.8362   14.6255
    0.0000  -37.5000   -7.5000 2542.6824   14.4803
    7.5000  -37.5000   -7.5000 2522.5312   14.6989
   -7.5000  -30.0000   -7.5000 2623.7278   13.5276
    0.0000  -30.0000   -7.5000 2648.8076   13.3710
    7.5000  -30.0000   -7.5000 2631.1040   13.5507
   -7.5000  -22.5000   -7.5000 2697.0808   12.7940
    0.0000  -22.5000   -7.5000 2727.9541   12.6312
    7.5000  -22.5000   -7.5000 2711.5679   12.7865
   -7.5000  -15.0000   -7.5000 2746.1912   12.3715
    0.0000  -15.0000   -7.5000 2779.4438   12.2401
    7.5000  -15.0000   -7.5000 2760.7849   12.3818
   -7.5000   -7.5000   -7.5000 2774.5681   12.2797
    0.0000   -7.5000   -7.5000 2806.4448   12.1635
    7.5000   -7.5000   -7.5000 2784.2402   12.3087
   -7.5000    0.0000   -7.5000 2765.3291   12.4971
    0.0000    0.0000   -7.5000 2805.7883   12.3718
    7.5000    0.0000   -7.5000 2774.5205   12.5052
   -7.5000    7.5000   -7.5000 2729.4910   12.9531
    0.0000    7.5000   -7.5000 2768.9387   12.8189
    7.5000    7.5000   -7.5000 2738.8950   12.9224
   -7.5000   15.0000   -7.5000 2659.1309   13.6651
    0.0000   15.0000   -7.5000 2696.5146   13.5123
    7.5000   15.0000   -7.5000 2669.2507   13.6227
   -7.5000   22.5000   -7.5000 2559.5654   14.6315
    0.0000   22.5000   -7.5000 2592.7732   14.4425
    7.5000   22.5000   -7.5000 2569.2061   14.5472
   -7.5000   30.0000   -7.5000 2438.1384   15.9492
    0.0000   30.0000   -7.5000 2466.7581   15.7397
    7.5000   30.0000   -7.5000 2445.6729   15.8429
   -7.5000   37.5000   -7.5000 2300.0081   17.7303
    0.0000   37.5000   -7.5000 2324.8127   17.4854
    7.5000   37.5000   -7.5000 2307.6460   17.5627
   -7.5000   45.0000   -7.5000 2158.0708   19.9989
    0.0000   45.0000   -7.5000 2176.5986   19.6957
    7.5000   45.0000   -7.5000 2162.6072   19.7788
   -7.5000  -45.0000    0.0000 2426.8284   15.5529
    0.0000  -45.0000    0.0000 2440.3960   15.4226
    7.5000  -45.0000    0.0000 2420.1492   15.6938
   -7.5000  -37.5000    0.0000 2549.9070   14.0946
    0.0000  -37.5000    0.0000 2571.6021   13.9767
    7.5000  -37.5000    0.0000 2547.4116   14.2061
   -7.5000  -30.0000    0.0000 2663.4004   12.9871
    0.0000  -30.0000    0.0000 2688.0564   12.8659
    7.5000  -30.0000    0.0000 2667.5276   13.0680
   -7.5000  -22.5000    0.0000 2754.6985   12.2567
    0.0000  -22.5000    0.0000 2782.6799   12.1068
    7.5000  -22.5000    0.0000 2762.9751   12.2930
   -7.5000  -15.0000    0.0000 2818.3525   11.8180
    0.0000  -15.0000    0.0000 2855.3313   11.6682
    7.5000  -15.0000    0.0000 2831.8599   11.8447
   -7.5000   -7.5000    0.0000 2861.5173   11.7121
    0.0000   -7.5000    0.0000 2899.8435   11.5794
    7.5000   -7.5000    0.0000 2864.7715   11.7445
   -7.5000    0.0000    0.0000 2855.7812   11.9162
    0.0000    0.0000    0.0000 2902.4417   11.7893
    7.5000    0.0000    0.0000 2858.2498   11.9358
   -7.5000    7.5000    0.0000 2810.6487   12.3592
    0.0000    7.5000    0.0000 2848.5225   12.2523
    7.5000    7.5000    0.0000 2814.5925   12.3850
   -7.5000   15.0000    0.0000 2725.8313   13.0104
    0.0000   15.0000    0.0000 2762.8430   12.8788
    7.5000   15.0000    0.0000 2733.7563   13.0114
   -7.5000   22.5000    0.0000 2614.0452   13.9774
    0.0000   22.5000    0.0000 2651.3943   13.8118
    7.5000   22.5000    0.0000 2622.4729   13.9319
   -7.5000   30.0000    0.0000 2484.6042   15.2857
    0.0000   30.0000    0.0000 2515.5193   15.0957
    7.5000   30.0000    0.0000 2492.0935   15.2008
   -7.5000   37.5000    0.0000 2342.6616   17.0004
    0.0000   37.5000    0.0000 2368.7854   16.7715
    7.5000   37.5000    0.0000 2348.4846   16.8832
   -7.5000   45.0000    0.0000 2190.9109   19.1904
    0.0000   45.0000    0.0000 2210.8372   18.8960
    7.5000   45.0000    0.0000 2198.7434   19.0211
   -7.5000  -45.0000    7.5000 2428.5593   15.2716
    0.0000  -45.0000    7.5000 2449.2021   15.1388
    7.5000  -45.0000    7.5000 2424.0024   15.4142
   -7.5000  -37.5000    7.5000 2554.5623   13.7962
    0.0000  -37.5000    7.5000 2580.9602   13.6605
    7.5000  -37.5000    7.5000 2554.5359   13.9048
   -7.5000  -30.0000    7.5000 2678.0051   12.6783
    0.0000  -30.0000    7.5000 2704.8108   12.5383
    7.5000  -30.0000    7.5000 2680.5754   12.7603
   -7.5000  -22.5000    7.5000 2786.7100   11.9174
    0.0000  -22.5000    7.5000 2817.4216   11.7572
    7.5000  -22.5000    7.5000 2790.1721   11.9659
   -7.5000  -15.0000    7.5000 2876.1270   11.4624
    0.0000  -15.0000    7.5000 2914.8203   11.2886
    7.5000  -15.0000    7.5000 2879.9373   11.4910
   -7.5000   -7.5000    7.5000 2934.8955   11.3085
    0.0000   -7.5000    7.5000 2983.8604   11.1444
    7.5000   -7.5000    7.5000 2930.7075   11.3508
   -7.5000    0.0000    7.5000 2932.4304   11.5085
    0.0000    0.0000    7.5000 2982.7537   11.3675
    7.5000    0.0000    7.5000 2932.7231   11.5447
   -7.5000    7.5000    7.5000 2869.0732   11.9997
    0.0000    7.5000    7.5000 2910.7449   11.8725
    7.5000    7.5000    7.5000 2874.7468   12.0234
   -7.5000   15.0000    7.5000 2766.5542   12.6496
    0.0000   15.0000    7.5000 2804.7847   12.5066
    7.5000   15.0000    7.5000 2777.0454   12.6534
   -7.5000   22.5000    7.5000 2652.0183   13.5979
    0.0000   22.5000    7.5000 2685.0330   13.4184
    7.5000   22.5000    7.5000 2659.5010   13.5597
   -7.5000   30.0000    7.5000 2515.3525   14.8930
    0.0000   30.0000    7.5000 2546.7349   14.6838
    7.5000   30.0000    7.5000 2520.0986   14.8136
   -7.5000   37.5000    7.5000 2366.0715   16.5598
    0.0000   37.5000    7.5000 2395.7417   16.3283
    7.5000   37.5000    7.5000 2372.5161   16.4519
   -7.5000   45.0000    7.5000 2207.6025   18.6618
    0.0000   45.0000    7.5000 2232.6543   18.3879
    7.5000   45.0000    7.5000 2216.7273   18.5306
   -7.5000  -45.0000   15.0000 2421.6438   15.2454
    0.0000  -45.0000   15.0000 2441.3301   15.1085
    7.5000  -45.0000   15.0000 2416.1445   15.3596
   -7.5000  -37.5000   15.0000 2546.0200   13.7359
    0.0000  -37.5000   15.0000 2570.4097   13.6062
    7.5000  -37.5000   15.0000 2545.3982   13.8179
   -7.5000  -30.0000   15.0000 2667.8232   12.5912
    0.0000  -30.0000   15.0000 2699.5928   12.4518
    7.5000  -30.0000   15.0000 2674.6646   12.6538
   -7.5000  -22.5000   15.0000 2785.5518   11.7875
    0.0000  -22.5000   15.0000 2818.7764   11.6247
    7.5000  -22.5000   15.0000 2790.6116   11.8362
   -7.5000  -15.0000   15.0000 2890.2549   11.3265
    0.0000  -15.0000   15.0000 2929.7017   11.1564
    7.5000  -15.0000   15.0000 2891.3560   11.3564
   -7.5000   -7.5000   15.0000 2959.3528   11.1364
    0.0000   -7.5000   15.0000 3008.6226   10.9379
    7.5000   -7.5000   15.0000 2957.0713   11.2026
   -7.5000    0.0000   15.0000 2968.7708   11.3203
    0.0000    0.0000   15.0000 3016.6663   11.1078
    7.5000    0.0000   15.0000 2962.5803   11.3990
   -7.5000    7.5000   15.0000 2896.0457   11.8390
    0.0000    7.5000   15.0000 2932.6455   11.6600
    7.5000    7.5000   15.0000 2897.6570   11.8741
   -7.5000   15.0000   15.0000 2779.1013   12.5149
    0.0000   15.0000   15.0000 2820.2673   12.3165
    7.5000   15.0000   15.0000 2793.3828   12.4856
   -7.5000   22.5000   15.0000 2656.6045   13.4549
    0.0000   22.5000   15.0000 2693.7190   13.2476
    7.5000   22.5000   15.0000 2667.4775   13.3841
   -7.5000   30.0000   15.0000 2519.8000   14.7214
    0.0000   30.0000   15.0000 2551.2856   14.5028
    7.5000   30.0000   15.0000 2526.0845   14.6070
   -7.5000   37.5000   15.0000 2372.3000   16.3247
    0.0000   37.5000   15.0000 2400.2954   16.0927
    7.5000   37.5000   15.0000 2378.8059   16.2060
   -7.5000   45.0000   15.0000 2213.7419   18.3602
    0.0000   45.0000   15.0000 2237.8394   18.0914
    7.5000   45.0000   15.0000 2224.5706   18.2404
   -7.5000  -45.0000   22.5000 2410.0928   15.4272
    0.0000  -45.0000   22.5000 2430.3223   15.2890
    7.5000  -45.0000   22.5000 2400.7571   15.5203
   -7.5000  -37.5000   22.5000 2531.5269   13.8953
    0.0000  -37.5000   22.5000 2552.6865   13.7608
    7.5000  -37.5000   22.5000 2526.6389   13.9647
   -7.5000  -30.0000   22.5000 2656.1567   12.7298
    0.0000  -30.0000   22.5000 2682.7810   12.5877
    7.5000  -30.0000   22.5000 2659.8303   12.7928
   -7.5000  -22.5000   22.5000 2769.2991   11.9337
    0.0000  -22.5000   22.5000 2798.3267   11.7685
    7.5000  -22.5000   22.5000 2774.2068   11.9822
   -7.5000  -15.0000   22.5000 2868.7988   11.4409
    0.0000  -15.0000   22.5000 2906.8020   11.2675
    7.5000  -15.0000   22.5000 2871.2053   11.4911
   -7.5000   -7.5000   22.5000 2930.6536   11.2940
    0.0000   -7.5000   22.5000 2971.5396   11.1242
    7.5000   -7.5000   22.5000 2932.7029   11.3532
   -7.5000    0.0000   22.5000 2940.3723   11.4452
    0.0000    0.0000   22.5000 2980.5923   11.2878
    7.5000    0.0000   22.5000 2939.9060   11.4979
   -7.5000    7.5000   22.5000 2877.1736   11.8980
    0.0000    7.5000   22.5000 2916.7847   11.7458
    7.5000    7.5000   22.5000 2880.9153   11.9174
   -7.5000   15.0000   22.5000 2769.2173   12.6067
    0.0000   15.0000   22.5000 2808.7056   12.4108
    7.5000   15.0000   22.5000 2780.6497   12.5743
   -7.5000   22.5000   22.5000 2644.6804   13.5612
    0.0000   22.5000   22.5000 2680.9705   13.3158
    7.5000   22.5000   22.5000 2658.8696   13.4479
   -7.5000   30.0000   22.5000 2508.5354   14.7788
    0.0000   30.0000   22.5000 2538.5283   14.5127
    7.5000   30.0000   22.5000 2521.8044   14.6284
   -7.5000   37.5000   22.5000 2363.6208   16.3243
    0.0000   37.5000   22.5000 2388.2610   16.0495
    7.5000   37.5000   22.5000 2370.8862   16.1857
   -7.5000   45.0000   22.5000 2206.2795   18.3052
    0.0000   45.0000   22.5000 2230.0637   18.0168
    7.5000   45.0000   22.5000 2213.0178   18.1501
   -7.5000  -45.0000   30.0000 2389.6248   15.8832
    0.0000  -45.0000   30.0000 2408.6877   15.7302
    7.5000  -45.0000   30.0000 2376.1111   15.9911
   -7.5000  -37.5000   30.0000 2508.3474   14.3353
    0.0000  -37.5000   30.0000 2529.5684   14.1989
    7.5000  -37.5000   30.0000 2501.3323   14.4122
   -7.5000  -30.0000   30.0000 2627.4080   13.1687
    0.0000  -30.0000   30.0000 2653.1768   13.0290
    7.5000  -30.0000   30.0000 2624.9453   13.2196
   -7.5000  -22.5000   30.0000 2732.5430   12.3745
    0.0000  -22.5000   30.0000 2758.8352   12.2538
    7.5000  -22.5000   30.0000 2731.0740   12.4038
   -7.5000  -15.0000   30.0000 2815.7676   11.8893
    0.0000  -15.0000   30.0000 2848.5464   11.7487
    7.5000  -15.0000   30.0000 2814.8269   11.9410
   -7.5000   -7.5000   30.0000 2867.9465   11.7228
    0.0000   -7.5000   30.0000 2897.0608   11.5729
    7.5000   -7.5000   30.0000 2869.1731   11.7658
   -7.5000    0.0000   30.0000 2870.3406   11.8407
    0.0000    0.0000   30.0000 2900.6448   11.6898
    7.5000    0.0000   30.0000 2875.4102   11.8534
   -7.5000    7.5000   30.0000 2816.0332   12.2711
    0.0000    7.5000   30.0000 2848.5796   12.1375
    7.5000    7.5000   30.0000 2823.8188   12.2757
   -7.5000   15.0000   30.0000 2721.7195   12.9492
    0.0000   15.0000   30.0000 2754.8311   12.7954
    7.5000   15.0000   30.0000 2732.4973   12.9197
   -7.5000   22.5000   30.0000 2608.5166   13.8561
    0.0000   22.5000   30.0000 2642.4385   13.6534
    7.5000   22.5000   30.0000 2620.5415   13.7518
   -7.5000   30.0000   30.0000 2479.2886   15.0531
    0.0000   30.0000   30.0000 2511.2661   14.8060
    7.5000   30.0000   30.0000 2489.0813   14.9054
   -7.5000   37.5000   30.0000 2333.5112   16.5822
    0.0000   37.5000   30.0000 2359.7639   16.2722
    7.5000   37.5000   30.0000 2342.1108   16.3940
   -7.5000   45.0000   30.0000 2180.8154   18.5033
    0.0000   45.0000   30.0000 2205.6077   18.1679
    7.5000   45.0000   30.0000 2187.4124   18.3024
   -7.5000  -45.0000   37.5000 2354.2244   16.5568
    0.0000  -45.0000   37.5000 2369.7632   16.4148
    7.5000  -45.0000   37.5000 2340.5386   16.6962
   -7.5000  -37.5000   37.5000 2468.2866   15.0338
    0.0000  -37.5000   37.5000 2488.7747   14.8885
    7.5000  -37.5000   37.5000 2459.6853   15.0920
   -7.5000  -30.0000   37.5000 2583.5825   13.9147
    0.0000  -30.0000   37.5000 2609.2476   13.7654
    7.5000  -30.0000   37.5000 2578.0808   13.9304
   -7.5000  -22.5000   37.5000 2682.4119   13.0865
    0.0000  -22.5000   37.5000 2711.0422   12.9376
    7.5000  -22.5000   37.5000 2679.1948   13.1048
   -7.5000  -15.0000   37.5000 2752.5088   12.5643
    0.0000  -15.0000   37.5000 2780.9265   12.4273
    7.5000  -15.0000   37.5000 2748.1753   12.5917
   -7.5000   -7.5000   37.5000 2788.5479   12.3836
    0.0000   -7.5000   37.5000 2813.2224   12.2429
    7.5000   -7.5000   37.5000 2790.0691   12.3878
   -7.5000    0.0000   37.5000 2785.6604   12.4591
    0.0000    0.0000   37.5000 2809.4219   12.3216
    7.5000    0.0000   37.5000 2786.5857   12.4522
   -7.5000    7.5000   37.5000 2732.3447   12.8466
    0.0000    7.5000   37.5000 2757.7849   12.7111
    7.5000    7.5000   37.5000 2737.3584   12.8593
   -7.5000   15.0000   37.5000 2647.0803   13.4924
    0.0000   15.0000   37.5000 2676.3652   13.3243
    7.5000   15.0000   37.5000 2658.1631   13.4667
   -7.5000   22.5000   37.5000 2546.3918   14.4017
    0.0000   22.5000   37.5000 2572.1025   14.1932
    7.5000   22.5000   37.5000 2557.3337   14.2977
   -7.5000   30.0000   37.5000 2430.2825   15.5541
    0.0000   30.0000   37.5000 2454.8486   15.3036
    7.5000   30.0000   37.5000 2438.7776   15.3899
   -7.5000   37.5000   37.5000 2292.7393   17.0280
    0.0000   37.5000   37.5000 2317.1138   16.7318
    7.5000   37.5000   37.5000 2303.3652   16.8353
   -7.5000   45.0000   37.5000 2148.7175   18.9179
    0.0000   45.0000   37.5000 2169.5242   18.6021
    7.5000   45.0000   37.5000 2153.3772   18.6951
   -7.5000  -45.0000   45.0000 2300.4395   17.5198
    0.0000  -45.0000   45.0000 2314.8384   17.3604
    7.5000  -45.0000   45.0000 2288.7178   17.6019
   -7.5000  -37.5000   45.0000 2412.4458   15.9668
    0.0000  -37.5000   45.0000 2431.9866   15.8056
    7.5000  -37.5000   45.0000 2408.4011   16.0140
   -7.5000  -30.0000   45.0000 2520.3018   14.7999
    0.0000  -30.0000   45.0000 2544.0977   14.6545
    7.5000  -30.0000   45.0000 2519.2456   14.8125
   -7.5000  -22.5000   45.0000 2613.7639   13.9515
    0.0000  -22.5000   45.0000 2642.1833   13.8102
    7.5000  -22.5000   45.0000 2611.2297   13.9602
   -7.5000  -15.0000   45.0000 2678.1172   13.4365
    0.0000  -15.0000   45.0000 2700.5195   13.2951
    7.5000  -15.0000   45.0000 2670.7979   13.4203
   -7.5000   -7.5000   45.0000 2699.6633   13.2122
    0.0000   -7.5000   45.0000 2723.1404   13.0774
    7.5000   -7.5000   45.0000 2701.1184   13.1822
   -7.5000    0.0000   45.0000 2685.4414   13.2346
    0.0000    0.0000   45.0000 2710.9824   13.1182
    7.5000    0.0000   45.0000 2691.0686   13.2081
   -7.5000    7.5000   45.0000 2638.0491   13.5879
    0.0000    7.5000   45.0000 2662.0608   13.4571
    7.5000    7.5000   45.0000 2645.4138   13.5942
   -7.5000   15.0000   45.0000 2566.7053   14.1905
    0.0000   15.0000   45.0000 2591.4351   14.0177
    7.5000   15.0000   45.0000 2576.3386   14.1499
   -7.5000   22.5000   45.0000 2475.2458   15.0704
    0.0000   22.5000   45.0000 2496.3645   14.8563
    7.5000   22.5000   45.0000 2483.0354   14.9794
   -7.5000   30.0000   45.0000 2367.5325   16.2059
    0.0000   30.0000   45.0000 2388.0479   15.9478
    7.5000   30.0000   45.0000 2376.4399   16.0396
   -7.5000   37.5000   45.0000 2239.9277   17.6613
    0.0000   37.5000   45.0000 2261.7781   17.3788
    7.5000   37.5000   45.0000 2248.8757   17.4841
   -7.5000   45.0000   45.0000 2103.5461   19.5261
    0.0000   45.0000   45.0000 2122.5474   19.2391
    7.5000   45.0000   45.0000 2106.2036   19.3263

---------------------------------------------------------------------
imgreg_4dfp /opt/freesurfer/average/711-2C_as_mni_average_305 /opt/freesurfer/average/711-2B_as_mni_average_305_mask talsrcimg_g11 none talsrcimg_to_711-2C_as_mni_average_305_t4 1283
---------------------------------------------------------------------

freesurfer imgreg_4dfp.c
/opt/freesurfer/average/711-2C_as_mni_average_305.4dfp.img
       256       256       256         1
  1.000000  1.000000  1.000000
orientation T byte_order littleendian
Reading image: /opt/freesurfer/average/711-2C_as_mni_average_305.4dfp.img
dimensions:      256       256       256
mmppix:       1.0000   -1.0000   -1.0000
center:     128.0000 -129.0000 -129.0000
/opt/freesurfer/average/711-2B_as_mni_average_305_mask.4dfp.img
       256       256       256         1
  1.000000  1.000000  1.000000
orientation T byte_order littleendian
Reading mask: /opt/freesurfer/average/711-2B_as_mni_average_305_mask.4dfp.img (2306576 pixels)
talsrcimg_g11.4dfp.img
       256       256       256         1
  1.000000  1.000000  1.000000
orientation T byte_order littleendian
Reading image: talsrcimg_g11.4dfp.img
dimensions:      256       256       256
mmppix:       1.0000   -1.0000   -1.0000
center:     128.0000 -129.0000 -129.0000
rotation matrix determinant  1.000000
fimgreg.f
image alignment mode   1283 decimal      503 hex
parameters
    0.0000    0.0000   15.0000    0.0000    0.0000    0.0000
eta,q 0.94652 11.10634
niter,ni,del,rscale     5    3   12.0000    1.2000
parameter  2  0.724119 ->  0.500000 qaram    1.1500
parameter  5 -0.501143 -> -0.500000 qaram    1.1500
parameter  6  0.668419 ->  0.500000 qaram    1.1500
parameters
   -0.6541   -3.4500   15.1035   -1.6707    3.4500   -3.4500
eta,q 0.95108 10.85210
  0.0632  0.0543  0.0609  0.0550  0.0602  0.0493
  0.0587  0.0531  0.0583  0.0522  0.0571  0.0489
  0.0571  0.0540  0.0549  0.0516  0.0542  0.0492
  0.0578  0.0571  0.0530  0.0529  0.0517  0.0503
  0.0593  0.0625  0.0534  0.0543  0.0504  0.0524
  0.0613  0.0688  0.0566  0.0561  0.0505  0.0553
  0.0652  0.0758  0.0617  0.0586  0.0521  0.0583
niter,ni,del,rscale     7    3   12.0000    1.2000
parameters
   -1.4560   -2.8734   14.6195   -2.6436    3.1317   -3.5235
eta,q 0.95238 10.84538
  0.0575  0.0642  0.0567  0.0531  0.0552  0.0537
  0.0519  0.0580  0.0532  0.0488  0.0508  0.0506
  0.0491  0.0515  0.0499  0.0471  0.0482  0.0483
  0.0489  0.0487  0.0486  0.0486  0.0477  0.0476
  0.0511  0.0494  0.0503  0.0506  0.0493  0.0483
  0.0564  0.0536  0.0546  0.0526  0.0523  0.0505
  0.0634  0.0607  0.0605  0.0552  0.0560  0.0541
niter,ni,del,rscale     6    3   12.0000    1.2000
parameters
   -1.3670   -2.5028   14.4534   -3.0175    3.1174   -3.5659
eta,q 0.95274 10.85494
  0.0602  0.0633  0.0568  0.0541  0.0553  0.0536
  0.0532  0.0576  0.0533  0.0501  0.0509  0.0506
  0.0488  0.0508  0.0496  0.0469  0.0482  0.0481
  0.0476  0.0476  0.0475  0.0476  0.0473  0.0473
  0.0489  0.0491  0.0489  0.0497  0.0484  0.0480
  0.0529  0.0540  0.0530  0.0518  0.0513  0.0503
  0.0592  0.0614  0.0589  0.0545  0.0551  0.0541
niter,ni,del,rscale     5    3   12.0000    1.2000
parameters
   -1.3525   -2.3386   14.3729   -3.2027    3.1353   -3.5947
eta,q 0.95286 10.86053
  0.0596  0.0626  0.0567  0.0544  0.0552  0.0537
  0.0526  0.0570  0.0532  0.0506  0.0508  0.0506
  0.0483  0.0503  0.0495  0.0470  0.0481  0.0481
  0.0473  0.0473  0.0472  0.0473  0.0471  0.0471
  0.0486  0.0494  0.0484  0.0494  0.0482  0.0479
  0.0528  0.0546  0.0525  0.0516  0.0511  0.0503
  0.0592  0.0623  0.0584  0.0543  0.0549  0.0541
niter,ni,del,rscale     4    3   12.0000    1.2000
parameters
   -1.3481   -2.2542   14.3264   -3.3001    3.1528   -3.6116
eta,q 0.95291 10.86373
  0.0595  0.0623  0.0567  0.0546  0.0551  0.0537
  0.0525  0.0568  0.0532  0.0508  0.0507  0.0506
  0.0481  0.0501  0.0494  0.0470  0.0481  0.0481
  0.0471  0.0471  0.0471  0.0472  0.0471  0.0471
  0.0485  0.0495  0.0483  0.0493  0.0481  0.0478
  0.0528  0.0549  0.0522  0.0514  0.0510  0.0502
  0.0591  0.0626  0.0582  0.0541  0.0548  0.0541
niter,ni,del,rscale     3    3   12.0000    1.2000
parameters
   -1.3469   -2.2114   14.3007   -3.3516    3.1641   -3.6208
eta,q 0.95293 10.86558
  0.0594  0.0621  0.0567  0.0547  0.0550  0.0537
  0.0524  0.0568  0.0532  0.0509  0.0507  0.0506
  0.0481  0.0500  0.0494  0.0471  0.0480  0.0481
  0.0471  0.0471  0.0471  0.0471  0.0471  0.0471
  0.0485  0.0495  0.0482  0.0492  0.0481  0.0478
  0.0527  0.0550  0.0521  0.0514  0.0509  0.0502
  0.0590  0.0628  0.0581  0.0541  0.0548  0.0541
registration optimization eta report
parameter search radius
    6.0000    6.9000    6.0000    6.0000    6.9000    6.9000
100000*second partial in parameter space
       34.       31.       28.       20.       16.       14.
  0.0594  0.0621  0.0567  0.0547  0.0550  0.0537
  0.0524  0.0568  0.0532  0.0509  0.0507  0.0506
  0.0481  0.0500  0.0494  0.0471  0.0480  0.0481
  0.0471  0.0471  0.0471  0.0471  0.0471  0.0471
  0.0485  0.0495  0.0482  0.0492  0.0481  0.0478
  0.0527  0.0550  0.0521  0.0514  0.0509  0.0502
  0.0590  0.0628  0.0581  0.0541  0.0548  0.0541
   -1.3469   -2.2114   14.3007   -3.3516    3.1641   -3.6208
eta,q 0.95293 10.86558

---------------------------------------------------------------------
imgreg_4dfp /opt/freesurfer/average/711-2C_as_mni_average_305 /opt/freesurfer/average/711-2B_as_mni_average_305_mask talsrcimg_g11 none talsrcimg_to_711-2C_as_mni_average_305_t4 3335
---------------------------------------------------------------------

freesurfer imgreg_4dfp.c
/opt/freesurfer/average/711-2C_as_mni_average_305.4dfp.img
       256       256       256         1
  1.000000  1.000000  1.000000
orientation T byte_order littleendian
Reading image: /opt/freesurfer/average/711-2C_as_mni_average_305.4dfp.img
dimensions:      256       256       256
mmppix:       1.0000   -1.0000   -1.0000
center:     128.0000 -129.0000 -129.0000
/opt/freesurfer/average/711-2B_as_mni_average_305_mask.4dfp.img
       256       256       256         1
  1.000000  1.000000  1.000000
orientation T byte_order littleendian
Reading mask: /opt/freesurfer/average/711-2B_as_mni_average_305_mask.4dfp.img (2306576 pixels)
talsrcimg_g11.4dfp.img
       256       256       256         1
  1.000000  1.000000  1.000000
orientation T byte_order littleendian
Reading image: talsrcimg_g11.4dfp.img
dimensions:      256       256       256
mmppix:       1.0000   -1.0000   -1.0000
center:     128.0000 -129.0000 -129.0000
fimgreg.f
image alignment mode   3335 decimal      D07 hex
parameters
   -1.3469   -2.2114   14.3007   -0.3518   -0.3907   -0.3232
    6.6266   -5.1299   -6.3057    6.1826    5.5195   -5.8374
eta,q 0.95307 10.95722
niter,ni,del,rscale     5    3    5.0000    1.2000
parameter  4  2.868325 ->  0.500000 qaram    1.1500
parameter  5  2.516483 ->  0.500000 qaram    1.1500
parameter  6  1.072173 ->  0.500000 qaram    1.1500
parameters
   -1.3418   -1.8051   14.0249   -4.4918   -4.5307   -4.4632
    5.2610   -4.7099   -4.7656    3.8504    4.1284   -5.3235
eta,q 0.97016 10.21426
  0.0492  0.0488  0.0480  0.0371  0.0322  0.0300  0.0319  0.0357  0.0327  0.0317  0.0309  0.0315
  0.0480  0.0477  0.0473  0.0396  0.0342  0.0302  0.0309  0.0329  0.0316  0.0305  0.0302  0.0306
  0.0472  0.0472  0.0470  0.0429  0.0370  0.0318  0.0304  0.0311  0.0308  0.0299  0.0299  0.0301
  0.0469  0.0469  0.0469  0.0469  0.0404  0.0349  0.0305  0.0304  0.0304  0.0303  0.0299  0.0298
  0.0472  0.0469  0.0472  0.0515  0.0439  0.0388  0.0310  0.0308  0.0303  0.0317  0.0303  0.0299
  0.0479  0.0472  0.0478  0.0562  0.0478  0.0436  0.0322  0.0323  0.0307  0.0335  0.0310  0.0304
  0.0492  0.0478  0.0487  0.0610  0.0524  0.0487  0.0336  0.0345  0.0313  0.0356  0.0321  0.0310
niter,ni,del,rscale     7    3    5.0000    1.2000
parameter  4  0.941663 ->  0.500000 qaram    1.3225
parameter  5  0.986792 ->  0.500000 qaram    1.3225
parameters
   -1.2499   -0.9988   13.7531   -9.2528   -9.2917   -7.6336
    6.2634   -4.0962   -4.2054    4.4315    4.6125   -5.9136
eta,q 0.97700  9.72686
  0.0331  0.0336  0.0312  0.0254  0.0225  0.0241  0.0259  0.0277  0.0250  0.0263  0.0242  0.0241
  0.0313  0.0319  0.0302  0.0256  0.0228  0.0235  0.0246  0.0255  0.0240  0.0247  0.0236  0.0234
  0.0302  0.0306  0.0297  0.0269  0.0239  0.0231  0.0237  0.0239  0.0234  0.0235  0.0232  0.0231
  0.0298  0.0298  0.0296  0.0296  0.0259  0.0230  0.0232  0.0231  0.0231  0.0230  0.0230  0.0230
  0.0301  0.0296  0.0300  0.0333  0.0287  0.0248  0.0232  0.0233  0.0231  0.0232  0.0231  0.0232
  0.0310  0.0299  0.0308  0.0381  0.0325  0.0288  0.0237  0.0245  0.0236  0.0241  0.0234  0.0237
  0.0326  0.0306  0.0321  0.0436  0.0365  0.0340  0.0248  0.0265  0.0245  0.0254  0.0240  0.0245
niter,ni,del,rscale     7    3    5.0000    1.2000
parameters
   -1.0675   -0.6197   13.0409  -12.6827  -11.9406   -8.7384
    6.0558   -3.9962   -4.6117    5.5820    5.1138   -6.9775
eta,q 0.97772  9.44430
  0.0265  0.0260  0.0234  0.0240  0.0245  0.0241  0.0245  0.0259  0.0238  0.0254  0.0232  0.0232
  0.0247  0.0245  0.0229  0.0230  0.0231  0.0230  0.0234  0.0240  0.0230  0.0240  0.0227  0.0226
  0.0235  0.0235  0.0228  0.0225  0.0223  0.0225  0.0226  0.0228  0.0225  0.0230  0.0224  0.0223
  0.0230  0.0230  0.0229  0.0228  0.0225  0.0223  0.0224  0.0224  0.0224  0.0224  0.0223  0.0223
  0.0232  0.0230  0.0233  0.0244  0.0239  0.0220  0.0227  0.0227  0.0227  0.0224  0.0224  0.0226
  0.0241  0.0235  0.0239  0.0275  0.0262  0.0234  0.0235  0.0238  0.0232  0.0229  0.0226  0.0231
  0.0256  0.0246  0.0248  0.0320  0.0300  0.0268  0.0247  0.0257  0.0241  0.0240  0.0230  0.0238
niter,ni,del,rscale     6    3    5.0000    1.2000
parameters
   -0.9851   -0.3944   13.0278  -13.1440  -12.4856   -8.4392
    6.1444   -3.9366   -4.6821    6.2850    4.8067   -7.4840
eta,q 0.97774  9.42087
  0.0252  0.0248  0.0233  0.0253  0.0257  0.0246  0.0246  0.0257  0.0237  0.0248  0.0229  0.0233
  0.0236  0.0235  0.0227  0.0238  0.0241  0.0234  0.0234  0.0238  0.0229  0.0235  0.0225  0.0227
  0.0226  0.0226  0.0224  0.0228  0.0229  0.0226  0.0226  0.0227  0.0225  0.0227  0.0223  0.0223
  0.0223  0.0223  0.0223  0.0223  0.0223  0.0223  0.0223  0.0223  0.0223  0.0223  0.0223  0.0223
  0.0225  0.0224  0.0224  0.0225  0.0229  0.0219  0.0226  0.0226  0.0225  0.0224  0.0224  0.0225
  0.0234  0.0230  0.0228  0.0238  0.0244  0.0223  0.0233  0.0237  0.0230  0.0229  0.0226  0.0229
  0.0248  0.0240  0.0233  0.0266  0.0270  0.0250  0.0244  0.0256  0.0238  0.0240  0.0231  0.0236
niter,ni,del,rscale     5    3    5.0000    1.2000
parameters
   -0.9818   -0.2306   12.9898  -13.0807  -12.6976   -8.4752
    6.2170   -3.9234   -4.5763    6.6220    4.6382   -7.7490
eta,q 0.97775  9.41632
  0.0249  0.0246  0.0233  0.0256  0.0258  0.0245  0.0245  0.0256  0.0237  0.0245  0.0229  0.0233
  0.0234  0.0233  0.0227  0.0240  0.0242  0.0233  0.0233  0.0237  0.0229  0.0233  0.0225  0.0227
  0.0225  0.0226  0.0224  0.0228  0.0229  0.0225  0.0225  0.0226  0.0224  0.0226  0.0223  0.0224
  0.0223  0.0223  0.0223  0.0222  0.0222  0.0223  0.0223  0.0223  0.0223  0.0223  0.0222  0.0222
  0.0226  0.0224  0.0224  0.0223  0.0227  0.0218  0.0225  0.0226  0.0224  0.0224  0.0224  0.0224
  0.0235  0.0230  0.0228  0.0234  0.0241  0.0225  0.0233  0.0237  0.0229  0.0230  0.0226  0.0229
  0.0249  0.0240  0.0233  0.0260  0.0265  0.0253  0.0244  0.0256  0.0236  0.0242  0.0230  0.0235
niter,ni,del,rscale     4    3    5.0000    1.2000
parameters
   -0.9783   -0.1286   12.9194  -13.0824  -12.8204   -8.5293
    6.2223   -3.9258   -4.5032    6.8498    4.5378   -7.9459
eta,q 0.97775  9.41062
  0.0249  0.0244  0.0232  0.0255  0.0259  0.0245  0.0245  0.0255  0.0237  0.0243  0.0230  0.0234
  0.0234  0.0232  0.0227  0.0240  0.0243  0.0233  0.0233  0.0237  0.0229  0.0233  0.0226  0.0228
  0.0225  0.0225  0.0223  0.0228  0.0229  0.0225  0.0225  0.0226  0.0224  0.0226  0.0223  0.0224
  0.0222  0.0222  0.0222  0.0222  0.0222  0.0223  0.0223  0.0223  0.0223  0.0223  0.0223  0.0223
  0.0226  0.0224  0.0224  0.0223  0.0226  0.0218  0.0225  0.0226  0.0224  0.0224  0.0223  0.0224
  0.0234  0.0231  0.0228  0.0235  0.0240  0.0225  0.0233  0.0237  0.0229  0.0230  0.0226  0.0229
  0.0249  0.0241  0.0234  0.0261  0.0264  0.0254  0.0244  0.0255  0.0236  0.0242  0.0230  0.0235
niter,ni,del,rscale     3    3    5.0000    1.2000
parameters
   -0.9771   -0.0553   12.8658  -13.0946  -12.9046   -8.5715
    6.2278   -3.9291   -4.4699    7.0230    4.4713   -8.0653
eta,q 0.97775  9.40611
  0.0249  0.0244  0.0233  0.0255  0.0259  0.0245  0.0244  0.0255  0.0236  0.0243  0.0230  0.0234
  0.0234  0.0232  0.0227  0.0240  0.0243  0.0233  0.0233  0.0237  0.0229  0.0232  0.0226  0.0228
  0.0225  0.0225  0.0223  0.0228  0.0229  0.0226  0.0225  0.0226  0.0224  0.0226  0.0223  0.0224
  0.0223  0.0223  0.0223  0.0222  0.0223  0.0223  0.0223  0.0223  0.0223  0.0223  0.0222  0.0222
  0.0226  0.0225  0.0224  0.0223  0.0226  0.0218  0.0226  0.0226  0.0224  0.0224  0.0223  0.0224
  0.0234  0.0231  0.0228  0.0235  0.0240  0.0225  0.0233  0.0237  0.0229  0.0230  0.0226  0.0228
  0.0249  0.0241  0.0233  0.0261  0.0263  0.0253  0.0244  0.0255  0.0236  0.0242  0.0230  0.0234
niter,ni,del,rscale     2    3    5.0000    1.2000
parameters
   -0.9759   -0.0032   12.8284  -13.1037  -12.9783   -8.6113
    6.2303   -3.9313   -4.4332    7.1466    4.4170   -8.1550
eta,q 0.97775  9.40182
  0.0249  0.0243  0.0233  0.0255  0.0258  0.0245  0.0244  0.0255  0.0236  0.0242  0.0230  0.0234
  0.0234  0.0232  0.0227  0.0240  0.0243  0.0233  0.0233  0.0237  0.0229  0.0232  0.0226  0.0228
  0.0225  0.0225  0.0223  0.0228  0.0229  0.0226  0.0225  0.0226  0.0224  0.0226  0.0223  0.0224
  0.0223  0.0223  0.0223  0.0222  0.0223  0.0223  0.0223  0.0223  0.0223  0.0223  0.0223  0.0223
  0.0226  0.0225  0.0224  0.0223  0.0226  0.0218  0.0226  0.0226  0.0224  0.0224  0.0224  0.0224
  0.0234  0.0231  0.0228  0.0235  0.0240  0.0225  0.0233  0.0237  0.0229  0.0230  0.0226  0.0228
  0.0249  0.0241  0.0233  0.0261  0.0263  0.0253  0.0244  0.0255  0.0236  0.0242  0.0230  0.0234
niter,ni,del,rscale     1    3    5.0000    1.2000
parameters
   -0.9745    0.0386   12.8001  -13.1079  -13.0306   -8.6394
    6.2357   -3.9344   -4.4162    7.2396    4.3696   -8.2248
eta,q 0.97774  9.39895
  0.0249  0.0243  0.0233  0.0255  0.0258  0.0245  0.0244  0.0255  0.0236  0.0242  0.0230  0.0234
  0.0234  0.0232  0.0227  0.0240  0.0243  0.0233  0.0233  0.0237  0.0229  0.0232  0.0226  0.0228
  0.0225  0.0225  0.0224  0.0228  0.0229  0.0226  0.0225  0.0226  0.0224  0.0226  0.0223  0.0224
  0.0223  0.0223  0.0223  0.0223  0.0223  0.0223  0.0223  0.0223  0.0223  0.0223  0.0223  0.0223
  0.0226  0.0225  0.0224  0.0223  0.0226  0.0219  0.0226  0.0226  0.0224  0.0224  0.0224  0.0224
  0.0234  0.0231  0.0228  0.0235  0.0240  0.0225  0.0233  0.0237  0.0229  0.0230  0.0226  0.0228
  0.0249  0.0241  0.0233  0.0260  0.0263  0.0253  0.0244  0.0255  0.0236  0.0242  0.0230  0.0234
registration optimization eta report
parameter search radius
    2.4000    2.4000    2.4000    9.5220    9.5220    8.2800
    7.2000    7.2000    7.2000    7.2000    7.2000    7.2000
100000*second partial in parameter space
       45.       34.       18.        4.        4.        4.
        4.        6.        3.        4.        1.        2.
  0.0249  0.0243  0.0233  0.0255  0.0258  0.0245  0.0244  0.0255  0.0236  0.0242  0.0230  0.0234
  0.0234  0.0232  0.0227  0.0240  0.0243  0.0233  0.0233  0.0237  0.0229  0.0232  0.0226  0.0228
  0.0225  0.0225  0.0224  0.0228  0.0229  0.0226  0.0225  0.0226  0.0224  0.0226  0.0223  0.0224
  0.0223  0.0223  0.0223  0.0223  0.0223  0.0223  0.0223  0.0223  0.0223  0.0223  0.0223  0.0223
  0.0226  0.0225  0.0224  0.0223  0.0226  0.0219  0.0226  0.0226  0.0224  0.0224  0.0224  0.0224
  0.0234  0.0231  0.0228  0.0235  0.0240  0.0225  0.0233  0.0237  0.0229  0.0230  0.0226  0.0228
  0.0249  0.0241  0.0233  0.0260  0.0263  0.0253  0.0244  0.0255  0.0236  0.0242  0.0230  0.0234
   -0.9745    0.0386   12.8001  -13.1079  -13.0306   -8.6394
    6.2357   -3.9344   -4.4162    7.2396    4.3696   -8.2248
eta,q 0.97774  9.39895

---------------------------------------------------------------------
imgreg_4dfp /opt/freesurfer/average/711-2C_as_mni_average_305 /opt/freesurfer/average/711-2B_as_mni_average_305_mask talsrcimg_g11 none talsrcimg_to_711-2C_as_mni_average_305_t4 2311
---------------------------------------------------------------------

freesurfer imgreg_4dfp.c
/opt/freesurfer/average/711-2C_as_mni_average_305.4dfp.img
       256       256       256         1
  1.000000  1.000000  1.000000
orientation T byte_order littleendian
Reading image: /opt/freesurfer/average/711-2C_as_mni_average_305.4dfp.img
dimensions:      256       256       256
mmppix:       1.0000   -1.0000   -1.0000
center:     128.0000 -129.0000 -129.0000
/opt/freesurfer/average/711-2B_as_mni_average_305_mask.4dfp.img
       256       256       256         1
  1.000000  1.000000  1.000000
orientation T byte_order littleendian
Reading mask: /opt/freesurfer/average/711-2B_as_mni_average_305_mask.4dfp.img (2306576 pixels)
talsrcimg_g11.4dfp.img
       256       256       256         1
  1.000000  1.000000  1.000000
orientation T byte_order littleendian
Reading image: talsrcimg_g11.4dfp.img
dimensions:      256       256       256
mmppix:       1.0000   -1.0000   -1.0000
center:     128.0000 -129.0000 -129.0000
fimgreg.f
image alignment mode   2311 decimal      907 hex
parameters
   -0.9745    0.0386   12.8001  -13.1079  -13.0306   -8.6394
    6.2357   -3.9344   -4.4162    7.2396    4.3696   -8.2248
eta,q 0.97774  9.39895
niter,ni,del,rscale     5    3    5.0000    0.8000
parameter  6 -0.613283 -> -0.500000 qaram    1.1500
parameters
   -0.9804    0.0481   12.7619  -12.0728  -12.6204   -5.8794
    6.6579   -3.7770   -3.9723    7.3041    4.9050   -9.1152
eta,q 0.97833  9.57846
  0.0234  0.0232  0.0227  0.0234  0.0235  0.0230  0.0230  0.0239  0.0225  0.0229  0.0223  0.0221
  0.0228  0.0227  0.0224  0.0228  0.0229  0.0226  0.0224  0.0228  0.0221  0.0223  0.0220  0.0218
  0.0224  0.0224  0.0223  0.0225  0.0224  0.0224  0.0219  0.0221  0.0218  0.0219  0.0218  0.0217
  0.0223  0.0223  0.0223  0.0223  0.0222  0.0222  0.0217  0.0217  0.0217  0.0217  0.0217  0.0217
  0.0224  0.0224  0.0223  0.0222  0.0222  0.0219  0.0218  0.0219  0.0217  0.0218  0.0217  0.0218
  0.0228  0.0227  0.0225  0.0223  0.0226  0.0217  0.0221  0.0226  0.0219  0.0222  0.0219  0.0221
  0.0234  0.0231  0.0227  0.0227  0.0232  0.0221  0.0226  0.0237  0.0222  0.0229  0.0221  0.0225
niter,ni,del,rscale     5    3    5.0000    0.8000
parameters
   -0.9828   -0.0316   13.1227  -11.8751  -12.6094   -6.8241
    6.3912   -3.9251   -4.1389    7.3322    4.6301   -8.3362
eta,q 0.97820  9.54753
  0.0230  0.0225  0.0227  0.0228  0.0229  0.0227  0.0228  0.0235  0.0224  0.0228  0.0222  0.0226
  0.0223  0.0220  0.0222  0.0223  0.0222  0.0224  0.0222  0.0226  0.0221  0.0223  0.0220  0.0222
  0.0218  0.0217  0.0219  0.0219  0.0218  0.0220  0.0219  0.0220  0.0219  0.0220  0.0219  0.0220
  0.0217  0.0217  0.0217  0.0216  0.0216  0.0216  0.0218  0.0218  0.0218  0.0218  0.0218  0.0218
  0.0218  0.0218  0.0217  0.0217  0.0218  0.0217  0.0220  0.0221  0.0219  0.0219  0.0219  0.0218
  0.0223  0.0222  0.0218  0.0220  0.0222  0.0228  0.0224  0.0227  0.0221  0.0222  0.0220  0.0220
  0.0231  0.0227  0.0221  0.0228  0.0229  0.0249  0.0230  0.0238  0.0225  0.0229  0.0223  0.0222
niter,ni,del,rscale     4    3    5.0000    0.7000
parameters
   -1.0091   -0.0621   12.9892  -11.8358  -12.5740   -6.8954
    6.5072   -3.8750   -4.0349    7.2524    4.7819   -8.3692
eta,q 0.97820  9.54746
  0.0228  0.0225  0.0222  0.0226  0.0228  0.0227  0.0227  0.0233  0.0223  0.0226  0.0221  0.0223
  0.0222  0.0221  0.0219  0.0222  0.0223  0.0224  0.0222  0.0225  0.0220  0.0222  0.0220  0.0220
  0.0219  0.0219  0.0218  0.0219  0.0219  0.0221  0.0219  0.0220  0.0219  0.0219  0.0219  0.0219
  0.0218  0.0218  0.0218  0.0218  0.0218  0.0218  0.0218  0.0218  0.0218  0.0218  0.0218  0.0218
  0.0219  0.0219  0.0219  0.0218  0.0219  0.0216  0.0219  0.0219  0.0218  0.0219  0.0218  0.0219
  0.0223  0.0221  0.0221  0.0221  0.0222  0.0220  0.0222  0.0224  0.0220  0.0222  0.0219  0.0220
  0.0228  0.0225  0.0223  0.0227  0.0228  0.0232  0.0226  0.0232  0.0223  0.0227  0.0221  0.0223
niter,ni,del,rscale     3    3    5.0000    0.6000
parameters
   -0.9994   -0.0777   12.9459  -11.7038  -12.5172   -6.4580
    6.5169   -3.8395   -4.0173    7.2204    4.8989   -8.5904
eta,q 0.97830  9.57282
  0.0226  0.0223  0.0221  0.0224  0.0225  0.0226  0.0223  0.0229  0.0221  0.0223  0.0220  0.0220
  0.0221  0.0220  0.0219  0.0221  0.0222  0.0223  0.0220  0.0223  0.0219  0.0220  0.0218  0.0218
  0.0219  0.0219  0.0218  0.0219  0.0219  0.0221  0.0218  0.0219  0.0217  0.0218  0.0218  0.0217
  0.0218  0.0218  0.0218  0.0218  0.0218  0.0218  0.0217  0.0217  0.0217  0.0217  0.0217  0.0217
  0.0219  0.0219  0.0219  0.0218  0.0219  0.0216  0.0218  0.0218  0.0217  0.0218  0.0217  0.0218
  0.0221  0.0221  0.0220  0.0220  0.0221  0.0218  0.0220  0.0222  0.0219  0.0220  0.0218  0.0219
  0.0225  0.0223  0.0222  0.0224  0.0225  0.0226  0.0223  0.0229  0.0221  0.0224  0.0220  0.0221
niter,ni,del,rscale     2    3    5.0000    0.5000
parameters
   -0.9942   -0.0872   13.0317  -11.5894  -12.5185   -5.9540
    6.5127   -3.8123   -4.0325    7.1751    4.9267   -8.7355
eta,q 0.97838  9.59731
  0.0223  0.0221  0.0220  0.0222  0.0222  0.0224  0.0221  0.0225  0.0219  0.0221  0.0218  0.0218
  0.0219  0.0219  0.0219  0.0220  0.0219  0.0222  0.0218  0.0221  0.0217  0.0218  0.0217  0.0217
  0.0218  0.0217  0.0217  0.0218  0.0218  0.0220  0.0217  0.0217  0.0217  0.0217  0.0216  0.0216
  0.0217  0.0217  0.0217  0.0217  0.0217  0.0217  0.0216  0.0216  0.0216  0.0216  0.0216  0.0216
  0.0218  0.0217  0.0217  0.0217  0.0218  0.0216  0.0217  0.0217  0.0216  0.0217  0.0216  0.0217
  0.0219  0.0219  0.0218  0.0219  0.0219  0.0217  0.0218  0.0220  0.0217  0.0218  0.0217  0.0217
  0.0222  0.0221  0.0219  0.0222  0.0222  0.0223  0.0221  0.0225  0.0219  0.0221  0.0218  0.0219
niter,ni,del,rscale     1    3    5.0000    0.4000
parameters
   -0.9930   -0.0971   13.1652  -11.5176  -12.5358   -5.5299
    6.4896   -3.7894   -4.0335    7.1153    4.9099   -8.7850
eta,q 0.97844  9.61547
  0.0220  0.0219  0.0219  0.0219  0.0220  0.0222  0.0219  0.0222  0.0217  0.0219  0.0217  0.0217
  0.0218  0.0217  0.0217  0.0218  0.0218  0.0220  0.0217  0.0219  0.0216  0.0217  0.0216  0.0216
  0.0217  0.0216  0.0217  0.0217  0.0217  0.0218  0.0216  0.0216  0.0216  0.0216  0.0216  0.0216
  0.0216  0.0216  0.0216  0.0216  0.0216  0.0216  0.0216  0.0216  0.0216  0.0216  0.0216  0.0216
  0.0217  0.0217  0.0216  0.0216  0.0217  0.0216  0.0216  0.0216  0.0216  0.0216  0.0216  0.0216
  0.0218  0.0217  0.0217  0.0217  0.0218  0.0217  0.0217  0.0218  0.0216  0.0217  0.0216  0.0216
  0.0220  0.0219  0.0217  0.0219  0.0220  0.0221  0.0219  0.0222  0.0217  0.0219  0.0217  0.0217
registration optimization eta report
parameter search radius
    0.8000    0.8000    0.8000    2.4000    2.4000    2.7600
    2.4000    2.4000    2.4000    2.4000    2.4000    2.4000
100000*second partial in parameter space
       55.       38.       28.        6.        6.        7.
        5.       11.        3.        5.        2.        3.
  0.0220  0.0219  0.0219  0.0219  0.0220  0.0222  0.0219  0.0222  0.0217  0.0219  0.0217  0.0217
  0.0218  0.0217  0.0217  0.0218  0.0218  0.0220  0.0217  0.0219  0.0216  0.0217  0.0216  0.0216
  0.0217  0.0216  0.0217  0.0217  0.0217  0.0218  0.0216  0.0216  0.0216  0.0216  0.0216  0.0216
  0.0216  0.0216  0.0216  0.0216  0.0216  0.0216  0.0216  0.0216  0.0216  0.0216  0.0216  0.0216
  0.0217  0.0217  0.0216  0.0216  0.0217  0.0216  0.0216  0.0216  0.0216  0.0216  0.0216  0.0216
  0.0218  0.0217  0.0217  0.0217  0.0218  0.0217  0.0217  0.0218  0.0216  0.0217  0.0216  0.0216
  0.0220  0.0219  0.0217  0.0219  0.0220  0.0221  0.0219  0.0222  0.0217  0.0219  0.0217  0.0217
   -0.9930   -0.0971   13.1652  -11.5176  -12.5358   -5.5299
    6.4896   -3.7894   -4.0335    7.1153    4.9099   -8.7850
eta,q 0.97844  9.61547

---------------------------------------------------------------------
imgreg_4dfp /opt/freesurfer/average/711-2C_as_mni_average_305 /opt/freesurfer/average/711-2B_as_mni_average_305_mask talsrcimg_g11 none talsrcimg_to_711-2C_as_mni_average_305_t4 2311
---------------------------------------------------------------------

freesurfer imgreg_4dfp.c
/opt/freesurfer/average/711-2C_as_mni_average_305.4dfp.img
       256       256       256         1
  1.000000  1.000000  1.000000
orientation T byte_order littleendian
Reading image: /opt/freesurfer/average/711-2C_as_mni_average_305.4dfp.img
dimensions:      256       256       256
mmppix:       1.0000   -1.0000   -1.0000
center:     128.0000 -129.0000 -129.0000
/opt/freesurfer/average/711-2B_as_mni_average_305_mask.4dfp.img
       256       256       256         1
  1.000000  1.000000  1.000000
orientation T byte_order littleendian
Reading mask: /opt/freesurfer/average/711-2B_as_mni_average_305_mask.4dfp.img (2306576 pixels)
talsrcimg_g11.4dfp.img
       256       256       256         1
  1.000000  1.000000  1.000000
orientation T byte_order littleendian
Reading image: talsrcimg_g11.4dfp.img
dimensions:      256       256       256
mmppix:       1.0000   -1.0000   -1.0000
center:     128.0000 -129.0000 -129.0000
fimgreg.f
image alignment mode   2311 decimal      907 hex
parameters
   -0.9930   -0.0971   13.1652  -11.5176  -12.5358   -5.5299
    6.4896   -3.7894   -4.0335    7.1153    4.9099   -8.7850
eta,q 0.97844  9.61548
niter,ni,del,rscale     5    3    5.0000    0.8000
parameters
   -0.9886   -0.1021   13.3054  -11.8943  -12.6051   -6.2677
    6.3927   -3.9025   -4.1254    7.1205    4.7663   -8.2073
eta,q 0.97830  9.56842
  0.0230  0.0225  0.0225  0.0226  0.0228  0.0226  0.0228  0.0235  0.0223  0.0228  0.0221  0.0225
  0.0222  0.0220  0.0220  0.0221  0.0222  0.0223  0.0222  0.0225  0.0220  0.0222  0.0219  0.0221
  0.0217  0.0217  0.0217  0.0217  0.0217  0.0219  0.0218  0.0219  0.0218  0.0219  0.0218  0.0218
  0.0216  0.0216  0.0216  0.0216  0.0216  0.0216  0.0217  0.0217  0.0217  0.0217  0.0217  0.0217
  0.0217  0.0217  0.0216  0.0217  0.0217  0.0217  0.0218  0.0219  0.0218  0.0218  0.0218  0.0217
  0.0222  0.0220  0.0218  0.0222  0.0222  0.0225  0.0222  0.0226  0.0220  0.0222  0.0219  0.0219
  0.0230  0.0225  0.0222  0.0231  0.0229  0.0242  0.0228  0.0237  0.0224  0.0228  0.0222  0.0222
niter,ni,del,rscale     4    3    5.0000    0.7000
parameters
   -1.0112   -0.1357   13.1643  -11.8015  -12.5490   -6.3217
    6.4785   -3.8611   -4.0641    7.0343    4.8844   -8.2788
eta,q 0.97831  9.57195
  0.0227  0.0224  0.0221  0.0225  0.0227  0.0225  0.0226  0.0232  0.0222  0.0225  0.0221  0.0222
  0.0221  0.0220  0.0218  0.0221  0.0222  0.0223  0.0221  0.0224  0.0219  0.0221  0.0219  0.0219
  0.0218  0.0218  0.0217  0.0219  0.0218  0.0220  0.0218  0.0219  0.0217  0.0218  0.0217  0.0217
  0.0217  0.0217  0.0217  0.0217  0.0217  0.0217  0.0217  0.0217  0.0217  0.0217  0.0217  0.0217
  0.0218  0.0218  0.0218  0.0217  0.0218  0.0216  0.0218  0.0218  0.0217  0.0218  0.0217  0.0217
  0.0222  0.0220  0.0220  0.0220  0.0221  0.0219  0.0221  0.0224  0.0219  0.0221  0.0218  0.0219
  0.0228  0.0225  0.0223  0.0226  0.0227  0.0230  0.0225  0.0232  0.0222  0.0226  0.0220  0.0222
niter,ni,del,rscale     3    3    5.0000    0.6000
parameters
   -1.0019   -0.1465   13.1295  -11.6841  -12.4921   -5.9832
    6.4833   -3.8387   -4.0578    7.0000    4.9425   -8.4787
eta,q 0.97838  9.59211
  0.0225  0.0222  0.0220  0.0224  0.0224  0.0224  0.0223  0.0229  0.0220  0.0223  0.0219  0.0219
  0.0220  0.0219  0.0218  0.0220  0.0220  0.0222  0.0219  0.0222  0.0218  0.0219  0.0218  0.0218
  0.0218  0.0217  0.0217  0.0218  0.0218  0.0220  0.0217  0.0218  0.0217  0.0217  0.0217  0.0217
  0.0217  0.0217  0.0217  0.0217  0.0217  0.0217  0.0216  0.0216  0.0216  0.0216  0.0216  0.0216
  0.0218  0.0217  0.0217  0.0217  0.0217  0.0216  0.0217  0.0218  0.0217  0.0217  0.0217  0.0217
  0.0220  0.0219  0.0219  0.0219  0.0220  0.0218  0.0219  0.0222  0.0218  0.0219  0.0217  0.0218
  0.0224  0.0222  0.0221  0.0223  0.0224  0.0224  0.0223  0.0229  0.0220  0.0223  0.0219  0.0220
niter,ni,del,rscale     2    3    5.0000    0.5000
parameters
   -0.9981   -0.1509   13.1981  -11.5975  -12.4918   -5.6095
    6.4836   -3.8099   -4.0834    6.9752    4.9354   -8.6137
eta,q 0.97843  9.60996
  0.0222  0.0220  0.0219  0.0221  0.0221  0.0223  0.0220  0.0225  0.0218  0.0220  0.0218  0.0218
  0.0219  0.0218  0.0218  0.0219  0.0219  0.0221  0.0218  0.0220  0.0217  0.0218  0.0217  0.0217
  0.0217  0.0217  0.0217  0.0217  0.0217  0.0218  0.0216  0.0217  0.0216  0.0216  0.0216  0.0216
  0.0216  0.0216  0.0216  0.0216  0.0216  0.0216  0.0216  0.0216  0.0216  0.0216  0.0216  0.0216
  0.0217  0.0217  0.0216  0.0216  0.0217  0.0216  0.0216  0.0217  0.0216  0.0216  0.0216  0.0216
  0.0219  0.0218  0.0217  0.0218  0.0219  0.0217  0.0218  0.0220  0.0217  0.0218  0.0217  0.0217
  0.0222  0.0220  0.0219  0.0221  0.0222  0.0222  0.0220  0.0225  0.0218  0.0221  0.0218  0.0219
niter,ni,del,rscale     1    3    5.0000    0.4000
parameters
   -0.9948   -0.1521   13.2906  -11.5409  -12.5228   -5.2996
    6.4743   -3.7846   -4.0748    6.9591    4.9471   -8.6718
eta,q 0.97846  9.62265
  0.0219  0.0218  0.0218  0.0219  0.0219  0.0221  0.0218  0.0222  0.0217  0.0219  0.0217  0.0217
  0.0217  0.0217  0.0217  0.0217  0.0217  0.0219  0.0217  0.0218  0.0216  0.0217  0.0216  0.0216
  0.0216  0.0216  0.0216  0.0216  0.0216  0.0217  0.0216  0.0216  0.0216  0.0216  0.0216  0.0216
  0.0216  0.0216  0.0216  0.0216  0.0216  0.0216  0.0215  0.0215  0.0215  0.0215  0.0215  0.0215
  0.0216  0.0216  0.0216  0.0216  0.0216  0.0215  0.0216  0.0216  0.0216  0.0216  0.0216  0.0216
  0.0217  0.0217  0.0216  0.0217  0.0217  0.0217  0.0217  0.0218  0.0216  0.0217  0.0216  0.0216
  0.0219  0.0218  0.0217  0.0219  0.0219  0.0220  0.0218  0.0222  0.0217  0.0219  0.0217  0.0217
registration optimization eta report
parameter search radius
    0.8000    0.8000    0.8000    2.4000    2.4000    2.4000
    2.4000    2.4000    2.4000    2.4000    2.4000    2.4000
100000*second partial in parameter space
       56.       38.       30.        6.        6.        8.
        5.       11.        3.        6.        3.        3.
  0.0219  0.0218  0.0218  0.0219  0.0219  0.0221  0.0218  0.0222  0.0217  0.0219  0.0217  0.0217
  0.0217  0.0217  0.0217  0.0217  0.0217  0.0219  0.0217  0.0218  0.0216  0.0217  0.0216  0.0216
  0.0216  0.0216  0.0216  0.0216  0.0216  0.0217  0.0216  0.0216  0.0216  0.0216  0.0216  0.0216
  0.0216  0.0216  0.0216  0.0216  0.0216  0.0216  0.0215  0.0215  0.0215  0.0215  0.0215  0.0215
  0.0216  0.0216  0.0216  0.0216  0.0216  0.0215  0.0216  0.0216  0.0216  0.0216  0.0216  0.0216
  0.0217  0.0217  0.0216  0.0217  0.0217  0.0217  0.0217  0.0218  0.0216  0.0217  0.0216  0.0216
  0.0219  0.0218  0.0217  0.0219  0.0219  0.0220  0.0218  0.0222  0.0217  0.0219  0.0217  0.0217
   -0.9948   -0.1521   13.2906  -11.5409  -12.5228   -5.2996
    6.4743   -3.7846   -4.0748    6.9591    4.9471   -8.6718
eta,q 0.97846  9.62265

---------------------------------------------------------------------
compute_vox2vox talsrcimg talsrcimg_to_711-2C_as_mni_average_305_t4 /opt/freesurfer/average/711-2C_as_mni_average_305
---------------------------------------------------------------------

freesurfer compute_vox2vox.c
Reading: talsrcimg.4dfp.ifh
Reading: talsrcimg_to_711-2C_as_mni_average_305_t4
Reading: /opt/freesurfer/average/711-2C_as_mni_average_305.4dfp.ifh
Writing: talsrcimg_to_711-2C_as_mni_average_305_t4_vox2vox.txt

start time Thu Mar 12 11:03:37 CET 2026
end		time Thu Mar 12 11:05:03 CET 2026

mpr2mni305 success

avi2talxfm orig_nu.mgz /opt/freesurfer/average/mni305.cor.mgz talsrcimg_to_711-2C_as_mni_average_305_t4_vox2vox.txt transforms/talairach.auto.xfm
avi2talxfm done
mv -f /out/sourcedata/freesurfer/sub-v1s11x0050165_ses-1/mri/talsrcimg_to_711-2C_as_mni_average_305_t4_vox2vox.txt /out/sourcedata/freesurfer/sub-v1s11x0050165_ses-1/mri/transforms/talsrcimg_to_711-2C_as_mni_average_305_t4_vox2vox.txt
lta_convert --src orig_nu.mgz --trg /opt/freesurfer/average/mni305.cor.mgz --inxfm transforms/talairach.auto.xfm --outlta transforms/talairach.auto.xfm.lta --subject fsaverage
7.3.2

--src: orig_nu.mgz src image (geometry).
--trg: /opt/freesurfer/average/mni305.cor.mgz trg image (geometry).
--inmni: transforms/talairach.auto.xfm input MNI/XFM transform.
--outlta: transforms/talairach.auto.xfm.lta output LTA.
--s: fsaverage subject name
 LTA read, type : 1
 1.12403   0.05066  -0.07817  -1.78320;
-0.05353   1.04591   0.10765  -18.30841;
 0.05662  -0.08085   1.13095  -16.68408;
 0.00000   0.00000   0.00000   1.00000;
setting subject to fsaverage
Writing  LTA to file transforms/talairach.auto.xfm.lta...
lta_convert successful.
 
 
Started at Thu Mar 12 11:03:37 CET 2026
Ended   at Thu Mar 12 11:05:03 CET 2026
talairach_avi done
