status file for recon-all
Thu Mar 12 13:11:13 CET 2026
#@# Tessellate rh Thu Mar 12 13:11:13 CET 2026
#@# Smooth1 rh Thu Mar 12 13:11:17 CET 2026
#@# Inflation1 rh Thu Mar 12 13:11:19 CET 2026
#@# QSphere rh Thu Mar 12 13:11:33 CET 2026
#@# Fix Topology rh Thu Mar 12 13:12:47 CET 2026
#@# Smooth2 rh Thu Mar 12 13:17:46 CET 2026
#@# Inflation2 rh Thu Mar 12 13:17:49 CET 2026
#@# Curv .H and .K rh Thu Mar 12 13:18:03 CET 2026
#@# Sphere rh Thu Mar 12 13:18:47 CET 2026
#@# Surf Reg rh Thu Mar 12 13:22:48 CET 2026
#@# Jacobian white rh Thu Mar 12 13:27:38 CET 2026
#@# AvgCurv rh Thu Mar 12 13:27:39 CET 2026
#@# Cortical Parc rh Thu Mar 12 13:27:40 CET 2026
#@# white curv rh Thu Mar 12 13:33:43 CET 2026
#@# white area rh Thu Mar 12 13:33:45 CET 2026
#@# pial curv rh Thu Mar 12 13:33:46 CET 2026
#@# pial area rh Thu Mar 12 13:33:48 CET 2026
#@# thickness rh Thu Mar 12 13:33:49 CET 2026
#@# area and vertex vol rh Thu Mar 12 13:34:17 CET 2026
#@# Curvature Stats rh Thu Mar 12 13:34:19 CET 2026
#@# Cortical Parc 2 rh Thu Mar 12 13:34:22 CET 2026
#@# Cortical Parc 3 rh Thu Mar 12 13:34:35 CET 2026
#@# WM/GM Contrast rh Thu Mar 12 13:34:46 CET 2026
recon-all -s sub-v1s11x0050162_ses-1 finished without error at Thu Mar 12 13:34:49 CET 2026



#New# invocation of recon-all 



status file for recon-all
Thu Mar 12 13:42:13 CET 2026
#@# white curv rh Thu Mar 12 13:42:13 CET 2026
#@# white area rh Thu Mar 12 13:42:13 CET 2026
#@# pial curv rh Thu Mar 12 13:42:13 CET 2026
#@# pial area rh Thu Mar 12 13:42:13 CET 2026
#@# thickness rh Thu Mar 12 13:42:13 CET 2026
#@# area and vertex vol rh Thu Mar 12 13:42:13 CET 2026
#@# Parcellation Stats rh Thu Mar 12 13:42:13 CET 2026
#@# Parcellation Stats 2 rh Thu Mar 12 13:42:30 CET 2026
#@# Parcellation Stats 3 rh Thu Mar 12 13:42:39 CET 2026
#@# BA_exvivo Labels rh Thu Mar 12 13:42:48 CET 2026
recon-all -s sub-v1s11x0050162_ses-1 finished without error at Thu Mar 12 13:45:31 CET 2026
