status file for recon-all
Thu Mar 12 10:57:27 CET 2026
#@# MotionCor Thu Mar 12 10:57:29 CET 2026
#@# Talairach Thu Mar 12 10:57:36 CET 2026
#@# Talairach Failure Detection Thu Mar 12 11:02:09 CET 2026
#@# Nu Intensity Correction Thu Mar 12 11:02:09 CET 2026
#@# Intensity Normalization Thu Mar 12 11:05:25 CET 2026
recon-all -s sub-v1s11x0050162_ses-1 finished without error at Thu Mar 12 11:06:49 CET 2026



#New# invocation of recon-all 



status file for recon-all
Thu Mar 12 11:13:44 CET 2026
#@# EM Registration Thu Mar 12 11:13:44 CET 2026
recon-all -s sub-v1s11x0050162_ses-1 finished without error at Thu Mar 12 11:15:38 CET 2026



#New# invocation of recon-all 



status file for recon-all
Thu Mar 12 11:15:40 CET 2026
#@# CA Normalize Thu Mar 12 11:15:40 CET 2026
#@# CA Reg Thu Mar 12 11:17:01 CET 2026
#@# SubCort Seg Thu Mar 12 12:10:49 CET 2026
#@# CC Seg Thu Mar 12 12:41:34 CET 2026
#@# Merge ASeg Thu Mar 12 12:43:10 CET 2026
#@# Intensity Normalization2 Thu Mar 12 12:43:10 CET 2026
#@# Mask BFS Thu Mar 12 12:45:20 CET 2026
#@# WM Segmentation Thu Mar 12 12:45:21 CET 2026
#@# Fill Thu Mar 12 12:47:19 CET 2026
recon-all -s sub-v1s11x0050162_ses-1 finished without error at Thu Mar 12 12:48:23 CET 2026



#New# invocation of recon-all 



status file for recon-all
Thu Mar 12 13:34:55 CET 2026
#@# white curv lh Thu Mar 12 13:34:55 CET 2026
#@# white area lh Thu Mar 12 13:34:55 CET 2026
#@# pial curv lh Thu Mar 12 13:34:55 CET 2026
#@# pial area lh Thu Mar 12 13:34:55 CET 2026
#@# thickness lh Thu Mar 12 13:34:55 CET 2026
#@# area and vertex vol lh Thu Mar 12 13:34:55 CET 2026
#@# white curv rh Thu Mar 12 13:34:55 CET 2026
#@# white area rh Thu Mar 12 13:34:55 CET 2026
#@# pial curv rh Thu Mar 12 13:34:55 CET 2026
#@# pial area rh Thu Mar 12 13:34:55 CET 2026
#@# thickness rh Thu Mar 12 13:34:55 CET 2026
#@# area and vertex vol rh Thu Mar 12 13:34:55 CET 2026
#@# Cortical ribbon mask Thu Mar 12 13:34:55 CET 2026
recon-all -s sub-v1s11x0050162_ses-1 finished without error at Thu Mar 12 13:38:44 CET 2026



#New# invocation of recon-all 



status file for recon-all
Thu Mar 12 13:45:35 CET 2026
#@# white curv lh Thu Mar 12 13:45:35 CET 2026
#@# white area lh Thu Mar 12 13:45:35 CET 2026
#@# pial curv lh Thu Mar 12 13:45:35 CET 2026
#@# pial area lh Thu Mar 12 13:45:35 CET 2026
#@# thickness lh Thu Mar 12 13:45:35 CET 2026
#@# area and vertex vol lh Thu Mar 12 13:45:35 CET 2026
#@# white curv rh Thu Mar 12 13:45:35 CET 2026
#@# white area rh Thu Mar 12 13:45:35 CET 2026
#@# pial curv rh Thu Mar 12 13:45:35 CET 2026
#@# pial area rh Thu Mar 12 13:45:35 CET 2026
#@# thickness rh Thu Mar 12 13:45:35 CET 2026
#@# area and vertex vol rh Thu Mar 12 13:45:35 CET 2026
#@# Curvature Stats lh Thu Mar 12 13:45:35 CET 2026
#@# Curvature Stats rh Thu Mar 12 13:45:38 CET 2026
#@# Relabel Hypointensities Thu Mar 12 13:45:40 CET 2026
#@# APas-to-ASeg Thu Mar 12 13:45:56 CET 2026
#@# AParc-to-ASeg aparc Thu Mar 12 13:46:04 CET 2026
#@# AParc-to-ASeg aparc.a2009s Thu Mar 12 13:46:50 CET 2026
#@# AParc-to-ASeg aparc.DKTatlas Thu Mar 12 13:47:31 CET 2026
#@# WMParc Thu Mar 12 13:48:10 CET 2026
#@# ASeg Stats Thu Mar 12 13:52:34 CET 2026
recon-all -s sub-v1s11x0050162_ses-1 finished without error at Thu Mar 12 13:53:16 CET 2026
