status file for recon-all
Thu Mar 12 12:48:27 CET 2026
#@# Tessellate lh Thu Mar 12 12:48:27 CET 2026
#@# Smooth1 lh Thu Mar 12 12:48:30 CET 2026
#@# Inflation1 lh Thu Mar 12 12:48:33 CET 2026
#@# QSphere lh Thu Mar 12 12:48:46 CET 2026
#@# Fix Topology lh Thu Mar 12 12:50:04 CET 2026
#@# Smooth2 lh Thu Mar 12 12:55:36 CET 2026
#@# Inflation2 lh Thu Mar 12 12:55:39 CET 2026
#@# Curv .H and .K lh Thu Mar 12 12:55:54 CET 2026
#@# Sphere lh Thu Mar 12 12:56:39 CET 2026
#@# Surf Reg lh Thu Mar 12 12:59:54 CET 2026
#@# Jacobian white lh Thu Mar 12 13:04:05 CET 2026
#@# AvgCurv lh Thu Mar 12 13:04:06 CET 2026
#@# Cortical Parc lh Thu Mar 12 13:04:07 CET 2026
#@# white curv lh Thu Mar 12 13:10:02 CET 2026
#@# white area lh Thu Mar 12 13:10:04 CET 2026
#@# pial curv lh Thu Mar 12 13:10:05 CET 2026
#@# pial area lh Thu Mar 12 13:10:07 CET 2026
#@# thickness lh Thu Mar 12 13:10:08 CET 2026
#@# area and vertex vol lh Thu Mar 12 13:10:39 CET 2026
#@# Curvature Stats lh Thu Mar 12 13:10:41 CET 2026
#@# Cortical Parc 2 lh Thu Mar 12 13:10:43 CET 2026
#@# Cortical Parc 3 lh Thu Mar 12 13:10:57 CET 2026
#@# WM/GM Contrast lh Thu Mar 12 13:11:07 CET 2026
recon-all -s sub-v1s11x0050162_ses-1 finished without error at Thu Mar 12 13:11:10 CET 2026



#New# invocation of recon-all 



status file for recon-all
Thu Mar 12 13:38:50 CET 2026
#@# white curv lh Thu Mar 12 13:38:50 CET 2026
#@# white area lh Thu Mar 12 13:38:50 CET 2026
#@# pial curv lh Thu Mar 12 13:38:50 CET 2026
#@# pial area lh Thu Mar 12 13:38:50 CET 2026
#@# thickness lh Thu Mar 12 13:38:51 CET 2026
#@# area and vertex vol lh Thu Mar 12 13:38:51 CET 2026
#@# Parcellation Stats lh Thu Mar 12 13:38:51 CET 2026
#@# Parcellation Stats 2 lh Thu Mar 12 13:39:08 CET 2026
#@# Parcellation Stats 3 lh Thu Mar 12 13:39:17 CET 2026
#@# BA_exvivo Labels lh Thu Mar 12 13:39:26 CET 2026
recon-all -s sub-v1s11x0050162_ses-1 finished without error at Thu Mar 12 13:42:10 CET 2026
