/out/sourcedata/freesurfer/sub-v1s11x0050152_ses-1/mri
/opt/freesurfer/bin/talairach_avi
--i orig_nu.mgz --xfm transforms/talairach.auto.xfm
talairach_avi 7.3.2
Linux dna063 5.14.0-427.37.1.el9_4.x86_64 #1 SMP PREEMPT_DYNAMIC Fri Sep 13 12:41:50 EDT 2024 x86_64 x86_64 x86_64 GNU/Linux
Thu Mar 12 10:13:51 CET 2026
mri_convert orig_nu.mgz talsrcimg.img 
reading from orig_nu.mgz...
TR=0.00, TE=0.00, TI=0.00, flip angle=0.00
i_ras = (-1, 0, 0)
j_ras = (0, 0, -1)
k_ras = (0, 1, 0)
writing to talsrcimg.img...
Analyze Output Matrix
-1.00000   0.00000   0.00000   130.71075;
 0.00000   0.00000   1.00000  -120.78052;
 0.00000  -1.00000   0.00000   134.80188;
 0.00000   0.00000   0.00000   1.00000;
--------------------
INFO: set hdr.hist.orient to -1
mpr2mni305 talsrcimg
Thu Mar 12 10:13:52 CET 2026
/opt/freesurfer/bin/mpr2mni305 talsrcimg
mpr2mni305 7.3.2
target=711-2C_as_mni_average_305

---------------------------------------------------------------------
analyzeto4dfp talsrcimg -O0 -y
---------------------------------------------------------------------

freesurfer ifh2hdr.c
Thu Mar 12 10:13:52 2026
Writing: talsrcimg.4dfp.hdr
freesurfer analyzeto4dfp.c
Reading: talsrcimg.hdr
header size 348 bytes
hdr.dime.datatype	offset=70	value=2
hdr.dime.bitpix		offset=72	value=8
hdr.hist.orient		offset=252	value=-1
dimensionality     4
dimensions       256       256       256         1
Reading: talsrcimg.img
Writing: talsrcimg.4dfp.img
Writing: talsrcimg.4dfp.ifh
ifh2hdr talsrcimg -r0to202
ori=2

---------------------------------------------------------------------
gauss_4dfp talsrcimg 1.1
---------------------------------------------------------------------

freesurfer gauss_4dfp.c
Reading: talsrcimg.4dfp.img
Writing: talsrcimg_g11.4dfp.img
image dimensions 256 256 256 padded to 288 288 288
processing volume 1freesurfer ifh2hdr.c
Thu Mar 12 10:13:54 2026
Writing: talsrcimg_g11.4dfp.hdr

Writing: talsrcimg_g11.4dfp.ifh
including: talsrcimg.4dfp.img.rec in talsrcimg_g11.4dfp.img.rec

---------------------------------------------------------------------
imgreg_4dfp /opt/freesurfer/average/711-2C_as_mni_average_305 none talsrcimg_g11 none talsrcimg_to_711-2C_as_mni_average_305_t4 4355
---------------------------------------------------------------------

freesurfer imgreg_4dfp.c
/opt/freesurfer/average/711-2C_as_mni_average_305.4dfp.img
       256       256       256         1
  1.000000  1.000000  1.000000
orientation T byte_order littleendian
Reading image: /opt/freesurfer/average/711-2C_as_mni_average_305.4dfp.img
dimensions:      256       256       256
mmppix:       1.0000   -1.0000   -1.0000
center:     128.0000 -129.0000 -129.0000
talsrcimg_g11.4dfp.img
       256       256       256         1
  1.000000  1.000000  1.000000
orientation T byte_order littleendian
Reading image: talsrcimg_g11.4dfp.img
dimensions:      256       256       256
mmppix:       1.0000   -1.0000   -1.0000
center:     128.0000 -129.0000 -129.0000
t4_read: open error in t4_sub.f l:  41 t4_file(1:l)talsrcimg_to_711-2C_as_mni_average_305_t4 
t4_read: transform initialized to I4
rotation matrix determinant  1.000000
image alignment mode   4355 decimal     1103 hex
   -7.5000  -45.0000  -45.0000 7154.6909   17.7680
    0.0000  -45.0000  -45.0000 7454.5820   17.7584
    7.5000  -45.0000  -45.0000 7156.5864   17.7848
   -7.5000  -37.5000  -45.0000 7745.3516   17.6191
    0.0000  -37.5000  -45.0000 8072.2397   17.6091
    7.5000  -37.5000  -45.0000 7722.9819   17.6282
   -7.5000  -30.0000  -45.0000 8651.8213   17.5531
    0.0000  -30.0000  -45.0000 9025.3340   17.5443
    7.5000  -30.0000  -45.0000 8627.6436   17.5523
   -7.5000  -22.5000  -45.0000 9573.6182   17.5480
    0.0000  -22.5000  -45.0000 9993.3301   17.5412
    7.5000  -22.5000  -45.0000 9562.4941   17.5452
   -7.5000  -15.0000  -45.000010364.0000   17.5299
    0.0000  -15.0000  -45.000010835.5264   17.5241
    7.5000  -15.0000  -45.000010365.7227   17.5334
   -7.5000   -7.5000  -45.000011117.1387   17.5150
    0.0000   -7.5000  -45.000011633.5898   17.5074
    7.5000   -7.5000  -45.000011155.0078   17.5270
   -7.5000    0.0000  -45.000011844.7695   17.5170
    0.0000    0.0000  -45.000012402.3701   17.5072
    7.5000    0.0000  -45.000011840.4170   17.5325
   -7.5000    7.5000  -45.000011659.4678   17.5362
    0.0000    7.5000  -45.000012201.7559   17.5261
    7.5000    7.5000  -45.000011665.6250   17.5450
   -7.5000   15.0000  -45.000011322.8369   17.5523
    0.0000   15.0000  -45.000011839.3047   17.5435
    7.5000   15.0000  -45.000011323.9883   17.5515
   -7.5000   22.5000  -45.000010898.1719   17.5456
    0.0000   22.5000  -45.000011368.7686   17.5388
    7.5000   22.5000  -45.000010869.4336   17.5428
   -7.5000   30.0000  -45.000010359.2305   17.2963
    0.0000   30.0000  -45.000010804.1318   17.2906
    7.5000   30.0000  -45.000010337.9092   17.2997
   -7.5000   37.5000  -45.0000 9954.1123   17.2816
    0.0000   37.5000  -45.000010373.9541   17.2741
    7.5000   37.5000  -45.0000 9909.6943   17.2935
   -7.5000   45.0000  -45.0000 9144.9346   16.8447
    0.0000   45.0000  -45.0000 9527.7881   16.8352
    7.5000   45.0000  -45.0000 9098.6689   16.8596
   -7.5000  -45.0000  -37.5000 7620.4487   17.6848
    0.0000  -45.0000  -37.5000 7952.6812   17.6673
    7.5000  -45.0000  -37.5000 7610.8345   17.6855
   -7.5000  -37.5000  -37.5000 8269.4863   17.5346
    0.0000  -37.5000  -37.5000 8633.4189   17.5173
    7.5000  -37.5000  -37.5000 8235.8232   17.5301
   -7.5000  -30.0000  -37.5000 9249.8193   17.4699
    0.0000  -30.0000  -37.5000 9669.2021   17.4515
    7.5000  -30.0000  -37.5000 9217.0664   17.4532
   -7.5000  -22.5000  -37.500010239.4658   17.4663
    0.0000  -22.5000  -37.500010698.1260   17.4470
    7.5000  -22.5000  -37.500010193.6582   17.4429
   -7.5000  -15.0000  -37.500011078.1309   17.4506
    0.0000  -15.0000  -37.500011581.2559   17.4316
    7.5000  -15.0000  -37.500011031.0332   17.4301
   -7.5000   -7.5000  -37.500011867.7764   17.4370
    0.0000   -7.5000  -37.500012413.7637   17.4186
    7.5000   -7.5000  -37.500011827.2529   17.4277
   -7.5000    0.0000  -37.500012588.5059   17.4361
    0.0000    0.0000  -37.500013172.2246   17.4184
    7.5000    0.0000  -37.500012514.2236   17.4359
   -7.5000    7.5000  -37.500012378.8750   17.4524
    0.0000    7.5000  -37.500012953.8887   17.4351
    7.5000    7.5000  -37.500012323.7168   17.4477
   -7.5000   15.0000  -37.500012008.7393   17.4692
    0.0000   15.0000  -37.500012563.2451   17.4507
    7.5000   15.0000  -37.500011959.7842   17.4525
   -7.5000   22.5000  -37.500011548.9873   17.4639
    0.0000   22.5000  -37.500012055.3232   17.4446
    7.5000   22.5000  -37.500011472.6807   17.4405
   -7.5000   30.0000  -37.500010993.1992   17.2180
    0.0000   30.0000  -37.500011463.9707   17.1993
    7.5000   30.0000  -37.500010910.8320   17.1978
   -7.5000   37.5000  -37.500010548.6611   17.2046
    0.0000   37.5000  -37.500010987.4697   17.1865
    7.5000   37.5000  -37.500010467.6660   17.1955
   -7.5000   45.0000  -37.5000 9672.9043   16.7669
    0.0000   45.0000  -37.500010085.9131   16.7499
    7.5000   45.0000  -37.5000 9581.9648   16.7667
   -7.5000  -45.0000  -30.0000 8260.9980   18.4051
    0.0000  -45.0000  -30.0000 8601.4375   18.3808
    7.5000  -45.0000  -30.0000 8224.7021   18.3849
   -7.5000  -37.5000  -30.0000 8962.2471   18.2419
    0.0000  -37.5000  -30.0000 9346.4814   18.2183
    7.5000  -37.5000  -30.0000 8922.0811   18.2193
   -7.5000  -30.0000  -30.000010030.2070   18.1651
    0.0000  -30.0000  -30.000010473.1875   18.1386
    7.5000  -30.0000  -30.0000 9984.9375   18.1302
   -7.5000  -22.5000  -30.000011076.5967   18.1581
    0.0000  -22.5000  -30.000011565.9023   18.1283
    7.5000  -22.5000  -30.000011018.1416   18.1130
   -7.5000  -15.0000  -30.000011969.5293   18.1490
    0.0000  -15.0000  -30.000012524.4141   18.1187
    7.5000  -15.0000  -30.000011908.4287   18.1036
   -7.5000   -7.5000  -30.000012799.8281   18.1451
    0.0000   -7.5000  -30.000013388.2109   18.1175
    7.5000   -7.5000  -30.000012716.2627   18.1120
   -7.5000    0.0000  -30.000013565.2490   18.1464
    0.0000    0.0000  -30.000014183.0850   18.1222
    7.5000    0.0000  -30.000013457.9023   18.1259
   -7.5000    7.5000  -30.000013347.7568   18.1564
    0.0000    7.5000  -30.000013965.6221   18.1329
    7.5000    7.5000  -30.000013213.9941   18.1338
   -7.5000   15.0000  -30.000012976.1416   18.1643
    0.0000   15.0000  -30.000013551.0527   18.1378
    7.5000   15.0000  -30.000012835.0518   18.1294
   -7.5000   22.5000  -30.000012406.4639   18.1538
    0.0000   22.5000  -30.000012944.6621   18.1239
    7.5000   22.5000  -30.000012264.6875   18.1087
   -7.5000   30.0000  -30.000011780.6416   17.9089
    0.0000   30.0000  -30.000012280.4727   17.8790
    7.5000   30.0000  -30.000011659.0918   17.8641
   -7.5000   37.5000  -30.000011303.5254   17.9050
    0.0000   37.5000  -30.000011775.4229   17.8778
    7.5000   37.5000  -30.000011173.7539   17.8723
   -7.5000   45.0000  -30.000010343.6016   17.4628
    0.0000   45.0000  -30.000010783.1289   17.4395
    7.5000   45.0000  -30.000010202.5811   17.4431
   -7.5000  -45.0000  -22.5000 8900.7305   19.0398
    0.0000  -45.0000  -22.5000 9278.0518   19.0183
    7.5000  -45.0000  -22.5000 8857.9707   19.0152
   -7.5000  -37.5000  -22.5000 9651.1738   18.8651
    0.0000  -37.5000  -22.500010080.3945   18.8433
    7.5000  -37.5000  -22.5000 9613.5938   18.8378
   -7.5000  -30.0000  -22.500010777.4951   18.7730
    0.0000  -30.0000  -22.500011257.0684   18.7484
    7.5000  -30.0000  -22.500010719.5391   18.7355
   -7.5000  -22.5000  -22.500011861.9014   18.7606
    0.0000  -22.5000  -22.500012398.2910   18.7337
    7.5000  -22.5000  -22.500011798.0352   18.7152
   -7.5000  -15.0000  -22.500012828.5195   18.7575
    0.0000  -15.0000  -22.500013437.4209   18.7311
    7.5000  -15.0000  -22.500012782.0957   18.7132
   -7.5000   -7.5000  -22.500013699.2168   18.7644
    0.0000   -7.5000  -22.500014357.0918   18.7407
    7.5000   -7.5000  -22.500013642.6094   18.7306
   -7.5000    0.0000  -22.500014543.3008   18.7721
    0.0000    0.0000  -22.500015226.7578   18.7507
    7.5000    0.0000  -22.500014412.4268   18.7474
   -7.5000    7.5000  -22.500014329.9609   18.7767
    0.0000    7.5000  -22.500014980.5371   18.7550
    7.5000    7.5000  -22.500014122.9004   18.7494
   -7.5000   15.0000  -22.500013883.6660   18.7722
    0.0000   15.0000  -22.500014512.5840   18.7476
    7.5000   15.0000  -22.500013701.8760   18.7347
   -7.5000   22.5000  -22.500013210.9004   18.7548
    0.0000   22.5000  -22.500013809.4961   18.7279
    7.5000   22.5000  -22.500013065.6758   18.7095
   -7.5000   30.0000  -22.500012498.1777   18.5121
    0.0000   30.0000  -22.500013051.1914   18.4861
    7.5000   30.0000  -22.500012355.7139   18.4684
   -7.5000   37.5000  -22.500012004.4619   18.5189
    0.0000   37.5000  -22.500012523.7900   18.4955
    7.5000   37.5000  -22.500011853.5527   18.4856
   -7.5000   45.0000  -22.500010996.7793   18.0785
    0.0000   45.0000  -22.500011481.3789   18.0578
    7.5000   45.0000  -22.500010851.2393   18.0547
   -7.5000  -45.0000  -15.0000 9523.4062   19.5099
    0.0000  -45.0000  -15.0000 9946.9189   19.4975
    7.5000  -45.0000  -15.0000 9504.7168   19.5008
   -7.5000  -37.5000  -15.000010331.3223   19.3332
    0.0000  -37.5000  -15.000010785.1309   19.3198
    7.5000  -37.5000  -15.000010316.6045   19.3187
   -7.5000  -30.0000  -15.000011514.0859   19.2361
    0.0000  -30.0000  -15.000012032.6387   19.2221
    7.5000  -30.0000  -15.000011475.3574   19.2143
   -7.5000  -22.5000  -15.000012655.8008   19.2207
    0.0000  -22.5000  -15.000013249.9844   19.2071
    7.5000  -22.5000  -15.000012612.5654   19.1962
   -7.5000  -15.0000  -15.000013708.7891   19.2153
    0.0000  -15.0000  -15.000014363.2656   19.2031
    7.5000  -15.0000  -15.000013641.8135   19.1955
   -7.5000   -7.5000  -15.000014604.7881   19.2229
    0.0000   -7.5000  -15.000015313.7559   19.2111
    7.5000   -7.5000  -15.000014547.9746   19.2105
   -7.5000    0.0000  -15.000015484.9268   19.2355
    0.0000    0.0000  -15.000016235.6768   19.2230
    7.5000    0.0000  -15.000015341.6055   19.2257
   -7.5000    7.5000  -15.000015226.6162   19.2425
    0.0000    7.5000  -15.000015933.2959   19.2291
    7.5000    7.5000  -15.000015032.2891   19.2280
   -7.5000   15.0000  -15.000014762.3535   19.2353
    0.0000   15.0000  -15.000015444.1582   19.2213
    7.5000   15.0000  -15.000014571.1299   19.2134
   -7.5000   22.5000  -15.000014046.4580   19.2139
    0.0000   22.5000  -15.000014701.2197   19.2003
    7.5000   22.5000  -15.000013857.3613   19.1894
   -7.5000   30.0000  -15.000013257.2920   18.9666
    0.0000   30.0000  -15.000013858.5176   18.9546
    7.5000   30.0000  -15.000013075.3145   18.9471
   -7.5000   37.5000  -15.000012731.7910   18.9741
    0.0000   37.5000  -15.000013309.7119   18.9624
    7.5000   37.5000  -15.000012564.2959   18.9619
   -7.5000   45.0000  -15.000011624.4482   18.5359
    0.0000   45.0000  -15.000012166.2236   18.5239
    7.5000   45.0000  -15.000011472.8828   18.5265
   -7.5000  -45.0000   -7.500010185.2383   19.7498
    0.0000  -45.0000   -7.500010630.9141   19.7424
    7.5000  -45.0000   -7.500010170.3809   19.7619
   -7.5000  -37.5000   -7.500011057.3848   19.5794
    0.0000  -37.5000   -7.500011554.4658   19.5715
    7.5000  -37.5000   -7.500011031.1055   19.5839
   -7.5000  -30.0000   -7.500012309.6162   19.4932
    0.0000  -30.0000   -7.500012884.9561   19.4870
    7.5000  -30.0000   -7.500012270.2842   19.4901
   -7.5000  -22.5000   -7.500013506.4697   19.4815
    0.0000  -22.5000   -7.500014152.0537   19.4778
    7.5000  -22.5000   -7.500013456.8291   19.4782
   -7.5000  -15.0000   -7.500014627.2920   19.4673
    0.0000  -15.0000   -7.500015316.4189   19.4646
    7.5000  -15.0000   -7.500014559.7285   19.4709
   -7.5000   -7.5000   -7.500015547.4580   19.4625
    0.0000   -7.5000   -7.500016325.3994   19.4576
    7.5000   -7.5000   -7.500015485.9023   19.4728
   -7.5000    0.0000   -7.500016416.9785   19.4720
    0.0000    0.0000   -7.500017229.5176   19.4643
    7.5000    0.0000   -7.500016292.6514   19.4827
   -7.5000    7.5000   -7.500016153.2412   19.4876
    0.0000    7.5000   -7.500016891.4961   19.4796
    7.5000    7.5000   -7.500015964.1064   19.4918
   -7.5000   15.0000   -7.500015689.0234   19.4924
    0.0000   15.0000   -7.500016406.8398   19.4862
    7.5000   15.0000   -7.500015491.3408   19.4892
   -7.5000   22.5000   -7.500014896.8975   19.4725
    0.0000   22.5000   -7.500015595.3623   19.4688
    7.5000   22.5000   -7.500014693.5439   19.4692
   -7.5000   30.0000   -7.500014014.1113   19.2148
    0.0000   30.0000   -7.500014644.1846   19.2122
    7.5000   30.0000   -7.500013807.8076   19.2184
   -7.5000   37.5000   -7.500013467.3691   19.2101
    0.0000   37.5000   -7.500014064.4834   19.2053
    7.5000   37.5000   -7.500013275.2520   19.2203
   -7.5000   45.0000   -7.500012276.2549   18.7674
    0.0000   45.0000   -7.500012857.0723   18.7599
    7.5000   45.0000   -7.500012136.5430   18.7777
   -7.5000  -45.0000    0.000010759.4375   19.7897
    0.0000  -45.0000    0.000011242.0596   19.7793
    7.5000  -45.0000    0.000010756.0107   19.8085
   -7.5000  -37.5000    0.000011668.3262   19.6243
    0.0000  -37.5000    0.000012206.5703   19.6135
    7.5000  -37.5000    0.000011639.3701   19.6345
   -7.5000  -30.0000    0.000012980.4834   19.5508
    0.0000  -30.0000    0.000013572.1729   19.5414
    7.5000  -30.0000    0.000012939.9111   19.5500
   -7.5000  -22.5000    0.000014235.3535   19.5451
    0.0000  -22.5000    0.000014878.0127   19.5380
    7.5000  -22.5000    0.000014185.4551   19.5422
   -7.5000  -15.0000    0.000015398.8330   19.5253
    0.0000  -15.0000    0.000016076.6289   19.5191
    7.5000  -15.0000    0.000015352.4199   19.5292
   -7.5000   -7.5000    0.000016419.6953   19.5091
    0.0000   -7.5000    0.000017196.5605   19.5009
    7.5000   -7.5000    0.000016364.9570   19.5225
   -7.5000    0.0000    0.000017332.6621   19.5114
    0.0000    0.0000    0.000018116.6367   19.5007
    7.5000    0.0000    0.000017229.1191   19.5286
   -7.5000    7.5000    0.000017028.5508   19.5324
    0.0000    7.5000    0.000017682.4121   19.5215
    7.5000    7.5000    0.000016873.9199   19.5422
   -7.5000   15.0000    0.000016532.8926   19.5499
    0.0000   15.0000    0.000017209.1992   19.5405
    7.5000   15.0000    0.000016375.2100   19.5491
   -7.5000   22.5000    0.000015667.5918   19.5361
    0.0000   22.5000    0.000016336.2412   19.5290
    7.5000   22.5000    0.000015476.1377   19.5332
   -7.5000   30.0000    0.000014674.9834   19.2726
    0.0000   30.0000    0.000015270.2490   19.2665
    7.5000   30.0000    0.000014472.7988   19.2765
   -7.5000   37.5000    0.000014082.4912   19.2566
    0.0000   37.5000    0.000014650.6133   19.2485
    7.5000   37.5000    0.000013884.4639   19.2699
   -7.5000   45.0000    0.000012868.7188   18.8068
    0.0000   45.0000    0.000013424.2314   18.7964
    7.5000   45.0000    0.000012694.3975   18.8233
   -7.5000  -45.0000    7.500010525.9277   19.7768
    0.0000  -45.0000    7.500010981.5605   19.7575
    7.5000  -45.0000    7.500010507.6084   19.7780
   -7.5000  -37.5000    7.500011377.7412   19.6090
    0.0000  -37.5000    7.500011873.3984   19.5898
    7.5000  -37.5000    7.500011364.6377   19.6043
   -7.5000  -30.0000    7.500012617.3535   19.5366
    0.0000  -30.0000    7.500013152.2129   19.5162
    7.5000  -30.0000    7.500012592.9609   19.5182
   -7.5000  -22.5000    7.500013794.1992   19.5324
    0.0000  -22.5000    7.500014391.4434   19.5111
    7.5000  -22.5000    7.500013790.0840   19.5066
   -7.5000  -15.0000    7.500014906.5518   19.5149
    0.0000  -15.0000    7.500015558.0645   19.4939
    7.5000  -15.0000    7.500014936.0693   19.4923
   -7.5000   -7.5000    7.500015975.0498   19.4998
    0.0000   -7.5000    7.500016752.3477   19.4794
    7.5000   -7.5000    7.500015986.9160   19.4897
   -7.5000    0.0000    7.500016968.4707   19.4988
    0.0000    0.0000    7.500017696.9004   19.4793
    7.5000    0.0000    7.500016965.6367   19.4990
   -7.5000    7.5000    7.500016619.8535   19.5172
    0.0000    7.5000    7.500017177.4727   19.4980
    7.5000    7.5000    7.500016574.1230   19.5122
   -7.5000   15.0000    7.500016092.8701   19.5358
    0.0000   15.0000    7.500016639.6621   19.5153
    7.5000   15.0000    7.500016025.8809   19.5174
   -7.5000   22.5000    7.500015210.7500   19.5234
    0.0000   22.5000    7.500015762.2031   19.5021
    7.5000   22.5000    7.500015129.2012   19.4976
   -7.5000   30.0000    7.500014210.1865   19.2624
    0.0000   30.0000    7.500014724.0596   19.2416
    7.5000   30.0000    7.500014086.9941   19.2400
   -7.5000   37.5000    7.500013619.1260   19.2474
    0.0000   37.5000    7.500014122.1172   19.2273
    7.5000   37.5000    7.500013459.8457   19.2375
   -7.5000   45.0000    7.500012466.7949   18.7946
    0.0000   45.0000    7.500012968.6445   18.7758
    7.5000   45.0000    7.500012298.1475   18.7948
   -7.5000  -45.0000   15.000010144.1270   19.7641
    0.0000  -45.0000   15.000010587.1387   19.7380
    7.5000  -45.0000   15.000010111.8428   19.7424
   -7.5000  -37.5000   15.000010946.3721   19.5888
    0.0000  -37.5000   15.000011420.5830   19.5635
    7.5000  -37.5000   15.000010916.5576   19.5646
   -7.5000  -30.0000   15.000012096.3691   19.5063
    0.0000  -30.0000   15.000012640.1895   19.4778
    7.5000  -30.0000   15.000012103.2773   19.4689
   -7.5000  -22.5000   15.000013184.3525   19.4988
    0.0000  -22.5000   15.000013792.6992   19.4668
    7.5000  -22.5000   15.000013266.5137   19.4504
   -7.5000  -15.0000   15.000014250.9219   19.4890
    0.0000  -15.0000   15.000014862.6035   19.4565
    7.5000  -15.0000   15.000014367.7959   19.4403
   -7.5000   -7.5000   15.000015274.9414   19.4848
    0.0000   -7.5000   15.000015992.1201   19.4552
    7.5000   -7.5000   15.000015413.6523   19.4493
   -7.5000    0.0000   15.000016268.9668   19.4863
    0.0000    0.0000   15.000016954.7051   19.4602
    7.5000    0.0000   15.000016378.2246   19.4643
   -7.5000    7.5000   15.000016053.3145   19.4970
    0.0000    7.5000   15.000016582.1133   19.4718
    7.5000    7.5000   15.000016067.2549   19.4728
   -7.5000   15.0000   15.000015626.8916   19.5054
    0.0000   15.0000   15.000016074.2783   19.4770
    7.5000   15.0000   15.000015523.4307   19.4680
   -7.5000   22.5000   15.000014725.1338   19.4898
    0.0000   22.5000   15.000015161.8682   19.4578
    7.5000   22.5000   15.000014581.0469   19.4415
   -7.5000   30.0000   15.000013681.6797   19.2368
    0.0000   30.0000   15.000014098.5664   19.2047
    7.5000   30.0000   15.000013526.0752   19.1887
   -7.5000   37.5000   15.000013053.5312   19.2327
    0.0000   37.5000   15.000013482.0684   19.2034
    7.5000   37.5000   15.000012892.9229   19.1976
   -7.5000   45.0000   15.000011955.7197   18.7825
    0.0000   45.0000   15.000012397.7666   18.7574
    7.5000   45.0000   15.000011790.3311   18.7613
   -7.5000  -45.0000   22.5000 9667.6152   19.7798
    0.0000  -45.0000   22.500010077.4600   19.7574
    7.5000  -45.0000   22.5000 9639.7412   19.7544
   -7.5000  -37.5000   22.500010398.0977   19.5982
    0.0000  -37.5000   22.500010839.2080   19.5756
    7.5000  -37.5000   22.500010394.1836   19.5701
   -7.5000  -30.0000   22.500011470.0625   19.5025
    0.0000  -30.0000   22.500011974.7324   19.4770
    7.5000  -30.0000   22.500011521.8262   19.4638
   -7.5000  -22.5000   22.500012518.6523   19.4896
    0.0000  -22.5000   22.500013070.8994   19.4617
    7.5000  -22.5000   22.500012621.4863   19.4427
   -7.5000  -15.0000   22.500013547.8682   19.4864
    0.0000  -15.0000   22.500014134.4893   19.4589
    7.5000  -15.0000   22.500013668.1670   19.4406
   -7.5000   -7.5000   22.500014554.1914   19.4935
    0.0000   -7.5000   22.500015229.7100   19.4688
    7.5000   -7.5000   22.500014652.3135   19.4586
   -7.5000    0.0000   22.500015492.4727   19.5015
    0.0000    0.0000   22.500016200.7012   19.4792
    7.5000    0.0000   22.500015510.7373   19.4760
   -7.5000    7.5000   22.500015356.7900   19.5063
    0.0000    7.5000   22.500016009.7334   19.4837
    7.5000    7.5000   22.500015251.9805   19.4782
   -7.5000   15.0000   22.500014963.4199   19.5017
    0.0000   15.0000   22.500015593.4316   19.4762
    7.5000   15.0000   22.500014786.8340   19.4629
   -7.5000   22.5000   22.500014087.2324   19.4807
    0.0000   22.5000   22.500014661.4531   19.4527
    7.5000   22.5000   22.500013928.6113   19.4337
   -7.5000   30.0000   22.500013029.8174   19.2342
    0.0000   30.0000   22.500013531.0430   19.2071
    7.5000   30.0000   22.500012885.9756   19.1890
   -7.5000   37.5000   22.500012387.0684   19.2412
    0.0000   37.5000   22.500012850.9443   19.2169
    7.5000   37.5000   22.500012263.5439   19.2067
   -7.5000   45.0000   22.500011334.7354   18.7972
    0.0000   45.0000   22.500011780.9014   18.7757
    7.5000   45.0000   22.500011225.2764   18.7727
   -7.5000  -45.0000   30.0000 9044.8223   19.8557
    0.0000  -45.0000   30.0000 9450.5977   19.8428
    7.5000  -45.0000   30.0000 9045.0576   19.8465
   -7.5000  -37.5000   30.0000 9745.0508   19.6767
    0.0000  -37.5000   30.000010201.0049   19.6629
    7.5000  -37.5000   30.0000 9757.3115   19.6621
   -7.5000  -30.0000   30.000010776.1387   19.5774
    0.0000  -30.0000   30.000011310.2617   19.5630
    7.5000  -30.0000   30.000010802.6377   19.5552
   -7.5000  -22.5000   30.000011817.0488   19.5616
    0.0000  -22.5000   30.000012395.1133   19.5476
    7.5000  -22.5000   30.000011820.5615   19.5367
   -7.5000  -15.0000   30.000012827.4668   19.5563
    0.0000  -15.0000   30.000013436.2275   19.5437
    7.5000  -15.0000   30.000012818.4785   19.5362
   -7.5000   -7.5000   30.000013789.5684   19.5642
    0.0000   -7.5000   30.000014411.7051   19.5520
    7.5000   -7.5000   30.000013766.6943   19.5517
   -7.5000    0.0000   30.000014605.3906   19.5771
    0.0000    0.0000   30.000015213.3662   19.5642
    7.5000    0.0000   30.000014555.9014   19.5673
   -7.5000    7.5000   30.000014372.3359   19.5841
    0.0000    7.5000   30.000014964.1553   19.5703
    7.5000    7.5000   30.000014313.0195   19.5694
   -7.5000   15.0000   30.000013970.2432   19.5765
    0.0000   15.0000   30.000014545.3887   19.5621
    7.5000   15.0000   30.000013916.9521   19.5544
   -7.5000   22.5000   30.000013202.6631   19.5526
    0.0000   22.5000   30.000013744.2295   19.5386
    7.5000   22.5000   30.000013140.4346   19.5277
   -7.5000   30.0000   30.000012244.1211   19.3032
    0.0000   30.0000   30.000012732.9287   19.2908
    7.5000   30.0000   30.000012161.1074   19.2833
   -7.5000   37.5000   30.000011657.9873   19.3110
    0.0000   37.5000   30.000012132.9336   19.2989
    7.5000   37.5000   30.000011576.1826   19.2987
   -7.5000   45.0000   30.000010673.5850   18.8701
    0.0000   45.0000   30.000011129.4336   18.8576
    7.5000   45.0000   30.000010582.8164   18.8606
   -7.5000  -45.0000   37.5000 8732.5244   20.0079
    0.0000  -45.0000   37.5000 9128.2285   20.0000
    7.5000  -45.0000   37.5000 8707.7051   20.0209
   -7.5000  -37.5000   37.5000 9446.1855   19.8388
    0.0000  -37.5000   37.5000 9886.7383   19.8305
    7.5000  -37.5000   37.5000 9400.3789   19.8441
   -7.5000  -30.0000   37.500010497.9531   19.7504
    0.0000  -30.0000   37.500011000.2188   19.7440
    7.5000  -30.0000   37.500010453.7275   19.7480
   -7.5000  -22.5000   37.500011506.3848   19.7387
    0.0000  -22.5000   37.500012038.9434   19.7348
    7.5000  -22.5000   37.500011459.0820   19.7360
   -7.5000  -15.0000   37.500012456.8467   19.7244
    0.0000  -15.0000   37.500013010.9727   19.7215
    7.5000  -15.0000   37.500012423.4834   19.7287
   -7.5000   -7.5000   37.500013311.8535   19.7196
    0.0000   -7.5000   37.500013890.8232   19.7144
    7.5000   -7.5000   37.500013295.9746   19.7308
   -7.5000    0.0000   37.500014031.0195   19.7292
    0.0000    0.0000   37.500014642.9268   19.7211
    7.5000    0.0000   37.500014029.9180   19.7409
   -7.5000    7.5000   37.500013775.7285   19.7449
    0.0000    7.5000   37.500014374.6357   19.7365
    7.5000    7.5000   37.500013783.3438   19.7499
   -7.5000   15.0000   37.500013416.5674   19.7496
    0.0000   15.0000   37.500014001.7305   19.7431
    7.5000   15.0000   37.500013409.4873   19.7471
   -7.5000   22.5000   37.500012728.8779   19.7296
    0.0000   22.5000   37.500013280.6631   19.7258
    7.5000   22.5000   37.500012720.4668   19.7269
   -7.5000   30.0000   37.500011821.0879   19.4691
    0.0000   30.0000   37.500012329.8652   19.4663
    7.5000   30.0000   37.500011791.2139   19.4734
   -7.5000   37.5000   37.500011279.6514   19.4644
    0.0000   37.5000   37.500011763.9648   19.4593
    7.5000   37.5000   37.500011235.7246   19.4755
   -7.5000   45.0000   37.500010352.3936   19.0167
    0.0000   45.0000   37.500010784.8057   19.0088
    7.5000   45.0000   37.500010287.2725   19.0279
   -7.5000  -45.0000   45.0000 8030.6606   20.1273
    0.0000  -45.0000   45.0000 8358.9922   20.1167
    7.5000  -45.0000   45.0000 7975.2168   20.1479
   -7.5000  -37.5000   45.0000 8682.5215   19.9661
    0.0000  -37.5000   45.0000 9064.1016   19.9552
    7.5000  -37.5000   45.0000 8626.7637   19.9781
   -7.5000  -30.0000   45.0000 9631.7090   19.8899
    0.0000  -30.0000   45.000010069.9990   19.8807
    7.5000  -30.0000   45.0000 9580.9727   19.8906
   -7.5000  -22.5000   45.000010534.6758   19.8832
    0.0000  -22.5000   45.000011021.1738   19.8764
    7.5000  -22.5000   45.000010486.5889   19.8817
   -7.5000  -15.0000   45.000011407.4463   19.8619
    0.0000  -15.0000   45.000011924.5518   19.8560
    7.5000  -15.0000   45.000011367.8965   19.8673
   -7.5000   -7.5000   45.000012188.5566   19.8451
    0.0000   -7.5000   45.000012748.6377   19.8369
    7.5000   -7.5000   45.000012169.0586   19.8604
   -7.5000    0.0000   45.000012844.6289   19.8484
    0.0000    0.0000   45.000013442.4775   19.8375
    7.5000    0.0000   45.000012839.5391   19.8674
   -7.5000    7.5000   45.000012579.6113   19.8708
    0.0000    7.5000   45.000013160.2871   19.8598
    7.5000    7.5000   45.000012589.1592   19.8824
   -7.5000   15.0000   45.000012260.9980   19.8891
    0.0000   15.0000   45.000012819.1924   19.8798
    7.5000   15.0000   45.000012274.7188   19.8897
   -7.5000   22.5000   45.000011684.4609   19.8740
    0.0000   22.5000   45.000012196.0723   19.8672
    7.5000   22.5000   45.000011705.6250   19.8725
   -7.5000   30.0000   45.000010855.7920   19.6031
    0.0000   30.0000   45.000011336.8594   19.5973
    7.5000   30.0000   45.000010850.0557   19.6085
   -7.5000   37.5000   45.000010365.8330   19.5866
    0.0000   37.5000   45.000010819.1143   19.5785
    7.5000   37.5000   45.000010352.0381   19.6016
   -7.5000   45.0000   45.0000 9528.3027   19.1402
    0.0000   45.0000   45.0000 9939.3477   19.1297
    7.5000   45.0000   45.0000 9493.2041   19.1586

---------------------------------------------------------------------
imgreg_4dfp /opt/freesurfer/average/711-2C_as_mni_average_305 /opt/freesurfer/average/711-2B_as_mni_average_305_mask talsrcimg_g11 none talsrcimg_to_711-2C_as_mni_average_305_t4 4355
---------------------------------------------------------------------

freesurfer imgreg_4dfp.c
/opt/freesurfer/average/711-2C_as_mni_average_305.4dfp.img
       256       256       256         1
  1.000000  1.000000  1.000000
orientation T byte_order littleendian
Reading image: /opt/freesurfer/average/711-2C_as_mni_average_305.4dfp.img
dimensions:      256       256       256
mmppix:       1.0000   -1.0000   -1.0000
center:     128.0000 -129.0000 -129.0000
/opt/freesurfer/average/711-2B_as_mni_average_305_mask.4dfp.img
       256       256       256         1
  1.000000  1.000000  1.000000
orientation T byte_order littleendian
Reading mask: /opt/freesurfer/average/711-2B_as_mni_average_305_mask.4dfp.img (2306576 pixels)
talsrcimg_g11.4dfp.img
       256       256       256         1
  1.000000  1.000000  1.000000
orientation T byte_order littleendian
Reading image: talsrcimg_g11.4dfp.img
dimensions:      256       256       256
mmppix:       1.0000   -1.0000   -1.0000
center:     128.0000 -129.0000 -129.0000
rotation matrix determinant  1.000000
image alignment mode   4355 decimal     1103 hex
   -7.5000  -45.0000  -45.0000 1953.6569   24.0920
    0.0000  -45.0000  -45.0000 1962.2427   23.9023
    7.5000  -45.0000  -45.0000 1956.3969   24.1406
   -7.5000  -37.5000  -45.0000 2049.7007   21.7976
    0.0000  -37.5000  -45.0000 2061.4563   21.5986
    7.5000  -37.5000  -45.0000 2050.2786   21.8065
   -7.5000  -30.0000  -45.0000 2133.5378   20.0218
    0.0000  -30.0000  -45.0000 2146.8333   19.8556
    7.5000  -30.0000  -45.0000 2131.9949   19.9852
   -7.5000  -22.5000  -45.0000 2205.9993   18.7029
    0.0000  -22.5000  -45.0000 2216.7886   18.5808
    7.5000  -22.5000  -45.0000 2206.6421   18.6784
   -7.5000  -15.0000  -45.0000 2242.5869   17.7580
    0.0000  -15.0000  -45.0000 2256.0830   17.6532
    7.5000  -15.0000  -45.0000 2246.2571   17.7817
   -7.5000   -7.5000  -45.0000 2267.8696   17.2611
    0.0000   -7.5000  -45.0000 2281.7056   17.1221
    7.5000   -7.5000  -45.0000 2274.1147   17.2645
   -7.5000    0.0000  -45.0000 2279.8704   17.1288
    0.0000    0.0000  -45.0000 2292.7852   16.9514
    7.5000    0.0000  -45.0000 2289.6965   17.0857
   -7.5000    7.5000  -45.0000 2281.5840   17.2781
    0.0000    7.5000  -45.0000 2296.3325   17.0366
    7.5000    7.5000  -45.0000 2291.7495   17.1294
   -7.5000   15.0000  -45.0000 2271.0049   17.6500
    0.0000   15.0000  -45.0000 2288.0283   17.3964
    7.5000   15.0000  -45.0000 2276.7783   17.4890
   -7.5000   22.5000  -45.0000 2242.7710   18.3019
    0.0000   22.5000  -45.0000 2260.8923   18.0391
    7.5000   22.5000  -45.0000 2246.1543   18.1045
   -7.5000   30.0000  -45.0000 2197.2034   19.2535
    0.0000   30.0000  -45.0000 2215.8926   18.9599
    7.5000   30.0000  -45.0000 2205.3345   19.0458
   -7.5000   37.5000  -45.0000 2135.2954   20.5585
    0.0000   37.5000  -45.0000 2157.0120   20.2480
    7.5000   37.5000  -45.0000 2143.0239   20.3724
   -7.5000   45.0000  -45.0000 2051.6431   22.3567
    0.0000   45.0000  -45.0000 2072.1006   22.0137
    7.5000   45.0000  -45.0000 2063.0830   22.2135
   -7.5000  -45.0000  -37.5000 2027.8209   22.3040
    0.0000  -45.0000  -37.5000 2038.7344   22.1656
    7.5000  -45.0000  -37.5000 2024.9608   22.3793
   -7.5000  -37.5000  -37.5000 2134.4141   20.1453
    0.0000  -37.5000  -37.5000 2148.8621   20.0154
    7.5000  -37.5000  -37.5000 2131.9558   20.1462
   -7.5000  -30.0000  -37.5000 2230.6721   18.4785
    0.0000  -30.0000  -37.5000 2244.6016   18.3514
    7.5000  -30.0000  -37.5000 2231.5208   18.4189
   -7.5000  -22.5000  -37.5000 2305.2412   17.2020
    0.0000  -22.5000  -37.5000 2318.6936   17.0958
    7.5000  -22.5000  -37.5000 2307.1965   17.1472
   -7.5000  -15.0000  -37.5000 2343.0728   16.3271
    0.0000  -15.0000  -37.5000 2355.3203   16.2559
    7.5000  -15.0000  -37.5000 2344.6907   16.3144
   -7.5000   -7.5000  -37.5000 2370.5535   15.9116
    0.0000   -7.5000  -37.5000 2385.2051   15.8028
    7.5000   -7.5000  -37.5000 2375.8174   15.9182
   -7.5000    0.0000  -37.5000 2382.5659   15.7445
    0.0000    0.0000  -37.5000 2398.7131   15.6158
    7.5000    0.0000  -37.5000 2386.6504   15.6841
   -7.5000    7.5000  -37.5000 2381.5520   15.8088
    0.0000    7.5000  -37.5000 2398.9438   15.6276
    7.5000    7.5000  -37.5000 2388.4934   15.7064
   -7.5000   15.0000  -37.5000 2363.3577   16.1271
    0.0000   15.0000  -37.5000 2385.7363   15.9339
    7.5000   15.0000  -37.5000 2373.6343   15.9941
   -7.5000   22.5000  -37.5000 2340.2588   16.7397
    0.0000   22.5000  -37.5000 2362.0530   16.5298
    7.5000   22.5000  -37.5000 2350.0242   16.5680
   -7.5000   30.0000  -37.5000 2298.9700   17.6353
    0.0000   30.0000  -37.5000 2320.7161   17.4227
    7.5000   30.0000  -37.5000 2309.0225   17.4758
   -7.5000   37.5000  -37.5000 2230.8513   18.8818
    0.0000   37.5000  -37.5000 2252.5630   18.6279
    7.5000   37.5000  -37.5000 2243.4814   18.7339
   -7.5000   45.0000  -37.5000 2144.4495   20.5447
    0.0000   45.0000  -37.5000 2166.2136   20.2322
    7.5000   45.0000  -37.5000 2153.2437   20.3931
   -7.5000  -45.0000  -30.0000 2136.1482   21.4382
    0.0000  -45.0000  -30.0000 2146.5181   21.3351
    7.5000  -45.0000  -30.0000 2134.7947   21.4433
   -7.5000  -37.5000  -30.0000 2257.6775   19.3833
    0.0000  -37.5000  -30.0000 2268.9570   19.2550
    7.5000  -37.5000  -30.0000 2255.6875   19.3264
   -7.5000  -30.0000  -30.0000 2364.9360   17.7168
    0.0000  -30.0000  -30.0000 2376.3196   17.6036
    7.5000  -30.0000  -30.0000 2364.0779   17.6752
   -7.5000  -22.5000  -30.0000 2440.6208   16.4250
    0.0000  -22.5000  -30.0000 2454.8440   16.3299
    7.5000  -22.5000  -30.0000 2443.8132   16.3727
   -7.5000  -15.0000  -30.0000 2484.3689   15.5619
    0.0000  -15.0000  -30.0000 2499.0305   15.4696
    7.5000  -15.0000  -30.0000 2484.5115   15.5101
   -7.5000   -7.5000  -30.0000 2517.4243   15.1011
    0.0000   -7.5000  -30.0000 2531.0774   15.0100
    7.5000   -7.5000  -30.0000 2516.4932   15.0694
   -7.5000    0.0000  -30.0000 2533.3667   14.9135
    0.0000    0.0000  -30.0000 2547.8831   14.8181
    7.5000    0.0000  -30.0000 2534.0059   14.8730
   -7.5000    7.5000  -30.0000 2533.0471   15.0381
    0.0000    7.5000  -30.0000 2550.3835   14.9003
    7.5000    7.5000  -30.0000 2537.4585   14.9437
   -7.5000   15.0000  -30.0000 2517.9912   15.3484
    0.0000   15.0000  -30.0000 2542.3994   15.1759
    7.5000   15.0000  -30.0000 2529.1575   15.2315
   -7.5000   22.5000  -30.0000 2492.6616   15.9264
    0.0000   22.5000  -30.0000 2519.1929   15.7289
    7.5000   22.5000  -30.0000 2505.0037   15.7909
   -7.5000   30.0000  -30.0000 2444.2156   16.7749
    0.0000   30.0000  -30.0000 2469.4666   16.5786
    7.5000   30.0000  -30.0000 2456.3325   16.6400
   -7.5000   37.5000  -30.0000 2369.6658   17.9915
    0.0000   37.5000  -30.0000 2393.8433   17.8041
    7.5000   37.5000  -30.0000 2379.8198   17.8753
   -7.5000   45.0000  -30.0000 2274.9673   19.5787
    0.0000   45.0000  -30.0000 2297.8696   19.3539
    7.5000   45.0000  -30.0000 2280.1453   19.4439
   -7.5000  -45.0000  -22.5000 2224.7190   20.5232
    0.0000  -45.0000  -22.5000 2237.0269   20.3778
    7.5000  -45.0000  -22.5000 2222.1274   20.5448
   -7.5000  -37.5000  -22.5000 2353.9045   18.4763
    0.0000  -37.5000  -22.5000 2366.5542   18.3708
    7.5000  -37.5000  -22.5000 2352.6792   18.4693
   -7.5000  -30.0000  -22.5000 2462.5830   16.8309
    0.0000  -30.0000  -22.5000 2474.6233   16.7645
    7.5000  -30.0000  -22.5000 2459.9541   16.8136
   -7.5000  -22.5000  -22.5000 2544.1187   15.6048
    0.0000  -22.5000  -22.5000 2554.5251   15.5097
    7.5000  -22.5000  -22.5000 2539.3933   15.5504
   -7.5000  -15.0000  -22.5000 2593.8887   14.7328
    0.0000  -15.0000  -22.5000 2609.6226   14.6472
    7.5000  -15.0000  -22.5000 2595.6089   14.6790
   -7.5000   -7.5000  -22.5000 2635.2336   14.2533
    0.0000   -7.5000  -22.5000 2651.8389   14.1278
    7.5000   -7.5000  -22.5000 2639.1741   14.1698
   -7.5000    0.0000  -22.5000 2666.7009   14.0534
    0.0000    0.0000  -22.5000 2683.0210   13.9408
    7.5000    0.0000  -22.5000 2667.8821   13.9863
   -7.5000    7.5000  -22.5000 2669.7627   14.1747
    0.0000    7.5000  -22.5000 2687.4824   14.0633
    7.5000    7.5000  -22.5000 2673.2412   14.1099
   -7.5000   15.0000  -22.5000 2652.3911   14.5036
    0.0000   15.0000  -22.5000 2676.8066   14.3469
    7.5000   15.0000  -22.5000 2658.3137   14.3966
   -7.5000   22.5000  -22.5000 2622.0315   15.0506
    0.0000   22.5000  -22.5000 2649.3157   14.8907
    7.5000   22.5000  -22.5000 2632.4878   14.9558
   -7.5000   30.0000  -22.5000 2568.5361   15.8520
    0.0000   30.0000  -22.5000 2593.6973   15.7046
    7.5000   30.0000  -22.5000 2577.5410   15.7719
   -7.5000   37.5000  -22.5000 2487.4731   16.9963
    0.0000   37.5000  -22.5000 2511.7251   16.8378
    7.5000   37.5000  -22.5000 2493.7495   16.9214
   -7.5000   45.0000  -22.5000 2383.6848   18.5345
    0.0000   45.0000  -22.5000 2405.0310   18.3544
    7.5000   45.0000  -22.5000 2388.4309   18.4452
   -7.5000  -45.0000  -15.0000 2280.6392   19.6552
    0.0000  -45.0000  -15.0000 2294.9790   19.5590
    7.5000  -45.0000  -15.0000 2279.8748   19.7552
   -7.5000  -37.5000  -15.0000 2414.9873   17.6884
    0.0000  -37.5000  -15.0000 2427.3943   17.5769
    7.5000  -37.5000  -15.0000 2415.5735   17.7410
   -7.5000  -30.0000  -15.0000 2525.6819   16.0907
    0.0000  -30.0000  -15.0000 2539.3037   15.9925
    7.5000  -30.0000  -15.0000 2525.3247   16.1249
   -7.5000  -22.5000  -15.0000 2611.4329   14.8746
    0.0000  -22.5000  -15.0000 2629.2996   14.7786
    7.5000  -22.5000  -15.0000 2612.6750   14.8661
   -7.5000  -15.0000  -15.0000 2677.0483   14.0115
    0.0000  -15.0000  -15.0000 2694.7266   13.9097
    7.5000  -15.0000  -15.0000 2677.6223   13.9559
   -7.5000   -7.5000  -15.0000 2724.6001   13.4641
    0.0000   -7.5000  -15.0000 2741.8301   13.3564
    7.5000   -7.5000  -15.0000 2734.1704   13.3930
   -7.5000    0.0000  -15.0000 2764.9912   13.2352
    0.0000    0.0000  -15.0000 2786.8862   13.1272
    7.5000    0.0000  -15.0000 2769.2817   13.1704
   -7.5000    7.5000  -15.0000 2772.3918   13.3728
    0.0000    7.5000  -15.0000 2795.0950   13.2542
    7.5000    7.5000  -15.0000 2773.6262   13.2996
   -7.5000   15.0000  -15.0000 2759.1086   13.7217
    0.0000   15.0000  -15.0000 2788.8010   13.6058
    7.5000   15.0000  -15.0000 2764.9275   13.6426
   -7.5000   22.5000  -15.0000 2727.5298   14.2435
    0.0000   22.5000  -15.0000 2759.3569   14.1154
    7.5000   22.5000  -15.0000 2736.6179   14.1765
   -7.5000   30.0000  -15.0000 2664.1128   15.0079
    0.0000   30.0000  -15.0000 2693.1562   14.8686
    7.5000   30.0000  -15.0000 2669.9312   14.9818
   -7.5000   37.5000  -15.0000 2573.5676   16.1013
    0.0000   37.5000  -15.0000 2601.4397   15.9694
    7.5000   37.5000  -15.0000 2581.3174   16.0971
   -7.5000   45.0000  -15.0000 2459.6123   17.6075
    0.0000   45.0000  -15.0000 2483.9500   17.4482
    7.5000   45.0000  -15.0000 2464.2192   17.5704
   -7.5000  -45.0000   -7.5000 2316.8821   19.0247
    0.0000  -45.0000   -7.5000 2331.3635   18.8811
    7.5000  -45.0000   -7.5000 2317.3875   19.1671
   -7.5000  -37.5000   -7.5000 2452.1489   17.0681
    0.0000  -37.5000   -7.5000 2467.2549   16.9254
    7.5000  -37.5000   -7.5000 2451.9934   17.1922
   -7.5000  -30.0000   -7.5000 2567.5779   15.4868
    0.0000  -30.0000   -7.5000 2584.3186   15.3839
    7.5000  -30.0000   -7.5000 2564.3477   15.5620
   -7.5000  -22.5000   -7.5000 2663.4675   14.2653
    0.0000  -22.5000   -7.5000 2685.6418   14.1703
    7.5000  -22.5000   -7.5000 2663.1736   14.3032
   -7.5000  -15.0000   -7.5000 2738.5415   13.3920
    0.0000  -15.0000   -7.5000 2760.5254   13.2754
    7.5000  -15.0000   -7.5000 2740.4902   13.3722
   -7.5000   -7.5000   -7.5000 2791.7212   12.7955
    0.0000   -7.5000   -7.5000 2817.0229   12.6911
    7.5000   -7.5000   -7.5000 2801.1064   12.7764
   -7.5000    0.0000   -7.5000 2838.1565   12.5178
    0.0000    0.0000   -7.5000 2867.9404   12.4247
    7.5000    0.0000   -7.5000 2841.9055   12.5043
   -7.5000    7.5000   -7.5000 2856.9209   12.6202
    0.0000    7.5000   -7.5000 2888.3159   12.5182
    7.5000    7.5000   -7.5000 2857.9829   12.6038
   -7.5000   15.0000   -7.5000 2846.9797   12.9914
    0.0000   15.0000   -7.5000 2880.5220   12.8865
    7.5000   15.0000   -7.5000 2851.8235   12.9748
   -7.5000   22.5000   -7.5000 2808.3005   13.5228
    0.0000   22.5000   -7.5000 2841.9375   13.4103
    7.5000   22.5000   -7.5000 2816.8792   13.5086
   -7.5000   30.0000   -7.5000 2734.2690   14.2521
    0.0000   30.0000   -7.5000 2765.8372   14.1399
    7.5000   30.0000   -7.5000 2743.3293   14.2742
   -7.5000   37.5000   -7.5000 2639.3799   15.3308
    0.0000   37.5000   -7.5000 2665.8835   15.2169
    7.5000   37.5000   -7.5000 2645.0769   15.3651
   -7.5000   45.0000   -7.5000 2513.7493   16.8216
    0.0000   45.0000   -7.5000 2540.5186   16.6865
    7.5000   45.0000   -7.5000 2520.7556   16.8193
   -7.5000  -45.0000    0.0000 2327.7456   18.5946
    0.0000  -45.0000    0.0000 2344.6484   18.4543
    7.5000  -45.0000    0.0000 2335.6841   18.7932
   -7.5000  -37.5000    0.0000 2463.9880   16.6451
    0.0000  -37.5000    0.0000 2482.7393   16.5068
    7.5000  -37.5000    0.0000 2463.3523   16.8069
   -7.5000  -30.0000    0.0000 2584.1938   15.0729
    0.0000  -30.0000    0.0000 2600.5161   14.9371
    7.5000  -30.0000    0.0000 2577.2551   15.1994
   -7.5000  -22.5000    0.0000 2690.6780   13.8334
    0.0000  -22.5000    0.0000 2709.9573   13.6878
    7.5000  -22.5000    0.0000 2686.8037   13.9080
   -7.5000  -15.0000    0.0000 2777.4517   12.9252
    0.0000  -15.0000    0.0000 2800.7976   12.7849
    7.5000  -15.0000    0.0000 2776.8286   12.9776
   -7.5000   -7.5000    0.0000 2845.5730   12.3211
    0.0000   -7.5000    0.0000 2873.6038   12.2212
    7.5000   -7.5000    0.0000 2850.6216   12.3676
   -7.5000    0.0000    0.0000 2903.5510   12.0369
    0.0000    0.0000    0.0000 2937.3142   11.9201
    7.5000    0.0000    0.0000 2903.9402   12.0702
   -7.5000    7.5000    0.0000 2932.1006   12.1092
    0.0000    7.5000    0.0000 2964.2471   11.9389
    7.5000    7.5000    0.0000 2927.2292   12.1379
   -7.5000   15.0000    0.0000 2922.6597   12.4454
    0.0000   15.0000    0.0000 2954.2239   12.3144
    7.5000   15.0000    0.0000 2923.8606   12.4707
   -7.5000   22.5000    0.0000 2868.7271   12.9770
    0.0000   22.5000    0.0000 2900.6167   12.8579
    7.5000   22.5000    0.0000 2874.3643   13.0004
   -7.5000   30.0000    0.0000 2784.5715   13.7301
    0.0000   30.0000    0.0000 2815.5161   13.5937
    7.5000   30.0000    0.0000 2793.3633   13.7831
   -7.5000   37.5000    0.0000 2679.7842   14.8212
    0.0000   37.5000    0.0000 2706.0835   14.6808
    7.5000   37.5000    0.0000 2685.1309   14.8862
   -7.5000   45.0000    0.0000 2552.3538   16.2717
    0.0000   45.0000    0.0000 2577.1890   16.1243
    7.5000   45.0000    0.0000 2555.1487   16.3190
   -7.5000  -45.0000    7.5000 2334.0422   18.4038
    0.0000  -45.0000    7.5000 2350.1895   18.2644
    7.5000  -45.0000    7.5000 2332.1187   18.6575
   -7.5000  -37.5000    7.5000 2464.7126   16.4613
    0.0000  -37.5000    7.5000 2481.8757   16.2662
    7.5000  -37.5000    7.5000 2461.2192   16.6722
   -7.5000  -30.0000    7.5000 2579.9136   14.8598
    0.0000  -30.0000    7.5000 2595.2610   14.6484
    7.5000  -30.0000    7.5000 2574.9026   15.0330
   -7.5000  -22.5000    7.5000 2693.3232   13.5924
    0.0000  -22.5000    7.5000 2709.7568   13.3966
    7.5000  -22.5000    7.5000 2690.9966   13.7107
   -7.5000  -15.0000    7.5000 2790.7375   12.6561
    0.0000  -15.0000    7.5000 2817.1130   12.4808
    7.5000  -15.0000    7.5000 2792.7041   12.7519
   -7.5000   -7.5000    7.5000 2881.4536   12.0493
    0.0000   -7.5000    7.5000 2912.3274   11.8905
    7.5000   -7.5000    7.5000 2877.7041   12.1276
   -7.5000    0.0000    7.5000 2957.1855   11.7762
    0.0000    0.0000    7.5000 2993.5852   11.6239
    7.5000    0.0000    7.5000 2953.7429   11.8493
   -7.5000    7.5000    7.5000 2987.8530   11.8070
    0.0000    7.5000    7.5000 3026.3477   11.5796
    7.5000    7.5000    7.5000 2980.0376   11.8924
   -7.5000   15.0000    7.5000 2974.0042   12.1231
    0.0000   15.0000    7.5000 3004.7156   11.9003
    7.5000   15.0000    7.5000 2964.7104   12.1978
   -7.5000   22.5000    7.5000 2905.5884   12.6858
    0.0000   22.5000    7.5000 2930.9866   12.5053
    7.5000   22.5000    7.5000 2905.0415   12.7420
   -7.5000   30.0000    7.5000 2812.6814   13.4730
    0.0000   30.0000    7.5000 2838.5283   13.2816
    7.5000   30.0000    7.5000 2815.2844   13.5048
   -7.5000   37.5000    7.5000 2702.4417   14.5647
    0.0000   37.5000    7.5000 2726.2192   14.3865
    7.5000   37.5000    7.5000 2703.9087   14.5845
   -7.5000   45.0000    7.5000 2572.3430   15.9837
    0.0000   45.0000    7.5000 2594.8589   15.7874
    7.5000   45.0000    7.5000 2570.4849   15.9733
   -7.5000  -45.0000   15.0000 2328.9734   18.4601
    0.0000  -45.0000   15.0000 2343.1975   18.3117
    7.5000  -45.0000   15.0000 2319.7646   18.7443
   -7.5000  -37.5000   15.0000 2453.4333   16.4470
    0.0000  -37.5000   15.0000 2462.0549   16.2970
    7.5000  -37.5000   15.0000 2439.4658   16.7079
   -7.5000  -30.0000   15.0000 2559.5525   14.8568
    0.0000  -30.0000   15.0000 2572.9988   14.6707
    7.5000  -30.0000   15.0000 2553.1008   15.0420
   -7.5000  -22.5000   15.0000 2672.2661   13.5607
    0.0000  -22.5000   15.0000 2692.6584   13.3777
    7.5000  -22.5000   15.0000 2675.2646   13.7088
   -7.5000  -15.0000   15.0000 2778.0256   12.6046
    0.0000  -15.0000   15.0000 2803.4902   12.3947
    7.5000  -15.0000   15.0000 2781.6619   12.7315
   -7.5000   -7.5000   15.0000 2877.2844   11.9958
    0.0000   -7.5000   15.0000 2909.3184   11.7609
    7.5000   -7.5000   15.0000 2880.0564   12.0995
   -7.5000    0.0000   15.0000 2963.5105   11.7571
    0.0000    0.0000   15.0000 3001.2114   11.5291
    7.5000    0.0000   15.0000 2961.5435   11.8623
   -7.5000    7.5000   15.0000 3005.3538   11.8090
    0.0000    7.5000   15.0000 3042.8750   11.5561
    7.5000    7.5000   15.0000 2993.5718   11.8781
   -7.5000   15.0000   15.0000 2987.9849   12.1139
    0.0000   15.0000   15.0000 3015.0569   11.8553
    7.5000   15.0000   15.0000 2971.6340   12.1290
   -7.5000   22.5000   15.0000 2910.0334   12.6151
    0.0000   22.5000   15.0000 2933.6479   12.3774
    7.5000   22.5000   15.0000 2903.0564   12.5988
   -7.5000   30.0000   15.0000 2809.2708   13.3902
    0.0000   30.0000   15.0000 2834.0205   13.1594
    7.5000   30.0000   15.0000 2811.1250   13.3529
   -7.5000   37.5000   15.0000 2694.5276   14.4863
    0.0000   37.5000   15.0000 2717.2793   14.2955
    7.5000   37.5000   15.0000 2697.9663   14.4615
   -7.5000   45.0000   15.0000 2567.1240   15.8866
    0.0000   45.0000   15.0000 2588.3193   15.7166
    7.5000   45.0000   15.0000 2563.3416   15.8437
   -7.5000  -45.0000   22.5000 2313.9851   18.7595
    0.0000  -45.0000   22.5000 2327.5955   18.6034
    7.5000  -45.0000   22.5000 2303.4824   19.0774
   -7.5000  -37.5000   22.5000 2430.6616   16.6667
    0.0000  -37.5000   22.5000 2440.9045   16.4833
    7.5000  -37.5000   22.5000 2420.3872   16.9523
   -7.5000  -30.0000   22.5000 2535.0862   15.0504
    0.0000  -30.0000   22.5000 2548.9390   14.8491
    7.5000  -30.0000   22.5000 2532.9421   15.2780
   -7.5000  -22.5000   22.5000 2646.0408   13.7930
    0.0000  -22.5000   22.5000 2663.2046   13.5871
    7.5000  -22.5000   22.5000 2651.7739   13.9743
   -7.5000  -15.0000   22.5000 2749.6736   12.8466
    0.0000  -15.0000   22.5000 2771.8425   12.6256
    7.5000  -15.0000   22.5000 2756.0442   12.9970
   -7.5000   -7.5000   22.5000 2854.5669   12.2768
    0.0000   -7.5000   22.5000 2886.2324   12.0808
    7.5000   -7.5000   22.5000 2857.8242   12.3854
   -7.5000    0.0000   22.5000 2934.2839   12.0344
    0.0000    0.0000   22.5000 2975.8855   11.8603
    7.5000    0.0000   22.5000 2929.8408   12.1042
   -7.5000    7.5000   22.5000 2979.6660   12.0516
    0.0000    7.5000   22.5000 3012.4734   11.8774
    7.5000    7.5000   22.5000 2965.9971   12.0984
   -7.5000   15.0000   22.5000 2950.7480   12.3326
    0.0000   15.0000   22.5000 2980.5798   12.1973
    7.5000   15.0000   22.5000 2941.7173   12.3222
   -7.5000   22.5000   22.5000 2878.7483   12.8475
    0.0000   22.5000   22.5000 2904.8630   12.7246
    7.5000   22.5000   22.5000 2873.4944   12.8170
   -7.5000   30.0000   22.5000 2779.5886   13.5991
    0.0000   30.0000   22.5000 2804.4802   13.4588
    7.5000   30.0000   22.5000 2779.9780   13.5676
   -7.5000   37.5000   22.5000 2668.7852   14.6436
    0.0000   37.5000   22.5000 2691.4634   14.4883
    7.5000   37.5000   22.5000 2671.8621   14.6023
   -7.5000   45.0000   22.5000 2540.8059   16.0126
    0.0000   45.0000   22.5000 2561.0652   15.8519
    7.5000   45.0000   22.5000 2542.3167   15.9588
   -7.5000  -45.0000   30.0000 2278.0730   19.2949
    0.0000  -45.0000   30.0000 2292.9829   19.1380
    7.5000  -45.0000   30.0000 2274.7754   19.6246
   -7.5000  -37.5000   30.0000 2399.1443   17.1947
    0.0000  -37.5000   30.0000 2410.9197   17.0265
    7.5000  -37.5000   30.0000 2394.5007   17.4561
   -7.5000  -30.0000   30.0000 2507.5850   15.6005
    0.0000  -30.0000   30.0000 2524.0645   15.4465
    7.5000  -30.0000   30.0000 2505.2107   15.7921
   -7.5000  -22.5000   30.0000 2620.5811   14.3613
    0.0000  -22.5000   30.0000 2638.0325   14.2136
    7.5000  -22.5000   30.0000 2614.5425   14.5206
   -7.5000  -15.0000   30.0000 2718.7766   13.4460
    0.0000  -15.0000   30.0000 2738.2009   13.2842
    7.5000  -15.0000   30.0000 2710.7627   13.5694
   -7.5000   -7.5000   30.0000 2810.7476   12.8760
    0.0000   -7.5000   30.0000 2833.8167   12.6947
    7.5000   -7.5000   30.0000 2805.9482   12.9495
   -7.5000    0.0000   30.0000 2871.7671   12.5403
    0.0000    0.0000   30.0000 2902.5815   12.3300
    7.5000    0.0000   30.0000 2868.5447   12.6124
   -7.5000    7.5000   30.0000 2913.5029   12.4878
    0.0000    7.5000   30.0000 2937.7781   12.3309
    7.5000    7.5000   30.0000 2905.5562   12.5435
   -7.5000   15.0000   30.0000 2881.4807   12.8197
    0.0000   15.0000   30.0000 2912.4109   12.6525
    7.5000   15.0000   30.0000 2881.6387   12.8290
   -7.5000   22.5000   30.0000 2817.0127   13.3335
    0.0000   22.5000   30.0000 2844.0212   13.1854
    7.5000   22.5000   30.0000 2816.6458   13.3375
   -7.5000   30.0000   30.0000 2722.1052   14.0929
    0.0000   30.0000   30.0000 2745.7192   13.9217
    7.5000   30.0000   30.0000 2728.0024   14.0511
   -7.5000   37.5000   30.0000 2617.4277   15.1120
    0.0000   37.5000   30.0000 2640.7402   14.9468
    7.5000   37.5000   30.0000 2623.1567   15.0458
   -7.5000   45.0000   30.0000 2496.5439   16.4310
    0.0000   45.0000   30.0000 2517.9502   16.2684
    7.5000   45.0000   30.0000 2500.2371   16.3476
   -7.5000  -45.0000   37.5000 2232.7971   20.2116
    0.0000  -45.0000   37.5000 2241.9033   20.0883
    7.5000  -45.0000   37.5000 2227.1433   20.4569
   -7.5000  -37.5000   37.5000 2361.3010   18.0766
    0.0000  -37.5000   37.5000 2369.6907   17.9836
    7.5000  -37.5000   37.5000 2344.8530   18.2942
   -7.5000  -30.0000   37.5000 2470.7090   16.4778
    0.0000  -30.0000   37.5000 2487.1118   16.3781
    7.5000  -30.0000   37.5000 2459.2153   16.6500
   -7.5000  -22.5000   37.5000 2579.7834   15.2030
    0.0000  -22.5000   37.5000 2595.7732   15.0765
    7.5000  -22.5000   37.5000 2565.7859   15.3542
   -7.5000  -15.0000   37.5000 2674.2896   14.2102
    0.0000  -15.0000   37.5000 2690.0881   14.0724
    7.5000  -15.0000   37.5000 2660.7114   14.3407
   -7.5000   -7.5000   37.5000 2751.8909   13.5913
    0.0000   -7.5000   37.5000 2772.6875   13.3928
    7.5000   -7.5000   37.5000 2742.6609   13.6652
   -7.5000    0.0000   37.5000 2798.4346   13.2058
    0.0000    0.0000   37.5000 2821.6741   13.0265
    7.5000    0.0000   37.5000 2792.0811   13.2562
   -7.5000    7.5000   37.5000 2824.3552   13.1641
    0.0000    7.5000   37.5000 2843.8037   13.0046
    7.5000    7.5000   37.5000 2820.6582   13.1946
   -7.5000   15.0000   37.5000 2794.2805   13.5061
    0.0000   15.0000   37.5000 2818.7432   13.3385
    7.5000   15.0000   37.5000 2797.6218   13.5300
   -7.5000   22.5000   37.5000 2731.5918   14.0156
    0.0000   22.5000   37.5000 2753.5276   13.8665
    7.5000   22.5000   37.5000 2733.9241   14.0314
   -7.5000   30.0000   37.5000 2645.2512   14.7693
    0.0000   30.0000   37.5000 2667.1255   14.6068
    7.5000   30.0000   37.5000 2650.8528   14.7475
   -7.5000   37.5000   37.5000 2547.4814   15.7819
    0.0000   37.5000   37.5000 2569.0476   15.6309
    7.5000   37.5000   37.5000 2551.9497   15.7558
   -7.5000   45.0000   37.5000 2434.8799   17.1026
    0.0000   45.0000   37.5000 2452.8965   16.9392
    7.5000   45.0000   37.5000 2437.9207   17.0341
   -7.5000  -45.0000   45.0000 2177.2917   21.5110
    0.0000  -45.0000   45.0000 2179.3479   21.3705
    7.5000  -45.0000   45.0000 2164.0842   21.7108
   -7.5000  -37.5000   45.0000 2303.5615   19.2766
    0.0000  -37.5000   45.0000 2310.2122   19.1564
    7.5000  -37.5000   45.0000 2284.2070   19.4382
   -7.5000  -30.0000   45.0000 2416.2214   17.5303
    0.0000  -30.0000   45.0000 2428.4895   17.4168
    7.5000  -30.0000   45.0000 2396.3303   17.6520
   -7.5000  -22.5000   45.0000 2519.1892   16.1646
    0.0000  -22.5000   45.0000 2535.9236   16.0594
    7.5000  -22.5000   45.0000 2502.2844   16.2799
   -7.5000  -15.0000   45.0000 2608.7349   15.1569
    0.0000  -15.0000   45.0000 2625.2305   15.0196
    7.5000  -15.0000   45.0000 2595.0520   15.2486
   -7.5000   -7.5000   45.0000 2674.7341   14.5165
    0.0000   -7.5000   45.0000 2698.0293   14.3240
    7.5000   -7.5000   45.0000 2666.1924   14.5603
   -7.5000    0.0000   45.0000 2713.8984   14.0912
    0.0000    0.0000   45.0000 2736.9387   13.9507
    7.5000    0.0000   45.0000 2708.7095   14.1221
   -7.5000    7.5000   45.0000 2721.8037   14.0649
    0.0000    7.5000   45.0000 2741.4702   13.9271
    7.5000    7.5000   45.0000 2722.9124   14.0941
   -7.5000   15.0000   45.0000 2689.1687   14.3668
    0.0000   15.0000   45.0000 2711.6069   14.2309
    7.5000   15.0000   45.0000 2696.5771   14.3881
   -7.5000   22.5000   45.0000 2634.8970   14.8700
    0.0000   22.5000   45.0000 2653.9478   14.7308
    7.5000   22.5000   45.0000 2643.7275   14.8827
   -7.5000   30.0000   45.0000 2563.5815   15.6058
    0.0000   30.0000   45.0000 2582.4692   15.4550
    7.5000   30.0000   45.0000 2567.2263   15.5922
   -7.5000   37.5000   45.0000 2471.8684   16.6421
    0.0000   37.5000   45.0000 2489.5413   16.4796
    7.5000   37.5000   45.0000 2474.7754   16.6180
   -7.5000   45.0000   45.0000 2364.4812   17.9701
    0.0000   45.0000   45.0000 2381.5730   17.8183
    7.5000   45.0000   45.0000 2367.1172   17.9130

---------------------------------------------------------------------
imgreg_4dfp /opt/freesurfer/average/711-2C_as_mni_average_305 /opt/freesurfer/average/711-2B_as_mni_average_305_mask talsrcimg_g11 none talsrcimg_to_711-2C_as_mni_average_305_t4 1283
---------------------------------------------------------------------

freesurfer imgreg_4dfp.c
/opt/freesurfer/average/711-2C_as_mni_average_305.4dfp.img
       256       256       256         1
  1.000000  1.000000  1.000000
orientation T byte_order littleendian
Reading image: /opt/freesurfer/average/711-2C_as_mni_average_305.4dfp.img
dimensions:      256       256       256
mmppix:       1.0000   -1.0000   -1.0000
center:     128.0000 -129.0000 -129.0000
/opt/freesurfer/average/711-2B_as_mni_average_305_mask.4dfp.img
       256       256       256         1
  1.000000  1.000000  1.000000
orientation T byte_order littleendian
Reading mask: /opt/freesurfer/average/711-2B_as_mni_average_305_mask.4dfp.img (2306576 pixels)
talsrcimg_g11.4dfp.img
       256       256       256         1
  1.000000  1.000000  1.000000
orientation T byte_order littleendian
Reading image: talsrcimg_g11.4dfp.img
dimensions:      256       256       256
mmppix:       1.0000   -1.0000   -1.0000
center:     128.0000 -129.0000 -129.0000
rotation matrix determinant  1.000000
fimgreg.f
image alignment mode   1283 decimal      503 hex
parameters
    0.0000    7.5000   15.0000    0.0000    0.0000    0.0000
eta,q 0.95537 11.57867
niter,ni,del,rscale     5    3   12.0000    1.2000
parameter  4  0.531325 ->  0.500000 qaram    1.1500
parameters
    0.1502    8.6613   14.5834   -3.4500    2.6479   -1.3449
eta,q 0.95470 11.46817
  0.0590  0.0569  0.0537  0.0467  0.0536  0.0468
  0.0541  0.0519  0.0500  0.0463  0.0504  0.0459
  0.0495  0.0487  0.0478  0.0465  0.0476  0.0454
  0.0473  0.0471  0.0472  0.0470  0.0463  0.0453
  0.0481  0.0476  0.0478  0.0482  0.0455  0.0460
  0.0520  0.0488  0.0513  0.0499  0.0452  0.0476
  0.0590  0.0512  0.0563  0.0528  0.0467  0.0493
niter,ni,del,rscale     5    3   12.0000    1.2000
parameters
   -1.1895    9.8678   13.6201   -5.8683    4.6261   -2.5264
eta,q 0.95759 11.42118
  0.0521  0.0528  0.0488  0.0450  0.0510  0.0443
  0.0470  0.0490  0.0455  0.0437  0.0474  0.0432
  0.0442  0.0460  0.0439  0.0429  0.0447  0.0426
  0.0453  0.0441  0.0434  0.0435  0.0429  0.0422
  0.0492  0.0434  0.0449  0.0454  0.0422  0.0429
  0.0547  0.0453  0.0489  0.0474  0.0427  0.0450
  0.0605  0.0481  0.0540  0.0494  0.0448  0.0476
niter,ni,del,rscale     4    3   12.0000    1.2000
parameters
   -1.7584   10.7476   12.9632   -6.4868    5.2266   -2.8297
eta,q 0.95847 11.43521
  0.0529  0.0518  0.0476  0.0464  0.0476  0.0445
  0.0462  0.0472  0.0435  0.0429  0.0442  0.0429
  0.0426  0.0444  0.0414  0.0420  0.0422  0.0420
  0.0424  0.0422  0.0418  0.0414  0.0415  0.0415
  0.0449  0.0422  0.0434  0.0427  0.0415  0.0415
  0.0504  0.0447  0.0460  0.0453  0.0428  0.0430
  0.0567  0.0475  0.0503  0.0474  0.0456  0.0459
niter,ni,del,rscale     3    3   12.0000    1.2000
parameters
   -1.9325   10.9668   12.7582   -6.6666    5.3936   -2.8772
eta,q 0.95868 11.44119
  0.0538  0.0501  0.0487  0.0475  0.0467  0.0447
  0.0468  0.0458  0.0441  0.0430  0.0436  0.0429
  0.0423  0.0428  0.0414  0.0418  0.0419  0.0419
  0.0415  0.0415  0.0414  0.0413  0.0414  0.0413
  0.0434  0.0424  0.0429  0.0423  0.0415  0.0413
  0.0481  0.0451  0.0452  0.0449  0.0431  0.0426
  0.0549  0.0489  0.0491  0.0471  0.0462  0.0453
niter,ni,del,rscale     2    3   12.0000    1.2000
parameters
   -1.9858   11.0164   12.6980   -6.7164    5.4496   -2.8870
eta,q 0.95873 11.44273
  0.0542  0.0497  0.0491  0.0479  0.0465  0.0447
  0.0472  0.0453  0.0443  0.0431  0.0434  0.0429
  0.0423  0.0424  0.0415  0.0418  0.0418  0.0419
  0.0413  0.0413  0.0413  0.0413  0.0413  0.0413
  0.0431  0.0424  0.0428  0.0422  0.0415  0.0413
  0.0475  0.0453  0.0449  0.0447  0.0432  0.0425
  0.0544  0.0493  0.0487  0.0469  0.0464  0.0452
niter,ni,del,rscale     1    3   12.0000    1.2000
parameters
   -2.0027   11.0265   12.6783   -6.7317    5.4666   -2.8908
eta,q 0.95874 11.44306
  0.0543  0.0496  0.0492  0.0480  0.0464  0.0447
  0.0473  0.0452  0.0444  0.0432  0.0434  0.0429
  0.0424  0.0423  0.0415  0.0418  0.0418  0.0418
  0.0413  0.0413  0.0413  0.0413  0.0413  0.0413
  0.0430  0.0424  0.0427  0.0421  0.0415  0.0413
  0.0474  0.0453  0.0449  0.0447  0.0433  0.0425
  0.0543  0.0494  0.0486  0.0469  0.0465  0.0452
registration optimization eta report
parameter search radius
    6.0000    6.0000    6.0000    6.9000    6.0000    6.0000
100000*second partial in parameter space
       36.       22.       21.       13.       15.       11.
  0.0543  0.0496  0.0492  0.0480  0.0464  0.0447
  0.0473  0.0452  0.0444  0.0432  0.0434  0.0429
  0.0424  0.0423  0.0415  0.0418  0.0418  0.0418
  0.0413  0.0413  0.0413  0.0413  0.0413  0.0413
  0.0430  0.0424  0.0427  0.0421  0.0415  0.0413
  0.0474  0.0453  0.0449  0.0447  0.0433  0.0425
  0.0543  0.0494  0.0486  0.0469  0.0465  0.0452
   -2.0027   11.0265   12.6783   -6.7317    5.4666   -2.8908
eta,q 0.95874 11.44306

---------------------------------------------------------------------
imgreg_4dfp /opt/freesurfer/average/711-2C_as_mni_average_305 /opt/freesurfer/average/711-2B_as_mni_average_305_mask talsrcimg_g11 none talsrcimg_to_711-2C_as_mni_average_305_t4 3335
---------------------------------------------------------------------

freesurfer imgreg_4dfp.c
/opt/freesurfer/average/711-2C_as_mni_average_305.4dfp.img
       256       256       256         1
  1.000000  1.000000  1.000000
orientation T byte_order littleendian
Reading image: /opt/freesurfer/average/711-2C_as_mni_average_305.4dfp.img
dimensions:      256       256       256
mmppix:       1.0000   -1.0000   -1.0000
center:     128.0000 -129.0000 -129.0000
/opt/freesurfer/average/711-2B_as_mni_average_305_mask.4dfp.img
       256       256       256         1
  1.000000  1.000000  1.000000
orientation T byte_order littleendian
Reading mask: /opt/freesurfer/average/711-2B_as_mni_average_305_mask.4dfp.img (2306576 pixels)
talsrcimg_g11.4dfp.img
       256       256       256         1
  1.000000  1.000000  1.000000
orientation T byte_order littleendian
Reading image: talsrcimg_g11.4dfp.img
dimensions:      256       256       256
mmppix:       1.0000   -1.0000   -1.0000
center:     128.0000 -129.0000 -129.0000
fimgreg.f
image alignment mode   3335 decimal      D07 hex
parameters
   -2.0027   11.0265   12.6783   -0.5815   -0.8721   -1.1411
    6.1237   -8.8576   -5.0203   12.1842    9.5265  -11.6687
eta,q 0.96142 11.56082
niter,ni,del,rscale     5    3    5.0000    1.2000
parameter  4  1.722860 ->  0.500000 qaram    1.1500
parameter  5  1.413038 ->  0.500000 qaram    1.1500
parameter  6  1.118707 ->  0.500000 qaram    1.1500
parameters
   -1.9475   11.9449   12.4323   -4.7215   -5.0121   -5.2811
    7.2005   -5.7884   -3.0634    9.6468    8.2714  -13.2277
eta,q 0.97473 11.15209
  0.0409  0.0415  0.0395  0.0320  0.0295  0.0264  0.0296  0.0340  0.0285  0.0266  0.0265  0.0261
  0.0397  0.0403  0.0388  0.0332  0.0305  0.0268  0.0283  0.0312  0.0273  0.0257  0.0258  0.0255
  0.0389  0.0392  0.0384  0.0353  0.0320  0.0281  0.0275  0.0288  0.0264  0.0254  0.0254  0.0253
  0.0386  0.0386  0.0383  0.0383  0.0337  0.0309  0.0270  0.0270  0.0259  0.0257  0.0254  0.0253
  0.0388  0.0383  0.0386  0.0421  0.0360  0.0346  0.0270  0.0259  0.0257  0.0268  0.0258  0.0257
  0.0395  0.0385  0.0392  0.0460  0.0391  0.0388  0.0275  0.0262  0.0260  0.0286  0.0266  0.0263
  0.0407  0.0390  0.0402  0.0501  0.0424  0.0431  0.0284  0.0278  0.0267  0.0311  0.0278  0.0272
niter,ni,del,rscale     7    3    5.0000    1.2000
parameter  4  0.510965 ->  0.500000 qaram    1.3225
parameters
   -2.0841   11.5308   11.7523   -9.4825   -8.4744   -8.4830
    6.6018   -6.0037   -2.5750   10.3625    9.0795  -13.2172
eta,q 0.97644 10.73387
  0.0280  0.0266  0.0260  0.0249  0.0246  0.0242  0.0253  0.0266  0.0254  0.0259  0.0244  0.0246
  0.0264  0.0257  0.0253  0.0242  0.0238  0.0238  0.0243  0.0248  0.0245  0.0247  0.0240  0.0241
  0.0255  0.0252  0.0250  0.0241  0.0236  0.0237  0.0237  0.0238  0.0239  0.0239  0.0237  0.0237
  0.0253  0.0253  0.0252  0.0250  0.0241  0.0235  0.0237  0.0236  0.0236  0.0236  0.0236  0.0236
  0.0258  0.0257  0.0258  0.0272  0.0253  0.0247  0.0240  0.0240  0.0237  0.0236  0.0236  0.0237
  0.0269  0.0266  0.0267  0.0307  0.0268  0.0280  0.0248  0.0251  0.0242  0.0241  0.0238  0.0240
  0.0287  0.0279  0.0279  0.0349  0.0293  0.0328  0.0258  0.0269  0.0250  0.0251  0.0242  0.0246
niter,ni,del,rscale     7    3    5.0000    1.2000
parameters
   -1.7806   11.4189   11.1457   -9.7683   -8.5240   -9.9294
    6.4358   -5.8057   -2.5741    9.9632    9.0859  -14.0140
eta,q 0.97653 10.63795
  0.0264  0.0253  0.0240  0.0261  0.0261  0.0250  0.0254  0.0268  0.0249  0.0252  0.0242  0.0243
  0.0250  0.0242  0.0236  0.0249  0.0248  0.0240  0.0243  0.0249  0.0242  0.0241  0.0238  0.0238
  0.0240  0.0236  0.0234  0.0241  0.0239  0.0236  0.0237  0.0238  0.0237  0.0236  0.0236  0.0235
  0.0236  0.0235  0.0235  0.0234  0.0235  0.0235  0.0235  0.0235  0.0235  0.0235  0.0235  0.0235
  0.0236  0.0238  0.0238  0.0233  0.0238  0.0234  0.0238  0.0238  0.0236  0.0238  0.0235  0.0237
  0.0241  0.0245  0.0243  0.0245  0.0249  0.0247  0.0245  0.0247  0.0241  0.0245  0.0238  0.0241
  0.0253  0.0255  0.0251  0.0273  0.0262  0.0281  0.0255  0.0264  0.0250  0.0256  0.0242  0.0247
niter,ni,del,rscale     6    3    5.0000    1.2000
parameters
   -1.6889   11.5315   10.9713   -9.9264   -8.6701  -10.0303
    6.4010   -5.7840   -2.5759   10.1791    8.9581  -14.3948
eta,q 0.97652 10.62194
  0.0259  0.0256  0.0244  0.0259  0.0259  0.0254  0.0254  0.0266  0.0249  0.0255  0.0242  0.0244
  0.0247  0.0244  0.0239  0.0248  0.0247  0.0243  0.0243  0.0248  0.0241  0.0243  0.0238  0.0239
  0.0238  0.0237  0.0235  0.0240  0.0238  0.0236  0.0237  0.0237  0.0237  0.0237  0.0236  0.0236
  0.0235  0.0235  0.0235  0.0235  0.0235  0.0235  0.0235  0.0235  0.0235  0.0235  0.0235  0.0235
  0.0236  0.0237  0.0237  0.0234  0.0238  0.0235  0.0237  0.0238  0.0236  0.0236  0.0236  0.0236
  0.0243  0.0242  0.0241  0.0243  0.0248  0.0238  0.0244  0.0248  0.0241  0.0242  0.0238  0.0240
  0.0256  0.0251  0.0247  0.0268  0.0261  0.0260  0.0254  0.0265  0.0249  0.0252  0.0243  0.0246
niter,ni,del,rscale     5    3    5.0000    1.2000
parameters
   -1.6720   11.6060   10.9255   -9.9144   -8.7189  -10.0268
    6.3993   -5.7609   -2.5324   10.3051    8.8864  -14.5322
eta,q 0.97652 10.62223
  0.0258  0.0255  0.0246  0.0260  0.0259  0.0255  0.0255  0.0266  0.0249  0.0254  0.0242  0.0245
  0.0246  0.0243  0.0240  0.0248  0.0247  0.0243  0.0243  0.0248  0.0241  0.0243  0.0238  0.0239
  0.0238  0.0237  0.0236  0.0240  0.0238  0.0236  0.0237  0.0237  0.0237  0.0237  0.0236  0.0236
  0.0235  0.0235  0.0235  0.0235  0.0235  0.0235  0.0235  0.0235  0.0235  0.0235  0.0235  0.0235
  0.0237  0.0237  0.0236  0.0234  0.0238  0.0235  0.0237  0.0238  0.0236  0.0237  0.0236  0.0236
  0.0245  0.0243  0.0240  0.0242  0.0248  0.0237  0.0244  0.0248  0.0241  0.0242  0.0238  0.0240
  0.0258  0.0251  0.0246  0.0266  0.0261  0.0259  0.0254  0.0265  0.0249  0.0252  0.0243  0.0246
niter,ni,del,rscale     4    3    5.0000    1.2000
parameters
   -1.6693   11.6317   10.8999   -9.9024   -8.7377  -10.0442
    6.3954   -5.7559   -2.5045   10.3436    8.8640  -14.5972
eta,q 0.97652 10.62168
  0.0257  0.0254  0.0246  0.0260  0.0260  0.0255  0.0255  0.0266  0.0249  0.0253  0.0242  0.0245
  0.0246  0.0243  0.0240  0.0248  0.0248  0.0243  0.0244  0.0248  0.0241  0.0242  0.0238  0.0240
  0.0238  0.0236  0.0236  0.0240  0.0239  0.0236  0.0237  0.0237  0.0237  0.0236  0.0236  0.0236
  0.0235  0.0235  0.0235  0.0235  0.0235  0.0235  0.0235  0.0235  0.0235  0.0235  0.0235  0.0235
  0.0237  0.0237  0.0236  0.0234  0.0238  0.0235  0.0237  0.0238  0.0236  0.0237  0.0236  0.0236
  0.0245  0.0243  0.0240  0.0242  0.0248  0.0237  0.0244  0.0248  0.0241  0.0243  0.0238  0.0240
  0.0258  0.0252  0.0246  0.0266  0.0260  0.0259  0.0254  0.0265  0.0249  0.0252  0.0242  0.0245
niter,ni,del,rscale     3    3    5.0000    1.2000
parameters
   -1.6698   11.6455   10.8889   -9.9046   -8.7461  -10.0448
    6.3935   -5.7515   -2.4949   10.3681    8.8517  -14.6183
eta,q 0.97651 10.62152
  0.0257  0.0254  0.0246  0.0260  0.0260  0.0255  0.0255  0.0266  0.0249  0.0253  0.0242  0.0245
  0.0245  0.0242  0.0240  0.0248  0.0248  0.0243  0.0244  0.0248  0.0241  0.0242  0.0238  0.0240
  0.0238  0.0236  0.0236  0.0240  0.0239  0.0236  0.0237  0.0237  0.0237  0.0236  0.0236  0.0236
  0.0235  0.0235  0.0235  0.0235  0.0235  0.0235  0.0235  0.0235  0.0235  0.0235  0.0235  0.0235
  0.0237  0.0237  0.0236  0.0234  0.0238  0.0235  0.0237  0.0238  0.0236  0.0237  0.0236  0.0236
  0.0245  0.0243  0.0240  0.0242  0.0247  0.0237  0.0244  0.0248  0.0241  0.0243  0.0238  0.0240
  0.0258  0.0252  0.0246  0.0266  0.0260  0.0259  0.0254  0.0265  0.0249  0.0252  0.0242  0.0245
registration optimization eta report
parameter search radius
    2.4000    2.4000    2.4000    9.5220    8.2800    8.2800
    7.2000    7.2000    7.2000    7.2000    7.2000    7.2000
100000*second partial in parameter space
       40.       31.       19.        3.        4.        3.
        4.        6.        3.        3.        1.        2.
  0.0257  0.0254  0.0246  0.0260  0.0260  0.0255  0.0255  0.0266  0.0249  0.0253  0.0242  0.0245
  0.0245  0.0242  0.0240  0.0248  0.0248  0.0243  0.0244  0.0248  0.0241  0.0242  0.0238  0.0240
  0.0238  0.0236  0.0236  0.0240  0.0239  0.0236  0.0237  0.0237  0.0237  0.0236  0.0236  0.0236
  0.0235  0.0235  0.0235  0.0235  0.0235  0.0235  0.0235  0.0235  0.0235  0.0235  0.0235  0.0235
  0.0237  0.0237  0.0236  0.0234  0.0238  0.0235  0.0237  0.0238  0.0236  0.0237  0.0236  0.0236
  0.0245  0.0243  0.0240  0.0242  0.0247  0.0237  0.0244  0.0248  0.0241  0.0243  0.0238  0.0240
  0.0258  0.0252  0.0246  0.0266  0.0260  0.0259  0.0254  0.0265  0.0249  0.0252  0.0242  0.0245
   -1.6698   11.6455   10.8889   -9.9046   -8.7461  -10.0448
    6.3935   -5.7515   -2.4949   10.3681    8.8517  -14.6183
eta,q 0.97651 10.62152

---------------------------------------------------------------------
imgreg_4dfp /opt/freesurfer/average/711-2C_as_mni_average_305 /opt/freesurfer/average/711-2B_as_mni_average_305_mask talsrcimg_g11 none talsrcimg_to_711-2C_as_mni_average_305_t4 2311
---------------------------------------------------------------------

freesurfer imgreg_4dfp.c
/opt/freesurfer/average/711-2C_as_mni_average_305.4dfp.img
       256       256       256         1
  1.000000  1.000000  1.000000
orientation T byte_order littleendian
Reading image: /opt/freesurfer/average/711-2C_as_mni_average_305.4dfp.img
dimensions:      256       256       256
mmppix:       1.0000   -1.0000   -1.0000
center:     128.0000 -129.0000 -129.0000
/opt/freesurfer/average/711-2B_as_mni_average_305_mask.4dfp.img
       256       256       256         1
  1.000000  1.000000  1.000000
orientation T byte_order littleendian
Reading mask: /opt/freesurfer/average/711-2B_as_mni_average_305_mask.4dfp.img (2306576 pixels)
talsrcimg_g11.4dfp.img
       256       256       256         1
  1.000000  1.000000  1.000000
orientation T byte_order littleendian
Reading image: talsrcimg_g11.4dfp.img
dimensions:      256       256       256
mmppix:       1.0000   -1.0000   -1.0000
center:     128.0000 -129.0000 -129.0000
fimgreg.f
image alignment mode   2311 decimal      907 hex
parameters
   -1.6698   11.6455   10.8889   -9.9046   -8.7461  -10.0448
    6.3935   -5.7515   -2.4949   10.3681    8.8517  -14.6183
eta,q 0.97651 10.62151
niter,ni,del,rscale     5    3    5.0000    0.8000
parameters
   -1.6336   11.5837   10.8841   -8.1056   -8.7855   -8.3324
    6.6253   -5.5411   -2.0681   11.2849    9.5278  -14.0320
eta,q 0.97679 10.80180
  0.0245  0.0242  0.0240  0.0244  0.0243  0.0241  0.0244  0.0252  0.0241  0.0244  0.0239  0.0239
  0.0240  0.0238  0.0237  0.0240  0.0238  0.0237  0.0238  0.0242  0.0237  0.0239  0.0236  0.0236
  0.0236  0.0235  0.0235  0.0237  0.0235  0.0234  0.0235  0.0236  0.0234  0.0235  0.0234  0.0233
  0.0235  0.0235  0.0235  0.0235  0.0233  0.0233  0.0233  0.0233  0.0233  0.0233  0.0232  0.0232
  0.0236  0.0236  0.0235  0.0233  0.0234  0.0233  0.0234  0.0235  0.0233  0.0232  0.0232  0.0232
  0.0239  0.0239  0.0237  0.0234  0.0238  0.0233  0.0237  0.0240  0.0235  0.0234  0.0234  0.0234
  0.0245  0.0243  0.0240  0.0237  0.0244  0.0234  0.0242  0.0249  0.0239  0.0238  0.0236  0.0236
niter,ni,del,rscale     4    3    5.0000    0.7000
parameters
   -1.7722   11.4676   10.9391   -8.0210   -8.6469   -8.5014
    6.5095   -5.6361   -2.1670   11.0752    9.7000  -13.7679
eta,q 0.97680 10.80236
  0.0240  0.0238  0.0237  0.0240  0.0242  0.0237  0.0239  0.0246  0.0237  0.0238  0.0236  0.0237
  0.0235  0.0234  0.0234  0.0237  0.0237  0.0235  0.0235  0.0238  0.0234  0.0235  0.0234  0.0234
  0.0233  0.0232  0.0233  0.0234  0.0233  0.0233  0.0233  0.0234  0.0232  0.0233  0.0233  0.0233
  0.0232  0.0232  0.0232  0.0232  0.0232  0.0232  0.0232  0.0232  0.0232  0.0232  0.0232  0.0232
  0.0234  0.0233  0.0232  0.0232  0.0233  0.0231  0.0233  0.0234  0.0233  0.0233  0.0232  0.0232
  0.0238  0.0236  0.0234  0.0235  0.0236  0.0233  0.0236  0.0239  0.0234  0.0235  0.0234  0.0233
  0.0243  0.0239  0.0236  0.0241  0.0241  0.0240  0.0240  0.0247  0.0237  0.0240  0.0236  0.0236
niter,ni,del,rscale     3    3    5.0000    0.6000
parameters
   -1.7843   11.4043   10.9494   -7.8819   -8.5679   -8.1994
    6.5206   -5.6808   -2.1962   11.1141    9.7539  -13.6807
eta,q 0.97684 10.82560
  0.0239  0.0236  0.0235  0.0238  0.0239  0.0236  0.0237  0.0243  0.0235  0.0237  0.0235  0.0235
  0.0235  0.0234  0.0233  0.0236  0.0236  0.0234  0.0234  0.0237  0.0233  0.0235  0.0233  0.0233
  0.0233  0.0232  0.0232  0.0233  0.0233  0.0233  0.0232  0.0233  0.0232  0.0233  0.0232  0.0232
  0.0232  0.0232  0.0232  0.0232  0.0232  0.0232  0.0232  0.0232  0.0232  0.0232  0.0232  0.0232
  0.0233  0.0233  0.0232  0.0232  0.0232  0.0231  0.0232  0.0233  0.0232  0.0232  0.0232  0.0232
  0.0235  0.0235  0.0233  0.0234  0.0235  0.0232  0.0234  0.0237  0.0233  0.0234  0.0233  0.0233
  0.0239  0.0237  0.0235  0.0238  0.0239  0.0236  0.0237  0.0243  0.0236  0.0237  0.0235  0.0235
niter,ni,del,rscale     2    3    5.0000    0.5000
parameters
   -1.7954   11.3791   11.0089   -7.7965   -8.5454   -7.9080
    6.5193   -5.7251   -2.2126   11.1912    9.7340  -13.6616
eta,q 0.97686 10.84393
  0.0236  0.0235  0.0234  0.0236  0.0237  0.0235  0.0235  0.0240  0.0234  0.0236  0.0234  0.0234
  0.0234  0.0233  0.0233  0.0234  0.0234  0.0233  0.0233  0.0235  0.0233  0.0234  0.0233  0.0233
  0.0232  0.0232  0.0232  0.0233  0.0232  0.0232  0.0232  0.0232  0.0232  0.0232  0.0232  0.0232
  0.0232  0.0232  0.0232  0.0232  0.0232  0.0232  0.0231  0.0231  0.0231  0.0231  0.0231  0.0231
  0.0232  0.0232  0.0232  0.0232  0.0232  0.0231  0.0232  0.0233  0.0232  0.0232  0.0232  0.0232
  0.0234  0.0233  0.0232  0.0233  0.0234  0.0232  0.0233  0.0235  0.0233  0.0233  0.0233  0.0232
  0.0237  0.0235  0.0234  0.0236  0.0237  0.0234  0.0235  0.0240  0.0234  0.0236  0.0234  0.0234
niter,ni,del,rscale     1    3    5.0000    0.4000
parameters
   -1.8111   11.3723   11.0686   -7.7344   -8.5539   -7.5728
    6.5256   -5.7738   -2.1966   11.2731    9.6676  -13.6834
eta,q 0.97687 10.86156
  0.0235  0.0234  0.0233  0.0235  0.0235  0.0234  0.0234  0.0237  0.0233  0.0234  0.0233  0.0233
  0.0233  0.0232  0.0232  0.0233  0.0233  0.0233  0.0232  0.0234  0.0232  0.0233  0.0232  0.0232
  0.0232  0.0232  0.0232  0.0232  0.0232  0.0232  0.0232  0.0232  0.0231  0.0232  0.0231  0.0231
  0.0231  0.0231  0.0231  0.0231  0.0231  0.0231  0.0231  0.0231  0.0231  0.0231  0.0231  0.0231
  0.0232  0.0232  0.0232  0.0232  0.0232  0.0231  0.0232  0.0232  0.0231  0.0231  0.0231  0.0231
  0.0233  0.0232  0.0232  0.0233  0.0233  0.0232  0.0232  0.0234  0.0232  0.0232  0.0232  0.0232
  0.0235  0.0234  0.0233  0.0235  0.0235  0.0233  0.0234  0.0237  0.0233  0.0234  0.0233  0.0233
registration optimization eta report
parameter search radius
    0.8000    0.8000    0.8000    2.4000    2.4000    2.4000
    2.4000    2.4000    2.4000    2.4000    2.4000    2.4000
100000*second partial in parameter space
       50.       36.       23.        6.        6.        3.
        4.       10.        3.        5.        3.        3.
  0.0235  0.0234  0.0233  0.0235  0.0235  0.0234  0.0234  0.0237  0.0233  0.0234  0.0233  0.0233
  0.0233  0.0232  0.0232  0.0233  0.0233  0.0233  0.0232  0.0234  0.0232  0.0233  0.0232  0.0232
  0.0232  0.0232  0.0232  0.0232  0.0232  0.0232  0.0232  0.0232  0.0231  0.0232  0.0231  0.0231
  0.0231  0.0231  0.0231  0.0231  0.0231  0.0231  0.0231  0.0231  0.0231  0.0231  0.0231  0.0231
  0.0232  0.0232  0.0232  0.0232  0.0232  0.0231  0.0232  0.0232  0.0231  0.0231  0.0231  0.0231
  0.0233  0.0232  0.0232  0.0233  0.0233  0.0232  0.0232  0.0234  0.0232  0.0232  0.0232  0.0232
  0.0235  0.0234  0.0233  0.0235  0.0235  0.0233  0.0234  0.0237  0.0233  0.0234  0.0233  0.0233
   -1.8111   11.3723   11.0686   -7.7344   -8.5539   -7.5728
    6.5256   -5.7738   -2.1966   11.2731    9.6676  -13.6834
eta,q 0.97687 10.86156

---------------------------------------------------------------------
imgreg_4dfp /opt/freesurfer/average/711-2C_as_mni_average_305 /opt/freesurfer/average/711-2B_as_mni_average_305_mask talsrcimg_g11 none talsrcimg_to_711-2C_as_mni_average_305_t4 2311
---------------------------------------------------------------------

freesurfer imgreg_4dfp.c
/opt/freesurfer/average/711-2C_as_mni_average_305.4dfp.img
       256       256       256         1
  1.000000  1.000000  1.000000
orientation T byte_order littleendian
Reading image: /opt/freesurfer/average/711-2C_as_mni_average_305.4dfp.img
dimensions:      256       256       256
mmppix:       1.0000   -1.0000   -1.0000
center:     128.0000 -129.0000 -129.0000
/opt/freesurfer/average/711-2B_as_mni_average_305_mask.4dfp.img
       256       256       256         1
  1.000000  1.000000  1.000000
orientation T byte_order littleendian
Reading mask: /opt/freesurfer/average/711-2B_as_mni_average_305_mask.4dfp.img (2306576 pixels)
talsrcimg_g11.4dfp.img
       256       256       256         1
  1.000000  1.000000  1.000000
orientation T byte_order littleendian
Reading image: talsrcimg_g11.4dfp.img
dimensions:      256       256       256
mmppix:       1.0000   -1.0000   -1.0000
center:     128.0000 -129.0000 -129.0000
fimgreg.f
image alignment mode   2311 decimal      907 hex
parameters
   -1.8111   11.3723   11.0686   -7.7344   -8.5539   -7.5728
    6.5256   -5.7738   -2.1966   11.2731    9.6676  -13.6834
eta,q 0.97687 10.86156
niter,ni,del,rscale     5    3    5.0000    0.8000
parameters
   -1.8433   11.4383   11.1638   -8.2319   -8.6557   -8.4244
    6.5292   -5.7390   -2.2802   10.9082    9.6627  -13.5408
eta,q 0.97678 10.79520
  0.0244  0.0241  0.0238  0.0240  0.0243  0.0238  0.0242  0.0250  0.0239  0.0240  0.0237  0.0238
  0.0237  0.0236  0.0234  0.0236  0.0237  0.0235  0.0237  0.0241  0.0235  0.0236  0.0235  0.0235
  0.0233  0.0232  0.0232  0.0233  0.0233  0.0233  0.0233  0.0234  0.0233  0.0233  0.0233  0.0233
  0.0231  0.0231  0.0231  0.0231  0.0232  0.0232  0.0232  0.0232  0.0232  0.0232  0.0232  0.0232
  0.0233  0.0232  0.0232  0.0233  0.0233  0.0232  0.0233  0.0234  0.0233  0.0233  0.0233  0.0233
  0.0237  0.0235  0.0234  0.0238  0.0238  0.0237  0.0237  0.0240  0.0235  0.0237  0.0234  0.0234
  0.0245  0.0239  0.0237  0.0247  0.0244  0.0251  0.0242  0.0250  0.0239  0.0243  0.0237  0.0237
niter,ni,del,rscale     4    3    5.0000    0.7000
parameters
   -1.8003   11.3782   11.0036   -8.0161   -8.5561   -8.4679
    6.5368   -5.6811   -2.2697   10.9041    9.8005  -13.5892
eta,q 0.97681 10.80604
  0.0242  0.0238  0.0235  0.0240  0.0241  0.0237  0.0240  0.0247  0.0237  0.0239  0.0236  0.0236
  0.0237  0.0235  0.0233  0.0237  0.0237  0.0235  0.0235  0.0239  0.0234  0.0235  0.0234  0.0234
  0.0234  0.0233  0.0232  0.0234  0.0233  0.0233  0.0233  0.0234  0.0233  0.0233  0.0233  0.0232
  0.0232  0.0232  0.0232  0.0232  0.0232  0.0232  0.0232  0.0232  0.0232  0.0232  0.0232  0.0232
  0.0233  0.0233  0.0233  0.0232  0.0233  0.0231  0.0233  0.0233  0.0232  0.0232  0.0232  0.0232
  0.0236  0.0236  0.0235  0.0234  0.0236  0.0233  0.0235  0.0238  0.0234  0.0235  0.0234  0.0234
  0.0241  0.0239  0.0237  0.0240  0.0241  0.0239  0.0240  0.0246  0.0237  0.0240  0.0236  0.0236
niter,ni,del,rscale     3    3    5.0000    0.6000
parameters
   -1.7941   11.3613   10.9813   -7.9010   -8.5263   -8.1857
    6.5400   -5.7019   -2.2509   11.0452    9.7883  -13.6086
eta,q 0.97683 10.82637
  0.0239  0.0237  0.0235  0.0238  0.0239  0.0236  0.0237  0.0243  0.0236  0.0238  0.0235  0.0235
  0.0235  0.0234  0.0233  0.0235  0.0235  0.0234  0.0234  0.0237  0.0233  0.0235  0.0233  0.0233
  0.0233  0.0232  0.0232  0.0233  0.0233  0.0233  0.0232  0.0233  0.0232  0.0233  0.0232  0.0232
  0.0232  0.0232  0.0232  0.0232  0.0232  0.0232  0.0232  0.0232  0.0232  0.0232  0.0232  0.0232
  0.0233  0.0233  0.0232  0.0232  0.0233  0.0231  0.0232  0.0233  0.0232  0.0232  0.0232  0.0232
  0.0235  0.0234  0.0233  0.0234  0.0235  0.0232  0.0234  0.0237  0.0233  0.0234  0.0233  0.0233
  0.0239  0.0237  0.0235  0.0238  0.0239  0.0236  0.0237  0.0243  0.0236  0.0237  0.0235  0.0235
niter,ni,del,rscale     2    3    5.0000    0.5000
parameters
   -1.8009   11.3606   11.0210   -7.8049   -8.5328   -7.9039
    6.5254   -5.7311   -2.2323   11.1547    9.7445  -13.6294
eta,q 0.97685 10.84393
  0.0237  0.0235  0.0234  0.0236  0.0237  0.0235  0.0235  0.0240  0.0234  0.0236  0.0234  0.0234
  0.0234  0.0233  0.0233  0.0234  0.0234  0.0233  0.0233  0.0235  0.0233  0.0234  0.0233  0.0233
  0.0232  0.0232  0.0232  0.0233  0.0232  0.0232  0.0232  0.0232  0.0232  0.0232  0.0232  0.0232
  0.0232  0.0232  0.0232  0.0232  0.0232  0.0232  0.0231  0.0231  0.0231  0.0231  0.0231  0.0231
  0.0232  0.0232  0.0232  0.0232  0.0232  0.0231  0.0232  0.0232  0.0232  0.0232  0.0232  0.0232
  0.0234  0.0233  0.0233  0.0233  0.0234  0.0232  0.0233  0.0235  0.0233  0.0233  0.0233  0.0233
  0.0237  0.0235  0.0234  0.0236  0.0237  0.0234  0.0236  0.0240  0.0234  0.0235  0.0234  0.0234
niter,ni,del,rscale     1    3    5.0000    0.4000
parameters
   -1.8111   11.3614   11.0704   -7.7376   -8.5362   -7.5941
    6.5258   -5.7736   -2.1893   11.2616    9.6776  -13.6674
eta,q 0.97687 10.86095
  0.0235  0.0234  0.0233  0.0235  0.0235  0.0234  0.0234  0.0237  0.0233  0.0234  0.0233  0.0233
  0.0233  0.0232  0.0232  0.0233  0.0233  0.0233  0.0232  0.0234  0.0232  0.0233  0.0232  0.0232
  0.0232  0.0232  0.0232  0.0232  0.0232  0.0232  0.0232  0.0232  0.0231  0.0232  0.0231  0.0231
  0.0231  0.0231  0.0231  0.0231  0.0231  0.0231  0.0231  0.0231  0.0231  0.0231  0.0231  0.0231
  0.0232  0.0232  0.0232  0.0232  0.0232  0.0231  0.0232  0.0232  0.0231  0.0231  0.0231  0.0231
  0.0233  0.0232  0.0232  0.0233  0.0233  0.0232  0.0232  0.0234  0.0232  0.0232  0.0232  0.0232
  0.0235  0.0234  0.0233  0.0235  0.0235  0.0233  0.0234  0.0237  0.0233  0.0234  0.0233  0.0233
registration optimization eta report
parameter search radius
    0.8000    0.8000    0.8000    2.4000    2.4000    2.4000
    2.4000    2.4000    2.4000    2.4000    2.4000    2.4000
100000*second partial in parameter space
       50.       35.       24.        6.        6.        3.
        4.       10.        3.        5.        3.        3.
  0.0235  0.0234  0.0233  0.0235  0.0235  0.0234  0.0234  0.0237  0.0233  0.0234  0.0233  0.0233
  0.0233  0.0232  0.0232  0.0233  0.0233  0.0233  0.0232  0.0234  0.0232  0.0233  0.0232  0.0232
  0.0232  0.0232  0.0232  0.0232  0.0232  0.0232  0.0232  0.0232  0.0231  0.0232  0.0231  0.0231
  0.0231  0.0231  0.0231  0.0231  0.0231  0.0231  0.0231  0.0231  0.0231  0.0231  0.0231  0.0231
  0.0232  0.0232  0.0232  0.0232  0.0232  0.0231  0.0232  0.0232  0.0231  0.0231  0.0231  0.0231
  0.0233  0.0232  0.0232  0.0233  0.0233  0.0232  0.0232  0.0234  0.0232  0.0232  0.0232  0.0232
  0.0235  0.0234  0.0233  0.0235  0.0235  0.0233  0.0234  0.0237  0.0233  0.0234  0.0233  0.0233
   -1.8111   11.3614   11.0704   -7.7376   -8.5362   -7.5941
    6.5258   -5.7736   -2.1893   11.2616    9.6776  -13.6674
eta,q 0.97687 10.86095

---------------------------------------------------------------------
compute_vox2vox talsrcimg talsrcimg_to_711-2C_as_mni_average_305_t4 /opt/freesurfer/average/711-2C_as_mni_average_305
---------------------------------------------------------------------

freesurfer compute_vox2vox.c
Reading: talsrcimg.4dfp.ifh
Reading: talsrcimg_to_711-2C_as_mni_average_305_t4
Reading: /opt/freesurfer/average/711-2C_as_mni_average_305.4dfp.ifh
Writing: talsrcimg_to_711-2C_as_mni_average_305_t4_vox2vox.txt

start time Thu Mar 12 10:13:52 CET 2026
end		time Thu Mar 12 10:15:21 CET 2026

mpr2mni305 success

avi2talxfm orig_nu.mgz /opt/freesurfer/average/mni305.cor.mgz talsrcimg_to_711-2C_as_mni_average_305_t4_vox2vox.txt transforms/talairach.auto.xfm
avi2talxfm done
mv -f /out/sourcedata/freesurfer/sub-v1s11x0050152_ses-1/mri/talsrcimg_to_711-2C_as_mni_average_305_t4_vox2vox.txt /out/sourcedata/freesurfer/sub-v1s11x0050152_ses-1/mri/transforms/talsrcimg_to_711-2C_as_mni_average_305_t4_vox2vox.txt
lta_convert --src orig_nu.mgz --trg /opt/freesurfer/average/mni305.cor.mgz --inxfm transforms/talairach.auto.xfm --outlta transforms/talairach.auto.xfm.lta --subject fsaverage
7.3.2

--src: orig_nu.mgz src image (geometry).
--trg: /opt/freesurfer/average/mni305.cor.mgz trg image (geometry).
--inmni: transforms/talairach.auto.xfm input MNI/XFM transform.
--outlta: transforms/talairach.auto.xfm.lta output LTA.
--s: fsaverage subject name
 LTA read, type : 1
 1.07443   0.07511  -0.06544  -0.14281;
-0.10678   1.05536   0.16532  -23.15066;
 0.03887  -0.12814   1.07141  -16.04117;
 0.00000   0.00000   0.00000   1.00000;
setting subject to fsaverage
Writing  LTA to file transforms/talairach.auto.xfm.lta...
lta_convert successful.
 
 
Started at Thu Mar 12 10:13:51 CET 2026
Ended   at Thu Mar 12 10:15:22 CET 2026
talairach_avi done
