status file for recon-all
Thu Mar 12 09:56:51 CET 2026
#@# MotionCor Thu Mar 12 09:56:53 CET 2026
#@# Talairach Thu Mar 12 09:57:00 CET 2026
#@# Talairach Failure Detection Thu Mar 12 10:01:34 CET 2026
#@# Nu Intensity Correction Thu Mar 12 10:01:34 CET 2026
#@# Intensity Normalization Thu Mar 12 10:04:52 CET 2026
recon-all -s sub-v1s11x0050144_ses-1 finished without error at Thu Mar 12 10:06:18 CET 2026



#New# invocation of recon-all 



status file for recon-all
Thu Mar 12 10:13:23 CET 2026
#@# EM Registration Thu Mar 12 10:13:23 CET 2026
recon-all -s sub-v1s11x0050144_ses-1 finished without error at Thu Mar 12 10:15:31 CET 2026



#New# invocation of recon-all 



status file for recon-all
Thu Mar 12 10:15:35 CET 2026
#@# CA Normalize Thu Mar 12 10:15:35 CET 2026
#@# CA Reg Thu Mar 12 10:16:55 CET 2026
#@# SubCort Seg Thu Mar 12 11:03:20 CET 2026
#@# CC Seg Thu Mar 12 11:35:14 CET 2026
#@# Merge ASeg Thu Mar 12 11:36:05 CET 2026
#@# Intensity Normalization2 Thu Mar 12 11:36:05 CET 2026
#@# Mask BFS Thu Mar 12 11:38:18 CET 2026
#@# WM Segmentation Thu Mar 12 11:38:19 CET 2026
#@# Fill Thu Mar 12 11:40:28 CET 2026
recon-all -s sub-v1s11x0050144_ses-1 finished without error at Thu Mar 12 11:41:35 CET 2026



#New# invocation of recon-all 



status file for recon-all
Thu Mar 12 12:44:42 CET 2026
#@# white curv lh Thu Mar 12 12:44:42 CET 2026
#@# white area lh Thu Mar 12 12:44:42 CET 2026
#@# pial curv lh Thu Mar 12 12:44:42 CET 2026
#@# pial area lh Thu Mar 12 12:44:42 CET 2026
#@# thickness lh Thu Mar 12 12:44:42 CET 2026
#@# area and vertex vol lh Thu Mar 12 12:44:42 CET 2026
#@# white curv rh Thu Mar 12 12:44:42 CET 2026
#@# white area rh Thu Mar 12 12:44:42 CET 2026
#@# pial curv rh Thu Mar 12 12:44:42 CET 2026
#@# pial area rh Thu Mar 12 12:44:42 CET 2026
#@# thickness rh Thu Mar 12 12:44:42 CET 2026
#@# area and vertex vol rh Thu Mar 12 12:44:42 CET 2026
#@# Cortical ribbon mask Thu Mar 12 12:44:42 CET 2026
recon-all -s sub-v1s11x0050144_ses-1 finished without error at Thu Mar 12 12:52:30 CET 2026



#New# invocation of recon-all 



status file for recon-all
Thu Mar 12 13:01:08 CET 2026
#@# white curv lh Thu Mar 12 13:01:08 CET 2026
#@# white area lh Thu Mar 12 13:01:08 CET 2026
#@# pial curv lh Thu Mar 12 13:01:09 CET 2026
#@# pial area lh Thu Mar 12 13:01:09 CET 2026
#@# thickness lh Thu Mar 12 13:01:09 CET 2026
#@# area and vertex vol lh Thu Mar 12 13:01:09 CET 2026
#@# white curv rh Thu Mar 12 13:01:09 CET 2026
#@# white area rh Thu Mar 12 13:01:09 CET 2026
#@# pial curv rh Thu Mar 12 13:01:09 CET 2026
#@# pial area rh Thu Mar 12 13:01:09 CET 2026
#@# thickness rh Thu Mar 12 13:01:09 CET 2026
#@# area and vertex vol rh Thu Mar 12 13:01:09 CET 2026
#@# Curvature Stats lh Thu Mar 12 13:01:09 CET 2026
#@# Curvature Stats rh Thu Mar 12 13:01:12 CET 2026
#@# Relabel Hypointensities Thu Mar 12 13:01:16 CET 2026
#@# APas-to-ASeg Thu Mar 12 13:01:33 CET 2026
#@# AParc-to-ASeg aparc Thu Mar 12 13:01:44 CET 2026
#@# AParc-to-ASeg aparc.a2009s Thu Mar 12 13:02:46 CET 2026
#@# AParc-to-ASeg aparc.DKTatlas Thu Mar 12 13:03:41 CET 2026
#@# WMParc Thu Mar 12 13:04:49 CET 2026
#@# ASeg Stats Thu Mar 12 13:09:21 CET 2026
recon-all -s sub-v1s11x0050144_ses-1 finished without error at Thu Mar 12 13:10:04 CET 2026
