status file for recon-all
Thu Mar 12 11:41:38 CET 2026
#@# Tessellate lh Thu Mar 12 11:41:38 CET 2026
#@# Smooth1 lh Thu Mar 12 11:41:42 CET 2026
#@# Inflation1 lh Thu Mar 12 11:41:45 CET 2026
#@# QSphere lh Thu Mar 12 11:42:03 CET 2026
#@# Fix Topology lh Thu Mar 12 11:43:46 CET 2026
#@# Smooth2 lh Thu Mar 12 11:51:10 CET 2026
#@# Inflation2 lh Thu Mar 12 11:51:14 CET 2026
#@# Curv .H and .K lh Thu Mar 12 11:51:32 CET 2026
#@# Sphere lh Thu Mar 12 11:52:27 CET 2026
#@# Surf Reg lh Thu Mar 12 11:57:29 CET 2026
#@# Jacobian white lh Thu Mar 12 12:03:05 CET 2026
#@# AvgCurv lh Thu Mar 12 12:03:07 CET 2026
#@# Cortical Parc lh Thu Mar 12 12:03:08 CET 2026
#@# white curv lh Thu Mar 12 12:10:53 CET 2026
#@# white area lh Thu Mar 12 12:10:55 CET 2026
#@# pial curv lh Thu Mar 12 12:10:56 CET 2026
#@# pial area lh Thu Mar 12 12:10:58 CET 2026
#@# thickness lh Thu Mar 12 12:10:59 CET 2026
#@# area and vertex vol lh Thu Mar 12 12:11:41 CET 2026
#@# Curvature Stats lh Thu Mar 12 12:11:44 CET 2026
#@# Cortical Parc 2 lh Thu Mar 12 12:11:47 CET 2026
#@# Cortical Parc 3 lh Thu Mar 12 12:12:03 CET 2026
#@# WM/GM Contrast lh Thu Mar 12 12:12:15 CET 2026
recon-all -s sub-v1s11x0050144_ses-1 finished without error at Thu Mar 12 12:12:18 CET 2026



#New# invocation of recon-all 



status file for recon-all
Thu Mar 12 12:52:34 CET 2026
#@# white curv lh Thu Mar 12 12:52:35 CET 2026
#@# white area lh Thu Mar 12 12:52:35 CET 2026
#@# pial curv lh Thu Mar 12 12:52:35 CET 2026
#@# pial area lh Thu Mar 12 12:52:35 CET 2026
#@# thickness lh Thu Mar 12 12:52:35 CET 2026
#@# area and vertex vol lh Thu Mar 12 12:52:35 CET 2026
#@# Parcellation Stats lh Thu Mar 12 12:52:35 CET 2026
#@# Parcellation Stats 2 lh Thu Mar 12 12:53:00 CET 2026
#@# Parcellation Stats 3 lh Thu Mar 12 12:53:13 CET 2026
#@# BA_exvivo Labels lh Thu Mar 12 12:53:26 CET 2026
recon-all -s sub-v1s11x0050144_ses-1 finished without error at Thu Mar 12 12:56:46 CET 2026
