status file for recon-all
Thu Mar 12 12:12:20 CET 2026
#@# Tessellate rh Thu Mar 12 12:12:20 CET 2026
#@# Smooth1 rh Thu Mar 12 12:12:24 CET 2026
#@# Inflation1 rh Thu Mar 12 12:12:27 CET 2026
#@# QSphere rh Thu Mar 12 12:12:43 CET 2026
#@# Fix Topology rh Thu Mar 12 12:14:17 CET 2026
#@# Smooth2 rh Thu Mar 12 12:23:18 CET 2026
#@# Inflation2 rh Thu Mar 12 12:23:22 CET 2026
#@# Curv .H and .K rh Thu Mar 12 12:23:41 CET 2026
#@# Sphere rh Thu Mar 12 12:24:39 CET 2026
#@# Surf Reg rh Thu Mar 12 12:29:11 CET 2026
#@# Jacobian white rh Thu Mar 12 12:35:07 CET 2026
#@# AvgCurv rh Thu Mar 12 12:35:08 CET 2026
#@# Cortical Parc rh Thu Mar 12 12:35:09 CET 2026
#@# white curv rh Thu Mar 12 12:43:12 CET 2026
#@# white area rh Thu Mar 12 12:43:14 CET 2026
#@# pial curv rh Thu Mar 12 12:43:15 CET 2026
#@# pial area rh Thu Mar 12 12:43:18 CET 2026
#@# thickness rh Thu Mar 12 12:43:18 CET 2026
#@# area and vertex vol rh Thu Mar 12 12:43:59 CET 2026
#@# Curvature Stats rh Thu Mar 12 12:44:01 CET 2026
#@# Cortical Parc 2 rh Thu Mar 12 12:44:05 CET 2026
#@# Cortical Parc 3 rh Thu Mar 12 12:44:22 CET 2026
#@# WM/GM Contrast rh Thu Mar 12 12:44:35 CET 2026
recon-all -s sub-v1s11x0050144_ses-1 finished without error at Thu Mar 12 12:44:39 CET 2026



#New# invocation of recon-all 



status file for recon-all
Thu Mar 12 12:56:48 CET 2026
#@# white curv rh Thu Mar 12 12:56:48 CET 2026
#@# white area rh Thu Mar 12 12:56:48 CET 2026
#@# pial curv rh Thu Mar 12 12:56:48 CET 2026
#@# pial area rh Thu Mar 12 12:56:48 CET 2026
#@# thickness rh Thu Mar 12 12:56:48 CET 2026
#@# area and vertex vol rh Thu Mar 12 12:56:48 CET 2026
#@# Parcellation Stats rh Thu Mar 12 12:56:49 CET 2026
#@# Parcellation Stats 2 rh Thu Mar 12 12:57:15 CET 2026
#@# Parcellation Stats 3 rh Thu Mar 12 12:57:29 CET 2026
#@# BA_exvivo Labels rh Thu Mar 12 12:57:42 CET 2026
recon-all -s sub-v1s11x0050144_ses-1 finished without error at Thu Mar 12 13:01:05 CET 2026
