/out/sourcedata/freesurfer/sub-v1s11x0050163_ses-1/mri
/opt/freesurfer/bin/talairach_avi
--i orig_nu.mgz --xfm transforms/talairach.auto.xfm
talairach_avi 7.3.2
Linux dna082 5.14.0-427.37.1.el9_4.x86_64 #1 SMP PREEMPT_DYNAMIC Fri Sep 13 12:41:50 EDT 2024 x86_64 x86_64 x86_64 GNU/Linux
Thu Mar 12 11:00:32 CET 2026
mri_convert orig_nu.mgz talsrcimg.img 
reading from orig_nu.mgz...
TR=0.00, TE=0.00, TI=0.00, flip angle=0.00
i_ras = (-1, 4.04725e-09, 0)
j_ras = (0, 0, -1)
k_ras = (3.39969e-09, 1, -2.32831e-10)
writing to talsrcimg.img...
Analyze Output Matrix
-1.00000   0.00000   0.00000   124.76154;
 0.00000   0.00000   1.00000  -118.13310;
 0.00000  -1.00000  -0.00000   144.97414;
 0.00000   0.00000   0.00000   1.00000;
--------------------
INFO: set hdr.hist.orient to -1
mpr2mni305 talsrcimg
Thu Mar 12 11:00:33 CET 2026
/opt/freesurfer/bin/mpr2mni305 talsrcimg
mpr2mni305 7.3.2
target=711-2C_as_mni_average_305

---------------------------------------------------------------------
analyzeto4dfp talsrcimg -O0 -y
---------------------------------------------------------------------

freesurfer ifh2hdr.c
Thu Mar 12 11:00:33 2026
Writing: talsrcimg.4dfp.hdr
freesurfer analyzeto4dfp.c
Reading: talsrcimg.hdr
header size 348 bytes
hdr.dime.datatype	offset=70	value=2
hdr.dime.bitpix		offset=72	value=8
hdr.hist.orient		offset=252	value=-1
dimensionality     4
dimensions       256       256       256         1
Reading: talsrcimg.img
Writing: talsrcimg.4dfp.img
Writing: talsrcimg.4dfp.ifh
ifh2hdr talsrcimg -r0to214
ori=2

---------------------------------------------------------------------
gauss_4dfp talsrcimg 1.1
---------------------------------------------------------------------

freesurfer gauss_4dfp.c
Reading: talsrcimg.4dfp.img
Writing: talsrcimg_g11.4dfp.img
image dimensions 256 256 256 padded to 288 288 288
processing volume 1freesurfer ifh2hdr.c
Thu Mar 12 11:00:34 2026
Writing: talsrcimg_g11.4dfp.hdr

Writing: talsrcimg_g11.4dfp.ifh
including: talsrcimg.4dfp.img.rec in talsrcimg_g11.4dfp.img.rec

---------------------------------------------------------------------
imgreg_4dfp /opt/freesurfer/average/711-2C_as_mni_average_305 none talsrcimg_g11 none talsrcimg_to_711-2C_as_mni_average_305_t4 4355
---------------------------------------------------------------------

freesurfer imgreg_4dfp.c
/opt/freesurfer/average/711-2C_as_mni_average_305.4dfp.img
       256       256       256         1
  1.000000  1.000000  1.000000
orientation T byte_order littleendian
Reading image: /opt/freesurfer/average/711-2C_as_mni_average_305.4dfp.img
dimensions:      256       256       256
mmppix:       1.0000   -1.0000   -1.0000
center:     128.0000 -129.0000 -129.0000
talsrcimg_g11.4dfp.img
       256       256       256         1
  1.000000  1.000000  1.000000
orientation T byte_order littleendian
Reading image: talsrcimg_g11.4dfp.img
dimensions:      256       256       256
mmppix:       1.0000   -1.0000   -1.0000
center:     128.0000 -129.0000 -129.0000
t4_read: open error in t4_sub.f l:  41 t4_file(1:l)talsrcimg_to_711-2C_as_mni_average_305_t4 
t4_read: transform initialized to I4
rotation matrix determinant  1.000000
image alignment mode   4355 decimal     1103 hex
   -7.5000  -45.0000  -45.0000 9378.7754   15.2351
    0.0000  -45.0000  -45.0000 9792.1240   15.2141
    7.5000  -45.0000  -45.0000 9399.5352   15.2117
   -7.5000  -37.5000  -45.0000 9802.9688   15.2009
    0.0000  -37.5000  -45.000010237.6504   15.1864
    7.5000  -37.5000  -45.0000 9820.8330   15.1886
   -7.5000  -30.0000  -45.000010535.0420   15.1848
    0.0000  -30.0000  -45.000011020.8242   15.1747
    7.5000  -30.0000  -45.000010538.7559   15.1809
   -7.5000  -22.5000  -45.000011187.4229   15.1913
    0.0000  -22.5000  -45.000011717.8613   15.1785
    7.5000  -22.5000  -45.000011175.0303   15.1848
   -7.5000  -15.0000  -45.000011748.3496   15.1955
    0.0000  -15.0000  -45.000012287.0576   15.1764
    7.5000  -15.0000  -45.000011702.2705   15.1797
   -7.5000   -7.5000  -45.000012182.0918   15.1917
    0.0000   -7.5000  -45.000012707.8398   15.1691
    7.5000   -7.5000  -45.000012150.8057   15.1677
   -7.5000    0.0000  -45.000012519.7539   15.1826
    0.0000    0.0000  -45.000013029.4443   15.1617
    7.5000    0.0000  -45.000012474.4443   15.1596
   -7.5000    7.5000  -45.000011938.1123   15.1799
    0.0000    7.5000  -45.000012427.9473   15.1653
    7.5000    7.5000  -45.000011873.9062   15.1676
   -7.5000   15.0000  -45.000011162.8145   15.1847
    0.0000   15.0000  -45.000011637.5947   15.1747
    7.5000   15.0000  -45.000011092.1982   15.1809
   -7.5000   22.5000  -45.000010267.3750   15.1892
    0.0000   22.5000  -45.000010702.8047   15.1764
    7.5000   22.5000  -45.000010162.0391   15.1827
   -7.5000   30.0000  -45.0000 9322.2109   14.9934
    0.0000   30.0000  -45.0000 9705.7412   14.9746
    7.5000   30.0000  -45.0000 9205.0049   14.9778
   -7.5000   37.5000  -45.0000 8752.0205   15.0815
    0.0000   37.5000  -45.0000 9100.3418   15.0595
    7.5000   37.5000  -45.0000 8616.3066   15.0578
   -7.5000   45.0000  -45.0000 7930.1953   14.8699
    0.0000   45.0000  -45.0000 8245.4043   14.8487
    7.5000   45.0000  -45.0000 7807.5674   14.8461
   -7.5000  -45.0000  -37.5000 9881.1836   15.2558
    0.0000  -45.0000  -37.500010332.2354   15.2345
    7.5000  -45.0000  -37.5000 9891.2510   15.2349
   -7.5000  -37.5000  -37.500010339.3428   15.2164
    0.0000  -37.5000  -37.500010807.2139   15.2042
    7.5000  -37.5000  -37.500010323.8809   15.2112
   -7.5000  -30.0000  -37.500011108.9902   15.1986
    0.0000  -30.0000  -37.500011647.3662   15.1902
    7.5000  -30.0000  -37.500011096.4141   15.1999
   -7.5000  -22.5000  -37.500011805.9785   15.2076
    0.0000  -22.5000  -37.500012397.7012   15.1929
    7.5000  -22.5000  -37.500011780.1621   15.1993
   -7.5000  -15.0000  -37.500012376.6504   15.2173
    0.0000  -15.0000  -37.500012974.3779   15.1932
    7.5000  -15.0000  -37.500012336.9580   15.1940
   -7.5000   -7.5000  -37.500012826.5059   15.2153
    0.0000   -7.5000  -37.500013400.9561   15.1888
    7.5000   -7.5000  -37.500012767.5801   15.1865
   -7.5000    0.0000  -37.500013167.1992   15.2027
    0.0000    0.0000  -37.500013739.2383   15.1815
    7.5000    0.0000  -37.500013086.3965   15.1822
   -7.5000    7.5000  -37.500012514.1514   15.1956
    0.0000    7.5000  -37.500013046.8672   15.1833
    7.5000    7.5000  -37.500012404.5674   15.1904
   -7.5000   15.0000  -37.500011680.5586   15.1986
    0.0000   15.0000  -37.500012199.3779   15.1902
    7.5000   15.0000  -37.500011602.9082   15.1999
   -7.5000   22.5000  -37.500010744.9961   15.2055
    0.0000   22.5000  -37.500011208.8926   15.1908
    7.5000   22.5000  -37.500010627.6582   15.1972
   -7.5000   30.0000  -37.5000 9742.6436   15.0150
    0.0000   30.0000  -37.500010151.8467   14.9912
    7.5000   30.0000  -37.5000 9608.4746   14.9920
   -7.5000   37.5000  -37.5000 9136.6143   15.1055
    0.0000   37.5000  -37.5000 9507.9209   15.0798
    7.5000   37.5000  -37.5000 9000.6543   15.0776
   -7.5000   45.0000  -37.5000 8268.7471   14.8882
    0.0000   45.0000  -37.5000 8586.2207   14.8676
    7.5000   45.0000  -37.5000 8140.7427   14.8690
   -7.5000  -45.0000  -30.000010540.0322   15.9147
    0.0000  -45.0000  -30.000011040.9941   15.8945
    7.5000  -45.0000  -30.000010538.6973   15.9000
   -7.5000  -37.5000  -30.000011001.1309   15.8694
    0.0000  -37.5000  -30.000011533.0254   15.8585
    7.5000  -37.5000  -30.000010974.1729   15.8684
   -7.5000  -30.0000  -30.000011827.2803   15.8552
    0.0000  -30.0000  -30.000012426.9893   15.8485
    7.5000  -30.0000  -30.000011808.0752   15.8572
   -7.5000  -22.5000  -30.000012589.7705   15.8736
    0.0000  -22.5000  -30.000013225.6318   15.8607
    7.5000  -22.5000  -30.000012560.4609   15.8640
   -7.5000  -15.0000  -30.000013190.9814   15.8889
    0.0000  -15.0000  -30.000013824.6172   15.8662
    7.5000  -15.0000  -30.000013139.5625   15.8652
   -7.5000   -7.5000  -30.000013657.2266   15.8817
    0.0000   -7.5000  -30.000014301.7900   15.8563
    7.5000   -7.5000  -30.000013597.1592   15.8565
   -7.5000    0.0000  -30.000014024.7197   15.8589
    0.0000    0.0000  -30.000014658.8721   15.8388
    7.5000    0.0000  -30.000013913.4629   15.8445
   -7.5000    7.5000  -30.000013282.7188   15.8476
    0.0000    7.5000  -30.000013883.3555   15.8366
    7.5000    7.5000  -30.000013157.8125   15.8466
   -7.5000   15.0000  -30.000012409.9766   15.8552
    0.0000   15.0000  -30.000012978.2158   15.8485
    7.5000   15.0000  -30.000012305.5801   15.8571
   -7.5000   22.5000  -30.000011402.1357   15.8698
    0.0000   22.5000  -30.000011907.9404   15.8569
    7.5000   22.5000  -30.000011271.7344   15.8602
   -7.5000   30.0000  -30.000010333.3779   15.6792
    0.0000   30.0000  -30.000010775.1611   15.6568
    7.5000   30.0000  -30.000010191.0146   15.6558
   -7.5000   37.5000  -30.0000 9673.1875   15.7721
    0.0000   37.5000  -30.000010073.2031   15.7473
    7.5000   37.5000  -30.0000 9546.5977   15.7478
   -7.5000   45.0000  -30.0000 8711.5752   15.5406
    0.0000   45.0000  -30.0000 9050.6943   15.5218
    7.5000   45.0000  -30.0000 8601.9629   15.5289
   -7.5000  -45.0000  -22.500011180.0137   16.4460
    0.0000  -45.0000  -22.500011708.2021   16.4277
    7.5000  -45.0000  -22.500011137.2549   16.4355
   -7.5000  -37.5000  -22.500011640.5010   16.4009
    0.0000  -37.5000  -22.500012194.6562   16.3885
    7.5000  -37.5000  -22.500011573.4502   16.3957
   -7.5000  -30.0000  -22.500012509.5215   16.3918
    0.0000  -30.0000  -22.500013123.5469   16.3846
    7.5000  -30.0000  -22.500012442.5449   16.3876
   -7.5000  -22.5000  -22.500013313.9639   16.4166
    0.0000  -22.5000  -22.500013963.1113   16.4079
    7.5000  -22.5000  -22.500013246.3193   16.4074
   -7.5000  -15.0000  -22.500013940.0684   16.4315
    0.0000  -15.0000  -22.500014604.6387   16.4166
    7.5000  -15.0000  -22.500013872.1348   16.4165
   -7.5000   -7.5000  -22.500014438.9893   16.4172
    0.0000   -7.5000  -22.500015162.9512   16.3982
    7.5000   -7.5000  -22.500014347.7334   16.4022
   -7.5000    0.0000  -22.500014822.8564   16.3884
    0.0000    0.0000  -22.500015532.5049   16.3702
    7.5000    0.0000  -22.500014679.9219   16.3782
   -7.5000    7.5000  -22.500014005.1504   16.3779
    0.0000    7.5000  -22.500014657.9355   16.3654
    7.5000    7.5000  -22.500013855.3809   16.3727
   -7.5000   15.0000  -22.500013082.7783   16.3917
    0.0000   15.0000  -22.500013690.6895   16.3846
    7.5000   15.0000  -22.500012935.1289   16.3875
   -7.5000   22.5000  -22.500012043.0186   16.4115
    0.0000   22.5000  -22.500012595.3662   16.4028
    7.5000   22.5000  -22.500011894.3447   16.4023
   -7.5000   30.0000  -22.500010912.6338   16.2171
    0.0000   30.0000  -22.500011388.6484   16.2024
    7.5000   30.0000  -22.500010772.7529   16.2023
   -7.5000   37.5000  -22.500010189.5059   16.3095
    0.0000   37.5000  -22.500010608.4717   16.2905
    7.5000   37.5000  -22.500010057.7930   16.2945
   -7.5000   45.0000  -22.5000 9140.8555   16.0707
    0.0000   45.0000  -22.5000 9505.0059   16.0535
    7.5000   45.0000  -22.5000 9023.6074   16.0621
   -7.5000  -45.0000  -15.000011841.9541   16.8081
    0.0000  -45.0000  -15.000012411.3271   16.7911
    7.5000  -45.0000  -15.000011793.7275   16.7966
   -7.5000  -37.5000  -15.000012294.4854   16.7679
    0.0000  -37.5000  -15.000012896.1953   16.7534
    7.5000  -37.5000  -15.000012227.3525   16.7558
   -7.5000  -30.0000  -15.000013175.4971   16.7603
    0.0000  -30.0000  -15.000013804.2988   16.7520
    7.5000  -30.0000  -15.000013096.7559   16.7510
   -7.5000  -22.5000  -15.000014019.2783   16.7831
    0.0000  -22.5000  -15.000014679.5703   16.7777
    7.5000  -22.5000  -15.000013935.5762   16.7770
   -7.5000  -15.0000  -15.000014675.1338   16.7926
    0.0000  -15.0000  -15.000015388.8105   16.7845
    7.5000  -15.0000  -15.000014599.1445   16.7872
   -7.5000   -7.5000  -15.000015201.8574   16.7754
    0.0000   -7.5000  -15.000015970.6201   16.7621
    7.5000   -7.5000  -15.000015103.9551   16.7677
   -7.5000    0.0000  -15.000015603.3633   16.7497
    0.0000    0.0000  -15.000016357.8506   16.7328
    7.5000    0.0000  -15.000015454.0625   16.7385
   -7.5000    7.5000  -15.000014730.7207   16.7441
    0.0000    7.5000  -15.000015436.5088   16.7295
    7.5000    7.5000  -15.000014577.3779   16.7319
   -7.5000   15.0000  -15.000013730.6475   16.7603
    0.0000   15.0000  -15.000014374.8643   16.7519
    7.5000   15.0000  -15.000013576.1670   16.7510
   -7.5000   22.5000  -15.000012655.0967   16.7772
    0.0000   22.5000  -15.000013241.6279   16.7717
    7.5000   22.5000  -15.000012513.1152   16.7710
   -7.5000   30.0000  -15.000011478.7842   16.5758
    0.0000   30.0000  -15.000011994.3779   16.5677
    7.5000   30.0000  -15.000011352.8574   16.5704
   -7.5000   37.5000  -15.000010699.8975   16.6674
    0.0000   37.5000  -15.000011150.6143   16.6536
    7.5000   37.5000  -15.000010574.7510   16.6587
   -7.5000   45.0000  -15.0000 9569.4980   16.4359
    0.0000   45.0000  -15.0000 9954.0918   16.4188
    7.5000   45.0000  -15.0000 9440.4824   16.4237
   -7.5000  -45.0000   -7.500012551.7373   16.9861
    0.0000  -45.0000   -7.500013169.9248   16.9667
    7.5000  -45.0000   -7.500012499.3926   16.9668
   -7.5000  -37.5000   -7.500013000.1396   16.9496
    0.0000  -37.5000   -7.500013641.9365   16.9334
    7.5000  -37.5000   -7.500012934.4043   16.9336
   -7.5000  -30.0000   -7.500013864.8125   16.9380
    0.0000  -30.0000   -7.500014502.9258   16.9278
    7.5000  -30.0000   -7.500013794.1211   16.9291
   -7.5000  -22.5000   -7.500014729.4463   16.9523
    0.0000  -22.5000   -7.500015411.7979   16.9441
    7.5000  -22.5000   -7.500014655.0225   16.9474
   -7.5000  -15.0000   -7.500015432.1396   16.9567
    0.0000  -15.0000   -7.500016149.3291   16.9453
    7.5000  -15.0000   -7.500015362.4785   16.9498
   -7.5000   -7.5000   -7.500016019.9492   16.9443
    0.0000   -7.5000   -7.500016757.5391   16.9277
    7.5000   -7.5000   -7.500015924.6191   16.9304
   -7.5000    0.0000   -7.500016441.7227   16.9277
    0.0000    0.0000   -7.500017181.0039   16.9082
    7.5000    0.0000   -7.500016296.0215   16.9087
   -7.5000    7.5000   -7.500015507.3516   16.9257
    0.0000    7.5000   -7.500016218.4473   16.9095
    7.5000    7.5000   -7.500015368.0850   16.9097
   -7.5000   15.0000   -7.500014437.1260   16.9379
    0.0000   15.0000   -7.500015102.1318   16.9278
    7.5000   15.0000   -7.500014287.3867   16.9290
   -7.5000   22.5000   -7.500013284.8887   16.9445
    0.0000   22.5000   -7.500013911.8623   16.9363
    7.5000   22.5000   -7.500013170.1436   16.9395
   -7.5000   30.0000   -7.500012063.9551   16.7373
    0.0000   30.0000   -7.500012613.8984   16.7260
    7.5000   30.0000   -7.500011948.8027   16.7304
   -7.5000   37.5000   -7.500011222.0049   16.8308
    0.0000   37.5000   -7.500011714.9443   16.8142
    7.5000   37.5000   -7.500011099.2607   16.8162
   -7.5000   45.0000   -7.500010009.6934   16.6158
    0.0000   45.0000   -7.500010426.5322   16.5956
    7.5000   45.0000   -7.5000 9859.9395   16.5946
   -7.5000  -45.0000    0.000013129.7090   17.0352
    0.0000  -45.0000    0.000013775.6523   17.0118
    7.5000  -45.0000    0.000013095.3936   17.0090
   -7.5000  -37.5000    0.000013606.3369   16.9972
    0.0000  -37.5000    0.000014277.1338   16.9809
    7.5000  -37.5000    0.000013562.2842   16.9833
   -7.5000  -30.0000    0.000014524.9404   16.9791
    0.0000  -30.0000    0.000015184.5488   16.9679
    7.5000  -30.0000    0.000014467.5498   16.9747
   -7.5000  -22.5000    0.000015392.4238   16.9863
    0.0000  -22.5000    0.000016056.1875   16.9720
    7.5000  -22.5000    0.000015338.5244   16.9790
   -7.5000  -15.0000    0.000016137.6475   16.9910
    0.0000  -15.0000    0.000016771.1992   16.9696
    7.5000  -15.0000    0.000016101.1143   16.9732
   -7.5000   -7.5000    0.000016763.8594   16.9867
    0.0000   -7.5000    0.000017424.7656   16.9614
    7.5000   -7.5000    0.000016742.3438   16.9598
   -7.5000    0.0000    0.000017198.2070   16.9766
    0.0000    0.0000    0.000017885.7988   16.9532
    7.5000    0.0000    0.000017123.6680   16.9508
   -7.5000    7.5000    0.000016264.0371   16.9737
    0.0000    7.5000    0.000016963.0898   16.9573
    7.5000    7.5000    0.000016140.2920   16.9598
   -7.5000   15.0000    0.000015129.3105   16.9790
    0.0000   15.0000    0.000015829.1768   16.9678
    7.5000   15.0000    0.000014971.1299   16.9746
   -7.5000   22.5000    0.000013886.4424   16.9784
    0.0000   22.5000    0.000014536.2275   16.9641
    7.5000   22.5000    0.000013751.7256   16.9712
   -7.5000   30.0000    0.000012583.3252   16.7716
    0.0000   30.0000    0.000013171.0703   16.7505
    7.5000   30.0000    0.000012448.5381   16.7540
   -7.5000   37.5000    0.000011681.8213   16.8700
    0.0000   37.5000    0.000012217.6211   16.8454
    7.5000   37.5000    0.000011551.4756   16.8434
   -7.5000   45.0000    0.000010394.9629   16.6659
    0.0000   45.0000    0.000010823.1357   16.6422
    7.5000   45.0000    0.000010235.4717   16.6391
   -7.5000  -45.0000    7.500012691.4033   17.0713
    0.0000  -45.0000    7.500013260.6895   17.0475
    7.5000  -45.0000    7.500012674.2705   17.0480
   -7.5000  -37.5000    7.500013193.9287   17.0273
    0.0000  -37.5000    7.500013757.5264   17.0137
    7.5000  -37.5000    7.500013169.2236   17.0215
   -7.5000  -30.0000    7.500014126.1260   17.0074
    0.0000  -30.0000    7.500014719.7949   16.9980
    7.5000  -30.0000    7.500014080.1729   17.0089
   -7.5000  -22.5000    7.500014991.0947   17.0174
    0.0000  -22.5000    7.500015539.7676   17.0009
    7.5000  -22.5000    7.500014970.5918   17.0081
   -7.5000  -15.0000    7.500015678.4814   17.0282
    0.0000  -15.0000    7.500016195.2021   17.0013
    7.5000  -15.0000    7.500015670.5156   17.0022
   -7.5000   -7.5000    7.500016242.1133   17.0260
    0.0000   -7.5000    7.500016844.7305   16.9964
    7.5000   -7.5000    7.500016252.8662   16.9937
   -7.5000    0.0000    7.500016661.3145   17.0120
    0.0000    0.0000    7.500017324.8965   16.9882
    7.5000    0.0000    7.500016599.5508   16.9890
   -7.5000    7.5000    7.500015720.5684   17.0041
    0.0000    7.5000    7.500016409.5098   16.9903
    7.5000    7.5000    7.500015599.5811   16.9982
   -7.5000   15.0000    7.500014578.2861   17.0074
    0.0000   15.0000    7.500015243.9424   16.9980
    7.5000   15.0000    7.500014412.3330   17.0088
   -7.5000   22.5000    7.500013319.3623   17.0095
    0.0000   22.5000    7.500013941.6758   16.9931
    7.5000   22.5000    7.500013171.0742   17.0002
   -7.5000   30.0000    7.500012071.9238   16.8083
    0.0000   30.0000    7.500012633.2783   16.7818
    7.5000   30.0000    7.500011921.9131   16.7826
   -7.5000   37.5000    7.500011215.7412   16.9097
    0.0000   37.5000    7.500011733.5684   16.8810
    7.5000   37.5000    7.500011077.6064   16.8785
   -7.5000   45.0000    7.5000 9967.1904   16.6993
    0.0000   45.0000    7.500010417.2959   16.6761
    7.5000   45.0000    7.5000 9827.4678   16.6778
   -7.5000  -45.0000   15.000012069.8828   17.1047
    0.0000  -45.0000   15.000012625.6670   17.0830
    7.5000  -45.0000   15.000012086.4541   17.0890
   -7.5000  -37.5000   15.000012540.9600   17.0561
    0.0000  -37.5000   15.000013128.4336   17.0442
    7.5000  -37.5000   15.000012568.5459   17.0550
   -7.5000  -30.0000   15.000013450.1602   17.0407
    0.0000  -30.0000   15.000014094.0615   17.0334
    7.5000  -30.0000   15.000013474.2002   17.0428
   -7.5000  -22.5000   15.000014322.5850   17.0603
    0.0000  -22.5000   15.000014981.6816   17.0463
    7.5000  -22.5000   15.000014354.3350   17.0500
   -7.5000  -15.0000   15.000014993.9775   17.0768
    0.0000  -15.0000   15.000015708.5918   17.0523
    7.5000  -15.0000   15.000015003.6582   17.0513
   -7.5000   -7.5000   15.000015558.5762   17.0691
    0.0000   -7.5000   15.000016332.5361   17.0417
    7.5000   -7.5000   15.000015530.9512   17.0420
   -7.5000    0.0000   15.000015951.6055   17.0448
    0.0000    0.0000   15.000016720.6465   17.0231
    7.5000    0.0000   15.000015875.0928   17.0293
   -7.5000    7.5000   15.000014997.8291   17.0326
    0.0000    7.5000   15.000015714.3164   17.0207
    7.5000    7.5000   15.000014892.7246   17.0315
   -7.5000   15.0000   15.000013878.2979   17.0406
    0.0000   15.0000   15.000014547.8496   17.0334
    7.5000   15.0000   15.000013760.6562   17.0428
   -7.5000   22.5000   15.000012663.5566   17.0525
    0.0000   22.5000   15.000013274.5967   17.0385
    7.5000   22.5000   15.000012567.1885   17.0421
   -7.5000   30.0000   15.000011488.8535   16.8563
    0.0000   30.0000   15.000012001.3633   16.8321
    7.5000   30.0000   15.000011386.6475   16.8312
   -7.5000   37.5000   15.000010685.7256   16.9565
    0.0000   37.5000   15.000011140.7842   16.9297
    7.5000   37.5000   15.000010589.9043   16.9303
   -7.5000   45.0000   15.0000 9489.9424   16.7299
    0.0000   45.0000   15.0000 9883.8691   16.7096
    7.5000   45.0000   15.0000 9387.3428   16.7174
   -7.5000  -45.0000   22.500011344.7686   17.1359
    0.0000  -45.0000   22.500011831.7764   17.1165
    7.5000  -45.0000   22.500011380.9072   17.1250
   -7.5000  -37.5000   22.500011831.7930   17.0886
    0.0000  -37.5000   22.500012338.7305   17.0753
    7.5000  -37.5000   22.500011878.0537   17.0832
   -7.5000  -30.0000   22.500012728.4805   17.0786
    0.0000  -30.0000   22.500013256.3594   17.0709
    7.5000  -30.0000   22.500012764.1289   17.0743
   -7.5000  -22.5000   22.500013545.8350   17.1044
    0.0000  -22.5000   22.500014077.8311   17.0950
    7.5000  -22.5000   22.500013580.3496   17.0949
   -7.5000  -15.0000   22.500014215.2998   17.1202
    0.0000  -15.0000   22.500014803.5527   17.1043
    7.5000  -15.0000   22.500014226.1777   17.1046
   -7.5000   -7.5000   22.500014779.1104   17.1056
    0.0000   -7.5000   22.500015449.1426   17.0854
    7.5000   -7.5000   22.500014773.1289   17.0899
   -7.5000    0.0000   22.500015137.1025   17.0757
    0.0000    0.0000   22.500015838.3447   17.0563
    7.5000    0.0000   22.500015117.4707   17.0651
   -7.5000    7.5000   22.500014227.6133   17.0645
    0.0000    7.5000   22.500014874.4326   17.0511
    7.5000    7.5000   22.500014182.4131   17.0591
   -7.5000   15.0000   22.500013155.8750   17.0786
    0.0000   15.0000   22.500013774.5283   17.0708
    7.5000   15.0000   22.500013076.6826   17.0743
   -7.5000   22.5000   22.500011992.6006   17.0965
    0.0000   22.5000   22.500012567.1963   17.0871
    7.5000   22.5000   22.500011929.2588   17.0870
   -7.5000   30.0000   22.500010841.6533   16.8992
    0.0000   30.0000   22.500011333.1455   16.8835
    7.5000   30.0000   22.500010765.8398   16.8838
   -7.5000   37.5000   22.500010072.0391   16.9963
    0.0000   37.5000   22.500010512.4570   16.9760
    7.5000   37.5000   22.5000 9994.3223   16.9805
   -7.5000   45.0000   22.5000 8915.8281   16.7604
    0.0000   45.0000   22.5000 9289.2158   16.7420
    7.5000   45.0000   22.5000 8840.0664   16.7513
   -7.5000  -45.0000   30.000010506.8984   17.1645
    0.0000  -45.0000   30.000010974.6133   17.1462
    7.5000  -45.0000   30.000010549.8662   17.1522
   -7.5000  -37.5000   30.000010986.3691   17.1230
    0.0000  -37.5000   30.000011483.7051   17.1072
    7.5000  -37.5000   30.000011038.6572   17.1101
   -7.5000  -30.0000   30.000011835.2354   17.1151
    0.0000  -30.0000   30.000012367.4971   17.1057
    7.5000  -30.0000   30.000011874.1807   17.1052
   -7.5000  -22.5000   30.000012610.0908   17.1386
    0.0000  -22.5000   30.000013153.0400   17.1322
    7.5000  -22.5000   30.000012625.4834   17.1320
   -7.5000  -15.0000   30.000013237.8877   17.1485
    0.0000  -15.0000   30.000013823.9746   17.1394
    7.5000  -15.0000   30.000013232.4609   17.1426
   -7.5000   -7.5000   30.000013759.0371   17.1309
    0.0000   -7.5000   30.000014373.4355   17.1164
    7.5000   -7.5000   30.000013766.8213   17.1226
   -7.5000    0.0000   30.000014093.5967   17.1044
    0.0000    0.0000   30.000014727.2178   17.0862
    7.5000    0.0000   30.000014105.3125   17.0925
   -7.5000    7.5000   30.000013250.0654   17.0985
    0.0000    7.5000   30.000013865.2275   17.0826
    7.5000    7.5000   30.000013248.8965   17.0855
   -7.5000   15.0000   30.000012251.6514   17.1151
    0.0000   15.0000   30.000012829.7744   17.1057
    7.5000   15.0000   30.000012218.0059   17.1051
   -7.5000   22.5000   30.000011194.3008   17.1307
    0.0000   22.5000   30.000011718.7803   17.1243
    7.5000   22.5000   30.000011156.7305   17.1241
   -7.5000   30.0000   30.000010105.9453   16.9271
    0.0000   30.0000   30.000010550.6816   16.9181
    7.5000   30.0000   30.000010057.7402   16.9213
   -7.5000   37.5000   30.0000 9389.6396   17.0215
    0.0000   37.5000   30.0000 9800.6289   17.0064
    7.5000   37.5000   30.0000 9336.1758   17.0120
   -7.5000   45.0000   30.0000 8306.6328   16.7906
    0.0000   45.0000   30.0000 8658.2959   16.7723
    7.5000   45.0000   30.0000 8248.7891   16.7776
   -7.5000  -45.0000   37.500010107.8105   17.3861
    0.0000  -45.0000   37.500010571.2822   17.3641
    7.5000  -45.0000   37.500010127.9326   17.3648
   -7.5000  -37.5000   37.500010572.9092   17.3485
    0.0000  -37.5000   37.500011059.1055   17.3299
    7.5000  -37.5000   37.500010580.9199   17.3305
   -7.5000  -30.0000   37.500011366.2373   17.3367
    0.0000  -30.0000   37.500011886.7520   17.3243
    7.5000  -30.0000   37.500011362.2529   17.3260
   -7.5000  -22.5000   37.500012114.9697   17.3514
    0.0000  -22.5000   37.500012654.6260   17.3409
    7.5000  -22.5000   37.500012091.2842   17.3448
   -7.5000  -15.0000   37.500012705.8555   17.3553
    0.0000  -15.0000   37.500013269.0830   17.3416
    7.5000  -15.0000   37.500012691.9521   17.3469
   -7.5000   -7.5000   37.500013192.0811   17.3421
    0.0000   -7.5000   37.500013790.0850   17.3231
    7.5000   -7.5000   37.500013201.2393   17.3265
   -7.5000    0.0000   37.500013529.8066   17.3250
    0.0000    0.0000   37.500014145.5049   17.3031
    7.5000    0.0000   37.500013537.7080   17.3041
   -7.5000    7.5000   37.500012751.3115   17.3236
    0.0000    7.5000   37.500013340.7109   17.3049
    7.5000    7.5000   37.500012747.2061   17.3056
   -7.5000   15.0000   37.500011788.0615   17.3367
    0.0000   15.0000   37.500012352.1211   17.3242
    7.5000   15.0000   37.500011778.2637   17.3259
   -7.5000   22.5000   37.500010772.2588   17.3434
    0.0000   22.5000   37.500011294.2246   17.3329
    7.5000   22.5000   37.500010759.4346   17.3368
   -7.5000   30.0000   37.5000 9717.0762   17.1312
    0.0000   30.0000   37.500010158.2461   17.1177
    7.5000   30.0000   37.5000 9688.4590   17.1228
   -7.5000   37.5000   37.5000 9051.4590   17.2288
    0.0000   37.5000   37.5000 9449.7861   17.2097
    7.5000   37.5000   37.5000 9006.0352   17.2123
   -7.5000   45.0000   37.5000 8052.9858   17.0138
    0.0000   45.0000   37.5000 8394.8633   16.9911
    7.5000   45.0000   37.5000 7991.9146   16.9905
   -7.5000  -45.0000   45.0000 9224.0381   17.6403
    0.0000  -45.0000   45.0000 9662.5303   17.6142
    7.5000  -45.0000   45.0000 9202.2393   17.6120
   -7.5000  -37.5000   45.0000 9655.8555   17.5972
    0.0000  -37.5000   45.000010130.6807   17.5788
    7.5000  -37.5000   45.0000 9619.8467   17.5825
   -7.5000  -30.0000   45.000010378.0078   17.5745
    0.0000  -30.0000   45.000010867.3936   17.5619
    7.5000  -30.0000   45.000010330.8379   17.5704
   -7.5000  -22.5000   45.000011049.4258   17.5813
    0.0000  -22.5000   45.000011548.1768   17.5654
    7.5000  -22.5000   45.000011003.9785   17.5741
   -7.5000  -15.0000   45.000011580.7393   17.5883
    0.0000  -15.0000   45.000012101.4258   17.5647
    7.5000  -15.0000   45.000011557.6875   17.5694
   -7.5000   -7.5000   45.000012021.6084   17.5867
    0.0000   -7.5000   45.000012580.4824   17.5587
    7.5000   -7.5000   45.000012035.4639   17.5576
   -7.5000    0.0000   45.000012357.0146   17.5771
    0.0000    0.0000   45.000012918.5449   17.5510
    7.5000    0.0000   45.000012361.9746   17.5491
   -7.5000    7.5000   45.000011681.4854   17.5719
    0.0000    7.5000   45.000012209.5703   17.5535
    7.5000    7.5000   45.000011675.2402   17.5572
   -7.5000   15.0000   45.000010822.9561   17.5745
    0.0000   15.0000   45.000011314.3994   17.5619
    7.5000   15.0000   45.000010811.3906   17.5704
   -7.5000   22.5000   45.0000 9901.9561   17.5731
    0.0000   22.5000   45.000010354.6074   17.5573
    7.5000   22.5000   45.0000 9872.1582   17.5660
   -7.5000   30.0000   45.0000 8935.5801   17.3597
    0.0000   30.0000   45.0000 9327.4092   17.3364
    7.5000   30.0000   45.0000 8900.4258   17.3410
   -7.5000   37.5000   45.0000 8330.9424   17.4681
    0.0000   37.5000   45.0000 8696.4326   17.4407
    7.5000   37.5000   45.0000 8295.7373   17.4394
   -7.5000   45.0000   45.0000 7429.4888   17.2707
    0.0000   45.0000   45.0000 7742.5391   17.2442
    7.5000   45.0000   45.0000 7390.2964   17.2417

---------------------------------------------------------------------
imgreg_4dfp /opt/freesurfer/average/711-2C_as_mni_average_305 /opt/freesurfer/average/711-2B_as_mni_average_305_mask talsrcimg_g11 none talsrcimg_to_711-2C_as_mni_average_305_t4 4355
---------------------------------------------------------------------

freesurfer imgreg_4dfp.c
/opt/freesurfer/average/711-2C_as_mni_average_305.4dfp.img
       256       256       256         1
  1.000000  1.000000  1.000000
orientation T byte_order littleendian
Reading image: /opt/freesurfer/average/711-2C_as_mni_average_305.4dfp.img
dimensions:      256       256       256
mmppix:       1.0000   -1.0000   -1.0000
center:     128.0000 -129.0000 -129.0000
/opt/freesurfer/average/711-2B_as_mni_average_305_mask.4dfp.img
       256       256       256         1
  1.000000  1.000000  1.000000
orientation T byte_order littleendian
Reading mask: /opt/freesurfer/average/711-2B_as_mni_average_305_mask.4dfp.img (2306576 pixels)
talsrcimg_g11.4dfp.img
       256       256       256         1
  1.000000  1.000000  1.000000
orientation T byte_order littleendian
Reading image: talsrcimg_g11.4dfp.img
dimensions:      256       256       256
mmppix:       1.0000   -1.0000   -1.0000
center:     128.0000 -129.0000 -129.0000
rotation matrix determinant  1.000000
image alignment mode   4355 decimal     1103 hex
   -7.5000  -45.0000  -45.0000 2306.7415   14.6043
    0.0000  -45.0000  -45.0000 2321.8918   14.4956
    7.5000  -45.0000  -45.0000 2316.8608   14.5564
   -7.5000  -37.5000  -45.0000 2351.5393   13.9790
    0.0000  -37.5000  -45.0000 2365.9956   13.8684
    7.5000  -37.5000  -45.0000 2360.5505   13.9310
   -7.5000  -30.0000  -45.0000 2373.0891   13.6482
    0.0000  -30.0000  -45.0000 2390.7578   13.5627
    7.5000  -30.0000  -45.0000 2378.7827   13.6442
   -7.5000  -22.5000  -45.0000 2375.2859   13.5420
    0.0000  -22.5000  -45.0000 2400.3853   13.4412
    7.5000  -22.5000  -45.0000 2383.8218   13.5419
   -7.5000  -15.0000  -45.0000 2370.6833   13.6512
    0.0000  -15.0000  -45.0000 2391.3604   13.5131
    7.5000  -15.0000  -45.0000 2373.6785   13.5960
   -7.5000   -7.5000  -45.0000 2347.5352   13.9815
    0.0000   -7.5000  -45.0000 2368.4597   13.8282
    7.5000   -7.5000  -45.0000 2354.6318   13.8989
   -7.5000    0.0000  -45.0000 2302.4963   14.5622
    0.0000    0.0000  -45.0000 2325.9768   14.4080
    7.5000    0.0000  -45.0000 2313.9851   14.4628
   -7.5000    7.5000  -45.0000 2241.5637   15.4455
    0.0000    7.5000  -45.0000 2266.4680   15.2731
    7.5000    7.5000  -45.0000 2250.6963   15.3210
   -7.5000   15.0000  -45.0000 2162.4858   16.6392
    0.0000   15.0000  -45.0000 2183.4998   16.4403
    7.5000   15.0000  -45.0000 2166.9890   16.4856
   -7.5000   22.5000  -45.0000 2070.2305   18.1802
    0.0000   22.5000  -45.0000 2087.8479   17.9746
    7.5000   22.5000  -45.0000 2069.8242   18.0484
   -7.5000   30.0000  -45.0000 1960.4323   20.3040
    0.0000   30.0000  -45.0000 1973.7081   20.0338
    7.5000   30.0000  -45.0000 1961.3936   20.1543
   -7.5000   37.5000  -45.0000 1844.8534   23.1150
    0.0000   37.5000  -45.0000 1858.9696   22.7924
    7.5000   37.5000  -45.0000 1843.8806   22.9360
   -7.5000   45.0000  -45.0000 1717.2894   26.8105
    0.0000   45.0000  -45.0000 1729.6710   26.4779
    7.5000   45.0000  -45.0000 1716.9058   26.6338
   -7.5000  -45.0000  -37.5000 2393.4321   13.6674
    0.0000  -45.0000  -37.5000 2409.7971   13.5629
    7.5000  -45.0000  -37.5000 2402.2625   13.6123
   -7.5000  -37.5000  -37.5000 2445.1873   13.0358
    0.0000  -37.5000  -37.5000 2459.2327   12.9518
    7.5000  -37.5000  -37.5000 2449.9612   13.0003
   -7.5000  -30.0000  -37.5000 2465.7812   12.7005
    0.0000  -30.0000  -37.5000 2489.9817   12.6474
    7.5000  -30.0000  -37.5000 2473.1604   12.7049
   -7.5000  -22.5000  -37.5000 2470.6826   12.6108
    0.0000  -22.5000  -37.5000 2496.3787   12.5146
    7.5000  -22.5000  -37.5000 2477.1772   12.6009
   -7.5000  -15.0000  -37.5000 2467.9795   12.7125
    0.0000  -15.0000  -37.5000 2494.2883   12.5688
    7.5000  -15.0000  -37.5000 2473.9824   12.6453
   -7.5000   -7.5000  -37.5000 2448.9761   12.9932
    0.0000   -7.5000  -37.5000 2474.9133   12.8384
    7.5000   -7.5000  -37.5000 2455.1736   12.9167
   -7.5000    0.0000  -37.5000 2403.4629   13.4879
    0.0000    0.0000  -37.5000 2432.9988   13.3394
    7.5000    0.0000  -37.5000 2415.4851   13.4047
   -7.5000    7.5000  -37.5000 2337.5605   14.2344
    0.0000    7.5000  -37.5000 2365.3105   14.0857
    7.5000    7.5000  -37.5000 2345.6084   14.1565
   -7.5000   15.0000  -37.5000 2251.3337   15.2976
    0.0000   15.0000  -37.5000 2275.2869   15.1316
    7.5000   15.0000  -37.5000 2259.0642   15.2215
   -7.5000   22.5000  -37.5000 2156.2622   16.7238
    0.0000   22.5000  -37.5000 2171.9858   16.5432
    7.5000   22.5000  -37.5000 2156.2493   16.6220
   -7.5000   30.0000  -37.5000 2038.4867   18.6626
    0.0000   30.0000  -37.5000 2054.5100   18.4167
    7.5000   30.0000  -37.5000 2039.4620   18.4926
   -7.5000   37.5000  -37.5000 1921.1958   21.1722
    0.0000   37.5000  -37.5000 1938.1692   20.9087
    7.5000   37.5000  -37.5000 1920.8344   21.0211
   -7.5000   45.0000  -37.5000 1791.4122   24.4851
    0.0000   45.0000  -37.5000 1802.1642   24.2350
    7.5000   45.0000  -37.5000 1787.5374   24.3738
   -7.5000  -45.0000  -30.0000 2517.4397   13.2641
    0.0000  -45.0000  -30.0000 2534.8176   13.1877
    7.5000  -45.0000  -30.0000 2525.6299   13.2116
   -7.5000  -37.5000  -30.0000 2576.4680   12.5861
    0.0000  -37.5000  -30.0000 2598.1023   12.5126
    7.5000  -37.5000  -30.0000 2580.5090   12.5606
   -7.5000  -30.0000  -30.0000 2608.6956   12.2236
    0.0000  -30.0000  -30.0000 2634.4912   12.1529
    7.5000  -30.0000  -30.0000 2615.4294   12.2151
   -7.5000  -22.5000  -30.0000 2616.4250   12.1252
    0.0000  -22.5000  -30.0000 2642.0073   12.0482
    7.5000  -22.5000  -30.0000 2624.6021   12.1036
   -7.5000  -15.0000  -30.0000 2614.1147   12.2558
    0.0000  -15.0000  -30.0000 2638.6670   12.1292
    7.5000  -15.0000  -30.0000 2620.5947   12.2007
   -7.5000   -7.5000  -30.0000 2592.8518   12.5192
    0.0000   -7.5000  -30.0000 2619.8105   12.3874
    7.5000   -7.5000  -30.0000 2600.0632   12.4790
   -7.5000    0.0000  -30.0000 2549.5701   12.9590
    0.0000    0.0000  -30.0000 2578.5339   12.8361
    7.5000    0.0000  -30.0000 2558.4023   12.9271
   -7.5000    7.5000  -30.0000 2480.8831   13.6363
    0.0000    7.5000  -30.0000 2510.4402   13.5019
    7.5000    7.5000  -30.0000 2490.0933   13.5904
   -7.5000   15.0000  -30.0000 2391.5676   14.6368
    0.0000   15.0000  -30.0000 2413.7676   14.4860
    7.5000   15.0000  -30.0000 2395.9055   14.5804
   -7.5000   22.5000  -30.0000 2282.7419   16.0054
    0.0000   22.5000  -30.0000 2300.2773   15.8380
    7.5000   22.5000  -30.0000 2281.8748   15.9278
   -7.5000   30.0000  -30.0000 2155.9302   17.8119
    0.0000   30.0000  -30.0000 2171.3706   17.6144
    7.5000   30.0000  -30.0000 2154.0291   17.6902
   -7.5000   37.5000  -30.0000 2034.0699   20.1647
    0.0000   37.5000  -30.0000 2049.9473   19.9614
    7.5000   37.5000  -30.0000 2032.9301   20.0227
   -7.5000   45.0000  -30.0000 1895.8896   23.2763
    0.0000   45.0000  -30.0000 1907.3068   23.0185
    7.5000   45.0000  -30.0000 1893.1486   23.1597
   -7.5000  -45.0000  -22.5000 2603.2644   12.7609
    0.0000  -45.0000  -22.5000 2622.6973   12.6957
    7.5000  -45.0000  -22.5000 2607.9563   12.7182
   -7.5000  -37.5000  -22.5000 2673.6904   12.0289
    0.0000  -37.5000  -22.5000 2692.4949   11.9552
    7.5000  -37.5000  -22.5000 2675.8245   11.9780
   -7.5000  -30.0000  -22.5000 2718.4368   11.6431
    0.0000  -30.0000  -22.5000 2743.8674   11.5685
    7.5000  -30.0000  -22.5000 2722.9785   11.6059
   -7.5000  -22.5000  -22.5000 2737.9036   11.5318
    0.0000  -22.5000  -22.5000 2763.5342   11.4746
    7.5000  -22.5000  -22.5000 2743.1904   11.5102
   -7.5000  -15.0000  -22.5000 2735.1033   11.6924
    0.0000  -15.0000  -22.5000 2759.6577   11.6051
    7.5000  -15.0000  -22.5000 2744.2205   11.6485
   -7.5000   -7.5000  -22.5000 2714.6636   11.9444
    0.0000   -7.5000  -22.5000 2744.0481   11.8567
    7.5000   -7.5000  -22.5000 2723.1692   11.9239
   -7.5000    0.0000  -22.5000 2672.4768   12.3562
    0.0000    0.0000  -22.5000 2703.5261   12.2668
    7.5000    0.0000  -22.5000 2680.0862   12.3470
   -7.5000    7.5000  -22.5000 2601.7102   12.9963
    0.0000    7.5000  -22.5000 2630.6792   12.8807
    7.5000    7.5000  -22.5000 2606.5293   12.9783
   -7.5000   15.0000  -22.5000 2504.2925   13.9267
    0.0000   15.0000  -22.5000 2528.9500   13.7865
    7.5000   15.0000  -22.5000 2505.6697   13.8885
   -7.5000   22.5000  -22.5000 2388.0398   15.2062
    0.0000   22.5000  -22.5000 2410.1455   15.0811
    7.5000   22.5000  -22.5000 2387.8521   15.1681
   -7.5000   30.0000  -22.5000 2253.1150   16.9294
    0.0000   30.0000  -22.5000 2270.2183   16.7869
    7.5000   30.0000  -22.5000 2253.6255   16.8454
   -7.5000   37.5000  -22.5000 2121.8167   19.1397
    0.0000   37.5000  -22.5000 2132.5625   18.9878
    7.5000   37.5000  -22.5000 2117.7170   19.0230
   -7.5000   45.0000  -22.5000 1977.5653   22.0388
    0.0000   45.0000  -22.5000 1989.7963   21.8336
    7.5000   45.0000  -22.5000 1974.5018   21.9031
   -7.5000  -45.0000  -15.0000 2655.8743   12.3221
    0.0000  -45.0000  -15.0000 2675.9836   12.2566
    7.5000  -45.0000  -15.0000 2658.6660   12.2809
   -7.5000  -37.5000  -15.0000 2735.7024   11.5485
    0.0000  -37.5000  -15.0000 2762.3296   11.4833
    7.5000  -37.5000  -15.0000 2741.9866   11.5080
   -7.5000  -30.0000  -15.0000 2791.7036   11.1163
    0.0000  -30.0000  -15.0000 2821.2063   11.0350
    7.5000  -30.0000  -15.0000 2798.2542   11.0973
   -7.5000  -22.5000  -15.0000 2826.9814   10.9630
    0.0000  -22.5000  -15.0000 2855.5330   10.8922
    7.5000  -22.5000  -15.0000 2832.7422   10.9652
   -7.5000  -15.0000  -15.0000 2827.6909   11.1126
    0.0000  -15.0000  -15.0000 2856.2822   11.0511
    7.5000  -15.0000  -15.0000 2835.0818   11.0977
   -7.5000   -7.5000  -15.0000 2810.6338   11.3745
    0.0000   -7.5000  -15.0000 2844.6184   11.3134
    7.5000   -7.5000  -15.0000 2818.8003   11.3687
   -7.5000    0.0000  -15.0000 2768.7485   11.8110
    0.0000    0.0000  -15.0000 2802.7222   11.7055
    7.5000    0.0000  -15.0000 2773.2087   11.7876
   -7.5000    7.5000  -15.0000 2694.1877   12.4218
    0.0000    7.5000  -15.0000 2723.6975   12.2952
    7.5000    7.5000  -15.0000 2696.1592   12.4095
   -7.5000   15.0000  -15.0000 2589.0261   13.2904
    0.0000   15.0000  -15.0000 2615.0330   13.1539
    7.5000   15.0000  -15.0000 2587.6733   13.2775
   -7.5000   22.5000  -15.0000 2466.1626   14.5125
    0.0000   22.5000  -15.0000 2488.4734   14.3886
    7.5000   22.5000  -15.0000 2465.7593   14.4991
   -7.5000   30.0000  -15.0000 2324.3540   16.1729
    0.0000   30.0000  -15.0000 2344.0979   16.0377
    7.5000   30.0000  -15.0000 2325.1882   16.1207
   -7.5000   37.5000  -15.0000 2184.0447   18.2656
    0.0000   37.5000  -15.0000 2195.1343   18.0856
    7.5000   37.5000  -15.0000 2181.3257   18.1766
   -7.5000   45.0000  -15.0000 2033.2689   21.0101
    0.0000   45.0000  -15.0000 2043.5605   20.7572
    7.5000   45.0000  -15.0000 2029.3503   20.8677
   -7.5000  -45.0000   -7.5000 2684.0623   12.0023
    0.0000  -45.0000   -7.5000 2710.1843   11.8996
    7.5000  -45.0000   -7.5000 2693.3186   11.9522
   -7.5000  -37.5000   -7.5000 2770.2815   11.1935
    0.0000  -37.5000   -7.5000 2800.8223   11.1012
    7.5000  -37.5000   -7.5000 2780.7310   11.1552
   -7.5000  -30.0000   -7.5000 2835.5183   10.7029
    0.0000  -30.0000   -7.5000 2866.3301   10.6000
    7.5000  -30.0000   -7.5000 2849.6038   10.6977
   -7.5000  -22.5000   -7.5000 2884.6997   10.4939
    0.0000  -22.5000   -7.5000 2923.7793   10.3978
    7.5000  -22.5000   -7.5000 2893.0508   10.5166
   -7.5000  -15.0000   -7.5000 2895.0227   10.6074
    0.0000  -15.0000   -7.5000 2933.1187   10.5208
    7.5000  -15.0000   -7.5000 2901.7224   10.6327
   -7.5000   -7.5000   -7.5000 2883.8025   10.9142
    0.0000   -7.5000   -7.5000 2919.7932   10.8051
    7.5000   -7.5000   -7.5000 2888.7637   10.9132
   -7.5000    0.0000   -7.5000 2838.3657   11.3689
    0.0000    0.0000   -7.5000 2871.5854   11.2341
    7.5000    0.0000   -7.5000 2838.1289   11.3493
   -7.5000    7.5000   -7.5000 2756.1907   11.9543
    0.0000    7.5000   -7.5000 2788.2859   11.8242
    7.5000    7.5000   -7.5000 2756.3528   11.9606
   -7.5000   15.0000   -7.5000 2647.5901   12.7908
    0.0000   15.0000   -7.5000 2677.4905   12.6548
    7.5000   15.0000   -7.5000 2644.4741   12.8140
   -7.5000   22.5000   -7.5000 2519.4905   13.9561
    0.0000   22.5000   -7.5000 2544.9678   13.8345
    7.5000   22.5000   -7.5000 2518.6240   13.9897
   -7.5000   30.0000   -7.5000 2377.8413   15.5326
    0.0000   30.0000   -7.5000 2397.4727   15.4195
    7.5000   30.0000   -7.5000 2374.8542   15.5358
   -7.5000   37.5000   -7.5000 2227.9978   17.5311
    0.0000   37.5000   -7.5000 2245.0435   17.4211
    7.5000   37.5000   -7.5000 2224.4946   17.5148
   -7.5000   45.0000   -7.5000 2066.9355   20.1097
    0.0000   45.0000   -7.5000 2080.5264   19.9259
    7.5000   45.0000   -7.5000 2063.2156   20.0574
   -7.5000  -45.0000    0.0000 2684.8997   11.8598
    0.0000  -45.0000    0.0000 2715.7881   11.6988
    7.5000  -45.0000    0.0000 2701.0261   11.8299
   -7.5000  -37.5000    0.0000 2774.3318   11.0425
    0.0000  -37.5000    0.0000 2808.5515   10.8880
    7.5000  -37.5000    0.0000 2791.6250   11.0257
   -7.5000  -30.0000    0.0000 2851.9888   10.5044
    0.0000  -30.0000    0.0000 2887.1880   10.3653
    7.5000  -30.0000    0.0000 2867.0115   10.4997
   -7.5000  -22.5000    0.0000 2910.7478   10.2507
    0.0000  -22.5000    0.0000 2953.3562   10.0932
    7.5000  -22.5000    0.0000 2916.9802   10.2843
   -7.5000  -15.0000    0.0000 2938.7920   10.3049
    0.0000  -15.0000    0.0000 2977.5918   10.1185
    7.5000  -15.0000    0.0000 2944.2747   10.3465
   -7.5000   -7.5000    0.0000 2928.9910   10.6529
    0.0000   -7.5000    0.0000 2962.1060   10.4620
    7.5000   -7.5000    0.0000 2931.6292   10.6593
   -7.5000    0.0000    0.0000 2881.9961   11.1025
    0.0000    0.0000    0.0000 2911.9785   10.9350
    7.5000    0.0000    0.0000 2876.2122   11.1118
   -7.5000    7.5000    0.0000 2797.3171   11.7152
    0.0000    7.5000    0.0000 2824.8179   11.5826
    7.5000    7.5000    0.0000 2786.9209   11.7603
   -7.5000   15.0000    0.0000 2680.3164   12.5628
    0.0000   15.0000    0.0000 2708.0640   12.4400
    7.5000   15.0000    0.0000 2676.0554   12.5927
   -7.5000   22.5000    0.0000 2549.9136   13.6905
    0.0000   22.5000    0.0000 2571.1846   13.5567
    7.5000   22.5000    0.0000 2547.0261   13.7089
   -7.5000   30.0000    0.0000 2406.8628   15.1966
    0.0000   30.0000    0.0000 2426.9111   15.0630
    7.5000   30.0000    0.0000 2401.7808   15.1830
   -7.5000   37.5000    0.0000 2250.6047   17.1306
    0.0000   37.5000    0.0000 2271.1543   17.0066
    7.5000   37.5000    0.0000 2249.0271   17.1211
   -7.5000   45.0000    0.0000 2084.8696   19.5414
    0.0000   45.0000    0.0000 2101.2031   19.3906
    7.5000   45.0000    0.0000 2081.0361   19.5424
   -7.5000  -45.0000    7.5000 2664.6060   11.9266
    0.0000  -45.0000    7.5000 2690.4385   11.7143
    7.5000  -45.0000    7.5000 2679.7283   11.9050
   -7.5000  -37.5000    7.5000 2762.8564   11.0788
    0.0000  -37.5000    7.5000 2790.3113   10.8778
    7.5000  -37.5000    7.5000 2778.1318   11.0780
   -7.5000  -30.0000    7.5000 2844.3997   10.5121
    0.0000  -30.0000    7.5000 2872.8999   10.3109
    7.5000  -30.0000    7.5000 2857.5171   10.5180
   -7.5000  -22.5000    7.5000 2912.4792   10.2748
    0.0000  -22.5000    7.5000 2946.5049   10.0956
    7.5000  -22.5000    7.5000 2919.4609   10.3001
   -7.5000  -15.0000    7.5000 2950.8979   10.2727
    0.0000  -15.0000    7.5000 2986.4856   10.0479
    7.5000  -15.0000    7.5000 2949.1519   10.3150
   -7.5000   -7.5000    7.5000 2942.1350   10.5003
    0.0000   -7.5000    7.5000 2979.0181   10.3167
    7.5000   -7.5000    7.5000 2941.2781   10.5462
   -7.5000    0.0000    7.5000 2891.5417   10.9529
    0.0000    0.0000    7.5000 2919.6223   10.8228
    7.5000    0.0000    7.5000 2885.4185   10.9771
   -7.5000    7.5000    7.5000 2807.4065   11.6054
    0.0000    7.5000    7.5000 2831.0662   11.5042
    7.5000    7.5000    7.5000 2797.9841   11.6284
   -7.5000   15.0000    7.5000 2686.8730   12.4873
    0.0000   15.0000    7.5000 2708.2700   12.3933
    7.5000   15.0000    7.5000 2681.6895   12.5015
   -7.5000   22.5000    7.5000 2553.3984   13.5999
    0.0000   22.5000    7.5000 2572.6768   13.5119
    7.5000   22.5000    7.5000 2551.2122   13.6059
   -7.5000   30.0000    7.5000 2410.1934   15.0309
    0.0000   30.0000    7.5000 2430.4617   14.9542
    7.5000   30.0000    7.5000 2407.1921   15.0144
   -7.5000   37.5000    7.5000 2255.0569   16.9122
    0.0000   37.5000    7.5000 2275.7522   16.8313
    7.5000   37.5000    7.5000 2253.1528   16.8754
   -7.5000   45.0000    7.5000 2092.0913   19.2484
    0.0000   45.0000    7.5000 2106.7898   19.1729
    7.5000   45.0000    7.5000 2088.2041   19.2297
   -7.5000  -45.0000   15.0000 2623.3899   12.1356
    0.0000  -45.0000   15.0000 2645.2107   11.9188
    7.5000  -45.0000   15.0000 2635.6375   12.1595
   -7.5000  -37.5000   15.0000 2725.9126   11.2559
    0.0000  -37.5000   15.0000 2752.3433   11.0818
    7.5000  -37.5000   15.0000 2733.6450   11.2862
   -7.5000  -30.0000   15.0000 2814.5701   10.6814
    0.0000  -30.0000   15.0000 2842.0466   10.5116
    7.5000  -30.0000   15.0000 2817.8052   10.7174
   -7.5000  -22.5000   15.0000 2886.5203   10.4516
    0.0000  -22.5000   15.0000 2921.0188   10.3012
    7.5000  -22.5000   15.0000 2888.3196   10.5057
   -7.5000  -15.0000   15.0000 2925.5930   10.4327
    0.0000  -15.0000   15.0000 2962.9871   10.2758
    7.5000  -15.0000   15.0000 2922.9775   10.4717
   -7.5000   -7.5000   15.0000 2923.5908   10.6160
    0.0000   -7.5000   15.0000 2958.7947   10.4929
    7.5000   -7.5000   15.0000 2919.8767   10.6209
   -7.5000    0.0000   15.0000 2869.4646   11.0427
    0.0000    0.0000   15.0000 2898.1895   10.9501
    7.5000    0.0000   15.0000 2866.4272   11.0408
   -7.5000    7.5000   15.0000 2787.5779   11.6748
    0.0000    7.5000   15.0000 2811.6975   11.6005
    7.5000    7.5000   15.0000 2781.1194   11.6717
   -7.5000   15.0000   15.0000 2675.0613   12.5688
    0.0000   15.0000   15.0000 2694.4539   12.4848
    7.5000   15.0000   15.0000 2669.6240   12.5473
   -7.5000   22.5000   15.0000 2540.1963   13.6981
    0.0000   22.5000   15.0000 2557.8967   13.6067
    7.5000   22.5000   15.0000 2538.2717   13.6894
   -7.5000   30.0000   15.0000 2396.9883   15.1100
    0.0000   30.0000   15.0000 2412.3918   15.0266
    7.5000   30.0000   15.0000 2396.3457   15.1012
   -7.5000   37.5000   15.0000 2239.9436   16.9471
    0.0000   37.5000   15.0000 2258.0977   16.8385
    7.5000   37.5000   15.0000 2236.9934   16.9265
   -7.5000   45.0000   15.0000 2077.4624   19.2490
    0.0000   45.0000   15.0000 2096.9170   19.1189
    7.5000   45.0000   15.0000 2073.9084   19.1952
   -7.5000  -45.0000   22.5000 2570.9961   12.5448
    0.0000  -45.0000   22.5000 2588.6277   12.3125
    7.5000  -45.0000   22.5000 2573.7732   12.5916
   -7.5000  -37.5000   22.5000 2668.8501   11.6779
    0.0000  -37.5000   22.5000 2689.7446   11.4666
    7.5000  -37.5000   22.5000 2671.3726   11.7264
   -7.5000  -30.0000   22.5000 2763.2961   11.1186
    0.0000  -30.0000   22.5000 2788.4368   10.9190
    7.5000  -30.0000   22.5000 2762.2295   11.1597
   -7.5000  -22.5000   22.5000 2838.9983   10.8195
    0.0000  -22.5000   22.5000 2870.4045   10.6317
    7.5000  -22.5000   22.5000 2838.2061   10.8709
   -7.5000  -15.0000   22.5000 2876.8755   10.7807
    0.0000  -15.0000   22.5000 2907.5171   10.6090
    7.5000  -15.0000   22.5000 2872.5017   10.8128
   -7.5000   -7.5000   22.5000 2874.7490   10.9599
    0.0000   -7.5000   22.5000 2903.9231   10.8215
    7.5000   -7.5000   22.5000 2871.7739   10.9520
   -7.5000    0.0000   22.5000 2821.8198   11.3599
    0.0000    0.0000   22.5000 2849.8442   11.2343
    7.5000    0.0000   22.5000 2821.8914   11.3524
   -7.5000    7.5000   22.5000 2741.1921   11.9844
    0.0000    7.5000   22.5000 2762.1819   11.8838
    7.5000    7.5000   22.5000 2734.9954   11.9920
   -7.5000   15.0000   22.5000 2637.5479   12.8426
    0.0000   15.0000   22.5000 2658.1038   12.7477
    7.5000   15.0000   22.5000 2627.9980   12.8417
   -7.5000   22.5000   22.5000 2508.3896   13.9749
    0.0000   22.5000   22.5000 2527.6978   13.8814
    7.5000   22.5000   22.5000 2504.9895   13.9583
   -7.5000   30.0000   22.5000 2368.7339   15.4015
    0.0000   30.0000   22.5000 2384.8772   15.3099
    7.5000   30.0000   22.5000 2367.1274   15.3620
   -7.5000   37.5000   22.5000 2215.8623   17.1651
    0.0000   37.5000   22.5000 2231.4170   17.0566
    7.5000   37.5000   22.5000 2215.3489   17.1195
   -7.5000   45.0000   22.5000 2055.1619   19.4074
    0.0000   45.0000   22.5000 2071.4771   19.2493
    7.5000   45.0000   22.5000 2052.8047   19.3371
   -7.5000  -45.0000   30.0000 2505.4468   13.1994
    0.0000  -45.0000   30.0000 2522.6138   13.0108
    7.5000  -45.0000   30.0000 2507.0632   13.2855
   -7.5000  -37.5000   30.0000 2606.1980   12.2863
    0.0000  -37.5000   30.0000 2626.1523   12.1124
    7.5000  -37.5000   30.0000 2606.1873   12.3724
   -7.5000  -30.0000   30.0000 2695.6924   11.7110
    0.0000  -30.0000   30.0000 2719.1172   11.5361
    7.5000  -30.0000   30.0000 2693.3625   11.7822
   -7.5000  -22.5000   30.0000 2770.2061   11.3551
    0.0000  -22.5000   30.0000 2796.7395   11.1828
    7.5000  -22.5000   30.0000 2766.2034   11.4041
   -7.5000  -15.0000   30.0000 2805.5979   11.3079
    0.0000  -15.0000   30.0000 2828.8848   11.1736
    7.5000  -15.0000   30.0000 2798.0125   11.3443
   -7.5000   -7.5000   30.0000 2798.3782   11.5080
    0.0000   -7.5000   30.0000 2820.7390   11.3871
    7.5000   -7.5000   30.0000 2797.4980   11.5186
   -7.5000    0.0000   30.0000 2748.3384   11.8906
    0.0000    0.0000   30.0000 2771.7654   11.7790
    7.5000    0.0000   30.0000 2752.2202   11.8948
   -7.5000    7.5000   30.0000 2670.6560   12.4794
    0.0000    7.5000   30.0000 2694.0242   12.3803
    7.5000    7.5000   30.0000 2670.8955   12.4936
   -7.5000   15.0000   30.0000 2573.7776   13.3152
    0.0000   15.0000   30.0000 2595.2415   13.2305
    7.5000   15.0000   30.0000 2569.3940   13.3301
   -7.5000   22.5000   30.0000 2456.8354   14.4318
    0.0000   22.5000   30.0000 2475.4441   14.3466
    7.5000   22.5000   30.0000 2454.6628   14.4304
   -7.5000   30.0000   30.0000 2324.4602   15.8341
    0.0000   30.0000   30.0000 2339.0288   15.7452
    7.5000   30.0000   30.0000 2323.5676   15.8118
   -7.5000   37.5000   30.0000 2176.5762   17.5674
    0.0000   37.5000   30.0000 2193.7502   17.4736
    7.5000   37.5000   30.0000 2175.3098   17.5454
   -7.5000   45.0000   30.0000 2020.1407   19.8000
    0.0000   45.0000   30.0000 2037.4806   19.6512
    7.5000   45.0000   30.0000 2018.9923   19.7727
   -7.5000  -45.0000   37.5000 2441.5918   14.0951
    0.0000  -45.0000   37.5000 2457.4065   13.9515
    7.5000  -45.0000   37.5000 2439.7173   14.2044
   -7.5000  -37.5000   37.5000 2539.5518   13.1242
    0.0000  -37.5000   37.5000 2554.4424   12.9828
    7.5000  -37.5000   37.5000 2532.7236   13.2152
   -7.5000  -30.0000   37.5000 2616.6521   12.4986
    0.0000  -30.0000   37.5000 2640.0066   12.3369
    7.5000  -30.0000   37.5000 2613.2864   12.5632
   -7.5000  -22.5000   37.5000 2688.7532   12.1222
    0.0000  -22.5000   37.5000 2708.5740   11.9695
    7.5000  -22.5000   37.5000 2681.0391   12.1475
   -7.5000  -15.0000   37.5000 2716.6343   12.0482
    0.0000  -15.0000   37.5000 2734.7263   11.9169
    7.5000  -15.0000   37.5000 2709.9050   12.0639
   -7.5000   -7.5000   37.5000 2703.4766   12.2453
    0.0000   -7.5000   37.5000 2725.2590   12.1286
    7.5000   -7.5000   37.5000 2703.7393   12.2512
   -7.5000    0.0000   37.5000 2658.5776   12.6271
    0.0000    0.0000   37.5000 2681.3020   12.5371
    7.5000    0.0000   37.5000 2661.4053   12.6263
   -7.5000    7.5000   37.5000 2591.0315   13.2048
    0.0000    7.5000   37.5000 2612.2134   13.1226
    7.5000    7.5000   37.5000 2590.1604   13.2182
   -7.5000   15.0000   37.5000 2503.1812   13.9985
    0.0000   15.0000   37.5000 2521.9104   13.9418
    7.5000   15.0000   37.5000 2499.2888   14.0422
   -7.5000   22.5000   37.5000 2394.4246   15.0952
    0.0000   22.5000   37.5000 2411.2793   15.0081
    7.5000   22.5000   37.5000 2393.1182   15.0967
   -7.5000   30.0000   37.5000 2266.7939   16.5114
    0.0000   30.0000   37.5000 2278.8726   16.3825
    7.5000   30.0000   37.5000 2264.9844   16.4669
   -7.5000   37.5000   37.5000 2127.1680   18.2554
    0.0000   37.5000   37.5000 2142.8062   18.1494
    7.5000   37.5000   37.5000 2128.8467   18.2279
   -7.5000   45.0000   37.5000 1983.3113   20.5079
    0.0000   45.0000   37.5000 1997.8794   20.3745
    7.5000   45.0000   37.5000 1982.1624   20.4734
   -7.5000  -45.0000   45.0000 2363.8528   15.2561
    0.0000  -45.0000   45.0000 2379.1150   15.1259
    7.5000  -45.0000   45.0000 2357.1982   15.3237
   -7.5000  -37.5000   45.0000 2457.5115   14.2318
    0.0000  -37.5000   45.0000 2477.3984   14.1263
    7.5000  -37.5000   45.0000 2447.7224   14.2915
   -7.5000  -30.0000   45.0000 2533.0388   13.5004
    0.0000  -30.0000   45.0000 2554.0046   13.3793
    7.5000  -30.0000   45.0000 2522.4255   13.5525
   -7.5000  -22.5000   45.0000 2593.7207   13.0865
    0.0000  -22.5000   45.0000 2610.7676   12.9731
    7.5000  -22.5000   45.0000 2583.8926   13.1016
   -7.5000  -15.0000   45.0000 2614.8699   12.9667
    0.0000  -15.0000   45.0000 2631.6826   12.8476
    7.5000  -15.0000   45.0000 2610.3352   12.9762
   -7.5000   -7.5000   45.0000 2600.0029   13.1480
    0.0000   -7.5000   45.0000 2621.5112   13.0549
    7.5000   -7.5000   45.0000 2602.9624   13.1710
   -7.5000    0.0000   45.0000 2559.3474   13.5340
    0.0000    0.0000   45.0000 2580.1389   13.4475
    7.5000    0.0000   45.0000 2562.6191   13.5312
   -7.5000    7.5000   45.0000 2501.1689   14.1288
    0.0000    7.5000   45.0000 2517.9602   14.0542
    7.5000    7.5000   45.0000 2498.7363   14.1563
   -7.5000   15.0000   45.0000 2419.9146   14.9206
    0.0000   15.0000   45.0000 2434.5581   14.8623
    7.5000   15.0000   45.0000 2415.1753   14.9518
   -7.5000   22.5000   45.0000 2323.4631   16.0147
    0.0000   22.5000   45.0000 2339.0193   15.9094
    7.5000   22.5000   45.0000 2319.1252   16.0056
   -7.5000   30.0000   45.0000 2203.6208   17.4207
    0.0000   30.0000   45.0000 2213.7114   17.2910
    7.5000   30.0000   45.0000 2201.9011   17.3951
   -7.5000   37.5000   45.0000 2073.6309   19.1990
    0.0000   37.5000   45.0000 2086.6841   19.0923
    7.5000   37.5000   45.0000 2071.6997   19.1934
   -7.5000   45.0000   45.0000 1933.6250   21.5037
    0.0000   45.0000   45.0000 1949.0226   21.3652
    7.5000   45.0000   45.0000 1933.7073   21.5125

---------------------------------------------------------------------
imgreg_4dfp /opt/freesurfer/average/711-2C_as_mni_average_305 /opt/freesurfer/average/711-2B_as_mni_average_305_mask talsrcimg_g11 none talsrcimg_to_711-2C_as_mni_average_305_t4 1283
---------------------------------------------------------------------

freesurfer imgreg_4dfp.c
/opt/freesurfer/average/711-2C_as_mni_average_305.4dfp.img
       256       256       256         1
  1.000000  1.000000  1.000000
orientation T byte_order littleendian
Reading image: /opt/freesurfer/average/711-2C_as_mni_average_305.4dfp.img
dimensions:      256       256       256
mmppix:       1.0000   -1.0000   -1.0000
center:     128.0000 -129.0000 -129.0000
/opt/freesurfer/average/711-2B_as_mni_average_305_mask.4dfp.img
       256       256       256         1
  1.000000  1.000000  1.000000
orientation T byte_order littleendian
Reading mask: /opt/freesurfer/average/711-2B_as_mni_average_305_mask.4dfp.img (2306576 pixels)
talsrcimg_g11.4dfp.img
       256       256       256         1
  1.000000  1.000000  1.000000
orientation T byte_order littleendian
Reading image: talsrcimg_g11.4dfp.img
dimensions:      256       256       256
mmppix:       1.0000   -1.0000   -1.0000
center:     128.0000 -129.0000 -129.0000
rotation matrix determinant  1.000000
fimgreg.f
image alignment mode   1283 decimal      503 hex
parameters
    0.0000  -15.0000    7.5000    0.0000    0.0000    0.0000
eta,q 0.93786 10.01512
niter,ni,del,rscale     5    3   12.0000    1.2000
parameter  2 -0.563929 -> -0.500000 qaram    1.1500
parameter  4  3.345194 ->  0.500000 qaram    1.1500
parameters
    0.3590  -11.5500    6.0564   -3.4500    1.7674   -0.5992
eta,q 0.94306  9.94449
  0.0734  0.0712  0.0632  0.0555  0.0611  0.0601
  0.0688  0.0674  0.0628  0.0572  0.0599  0.0584
  0.0647  0.0650  0.0618  0.0594  0.0590  0.0572
  0.0636  0.0633  0.0613  0.0617  0.0577  0.0570
  0.0640  0.0620  0.0624  0.0640  0.0569  0.0578
  0.0670  0.0615  0.0645  0.0669  0.0575  0.0594
  0.0715  0.0627  0.0677  0.0699  0.0590  0.0616
niter,ni,del,rscale     6    3   12.0000    1.2000
parameter  4  3.099406 ->  0.500000 qaram    1.3225
parameters
   -0.3621  -11.8336    6.5653   -7.4175    1.9842   -1.7446
eta,q 0.94644  9.87198
  0.0639  0.0651  0.0600  0.0507  0.0579  0.0559
  0.0600  0.0606  0.0589  0.0532  0.0557  0.0545
  0.0574  0.0582  0.0578  0.0549  0.0544  0.0537
  0.0569  0.0568  0.0569  0.0568  0.0537  0.0537
  0.0591  0.0576  0.0570  0.0593  0.0539  0.0546
  0.0631  0.0614  0.0577  0.0621  0.0553  0.0564
  0.0676  0.0671  0.0596  0.0655  0.0574  0.0585
niter,ni,del,rscale     6    3   12.0000    1.2000
parameter  4-20.718378 ->  0.500000 qaram    1.5209
parameters
   -0.7191  -10.3448    7.1501  -11.9801    1.6191   -1.3443
eta,q 0.95240  9.82533
  0.0627  0.0645  0.0568  0.0443  0.0517  0.0512
  0.0579  0.0589  0.0553  0.0468  0.0492  0.0493
  0.0546  0.0548  0.0543  0.0501  0.0480  0.0481
  0.0536  0.0536  0.0534  0.0532  0.0476  0.0476
  0.0551  0.0533  0.0530  0.0556  0.0483  0.0478
  0.0599  0.0542  0.0539  0.0580  0.0501  0.0487
  0.0650  0.0577  0.0563  0.0612  0.0528  0.0504
niter,ni,del,rscale     6    3   12.0000    1.2000
parameter  4  1.581085 ->  0.500000 qaram    1.7490
parameters
   -0.3899   -8.6590    7.1230  -17.2272    1.5969   -1.3860
eta,q 0.95813  9.80583
  0.0587  0.0583  0.0540  0.0410  0.0488  0.0454
  0.0541  0.0532  0.0511  0.0414  0.0458  0.0435
  0.0498  0.0496  0.0484  0.0434  0.0433  0.0423
  0.0476  0.0475  0.0471  0.0471  0.0419  0.0419
  0.0481  0.0471  0.0482  0.0507  0.0422  0.0422
  0.0518  0.0477  0.0508  0.0554  0.0451  0.0436
  0.0572  0.0515  0.0544  0.0588  0.0498  0.0455
niter,ni,del,rscale     6    3   12.0000    1.2000
parameters
   -0.4325   -7.2603    6.1872  -19.1497    1.7988   -1.5791
eta,q 0.96072  9.80374
  0.0553  0.0551  0.0474  0.0496  0.0468  0.0435
  0.0488  0.0484  0.0434  0.0420  0.0437  0.0413
  0.0433  0.0440  0.0414  0.0385  0.0411  0.0398
  0.0419  0.0419  0.0415  0.0411  0.0394  0.0393
  0.0439  0.0416  0.0438  0.0450  0.0396  0.0400
  0.0492  0.0431  0.0472  0.0499  0.0424  0.0417
  0.0554  0.0474  0.0518  0.0557  0.0467  0.0441
niter,ni,del,rscale     5    3   12.0000    1.2000
parameters
   -0.5587   -6.7539    5.6411  -19.9736    1.9777   -1.6755
eta,q 0.96168  9.79471
  0.0530  0.0520  0.0465  0.0506  0.0460  0.0430
  0.0461  0.0450  0.0421  0.0448  0.0428  0.0406
  0.0407  0.0413  0.0396  0.0381  0.0400  0.0389
  0.0393  0.0393  0.0391  0.0390  0.0384  0.0383
  0.0412  0.0396  0.0412  0.0428  0.0389  0.0390
  0.0469  0.0430  0.0446  0.0476  0.0418  0.0408
  0.0542  0.0488  0.0492  0.0535  0.0457  0.0434
niter,ni,del,rscale     4    3   12.0000    1.2000
parameters
   -0.6316   -6.4794    5.4969  -20.3924    2.0591   -1.7118
eta,q 0.96199  9.79488
  0.0524  0.0512  0.0470  0.0507  0.0455  0.0429
  0.0455  0.0442  0.0424  0.0459  0.0423  0.0404
  0.0399  0.0403  0.0395  0.0384  0.0395  0.0386
  0.0383  0.0383  0.0383  0.0382  0.0380  0.0380
  0.0401  0.0391  0.0399  0.0417  0.0387  0.0386
  0.0458  0.0431  0.0433  0.0465  0.0417  0.0405
  0.0532  0.0494  0.0476  0.0525  0.0456  0.0431
niter,ni,del,rscale     3    3   12.0000    1.2000
parameters
   -0.6636   -6.3289    5.4419  -20.6078    2.0878   -1.7320
eta,q 0.96211  9.79675
  0.0523  0.0510  0.0470  0.0507  0.0453  0.0428
  0.0453  0.0439  0.0424  0.0465  0.0421  0.0403
  0.0397  0.0398  0.0394  0.0387  0.0393  0.0385
  0.0380  0.0380  0.0380  0.0380  0.0379  0.0379
  0.0397  0.0390  0.0396  0.0411  0.0387  0.0385
  0.0453  0.0434  0.0429  0.0459  0.0417  0.0403
  0.0527  0.0499  0.0472  0.0519  0.0456  0.0429
niter,ni,del,rscale     2    3   12.0000    1.2000
parameters
   -0.6777   -6.2460    5.4179  -20.7241    2.0979   -1.7434
eta,q 0.96217  9.79803
  0.0522  0.0508  0.0470  0.0507  0.0452  0.0428
  0.0452  0.0438  0.0425  0.0467  0.0420  0.0402
  0.0396  0.0396  0.0393  0.0389  0.0393  0.0384
  0.0379  0.0379  0.0379  0.0379  0.0378  0.0378
  0.0396  0.0391  0.0394  0.0408  0.0387  0.0384
  0.0451  0.0437  0.0427  0.0456  0.0417  0.0403
  0.0525  0.0501  0.0470  0.0516  0.0456  0.0428
niter,ni,del,rscale     1    3   12.0000    1.2000
parameters
   -0.6828   -6.2002    5.4056  -20.7844    2.1011   -1.7512
eta,q 0.96220  9.79889
  0.0522  0.0507  0.0469  0.0506  0.0452  0.0428
  0.0452  0.0437  0.0425  0.0468  0.0420  0.0402
  0.0396  0.0395  0.0393  0.0390  0.0392  0.0384
  0.0378  0.0378  0.0378  0.0378  0.0378  0.0378
  0.0395  0.0391  0.0394  0.0407  0.0386  0.0384
  0.0451  0.0438  0.0427  0.0455  0.0417  0.0403
  0.0524  0.0503  0.0469  0.0514  0.0456  0.0428
registration optimization eta report
parameter search radius
    6.0000    6.9000    6.0000   10.4940    6.0000    6.0000
100000*second partial in parameter space
       40.       27.       24.       12.       21.       14.
  0.0522  0.0507  0.0469  0.0506  0.0452  0.0428
  0.0452  0.0437  0.0425  0.0468  0.0420  0.0402
  0.0396  0.0395  0.0393  0.0390  0.0392  0.0384
  0.0378  0.0378  0.0378  0.0378  0.0378  0.0378
  0.0395  0.0391  0.0394  0.0407  0.0386  0.0384
  0.0451  0.0438  0.0427  0.0455  0.0417  0.0403
  0.0524  0.0503  0.0469  0.0514  0.0456  0.0428
   -0.6828   -6.2002    5.4056  -20.7844    2.1011   -1.7512
eta,q 0.96220  9.79889

---------------------------------------------------------------------
imgreg_4dfp /opt/freesurfer/average/711-2C_as_mni_average_305 /opt/freesurfer/average/711-2B_as_mni_average_305_mask talsrcimg_g11 none talsrcimg_to_711-2C_as_mni_average_305_t4 3335
---------------------------------------------------------------------

freesurfer imgreg_4dfp.c
/opt/freesurfer/average/711-2C_as_mni_average_305.4dfp.img
       256       256       256         1
  1.000000  1.000000  1.000000
orientation T byte_order littleendian
Reading image: /opt/freesurfer/average/711-2C_as_mni_average_305.4dfp.img
dimensions:      256       256       256
mmppix:       1.0000   -1.0000   -1.0000
center:     128.0000 -129.0000 -129.0000
/opt/freesurfer/average/711-2B_as_mni_average_305_mask.4dfp.img
       256       256       256         1
  1.000000  1.000000  1.000000
orientation T byte_order littleendian
Reading mask: /opt/freesurfer/average/711-2B_as_mni_average_305_mask.4dfp.img (2306576 pixels)
talsrcimg_g11.4dfp.img
       256       256       256         1
  1.000000  1.000000  1.000000
orientation T byte_order littleendian
Reading image: talsrcimg_g11.4dfp.img
dimensions:      256       256       256
mmppix:       1.0000   -1.0000   -1.0000
center:     128.0000 -129.0000 -129.0000
fimgreg.f
image alignment mode   3335 decimal      D07 hex
parameters
   -0.6828   -6.2002    5.4056   -0.1139   -6.5912   -6.5706
    4.1574   -2.3417   -3.0539   35.5734    3.6663  -35.4613
eta,q 0.96222  9.89106
niter,ni,del,rscale     5    3    5.0000    1.2000
parameter  4  2.118332 ->  0.500000 qaram    1.1500
parameter  5  2.101931 ->  0.500000 qaram    1.1500
parameter  6  0.686137 ->  0.500000 qaram    1.1500
parameters
   -0.8979   -5.2485    5.0411   -4.2539  -10.7312  -10.7106
    3.6800   -2.2423   -2.6898   32.0575    1.9857  -34.8297
eta,q 0.97365  9.49156
  0.0395  0.0403  0.0387  0.0304  0.0268  0.0270  0.0291  0.0317  0.0291  0.0271  0.0271  0.0278
  0.0385  0.0393  0.0379  0.0318  0.0283  0.0270  0.0280  0.0294  0.0280  0.0265  0.0266  0.0270
  0.0379  0.0384  0.0375  0.0342  0.0301  0.0273  0.0272  0.0278  0.0273  0.0265  0.0264  0.0265
  0.0378  0.0378  0.0374  0.0374  0.0324  0.0288  0.0271  0.0271  0.0271  0.0271  0.0264  0.0264
  0.0381  0.0375  0.0378  0.0409  0.0355  0.0318  0.0275  0.0275  0.0272  0.0283  0.0268  0.0264
  0.0389  0.0376  0.0386  0.0446  0.0386  0.0363  0.0284  0.0291  0.0277  0.0303  0.0274  0.0268
  0.0403  0.0382  0.0397  0.0487  0.0419  0.0410  0.0297  0.0316  0.0287  0.0330  0.0282  0.0273
niter,ni,del,rscale     7    3    5.0000    1.2000
parameter  5  0.690221 ->  0.500000 qaram    1.3225
parameters
   -0.9978   -5.3315    4.1314   -8.2809  -15.4922  -13.3725
    4.2141   -2.0726   -2.3966   32.8955    1.0335  -37.3821
eta,q 0.97659  9.17190
  0.0293  0.0281  0.0267  0.0264  0.0243  0.0245  0.0261  0.0270  0.0255  0.0262  0.0240  0.0240
  0.0276  0.0271  0.0263  0.0257  0.0239  0.0238  0.0249  0.0251  0.0245  0.0250  0.0238  0.0235
  0.0266  0.0265  0.0262  0.0254  0.0244  0.0236  0.0240  0.0240  0.0239  0.0241  0.0236  0.0234
  0.0264  0.0263  0.0263  0.0262  0.0255  0.0239  0.0237  0.0236  0.0236  0.0236  0.0236  0.0236
  0.0268  0.0266  0.0268  0.0283  0.0270  0.0242  0.0238  0.0240  0.0238  0.0237  0.0237  0.0240
  0.0280  0.0272  0.0275  0.0317  0.0293  0.0258  0.0244  0.0249  0.0243  0.0242  0.0240  0.0247
  0.0298  0.0284  0.0286  0.0356  0.0323  0.0296  0.0255  0.0266  0.0252  0.0253  0.0243  0.0255
niter,ni,del,rscale     7    3    5.0000    1.2000
parameters
   -0.8623   -4.8981    4.2775   -9.0844  -17.1166  -13.6146
    4.0886   -2.0505   -2.1924   33.6555    0.5053  -38.4414
eta,q 0.97687  9.10337
  0.0263  0.0263  0.0247  0.0253  0.0260  0.0252  0.0253  0.0263  0.0250  0.0256  0.0237  0.0241
  0.0248  0.0249  0.0240  0.0244  0.0245  0.0241  0.0242  0.0245  0.0241  0.0245  0.0234  0.0235
  0.0238  0.0239  0.0236  0.0237  0.0234  0.0234  0.0235  0.0235  0.0235  0.0236  0.0232  0.0232
  0.0234  0.0234  0.0233  0.0233  0.0234  0.0232  0.0232  0.0232  0.0232  0.0232  0.0232  0.0232
  0.0236  0.0234  0.0234  0.0234  0.0244  0.0235  0.0235  0.0236  0.0234  0.0232  0.0233  0.0234
  0.0244  0.0239  0.0238  0.0245  0.0260  0.0239  0.0243  0.0246  0.0239  0.0238  0.0235  0.0240
  0.0257  0.0248  0.0245  0.0271  0.0287  0.0257  0.0255  0.0262  0.0248  0.0249  0.0239  0.0247
niter,ni,del,rscale     6    3    5.0000    1.2000
parameters
   -0.8311   -4.6596    4.2209   -9.0141  -17.6927  -13.6379
    4.0093   -2.0542   -2.1696   34.1577    0.2351  -38.9336
eta,q 0.97695  9.09947
  0.0257  0.0258  0.0243  0.0254  0.0264  0.0252  0.0252  0.0262  0.0248  0.0253  0.0237  0.0242
  0.0243  0.0244  0.0237  0.0244  0.0248  0.0241  0.0241  0.0244  0.0239  0.0242  0.0233  0.0235
  0.0234  0.0235  0.0233  0.0236  0.0235  0.0233  0.0234  0.0234  0.0233  0.0235  0.0231  0.0231
  0.0231  0.0231  0.0231  0.0231  0.0231  0.0231  0.0231  0.0231  0.0231  0.0231  0.0231  0.0231
  0.0234  0.0232  0.0232  0.0230  0.0238  0.0233  0.0234  0.0235  0.0233  0.0232  0.0232  0.0233
  0.0242  0.0239  0.0237  0.0238  0.0252  0.0237  0.0241  0.0245  0.0238  0.0238  0.0234  0.0238
  0.0256  0.0249  0.0245  0.0258  0.0275  0.0255  0.0253  0.0261  0.0248  0.0248  0.0237  0.0244
niter,ni,del,rscale     5    3    5.0000    1.2000
parameters
   -0.8173   -4.5455    4.1346   -9.0126  -17.9718  -13.7324
    3.9908   -2.0291   -2.1789   34.4464    0.1605  -39.1806
eta,q 0.97697  9.09441
  0.0256  0.0255  0.0242  0.0253  0.0265  0.0251  0.0252  0.0262  0.0247  0.0251  0.0237  0.0242
  0.0242  0.0242  0.0236  0.0243  0.0250  0.0240  0.0241  0.0243  0.0238  0.0241  0.0233  0.0235
  0.0234  0.0234  0.0232  0.0236  0.0236  0.0232  0.0233  0.0233  0.0233  0.0234  0.0231  0.0231
  0.0231  0.0230  0.0230  0.0230  0.0230  0.0231  0.0230  0.0230  0.0230  0.0230  0.0230  0.0230
  0.0233  0.0233  0.0232  0.0230  0.0237  0.0233  0.0233  0.0235  0.0232  0.0232  0.0231  0.0232
  0.0242  0.0239  0.0236  0.0237  0.0250  0.0237  0.0241  0.0244  0.0238  0.0238  0.0233  0.0237
  0.0256  0.0250  0.0244  0.0259  0.0271  0.0255  0.0252  0.0260  0.0248  0.0249  0.0237  0.0243
niter,ni,del,rscale     4    3    5.0000    1.2000
parameters
   -0.8093   -4.4792    4.0669   -9.0129  -18.1298  -13.8008
    3.9896   -2.0176   -2.1860   34.6264    0.1229  -39.3288
eta,q 0.97698  9.09126
  0.0256  0.0253  0.0242  0.0253  0.0265  0.0251  0.0252  0.0261  0.0247  0.0250  0.0237  0.0242
  0.0242  0.0241  0.0236  0.0243  0.0250  0.0240  0.0241  0.0243  0.0238  0.0240  0.0233  0.0235
  0.0233  0.0233  0.0232  0.0236  0.0236  0.0232  0.0233  0.0233  0.0232  0.0233  0.0231  0.0231
  0.0230  0.0230  0.0230  0.0230  0.0230  0.0230  0.0230  0.0230  0.0230  0.0230  0.0230  0.0230
  0.0233  0.0233  0.0232  0.0229  0.0236  0.0232  0.0233  0.0234  0.0232  0.0232  0.0231  0.0232
  0.0242  0.0240  0.0236  0.0237  0.0249  0.0236  0.0241  0.0244  0.0238  0.0238  0.0233  0.0236
  0.0255  0.0251  0.0244  0.0258  0.0270  0.0255  0.0252  0.0260  0.0247  0.0249  0.0237  0.0243
niter,ni,del,rscale     3    3    5.0000    1.2000
parameters
   -0.8055   -4.4354    4.0253   -9.0194  -18.2261  -13.8419
    3.9930   -2.0090   -2.1978   34.7492    0.1147  -39.4185
eta,q 0.97698  9.08949
  0.0255  0.0253  0.0242  0.0252  0.0265  0.0251  0.0252  0.0261  0.0247  0.0250  0.0237  0.0242
  0.0242  0.0240  0.0236  0.0243  0.0250  0.0240  0.0241  0.0243  0.0238  0.0240  0.0233  0.0235
  0.0233  0.0233  0.0232  0.0235  0.0236  0.0232  0.0233  0.0233  0.0232  0.0233  0.0231  0.0231
  0.0230  0.0230  0.0230  0.0230  0.0230  0.0230  0.0230  0.0230  0.0230  0.0230  0.0230  0.0230
  0.0233  0.0233  0.0231  0.0229  0.0236  0.0232  0.0233  0.0234  0.0232  0.0232  0.0231  0.0232
  0.0241  0.0240  0.0236  0.0237  0.0248  0.0236  0.0240  0.0244  0.0238  0.0238  0.0233  0.0236
  0.0255  0.0251  0.0243  0.0258  0.0269  0.0255  0.0252  0.0260  0.0247  0.0249  0.0236  0.0243
niter,ni,del,rscale     2    3    5.0000    1.2000
parameters
   -0.8012   -4.4055    3.9991   -9.0301  -18.2940  -13.8698
    4.0007   -2.0009   -2.2052   34.8216    0.0967  -39.4815
eta,q 0.97698  9.08766
  0.0255  0.0252  0.0242  0.0252  0.0265  0.0251  0.0252  0.0261  0.0247  0.0249  0.0237  0.0243
  0.0242  0.0240  0.0236  0.0242  0.0250  0.0240  0.0241  0.0243  0.0238  0.0240  0.0233  0.0235
  0.0233  0.0233  0.0232  0.0235  0.0236  0.0232  0.0233  0.0233  0.0232  0.0233  0.0231  0.0231
  0.0230  0.0230  0.0230  0.0230  0.0230  0.0230  0.0230  0.0230  0.0230  0.0230  0.0230  0.0230
  0.0233  0.0233  0.0231  0.0229  0.0236  0.0232  0.0233  0.0234  0.0232  0.0232  0.0231  0.0232
  0.0241  0.0240  0.0236  0.0237  0.0248  0.0236  0.0240  0.0244  0.0238  0.0238  0.0233  0.0236
  0.0255  0.0251  0.0243  0.0258  0.0269  0.0255  0.0252  0.0260  0.0247  0.0249  0.0236  0.0242
niter,ni,del,rscale     1    3    5.0000    1.2000
parameters
   -0.7998   -4.3867    3.9797   -9.0275  -18.3357  -13.8938
    4.0000   -1.9975   -2.2076   34.8699    0.0813  -39.5154
eta,q 0.97698  9.08669
  0.0255  0.0252  0.0242  0.0252  0.0265  0.0251  0.0252  0.0261  0.0247  0.0249  0.0237  0.0243
  0.0242  0.0240  0.0236  0.0243  0.0250  0.0240  0.0241  0.0243  0.0238  0.0239  0.0233  0.0236
  0.0233  0.0233  0.0232  0.0235  0.0236  0.0232  0.0233  0.0233  0.0232  0.0233  0.0231  0.0231
  0.0230  0.0230  0.0230  0.0230  0.0230  0.0230  0.0230  0.0230  0.0230  0.0230  0.0230  0.0230
  0.0233  0.0233  0.0231  0.0229  0.0235  0.0232  0.0233  0.0234  0.0232  0.0232  0.0231  0.0232
  0.0241  0.0240  0.0236  0.0237  0.0248  0.0236  0.0240  0.0244  0.0238  0.0238  0.0233  0.0236
  0.0255  0.0251  0.0243  0.0258  0.0268  0.0255  0.0252  0.0260  0.0247  0.0249  0.0236  0.0242
registration optimization eta report
parameter search radius
    2.4000    2.4000    2.4000    8.2800    9.5220    8.2800
    7.2000    7.2000    7.2000    7.2000    7.2000    7.2000
100000*second partial in parameter space
       43.       37.       21.        4.        4.        3.
        4.        6.        3.        4.        1.        2.
  0.0255  0.0252  0.0242  0.0252  0.0265  0.0251  0.0252  0.0261  0.0247  0.0249  0.0237  0.0243
  0.0242  0.0240  0.0236  0.0243  0.0250  0.0240  0.0241  0.0243  0.0238  0.0239  0.0233  0.0236
  0.0233  0.0233  0.0232  0.0235  0.0236  0.0232  0.0233  0.0233  0.0232  0.0233  0.0231  0.0231
  0.0230  0.0230  0.0230  0.0230  0.0230  0.0230  0.0230  0.0230  0.0230  0.0230  0.0230  0.0230
  0.0233  0.0233  0.0231  0.0229  0.0235  0.0232  0.0233  0.0234  0.0232  0.0232  0.0231  0.0232
  0.0241  0.0240  0.0236  0.0237  0.0248  0.0236  0.0240  0.0244  0.0238  0.0238  0.0233  0.0236
  0.0255  0.0251  0.0243  0.0258  0.0268  0.0255  0.0252  0.0260  0.0247  0.0249  0.0236  0.0242
   -0.7998   -4.3867    3.9797   -9.0275  -18.3357  -13.8938
    4.0000   -1.9975   -2.2076   34.8699    0.0813  -39.5154
eta,q 0.97698  9.08669

---------------------------------------------------------------------
imgreg_4dfp /opt/freesurfer/average/711-2C_as_mni_average_305 /opt/freesurfer/average/711-2B_as_mni_average_305_mask talsrcimg_g11 none talsrcimg_to_711-2C_as_mni_average_305_t4 2311
---------------------------------------------------------------------

freesurfer imgreg_4dfp.c
/opt/freesurfer/average/711-2C_as_mni_average_305.4dfp.img
       256       256       256         1
  1.000000  1.000000  1.000000
orientation T byte_order littleendian
Reading image: /opt/freesurfer/average/711-2C_as_mni_average_305.4dfp.img
dimensions:      256       256       256
mmppix:       1.0000   -1.0000   -1.0000
center:     128.0000 -129.0000 -129.0000
/opt/freesurfer/average/711-2B_as_mni_average_305_mask.4dfp.img
       256       256       256         1
  1.000000  1.000000  1.000000
orientation T byte_order littleendian
Reading mask: /opt/freesurfer/average/711-2B_as_mni_average_305_mask.4dfp.img (2306576 pixels)
talsrcimg_g11.4dfp.img
       256       256       256         1
  1.000000  1.000000  1.000000
orientation T byte_order littleendian
Reading image: talsrcimg_g11.4dfp.img
dimensions:      256       256       256
mmppix:       1.0000   -1.0000   -1.0000
center:     128.0000 -129.0000 -129.0000
fimgreg.f
image alignment mode   2311 decimal      907 hex
parameters
   -0.7998   -4.3867    3.9797   -9.0275  -18.3357  -13.8938
    4.0000   -1.9975   -2.2076   34.8699    0.0813  -39.5154
eta,q 0.97698  9.08669
niter,ni,del,rscale     5    3    5.0000    0.8000
parameters
   -0.7898   -4.4005    4.0125   -7.6888  -18.2334  -12.9837
    3.9635   -2.0710   -2.2459   35.2756   -0.0091  -39.4795
eta,q 0.97708  9.17705
  0.0242  0.0240  0.0236  0.0240  0.0242  0.0238  0.0240  0.0244  0.0237  0.0240  0.0233  0.0235
  0.0235  0.0234  0.0233  0.0236  0.0235  0.0233  0.0234  0.0235  0.0233  0.0234  0.0230  0.0232
  0.0232  0.0231  0.0231  0.0233  0.0230  0.0230  0.0231  0.0230  0.0230  0.0231  0.0229  0.0230
  0.0230  0.0230  0.0230  0.0230  0.0229  0.0229  0.0229  0.0229  0.0229  0.0229  0.0229  0.0229
  0.0231  0.0231  0.0231  0.0229  0.0230  0.0230  0.0230  0.0232  0.0230  0.0230  0.0230  0.0230
  0.0235  0.0235  0.0232  0.0230  0.0235  0.0230  0.0234  0.0237  0.0233  0.0232  0.0231  0.0232
  0.0241  0.0240  0.0236  0.0234  0.0241  0.0232  0.0240  0.0245  0.0238  0.0237  0.0233  0.0235
niter,ni,del,rscale     4    3    5.0000    0.7000
parameters
   -0.8142   -4.5057    3.9990   -7.6911  -18.2215  -12.7194
    4.0257   -2.0715   -2.2011   35.3044    0.0087  -39.4981
eta,q 0.97708  9.18843
  0.0238  0.0236  0.0233  0.0237  0.0239  0.0233  0.0238  0.0242  0.0236  0.0236  0.0232  0.0234
  0.0233  0.0232  0.0231  0.0233  0.0234  0.0230  0.0233  0.0234  0.0232  0.0233  0.0230  0.0231
  0.0230  0.0230  0.0230  0.0231  0.0230  0.0229  0.0230  0.0230  0.0230  0.0230  0.0229  0.0230
  0.0229  0.0229  0.0229  0.0229  0.0229  0.0229  0.0229  0.0229  0.0229  0.0229  0.0229  0.0229
  0.0230  0.0230  0.0230  0.0229  0.0230  0.0230  0.0230  0.0231  0.0230  0.0230  0.0230  0.0230
  0.0234  0.0234  0.0231  0.0232  0.0234  0.0230  0.0233  0.0235  0.0232  0.0232  0.0231  0.0231
  0.0239  0.0238  0.0233  0.0238  0.0239  0.0232  0.0238  0.0241  0.0235  0.0236  0.0232  0.0234
niter,ni,del,rscale     3    3    5.0000    0.6000
parameters
   -0.8222   -4.5476    4.0196   -7.5354  -18.2356  -12.6205
    4.0210   -2.1067   -2.1934   35.3160    0.0314  -39.4872
eta,q 0.97709  9.19718
  0.0236  0.0235  0.0232  0.0235  0.0237  0.0232  0.0235  0.0238  0.0234  0.0234  0.0231  0.0233
  0.0232  0.0231  0.0231  0.0233  0.0233  0.0230  0.0232  0.0233  0.0231  0.0232  0.0230  0.0231
  0.0230  0.0230  0.0230  0.0230  0.0230  0.0229  0.0230  0.0230  0.0230  0.0230  0.0229  0.0230
  0.0229  0.0229  0.0229  0.0229  0.0229  0.0229  0.0229  0.0229  0.0229  0.0229  0.0229  0.0229
  0.0230  0.0230  0.0229  0.0229  0.0230  0.0229  0.0230  0.0230  0.0230  0.0230  0.0229  0.0230
  0.0232  0.0232  0.0230  0.0231  0.0233  0.0230  0.0232  0.0233  0.0231  0.0231  0.0230  0.0231
  0.0236  0.0235  0.0232  0.0235  0.0237  0.0231  0.0235  0.0238  0.0234  0.0234  0.0231  0.0233
niter,ni,del,rscale     2    3    5.0000    0.5000
parameters
   -0.8315   -4.5640    4.0141   -7.3900  -18.2663  -12.6764
    4.0182   -2.1524   -2.1895   35.2896   -0.0374  -39.5003
eta,q 0.97710  9.19867
  0.0234  0.0233  0.0231  0.0234  0.0235  0.0230  0.0234  0.0235  0.0232  0.0233  0.0230  0.0232
  0.0231  0.0231  0.0230  0.0232  0.0231  0.0229  0.0231  0.0232  0.0230  0.0231  0.0230  0.0230
  0.0230  0.0229  0.0229  0.0230  0.0230  0.0229  0.0230  0.0229  0.0229  0.0229  0.0229  0.0229
  0.0229  0.0229  0.0229  0.0229  0.0229  0.0229  0.0229  0.0229  0.0229  0.0229  0.0229  0.0229
  0.0230  0.0229  0.0229  0.0229  0.0230  0.0229  0.0230  0.0230  0.0229  0.0229  0.0229  0.0229
  0.0231  0.0231  0.0230  0.0231  0.0232  0.0229  0.0231  0.0232  0.0230  0.0231  0.0230  0.0230
  0.0234  0.0233  0.0231  0.0233  0.0235  0.0230  0.0234  0.0235  0.0232  0.0233  0.0231  0.0232
niter,ni,del,rscale     1    3    5.0000    0.4000
parameters
   -0.8371   -4.5647    4.0089   -7.3029  -18.2945  -12.9974
    4.0035   -2.2311   -2.1870   35.1714   -0.0721  -39.5477
eta,q 0.97711  9.18773
  0.0232  0.0232  0.0230  0.0232  0.0233  0.0230  0.0232  0.0233  0.0231  0.0231  0.0230  0.0230
  0.0230  0.0230  0.0230  0.0231  0.0231  0.0229  0.0230  0.0230  0.0230  0.0230  0.0229  0.0229
  0.0229  0.0229  0.0229  0.0230  0.0229  0.0229  0.0229  0.0229  0.0229  0.0229  0.0229  0.0229
  0.0229  0.0229  0.0229  0.0229  0.0229  0.0229  0.0229  0.0229  0.0229  0.0229  0.0229  0.0229
  0.0229  0.0229  0.0229  0.0229  0.0229  0.0229  0.0229  0.0230  0.0229  0.0229  0.0229  0.0229
  0.0230  0.0230  0.0230  0.0230  0.0231  0.0229  0.0230  0.0231  0.0230  0.0230  0.0229  0.0230
  0.0232  0.0232  0.0230  0.0232  0.0233  0.0230  0.0232  0.0233  0.0231  0.0232  0.0230  0.0230
registration optimization eta report
parameter search radius
    0.8000    0.8000    0.8000    2.4000    2.4000    2.4000
    2.4000    2.4000    2.4000    2.4000    2.4000    2.4000
100000*second partial in parameter space
       50.       41.       21.        5.        6.        1.
        5.        7.        4.        4.        2.        3.
  0.0232  0.0232  0.0230  0.0232  0.0233  0.0230  0.0232  0.0233  0.0231  0.0231  0.0230  0.0230
  0.0230  0.0230  0.0230  0.0231  0.0231  0.0229  0.0230  0.0230  0.0230  0.0230  0.0229  0.0229
  0.0229  0.0229  0.0229  0.0230  0.0229  0.0229  0.0229  0.0229  0.0229  0.0229  0.0229  0.0229
  0.0229  0.0229  0.0229  0.0229  0.0229  0.0229  0.0229  0.0229  0.0229  0.0229  0.0229  0.0229
  0.0229  0.0229  0.0229  0.0229  0.0229  0.0229  0.0229  0.0230  0.0229  0.0229  0.0229  0.0229
  0.0230  0.0230  0.0230  0.0230  0.0231  0.0229  0.0230  0.0231  0.0230  0.0230  0.0229  0.0230
  0.0232  0.0232  0.0230  0.0232  0.0233  0.0230  0.0232  0.0233  0.0231  0.0232  0.0230  0.0230
   -0.8371   -4.5647    4.0089   -7.3029  -18.2945  -12.9974
    4.0035   -2.2311   -2.1870   35.1714   -0.0721  -39.5477
eta,q 0.97711  9.18773

---------------------------------------------------------------------
imgreg_4dfp /opt/freesurfer/average/711-2C_as_mni_average_305 /opt/freesurfer/average/711-2B_as_mni_average_305_mask talsrcimg_g11 none talsrcimg_to_711-2C_as_mni_average_305_t4 2311
---------------------------------------------------------------------

freesurfer imgreg_4dfp.c
/opt/freesurfer/average/711-2C_as_mni_average_305.4dfp.img
       256       256       256         1
  1.000000  1.000000  1.000000
orientation T byte_order littleendian
Reading image: /opt/freesurfer/average/711-2C_as_mni_average_305.4dfp.img
dimensions:      256       256       256
mmppix:       1.0000   -1.0000   -1.0000
center:     128.0000 -129.0000 -129.0000
/opt/freesurfer/average/711-2B_as_mni_average_305_mask.4dfp.img
       256       256       256         1
  1.000000  1.000000  1.000000
orientation T byte_order littleendian
Reading mask: /opt/freesurfer/average/711-2B_as_mni_average_305_mask.4dfp.img (2306576 pixels)
talsrcimg_g11.4dfp.img
       256       256       256         1
  1.000000  1.000000  1.000000
orientation T byte_order littleendian
Reading image: talsrcimg_g11.4dfp.img
dimensions:      256       256       256
mmppix:       1.0000   -1.0000   -1.0000
center:     128.0000 -129.0000 -129.0000
fimgreg.f
image alignment mode   2311 decimal      907 hex
parameters
   -0.8371   -4.5647    4.0089   -7.3029  -18.2945  -12.9974
    4.0035   -2.2311   -2.1870   35.1714   -0.0721  -39.5477
eta,q 0.97711  9.18773
niter,ni,del,rscale     5    3    5.0000    0.8000
parameters
   -0.8437   -4.5210    3.9845   -7.8260  -18.1975  -12.8946
    4.0016   -2.0821   -2.1896   35.2052    0.0372  -39.4748
eta,q 0.97708  9.17693
  0.0241  0.0240  0.0234  0.0237  0.0242  0.0235  0.0240  0.0246  0.0237  0.0238  0.0233  0.0236
  0.0235  0.0234  0.0231  0.0233  0.0236  0.0231  0.0234  0.0236  0.0233  0.0234  0.0231  0.0232
  0.0230  0.0230  0.0230  0.0230  0.0231  0.0229  0.0230  0.0231  0.0230  0.0230  0.0229  0.0230
  0.0229  0.0229  0.0229  0.0229  0.0229  0.0229  0.0229  0.0229  0.0229  0.0229  0.0229  0.0229
  0.0230  0.0230  0.0229  0.0230  0.0231  0.0230  0.0230  0.0231  0.0230  0.0230  0.0230  0.0230
  0.0235  0.0233  0.0231  0.0235  0.0235  0.0231  0.0234  0.0236  0.0233  0.0233  0.0231  0.0232
  0.0242  0.0238  0.0235  0.0244  0.0241  0.0234  0.0240  0.0243  0.0237  0.0238  0.0232  0.0235
niter,ni,del,rscale     4    3    5.0000    0.7000
parameters
   -0.8168   -4.5263    4.0298   -7.6889  -18.1912  -12.7022
    4.0131   -2.0889   -2.2005   35.2501    0.0060  -39.4640
eta,q 0.97708  9.18880
  0.0239  0.0237  0.0234  0.0237  0.0239  0.0233  0.0238  0.0241  0.0235  0.0236  0.0232  0.0234
  0.0234  0.0233  0.0231  0.0234  0.0234  0.0230  0.0233  0.0234  0.0232  0.0233  0.0230  0.0231
  0.0230  0.0230  0.0230  0.0231  0.0230  0.0229  0.0230  0.0230  0.0230  0.0230  0.0229  0.0230
  0.0229  0.0229  0.0229  0.0229  0.0229  0.0229  0.0229  0.0229  0.0229  0.0229  0.0229  0.0229
  0.0230  0.0230  0.0229  0.0229  0.0230  0.0230  0.0230  0.0231  0.0230  0.0230  0.0230  0.0230
  0.0233  0.0233  0.0231  0.0232  0.0234  0.0230  0.0233  0.0235  0.0232  0.0232  0.0231  0.0231
  0.0238  0.0237  0.0233  0.0237  0.0239  0.0232  0.0238  0.0241  0.0236  0.0236  0.0232  0.0234
niter,ni,del,rscale     3    3    5.0000    0.6000
parameters
   -0.8234   -4.5523    4.0292   -7.5351  -18.2183  -12.6435
    4.0183   -2.1164   -2.1887   35.2833   -0.0089  -39.4737
eta,q 0.97710  9.19604
  0.0236  0.0235  0.0232  0.0235  0.0237  0.0231  0.0235  0.0238  0.0234  0.0234  0.0231  0.0233
  0.0232  0.0232  0.0231  0.0233  0.0233  0.0230  0.0232  0.0233  0.0231  0.0232  0.0230  0.0231
  0.0230  0.0230  0.0230  0.0230  0.0230  0.0229  0.0230  0.0230  0.0230  0.0230  0.0229  0.0229
  0.0229  0.0229  0.0229  0.0229  0.0229  0.0229  0.0229  0.0229  0.0229  0.0229  0.0229  0.0229
  0.0230  0.0230  0.0229  0.0229  0.0230  0.0229  0.0230  0.0230  0.0230  0.0229  0.0229  0.0230
  0.0232  0.0232  0.0230  0.0231  0.0233  0.0230  0.0232  0.0233  0.0231  0.0231  0.0230  0.0231
  0.0236  0.0235  0.0232  0.0235  0.0237  0.0231  0.0235  0.0238  0.0234  0.0234  0.0231  0.0233
niter,ni,del,rscale     2    3    5.0000    0.5000
parameters
   -0.8291   -4.5664    4.0192   -7.4116  -18.2510  -12.7034
    4.0078   -2.1549   -2.1845   35.2601   -0.0347  -39.4994
eta,q 0.97710  9.19695
  0.0234  0.0233  0.0231  0.0234  0.0235  0.0230  0.0233  0.0235  0.0232  0.0233  0.0230  0.0232
  0.0231  0.0231  0.0230  0.0232  0.0231  0.0229  0.0231  0.0232  0.0230  0.0231  0.0230  0.0230
  0.0230  0.0229  0.0229  0.0230  0.0230  0.0229  0.0230  0.0230  0.0229  0.0229  0.0229  0.0229
  0.0229  0.0229  0.0229  0.0229  0.0229  0.0229  0.0229  0.0229  0.0229  0.0229  0.0229  0.0229
  0.0230  0.0230  0.0229  0.0229  0.0230  0.0229  0.0230  0.0230  0.0229  0.0229  0.0229  0.0229
  0.0231  0.0231  0.0230  0.0231  0.0232  0.0229  0.0231  0.0232  0.0230  0.0231  0.0230  0.0230
  0.0234  0.0233  0.0231  0.0233  0.0235  0.0230  0.0234  0.0235  0.0232  0.0233  0.0230  0.0232
niter,ni,del,rscale     1    3    5.0000    0.4000
parameters
   -0.8337   -4.5686    4.0187   -7.3017  -18.2885  -13.0314
    3.9924   -2.2373   -2.1925   35.1395   -0.0703  -39.5202
eta,q 0.97712  9.18596
  0.0232  0.0232  0.0230  0.0232  0.0233  0.0230  0.0232  0.0233  0.0231  0.0231  0.0230  0.0230
  0.0230  0.0230  0.0230  0.0231  0.0231  0.0229  0.0230  0.0230  0.0230  0.0230  0.0229  0.0229
  0.0229  0.0229  0.0229  0.0230  0.0229  0.0229  0.0229  0.0229  0.0229  0.0229  0.0229  0.0229
  0.0229  0.0229  0.0229  0.0229  0.0229  0.0229  0.0229  0.0229  0.0229  0.0229  0.0229  0.0229
  0.0229  0.0229  0.0229  0.0229  0.0229  0.0229  0.0229  0.0229  0.0229  0.0229  0.0229  0.0229
  0.0230  0.0230  0.0230  0.0230  0.0231  0.0229  0.0230  0.0231  0.0230  0.0230  0.0229  0.0230
  0.0232  0.0232  0.0230  0.0232  0.0233  0.0230  0.0232  0.0233  0.0231  0.0231  0.0230  0.0230
registration optimization eta report
parameter search radius
    0.8000    0.8000    0.8000    2.4000    2.4000    2.4000
    2.4000    2.4000    2.4000    2.4000    2.4000    2.4000
100000*second partial in parameter space
       51.       41.       21.        5.        6.        1.
        5.        7.        4.        4.        2.        3.
  0.0232  0.0232  0.0230  0.0232  0.0233  0.0230  0.0232  0.0233  0.0231  0.0231  0.0230  0.0230
  0.0230  0.0230  0.0230  0.0231  0.0231  0.0229  0.0230  0.0230  0.0230  0.0230  0.0229  0.0229
  0.0229  0.0229  0.0229  0.0230  0.0229  0.0229  0.0229  0.0229  0.0229  0.0229  0.0229  0.0229
  0.0229  0.0229  0.0229  0.0229  0.0229  0.0229  0.0229  0.0229  0.0229  0.0229  0.0229  0.0229
  0.0229  0.0229  0.0229  0.0229  0.0229  0.0229  0.0229  0.0229  0.0229  0.0229  0.0229  0.0229
  0.0230  0.0230  0.0230  0.0230  0.0231  0.0229  0.0230  0.0231  0.0230  0.0230  0.0229  0.0230
  0.0232  0.0232  0.0230  0.0232  0.0233  0.0230  0.0232  0.0233  0.0231  0.0231  0.0230  0.0230
   -0.8337   -4.5686    4.0187   -7.3017  -18.2885  -13.0314
    3.9924   -2.2373   -2.1925   35.1395   -0.0703  -39.5202
eta,q 0.97712  9.18596

---------------------------------------------------------------------
compute_vox2vox talsrcimg talsrcimg_to_711-2C_as_mni_average_305_t4 /opt/freesurfer/average/711-2C_as_mni_average_305
---------------------------------------------------------------------

freesurfer compute_vox2vox.c
Reading: talsrcimg.4dfp.ifh
Reading: talsrcimg_to_711-2C_as_mni_average_305_t4
Reading: /opt/freesurfer/average/711-2C_as_mni_average_305.4dfp.ifh
Writing: talsrcimg_to_711-2C_as_mni_average_305_t4_vox2vox.txt

start time Thu Mar 12 11:00:33 CET 2026
end		time Thu Mar 12 11:00:47 CET 2026

mpr2mni305 success

avi2talxfm orig_nu.mgz /opt/freesurfer/average/mni305.cor.mgz talsrcimg_to_711-2C_as_mni_average_305_t4_vox2vox.txt transforms/talairach.auto.xfm
avi2talxfm done
mv -f /out/sourcedata/freesurfer/sub-v1s11x0050163_ses-1/mri/talsrcimg_to_711-2C_as_mni_average_305_t4_vox2vox.txt /out/sourcedata/freesurfer/sub-v1s11x0050163_ses-1/mri/transforms/talsrcimg_to_711-2C_as_mni_average_305_t4_vox2vox.txt
lta_convert --src orig_nu.mgz --trg /opt/freesurfer/average/mni305.cor.mgz --inxfm transforms/talairach.auto.xfm --outlta transforms/talairach.auto.xfm.lta --subject fsaverage
7.3.2

--src: orig_nu.mgz src image (geometry).
--trg: /opt/freesurfer/average/mni305.cor.mgz trg image (geometry).
--inmni: transforms/talairach.auto.xfm input MNI/XFM transform.
--outlta: transforms/talairach.auto.xfm.lta output LTA.
--s: fsaverage subject name
 LTA read, type : 1
 1.07802   0.04100  -0.03284   5.27309;
 0.01173   0.96232   0.46486  -19.60481;
 0.02388  -0.41274   1.02303  -5.81601;
 0.00000   0.00000   0.00000   1.00000;
setting subject to fsaverage
Writing  LTA to file transforms/talairach.auto.xfm.lta...
lta_convert successful.
 
 
Started at Thu Mar 12 11:00:32 CET 2026
Ended   at Thu Mar 12 11:00:47 CET 2026
talairach_avi done
