status file for recon-all
Thu Mar 12 11:50:11 CET 2026
#@# Tessellate lh Thu Mar 12 11:50:11 CET 2026
#@# Smooth1 lh Thu Mar 12 11:50:15 CET 2026
#@# Inflation1 lh Thu Mar 12 11:50:19 CET 2026
#@# QSphere lh Thu Mar 12 11:50:36 CET 2026
#@# Fix Topology lh Thu Mar 12 11:52:20 CET 2026
#@# Smooth2 lh Thu Mar 12 11:58:02 CET 2026
#@# Inflation2 lh Thu Mar 12 11:58:06 CET 2026
#@# Curv .H and .K lh Thu Mar 12 11:58:21 CET 2026
#@# Sphere lh Thu Mar 12 11:59:13 CET 2026
#@# Surf Reg lh Thu Mar 12 12:01:30 CET 2026
#@# Jacobian white lh Thu Mar 12 12:05:31 CET 2026
#@# AvgCurv lh Thu Mar 12 12:05:32 CET 2026
#@# Cortical Parc lh Thu Mar 12 12:05:33 CET 2026
#@# white curv lh Thu Mar 12 12:12:31 CET 2026
#@# white area lh Thu Mar 12 12:12:33 CET 2026
#@# pial curv lh Thu Mar 12 12:12:34 CET 2026
#@# pial area lh Thu Mar 12 12:12:36 CET 2026
#@# thickness lh Thu Mar 12 12:12:37 CET 2026
#@# area and vertex vol lh Thu Mar 12 12:13:08 CET 2026
#@# Curvature Stats lh Thu Mar 12 12:13:10 CET 2026
#@# Cortical Parc 2 lh Thu Mar 12 12:13:12 CET 2026
#@# Cortical Parc 3 lh Thu Mar 12 12:13:26 CET 2026
#@# WM/GM Contrast lh Thu Mar 12 12:13:37 CET 2026
recon-all -s sub-v1s11x0050148_ses-1 finished without error at Thu Mar 12 12:13:40 CET 2026



#New# invocation of recon-all 



status file for recon-all
Thu Mar 12 12:47:52 CET 2026
#@# white curv lh Thu Mar 12 12:47:52 CET 2026
#@# white area lh Thu Mar 12 12:47:52 CET 2026
#@# pial curv lh Thu Mar 12 12:47:52 CET 2026
#@# pial area lh Thu Mar 12 12:47:52 CET 2026
#@# thickness lh Thu Mar 12 12:47:52 CET 2026
#@# area and vertex vol lh Thu Mar 12 12:47:52 CET 2026
#@# Parcellation Stats lh Thu Mar 12 12:47:52 CET 2026
#@# Parcellation Stats 2 lh Thu Mar 12 12:48:13 CET 2026
#@# Parcellation Stats 3 lh Thu Mar 12 12:48:24 CET 2026
#@# BA_exvivo Labels lh Thu Mar 12 12:48:35 CET 2026
recon-all -s sub-v1s11x0050148_ses-1 finished without error at Thu Mar 12 12:51:33 CET 2026
