status file for recon-all
Thu Mar 12 12:13:41 CET 2026
#@# Tessellate rh Thu Mar 12 12:13:41 CET 2026
#@# Smooth1 rh Thu Mar 12 12:13:45 CET 2026
#@# Inflation1 rh Thu Mar 12 12:13:48 CET 2026
#@# QSphere rh Thu Mar 12 12:14:03 CET 2026
#@# Fix Topology rh Thu Mar 12 12:15:27 CET 2026
#@# Smooth2 rh Thu Mar 12 12:21:04 CET 2026
#@# Inflation2 rh Thu Mar 12 12:21:07 CET 2026
#@# Curv .H and .K rh Thu Mar 12 12:21:23 CET 2026
#@# Sphere rh Thu Mar 12 12:22:14 CET 2026
#@# Surf Reg rh Thu Mar 12 12:24:43 CET 2026
#@# Jacobian white rh Thu Mar 12 12:29:36 CET 2026
#@# AvgCurv rh Thu Mar 12 12:29:37 CET 2026
#@# Cortical Parc rh Thu Mar 12 12:29:38 CET 2026
#@# white curv rh Thu Mar 12 12:36:44 CET 2026
#@# white area rh Thu Mar 12 12:36:46 CET 2026
#@# pial curv rh Thu Mar 12 12:36:47 CET 2026
#@# pial area rh Thu Mar 12 12:36:49 CET 2026
#@# thickness rh Thu Mar 12 12:36:50 CET 2026
#@# area and vertex vol rh Thu Mar 12 12:37:21 CET 2026
#@# Curvature Stats rh Thu Mar 12 12:37:23 CET 2026
#@# Cortical Parc 2 rh Thu Mar 12 12:37:26 CET 2026
#@# Cortical Parc 3 rh Thu Mar 12 12:37:40 CET 2026
#@# WM/GM Contrast rh Thu Mar 12 12:37:52 CET 2026
recon-all -s sub-v1s11x0050148_ses-1 finished without error at Thu Mar 12 12:37:55 CET 2026



#New# invocation of recon-all 



status file for recon-all
Thu Mar 12 12:51:36 CET 2026
#@# white curv rh Thu Mar 12 12:51:36 CET 2026
#@# white area rh Thu Mar 12 12:51:36 CET 2026
#@# pial curv rh Thu Mar 12 12:51:36 CET 2026
#@# pial area rh Thu Mar 12 12:51:36 CET 2026
#@# thickness rh Thu Mar 12 12:51:36 CET 2026
#@# area and vertex vol rh Thu Mar 12 12:51:36 CET 2026
#@# Parcellation Stats rh Thu Mar 12 12:51:36 CET 2026
#@# Parcellation Stats 2 rh Thu Mar 12 12:51:58 CET 2026
#@# Parcellation Stats 3 rh Thu Mar 12 12:52:10 CET 2026
#@# BA_exvivo Labels rh Thu Mar 12 12:52:21 CET 2026
recon-all -s sub-v1s11x0050148_ses-1 finished without error at Thu Mar 12 12:55:22 CET 2026
