/out/sourcedata/freesurfer/sub-v1s11x0050168_ses-1/mri
/opt/freesurfer/bin/talairach_avi
--i orig_nu.mgz --xfm transforms/talairach.auto.xfm
talairach_avi 7.3.2
Linux dna069 5.14.0-427.37.1.el9_4.x86_64 #1 SMP PREEMPT_DYNAMIC Fri Sep 13 12:41:50 EDT 2024 x86_64 x86_64 x86_64 GNU/Linux
Thu Mar 12 11:07:03 CET 2026
mri_convert orig_nu.mgz talsrcimg.img 
reading from orig_nu.mgz...
TR=0.00, TE=0.00, TI=0.00, flip angle=0.00
i_ras = (-1, 8.10542e-09, 0)
j_ras = (0, 0, -1)
k_ras = (6.79574e-09, 1, 0)
writing to talsrcimg.img...
Analyze Output Matrix
-1.00000   0.00000   0.00000   121.69141;
 0.00000   0.00000   1.00000  -118.27801;
 0.00000  -1.00000   0.00000   158.54468;
 0.00000   0.00000   0.00000   1.00000;
--------------------
INFO: set hdr.hist.orient to -1
mpr2mni305 talsrcimg
Thu Mar 12 11:07:03 CET 2026
/opt/freesurfer/bin/mpr2mni305 talsrcimg
mpr2mni305 7.3.2
target=711-2C_as_mni_average_305

---------------------------------------------------------------------
analyzeto4dfp talsrcimg -O0 -y
---------------------------------------------------------------------

freesurfer ifh2hdr.c
Thu Mar 12 11:07:03 2026
Writing: talsrcimg.4dfp.hdr
freesurfer analyzeto4dfp.c
Reading: talsrcimg.hdr
header size 348 bytes
hdr.dime.datatype	offset=70	value=2
hdr.dime.bitpix		offset=72	value=8
hdr.hist.orient		offset=252	value=-1
dimensionality     4
dimensions       256       256       256         1
Reading: talsrcimg.img
Writing: talsrcimg.4dfp.img
Writing: talsrcimg.4dfp.ifh
ifh2hdr talsrcimg -r0to208
ori=2

---------------------------------------------------------------------
gauss_4dfp talsrcimg 1.1
---------------------------------------------------------------------

freesurfer gauss_4dfp.c
Reading: talsrcimg.4dfp.img
Writing: talsrcimg_g11.4dfp.img
image dimensions 256 256 256 padded to 288 288 288
processing volume 1freesurfer ifh2hdr.c
Thu Mar 12 11:07:05 2026
Writing: talsrcimg_g11.4dfp.hdr

Writing: talsrcimg_g11.4dfp.ifh
including: talsrcimg.4dfp.img.rec in talsrcimg_g11.4dfp.img.rec

---------------------------------------------------------------------
imgreg_4dfp /opt/freesurfer/average/711-2C_as_mni_average_305 none talsrcimg_g11 none talsrcimg_to_711-2C_as_mni_average_305_t4 4355
---------------------------------------------------------------------

freesurfer imgreg_4dfp.c
/opt/freesurfer/average/711-2C_as_mni_average_305.4dfp.img
       256       256       256         1
  1.000000  1.000000  1.000000
orientation T byte_order littleendian
Reading image: /opt/freesurfer/average/711-2C_as_mni_average_305.4dfp.img
dimensions:      256       256       256
mmppix:       1.0000   -1.0000   -1.0000
center:     128.0000 -129.0000 -129.0000
talsrcimg_g11.4dfp.img
       256       256       256         1
  1.000000  1.000000  1.000000
orientation T byte_order littleendian
Reading image: talsrcimg_g11.4dfp.img
dimensions:      256       256       256
mmppix:       1.0000   -1.0000   -1.0000
center:     128.0000 -129.0000 -129.0000
t4_read: open error in t4_sub.f l:  41 t4_file(1:l)talsrcimg_to_711-2C_as_mni_average_305_t4 
t4_read: transform initialized to I4
rotation matrix determinant  1.000000
image alignment mode   4355 decimal     1103 hex
   -7.5000  -45.0000  -45.0000 8122.0029   16.7955
    0.0000  -45.0000  -45.0000 8528.4258   16.7741
    7.5000  -45.0000  -45.0000 8204.8281   16.7674
   -7.5000  -37.5000  -45.0000 8703.4707   16.7446
    0.0000  -37.5000  -45.0000 9156.6387   16.7214
    7.5000  -37.5000  -45.0000 8796.5967   16.7124
   -7.5000  -30.0000  -45.0000 9522.9141   16.7566
    0.0000  -30.0000  -45.000010025.8516   16.7358
    7.5000  -30.0000  -45.0000 9630.1387   16.7295
   -7.5000  -22.5000  -45.000010269.8330   16.7881
    0.0000  -22.5000  -45.000010810.1436   16.7741
    7.5000  -22.5000  -45.000010381.9248   16.7717
   -7.5000  -15.0000  -45.000010954.1182   16.8059
    0.0000  -15.0000  -45.000011521.3320   16.7970
    7.5000  -15.0000  -45.000011048.4492   16.7969
   -7.5000   -7.5000  -45.000011544.7949   16.7895
    0.0000   -7.5000  -45.000012140.1211   16.7758
    7.5000   -7.5000  -45.000011643.8809   16.7740
   -7.5000    0.0000  -45.000012079.7559   16.7591
    0.0000    0.0000  -45.000012680.8750   16.7380
    7.5000    0.0000  -45.000012171.6201   16.7314
   -7.5000    7.5000  -45.000011785.4375   16.7441
    0.0000    7.5000  -45.000012362.9863   16.7210
    7.5000    7.5000  -45.000011864.2822   16.7120
   -7.5000   15.0000  -45.000011406.9512   16.7566
    0.0000   15.0000  -45.000011937.7783   16.7358
    7.5000   15.0000  -45.000011451.1641   16.7295
   -7.5000   22.5000  -45.000010677.2461   16.7858
    0.0000   22.5000  -45.000011168.5352   16.7718
    7.5000   22.5000  -45.000010694.4795   16.7694
   -7.5000   30.0000  -45.0000 9759.4346   16.5819
    0.0000   30.0000  -45.000010207.1797   16.5732
    7.5000   30.0000  -45.0000 9754.4092   16.5731
   -7.5000   37.5000  -45.0000 9178.0615   16.5658
    0.0000   37.5000  -45.0000 9612.8906   16.5523
    7.5000   37.5000  -45.0000 9193.3096   16.5505
   -7.5000   45.0000  -45.0000 8294.1182   16.1159
    0.0000   45.0000  -45.0000 8658.7041   16.0956
    7.5000   45.0000  -45.0000 8294.8174   16.0892
   -7.5000  -45.0000  -37.5000 8693.6621   16.7139
    0.0000  -45.0000  -37.5000 9144.6514   16.6972
    7.5000  -45.0000  -37.5000 8796.1357   16.6955
   -7.5000  -37.5000  -37.5000 9295.1904   16.6700
    0.0000  -37.5000  -37.5000 9791.1113   16.6475
    7.5000  -37.5000  -37.5000 9411.4463   16.6429
   -7.5000  -30.0000  -37.500010150.9746   16.6884
    0.0000  -30.0000  -37.500010716.5654   16.6659
    7.5000  -30.0000  -37.500010291.2354   16.6622
   -7.5000  -22.5000  -37.500010939.4951   16.7188
    0.0000  -22.5000  -37.500011539.5439   16.7051
    7.5000  -22.5000  -37.500011076.3369   16.7051
   -7.5000  -15.0000  -37.500011656.4746   16.7294
    0.0000  -15.0000  -37.500012279.3896   16.7243
    7.5000  -15.0000  -37.500011770.6035   16.7278
   -7.5000   -7.5000  -37.500012277.1094   16.7076
    0.0000   -7.5000  -37.500012947.4502   16.6993
    7.5000   -7.5000  -37.500012385.9219   16.7025
   -7.5000    0.0000  -37.500012839.0469   16.6781
    0.0000    0.0000  -37.500013502.8408   16.6615
    7.5000    0.0000  -37.500012909.2754   16.6599
   -7.5000    7.5000  -37.500012478.2393   16.6695
    0.0000    7.5000  -37.500013115.0352   16.6471
    7.5000    7.5000  -37.500012554.0381   16.6425
   -7.5000   15.0000  -37.500012049.3887   16.6884
    0.0000   15.0000  -37.500012631.6514   16.6659
    7.5000   15.0000  -37.500012089.1289   16.6622
   -7.5000   22.5000  -37.500011243.6729   16.7165
    0.0000   22.5000  -37.500011773.2080   16.7028
    7.5000   22.5000  -37.500011251.4385   16.7028
   -7.5000   30.0000  -37.500010270.7559   16.5065
    0.0000   30.0000  -37.500010731.9482   16.5014
    7.5000   30.0000  -37.500010246.8506   16.5049
   -7.5000   37.5000  -37.5000 9653.2588   16.4849
    0.0000   37.5000  -37.500010095.0283   16.4768
    7.5000   37.5000  -37.5000 9655.1172   16.4799
   -7.5000   45.0000  -37.5000 8701.7812   16.0379
    0.0000   45.0000  -37.5000 9078.4502   16.0220
    7.5000   45.0000  -37.5000 8702.6348   16.0205
   -7.5000  -45.0000  -30.0000 9415.8330   17.3824
    0.0000  -45.0000  -30.0000 9891.0762   17.3668
    7.5000  -45.0000  -30.0000 9503.2178   17.3635
   -7.5000  -37.5000  -30.000010052.9766   17.3397
    0.0000  -37.5000  -30.000010562.7510   17.3172
    7.5000  -37.5000  -30.000010156.4297   17.3081
   -7.5000  -30.0000  -30.000010968.5762   17.3629
    0.0000  -30.0000  -30.000011545.0527   17.3390
    7.5000  -30.0000  -30.000011095.6094   17.3281
   -7.5000  -22.5000  -30.000011790.6562   17.3957
    0.0000  -22.5000  -30.000012417.5615   17.3805
    7.5000  -22.5000  -30.000011927.3379   17.3737
   -7.5000  -15.0000  -30.000012557.3877   17.4050
    0.0000  -15.0000  -30.000013219.5137   17.3986
    7.5000  -15.0000  -30.000012654.1963   17.3982
   -7.5000   -7.5000  -30.000013228.4092   17.3781
    0.0000   -7.5000  -30.000013945.5986   17.3700
    7.5000   -7.5000  -30.000013298.4570   17.3716
   -7.5000    0.0000  -30.000013808.4746   17.3453
    0.0000    0.0000  -30.000014536.1699   17.3299
    7.5000    0.0000  -30.000013857.1611   17.3266
   -7.5000    7.5000  -30.000013391.1582   17.3392
    0.0000    7.5000  -30.000014106.5518   17.3168
    7.5000    7.5000  -30.000013466.7607   17.3077
   -7.5000   15.0000  -30.000012870.1846   17.3629
    0.0000   15.0000  -30.000013534.0420   17.3390
    7.5000   15.0000  -30.000012915.9385   17.3281
   -7.5000   22.5000  -30.000012007.4502   17.3915
    0.0000   22.5000  -30.000012586.2559   17.3763
    7.5000   22.5000  -30.000011992.7969   17.3696
   -7.5000   30.0000  -30.000010926.6689   17.1747
    0.0000   30.0000  -30.000011433.4355   17.1683
    7.5000   30.0000  -30.000010910.8232   17.1680
   -7.5000   37.5000  -30.000010252.6641   17.1482
    0.0000   37.5000  -30.000010733.1299   17.1402
    7.5000   37.5000  -30.000010256.6660   17.1417
   -7.5000   45.0000  -30.0000 9234.9648   16.6919
    0.0000   45.0000  -30.0000 9634.0537   16.6770
    7.5000   45.0000  -30.0000 9224.4971   16.6739
   -7.5000  -45.0000  -22.500010113.5879   17.9848
    0.0000  -45.0000  -22.500010620.0322   17.9664
    7.5000  -45.0000  -22.500010205.6426   17.9548
   -7.5000  -37.5000  -22.500010776.4287   17.9365
    0.0000  -37.5000  -22.500011311.6738   17.9145
    7.5000  -37.5000  -22.500010875.7012   17.8955
   -7.5000  -30.0000  -22.500011754.8799   17.9567
    0.0000  -30.0000  -22.500012354.8184   17.9340
    7.5000  -30.0000  -22.500011873.8994   17.9122
   -7.5000  -22.5000  -22.500012616.9766   17.9924
    0.0000  -22.5000  -22.500013267.3838   17.9750
    7.5000  -22.5000  -22.500012762.3320   17.9576
   -7.5000  -15.0000  -22.500013409.2178   18.0076
    0.0000  -15.0000  -22.500014106.9463   17.9954
    7.5000  -15.0000  -22.500013498.0811   17.9854
   -7.5000   -7.5000  -22.500014110.3809   17.9822
    0.0000   -7.5000  -22.500014860.4082   17.9686
    7.5000   -7.5000  -22.500014152.8672   17.9616
   -7.5000    0.0000  -22.500014721.2080   17.9464
    0.0000    0.0000  -22.500015499.3262   17.9282
    7.5000    0.0000  -22.500014764.3174   17.9167
   -7.5000    7.5000  -22.500014286.9434   17.9360
    0.0000    7.5000  -22.500015072.6738   17.9140
    7.5000    7.5000  -22.500014376.9600   17.8950
   -7.5000   15.0000  -22.500013684.8750   17.9567
    0.0000   15.0000  -22.500014415.2441   17.9340
    7.5000   15.0000  -22.500013737.8555   17.9122
   -7.5000   22.5000  -22.500012719.3193   17.9868
    0.0000   22.5000  -22.500013368.0088   17.9695
    7.5000   22.5000  -22.500012724.9658   17.9521
   -7.5000   30.0000  -22.500011579.2734   17.7720
    0.0000   30.0000  -22.500012125.2217   17.7600
    7.5000   30.0000  -22.500011553.5352   17.7501
   -7.5000   37.5000  -22.500010841.5352   17.7470
    0.0000   37.5000  -22.500011336.8096   17.7336
    7.5000   37.5000  -22.500010816.9453   17.7266
   -7.5000   45.0000  -22.5000 9738.6826   17.2833
    0.0000   45.0000  -22.500010150.2188   17.2658
    7.5000   45.0000  -22.5000 9694.5859   17.2547
   -7.5000  -45.0000  -15.000010822.8809   18.4383
    0.0000  -45.0000  -15.000011356.4092   18.4147
    7.5000  -45.0000  -15.000010899.5684   18.3960
   -7.5000  -37.5000  -15.000011513.4756   18.3827
    0.0000  -37.5000  -15.000012076.6748   18.3598
    7.5000  -37.5000  -15.000011589.0312   18.3346
   -7.5000  -30.0000  -15.000012524.1709   18.3967
    0.0000  -30.0000  -15.000013165.3545   18.3758
    7.5000  -30.0000  -15.000012624.0664   18.3493
   -7.5000  -22.5000  -15.000013429.4014   18.4335
    0.0000  -22.5000  -15.000014130.0039   18.4155
    7.5000  -22.5000  -15.000013575.0986   18.3938
   -7.5000  -15.0000  -15.000014246.9580   18.4556
    0.0000  -15.0000  -15.000014985.8564   18.4389
    7.5000  -15.0000  -15.000014311.6455   18.4232
   -7.5000   -7.5000  -15.000014957.8291   18.4353
    0.0000   -7.5000  -15.000015713.5752   18.4152
    7.5000   -7.5000  -15.000014958.3457   18.4014
   -7.5000    0.0000  -15.000015596.9072   18.3988
    0.0000    0.0000  -15.000016412.3672   18.3754
    7.5000    0.0000  -15.000015634.4609   18.3568
   -7.5000    7.5000  -15.000015155.3379   18.3822
    0.0000    7.5000  -15.000015995.9600   18.3592
    7.5000    7.5000  -15.000015237.1279   18.3341
   -7.5000   15.0000  -15.000014471.5205   18.3967
    0.0000   15.0000  -15.000015257.5020   18.3758
    7.5000   15.0000  -15.000014499.5186   18.3493
   -7.5000   22.5000  -15.000013406.3877   18.4270
    0.0000   22.5000  -15.000014108.5820   18.4090
    7.5000   22.5000  -15.000013397.4385   18.3873
   -7.5000   30.0000  -15.000012201.7461   18.2167
    0.0000   30.0000  -15.000012791.0332   18.2003
    7.5000   30.0000  -15.000012167.4482   18.1848
   -7.5000   37.5000  -15.000011413.4336   18.1967
    0.0000   37.5000  -15.000011945.1992   18.1769
    7.5000   37.5000  -15.000011376.8281   18.1632
   -7.5000   45.0000  -15.000010211.2422   17.7296
    0.0000   45.0000  -15.000010649.1699   17.7071
    7.5000   45.0000  -15.000010173.0732   17.6892
   -7.5000  -45.0000   -7.500011580.3027   18.6737
    0.0000  -45.0000   -7.500012117.6709   18.6471
    7.5000  -45.0000   -7.500011624.3916   18.6309
   -7.5000  -37.5000   -7.500012248.5078   18.6147
    0.0000  -37.5000   -7.500012824.6465   18.5892
    7.5000  -37.5000   -7.500012299.5771   18.5690
   -7.5000  -30.0000   -7.500013286.7021   18.6250
    0.0000  -30.0000   -7.500013932.5791   18.6035
    7.5000  -30.0000   -7.500013377.7666   18.5848
   -7.5000  -22.5000   -7.500014257.6084   18.6606
    0.0000  -22.5000   -7.500014963.5781   18.6436
    7.5000  -22.5000   -7.500014368.1328   18.6298
   -7.5000  -15.0000   -7.500015087.5449   18.6846
    0.0000  -15.0000   -7.500015856.0137   18.6692
    7.5000  -15.0000   -7.500015127.4795   18.6591
   -7.5000   -7.5000   -7.500015849.2549   18.6683
    0.0000   -7.5000   -7.500016614.7480   18.6474
    7.5000   -7.5000   -7.500015818.0908   18.6367
   -7.5000    0.0000   -7.500016532.5762   18.6335
    0.0000    0.0000   -7.500017369.8906   18.6071
    7.5000    0.0000   -7.500016548.5840   18.5911
   -7.5000    7.5000   -7.500016058.4600   18.6142
    0.0000    7.5000   -7.500016892.4551   18.5887
    7.5000    7.5000   -7.500016110.6533   18.5685
   -7.5000   15.0000   -7.500015224.8447   18.6250
    0.0000   15.0000   -7.500016005.8584   18.6035
    7.5000   15.0000   -7.500015229.5938   18.5848
   -7.5000   22.5000   -7.500014074.6045   18.6520
    0.0000   22.5000   -7.500014785.1670   18.6350
    7.5000   22.5000   -7.500014039.5654   18.6212
   -7.5000   30.0000   -7.500012828.8320   18.4423
    0.0000   30.0000   -7.500013468.6982   18.4271
    7.5000   30.0000   -7.500012765.9561   18.4171
   -7.5000   37.5000   -7.500012006.6758   18.4262
    0.0000   37.5000   -7.500012581.9912   18.4056
    7.5000   37.5000   -7.500011949.7715   18.3951
   -7.5000   45.0000   -7.500010750.1680   17.9592
    0.0000   45.0000   -7.500011220.0889   17.9338
    7.5000   45.0000   -7.500010695.5371   17.9183
   -7.5000  -45.0000    0.000012239.1006   18.7117
    0.0000  -45.0000    0.000012780.5352   18.6876
    7.5000  -45.0000    0.000012277.5166   18.6800
   -7.5000  -37.5000    0.000012885.4658   18.6556
    0.0000  -37.5000    0.000013449.8740   18.6295
    7.5000  -37.5000    0.000012922.0908   18.6194
   -7.5000  -30.0000    0.000013941.0996   18.6689
    0.0000  -30.0000    0.000014533.6719   18.6452
    7.5000  -30.0000    0.000014006.3428   18.6380
   -7.5000  -22.5000    0.000014971.6787   18.7033
    0.0000  -22.5000    0.000015639.0068   18.6872
    7.5000  -22.5000    0.000015034.0244   18.6843
   -7.5000  -15.0000    0.000015878.9785   18.7226
    0.0000  -15.0000    0.000016590.6719   18.7122
    7.5000  -15.0000    0.000015868.0498   18.7119
   -7.5000   -7.5000    0.000016689.4668   18.7046
    0.0000   -7.5000    0.000017372.4336   18.6889
    7.5000   -7.5000    0.000016605.1387   18.6868
   -7.5000    0.0000    0.000017384.5352   18.6714
    0.0000    0.0000    0.000018145.8125   18.6476
    7.5000    0.0000    0.000017354.4570   18.6401
   -7.5000    7.5000    0.000016844.6992   18.6551
    0.0000    7.5000    0.000017615.1328   18.6290
    7.5000    7.5000    0.000016877.3867   18.6189
   -7.5000   15.0000    0.000015869.1621   18.6689
    0.0000   15.0000    0.000016600.4746   18.6452
    7.5000   15.0000    0.000015849.7646   18.6380
   -7.5000   22.5000    0.000014648.7520   18.6947
    0.0000   22.5000    0.000015320.2510   18.6786
    7.5000   22.5000    0.000014599.3330   18.6757
   -7.5000   30.0000    0.000013376.4189   18.4803
    0.0000   30.0000    0.000013982.1377   18.4700
    7.5000   30.0000    0.000013307.2754   18.4698
   -7.5000   37.5000    0.000012560.9492   18.4625
    0.0000   37.5000    0.000013116.0625   18.4471
    7.5000   37.5000    0.000012469.6504   18.4450
   -7.5000   45.0000    0.000011238.4941   17.9971
    0.0000   45.0000    0.000011719.9590   17.9741
    7.5000   45.0000    0.000011156.1260   17.9669
   -7.5000  -45.0000    7.500011872.0762   18.6878
    0.0000  -45.0000    7.500012433.9893   18.6688
    7.5000  -45.0000    7.500011950.6533   18.6669
   -7.5000  -37.5000    7.500012476.4004   18.6388
    0.0000  -37.5000    7.500013022.6982   18.6134
    7.5000  -37.5000    7.500012544.8135   18.6082
   -7.5000  -30.0000    7.500013507.0811   18.6597
    0.0000  -30.0000    7.500014016.7695   18.6343
    7.5000  -30.0000    7.500013538.3848   18.6301
   -7.5000  -22.5000    7.500014490.7090   18.6939
    0.0000  -22.5000    7.500015083.7314   18.6784
    7.5000  -22.5000    7.500014519.3555   18.6782
   -7.5000  -15.0000    7.500015409.2158   18.7058
    0.0000  -15.0000    7.500015973.5791   18.6998
    7.5000  -15.0000    7.500015381.1270   18.7036
   -7.5000   -7.5000    7.500016233.7734   18.6810
    0.0000   -7.5000    7.500016731.6387   18.6715
    7.5000   -7.5000    7.500016127.9775   18.6750
   -7.5000    0.0000    7.500016933.4922   18.6477
    0.0000    0.0000    7.500017509.4062   18.6290
    7.5000    0.0000    7.500016864.2754   18.6271
   -7.5000    7.5000    7.500016397.5430   18.6383
    0.0000    7.5000    7.500017049.8125   18.6130
    7.5000    7.5000    7.500016406.4082   18.6077
   -7.5000   15.0000    7.500015352.3369   18.6597
    0.0000   15.0000    7.500016022.7646   18.6343
    7.5000   15.0000    7.500015389.6582   18.6301
   -7.5000   22.5000    7.500014119.9609   18.6853
    0.0000   22.5000    7.500014774.3027   18.6698
    7.5000   22.5000    7.500014139.8887   18.6696
   -7.5000   30.0000    7.500012909.1084   18.4637
    0.0000   30.0000    7.500013485.9707   18.4578
    7.5000   30.0000    7.500012894.1318   18.4615
   -7.5000   37.5000    7.500012154.8516   18.4393
    0.0000   37.5000    7.500012667.0986   18.4299
    7.5000   37.5000    7.500012077.8193   18.4333
   -7.5000   45.0000    7.500010856.5332   17.9743
    0.0000   45.0000    7.500011309.0342   17.9562
    7.5000   45.0000    7.500010782.7979   17.9544
   -7.5000  -45.0000   15.000011402.9893   18.6681
    0.0000  -45.0000   15.000011954.7578   18.6512
    7.5000  -45.0000   15.000011482.6348   18.6476
   -7.5000  -37.5000   15.000012018.3389   18.6221
    0.0000  -37.5000   15.000012551.9092   18.5978
    7.5000  -37.5000   15.000012067.4512   18.5880
   -7.5000  -30.0000   15.000013004.7832   18.6468
    0.0000  -30.0000   15.000013505.6113   18.6210
    7.5000  -30.0000   15.000013009.7031   18.6093
   -7.5000  -22.5000   15.000013885.7100   18.6820
    0.0000  -22.5000   15.000014420.7363   18.6656
    7.5000  -22.5000   15.000013914.8193   18.6583
   -7.5000  -15.0000   15.000014709.5186   18.6921
    0.0000  -15.0000   15.000015310.0820   18.6851
    7.5000  -15.0000   15.000014808.8730   18.6847
   -7.5000   -7.5000   15.000015533.9326   18.6634
    0.0000   -7.5000   15.000016124.4102   18.6546
    7.5000   -7.5000   15.000015619.2354   18.6563
   -7.5000    0.0000   15.000016271.6445   18.6282
    0.0000    0.0000   15.000016894.8730   18.6116
    7.5000    0.0000   15.000016311.4717   18.6080
   -7.5000    7.5000   15.000015738.9053   18.6216
    0.0000    7.5000   15.000016422.4336   18.5973
    7.5000    7.5000   15.000015792.4736   18.5875
   -7.5000   15.0000   15.000014729.6045   18.6468
    0.0000   15.0000   15.000015385.8350   18.6210
    7.5000   15.0000   15.000014779.5801   18.6093
   -7.5000   22.5000   15.000013510.9199   18.6734
    0.0000   22.5000   15.000014129.0127   18.6570
    7.5000   22.5000   15.000013539.7480   18.6497
   -7.5000   30.0000   15.000012364.1758   18.4502
    0.0000   30.0000   15.000012897.7432   18.4433
    7.5000   30.0000   15.000012333.3447   18.4429
   -7.5000   37.5000   15.000011644.7588   18.4219
    0.0000   37.5000   15.000012111.2480   18.4132
    7.5000   37.5000   15.000011573.1396   18.4148
   -7.5000   45.0000   15.000010389.7148   17.9555
    0.0000   45.0000   15.000010798.7744   17.9394
    7.5000   45.0000   15.000010337.4297   17.9360
   -7.5000  -45.0000   22.500010811.4912   18.7073
    0.0000  -45.0000   22.500011329.0840   18.6879
    7.5000  -45.0000   22.500010897.9629   18.6755
   -7.5000  -37.5000   22.500011410.5449   18.6567
    0.0000  -37.5000   22.500011927.5547   18.6335
    7.5000  -37.5000   22.500011485.3018   18.6133
   -7.5000  -30.0000   22.500012368.8779   18.6777
    0.0000  -30.0000   22.500012907.2676   18.6538
    7.5000  -30.0000   22.500012429.5430   18.6307
   -7.5000  -22.5000   22.500013224.1914   18.7153
    0.0000  -22.5000   22.500013799.2012   18.6969
    7.5000  -22.5000   22.500013306.1201   18.6785
   -7.5000  -15.0000   22.500014002.0762   18.7315
    0.0000  -15.0000   22.500014618.7949   18.7186
    7.5000  -15.0000   22.500014108.7764   18.7078
   -7.5000   -7.5000   22.500014748.3379   18.7050
    0.0000   -7.5000   22.500015392.2383   18.6906
    7.5000   -7.5000   22.500014842.6123   18.6830
   -7.5000    0.0000   22.500015442.9229   18.6673
    0.0000    0.0000   22.500016133.2676   18.6481
    7.5000    0.0000   22.500015509.5918   18.6358
   -7.5000    7.5000   22.500014955.2520   18.6561
    0.0000    7.5000   22.500015623.5645   18.6329
    7.5000    7.5000   22.500015025.8555   18.6128
   -7.5000   15.0000   22.500013988.0781   18.6777
    0.0000   15.0000   22.500014586.0391   18.6538
    7.5000   15.0000   22.500014027.8496   18.6307
   -7.5000   22.5000   22.500012853.5439   18.7066
    0.0000   22.5000   22.500013383.8965   18.6883
    7.5000   22.5000   22.500012852.9355   18.6698
   -7.5000   30.0000   22.500011745.4893   18.4891
    0.0000   30.0000   22.500012207.8945   18.4764
    7.5000   30.0000   22.500011698.4316   18.4657
   -7.5000   37.5000   22.500011022.8203   18.4630
    0.0000   37.5000   22.500011440.0400   18.4487
    7.5000   37.5000   22.500010977.5645   18.4412
   -7.5000   45.0000   22.5000 9812.9951   17.9931
    0.0000   45.0000   22.500010200.5947   17.9746
    7.5000   45.0000   22.5000 9810.8564   17.9627
   -7.5000  -45.0000   30.000010103.7891   18.8039
    0.0000  -45.0000   30.000010637.2305   18.7792
    7.5000  -45.0000   30.000010196.1025   18.7591
   -7.5000  -37.5000   30.000010680.0732   18.7464
    0.0000  -37.5000   30.000011226.2568   18.7223
    7.5000  -37.5000   30.000010768.6963   18.6956
   -7.5000  -30.0000   30.000011576.1367   18.7609
    0.0000  -30.0000   30.000012154.1006   18.7389
    7.5000  -30.0000   30.000011663.4492   18.7107
   -7.5000  -22.5000   30.000012380.6846   18.7994
    0.0000  -22.5000   30.000012966.2471   18.7806
    7.5000  -22.5000   30.000012461.6465   18.7572
   -7.5000  -15.0000   30.000013120.0781   18.8227
    0.0000  -15.0000   30.000013738.0518   18.8052
    7.5000  -15.0000   30.000013203.0186   18.7880
   -7.5000   -7.5000   30.000013801.9863   18.8016
    0.0000   -7.5000   30.000014432.3916   18.7806
    7.5000   -7.5000   30.000013863.3467   18.7653
   -7.5000    0.0000   30.000014429.0840   18.7633
    0.0000    0.0000   30.000015087.4775   18.7389
    7.5000    0.0000   30.000014491.8672   18.7189
   -7.5000    7.5000   30.000014010.5742   18.7458
    0.0000    7.5000   30.000014645.0088   18.7218
    7.5000    7.5000   30.000014086.5059   18.6950
   -7.5000   15.0000   30.000013099.9023   18.7609
    0.0000   15.0000   30.000013689.7217   18.7389
    7.5000   15.0000   30.000013156.3135   18.7107
   -7.5000   22.5000   30.000012032.8779   18.7907
    0.0000   22.5000   30.000012565.2471   18.7719
    7.5000   22.5000   30.000012071.7637   18.7485
   -7.5000   30.0000   30.000010993.9248   18.5791
    0.0000   30.0000   30.000011463.8262   18.5619
    7.5000   30.0000   30.000010977.5244   18.5449
   -7.5000   37.5000   30.000010306.3037   18.5582
    0.0000   37.5000   30.000010733.8398   18.5376
    7.5000   37.5000   30.000010284.3613   18.5225
   -7.5000   45.0000   30.0000 9178.5566   18.0857
    0.0000   45.0000   30.0000 9567.6260   18.0622
    7.5000   45.0000   30.0000 9175.0010   18.0428
   -7.5000  -45.0000   37.5000 9731.7734   18.9725
    0.0000  -45.0000   37.500010241.8350   18.9448
    7.5000  -45.0000   37.5000 9784.7061   18.9263
   -7.5000  -37.5000   37.500010280.9658   18.9105
    0.0000  -37.5000   37.500010813.6533   18.8839
    7.5000  -37.5000   37.500010339.6934   18.8611
   -7.5000  -30.0000   37.500011142.4912   18.9209
    0.0000  -30.0000   37.500011706.4893   18.8982
    7.5000  -30.0000   37.500011196.8594   18.8769
   -7.5000  -22.5000   37.500011930.4082   18.9586
    0.0000  -22.5000   37.500012509.8232   18.9408
    7.5000  -22.5000   37.500011979.0098   18.9244
   -7.5000  -15.0000   37.500012636.3145   18.9846
    0.0000  -15.0000   37.500013242.8516   18.9686
    7.5000  -15.0000   37.500012693.4658   18.9562
   -7.5000   -7.5000   37.500013280.2012   18.9680
    0.0000   -7.5000   37.500013895.5264   18.9463
    7.5000   -7.5000   37.500013346.9219   18.9334
   -7.5000    0.0000   37.500013913.6035   18.9311
    0.0000    0.0000   37.500014545.0264   18.9037
    7.5000    0.0000   37.500013959.0186   18.8853
   -7.5000    7.5000   37.500013541.5156   18.9100
    0.0000    7.5000   37.500014151.9004   18.8833
    7.5000    7.5000   37.500013579.9932   18.8605
   -7.5000   15.0000   37.500012646.9004   18.9209
    0.0000   15.0000   37.500013223.2715   18.8982
    7.5000   15.0000   37.500012696.1533   18.8769
   -7.5000   22.5000   37.500011637.2070   18.9499
    0.0000   22.5000   37.500012172.1055   18.9321
    7.5000   22.5000   37.500011674.1426   18.9157
   -7.5000   30.0000   37.500010635.7021   18.7389
    0.0000   30.0000   37.500011101.1553   18.7231
    7.5000   30.0000   37.500010635.1299   18.7108
   -7.5000   37.5000   37.5000 9976.4453   18.7225
    0.0000   37.5000   37.500010417.3721   18.7011
    7.5000   37.5000   37.5000 9963.3145   18.6883
   -7.5000   45.0000   37.5000 8901.7363   18.2474
    0.0000   45.0000   37.5000 9295.7461   18.2210
    7.5000   45.0000   37.5000 8908.2305   18.2032
   -7.5000  -45.0000   45.0000 8914.6182   19.1067
    0.0000  -45.0000   45.0000 9360.4004   19.0817
    7.5000  -45.0000   45.0000 8943.5459   19.0707
   -7.5000  -37.5000   45.0000 9415.8701   19.0473
    0.0000  -37.5000   45.0000 9880.6885   19.0201
    7.5000  -37.5000   45.0000 9454.2217   19.0062
   -7.5000  -30.0000   45.000010206.8643   19.0623
    0.0000  -30.0000   45.000010693.1377   19.0376
    7.5000  -30.0000   45.000010222.0615   19.0267
   -7.5000  -22.5000   45.000010926.1484   19.1001
    0.0000  -22.5000   45.000011437.4785   19.0836
    7.5000  -22.5000   45.000010949.2803   19.0775
   -7.5000  -15.0000   45.000011565.7598   19.1213
    0.0000  -15.0000   45.000012109.4258   19.1110
    7.5000  -15.0000   45.000011599.1982   19.1078
   -7.5000   -7.5000   45.000012156.0303   19.1013
    0.0000   -7.5000   45.000012714.9922   19.0853
    7.5000   -7.5000   45.000012204.5820   19.0803
   -7.5000    0.0000   45.000012729.8037   19.0645
    0.0000    0.0000   45.000013308.3633   19.0398
    7.5000    0.0000   45.000012770.7676   19.0289
   -7.5000    7.5000   45.000012436.5791   19.0468
    0.0000    7.5000   45.000013009.4883   19.0195
    7.5000    7.5000   45.000012464.7510   19.0056
   -7.5000   15.0000   45.000011620.3213   19.0623
    0.0000   15.0000   45.000012166.0391   19.0376
    7.5000   15.0000   45.000011655.8848   19.0267
   -7.5000   22.5000   45.000010712.9121   19.0913
    0.0000   22.5000   45.000011211.4092   19.0748
    7.5000   22.5000   45.000010743.1670   19.0687
   -7.5000   30.0000   45.0000 9785.1807   18.8722
    0.0000   30.0000   45.000010226.9326   18.8620
    7.5000   30.0000   45.0000 9784.3604   18.8589
   -7.5000   37.5000   45.0000 9211.1318   18.8524
    0.0000   37.5000   45.0000 9616.6006   18.8367
    7.5000   37.5000   45.0000 9186.6875   18.8317
   -7.5000   45.0000   45.0000 8232.4707   18.3844
    0.0000   45.0000   45.0000 8591.3242   18.3605
    7.5000   45.0000   45.0000 8226.2539   18.3500

---------------------------------------------------------------------
imgreg_4dfp /opt/freesurfer/average/711-2C_as_mni_average_305 /opt/freesurfer/average/711-2B_as_mni_average_305_mask talsrcimg_g11 none talsrcimg_to_711-2C_as_mni_average_305_t4 4355
---------------------------------------------------------------------

freesurfer imgreg_4dfp.c
/opt/freesurfer/average/711-2C_as_mni_average_305.4dfp.img
       256       256       256         1
  1.000000  1.000000  1.000000
orientation T byte_order littleendian
Reading image: /opt/freesurfer/average/711-2C_as_mni_average_305.4dfp.img
dimensions:      256       256       256
mmppix:       1.0000   -1.0000   -1.0000
center:     128.0000 -129.0000 -129.0000
/opt/freesurfer/average/711-2B_as_mni_average_305_mask.4dfp.img
       256       256       256         1
  1.000000  1.000000  1.000000
orientation T byte_order littleendian
Reading mask: /opt/freesurfer/average/711-2B_as_mni_average_305_mask.4dfp.img (2306576 pixels)
talsrcimg_g11.4dfp.img
       256       256       256         1
  1.000000  1.000000  1.000000
orientation T byte_order littleendian
Reading image: talsrcimg_g11.4dfp.img
dimensions:      256       256       256
mmppix:       1.0000   -1.0000   -1.0000
center:     128.0000 -129.0000 -129.0000
rotation matrix determinant  1.000000
image alignment mode   4355 decimal     1103 hex
   -7.5000  -45.0000  -45.0000 2079.6096   18.9602
    0.0000  -45.0000  -45.0000 2094.9055   18.7178
    7.5000  -45.0000  -45.0000 2091.5830   18.7770
   -7.5000  -37.5000  -45.0000 2172.5256   17.5967
    0.0000  -37.5000  -45.0000 2193.6936   17.3777
    7.5000  -37.5000  -45.0000 2188.6025   17.4589
   -7.5000  -30.0000  -45.0000 2229.2769   16.6571
    0.0000  -30.0000  -45.0000 2248.5862   16.5082
    7.5000  -30.0000  -45.0000 2246.1643   16.5609
   -7.5000  -22.5000  -45.0000 2264.3325   16.0179
    0.0000  -22.5000  -45.0000 2285.6257   15.8479
    7.5000  -22.5000  -45.0000 2281.0269   15.8965
   -7.5000  -15.0000  -45.0000 2279.3987   15.6205
    0.0000  -15.0000  -45.0000 2300.3308   15.4229
    7.5000  -15.0000  -45.0000 2293.8833   15.4990
   -7.5000   -7.5000  -45.0000 2271.1987   15.5818
    0.0000   -7.5000  -45.0000 2294.9099   15.3554
    7.5000   -7.5000  -45.0000 2292.7188   15.4232
   -7.5000    0.0000  -45.0000 2248.3918   15.8734
    0.0000    0.0000  -45.0000 2272.6990   15.6267
    7.5000    0.0000  -45.0000 2269.2532   15.6802
   -7.5000    7.5000  -45.0000 2222.9158   16.4090
    0.0000    7.5000  -45.0000 2249.6787   16.1076
    7.5000    7.5000  -45.0000 2242.3779   16.1694
   -7.5000   15.0000  -45.0000 2184.3662   17.2757
    0.0000   15.0000  -45.0000 2209.9141   16.9221
    7.5000   15.0000  -45.0000 2202.1145   16.9850
   -7.5000   22.5000  -45.0000 2130.6724   18.5107
    0.0000   22.5000  -45.0000 2155.1562   18.1436
    7.5000   22.5000  -45.0000 2146.8154   18.2392
   -7.5000   30.0000  -45.0000 2051.8967   20.2371
    0.0000   30.0000  -45.0000 2078.6147   19.8463
    7.5000   30.0000  -45.0000 2069.2427   19.9872
   -7.5000   37.5000  -45.0000 1954.6042   22.4759
    0.0000   37.5000  -45.0000 1978.7700   22.0582
    7.5000   37.5000  -45.0000 1967.7252   22.1673
   -7.5000   45.0000  -45.0000 1841.1892   25.4449
    0.0000   45.0000  -45.0000 1866.0251   24.9260
    7.5000   45.0000  -45.0000 1855.8221   25.0274
   -7.5000  -45.0000  -37.5000 2169.7283   17.4149
    0.0000  -45.0000  -37.5000 2188.2837   17.2186
    7.5000  -45.0000  -37.5000 2186.3228   17.3040
   -7.5000  -37.5000  -37.5000 2264.7295   16.1496
    0.0000  -37.5000  -37.5000 2287.8064   15.9679
    7.5000  -37.5000  -37.5000 2287.0945   16.0453
   -7.5000  -30.0000  -37.5000 2322.0898   15.2975
    0.0000  -30.0000  -37.5000 2345.7046   15.1605
    7.5000  -30.0000  -37.5000 2342.6094   15.2065
   -7.5000  -22.5000  -37.5000 2359.3552   14.6979
    0.0000  -22.5000  -37.5000 2383.3472   14.5243
    7.5000  -22.5000  -37.5000 2378.7412   14.5829
   -7.5000  -15.0000  -37.5000 2378.8230   14.3044
    0.0000  -15.0000  -37.5000 2405.0332   14.1271
    7.5000  -15.0000  -37.5000 2398.5688   14.1892
   -7.5000   -7.5000  -37.5000 2381.0059   14.2309
    0.0000   -7.5000  -37.5000 2409.6177   14.0399
    7.5000   -7.5000  -37.5000 2404.1191   14.1189
   -7.5000    0.0000  -37.5000 2361.5828   14.5077
    0.0000    0.0000  -37.5000 2390.2510   14.3051
    7.5000    0.0000  -37.5000 2382.3831   14.3719
   -7.5000    7.5000  -37.5000 2330.6792   15.0316
    0.0000    7.5000  -37.5000 2361.9915   14.7963
    7.5000    7.5000  -37.5000 2349.2158   14.8583
   -7.5000   15.0000  -37.5000 2286.3811   15.8354
    0.0000   15.0000  -37.5000 2314.4507   15.5856
    7.5000   15.0000  -37.5000 2306.0820   15.6359
   -7.5000   22.5000  -37.5000 2223.8652   17.0181
    0.0000   22.5000  -37.5000 2249.9470   16.7488
    7.5000   22.5000  -37.5000 2239.3826   16.8225
   -7.5000   30.0000  -37.5000 2142.6589   18.5921
    0.0000   30.0000  -37.5000 2166.3315   18.2729
    7.5000   30.0000  -37.5000 2153.5613   18.4118
   -7.5000   37.5000  -37.5000 2040.0787   20.6526
    0.0000   37.5000  -37.5000 2059.4365   20.3045
    7.5000   37.5000  -37.5000 2048.1536   20.4291
   -7.5000   45.0000  -37.5000 1917.2755   23.3876
    0.0000   45.0000  -37.5000 1939.8113   22.9456
    7.5000   45.0000  -37.5000 1932.4554   23.0404
   -7.5000  -45.0000  -30.0000 2290.0137   16.6601
    0.0000  -45.0000  -30.0000 2311.3521   16.4875
    7.5000  -45.0000  -30.0000 2305.8999   16.5511
   -7.5000  -37.5000  -30.0000 2393.4695   15.4039
    0.0000  -37.5000  -30.0000 2415.4968   15.2336
    7.5000  -37.5000  -30.0000 2415.2117   15.2815
   -7.5000  -30.0000  -30.0000 2457.2927   14.5738
    0.0000  -30.0000  -30.0000 2480.5171   14.4198
    7.5000  -30.0000  -30.0000 2481.0369   14.4607
   -7.5000  -22.5000  -30.0000 2498.0754   13.9729
    0.0000  -22.5000  -30.0000 2519.9387   13.8274
    7.5000  -22.5000  -30.0000 2516.4788   13.8783
   -7.5000  -15.0000  -30.0000 2524.9910   13.5968
    0.0000  -15.0000  -30.0000 2552.9443   13.4309
    7.5000  -15.0000  -30.0000 2546.4556   13.4918
   -7.5000   -7.5000  -30.0000 2537.0237   13.4946
    0.0000   -7.5000  -30.0000 2567.6245   13.3249
    7.5000   -7.5000  -30.0000 2559.3296   13.3732
   -7.5000    0.0000  -30.0000 2524.2063   13.7541
    0.0000    0.0000  -30.0000 2553.9065   13.5912
    7.5000    0.0000  -30.0000 2545.3936   13.6388
   -7.5000    7.5000  -30.0000 2489.4121   14.2947
    0.0000    7.5000  -30.0000 2522.7656   14.1300
    7.5000    7.5000  -30.0000 2510.0381   14.1830
   -7.5000   15.0000  -30.0000 2437.0249   15.1389
    0.0000   15.0000  -30.0000 2469.9717   14.9489
    7.5000   15.0000  -30.0000 2459.6709   14.9954
   -7.5000   22.5000  -30.0000 2366.1008   16.2442
    0.0000   22.5000  -30.0000 2393.0808   16.0537
    7.5000   22.5000  -30.0000 2380.9519   16.1108
   -7.5000   30.0000  -30.0000 2268.3738   17.7512
    0.0000   30.0000  -30.0000 2293.5659   17.5135
    7.5000   30.0000  -30.0000 2280.0505   17.6144
   -7.5000   37.5000  -30.0000 2153.7808   19.7001
    0.0000   37.5000  -30.0000 2178.1292   19.4108
    7.5000   37.5000  -30.0000 2166.9270   19.5502
   -7.5000   45.0000  -30.0000 2028.2207   22.3050
    0.0000   45.0000  -30.0000 2048.8997   21.9220
    7.5000   45.0000  -30.0000 2038.8694   22.0385
   -7.5000  -45.0000  -22.5000 2375.9138   15.9010
    0.0000  -45.0000  -22.5000 2403.2222   15.7111
    7.5000  -45.0000  -22.5000 2398.3362   15.7548
   -7.5000  -37.5000  -22.5000 2488.0115   14.6317
    0.0000  -37.5000  -22.5000 2513.4780   14.4928
    7.5000  -37.5000  -22.5000 2513.5867   14.5148
   -7.5000  -30.0000  -22.5000 2561.3997   13.7803
    0.0000  -30.0000  -22.5000 2587.5332   13.6476
    7.5000  -30.0000  -22.5000 2587.8003   13.6630
   -7.5000  -22.5000  -22.5000 2612.8823   13.2119
    0.0000  -22.5000  -22.5000 2633.5608   13.0577
    7.5000  -22.5000  -22.5000 2634.7742   13.1119
   -7.5000  -15.0000  -22.5000 2646.3281   12.8659
    0.0000  -15.0000  -22.5000 2675.3955   12.7052
    7.5000  -15.0000  -22.5000 2665.1326   12.7687
   -7.5000   -7.5000  -22.5000 2666.6250   12.7564
    0.0000   -7.5000  -22.5000 2696.2666   12.6021
    7.5000   -7.5000  -22.5000 2683.5625   12.6421
   -7.5000    0.0000  -22.5000 2657.5527   12.9831
    0.0000    0.0000  -22.5000 2690.8967   12.8392
    7.5000    0.0000  -22.5000 2680.6538   12.8845
   -7.5000    7.5000  -22.5000 2623.1650   13.5220
    0.0000    7.5000  -22.5000 2661.1013   13.3777
    7.5000    7.5000  -22.5000 2652.3389   13.4251
   -7.5000   15.0000  -22.5000 2563.3818   14.3591
    0.0000   15.0000  -22.5000 2599.9678   14.2023
    7.5000   15.0000  -22.5000 2587.5879   14.2505
   -7.5000   22.5000  -22.5000 2478.0654   15.4672
    0.0000   22.5000  -22.5000 2507.9854   15.2810
    7.5000   22.5000  -22.5000 2494.4150   15.3273
   -7.5000   30.0000  -22.5000 2368.8015   16.9234
    0.0000   30.0000  -22.5000 2391.1975   16.7138
    7.5000   30.0000  -22.5000 2377.6418   16.7644
   -7.5000   37.5000  -22.5000 2243.3862   18.7945
    0.0000   37.5000  -22.5000 2269.1267   18.5440
    7.5000   37.5000  -22.5000 2257.6584   18.6034
   -7.5000   45.0000  -22.5000 2111.2271   21.2117
    0.0000   45.0000  -22.5000 2129.9177   20.8943
    7.5000   45.0000  -22.5000 2119.7510   20.9698
   -7.5000  -45.0000  -15.0000 2430.1045   15.2311
    0.0000  -45.0000  -15.0000 2457.8091   15.0146
    7.5000  -45.0000  -15.0000 2454.9011   15.0867
   -7.5000  -37.5000  -15.0000 2551.5571   13.9502
    0.0000  -37.5000  -15.0000 2579.1084   13.7645
    7.5000  -37.5000  -15.0000 2578.1091   13.8156
   -7.5000  -30.0000  -15.0000 2636.2227   13.0793
    0.0000  -30.0000  -15.0000 2667.6782   12.9185
    7.5000  -30.0000  -15.0000 2661.9153   12.9617
   -7.5000  -22.5000  -15.0000 2700.1831   12.5022
    0.0000  -22.5000  -15.0000 2726.8325   12.3709
    7.5000  -22.5000  -15.0000 2726.4888   12.4300
   -7.5000  -15.0000  -15.0000 2745.3220   12.2142
    0.0000  -15.0000  -15.0000 2776.3716   12.0576
    7.5000  -15.0000  -15.0000 2762.6868   12.1129
   -7.5000   -7.5000  -15.0000 2769.5142   12.1028
    0.0000   -7.5000  -15.0000 2803.9683   11.9570
    7.5000   -7.5000  -15.0000 2783.3406   12.0042
   -7.5000    0.0000  -15.0000 2761.5786   12.2998
    0.0000    0.0000  -15.0000 2799.8269   12.1599
    7.5000    0.0000  -15.0000 2786.6130   12.2161
   -7.5000    7.5000  -15.0000 2725.1887   12.8381
    0.0000    7.5000  -15.0000 2766.9468   12.6884
    7.5000    7.5000  -15.0000 2751.5930   12.7347
   -7.5000   15.0000  -15.0000 2658.9526   13.6368
    0.0000   15.0000  -15.0000 2694.7642   13.4864
    7.5000   15.0000  -15.0000 2678.5310   13.5312
   -7.5000   22.5000  -15.0000 2559.2922   14.7116
    0.0000   22.5000  -15.0000 2589.3003   14.5484
    7.5000   22.5000  -15.0000 2573.4209   14.5944
   -7.5000   30.0000  -15.0000 2437.7188   16.1515
    0.0000   30.0000  -15.0000 2460.1272   15.9395
    7.5000   30.0000  -15.0000 2447.3081   15.9891
   -7.5000   37.5000  -15.0000 2303.2202   17.9974
    0.0000   37.5000  -15.0000 2329.5718   17.7484
    7.5000   37.5000  -15.0000 2317.5476   17.7766
   -7.5000   45.0000  -15.0000 2162.9390   20.3032
    0.0000   45.0000  -15.0000 2182.4080   20.0285
    7.5000   45.0000  -15.0000 2171.8213   20.0333
   -7.5000  -45.0000   -7.5000 2473.4080   14.6479
    0.0000  -45.0000   -7.5000 2497.2231   14.3869
    7.5000  -45.0000   -7.5000 2490.9756   14.5229
   -7.5000  -37.5000   -7.5000 2595.5605   13.3441
    0.0000  -37.5000   -7.5000 2623.9919   13.1230
    7.5000  -37.5000   -7.5000 2616.9639   13.2510
   -7.5000  -30.0000   -7.5000 2689.8264   12.4541
    0.0000  -30.0000   -7.5000 2723.6267   12.2678
    7.5000  -30.0000   -7.5000 2713.1206   12.3833
   -7.5000  -22.5000   -7.5000 2769.7349   11.9119
    0.0000  -22.5000   -7.5000 2803.6692   11.7488
    7.5000  -22.5000   -7.5000 2792.6101   11.8444
   -7.5000  -15.0000   -7.5000 2821.9243   11.6501
    0.0000  -15.0000   -7.5000 2859.3521   11.4849
    7.5000  -15.0000   -7.5000 2842.3965   11.5525
   -7.5000   -7.5000   -7.5000 2856.4692   11.5510
    0.0000   -7.5000   -7.5000 2902.2942   11.3779
    7.5000   -7.5000   -7.5000 2873.6624   11.4551
   -7.5000    0.0000   -7.5000 2856.0593   11.7440
    0.0000    0.0000   -7.5000 2897.8611   11.5841
    7.5000    0.0000   -7.5000 2874.3328   11.6535
   -7.5000    7.5000   -7.5000 2808.5881   12.2480
    0.0000    7.5000   -7.5000 2847.5564   12.0916
    7.5000    7.5000   -7.5000 2830.3821   12.1425
   -7.5000   15.0000   -7.5000 2727.2837   13.0087
    0.0000   15.0000   -7.5000 2761.9702   12.8683
    7.5000   15.0000   -7.5000 2743.5393   12.9148
   -7.5000   22.5000   -7.5000 2614.1174   14.0884
    0.0000   22.5000   -7.5000 2644.1943   13.9277
    7.5000   22.5000   -7.5000 2627.0774   13.9778
   -7.5000   30.0000   -7.5000 2481.7429   15.4953
    0.0000   30.0000   -7.5000 2508.7087   15.3026
    7.5000   30.0000   -7.5000 2493.4722   15.3492
   -7.5000   37.5000   -7.5000 2345.9753   17.2709
    0.0000   37.5000   -7.5000 2371.2854   17.0421
    7.5000   37.5000   -7.5000 2358.4587   17.0954
   -7.5000   45.0000   -7.5000 2200.5149   19.5071
    0.0000   45.0000   -7.5000 2220.0845   19.2426
    7.5000   45.0000   -7.5000 2211.1472   19.2756
   -7.5000  -45.0000    0.0000 2499.6667   14.2777
    0.0000  -45.0000    0.0000 2523.1877   13.9588
    7.5000  -45.0000    0.0000 2515.9578   14.1636
   -7.5000  -37.5000    0.0000 2621.0256   12.9930
    0.0000  -37.5000    0.0000 2646.8821   12.7104
    7.5000  -37.5000    0.0000 2636.1643   12.8869
   -7.5000  -30.0000    0.0000 2724.9468   12.0665
    0.0000  -30.0000    0.0000 2757.1587   11.8228
    7.5000  -30.0000    0.0000 2743.5168   11.9914
   -7.5000  -22.5000    0.0000 2821.9622   11.5090
    0.0000  -22.5000    0.0000 2858.4712   11.2822
    7.5000  -22.5000    0.0000 2836.5730   11.4313
   -7.5000  -15.0000    0.0000 2885.7937   11.2472
    0.0000  -15.0000    0.0000 2931.6265   11.0473
    7.5000  -15.0000    0.0000 2905.6357   11.1572
   -7.5000   -7.5000    0.0000 2929.7756   11.1802
    0.0000   -7.5000    0.0000 2984.8210   10.9451
    7.5000   -7.5000    0.0000 2948.2876   11.0503
   -7.5000    0.0000    0.0000 2923.1899   11.3973
    0.0000    0.0000    0.0000 2971.3657   11.1902
    7.5000    0.0000    0.0000 2946.3142   11.2678
   -7.5000    7.5000    0.0000 2863.2009   11.8913
    0.0000    7.5000    0.0000 2904.4192   11.6963
    7.5000    7.5000    0.0000 2887.1980   11.7686
   -7.5000   15.0000    0.0000 2768.0393   12.6397
    0.0000   15.0000    0.0000 2804.2195   12.4351
    7.5000   15.0000    0.0000 2785.5427   12.4975
   -7.5000   22.5000    0.0000 2646.1914   13.6890
    0.0000   22.5000    0.0000 2677.0400   13.4669
    7.5000   22.5000    0.0000 2662.9473   13.5225
   -7.5000   30.0000    0.0000 2510.2668   15.0636
    0.0000   30.0000    0.0000 2536.2102   14.8458
    7.5000   30.0000    0.0000 2523.2964   14.8942
   -7.5000   37.5000    0.0000 2369.2390   16.8166
    0.0000   37.5000    0.0000 2393.4043   16.5691
    7.5000   37.5000    0.0000 2380.9402   16.6166
   -7.5000   45.0000    0.0000 2217.7776   18.9479
    0.0000   45.0000    0.0000 2241.4661   18.6747
    7.5000   45.0000    0.0000 2230.2637   18.7427
   -7.5000  -45.0000    7.5000 2514.1074   14.0584
    0.0000  -45.0000    7.5000 2541.0730   13.7490
    7.5000  -45.0000    7.5000 2530.4119   13.9639
   -7.5000  -37.5000    7.5000 2633.6384   12.7895
    0.0000  -37.5000    7.5000 2661.3423   12.5116
    7.5000  -37.5000    7.5000 2649.2554   12.7139
   -7.5000  -30.0000    7.5000 2747.4529   11.8715
    0.0000  -30.0000    7.5000 2770.8384   11.6080
    7.5000  -30.0000    7.5000 2756.9749   11.8034
   -7.5000  -22.5000    7.5000 2846.7202   11.3010
    0.0000  -22.5000    7.5000 2877.6445   11.0354
    7.5000  -22.5000    7.5000 2855.3484   11.2269
   -7.5000  -15.0000    7.5000 2920.8210   11.0392
    0.0000  -15.0000    7.5000 2961.6233   10.8180
    7.5000  -15.0000    7.5000 2932.2393   10.9543
   -7.5000   -7.5000    7.5000 2970.8511   10.9966
    0.0000   -7.5000    7.5000 3028.1946   10.7264
    7.5000   -7.5000    7.5000 2985.1802   10.8905
   -7.5000    0.0000    7.5000 2958.1621   11.2454
    0.0000    0.0000    7.5000 3013.0095   10.9798
    7.5000    0.0000    7.5000 2982.1833   11.1137
   -7.5000    7.5000    7.5000 2886.4785   11.7575
    0.0000    7.5000    7.5000 2932.1326   11.5524
    7.5000    7.5000    7.5000 2913.1848   11.6385
   -7.5000   15.0000    7.5000 2778.0234   12.4711
    0.0000   15.0000    7.5000 2819.6421   12.2640
    7.5000   15.0000    7.5000 2804.5886   12.3296
   -7.5000   22.5000    7.5000 2654.7993   13.4936
    0.0000   22.5000    7.5000 2689.3867   13.2747
    7.5000   22.5000    7.5000 2675.0398   13.3132
   -7.5000   30.0000    7.5000 2516.3088   14.8124
    0.0000   30.0000    7.5000 2542.3357   14.5963
    7.5000   30.0000    7.5000 2529.8699   14.6316
   -7.5000   37.5000    7.5000 2378.1482   16.4785
    0.0000   37.5000    7.5000 2398.5986   16.2476
    7.5000   37.5000    7.5000 2385.3118   16.2841
   -7.5000   45.0000    7.5000 2223.6318   18.5515
    0.0000   45.0000    7.5000 2244.5815   18.2848
    7.5000   45.0000    7.5000 2233.3450   18.3385
   -7.5000  -45.0000   15.0000 2514.2908   14.1192
    0.0000  -45.0000   15.0000 2540.5842   13.8301
    7.5000  -45.0000   15.0000 2524.1350   14.0280
   -7.5000  -37.5000   15.0000 2641.2126   12.8678
    0.0000  -37.5000   15.0000 2665.3113   12.5867
    7.5000  -37.5000   15.0000 2646.1951   12.7668
   -7.5000  -30.0000   15.0000 2753.4092   11.9730
    0.0000  -30.0000   15.0000 2771.2395   11.6773
    7.5000  -30.0000   15.0000 2751.4358   11.8530
   -7.5000  -22.5000   15.0000 2847.7505   11.3913
    0.0000  -22.5000   15.0000 2869.4839   11.1058
    7.5000  -22.5000   15.0000 2847.6541   11.2780
   -7.5000  -15.0000   15.0000 2914.4077   11.0632
    0.0000  -15.0000   15.0000 2954.0435   10.8371
    7.5000  -15.0000   15.0000 2922.2961   10.9875
   -7.5000   -7.5000   15.0000 2951.6748   11.0391
    0.0000   -7.5000   15.0000 2999.9983   10.8040
    7.5000   -7.5000   15.0000 2965.4741   10.9676
   -7.5000    0.0000   15.0000 2940.4314   11.2648
    0.0000    0.0000   15.0000 2989.0901   11.0674
    7.5000    0.0000   15.0000 2961.4915   11.1791
   -7.5000    7.5000   15.0000 2870.0435   11.7666
    0.0000    7.5000   15.0000 2918.8010   11.5651
    7.5000    7.5000   15.0000 2896.8923   11.6455
   -7.5000   15.0000   15.0000 2765.6780   12.5035
    0.0000   15.0000   15.0000 2806.1799   12.2964
    7.5000   15.0000   15.0000 2793.4841   12.3484
   -7.5000   22.5000   15.0000 2641.4287   13.4998
    0.0000   22.5000   15.0000 2674.7795   13.2901
    7.5000   22.5000   15.0000 2663.4189   13.3107
   -7.5000   30.0000   15.0000 2508.1211   14.7517
    0.0000   30.0000   15.0000 2534.7004   14.5201
    7.5000   30.0000   15.0000 2520.6558   14.5579
   -7.5000   37.5000   15.0000 2369.0449   16.3680
    0.0000   37.5000   15.0000 2391.3530   16.1124
    7.5000   37.5000   15.0000 2376.3403   16.1502
   -7.5000   45.0000   15.0000 2212.7788   18.4046
    0.0000   45.0000   15.0000 2234.4619   18.1389
    7.5000   45.0000   15.0000 2220.4592   18.1673
   -7.5000  -45.0000   22.5000 2504.4329   14.4015
    0.0000  -45.0000   22.5000 2530.1326   14.0907
    7.5000  -45.0000   22.5000 2512.1123   14.3111
   -7.5000  -37.5000   22.5000 2630.6929   13.1646
    0.0000  -37.5000   22.5000 2654.4597   12.8718
    7.5000  -37.5000   22.5000 2629.9087   13.0883
   -7.5000  -30.0000   22.5000 2737.0505   12.3093
    0.0000  -30.0000   22.5000 2756.8618   12.0201
    7.5000  -30.0000   22.5000 2729.2334   12.2163
   -7.5000  -22.5000   22.5000 2823.8269   11.7391
    0.0000  -22.5000   22.5000 2843.9941   11.4912
    7.5000  -22.5000   22.5000 2817.0215   11.6504
   -7.5000  -15.0000   22.5000 2880.0920   11.4072
    0.0000  -15.0000   22.5000 2911.8760   11.1623
    7.5000  -15.0000   22.5000 2880.2051   11.3203
   -7.5000   -7.5000   22.5000 2906.4316   11.3398
    0.0000   -7.5000   22.5000 2934.9255   11.1244
    7.5000   -7.5000   22.5000 2907.2446   11.2369
   -7.5000    0.0000   22.5000 2887.6975   11.5552
    0.0000    0.0000   22.5000 2922.6362   11.3684
    7.5000    0.0000   22.5000 2895.0642   11.4317
   -7.5000    7.5000   22.5000 2819.8442   12.0481
    0.0000    7.5000   22.5000 2855.5769   11.8540
    7.5000    7.5000   22.5000 2839.5522   11.8833
   -7.5000   15.0000   22.5000 2727.9719   12.7607
    0.0000   15.0000   22.5000 2760.0190   12.5412
    7.5000   15.0000   22.5000 2746.5496   12.5708
   -7.5000   22.5000   22.5000 2613.7605   13.7078
    0.0000   22.5000   22.5000 2642.5857   13.4871
    7.5000   22.5000   22.5000 2629.4102   13.5182
   -7.5000   30.0000   22.5000 2482.9338   14.9116
    0.0000   30.0000   22.5000 2509.3027   14.6576
    7.5000   30.0000   22.5000 2492.5002   14.7138
   -7.5000   37.5000   22.5000 2345.5854   16.4805
    0.0000   37.5000   22.5000 2364.8008   16.1930
    7.5000   37.5000   22.5000 2352.0999   16.2526
   -7.5000   45.0000   22.5000 2188.8635   18.4858
    0.0000   45.0000   22.5000 2209.4851   18.1828
    7.5000   45.0000   22.5000 2199.4958   18.2425
   -7.5000  -45.0000   30.0000 2474.0828   14.9499
    0.0000  -45.0000   30.0000 2496.2671   14.7027
    7.5000  -45.0000   30.0000 2473.5488   14.8879
   -7.5000  -37.5000   30.0000 2595.9492   13.7107
    0.0000  -37.5000   30.0000 2617.7986   13.4863
    7.5000  -37.5000   30.0000 2592.7375   13.6563
   -7.5000  -30.0000   30.0000 2695.8560   12.8274
    0.0000  -30.0000   30.0000 2718.4363   12.6163
    7.5000  -30.0000   30.0000 2689.6240   12.7556
   -7.5000  -22.5000   30.0000 2773.2883   12.2549
    0.0000  -22.5000   30.0000 2797.2261   12.0260
    7.5000  -22.5000   30.0000 2769.5112   12.1769
   -7.5000  -15.0000   30.0000 2819.9548   11.9459
    0.0000  -15.0000   30.0000 2849.7693   11.7138
    7.5000  -15.0000   30.0000 2820.7412   11.8303
   -7.5000   -7.5000   30.0000 2837.0117   11.8586
    0.0000   -7.5000   30.0000 2862.0388   11.6246
    7.5000   -7.5000   30.0000 2832.9536   11.7239
   -7.5000    0.0000   30.0000 2808.7825   12.0433
    0.0000    0.0000   30.0000 2835.7900   11.8208
    7.5000    0.0000   30.0000 2810.0898   11.8969
   -7.5000    7.5000   30.0000 2745.3970   12.5194
    0.0000    7.5000   30.0000 2772.8145   12.2990
    7.5000    7.5000   30.0000 2756.9573   12.3357
   -7.5000   15.0000   30.0000 2660.5378   13.2133
    0.0000   15.0000   30.0000 2689.9341   12.9812
    7.5000   15.0000   30.0000 2677.1465   12.9895
   -7.5000   22.5000   30.0000 2558.7590   14.1130
    0.0000   22.5000   30.0000 2582.8901   13.8873
    7.5000   22.5000   30.0000 2571.8511   13.9062
   -7.5000   30.0000   30.0000 2439.9688   15.2586
    0.0000   30.0000   30.0000 2462.0432   15.0269
    7.5000   30.0000   30.0000 2446.7612   15.0631
   -7.5000   37.5000   30.0000 2304.7043   16.8014
    0.0000   37.5000   30.0000 2323.2046   16.5343
    7.5000   37.5000   30.0000 2312.5908   16.5769
   -7.5000   45.0000   30.0000 2155.1030   18.8167
    0.0000   45.0000   30.0000 2174.3459   18.5042
    7.5000   45.0000   30.0000 2161.9207   18.5336
   -7.5000  -45.0000   37.5000 2428.0642   15.7307
    0.0000  -45.0000   37.5000 2447.2139   15.5225
    7.5000  -45.0000   37.5000 2423.1614   15.6587
   -7.5000  -37.5000   37.5000 2542.1929   14.4563
    0.0000  -37.5000   37.5000 2564.1492   14.2630
    7.5000  -37.5000   37.5000 2539.2549   14.3993
   -7.5000  -30.0000   37.5000 2635.2241   13.5417
    0.0000  -30.0000   37.5000 2657.4465   13.3706
    7.5000  -30.0000   37.5000 2626.8875   13.4915
   -7.5000  -22.5000   37.5000 2708.3474   12.9534
    0.0000  -22.5000   37.5000 2729.4880   12.7623
    7.5000  -22.5000   37.5000 2701.3489   12.9027
   -7.5000  -15.0000   37.5000 2743.5891   12.6357
    0.0000  -15.0000   37.5000 2768.5422   12.4639
    7.5000  -15.0000   37.5000 2741.9651   12.5485
   -7.5000   -7.5000   37.5000 2750.8335   12.5302
    0.0000   -7.5000   37.5000 2770.2078   12.3261
    7.5000   -7.5000   37.5000 2747.3960   12.4227
   -7.5000    0.0000   37.5000 2729.5049   12.6761
    0.0000    0.0000   37.5000 2747.7341   12.4596
    7.5000    0.0000   37.5000 2723.2024   12.5433
   -7.5000    7.5000   37.5000 2668.2449   13.1393
    0.0000    7.5000   37.5000 2687.7063   12.9246
    7.5000    7.5000   37.5000 2666.4888   12.9752
   -7.5000   15.0000   37.5000 2584.8049   13.8250
    0.0000   15.0000   37.5000 2606.1055   13.5955
    7.5000   15.0000   37.5000 2589.5366   13.6257
   -7.5000   22.5000   37.5000 2487.6038   14.6956
    0.0000   22.5000   37.5000 2508.1570   14.4695
    7.5000   22.5000   37.5000 2494.4866   14.4887
   -7.5000   30.0000   37.5000 2377.1248   15.8251
    0.0000   30.0000   37.5000 2395.2876   15.6026
    7.5000   30.0000   37.5000 2382.2988   15.6557
   -7.5000   37.5000   37.5000 2250.4460   17.3590
    0.0000   37.5000   37.5000 2270.1750   17.1225
    7.5000   37.5000   37.5000 2255.0251   17.1701
   -7.5000   45.0000   37.5000 2110.6885   19.3745
    0.0000   45.0000   37.5000 2128.5715   19.0947
    7.5000   45.0000   37.5000 2116.1086   19.1493
   -7.5000  -45.0000   45.0000 2373.1628   16.6762
    0.0000  -45.0000   45.0000 2387.5039   16.5126
    7.5000  -45.0000   45.0000 2361.4858   16.6593
   -7.5000  -37.5000   45.0000 2478.5190   15.3599
    0.0000  -37.5000   45.0000 2495.0708   15.2017
    7.5000  -37.5000   45.0000 2470.1658   15.3545
   -7.5000  -30.0000   45.0000 2563.0791   14.4232
    0.0000  -30.0000   45.0000 2578.4827   14.2687
    7.5000  -30.0000   45.0000 2552.3135   14.4095
   -7.5000  -22.5000   45.0000 2626.6414   13.8359
    0.0000  -22.5000   45.0000 2641.9661   13.6679
    7.5000  -22.5000   45.0000 2617.8879   13.7937
   -7.5000  -15.0000   45.0000 2655.8977   13.5068
    0.0000  -15.0000   45.0000 2671.8154   13.3539
    7.5000  -15.0000   45.0000 2648.4475   13.4345
   -7.5000   -7.5000   45.0000 2653.9917   13.3779
    0.0000   -7.5000   45.0000 2670.9661   13.2144
    7.5000   -7.5000   45.0000 2651.0779   13.2858
   -7.5000    0.0000   45.0000 2631.4446   13.4805
    0.0000    0.0000   45.0000 2646.0242   13.3040
    7.5000    0.0000   45.0000 2626.6538   13.3672
   -7.5000    7.5000   45.0000 2583.3074   13.9220
    0.0000    7.5000   45.0000 2599.2095   13.7339
    7.5000    7.5000   45.0000 2576.5972   13.7861
   -7.5000   15.0000   45.0000 2505.1941   14.5912
    0.0000   15.0000   45.0000 2522.6448   14.3957
    7.5000   15.0000   45.0000 2503.2607   14.4423
   -7.5000   22.5000   45.0000 2413.1265   15.4683
    0.0000   22.5000   45.0000 2430.1301   15.2592
    7.5000   22.5000   45.0000 2412.6543   15.3168
   -7.5000   30.0000   45.0000 2305.0310   16.6227
    0.0000   30.0000   45.0000 2322.3782   16.4273
    7.5000   30.0000   45.0000 2306.8364   16.4706
   -7.5000   37.5000   45.0000 2185.7803   18.2067
    0.0000   37.5000   45.0000 2204.5676   17.9512
    7.5000   37.5000   45.0000 2187.7300   17.9938
   -7.5000   45.0000   45.0000 2048.4985   20.2710
    0.0000   45.0000   45.0000 2066.8262   20.0036
    7.5000   45.0000   45.0000 2055.4319   20.0264

---------------------------------------------------------------------
imgreg_4dfp /opt/freesurfer/average/711-2C_as_mni_average_305 /opt/freesurfer/average/711-2B_as_mni_average_305_mask talsrcimg_g11 none talsrcimg_to_711-2C_as_mni_average_305_t4 1283
---------------------------------------------------------------------

freesurfer imgreg_4dfp.c
/opt/freesurfer/average/711-2C_as_mni_average_305.4dfp.img
       256       256       256         1
  1.000000  1.000000  1.000000
orientation T byte_order littleendian
Reading image: /opt/freesurfer/average/711-2C_as_mni_average_305.4dfp.img
dimensions:      256       256       256
mmppix:       1.0000   -1.0000   -1.0000
center:     128.0000 -129.0000 -129.0000
/opt/freesurfer/average/711-2B_as_mni_average_305_mask.4dfp.img
       256       256       256         1
  1.000000  1.000000  1.000000
orientation T byte_order littleendian
Reading mask: /opt/freesurfer/average/711-2B_as_mni_average_305_mask.4dfp.img (2306576 pixels)
talsrcimg_g11.4dfp.img
       256       256       256         1
  1.000000  1.000000  1.000000
orientation T byte_order littleendian
Reading image: talsrcimg_g11.4dfp.img
dimensions:      256       256       256
mmppix:       1.0000   -1.0000   -1.0000
center:     128.0000 -129.0000 -129.0000
rotation matrix determinant  1.000000
fimgreg.f
image alignment mode   1283 decimal      503 hex
parameters
    0.0000   -7.5000    7.5000    0.0000    0.0000    0.0000
eta,q 0.95189 10.70485
niter,ni,del,rscale     5    3   12.0000    1.2000
parameter  5 -1.866603 -> -0.500000 qaram    1.1500
parameters
    0.2098   -4.5408    7.9011    2.9547    3.4500    0.5961
eta,q 0.95366 10.76279
  0.0622  0.0663  0.0548  0.0590  0.0595  0.0493
  0.0573  0.0628  0.0518  0.0565  0.0562  0.0475
  0.0551  0.0583  0.0509  0.0528  0.0532  0.0467
  0.0538  0.0535  0.0506  0.0507  0.0506  0.0463
  0.0537  0.0507  0.0503  0.0504  0.0478  0.0466
  0.0566  0.0514  0.0511  0.0508  0.0459  0.0472
  0.0614  0.0550  0.0538  0.0511  0.0453  0.0481
niter,ni,del,rscale     5    3   12.0000    1.2000
parameters
   -0.3066   -5.5836    8.5897    4.0630    5.6961   -0.0409
eta,q 0.95578 10.69222
  0.0545  0.0523  0.0517  0.0526  0.0549  0.0470
  0.0503  0.0473  0.0485  0.0481  0.0517  0.0453
  0.0473  0.0453  0.0466  0.0454  0.0486  0.0443
  0.0463  0.0463  0.0456  0.0453  0.0455  0.0443
  0.0483  0.0487  0.0450  0.0456  0.0443  0.0451
  0.0521  0.0521  0.0465  0.0463  0.0455  0.0464
  0.0582  0.0573  0.0498  0.0478  0.0484  0.0483
niter,ni,del,rscale     4    3   12.0000    1.2000
parameters
   -0.9421   -5.9110    8.5620    4.3407    6.0793   -0.0605
eta,q 0.95598 10.67770
  0.0542  0.0526  0.0503  0.0501  0.0524  0.0479
  0.0486  0.0476  0.0470  0.0459  0.0492  0.0457
  0.0449  0.0444  0.0448  0.0438  0.0456  0.0445
  0.0442  0.0440  0.0439  0.0439  0.0440  0.0440
  0.0473  0.0459  0.0440  0.0446  0.0449  0.0445
  0.0523  0.0493  0.0465  0.0460  0.0475  0.0459
  0.0590  0.0541  0.0511  0.0482  0.0512  0.0478
niter,ni,del,rscale     3    3   12.0000    1.2000
parameters
   -1.0596   -6.0255    8.5889    4.4939    6.1762   -0.0413
eta,q 0.95593 10.67250
  0.0561  0.0530  0.0505  0.0497  0.0521  0.0479
  0.0501  0.0481  0.0470  0.0456  0.0487  0.0458
  0.0458  0.0448  0.0448  0.0437  0.0452  0.0445
  0.0440  0.0440  0.0440  0.0440  0.0441  0.0441
  0.0461  0.0455  0.0441  0.0447  0.0453  0.0445
  0.0508  0.0488  0.0464  0.0461  0.0480  0.0459
  0.0570  0.0534  0.0510  0.0482  0.0518  0.0478
niter,ni,del,rscale     2    3   12.0000    1.2000
parameters
   -1.0867   -6.0889    8.6073    4.5669    6.1945   -0.0232
eta,q 0.95591 10.67001
  0.0565  0.0531  0.0506  0.0494  0.0520  0.0479
  0.0504  0.0482  0.0471  0.0454  0.0485  0.0458
  0.0460  0.0449  0.0449  0.0437  0.0451  0.0445
  0.0441  0.0441  0.0441  0.0441  0.0441  0.0441
  0.0459  0.0454  0.0441  0.0447  0.0454  0.0445
  0.0505  0.0486  0.0465  0.0462  0.0481  0.0459
  0.0567  0.0532  0.0511  0.0482  0.0520  0.0478
niter,ni,del,rscale     1    3   12.0000    1.2000
parameters
   -1.0892   -6.1196    8.6189    4.5981    6.1927   -0.0107
eta,q 0.95591 10.66910
  0.0566  0.0531  0.0506  0.0493  0.0519  0.0479
  0.0505  0.0482  0.0471  0.0453  0.0485  0.0458
  0.0460  0.0450  0.0449  0.0437  0.0451  0.0445
  0.0441  0.0441  0.0441  0.0441  0.0441  0.0441
  0.0459  0.0453  0.0442  0.0447  0.0454  0.0446
  0.0505  0.0485  0.0465  0.0462  0.0481  0.0459
  0.0566  0.0531  0.0511  0.0482  0.0521  0.0478
registration optimization eta report
parameter search radius
    6.0000    6.0000    6.0000    6.0000    6.9000    6.0000
100000*second partial in parameter space
       34.       25.       19.       14.       16.       10.
  0.0566  0.0531  0.0506  0.0493  0.0519  0.0479
  0.0505  0.0482  0.0471  0.0453  0.0485  0.0458
  0.0460  0.0450  0.0449  0.0437  0.0451  0.0445
  0.0441  0.0441  0.0441  0.0441  0.0441  0.0441
  0.0459  0.0453  0.0442  0.0447  0.0454  0.0446
  0.0505  0.0485  0.0465  0.0462  0.0481  0.0459
  0.0566  0.0531  0.0511  0.0482  0.0521  0.0478
   -1.0892   -6.1196    8.6189    4.5981    6.1927   -0.0107
eta,q 0.95591 10.66910

---------------------------------------------------------------------
imgreg_4dfp /opt/freesurfer/average/711-2C_as_mni_average_305 /opt/freesurfer/average/711-2B_as_mni_average_305_mask talsrcimg_g11 none talsrcimg_to_711-2C_as_mni_average_305_t4 3335
---------------------------------------------------------------------

freesurfer imgreg_4dfp.c
/opt/freesurfer/average/711-2C_as_mni_average_305.4dfp.img
       256       256       256         1
  1.000000  1.000000  1.000000
orientation T byte_order littleendian
Reading image: /opt/freesurfer/average/711-2C_as_mni_average_305.4dfp.img
dimensions:      256       256       256
mmppix:       1.0000   -1.0000   -1.0000
center:     128.0000 -129.0000 -129.0000
/opt/freesurfer/average/711-2B_as_mni_average_305_mask.4dfp.img
       256       256       256         1
  1.000000  1.000000  1.000000
orientation T byte_order littleendian
Reading mask: /opt/freesurfer/average/711-2B_as_mni_average_305_mask.4dfp.img (2306576 pixels)
talsrcimg_g11.4dfp.img
       256       256       256         1
  1.000000  1.000000  1.000000
orientation T byte_order littleendian
Reading image: talsrcimg_g11.4dfp.img
dimensions:      256       256       256
mmppix:       1.0000   -1.0000   -1.0000
center:     128.0000 -129.0000 -129.0000
fimgreg.f
image alignment mode   3335 decimal      D07 hex
parameters
   -1.0892   -6.1196    8.6189   -0.5835   -0.3217   -0.9035
   -0.8462  -10.7540   -0.0185   -8.0146   10.7872    7.9698
eta,q 0.95864 10.68734
niter,ni,del,rscale     5    3    5.0000    1.2000
parameter  4  1.961795 ->  0.500000 qaram    1.1500
parameter  5  2.402699 ->  0.500000 qaram    1.1500
parameter  6  0.815133 ->  0.500000 qaram    1.1500
parameter 11  0.589807 ->  0.500000 qaram    1.1500
parameters
   -1.1421   -5.7191    9.1019   -4.7235   -4.4617   -5.0435
   -1.7228  -10.0956    2.1480   -9.6982    6.6472    5.7874
eta,q 0.97280 10.13236
  0.0433  0.0430  0.0432  0.0341  0.0292  0.0285  0.0300  0.0336  0.0309  0.0295  0.0277  0.0278
  0.0422  0.0422  0.0423  0.0355  0.0308  0.0282  0.0289  0.0309  0.0297  0.0285  0.0273  0.0274
  0.0415  0.0417  0.0417  0.0379  0.0331  0.0290  0.0283  0.0290  0.0288  0.0280  0.0274  0.0272
  0.0414  0.0414  0.0413  0.0412  0.0361  0.0313  0.0283  0.0282  0.0282  0.0280  0.0279  0.0273
  0.0416  0.0413  0.0412  0.0449  0.0394  0.0346  0.0287  0.0286  0.0280  0.0288  0.0288  0.0277
  0.0423  0.0416  0.0415  0.0489  0.0429  0.0387  0.0297  0.0299  0.0283  0.0302  0.0301  0.0284
  0.0435  0.0422  0.0422  0.0532  0.0467  0.0436  0.0311  0.0319  0.0289  0.0322  0.0316  0.0293
niter,ni,del,rscale     7    3    5.0000    1.2000
parameter  4  0.542854 ->  0.500000 qaram    1.3225
parameter  5  0.720674 ->  0.500000 qaram    1.3225
parameters
   -1.1072   -5.0147    8.3380   -9.4845   -9.2227   -8.1853
   -1.7867   -8.4586    3.9919   -8.7944    6.8668    6.5417
eta,q 0.97604  9.65011
  0.0304  0.0302  0.0277  0.0265  0.0241  0.0244  0.0263  0.0283  0.0264  0.0267  0.0250  0.0249
  0.0287  0.0289  0.0270  0.0258  0.0239  0.0243  0.0252  0.0264  0.0254  0.0253  0.0245  0.0244
  0.0276  0.0278  0.0268  0.0257  0.0243  0.0243  0.0245  0.0250  0.0246  0.0244  0.0242  0.0241
  0.0272  0.0272  0.0270  0.0268  0.0257  0.0239  0.0243  0.0243  0.0241  0.0240  0.0240  0.0240
  0.0275  0.0270  0.0276  0.0293  0.0279  0.0248  0.0246  0.0241  0.0240  0.0241  0.0240  0.0240
  0.0286  0.0273  0.0287  0.0330  0.0307  0.0275  0.0253  0.0246  0.0243  0.0246  0.0243  0.0242
  0.0303  0.0280  0.0300  0.0372  0.0345  0.0316  0.0264  0.0259  0.0249  0.0256  0.0250  0.0246
niter,ni,del,rscale     7    3    5.0000    1.2000
parameter  3  0.526007 ->  0.500000 qaram    1.1500
parameters
   -0.6334   -4.4893    6.9580   -9.8391  -11.3989  -10.8555
   -2.3680   -8.2702    4.5239   -7.7352    5.6757    6.8106
eta,q 0.97657  9.40306
  0.0274  0.0268  0.0237  0.0265  0.0253  0.0241  0.0252  0.0266  0.0250  0.0262  0.0242  0.0246
  0.0258  0.0254  0.0235  0.0252  0.0243  0.0235  0.0242  0.0249  0.0242  0.0249  0.0237  0.0240
  0.0246  0.0244  0.0235  0.0243  0.0236  0.0235  0.0236  0.0239  0.0237  0.0240  0.0235  0.0236
  0.0240  0.0238  0.0237  0.0234  0.0235  0.0235  0.0235  0.0235  0.0235  0.0235  0.0234  0.0234
  0.0239  0.0238  0.0242  0.0233  0.0243  0.0238  0.0239  0.0238  0.0236  0.0236  0.0236  0.0235
  0.0244  0.0242  0.0249  0.0247  0.0261  0.0255  0.0246  0.0246  0.0239  0.0241  0.0241  0.0239
  0.0255  0.0250  0.0257  0.0280  0.0289  0.0284  0.0258  0.0263  0.0246  0.0250  0.0247  0.0244
niter,ni,del,rscale     7    3    5.0000    1.2000
parameters
   -0.5243   -3.9973    7.4228  -10.1499  -12.6848  -10.9568
   -2.5459   -8.2049    5.0400   -7.3134    4.8431    6.5552
eta,q 0.97668  9.32775
  0.0261  0.0261  0.0254  0.0258  0.0254  0.0252  0.0252  0.0264  0.0247  0.0258  0.0242  0.0244
  0.0247  0.0248  0.0244  0.0246  0.0243  0.0240  0.0242  0.0247  0.0240  0.0245  0.0237  0.0238
  0.0238  0.0239  0.0237  0.0238  0.0236  0.0233  0.0236  0.0236  0.0236  0.0236  0.0234  0.0234
  0.0234  0.0234  0.0233  0.0233  0.0233  0.0233  0.0233  0.0233  0.0233  0.0233  0.0233  0.0233
  0.0236  0.0234  0.0233  0.0232  0.0238  0.0235  0.0236  0.0237  0.0234  0.0236  0.0235  0.0235
  0.0244  0.0238  0.0237  0.0242  0.0252  0.0239  0.0243  0.0247  0.0238  0.0243  0.0240  0.0239
  0.0257  0.0245  0.0244  0.0269  0.0274  0.0254  0.0254  0.0262  0.0244  0.0252  0.0247  0.0245
niter,ni,del,rscale     6    3    5.0000    1.2000
parameters
   -0.4879   -3.8744    7.4695  -10.0736  -12.8734  -10.9301
   -2.6407   -8.1670    5.5256   -7.1739    4.3922    6.3885
eta,q 0.97669  9.32288
  0.0258  0.0253  0.0250  0.0259  0.0259  0.0253  0.0252  0.0264  0.0247  0.0256  0.0243  0.0244
  0.0245  0.0243  0.0241  0.0246  0.0246  0.0240  0.0242  0.0247  0.0240  0.0243  0.0237  0.0238
  0.0236  0.0236  0.0235  0.0238  0.0237  0.0233  0.0236  0.0236  0.0235  0.0235  0.0234  0.0234
  0.0233  0.0233  0.0233  0.0233  0.0233  0.0233  0.0233  0.0233  0.0233  0.0233  0.0233  0.0233
  0.0236  0.0235  0.0235  0.0232  0.0235  0.0235  0.0235  0.0237  0.0234  0.0236  0.0235  0.0235
  0.0244  0.0240  0.0240  0.0240  0.0245  0.0239  0.0242  0.0247  0.0238  0.0243  0.0239  0.0239
  0.0257  0.0250  0.0249  0.0264  0.0264  0.0253  0.0253  0.0263  0.0244  0.0253  0.0246  0.0245
niter,ni,del,rscale     5    3    5.0000    1.2000
parameters
   -0.4734   -3.8313    7.4410  -10.0539  -12.8857  -10.9675
   -2.7182   -8.1540    5.7991   -7.1244    4.1600    6.3019
eta,q 0.97670  9.32060
  0.0258  0.0252  0.0249  0.0259  0.0260  0.0252  0.0252  0.0264  0.0246  0.0255  0.0244  0.0244
  0.0245  0.0242  0.0240  0.0246  0.0247  0.0240  0.0242  0.0247  0.0239  0.0242  0.0238  0.0238
  0.0236  0.0235  0.0235  0.0238  0.0238  0.0233  0.0235  0.0236  0.0235  0.0235  0.0234  0.0234
  0.0233  0.0233  0.0233  0.0233  0.0233  0.0233  0.0233  0.0233  0.0233  0.0233  0.0233  0.0233
  0.0236  0.0235  0.0235  0.0232  0.0235  0.0235  0.0235  0.0237  0.0234  0.0236  0.0235  0.0234
  0.0244  0.0241  0.0241  0.0240  0.0244  0.0239  0.0242  0.0247  0.0238  0.0243  0.0239  0.0238
  0.0258  0.0251  0.0250  0.0265  0.0263  0.0253  0.0253  0.0263  0.0245  0.0253  0.0245  0.0244
niter,ni,del,rscale     4    3    5.0000    1.2000
parameters
   -0.4644   -3.8049    7.4222  -10.0533  -12.8924  -10.9895
   -2.7660   -8.1475    5.9449   -7.0899    4.0339    6.2498
eta,q 0.97671  9.31890
  0.0258  0.0252  0.0249  0.0259  0.0260  0.0253  0.0252  0.0264  0.0246  0.0255  0.0244  0.0244
  0.0244  0.0241  0.0240  0.0246  0.0247  0.0240  0.0242  0.0247  0.0239  0.0242  0.0238  0.0238
  0.0236  0.0235  0.0235  0.0238  0.0238  0.0233  0.0235  0.0236  0.0235  0.0235  0.0234  0.0234
  0.0233  0.0233  0.0233  0.0233  0.0233  0.0233  0.0233  0.0233  0.0233  0.0233  0.0233  0.0233
  0.0235  0.0235  0.0235  0.0232  0.0234  0.0235  0.0235  0.0237  0.0234  0.0236  0.0235  0.0234
  0.0244  0.0241  0.0241  0.0241  0.0244  0.0239  0.0242  0.0247  0.0238  0.0243  0.0239  0.0238
  0.0258  0.0251  0.0250  0.0265  0.0263  0.0253  0.0253  0.0263  0.0245  0.0253  0.0245  0.0244
niter,ni,del,rscale     3    3    5.0000    1.2000
parameters
   -0.4585   -3.7887    7.4086  -10.0545  -12.8968  -11.0032
   -2.7933   -8.1444    6.0237   -7.0697    3.9602    6.2199
eta,q 0.97670  9.31774
  0.0258  0.0251  0.0249  0.0260  0.0260  0.0253  0.0252  0.0264  0.0245  0.0254  0.0245  0.0244
  0.0244  0.0241  0.0241  0.0246  0.0247  0.0240  0.0242  0.0246  0.0239  0.0242  0.0238  0.0238
  0.0236  0.0235  0.0235  0.0238  0.0238  0.0233  0.0235  0.0236  0.0235  0.0235  0.0234  0.0234
  0.0233  0.0233  0.0233  0.0233  0.0233  0.0233  0.0233  0.0233  0.0233  0.0233  0.0233  0.0233
  0.0236  0.0235  0.0235  0.0232  0.0234  0.0235  0.0235  0.0237  0.0234  0.0236  0.0234  0.0234
  0.0244  0.0241  0.0240  0.0241  0.0244  0.0239  0.0242  0.0247  0.0238  0.0243  0.0238  0.0238
  0.0258  0.0251  0.0250  0.0265  0.0263  0.0253  0.0253  0.0263  0.0245  0.0253  0.0245  0.0244
niter,ni,del,rscale     2    3    5.0000    1.2000
parameters
   -0.4553   -3.7796    7.4021  -10.0517  -12.9040  -11.0147
   -2.8070   -8.1397    6.0699   -7.0579    3.9193    6.2012
eta,q 0.97671  9.31689
  0.0258  0.0251  0.0249  0.0260  0.0260  0.0253  0.0252  0.0264  0.0245  0.0254  0.0245  0.0244
  0.0244  0.0241  0.0241  0.0246  0.0247  0.0240  0.0242  0.0247  0.0239  0.0242  0.0238  0.0238
  0.0236  0.0235  0.0235  0.0238  0.0238  0.0233  0.0235  0.0236  0.0235  0.0235  0.0234  0.0234
  0.0233  0.0233  0.0233  0.0233  0.0233  0.0233  0.0233  0.0233  0.0233  0.0233  0.0233  0.0233
  0.0235  0.0235  0.0235  0.0232  0.0234  0.0235  0.0235  0.0237  0.0234  0.0236  0.0234  0.0234
  0.0244  0.0241  0.0240  0.0241  0.0244  0.0239  0.0242  0.0247  0.0238  0.0243  0.0238  0.0238
  0.0258  0.0251  0.0250  0.0265  0.0263  0.0253  0.0253  0.0263  0.0245  0.0253  0.0245  0.0244
registration optimization eta report
parameter search radius
    2.4000    2.4000    2.7600    9.5220    9.5220    8.2800
    7.2000    7.2000    7.2000    7.2000    8.2800    7.2000
100000*second partial in parameter space
       43.       31.       22.        3.        3.        3.
        4.        6.        2.        4.        2.        2.
  0.0258  0.0251  0.0249  0.0260  0.0260  0.0253  0.0252  0.0264  0.0245  0.0254  0.0245  0.0244
  0.0244  0.0241  0.0241  0.0246  0.0247  0.0240  0.0242  0.0247  0.0239  0.0242  0.0238  0.0238
  0.0236  0.0235  0.0235  0.0238  0.0238  0.0233  0.0235  0.0236  0.0235  0.0235  0.0234  0.0234
  0.0233  0.0233  0.0233  0.0233  0.0233  0.0233  0.0233  0.0233  0.0233  0.0233  0.0233  0.0233
  0.0235  0.0235  0.0235  0.0232  0.0234  0.0235  0.0235  0.0237  0.0234  0.0236  0.0234  0.0234
  0.0244  0.0241  0.0240  0.0241  0.0244  0.0239  0.0242  0.0247  0.0238  0.0243  0.0238  0.0238
  0.0258  0.0251  0.0250  0.0265  0.0263  0.0253  0.0253  0.0263  0.0245  0.0253  0.0245  0.0244
   -0.4553   -3.7796    7.4021  -10.0517  -12.9040  -11.0147
   -2.8070   -8.1397    6.0699   -7.0579    3.9193    6.2012
eta,q 0.97671  9.31689

---------------------------------------------------------------------
imgreg_4dfp /opt/freesurfer/average/711-2C_as_mni_average_305 /opt/freesurfer/average/711-2B_as_mni_average_305_mask talsrcimg_g11 none talsrcimg_to_711-2C_as_mni_average_305_t4 2311
---------------------------------------------------------------------

freesurfer imgreg_4dfp.c
/opt/freesurfer/average/711-2C_as_mni_average_305.4dfp.img
       256       256       256         1
  1.000000  1.000000  1.000000
orientation T byte_order littleendian
Reading image: /opt/freesurfer/average/711-2C_as_mni_average_305.4dfp.img
dimensions:      256       256       256
mmppix:       1.0000   -1.0000   -1.0000
center:     128.0000 -129.0000 -129.0000
/opt/freesurfer/average/711-2B_as_mni_average_305_mask.4dfp.img
       256       256       256         1
  1.000000  1.000000  1.000000
orientation T byte_order littleendian
Reading mask: /opt/freesurfer/average/711-2B_as_mni_average_305_mask.4dfp.img (2306576 pixels)
talsrcimg_g11.4dfp.img
       256       256       256         1
  1.000000  1.000000  1.000000
orientation T byte_order littleendian
Reading image: talsrcimg_g11.4dfp.img
dimensions:      256       256       256
mmppix:       1.0000   -1.0000   -1.0000
center:     128.0000 -129.0000 -129.0000
fimgreg.f
image alignment mode   2311 decimal      907 hex
parameters
   -0.4553   -3.7796    7.4021  -10.0516  -12.9040  -11.0147
   -2.8070   -8.1397    6.0699   -7.0579    3.9193    6.2012
eta,q 0.97671  9.31689
niter,ni,del,rscale     5    3    5.0000    0.8000
parameters
   -0.4387   -3.7814    7.4295   -8.3210  -12.2807  -10.4782
   -2.8877   -7.9633    5.9837   -7.3120    4.1330    6.1213
eta,q 0.97683  9.44821
  0.0244  0.0241  0.0239  0.0242  0.0241  0.0237  0.0241  0.0248  0.0238  0.0241  0.0236  0.0237
  0.0238  0.0237  0.0236  0.0238  0.0236  0.0233  0.0236  0.0239  0.0234  0.0235  0.0233  0.0234
  0.0234  0.0234  0.0234  0.0235  0.0233  0.0231  0.0233  0.0233  0.0232  0.0232  0.0232  0.0232
  0.0233  0.0233  0.0233  0.0233  0.0232  0.0231  0.0232  0.0232  0.0232  0.0232  0.0232  0.0232
  0.0234  0.0234  0.0233  0.0232  0.0231  0.0232  0.0233  0.0233  0.0232  0.0233  0.0232  0.0232
  0.0238  0.0237  0.0235  0.0232  0.0233  0.0233  0.0236  0.0238  0.0235  0.0237  0.0233  0.0234
  0.0244  0.0241  0.0239  0.0235  0.0237  0.0234  0.0242  0.0245  0.0238  0.0242  0.0235  0.0237
niter,ni,del,rscale     4    3    5.0000    0.7000
parameters
   -0.5003   -3.9035    7.3009   -8.2624  -11.9440  -10.6253
   -2.8403   -8.0318    5.8593   -7.4590    4.2655    6.1714
eta,q 0.97687  9.45783
  0.0240  0.0237  0.0235  0.0237  0.0238  0.0233  0.0239  0.0242  0.0236  0.0239  0.0234  0.0235
  0.0235  0.0234  0.0233  0.0235  0.0235  0.0231  0.0235  0.0236  0.0233  0.0234  0.0233  0.0233
  0.0232  0.0232  0.0232  0.0233  0.0233  0.0231  0.0232  0.0232  0.0232  0.0232  0.0232  0.0232
  0.0232  0.0232  0.0232  0.0232  0.0232  0.0231  0.0231  0.0231  0.0231  0.0231  0.0231  0.0231
  0.0233  0.0233  0.0232  0.0232  0.0232  0.0232  0.0232  0.0233  0.0232  0.0232  0.0232  0.0232
  0.0236  0.0235  0.0234  0.0234  0.0233  0.0232  0.0235  0.0237  0.0234  0.0235  0.0232  0.0233
  0.0242  0.0239  0.0237  0.0238  0.0237  0.0233  0.0239  0.0242  0.0236  0.0239  0.0234  0.0235
niter,ni,del,rscale     3    3    5.0000    0.6000
parameters
   -0.5085   -3.9254    7.2965   -8.1423  -11.8804  -10.9145
   -2.8609   -8.0575    5.7471   -7.5813    4.2159    6.2110
eta,q 0.97689  9.45230
  0.0238  0.0236  0.0234  0.0236  0.0236  0.0232  0.0237  0.0239  0.0235  0.0237  0.0233  0.0234
  0.0234  0.0233  0.0233  0.0234  0.0234  0.0231  0.0234  0.0234  0.0233  0.0233  0.0232  0.0232
  0.0232  0.0232  0.0232  0.0232  0.0232  0.0231  0.0232  0.0232  0.0231  0.0232  0.0231  0.0231
  0.0231  0.0231  0.0231  0.0231  0.0231  0.0231  0.0231  0.0231  0.0231  0.0231  0.0231  0.0231
  0.0232  0.0232  0.0232  0.0231  0.0232  0.0232  0.0232  0.0232  0.0232  0.0232  0.0231  0.0231
  0.0234  0.0234  0.0233  0.0233  0.0233  0.0232  0.0234  0.0235  0.0233  0.0234  0.0232  0.0232
  0.0238  0.0236  0.0234  0.0236  0.0236  0.0232  0.0237  0.0239  0.0235  0.0237  0.0233  0.0234
niter,ni,del,rscale     2    3    5.0000    0.5000
parameters
   -0.5093   -3.9271    7.3319   -8.0819  -11.8773  -11.8401
   -2.9596   -8.1335    5.6876   -7.7650    3.9245    6.3708
eta,q 0.97694  9.41315
  0.0236  0.0235  0.0233  0.0234  0.0234  0.0232  0.0234  0.0236  0.0233  0.0234  0.0232  0.0233
  0.0233  0.0233  0.0232  0.0233  0.0233  0.0231  0.0232  0.0233  0.0232  0.0232  0.0231  0.0232
  0.0232  0.0231  0.0231  0.0232  0.0232  0.0231  0.0231  0.0231  0.0231  0.0231  0.0231  0.0231
  0.0231  0.0231  0.0231  0.0231  0.0231  0.0231  0.0231  0.0231  0.0231  0.0231  0.0231  0.0231
  0.0232  0.0232  0.0231  0.0231  0.0231  0.0232  0.0231  0.0231  0.0231  0.0231  0.0231  0.0231
  0.0233  0.0233  0.0232  0.0232  0.0233  0.0232  0.0233  0.0233  0.0232  0.0233  0.0232  0.0231
  0.0236  0.0235  0.0233  0.0234  0.0234  0.0232  0.0235  0.0237  0.0233  0.0235  0.0232  0.0232
niter,ni,del,rscale     1    3    5.0000    0.4000
parameters
   -0.4981   -3.8974    7.3470   -8.1936  -11.9669  -12.0033
   -2.9617   -8.1724    5.7943   -7.7775    3.8355    6.3714
eta,q 0.97695  9.39753
  0.0234  0.0233  0.0232  0.0232  0.0233  0.0232  0.0233  0.0234  0.0232  0.0233  0.0231  0.0232
  0.0232  0.0232  0.0231  0.0231  0.0231  0.0231  0.0232  0.0232  0.0231  0.0232  0.0231  0.0231
  0.0231  0.0231  0.0231  0.0231  0.0231  0.0230  0.0231  0.0231  0.0231  0.0231  0.0231  0.0231
  0.0231  0.0231  0.0231  0.0231  0.0231  0.0231  0.0231  0.0231  0.0230  0.0230  0.0230  0.0231
  0.0231  0.0231  0.0231  0.0231  0.0231  0.0231  0.0231  0.0231  0.0231  0.0231  0.0231  0.0231
  0.0232  0.0231  0.0231  0.0232  0.0232  0.0232  0.0232  0.0232  0.0231  0.0232  0.0231  0.0231
  0.0234  0.0233  0.0232  0.0233  0.0233  0.0232  0.0233  0.0234  0.0232  0.0233  0.0232  0.0232
registration optimization eta report
parameter search radius
    0.8000    0.8000    0.8000    2.4000    2.4000    2.4000
    2.4000    2.4000    2.4000    2.4000    2.4000    2.4000
100000*second partial in parameter space
       48.       35.       23.        4.        4.        3.
        4.        6.        3.        5.        2.        2.
  0.0234  0.0233  0.0232  0.0232  0.0233  0.0232  0.0233  0.0234  0.0232  0.0233  0.0231  0.0232
  0.0232  0.0232  0.0231  0.0231  0.0231  0.0231  0.0232  0.0232  0.0231  0.0232  0.0231  0.0231
  0.0231  0.0231  0.0231  0.0231  0.0231  0.0230  0.0231  0.0231  0.0231  0.0231  0.0231  0.0231
  0.0231  0.0231  0.0231  0.0231  0.0231  0.0231  0.0231  0.0231  0.0230  0.0230  0.0230  0.0231
  0.0231  0.0231  0.0231  0.0231  0.0231  0.0231  0.0231  0.0231  0.0231  0.0231  0.0231  0.0231
  0.0232  0.0231  0.0231  0.0232  0.0232  0.0232  0.0232  0.0232  0.0231  0.0232  0.0231  0.0231
  0.0234  0.0233  0.0232  0.0233  0.0233  0.0232  0.0233  0.0234  0.0232  0.0233  0.0232  0.0232
   -0.4981   -3.8974    7.3470   -8.1936  -11.9669  -12.0033
   -2.9617   -8.1724    5.7943   -7.7775    3.8355    6.3714
eta,q 0.97695  9.39753

---------------------------------------------------------------------
imgreg_4dfp /opt/freesurfer/average/711-2C_as_mni_average_305 /opt/freesurfer/average/711-2B_as_mni_average_305_mask talsrcimg_g11 none talsrcimg_to_711-2C_as_mni_average_305_t4 2311
---------------------------------------------------------------------

freesurfer imgreg_4dfp.c
/opt/freesurfer/average/711-2C_as_mni_average_305.4dfp.img
       256       256       256         1
  1.000000  1.000000  1.000000
orientation T byte_order littleendian
Reading image: /opt/freesurfer/average/711-2C_as_mni_average_305.4dfp.img
dimensions:      256       256       256
mmppix:       1.0000   -1.0000   -1.0000
center:     128.0000 -129.0000 -129.0000
/opt/freesurfer/average/711-2B_as_mni_average_305_mask.4dfp.img
       256       256       256         1
  1.000000  1.000000  1.000000
orientation T byte_order littleendian
Reading mask: /opt/freesurfer/average/711-2B_as_mni_average_305_mask.4dfp.img (2306576 pixels)
talsrcimg_g11.4dfp.img
       256       256       256         1
  1.000000  1.000000  1.000000
orientation T byte_order littleendian
Reading image: talsrcimg_g11.4dfp.img
dimensions:      256       256       256
mmppix:       1.0000   -1.0000   -1.0000
center:     128.0000 -129.0000 -129.0000
fimgreg.f
image alignment mode   2311 decimal      907 hex
parameters
   -0.4981   -3.8974    7.3470   -8.1936  -11.9669  -12.0033
   -2.9617   -8.1724    5.7943   -7.7775    3.8355    6.3714
eta,q 0.97695  9.39753
niter,ni,del,rscale     5    3    5.0000    0.8000
parameters
   -0.4937   -3.8741    7.3270   -8.7916  -12.1546  -10.9683
   -2.8278   -8.1071    5.9596   -7.4829    4.0200    6.1586
eta,q 0.97686  9.40858
  0.0243  0.0239  0.0236  0.0236  0.0238  0.0240  0.0242  0.0247  0.0238  0.0243  0.0236  0.0236
  0.0236  0.0234  0.0233  0.0234  0.0234  0.0235  0.0236  0.0238  0.0235  0.0237  0.0233  0.0233
  0.0232  0.0231  0.0231  0.0232  0.0232  0.0231  0.0233  0.0233  0.0232  0.0233  0.0232  0.0232
  0.0231  0.0231  0.0231  0.0231  0.0231  0.0231  0.0231  0.0231  0.0231  0.0231  0.0231  0.0231
  0.0232  0.0231  0.0231  0.0231  0.0232  0.0232  0.0232  0.0233  0.0232  0.0232  0.0232  0.0232
  0.0236  0.0234  0.0233  0.0235  0.0234  0.0233  0.0235  0.0238  0.0234  0.0235  0.0233  0.0234
  0.0242  0.0239  0.0237  0.0242  0.0240  0.0233  0.0241  0.0245  0.0237  0.0240  0.0235  0.0237
niter,ni,del,rscale     4    3    5.0000    0.7000
parameters
   -0.4762   -3.8776    7.3688   -8.4426  -12.0499  -10.6579
   -2.8448   -8.0708    5.8909   -7.4843    4.1413    6.1482
eta,q 0.97686  9.44365
  0.0241  0.0238  0.0236  0.0237  0.0237  0.0235  0.0239  0.0243  0.0236  0.0239  0.0234  0.0235
  0.0236  0.0234  0.0234  0.0235  0.0234  0.0232  0.0235  0.0236  0.0234  0.0235  0.0233  0.0233
  0.0233  0.0232  0.0232  0.0233  0.0232  0.0231  0.0232  0.0232  0.0232  0.0232  0.0232  0.0232
  0.0231  0.0231  0.0231  0.0231  0.0231  0.0231  0.0231  0.0231  0.0231  0.0231  0.0231  0.0231
  0.0232  0.0232  0.0232  0.0231  0.0232  0.0232  0.0232  0.0233  0.0232  0.0232  0.0232  0.0232
  0.0235  0.0234  0.0233  0.0233  0.0234  0.0232  0.0235  0.0236  0.0234  0.0235  0.0233  0.0233
  0.0240  0.0238  0.0235  0.0236  0.0237  0.0233  0.0239  0.0242  0.0236  0.0239  0.0234  0.0235
niter,ni,del,rscale     3    3    5.0000    0.6000
parameters
   -0.4969   -3.9156    7.3271   -8.1623  -11.8995  -11.0736
   -2.8886   -8.0747    5.7867   -7.6285    4.0904    6.1987
eta,q 0.97689  9.44289
  0.0238  0.0236  0.0234  0.0236  0.0236  0.0232  0.0236  0.0239  0.0235  0.0236  0.0233  0.0234
  0.0234  0.0233  0.0233  0.0234  0.0234  0.0231  0.0234  0.0234  0.0233  0.0233  0.0232  0.0232
  0.0232  0.0232  0.0232  0.0232  0.0232  0.0231  0.0232  0.0232  0.0231  0.0232  0.0231  0.0231
  0.0231  0.0231  0.0231  0.0231  0.0231  0.0231  0.0231  0.0231  0.0231  0.0231  0.0231  0.0231
  0.0232  0.0232  0.0232  0.0231  0.0232  0.0232  0.0232  0.0232  0.0232  0.0232  0.0231  0.0231
  0.0235  0.0234  0.0233  0.0233  0.0233  0.0232  0.0234  0.0235  0.0233  0.0234  0.0232  0.0232
  0.0238  0.0237  0.0235  0.0235  0.0236  0.0232  0.0237  0.0239  0.0235  0.0237  0.0233  0.0234
niter,ni,del,rscale     2    3    5.0000    0.5000
parameters
   -0.5022   -3.9158    7.3429   -8.1372  -11.9048  -11.6885
   -2.9405   -8.1375    5.7496   -7.7534    3.8754    6.2969
eta,q 0.97694  9.41588
  0.0236  0.0234  0.0233  0.0234  0.0234  0.0232  0.0234  0.0236  0.0233  0.0234  0.0232  0.0233
  0.0233  0.0233  0.0232  0.0233  0.0233  0.0231  0.0232  0.0233  0.0232  0.0232  0.0231  0.0232
  0.0232  0.0231  0.0231  0.0232  0.0231  0.0231  0.0231  0.0231  0.0231  0.0231  0.0231  0.0231
  0.0231  0.0231  0.0231  0.0231  0.0231  0.0231  0.0231  0.0231  0.0231  0.0231  0.0231  0.0231
  0.0232  0.0231  0.0231  0.0231  0.0231  0.0232  0.0231  0.0231  0.0231  0.0231  0.0231  0.0231
  0.0233  0.0233  0.0232  0.0232  0.0232  0.0232  0.0232  0.0233  0.0232  0.0233  0.0231  0.0231
  0.0236  0.0234  0.0233  0.0234  0.0234  0.0232  0.0235  0.0237  0.0233  0.0235  0.0232  0.0232
niter,ni,del,rscale     1    3    5.0000    0.4000
parameters
   -0.4956   -3.8971    7.3546   -8.1811  -11.9274  -11.9771
   -2.9591   -8.1799    5.8177   -7.7767    3.7768    6.3417
eta,q 0.97695  9.40042
  0.0234  0.0233  0.0232  0.0233  0.0233  0.0232  0.0233  0.0234  0.0232  0.0233  0.0231  0.0232
  0.0232  0.0232  0.0231  0.0232  0.0232  0.0231  0.0232  0.0232  0.0231  0.0232  0.0231  0.0231
  0.0231  0.0231  0.0231  0.0231  0.0231  0.0230  0.0231  0.0231  0.0231  0.0231  0.0231  0.0231
  0.0231  0.0231  0.0231  0.0231  0.0231  0.0231  0.0231  0.0231  0.0231  0.0231  0.0231  0.0231
  0.0231  0.0231  0.0231  0.0231  0.0231  0.0231  0.0231  0.0231  0.0231  0.0231  0.0231  0.0231
  0.0232  0.0232  0.0231  0.0232  0.0232  0.0232  0.0232  0.0232  0.0231  0.0232  0.0231  0.0231
  0.0234  0.0233  0.0232  0.0233  0.0233  0.0232  0.0233  0.0234  0.0232  0.0233  0.0232  0.0232
registration optimization eta report
parameter search radius
    0.8000    0.8000    0.8000    2.4000    2.4000    2.4000
    2.4000    2.4000    2.4000    2.4000    2.4000    2.4000
100000*second partial in parameter space
       47.       34.       24.        4.        4.        2.
        4.        6.        3.        5.        2.        2.
  0.0234  0.0233  0.0232  0.0233  0.0233  0.0232  0.0233  0.0234  0.0232  0.0233  0.0231  0.0232
  0.0232  0.0232  0.0231  0.0232  0.0232  0.0231  0.0232  0.0232  0.0231  0.0232  0.0231  0.0231
  0.0231  0.0231  0.0231  0.0231  0.0231  0.0230  0.0231  0.0231  0.0231  0.0231  0.0231  0.0231
  0.0231  0.0231  0.0231  0.0231  0.0231  0.0231  0.0231  0.0231  0.0231  0.0231  0.0231  0.0231
  0.0231  0.0231  0.0231  0.0231  0.0231  0.0231  0.0231  0.0231  0.0231  0.0231  0.0231  0.0231
  0.0232  0.0232  0.0231  0.0232  0.0232  0.0232  0.0232  0.0232  0.0231  0.0232  0.0231  0.0231
  0.0234  0.0233  0.0232  0.0233  0.0233  0.0232  0.0233  0.0234  0.0232  0.0233  0.0232  0.0232
   -0.4956   -3.8971    7.3546   -8.1811  -11.9274  -11.9771
   -2.9591   -8.1799    5.8177   -7.7767    3.7768    6.3417
eta,q 0.97695  9.40042

---------------------------------------------------------------------
compute_vox2vox talsrcimg talsrcimg_to_711-2C_as_mni_average_305_t4 /opt/freesurfer/average/711-2C_as_mni_average_305
---------------------------------------------------------------------

freesurfer compute_vox2vox.c
Reading: talsrcimg.4dfp.ifh
Reading: talsrcimg_to_711-2C_as_mni_average_305_t4
Reading: /opt/freesurfer/average/711-2C_as_mni_average_305.4dfp.ifh
Writing: talsrcimg_to_711-2C_as_mni_average_305_t4_vox2vox.txt

start time Thu Mar 12 11:07:03 CET 2026
end		time Thu Mar 12 11:07:18 CET 2026

mpr2mni305 success

avi2talxfm orig_nu.mgz /opt/freesurfer/average/mni305.cor.mgz talsrcimg_to_711-2C_as_mni_average_305_t4_vox2vox.txt transforms/talairach.auto.xfm
avi2talxfm done
mv -f /out/sourcedata/freesurfer/sub-v1s11x0050168_ses-1/mri/talsrcimg_to_711-2C_as_mni_average_305_t4_vox2vox.txt /out/sourcedata/freesurfer/sub-v1s11x0050168_ses-1/mri/transforms/talsrcimg_to_711-2C_as_mni_average_305_t4_vox2vox.txt
lta_convert --src orig_nu.mgz --trg /opt/freesurfer/average/mni305.cor.mgz --inxfm transforms/talairach.auto.xfm --outlta transforms/talairach.auto.xfm.lta --subject fsaverage
7.3.2

--src: orig_nu.mgz src image (geometry).
--trg: /opt/freesurfer/average/mni305.cor.mgz trg image (geometry).
--inmni: transforms/talairach.auto.xfm input MNI/XFM transform.
--outlta: transforms/talairach.auto.xfm.lta output LTA.
--s: fsaverage subject name
 LTA read, type : 1
 1.08302   0.10320   0.02896   5.94710;
-0.04105   1.12497  -0.08238  -18.41818;
-0.07517   0.09252   1.12624  -31.05183;
 0.00000   0.00000   0.00000   1.00000;
setting subject to fsaverage
Writing  LTA to file transforms/talairach.auto.xfm.lta...
lta_convert successful.
 
 
Started at Thu Mar 12 11:07:03 CET 2026
Ended   at Thu Mar 12 11:07:18 CET 2026
talairach_avi done
