status file for recon-all
Sun Mar  8 14:07:29 CET 2026
#@# Tessellate lh Sun Mar  8 14:07:29 CET 2026
#@# Smooth1 lh Sun Mar  8 14:07:31 CET 2026
#@# Inflation1 lh Sun Mar  8 14:07:34 CET 2026
#@# QSphere lh Sun Mar  8 14:07:48 CET 2026
#@# Fix Topology lh Sun Mar  8 14:08:33 CET 2026
#@# Smooth2 lh Sun Mar  8 14:15:02 CET 2026
#@# Inflation2 lh Sun Mar  8 14:15:04 CET 2026
#@# Curv .H and .K lh Sun Mar  8 14:15:18 CET 2026
#@# Sphere lh Sun Mar  8 14:15:59 CET 2026
#@# Surf Reg lh Sun Mar  8 14:18:54 CET 2026
#@# Jacobian white lh Sun Mar  8 14:22:51 CET 2026
#@# AvgCurv lh Sun Mar  8 14:22:51 CET 2026
#@# Cortical Parc lh Sun Mar  8 14:22:52 CET 2026
#@# white curv lh Sun Mar  8 14:28:54 CET 2026
#@# white area lh Sun Mar  8 14:28:55 CET 2026
#@# pial curv lh Sun Mar  8 14:28:56 CET 2026
#@# pial area lh Sun Mar  8 14:28:57 CET 2026
#@# thickness lh Sun Mar  8 14:28:58 CET 2026
#@# area and vertex vol lh Sun Mar  8 14:29:19 CET 2026
#@# Curvature Stats lh Sun Mar  8 14:29:20 CET 2026
#@# Cortical Parc 2 lh Sun Mar  8 14:29:22 CET 2026
#@# Cortical Parc 3 lh Sun Mar  8 14:29:33 CET 2026
#@# WM/GM Contrast lh Sun Mar  8 14:29:41 CET 2026
recon-all -s sub-v1s11x0050171_ses-1 finished without error at Sun Mar  8 14:29:44 CET 2026



#New# invocation of recon-all 



status file for recon-all
Sun Mar  8 14:55:49 CET 2026
#@# white curv lh Sun Mar  8 14:55:49 CET 2026
#@# white area lh Sun Mar  8 14:55:49 CET 2026
#@# pial curv lh Sun Mar  8 14:55:49 CET 2026
#@# pial area lh Sun Mar  8 14:55:49 CET 2026
#@# thickness lh Sun Mar  8 14:55:49 CET 2026
#@# area and vertex vol lh Sun Mar  8 14:55:49 CET 2026
#@# Parcellation Stats lh Sun Mar  8 14:55:49 CET 2026
#@# Parcellation Stats 2 lh Sun Mar  8 14:56:07 CET 2026
#@# Parcellation Stats 3 lh Sun Mar  8 14:56:16 CET 2026
#@# BA_exvivo Labels lh Sun Mar  8 14:56:24 CET 2026
recon-all -s sub-v1s11x0050171_ses-1 finished without error at Sun Mar  8 14:58:34 CET 2026
