status file for recon-all
Sun Mar  8 14:29:45 CET 2026
#@# Tessellate rh Sun Mar  8 14:29:45 CET 2026
#@# Smooth1 rh Sun Mar  8 14:29:47 CET 2026
#@# Inflation1 rh Sun Mar  8 14:29:49 CET 2026
#@# QSphere rh Sun Mar  8 14:30:02 CET 2026
#@# Fix Topology rh Sun Mar  8 14:31:05 CET 2026
#@# Smooth2 rh Sun Mar  8 14:36:02 CET 2026
#@# Inflation2 rh Sun Mar  8 14:36:04 CET 2026
#@# Curv .H and .K rh Sun Mar  8 14:36:17 CET 2026
#@# Sphere rh Sun Mar  8 14:36:58 CET 2026
#@# Surf Reg rh Sun Mar  8 14:40:23 CET 2026
#@# Jacobian white rh Sun Mar  8 14:44:17 CET 2026
#@# AvgCurv rh Sun Mar  8 14:44:18 CET 2026
#@# Cortical Parc rh Sun Mar  8 14:44:18 CET 2026
#@# white curv rh Sun Mar  8 14:50:55 CET 2026
#@# white area rh Sun Mar  8 14:50:57 CET 2026
#@# pial curv rh Sun Mar  8 14:50:57 CET 2026
#@# pial area rh Sun Mar  8 14:50:59 CET 2026
#@# thickness rh Sun Mar  8 14:50:59 CET 2026
#@# area and vertex vol rh Sun Mar  8 14:51:24 CET 2026
#@# Curvature Stats rh Sun Mar  8 14:51:25 CET 2026
#@# Cortical Parc 2 rh Sun Mar  8 14:51:27 CET 2026
#@# Cortical Parc 3 rh Sun Mar  8 14:51:38 CET 2026
#@# WM/GM Contrast rh Sun Mar  8 14:51:46 CET 2026
recon-all -s sub-v1s11x0050171_ses-1 finished without error at Sun Mar  8 14:51:48 CET 2026



#New# invocation of recon-all 



status file for recon-all
Sun Mar  8 14:58:35 CET 2026
#@# white curv rh Sun Mar  8 14:58:35 CET 2026
#@# white area rh Sun Mar  8 14:58:35 CET 2026
#@# pial curv rh Sun Mar  8 14:58:35 CET 2026
#@# pial area rh Sun Mar  8 14:58:35 CET 2026
#@# thickness rh Sun Mar  8 14:58:35 CET 2026
#@# area and vertex vol rh Sun Mar  8 14:58:35 CET 2026
#@# Parcellation Stats rh Sun Mar  8 14:58:35 CET 2026
#@# Parcellation Stats 2 rh Sun Mar  8 14:58:52 CET 2026
#@# Parcellation Stats 3 rh Sun Mar  8 14:59:00 CET 2026
#@# BA_exvivo Labels rh Sun Mar  8 14:59:08 CET 2026
recon-all -s sub-v1s11x0050171_ses-1 finished without error at Sun Mar  8 15:01:13 CET 2026
