status file for recon-all
Sun Mar  8 12:43:02 CET 2026
#@# MotionCor Sun Mar  8 12:43:03 CET 2026
#@# Talairach Sun Mar  8 12:43:08 CET 2026
#@# Talairach Failure Detection Sun Mar  8 12:45:58 CET 2026
#@# Nu Intensity Correction Sun Mar  8 12:45:58 CET 2026
#@# Intensity Normalization Sun Mar  8 12:48:43 CET 2026
recon-all -s sub-v1s11x0050171_ses-1 finished without error at Sun Mar  8 12:49:40 CET 2026



#New# invocation of recon-all 



status file for recon-all
Sun Mar  8 12:55:21 CET 2026
#@# EM Registration Sun Mar  8 12:55:21 CET 2026
recon-all -s sub-v1s11x0050171_ses-1 finished without error at Sun Mar  8 12:57:33 CET 2026



#New# invocation of recon-all 



status file for recon-all
Sun Mar  8 12:57:35 CET 2026
#@# CA Normalize Sun Mar  8 12:57:35 CET 2026
#@# CA Reg Sun Mar  8 12:58:27 CET 2026
#@# SubCort Seg Sun Mar  8 13:41:39 CET 2026
#@# CC Seg Sun Mar  8 14:03:27 CET 2026
#@# Merge ASeg Sun Mar  8 14:03:44 CET 2026
#@# Intensity Normalization2 Sun Mar  8 14:03:44 CET 2026
#@# Mask BFS Sun Mar  8 14:05:09 CET 2026
#@# WM Segmentation Sun Mar  8 14:05:09 CET 2026
#@# Fill Sun Mar  8 14:06:47 CET 2026
recon-all -s sub-v1s11x0050171_ses-1 finished without error at Sun Mar  8 14:07:24 CET 2026



#New# invocation of recon-all 



status file for recon-all
Sun Mar  8 14:51:53 CET 2026
#@# white curv lh Sun Mar  8 14:51:53 CET 2026
#@# white area lh Sun Mar  8 14:51:53 CET 2026
#@# pial curv lh Sun Mar  8 14:51:53 CET 2026
#@# pial area lh Sun Mar  8 14:51:53 CET 2026
#@# thickness lh Sun Mar  8 14:51:53 CET 2026
#@# area and vertex vol lh Sun Mar  8 14:51:53 CET 2026
#@# white curv rh Sun Mar  8 14:51:53 CET 2026
#@# white area rh Sun Mar  8 14:51:53 CET 2026
#@# pial curv rh Sun Mar  8 14:51:53 CET 2026
#@# pial area rh Sun Mar  8 14:51:53 CET 2026
#@# thickness rh Sun Mar  8 14:51:53 CET 2026
#@# area and vertex vol rh Sun Mar  8 14:51:53 CET 2026
#@# Cortical ribbon mask Sun Mar  8 14:51:53 CET 2026
recon-all -s sub-v1s11x0050171_ses-1 finished without error at Sun Mar  8 14:55:45 CET 2026



#New# invocation of recon-all 



status file for recon-all
Sun Mar  8 15:01:17 CET 2026
#@# white curv lh Sun Mar  8 15:01:17 CET 2026
#@# white area lh Sun Mar  8 15:01:17 CET 2026
#@# pial curv lh Sun Mar  8 15:01:17 CET 2026
#@# pial area lh Sun Mar  8 15:01:17 CET 2026
#@# thickness lh Sun Mar  8 15:01:17 CET 2026
#@# area and vertex vol lh Sun Mar  8 15:01:17 CET 2026
#@# white curv rh Sun Mar  8 15:01:17 CET 2026
#@# white area rh Sun Mar  8 15:01:17 CET 2026
#@# pial curv rh Sun Mar  8 15:01:17 CET 2026
#@# pial area rh Sun Mar  8 15:01:17 CET 2026
#@# thickness rh Sun Mar  8 15:01:17 CET 2026
#@# area and vertex vol rh Sun Mar  8 15:01:17 CET 2026
#@# Curvature Stats lh Sun Mar  8 15:01:17 CET 2026
#@# Curvature Stats rh Sun Mar  8 15:01:19 CET 2026
#@# Relabel Hypointensities Sun Mar  8 15:01:21 CET 2026
#@# APas-to-ASeg Sun Mar  8 15:01:32 CET 2026
#@# AParc-to-ASeg aparc Sun Mar  8 15:01:38 CET 2026
#@# AParc-to-ASeg aparc.a2009s Sun Mar  8 15:02:13 CET 2026
#@# AParc-to-ASeg aparc.DKTatlas Sun Mar  8 15:02:45 CET 2026
#@# WMParc Sun Mar  8 15:03:18 CET 2026
#@# ASeg Stats Sun Mar  8 15:05:12 CET 2026
recon-all -s sub-v1s11x0050171_ses-1 finished without error at Sun Mar  8 15:05:34 CET 2026
