/out/sourcedata/freesurfer/sub-v1s11x0050147_ses-1/mri
/opt/freesurfer/bin/talairach_avi
--i orig_nu.mgz --xfm transforms/talairach.auto.xfm
talairach_avi 7.3.2
Linux dna084 5.14.0-427.37.1.el9_4.x86_64 #1 SMP PREEMPT_DYNAMIC Fri Sep 13 12:41:50 EDT 2024 x86_64 x86_64 x86_64 GNU/Linux
Thu Mar 12 10:03:57 CET 2026
mri_convert orig_nu.mgz talsrcimg.img 
reading from orig_nu.mgz...
TR=0.00, TE=0.00, TI=0.00, flip angle=0.00
i_ras = (-1, -2.16824e-09, 3.72529e-09)
j_ras = (0, 2.32831e-10, -1)
k_ras = (-5.31145e-09, 1, 0)
writing to talsrcimg.img...
Analyze Output Matrix
-1.00000   0.00000  -0.00000   130.27921;
-0.00000   0.00000   1.00000  -114.15945;
 0.00000  -1.00000   0.00000   144.95636;
 0.00000   0.00000   0.00000   1.00000;
--------------------
INFO: set hdr.hist.orient to -1
mpr2mni305 talsrcimg
Thu Mar 12 10:03:57 CET 2026
/opt/freesurfer/bin/mpr2mni305 talsrcimg
mpr2mni305 7.3.2
target=711-2C_as_mni_average_305

---------------------------------------------------------------------
analyzeto4dfp talsrcimg -O0 -y
---------------------------------------------------------------------

freesurfer ifh2hdr.c
Thu Mar 12 10:03:57 2026
Writing: talsrcimg.4dfp.hdr
freesurfer analyzeto4dfp.c
Reading: talsrcimg.hdr
header size 348 bytes
hdr.dime.datatype	offset=70	value=2
hdr.dime.bitpix		offset=72	value=8
hdr.hist.orient		offset=252	value=-1
dimensionality     4
dimensions       256       256       256         1
Reading: talsrcimg.img
Writing: talsrcimg.4dfp.img
Writing: talsrcimg.4dfp.ifh
ifh2hdr talsrcimg -r0to212
ori=2

---------------------------------------------------------------------
gauss_4dfp talsrcimg 1.1
---------------------------------------------------------------------

freesurfer gauss_4dfp.c
Reading: talsrcimg.4dfp.img
Writing: talsrcimg_g11.4dfp.img
image dimensions 256 256 256 padded to 288 288 288
processing volume 1freesurfer ifh2hdr.c
Thu Mar 12 10:03:59 2026
Writing: talsrcimg_g11.4dfp.hdr

Writing: talsrcimg_g11.4dfp.ifh
including: talsrcimg.4dfp.img.rec in talsrcimg_g11.4dfp.img.rec

---------------------------------------------------------------------
imgreg_4dfp /opt/freesurfer/average/711-2C_as_mni_average_305 none talsrcimg_g11 none talsrcimg_to_711-2C_as_mni_average_305_t4 4355
---------------------------------------------------------------------

freesurfer imgreg_4dfp.c
/opt/freesurfer/average/711-2C_as_mni_average_305.4dfp.img
       256       256       256         1
  1.000000  1.000000  1.000000
orientation T byte_order littleendian
Reading image: /opt/freesurfer/average/711-2C_as_mni_average_305.4dfp.img
dimensions:      256       256       256
mmppix:       1.0000   -1.0000   -1.0000
center:     128.0000 -129.0000 -129.0000
talsrcimg_g11.4dfp.img
       256       256       256         1
  1.000000  1.000000  1.000000
orientation T byte_order littleendian
Reading image: talsrcimg_g11.4dfp.img
dimensions:      256       256       256
mmppix:       1.0000   -1.0000   -1.0000
center:     128.0000 -129.0000 -129.0000
t4_read: open error in t4_sub.f l:  41 t4_file(1:l)talsrcimg_to_711-2C_as_mni_average_305_t4 
t4_read: transform initialized to I4
rotation matrix determinant  1.000000
image alignment mode   4355 decimal     1103 hex
   -7.5000  -45.0000  -45.0000 9071.6895   15.1289
    0.0000  -45.0000  -45.0000 9520.9131   15.1442
    7.5000  -45.0000  -45.0000 9122.2002   15.1596
   -7.5000  -37.5000  -45.0000 9619.2598   15.0807
    0.0000  -37.5000  -45.000010108.8994   15.0983
    7.5000  -37.5000  -45.0000 9661.8340   15.1161
   -7.5000  -30.0000  -45.000010411.5713   15.0753
    0.0000  -30.0000  -45.000010951.4941   15.0948
    7.5000  -30.0000  -45.000010453.6240   15.1177
   -7.5000  -22.5000  -45.000011135.4922   15.0829
    0.0000  -22.5000  -45.000011674.5010   15.1025
    7.5000  -22.5000  -45.000011146.6465   15.1276
   -7.5000  -15.0000  -45.000011785.2334   15.0895
    0.0000  -15.0000  -45.000012361.7002   15.1073
    7.5000  -15.0000  -45.000011771.5107   15.1297
   -7.5000   -7.5000  -45.000012418.6016   15.0885
    0.0000   -7.5000  -45.000013025.1572   15.1039
    7.5000   -7.5000  -45.000012406.0566   15.1217
   -7.5000    0.0000  -45.000012995.0654   15.0828
    0.0000    0.0000  -45.000013622.2744   15.0982
    7.5000    0.0000  -45.000012981.1035   15.1136
   -7.5000    7.5000  -45.000012533.3047   15.0762
    0.0000    7.5000  -45.000013122.4043   15.0939
    7.5000    7.5000  -45.000012492.7012   15.1117
   -7.5000   15.0000  -45.000012011.2461   15.0753
    0.0000   15.0000  -45.000012540.4434   15.0948
    7.5000   15.0000  -45.000011937.2891   15.1177
   -7.5000   22.5000  -45.000011063.3369   15.0808
    0.0000   22.5000  -45.000011565.2578   15.1005
    7.5000   22.5000  -45.000010989.0654   15.1255
   -7.5000   30.0000  -45.000010038.7207   14.8884
    0.0000   30.0000  -45.000010501.8555   14.9060
    7.5000   30.0000  -45.0000 9975.2422   14.9281
   -7.5000   37.5000  -45.0000 9475.0635   14.8875
    0.0000   37.5000  -45.0000 9885.3330   14.9026
    7.5000   37.5000  -45.0000 9409.5273   14.9202
   -7.5000   45.0000  -45.0000 8574.9609   14.5039
    0.0000   45.0000  -45.0000 8943.3691   14.5187
    7.5000   45.0000  -45.0000 8525.5293   14.5336
   -7.5000  -45.0000  -37.5000 9593.1318   15.1155
    0.0000  -45.0000  -37.500010067.2969   15.1323
    7.5000  -45.0000  -37.5000 9631.2695   15.1511
   -7.5000  -37.5000  -37.500010143.9922   15.0643
    0.0000  -37.5000  -37.500010671.9678   15.0828
    7.5000  -37.5000  -37.500010189.4170   15.1037
   -7.5000  -30.0000  -37.500010981.1602   15.0562
    0.0000  -30.0000  -37.500011541.7354   15.0755
    7.5000  -30.0000  -37.500011023.8955   15.0985
   -7.5000  -22.5000  -37.500011740.0771   15.0640
    0.0000  -22.5000  -37.500012316.1787   15.0830
    7.5000  -22.5000  -37.500011748.6826   15.1055
   -7.5000  -15.0000  -37.500012430.4678   15.0744
    0.0000  -15.0000  -37.500013057.2207   15.0917
    7.5000  -15.0000  -37.500012431.0215   15.1120
   -7.5000   -7.5000  -37.500013109.2354   15.0761
    0.0000   -7.5000  -37.500013760.0254   15.0923
    7.5000   -7.5000  -37.500013095.8721   15.1108
   -7.5000    0.0000  -37.500013673.1367   15.0694
    0.0000    0.0000  -37.500014365.1582   15.0864
    7.5000    0.0000  -37.500013685.4619   15.1052
   -7.5000    7.5000  -37.500013140.6543   15.0598
    0.0000    7.5000  -37.500013777.0234   15.0783
    7.5000    7.5000  -37.500013106.1367   15.0994
   -7.5000   15.0000  -37.500012582.4736   15.0562
    0.0000   15.0000  -37.500013134.5537   15.0755
    7.5000   15.0000  -37.500012479.6699   15.0985
   -7.5000   22.5000  -37.500011594.9863   15.0620
    0.0000   22.5000  -37.500012122.9863   15.0809
    7.5000   22.5000  -37.500011513.4697   15.1035
   -7.5000   30.0000  -37.500010511.4951   14.8735
    0.0000   30.0000  -37.500010996.7686   14.8906
    7.5000   30.0000  -37.500010446.3164   14.9106
   -7.5000   37.5000  -37.5000 9898.8809   14.8752
    0.0000   37.5000  -37.500010333.0918   14.8911
    7.5000   37.5000  -37.5000 9834.9072   14.9094
   -7.5000   45.0000  -37.5000 8928.9756   14.4911
    0.0000   45.0000  -37.5000 9324.8457   14.5074
    7.5000   45.0000  -37.5000 8869.6592   14.5255
   -7.5000  -45.0000  -30.000010284.5127   15.7365
    0.0000  -45.0000  -30.000010771.1621   15.7433
    7.5000  -45.0000  -30.000010295.9580   15.7614
   -7.5000  -37.5000  -30.000010842.8271   15.6851
    0.0000  -37.5000  -30.000011382.8428   15.6950
    7.5000  -37.5000  -30.000010883.2051   15.7152
   -7.5000  -30.0000  -30.000011720.7393   15.6803
    0.0000  -30.0000  -30.000012311.8154   15.6918
    7.5000  -30.0000  -30.000011763.1709   15.7134
   -7.5000  -22.5000  -30.000012519.0029   15.6910
    0.0000  -22.5000  -30.000013146.8613   15.7009
    7.5000  -22.5000  -30.000012520.8301   15.7216
   -7.5000  -15.0000  -30.000013268.5811   15.7013
    0.0000  -15.0000  -30.000013947.4336   15.7080
    7.5000  -15.0000  -30.000013262.5283   15.7263
   -7.5000   -7.5000  -30.000013985.2500   15.6987
    0.0000   -7.5000  -30.000014692.5791   15.7041
    7.5000   -7.5000  -30.000013963.6641   15.7212
   -7.5000    0.0000  -30.000014581.8711   15.6885
    0.0000    0.0000  -30.000015333.8955   15.6956
    7.5000    0.0000  -30.000014575.8525   15.7137
   -7.5000    7.5000  -30.000013950.7354   15.6804
    0.0000    7.5000  -30.000014654.7207   15.6904
    7.5000    7.5000  -30.000013922.2207   15.7107
   -7.5000   15.0000  -30.000013305.0967   15.6803
    0.0000   15.0000  -30.000013942.2812   15.6918
    7.5000   15.0000  -30.000013199.1924   15.7134
   -7.5000   22.5000  -30.000012274.3965   15.6872
    0.0000   22.5000  -30.000012847.3252   15.6971
    7.5000   22.5000  -30.000012186.4688   15.7178
   -7.5000   30.0000  -30.000011124.4639   15.4935
    0.0000   30.0000  -30.000011625.1885   15.5002
    7.5000   30.0000  -30.000011047.9229   15.5182
   -7.5000   37.5000  -30.000010464.4902   15.4910
    0.0000   37.5000  -30.000010912.3721   15.4963
    7.5000   37.5000  -30.000010385.4004   15.5131
   -7.5000   45.0000  -30.0000 9407.0039   15.0975
    0.0000   45.0000  -30.0000 9808.8115   15.1043
    7.5000   45.0000  -30.0000 9325.7910   15.1217
   -7.5000  -45.0000  -22.500010929.7061   16.2667
    0.0000  -45.0000  -22.500011467.9443   16.2603
    7.5000  -45.0000  -22.500010954.2354   16.2730
   -7.5000  -37.5000  -22.500011528.8604   16.2194
    0.0000  -37.5000  -22.500012111.6182   16.2180
    7.5000  -37.5000  -22.500011571.8125   16.2329
   -7.5000  -30.0000  -22.500012461.7109   16.2223
    0.0000  -30.0000  -22.500013093.7783   16.2246
    7.5000  -30.0000  -22.500012485.2979   16.2436
   -7.5000  -22.5000  -22.500013275.2910   16.2360
    0.0000  -22.5000  -22.500013945.2080   16.2368
    7.5000  -22.5000  -22.500013267.6328   16.2575
   -7.5000  -15.0000  -22.500014064.8350   16.2414
    0.0000  -15.0000  -22.500014767.1709   16.2373
    7.5000  -15.0000  -22.500014029.5850   16.2558
   -7.5000   -7.5000  -22.500014809.1484   16.2303
    0.0000   -7.5000  -22.500015569.2705   16.2230
    7.5000   -7.5000  -22.500014780.5615   16.2376
   -7.5000    0.0000  -22.500015444.2754   16.2171
    0.0000    0.0000  -22.500016261.0928   16.2111
    7.5000    0.0000  -22.500015431.2881   16.2239
   -7.5000    7.5000  -22.500014753.5469   16.2145
    0.0000    7.5000  -22.500015526.8965   16.2133
    7.5000    7.5000  -22.500014715.4375   16.2282
   -7.5000   15.0000  -22.500014025.4277   16.2223
    0.0000   15.0000  -22.500014703.1729   16.2246
    7.5000   15.0000  -22.500013909.8799   16.2436
   -7.5000   22.5000  -22.500012926.6836   16.2309
    0.0000   22.5000  -22.500013560.4580   16.2318
    7.5000   22.5000  -22.500012844.0732   16.2524
   -7.5000   30.0000  -22.500011706.5508   16.0289
    0.0000   30.0000  -22.500012267.3145   16.0249
    7.5000   30.0000  -22.500011636.6953   16.0432
   -7.5000   37.5000  -22.500010986.7988   16.0180
    0.0000   37.5000  -22.500011470.1289   16.0108
    7.5000   37.5000  -22.500010895.5195   16.0252
   -7.5000   45.0000  -22.5000 9881.2607   15.6179
    0.0000   45.0000  -22.500010294.3760   15.6121
    7.5000   45.0000  -22.5000 9774.9062   15.6244
   -7.5000  -45.0000  -15.000011580.8262   16.6609
    0.0000  -45.0000  -15.000012145.4580   16.6523
    7.5000  -45.0000  -15.000011620.7100   16.6608
   -7.5000  -37.5000  -15.000012211.0010   16.6165
    0.0000  -37.5000  -15.000012812.4922   16.6135
    7.5000  -37.5000  -15.000012247.9160   16.6245
   -7.5000  -30.0000  -15.000013186.2852   16.6227
    0.0000  -30.0000  -15.000013836.2559   16.6250
    7.5000  -30.0000  -15.000013204.0449   16.6438
   -7.5000  -22.5000  -15.000014033.1621   16.6362
    0.0000  -22.5000  -15.000014719.3438   16.6378
    7.5000  -22.5000  -15.000014027.4346   16.6612
   -7.5000  -15.0000  -15.000014822.9775   16.6370
    0.0000  -15.0000  -15.000015555.4561   16.6333
    7.5000  -15.0000  -15.000014792.7158   16.6544
   -7.5000   -7.5000  -15.000015590.3223   16.6223
    0.0000   -7.5000  -15.000016374.2529   16.6138
    7.5000   -7.5000  -15.000015569.4951   16.6277
   -7.5000    0.0000  -15.000016252.8594   16.6101
    0.0000    0.0000  -15.000017115.2227   16.6019
    7.5000    0.0000  -15.000016262.9678   16.6105
   -7.5000    7.5000  -15.000015485.0010   16.6115
    0.0000    7.5000  -15.000016314.0469   16.6086
    7.5000    7.5000  -15.000015450.7129   16.6197
   -7.5000   15.0000  -15.000014653.0918   16.6227
    0.0000   15.0000  -15.000015393.5625   16.6250
    7.5000   15.0000  -15.000014556.0879   16.6438
   -7.5000   22.5000  -15.000013505.2236   16.6303
    0.0000   22.5000  -15.000014179.9463   16.6319
    7.5000   22.5000  -15.000013420.9268   16.6553
   -7.5000   30.0000  -15.000012237.7305   16.4217
    0.0000   30.0000  -15.000012838.0625   16.4181
    7.5000   30.0000  -15.000012153.1729   16.4389
   -7.5000   37.5000  -15.000011489.5664   16.4072
    0.0000   37.5000  -15.000012018.3779   16.3988
    7.5000   37.5000  -15.000011382.1211   16.4125
   -7.5000   45.0000  -15.000010316.0156   16.0060
    0.0000   45.0000  -15.000010775.4248   15.9981
    7.5000   45.0000  -15.000010216.3994   16.0064
   -7.5000  -45.0000   -7.500012231.9756   16.8722
    0.0000  -45.0000   -7.500012791.2979   16.8756
    7.5000  -45.0000   -7.500012248.6172   16.8864
   -7.5000  -37.5000   -7.500012886.2783   16.8243
    0.0000  -37.5000   -7.500013445.1143   16.8323
    7.5000  -37.5000   -7.500012875.7314   16.8460
   -7.5000  -30.0000   -7.500013903.4893   16.8254
    0.0000  -30.0000   -7.500014510.1631   16.8378
    7.5000  -30.0000   -7.500013886.0430   16.8599
   -7.5000  -22.5000   -7.500014813.1914   16.8359
    0.0000  -22.5000   -7.500015461.0586   16.8483
    7.5000  -22.5000   -7.500014794.1523   16.8752
   -7.5000  -15.0000   -7.500015605.6719   16.8385
    0.0000  -15.0000   -7.500016284.0586   16.8466
    7.5000  -15.0000   -7.500015571.5215   16.8705
   -7.5000   -7.5000   -7.500016395.2383   16.8294
    0.0000   -7.5000   -7.500017125.3457   16.8331
    7.5000   -7.5000   -7.500016366.5869   16.8493
   -7.5000    0.0000   -7.500017083.2266   16.8207
    0.0000    0.0000   -7.500017900.3047   16.8244
    7.5000    0.0000   -7.500017067.0684   16.8353
   -7.5000    7.5000   -7.500016229.0605   16.8193
    0.0000    7.5000   -7.500017006.9141   16.8274
    7.5000    7.5000   -7.500016205.5996   16.8412
   -7.5000   15.0000   -7.500015258.1562   16.8254
    0.0000   15.0000   -7.500015958.2236   16.8378
    7.5000   15.0000   -7.500015164.0215   16.8599
   -7.5000   22.5000   -7.500014061.8350   16.8282
    0.0000   22.5000   -7.500014713.8662   16.8405
    7.5000   22.5000   -7.500013960.2324   16.8674
   -7.5000   30.0000   -7.500012789.2383   16.6201
    0.0000   30.0000   -7.500013375.1123   16.6281
    7.5000   30.0000   -7.500012679.9961   16.6517
   -7.5000   37.5000   -7.500012016.5322   16.6111
    0.0000   37.5000   -7.500012543.4463   16.6148
    7.5000   37.5000   -7.500011907.6826   16.6308
   -7.5000   45.0000   -7.500010793.6826   16.2120
    0.0000   45.0000   -7.500011267.3027   16.2156
    7.5000   45.0000   -7.500010711.2773   16.2261
   -7.5000  -45.0000    0.000012777.1982   16.9190
    0.0000  -45.0000    0.000013312.5703   16.9360
    7.5000  -45.0000    0.000012742.2695   16.9531
   -7.5000  -37.5000    0.000013422.4199   16.8649
    0.0000  -37.5000    0.000013956.4502   16.8845
    7.5000  -37.5000    0.000013374.4336   16.9042
   -7.5000  -30.0000    0.000014467.6465   16.8588
    0.0000  -30.0000    0.000014999.9883   16.8804
    7.5000  -30.0000    0.000014425.1367   16.9059
   -7.5000  -22.5000    0.000015430.4961   16.8673
    0.0000  -22.5000    0.000016030.9746   16.8892
    7.5000  -22.5000    0.000015381.8770   16.9170
   -7.5000  -15.0000    0.000016310.4121   16.8750
    0.0000  -15.0000    0.000016905.0176   16.8948
    7.5000  -15.0000    0.000016254.7422   16.9196
   -7.5000   -7.5000    0.000017113.6387   16.8740
    0.0000   -7.5000    0.000017749.6094   16.8910
    7.5000   -7.5000    0.000017117.3184   16.9108
   -7.5000    0.0000    0.000017845.4902   16.8674
    0.0000    0.0000    0.000018499.6543   16.8846
    7.5000    0.0000    0.000017845.7910   16.9017
   -7.5000    7.5000    0.000016926.8711   16.8599
    0.0000    7.5000    0.000017584.8418   16.8796
    7.5000    7.5000    0.000016905.1445   16.8994
   -7.5000   15.0000    0.000015802.2070   16.8588
    0.0000   15.0000    0.000016437.5723   16.8804
    7.5000   15.0000    0.000015715.6572   16.9059
   -7.5000   22.5000    0.000014566.6504   16.8595
    0.0000   22.5000    0.000015208.9902   16.8814
    7.5000   22.5000    0.000014464.0684   16.9092
   -7.5000   30.0000    0.000013263.2627   16.6566
    0.0000   30.0000    0.000013843.3467   16.6761
    7.5000   30.0000    0.000013137.0273   16.7006
   -7.5000   37.5000    0.000012462.5098   16.6556
    0.0000   37.5000    0.000013000.1562   16.6724
    7.5000   37.5000    0.000012327.9014   16.6919
   -7.5000   45.0000    0.000011191.2520   16.2583
    0.0000   45.0000    0.000011666.2090   16.2748
    7.5000   45.0000    0.000011069.4971   16.2913
   -7.5000  -45.0000    7.500012296.1592   16.9146
    0.0000  -45.0000    7.500012797.0996   16.9334
    7.5000  -45.0000    7.500012256.8262   16.9545
   -7.5000  -37.5000    7.500012912.6885   16.8573
    0.0000  -37.5000    7.500013404.5156   16.8780
    7.5000  -37.5000    7.500012843.0615   16.9014
   -7.5000  -30.0000    7.500013914.3291   16.8483
    0.0000  -30.0000    7.500014383.8281   16.8699
    7.5000  -30.0000    7.500013850.2705   16.8956
   -7.5000  -22.5000    7.500014841.8203   16.8571
    0.0000  -22.5000    7.500015342.7080   16.8783
    7.5000  -22.5000    7.500014759.0840   16.9035
   -7.5000  -15.0000    7.500015721.9795   16.8686
    0.0000  -15.0000    7.500016235.4092   16.8880
    7.5000  -15.0000    7.500015625.4268   16.9107
   -7.5000   -7.5000    7.500016560.8047   16.8706
    0.0000   -7.5000    7.500017156.6406   16.8886
    7.5000   -7.5000    7.500016507.8965   16.9094
   -7.5000    0.0000    7.500017255.8398   16.8631
    0.0000    0.0000    7.500017922.4297   16.8820
    7.5000    0.0000    7.500017228.1816   16.9031
   -7.5000    7.5000    7.500016328.8408   16.8523
    0.0000    7.5000    7.500016964.4980   16.8731
    7.5000    7.5000    7.500016294.8164   16.8966
   -7.5000   15.0000    7.500015179.7686   16.8483
    0.0000   15.0000    7.500015763.6074   16.8699
    7.5000   15.0000    7.500015092.0283   16.8956
   -7.5000   22.5000    7.500013990.2734   16.8493
    0.0000   22.5000    7.500014534.3047   16.8705
    7.5000   22.5000    7.500013883.3662   16.8957
   -7.5000   30.0000    7.500012754.4785   16.6503
    0.0000   30.0000    7.500013252.9814   16.6694
    7.5000   30.0000    7.500012649.2910   16.6919
   -7.5000   37.5000    7.500011971.3018   16.6522
    0.0000   37.5000    7.500012426.1494   16.6701
    7.5000   37.5000    7.500011856.3018   16.6905
   -7.5000   45.0000    7.500010736.0957   16.2541
    0.0000   45.0000    7.500011146.5010   16.2723
    7.5000   45.0000    7.500010616.2314   16.2927
   -7.5000  -45.0000   15.000011632.0234   16.9165
    0.0000  -45.0000   15.000012145.3525   16.9237
    7.5000  -45.0000   15.000011610.3301   16.9430
   -7.5000  -37.5000   15.000012237.0635   16.8611
    0.0000  -37.5000   15.000012725.9600   16.8717
    7.5000  -37.5000   15.000012169.5010   16.8933
   -7.5000  -30.0000   15.000013230.0889   16.8560
    0.0000  -30.0000   15.000013709.1201   16.8683
    7.5000  -30.0000   15.000013154.7139   16.8914
   -7.5000  -22.5000   15.000014154.3662   16.8675
    0.0000  -22.5000   15.000014663.6611   16.8781
    7.5000  -22.5000   15.000014074.0771   16.9001
   -7.5000  -15.0000   15.000015006.4863   16.8786
    0.0000  -15.0000   15.000015522.7402   16.8857
    7.5000  -15.0000   15.000014900.4121   16.9052
   -7.5000   -7.5000   15.000015815.8584   16.8758
    0.0000   -7.5000   15.000016380.2334   16.8815
    7.5000   -7.5000   15.000015715.4121   16.8998
   -7.5000    0.0000   15.000016507.9961   16.8648
    0.0000    0.0000   15.000017152.1562   16.8723
    7.5000    0.0000   15.000016425.2090   16.8917
   -7.5000    7.5000   15.000015644.9883   16.8561
    0.0000    7.5000   15.000016251.8789   16.8667
    7.5000    7.5000   15.000015560.4033   16.8884
   -7.5000   15.0000   15.000014484.7930   16.8560
    0.0000   15.0000   15.000015026.4463   16.8683
    7.5000   15.0000   15.000014378.7363   16.8914
   -7.5000   22.5000   15.000013319.8623   16.8597
    0.0000   22.5000   15.000013846.0898   16.8703
    7.5000   22.5000   15.000013209.6426   16.8924
   -7.5000   30.0000   15.000012135.7891   16.6601
    0.0000   30.0000   15.000012612.3975   16.6672
    7.5000   30.0000   15.000012026.8535   16.6864
   -7.5000   37.5000   15.000011361.5645   16.6574
    0.0000   37.5000   15.000011799.4902   16.6630
    7.5000   37.5000   15.000011249.5029   16.6810
   -7.5000   45.0000   15.000010140.3018   16.2558
    0.0000   45.0000   15.000010544.7568   16.2630
    7.5000   45.0000   15.000010047.2393   16.2817
   -7.5000  -45.0000   22.500010895.5039   16.9892
    0.0000  -45.0000   22.500011401.5137   16.9824
    7.5000  -45.0000   22.500010889.6875   16.9956
   -7.5000  -37.5000   22.500011484.0928   16.9395
    0.0000  -37.5000   22.500011985.6621   16.9379
    7.5000  -37.5000   22.500011440.0713   16.9532
   -7.5000  -30.0000   22.500012451.5557   16.9424
    0.0000  -30.0000   22.500012952.4131   16.9447
    7.5000  -30.0000   22.500012399.0186   16.9644
   -7.5000  -22.5000   22.500013305.7578   16.9568
    0.0000  -22.5000   22.500013805.6445   16.9575
    7.5000  -22.5000   22.500013242.7461   16.9790
   -7.5000  -15.0000   22.500014103.2207   16.9626
    0.0000  -15.0000   22.500014601.9707   16.9582
    7.5000  -15.0000   22.500014013.2637   16.9774
   -7.5000   -7.5000   22.500014873.6074   16.9510
    0.0000   -7.5000   22.500015418.2500   16.9432
    7.5000   -7.5000   22.500014769.2637   16.9584
   -7.5000    0.0000   22.500015531.2080   16.9372
    0.0000    0.0000   22.500016140.8613   16.9307
    7.5000    0.0000   22.500015446.6270   16.9439
   -7.5000    7.5000   22.500014760.5938   16.9344
    0.0000    7.5000   22.500015338.3779   16.9329
    7.5000    7.5000   22.500014682.3320   16.9483
   -7.5000   15.0000   22.500013663.5029   16.9424
    0.0000   15.0000   22.500014196.7129   16.9447
    7.5000   15.0000   22.500013567.8145   16.9644
   -7.5000   22.5000   22.500012560.1934   16.9490
    0.0000   22.5000   22.500013076.3252   16.9497
    7.5000   22.5000   22.500012449.0928   16.9712
   -7.5000   30.0000   22.500011428.3477   16.7430
    0.0000   30.0000   22.500011887.8926   16.7387
    7.5000   30.0000   22.500011315.3125   16.7577
   -7.5000   37.5000   22.500010682.1963   16.7316
    0.0000   37.5000   22.500011098.0273   16.7239
    7.5000   37.5000   22.500010568.8994   16.7389
   -7.5000   45.0000   22.5000 9517.5244   16.3255
    0.0000   45.0000   22.5000 9896.4678   16.3192
    7.5000   45.0000   22.5000 9425.3535   16.3320
   -7.5000  -45.0000   30.000010096.0986   17.1446
    0.0000  -45.0000   30.000010594.1738   17.1352
    7.5000  -45.0000   30.000010095.0312   17.1438
   -7.5000  -37.5000   30.000010632.2266   17.0982
    0.0000  -37.5000   30.000011140.9902   17.0948
    7.5000  -37.5000   30.000010617.3320   17.1060
   -7.5000  -30.0000   30.000011518.6553   17.1044
    0.0000  -30.0000   30.000012049.9551   17.1066
    7.5000  -30.0000   30.000011483.7783   17.1260
   -7.5000  -22.5000   30.000012312.3477   17.1180
    0.0000  -22.5000   30.000012828.6895   17.1196
    7.5000  -22.5000   30.000012256.2119   17.1439
   -7.5000  -15.0000   30.000013036.8643   17.1188
    0.0000  -15.0000   30.000013535.7344   17.1149
    7.5000  -15.0000   30.000012940.7656   17.1366
   -7.5000   -7.5000   30.000013728.2090   17.1038
    0.0000   -7.5000   30.000014251.9824   17.0947
    7.5000   -7.5000   30.000013640.5215   17.1089
   -7.5000    0.0000   30.000014388.4258   17.0915
    0.0000    0.0000   30.000014942.2275   17.0825
    7.5000    0.0000   30.000014269.1240   17.0912
   -7.5000    7.5000   30.000013715.0488   17.0930
    0.0000    7.5000   30.000014252.4727   17.0897
    7.5000    7.5000   30.000013612.5244   17.1010
   -7.5000   15.0000   30.000012695.6299   17.1044
    0.0000   15.0000   30.000013210.2764   17.1066
    7.5000   15.0000   30.000012613.4668   17.1260
   -7.5000   22.5000   30.000011670.6855   17.1101
    0.0000   22.5000   30.000012149.9717   17.1117
    7.5000   22.5000   30.000011561.5049   17.1360
   -7.5000   30.0000   30.000010609.6982   16.8973
    0.0000   30.0000   30.000011048.8760   16.8934
    7.5000   30.0000   30.000010500.7002   16.9149
   -7.5000   37.5000   30.0000 9912.5234   16.8825
    0.0000   37.5000   30.000010308.7412   16.8735
    7.5000   37.5000   30.0000 9802.8105   16.8875
   -7.5000   45.0000   30.0000 8827.1377   16.4743
    0.0000   45.0000   30.0000 9189.6436   16.4656
    7.5000   45.0000   30.0000 8745.2012   16.4740
   -7.5000  -45.0000   37.5000 9641.9375   17.4197
    0.0000  -45.0000   37.500010132.3486   17.4230
    7.5000  -45.0000   37.5000 9638.5645   17.4332
   -7.5000  -37.5000   37.500010145.4238   17.3691
    0.0000  -37.5000   37.500010652.5391   17.3772
    7.5000  -37.5000   37.500010132.3232   17.3908
   -7.5000  -30.0000   37.500010998.9541   17.3707
    0.0000  -30.0000   37.500011519.2686   17.3833
    7.5000  -30.0000   37.500010964.2900   17.4060
   -7.5000  -22.5000   37.500011769.4873   17.3820
    0.0000  -22.5000   37.500012278.3379   17.3948
    7.5000  -22.5000   37.500011710.1475   17.4222
   -7.5000  -15.0000   37.500012449.6494   17.3845
    0.0000  -15.0000   37.500012959.2998   17.3929
    7.5000  -15.0000   37.500012365.9971   17.4168
   -7.5000   -7.5000   37.500013105.1309   17.3744
    0.0000   -7.5000   37.500013625.9805   17.3782
    7.5000   -7.5000   37.500013014.9707   17.3938
   -7.5000    0.0000   37.500013729.9521   17.3650
    0.0000    0.0000   37.500014272.3086   17.3686
    7.5000    0.0000   37.500013628.9473   17.3789
   -7.5000    7.5000   37.500013130.9561   17.3638
    0.0000    7.5000   37.500013657.1240   17.3719
    7.5000    7.5000   37.500013044.1943   17.3856
   -7.5000   15.0000   37.500012184.9121   17.3707
    0.0000   15.0000   37.500012684.0469   17.3833
    7.5000   15.0000   37.500012099.7051   17.4060
   -7.5000   22.5000   37.500011185.4072   17.3739
    0.0000   22.5000   37.500011647.2139   17.3867
    7.5000   22.5000   37.500011087.4707   17.4142
   -7.5000   30.0000   37.500010166.6016   17.1596
    0.0000   30.0000   37.500010586.7002   17.1678
    7.5000   30.0000   37.500010080.5215   17.1914
   -7.5000   37.5000   37.5000 9505.5840   17.1496
    0.0000   37.5000   37.5000 9883.9111   17.1532
    7.5000   37.5000   37.5000 9410.3135   17.1687
   -7.5000   45.0000   37.5000 8484.4648   16.7378
    0.0000   45.0000   37.5000 8817.7480   16.7413
    7.5000   45.0000   37.5000 8400.7949   16.7512
   -7.5000  -45.0000   45.0000 8826.2783   17.7513
    0.0000  -45.0000   45.0000 9256.0615   17.7717
    7.5000  -45.0000   45.0000 8802.2930   17.7915
   -7.5000  -37.5000   45.0000 9284.2559   17.6928
    0.0000  -37.5000   45.0000 9726.1533   17.7159
    7.5000  -37.5000   45.0000 9262.1523   17.7386
   -7.5000  -30.0000   45.000010042.0859   17.6855
    0.0000  -30.0000   45.000010507.1143   17.7110
    7.5000  -30.0000   45.000010019.0908   17.7402
   -7.5000  -22.5000   45.000010754.7861   17.6928
    0.0000  -22.5000   45.000011217.4170   17.7190
    7.5000  -22.5000   45.000010699.7402   17.7509
   -7.5000  -15.0000   45.000011371.4014   17.6999
    0.0000  -15.0000   45.000011858.9033   17.7238
    7.5000  -15.0000   45.000011304.6973   17.7525
   -7.5000   -7.5000   45.000011989.4678   17.6994
    0.0000   -7.5000   45.000012486.1123   17.7203
    7.5000   -7.5000   45.000011913.7197   17.7432
   -7.5000    0.0000   45.000012546.7783   17.6942
    0.0000    0.0000   45.000013059.3584   17.7148
    7.5000    0.0000   45.000012477.5977   17.7346
   -7.5000    7.5000   45.000012009.4004   17.6873
    0.0000    7.5000   45.000012531.9980   17.7104
    7.5000    7.5000   45.000011970.1484   17.7333
   -7.5000   15.0000   45.000011168.8213   17.6855
    0.0000   15.0000   45.000011655.9912   17.7110
    7.5000   15.0000   45.000011123.2070   17.7402
   -7.5000   22.5000   45.000010269.4590   17.6846
    0.0000   22.5000   45.000010691.0713   17.7108
    7.5000   22.5000   45.000010189.7578   17.7427
   -7.5000   30.0000   45.0000 9356.3252   17.4693
    0.0000   30.0000   45.0000 9732.6406   17.4929
    7.5000   30.0000   45.0000 9269.1387   17.5212
   -7.5000   37.5000   45.0000 8757.3506   17.4688
    0.0000   37.5000   45.0000 9105.7148   17.4894
    7.5000   37.5000   45.0000 8670.8623   17.5121
   -7.5000   45.0000   45.0000 7828.4097   17.0629
    0.0000   45.0000   45.0000 8123.3638   17.0828
    7.5000   45.0000   45.0000 7742.8799   17.1019

---------------------------------------------------------------------
imgreg_4dfp /opt/freesurfer/average/711-2C_as_mni_average_305 /opt/freesurfer/average/711-2B_as_mni_average_305_mask talsrcimg_g11 none talsrcimg_to_711-2C_as_mni_average_305_t4 4355
---------------------------------------------------------------------

freesurfer imgreg_4dfp.c
/opt/freesurfer/average/711-2C_as_mni_average_305.4dfp.img
       256       256       256         1
  1.000000  1.000000  1.000000
orientation T byte_order littleendian
Reading image: /opt/freesurfer/average/711-2C_as_mni_average_305.4dfp.img
dimensions:      256       256       256
mmppix:       1.0000   -1.0000   -1.0000
center:     128.0000 -129.0000 -129.0000
/opt/freesurfer/average/711-2B_as_mni_average_305_mask.4dfp.img
       256       256       256         1
  1.000000  1.000000  1.000000
orientation T byte_order littleendian
Reading mask: /opt/freesurfer/average/711-2B_as_mni_average_305_mask.4dfp.img (2306576 pixels)
talsrcimg_g11.4dfp.img
       256       256       256         1
  1.000000  1.000000  1.000000
orientation T byte_order littleendian
Reading image: talsrcimg_g11.4dfp.img
dimensions:      256       256       256
mmppix:       1.0000   -1.0000   -1.0000
center:     128.0000 -129.0000 -129.0000
rotation matrix determinant  1.000000
image alignment mode   4355 decimal     1103 hex
   -7.5000  -45.0000  -45.0000 2255.6235   15.4646
    0.0000  -45.0000  -45.0000 2269.5178   15.4452
    7.5000  -45.0000  -45.0000 2256.6746   15.5583
   -7.5000  -37.5000  -45.0000 2334.3096   14.4218
    0.0000  -37.5000  -45.0000 2350.6692   14.4245
    7.5000  -37.5000  -45.0000 2339.3228   14.5226
   -7.5000  -30.0000  -45.0000 2376.8171   13.7528
    0.0000  -30.0000  -45.0000 2391.9568   13.7471
    7.5000  -30.0000  -45.0000 2379.4568   13.8166
   -7.5000  -22.5000  -45.0000 2401.1111   13.3936
    0.0000  -22.5000  -45.0000 2413.3943   13.3401
    7.5000  -22.5000  -45.0000 2399.3835   13.4532
   -7.5000  -15.0000  -45.0000 2410.0022   13.2486
    0.0000  -15.0000  -45.0000 2422.2959   13.2040
    7.5000  -15.0000  -45.0000 2403.6240   13.3118
   -7.5000   -7.5000  -45.0000 2399.2461   13.3788
    0.0000   -7.5000  -45.0000 2411.1753   13.2838
    7.5000   -7.5000  -45.0000 2394.7454   13.3998
   -7.5000    0.0000  -45.0000 2380.6462   13.6652
    0.0000    0.0000  -45.0000 2395.2546   13.5791
    7.5000    0.0000  -45.0000 2374.9429   13.7033
   -7.5000    7.5000  -45.0000 2346.8503   14.2190
    0.0000    7.5000  -45.0000 2365.1367   14.1440
    7.5000    7.5000  -45.0000 2341.4829   14.2746
   -7.5000   15.0000  -45.0000 2292.0803   15.0786
    0.0000   15.0000  -45.0000 2305.3240   14.9788
    7.5000   15.0000  -45.0000 2286.0457   15.1329
   -7.5000   22.5000  -45.0000 2212.7947   16.2379
    0.0000   22.5000  -45.0000 2227.3894   16.1338
    7.5000   22.5000  -45.0000 2205.5112   16.3387
   -7.5000   30.0000  -45.0000 2115.0864   17.7798
    0.0000   30.0000  -45.0000 2127.2397   17.6764
    7.5000   30.0000  -45.0000 2108.3477   17.8884
   -7.5000   37.5000  -45.0000 2005.1348   19.7815
    0.0000   37.5000  -45.0000 2012.1707   19.6731
    7.5000   37.5000  -45.0000 1993.2798   19.8814
   -7.5000   45.0000  -45.0000 1883.2715   22.5093
    0.0000   45.0000  -45.0000 1894.6118   22.3349
    7.5000   45.0000  -45.0000 1877.7166   22.5316
   -7.5000  -45.0000  -37.5000 2332.6006   14.3987
    0.0000  -45.0000  -37.5000 2348.5513   14.3955
    7.5000  -45.0000  -37.5000 2335.6199   14.5012
   -7.5000  -37.5000  -37.5000 2414.5586   13.3811
    0.0000  -37.5000  -37.5000 2434.3350   13.3709
    7.5000  -37.5000  -37.5000 2418.8020   13.4561
   -7.5000  -30.0000  -37.5000 2465.7075   12.7152
    0.0000  -30.0000  -37.5000 2479.7036   12.7009
    7.5000  -30.0000  -37.5000 2465.0952   12.7890
   -7.5000  -22.5000  -37.5000 2500.0347   12.3780
    0.0000  -22.5000  -37.5000 2509.7598   12.3337
    7.5000  -22.5000  -37.5000 2493.5422   12.4360
   -7.5000  -15.0000  -37.5000 2514.8125   12.2316
    0.0000  -15.0000  -37.5000 2529.2568   12.1922
    7.5000  -15.0000  -37.5000 2508.5332   12.3012
   -7.5000   -7.5000  -37.5000 2508.8149   12.3723
    0.0000   -7.5000  -37.5000 2520.4495   12.3107
    7.5000   -7.5000  -37.5000 2499.3796   12.4203
   -7.5000    0.0000  -37.5000 2485.1035   12.6572
    0.0000    0.0000  -37.5000 2498.8809   12.5929
    7.5000    0.0000  -37.5000 2478.3286   12.7053
   -7.5000    7.5000  -37.5000 2449.5500   13.2059
    0.0000    7.5000  -37.5000 2462.6125   13.1291
    7.5000    7.5000  -37.5000 2439.2356   13.2626
   -7.5000   15.0000  -37.5000 2390.9795   13.9836
    0.0000   15.0000  -37.5000 2399.2251   13.9244
    7.5000   15.0000  -37.5000 2376.7952   14.0627
   -7.5000   22.5000  -37.5000 2304.3137   15.0580
    0.0000   22.5000  -37.5000 2315.5034   14.9805
    7.5000   22.5000  -37.5000 2292.1086   15.1668
   -7.5000   30.0000  -37.5000 2196.3164   16.4821
    0.0000   30.0000  -37.5000 2208.1775   16.3950
    7.5000   30.0000  -37.5000 2187.8535   16.5831
   -7.5000   37.5000  -37.5000 2079.5464   18.3793
    0.0000   37.5000  -37.5000 2085.3462   18.2591
    7.5000   37.5000  -37.5000 2068.3000   18.4509
   -7.5000   45.0000  -37.5000 1953.6714   20.8387
    0.0000   45.0000  -37.5000 1964.4792   20.7241
    7.5000   45.0000  -37.5000 1944.8612   20.8915
   -7.5000  -45.0000  -30.0000 2450.6682   13.9083
    0.0000  -45.0000  -30.0000 2464.7058   13.9013
    7.5000  -45.0000  -30.0000 2450.8303   13.9884
   -7.5000  -37.5000  -30.0000 2540.2363   12.8887
    0.0000  -37.5000  -30.0000 2555.8992   12.8769
    7.5000  -37.5000  -30.0000 2544.8235   12.9507
   -7.5000  -30.0000  -30.0000 2593.2419   12.2105
    0.0000  -30.0000  -30.0000 2608.1816   12.1965
    7.5000  -30.0000  -30.0000 2597.5078   12.2898
   -7.5000  -22.5000  -30.0000 2638.8660   11.8652
    0.0000  -22.5000  -30.0000 2651.6855   11.8267
    7.5000  -22.5000  -30.0000 2633.6260   11.9056
   -7.5000  -15.0000  -30.0000 2664.7163   11.7143
    0.0000  -15.0000  -30.0000 2681.2478   11.6668
    7.5000  -15.0000  -30.0000 2655.6836   11.7553
   -7.5000   -7.5000  -30.0000 2663.2214   11.8436
    0.0000   -7.5000  -30.0000 2676.4128   11.7993
    7.5000   -7.5000  -30.0000 2651.1475   11.8866
   -7.5000    0.0000  -30.0000 2637.5923   12.1586
    0.0000    0.0000  -30.0000 2652.9504   12.0912
    7.5000    0.0000  -30.0000 2628.3696   12.1952
   -7.5000    7.5000  -30.0000 2596.2205   12.6982
    0.0000    7.5000  -30.0000 2612.7915   12.6362
    7.5000    7.5000  -30.0000 2586.0967   12.7613
   -7.5000   15.0000  -30.0000 2529.7656   13.4544
    0.0000   15.0000  -30.0000 2543.9636   13.3945
    7.5000   15.0000  -30.0000 2515.2549   13.5220
   -7.5000   22.5000  -30.0000 2433.1768   14.4990
    0.0000   22.5000  -30.0000 2444.5339   14.4267
    7.5000   22.5000  -30.0000 2421.3174   14.5657
   -7.5000   30.0000  -30.0000 2316.8003   15.8753
    0.0000   30.0000  -30.0000 2326.9700   15.7883
    7.5000   30.0000  -30.0000 2307.8899   15.9500
   -7.5000   37.5000  -30.0000 2190.1379   17.6788
    0.0000   37.5000  -30.0000 2196.4387   17.5737
    7.5000   37.5000  -30.0000 2179.1067   17.7423
   -7.5000   45.0000  -30.0000 2055.2456   20.0133
    0.0000   45.0000  -30.0000 2061.6394   19.9266
    7.5000   45.0000  -30.0000 2040.6088   20.0899
   -7.5000  -45.0000  -22.5000 2530.1245   13.4022
    0.0000  -45.0000  -22.5000 2548.3286   13.3521
    7.5000  -45.0000  -22.5000 2536.7129   13.4459
   -7.5000  -37.5000  -22.5000 2633.4463   12.3671
    0.0000  -37.5000  -22.5000 2651.5884   12.3375
    7.5000  -37.5000  -22.5000 2640.2290   12.4327
   -7.5000  -30.0000  -22.5000 2701.9805   11.6832
    0.0000  -30.0000  -22.5000 2717.4551   11.6682
    7.5000  -30.0000  -22.5000 2701.8464   11.7559
   -7.5000  -22.5000  -22.5000 2752.9060   11.2978
    0.0000  -22.5000  -22.5000 2764.0637   11.2646
    7.5000  -22.5000  -22.5000 2746.5750   11.3371
   -7.5000  -15.0000  -22.5000 2786.1584   11.1452
    0.0000  -15.0000  -22.5000 2801.1145   11.0701
    7.5000  -15.0000  -22.5000 2773.3589   11.1648
   -7.5000   -7.5000  -22.5000 2788.4460   11.2538
    0.0000   -7.5000  -22.5000 2805.1475   11.1836
    7.5000   -7.5000  -22.5000 2774.5862   11.2760
   -7.5000    0.0000  -22.5000 2763.5654   11.5846
    0.0000    0.0000  -22.5000 2785.3801   11.5103
    7.5000    0.0000  -22.5000 2757.2571   11.5988
   -7.5000    7.5000  -22.5000 2716.9644   12.1376
    0.0000    7.5000  -22.5000 2736.6753   12.0639
    7.5000    7.5000  -22.5000 2708.1707   12.1753
   -7.5000   15.0000  -22.5000 2642.6636   12.8757
    0.0000   15.0000  -22.5000 2657.2222   12.8001
    7.5000   15.0000  -22.5000 2626.7036   12.9319
   -7.5000   22.5000  -22.5000 2536.9116   13.8799
    0.0000   22.5000  -22.5000 2549.2158   13.7972
    7.5000   22.5000  -22.5000 2523.9336   13.9342
   -7.5000   30.0000  -22.5000 2410.6555   15.2459
    0.0000   30.0000  -22.5000 2423.4817   15.1292
    7.5000   30.0000  -22.5000 2401.1682   15.2439
   -7.5000   37.5000  -22.5000 2274.9722   16.9702
    0.0000   37.5000  -22.5000 2283.1174   16.8454
    7.5000   37.5000  -22.5000 2263.3652   16.9639
   -7.5000   45.0000  -22.5000 2132.8018   19.2038
    0.0000   45.0000  -22.5000 2140.1992   19.0495
    7.5000   45.0000  -22.5000 2116.5298   19.2026
   -7.5000  -45.0000  -15.0000 2574.7705   12.9870
    0.0000  -45.0000  -15.0000 2592.9373   12.9135
    7.5000  -45.0000  -15.0000 2581.0515   13.0439
   -7.5000  -37.5000  -15.0000 2690.5327   11.9485
    0.0000  -37.5000  -15.0000 2708.3599   11.8934
    7.5000  -37.5000  -15.0000 2695.2456   12.0140
   -7.5000  -30.0000  -15.0000 2771.9507   11.2396
    0.0000  -30.0000  -15.0000 2790.5281   11.1743
    7.5000  -30.0000  -15.0000 2771.5845   11.2975
   -7.5000  -22.5000  -15.0000 2837.3831   10.8212
    0.0000  -22.5000  -15.0000 2851.8459   10.7521
    7.5000  -22.5000  -15.0000 2826.3843   10.8748
   -7.5000  -15.0000  -15.0000 2877.4211   10.6400
    0.0000  -15.0000  -15.0000 2900.1694   10.5468
    7.5000  -15.0000  -15.0000 2863.6772   10.6768
   -7.5000   -7.5000  -15.0000 2885.2290   10.7252
    0.0000   -7.5000  -15.0000 2908.5469   10.6313
    7.5000   -7.5000  -15.0000 2873.5698   10.7411
   -7.5000    0.0000  -15.0000 2859.3423   11.0675
    0.0000    0.0000  -15.0000 2884.9197   10.9725
    7.5000    0.0000  -15.0000 2853.0952   11.0630
   -7.5000    7.5000  -15.0000 2806.7212   11.5869
    0.0000    7.5000  -15.0000 2827.4636   11.5016
    7.5000    7.5000  -15.0000 2794.6965   11.6166
   -7.5000   15.0000  -15.0000 2717.9458   12.3097
    0.0000   15.0000  -15.0000 2734.3162   12.2366
    7.5000   15.0000  -15.0000 2700.8813   12.3727
   -7.5000   22.5000  -15.0000 2602.1011   13.3234
    0.0000   22.5000  -15.0000 2615.4963   13.2382
    7.5000   22.5000  -15.0000 2585.8413   13.3753
   -7.5000   30.0000  -15.0000 2471.0142   14.6573
    0.0000   30.0000  -15.0000 2484.2595   14.5401
    7.5000   30.0000  -15.0000 2454.1243   14.6804
   -7.5000   37.5000  -15.0000 2330.2249   16.3400
    0.0000   37.5000  -15.0000 2341.3220   16.1989
    7.5000   37.5000  -15.0000 2313.8047   16.3410
   -7.5000   45.0000  -15.0000 2180.1936   18.4758
    0.0000   45.0000  -15.0000 2189.7468   18.3415
    7.5000   45.0000  -15.0000 2166.8547   18.4973
   -7.5000  -45.0000   -7.5000 2587.4688   12.7118
    0.0000  -45.0000   -7.5000 2609.1882   12.5640
    7.5000  -45.0000   -7.5000 2595.8203   12.7692
   -7.5000  -37.5000   -7.5000 2710.2820   11.6587
    0.0000  -37.5000   -7.5000 2727.1797   11.5294
    7.5000  -37.5000   -7.5000 2712.0757   11.7043
   -7.5000  -30.0000   -7.5000 2806.9468   10.9084
    0.0000  -30.0000   -7.5000 2828.3354   10.7771
    7.5000  -30.0000   -7.5000 2805.3972   10.9489
   -7.5000  -22.5000   -7.5000 2887.2651   10.4608
    0.0000  -22.5000   -7.5000 2911.9102   10.3464
    7.5000  -22.5000   -7.5000 2881.1033   10.5058
   -7.5000  -15.0000   -7.5000 2941.1814   10.2550
    0.0000  -15.0000   -7.5000 2972.6875   10.1291
    7.5000  -15.0000   -7.5000 2930.3984   10.2973
   -7.5000   -7.5000   -7.5000 2963.2380   10.3157
    0.0000   -7.5000   -7.5000 2995.6047   10.1858
    7.5000   -7.5000   -7.5000 2948.2175   10.3481
   -7.5000    0.0000   -7.5000 2930.5730   10.6594
    0.0000    0.0000   -7.5000 2961.7893   10.5305
    7.5000    0.0000   -7.5000 2915.0977   10.6584
   -7.5000    7.5000   -7.5000 2864.6306   11.1478
    0.0000    7.5000   -7.5000 2885.2529   11.0439
    7.5000    7.5000   -7.5000 2848.9658   11.1833
   -7.5000   15.0000   -7.5000 2765.5430   11.8742
    0.0000   15.0000   -7.5000 2782.3928   11.7590
    7.5000   15.0000   -7.5000 2746.0981   11.9305
   -7.5000   22.5000   -7.5000 2642.1301   12.8926
    0.0000   22.5000   -7.5000 2657.0007   12.7723
    7.5000   22.5000   -7.5000 2622.2529   12.9405
   -7.5000   30.0000   -7.5000 2505.8132   14.2155
    0.0000   30.0000   -7.5000 2519.7830   14.1003
    7.5000   30.0000   -7.5000 2483.8540   14.2723
   -7.5000   37.5000   -7.5000 2360.6389   15.8356
    0.0000   37.5000   -7.5000 2371.2217   15.7274
    7.5000   37.5000   -7.5000 2340.4534   15.9226
   -7.5000   45.0000   -7.5000 2207.2363   17.8821
    0.0000   45.0000   -7.5000 2213.3818   17.7795
    7.5000   45.0000   -7.5000 2190.4915   17.9826
   -7.5000  -45.0000    0.0000 2586.9194   12.6411
    0.0000  -45.0000    0.0000 2604.3804   12.4390
    7.5000  -45.0000    0.0000 2589.7251   12.6696
   -7.5000  -37.5000    0.0000 2711.3647   11.5308
    0.0000  -37.5000    0.0000 2729.1008   11.3650
    7.5000  -37.5000    0.0000 2709.7710   11.5782
   -7.5000  -30.0000    0.0000 2816.0742   10.7267
    0.0000  -30.0000    0.0000 2836.4800   10.5787
    7.5000  -30.0000    0.0000 2813.2451   10.7906
   -7.5000  -22.5000    0.0000 2910.1721   10.2498
    0.0000  -22.5000    0.0000 2939.5911   10.0914
    7.5000  -22.5000    0.0000 2904.8860   10.3032
   -7.5000  -15.0000    0.0000 2982.8027   10.0423
    0.0000  -15.0000    0.0000 3021.5256    9.8824
    7.5000  -15.0000    0.0000 2974.6448   10.0710
   -7.5000   -7.5000    0.0000 3014.2366   10.1056
    0.0000   -7.5000    0.0000 3057.8591    9.9338
    7.5000   -7.5000    0.0000 3001.3589   10.1378
   -7.5000    0.0000    0.0000 2975.8306   10.4455
    0.0000    0.0000    0.0000 3003.6863   10.3006
    7.5000    0.0000    0.0000 2951.1672   10.4947
   -7.5000    7.5000    0.0000 2889.8743   10.9423
    0.0000    7.5000    0.0000 2911.0330   10.8049
    7.5000    7.5000    0.0000 2870.0422   10.9825
   -7.5000   15.0000    0.0000 2782.5215   11.6431
    0.0000   15.0000    0.0000 2801.4211   11.5347
    7.5000   15.0000    0.0000 2765.3584   11.6816
   -7.5000   22.5000    0.0000 2660.2363   12.6698
    0.0000   22.5000    0.0000 2677.0603   12.5827
    7.5000   22.5000    0.0000 2640.2532   12.7121
   -7.5000   30.0000    0.0000 2518.4531   13.9650
    0.0000   30.0000    0.0000 2531.9890   13.8953
    7.5000   30.0000    0.0000 2498.9927   14.0359
   -7.5000   37.5000    0.0000 2369.7283   15.5505
    0.0000   37.5000    0.0000 2381.0366   15.4977
    7.5000   37.5000    0.0000 2352.0908   15.6522
   -7.5000   45.0000    0.0000 2216.2063   17.5281
    0.0000   45.0000    0.0000 2221.9922   17.4764
    7.5000   45.0000    0.0000 2199.1770   17.6754
   -7.5000  -45.0000    7.5000 2575.2620   12.7183
    0.0000  -45.0000    7.5000 2594.2402   12.4733
    7.5000  -45.0000    7.5000 2580.3247   12.7303
   -7.5000  -37.5000    7.5000 2695.7336   11.6080
    0.0000  -37.5000    7.5000 2716.1592   11.3897
    7.5000  -37.5000    7.5000 2695.4236   11.6249
   -7.5000  -30.0000    7.5000 2804.2454   10.7681
    0.0000  -30.0000    7.5000 2824.9595   10.5640
    7.5000  -30.0000    7.5000 2801.3921   10.8130
   -7.5000  -22.5000    7.5000 2905.2576   10.2381
    0.0000  -22.5000    7.5000 2930.8933   10.0481
    7.5000  -22.5000    7.5000 2898.6118   10.2878
   -7.5000  -15.0000    7.5000 2981.5203   10.0251
    0.0000  -15.0000    7.5000 3020.1580    9.8539
    7.5000  -15.0000    7.5000 2974.7246   10.0649
   -7.5000   -7.5000    7.5000 3010.3152   10.0888
    0.0000   -7.5000    7.5000 3054.3398    9.9454
    7.5000   -7.5000    7.5000 3002.3718   10.1428
   -7.5000    0.0000    7.5000 2969.6196   10.4126
    0.0000    0.0000    7.5000 3006.3188   10.3023
    7.5000    0.0000    7.5000 2955.8601   10.4752
   -7.5000    7.5000    7.5000 2881.9834   10.9065
    0.0000    7.5000    7.5000 2906.3994   10.7989
    7.5000    7.5000    7.5000 2871.4434   10.9457
   -7.5000   15.0000    7.5000 2777.1709   11.6378
    0.0000   15.0000    7.5000 2795.6289   11.5111
    7.5000   15.0000    7.5000 2765.9246   11.6611
   -7.5000   22.5000    7.5000 2654.6687   12.6305
    0.0000   22.5000    7.5000 2667.8765   12.5223
    7.5000   22.5000    7.5000 2639.6675   12.6677
   -7.5000   30.0000    7.5000 2514.4336   13.8980
    0.0000   30.0000    7.5000 2529.0508   13.8048
    7.5000   30.0000    7.5000 2501.9968   13.9720
   -7.5000   37.5000    7.5000 2363.9973   15.4712
    0.0000   37.5000    7.5000 2374.2754   15.4049
    7.5000   37.5000    7.5000 2350.2014   15.5770
   -7.5000   45.0000    7.5000 2208.1033   17.4221
    0.0000   45.0000    7.5000 2215.7896   17.3468
    7.5000   45.0000    7.5000 2193.5989   17.5653
   -7.5000  -45.0000   15.0000 2554.0674   12.9413
    0.0000  -45.0000   15.0000 2572.7295   12.6976
    7.5000  -45.0000   15.0000 2559.6052   12.9311
   -7.5000  -37.5000   15.0000 2672.9321   11.8519
    0.0000  -37.5000   15.0000 2687.2173   11.6127
    7.5000  -37.5000   15.0000 2668.7473   11.8327
   -7.5000  -30.0000   15.0000 2779.8794   11.0281
    0.0000  -30.0000   15.0000 2791.7351   10.8048
    7.5000  -30.0000   15.0000 2769.3586   11.0444
   -7.5000  -22.5000   15.0000 2874.4390   10.5080
    0.0000  -22.5000   15.0000 2892.0886   10.3155
    7.5000  -22.5000   15.0000 2866.0227   10.5453
   -7.5000  -15.0000   15.0000 2944.8826   10.2629
    0.0000  -15.0000   15.0000 2972.6428   10.0895
    7.5000  -15.0000   15.0000 2933.1609   10.3011
   -7.5000   -7.5000   15.0000 2967.1699   10.3065
    0.0000   -7.5000   15.0000 2997.7100   10.1452
    7.5000   -7.5000   15.0000 2955.5542   10.3413
   -7.5000    0.0000   15.0000 2925.6602   10.6244
    0.0000    0.0000   15.0000 2957.2432   10.4960
    7.5000    0.0000   15.0000 2917.1450   10.6545
   -7.5000    7.5000   15.0000 2845.9497   11.1330
    0.0000    7.5000   15.0000 2870.4326   11.0016
    7.5000    7.5000   15.0000 2838.6118   11.1421
   -7.5000   15.0000   15.0000 2746.6250   11.8485
    0.0000   15.0000   15.0000 2761.5144   11.7223
    7.5000   15.0000   15.0000 2734.3904   11.8637
   -7.5000   22.5000   15.0000 2624.5938   12.7889
    0.0000   22.5000   15.0000 2637.9062   12.6765
    7.5000   22.5000   15.0000 2615.1917   12.8349
   -7.5000   30.0000   15.0000 2493.3547   13.9925
    0.0000   30.0000   15.0000 2504.3113   13.8966
    7.5000   30.0000   15.0000 2481.6956   14.0643
   -7.5000   37.5000   15.0000 2344.0522   15.5341
    0.0000   37.5000   15.0000 2352.3311   15.4495
    7.5000   37.5000   15.0000 2328.9233   15.6312
   -7.5000   45.0000   15.0000 2185.6819   17.4740
    0.0000   45.0000   15.0000 2196.7271   17.4103
    7.5000   45.0000   15.0000 2174.9153   17.6331
   -7.5000  -45.0000   22.5000 2522.6416   13.3755
    0.0000  -45.0000   22.5000 2542.2703   13.1722
    7.5000  -45.0000   22.5000 2526.2041   13.3569
   -7.5000  -37.5000   22.5000 2635.9514   12.3144
    0.0000  -37.5000   22.5000 2653.2307   12.1143
    7.5000  -37.5000   22.5000 2630.7981   12.3078
   -7.5000  -30.0000   22.5000 2737.1333   11.5216
    0.0000  -30.0000   22.5000 2752.1106   11.3197
    7.5000  -30.0000   22.5000 2729.0454   11.5254
   -7.5000  -22.5000   22.5000 2821.6670   10.9926
    0.0000  -22.5000   22.5000 2835.9832   10.7878
    7.5000  -22.5000   22.5000 2809.5596   11.0142
   -7.5000  -15.0000   22.5000 2884.1145   10.7105
    0.0000  -15.0000   22.5000 2901.5244   10.5196
    7.5000  -15.0000   22.5000 2866.2568   10.7417
   -7.5000   -7.5000   22.5000 2897.4951   10.7416
    0.0000   -7.5000   22.5000 2917.3643   10.5721
    7.5000   -7.5000   22.5000 2885.4204   10.7490
   -7.5000    0.0000   22.5000 2856.2070   11.0604
    0.0000    0.0000   22.5000 2882.5359   10.9076
    7.5000    0.0000   22.5000 2847.3950   11.0648
   -7.5000    7.5000   22.5000 2783.1980   11.5723
    0.0000    7.5000   22.5000 2802.8398   11.4252
    7.5000    7.5000   22.5000 2774.6309   11.5609
   -7.5000   15.0000   22.5000 2689.4390   12.2586
    0.0000   15.0000   22.5000 2706.6108   12.1344
    7.5000   15.0000   22.5000 2684.7065   12.2836
   -7.5000   22.5000   22.5000 2576.4875   13.1697
    0.0000   22.5000   22.5000 2593.8245   13.0550
    7.5000   22.5000   22.5000 2571.1060   13.2101
   -7.5000   30.0000   22.5000 2449.8066   14.3288
    0.0000   30.0000   22.5000 2465.4458   14.2212
    7.5000   30.0000   22.5000 2443.5315   14.3696
   -7.5000   37.5000   22.5000 2306.9441   15.8286
    0.0000   37.5000   22.5000 2316.8628   15.7205
    7.5000   37.5000   22.5000 2301.5393   15.9031
   -7.5000   45.0000   22.5000 2152.5923   17.7779
    0.0000   45.0000   22.5000 2164.6406   17.6945
    7.5000   45.0000   22.5000 2148.9766   17.9045
   -7.5000  -45.0000   30.0000 2471.6255   14.0604
    0.0000  -45.0000   30.0000 2493.0315   13.9001
    7.5000  -45.0000   30.0000 2474.5457   14.0550
   -7.5000  -37.5000   30.0000 2583.4382   12.9810
    0.0000  -37.5000   30.0000 2605.9824   12.8084
    7.5000  -37.5000   30.0000 2582.2803   12.9862
   -7.5000  -30.0000   30.0000 2677.4331   12.1668
    0.0000  -30.0000   30.0000 2699.6912   12.0107
    7.5000  -30.0000   30.0000 2673.2393   12.1723
   -7.5000  -22.5000   30.0000 2753.6069   11.6216
    0.0000  -22.5000   30.0000 2769.9517   11.4554
    7.5000  -22.5000   30.0000 2745.1548   11.6550
   -7.5000  -15.0000   30.0000 2800.3857   11.3401
    0.0000  -15.0000   30.0000 2812.9243   11.1882
    7.5000  -15.0000   30.0000 2786.4587   11.3603
   -7.5000   -7.5000   30.0000 2806.3879   11.3431
    0.0000   -7.5000   30.0000 2818.4607   11.1911
    7.5000   -7.5000   30.0000 2795.6851   11.3386
   -7.5000    0.0000   30.0000 2771.1497   11.6711
    0.0000    0.0000   30.0000 2785.4165   11.5174
    7.5000    0.0000   30.0000 2759.1384   11.6504
   -7.5000    7.5000   30.0000 2703.5718   12.1841
    0.0000    7.5000   30.0000 2719.4053   12.0363
    7.5000    7.5000   30.0000 2694.3821   12.1615
   -7.5000   15.0000   30.0000 2614.7454   12.8596
    0.0000   15.0000   30.0000 2629.0032   12.7386
    7.5000   15.0000   30.0000 2609.9336   12.8971
   -7.5000   22.5000   30.0000 2513.7351   13.7456
    0.0000   22.5000   30.0000 2526.3618   13.6444
    7.5000   22.5000   30.0000 2503.3364   13.8053
   -7.5000   30.0000   30.0000 2392.1292   14.9211
    0.0000   30.0000   30.0000 2405.7605   14.8157
    7.5000   30.0000   30.0000 2383.9780   14.9623
   -7.5000   37.5000   30.0000 2255.3779   16.4036
    0.0000   37.5000   30.0000 2266.0564   16.3036
    7.5000   37.5000   30.0000 2249.8403   16.4697
   -7.5000   45.0000   30.0000 2106.5874   18.3208
    0.0000   45.0000   30.0000 2120.9819   18.2235
    7.5000   45.0000   30.0000 2103.2991   18.4200
   -7.5000  -45.0000   37.5000 2412.7695   14.9401
    0.0000  -45.0000   37.5000 2435.9946   14.8224
    7.5000  -45.0000   37.5000 2415.6016   14.9562
   -7.5000  -37.5000   37.5000 2519.1277   13.8217
    0.0000  -37.5000   37.5000 2539.9685   13.7073
    7.5000  -37.5000   37.5000 2518.5039   13.8427
   -7.5000  -30.0000   37.5000 2609.0481   12.9869
    0.0000  -30.0000   37.5000 2626.3835   12.8665
    7.5000  -30.0000   37.5000 2604.0298   13.0098
   -7.5000  -22.5000   37.5000 2674.4766   12.4282
    0.0000  -22.5000   37.5000 2687.0239   12.2946
    7.5000  -22.5000   37.5000 2664.3665   12.4786
   -7.5000  -15.0000   37.5000 2708.8518   12.1295
    0.0000  -15.0000   37.5000 2720.3599   12.0147
    7.5000  -15.0000   37.5000 2698.3640   12.1619
   -7.5000   -7.5000   37.5000 2707.5977   12.1367
    0.0000   -7.5000   37.5000 2720.5920   12.0093
    7.5000   -7.5000   37.5000 2699.8330   12.1448
   -7.5000    0.0000   37.5000 2673.9617   12.4502
    0.0000    0.0000   37.5000 2682.6736   12.3227
    7.5000    0.0000   37.5000 2663.0208   12.4201
   -7.5000    7.5000   37.5000 2617.1890   12.9209
    0.0000    7.5000   37.5000 2628.7412   12.8138
    7.5000    7.5000   37.5000 2608.0630   12.9127
   -7.5000   15.0000   37.5000 2536.9407   13.6209
    0.0000   15.0000   37.5000 2548.4863   13.5241
    7.5000   15.0000   37.5000 2528.9331   13.6547
   -7.5000   22.5000   37.5000 2438.3782   14.4929
    0.0000   22.5000   37.5000 2450.8408   14.4162
    7.5000   22.5000   37.5000 2431.8667   14.5561
   -7.5000   30.0000   37.5000 2323.1672   15.6728
    0.0000   30.0000   37.5000 2336.2993   15.5984
    7.5000   30.0000   37.5000 2319.8237   15.7274
   -7.5000   37.5000   37.5000 2194.2563   17.1751
    0.0000   37.5000   37.5000 2203.9202   17.0893
    7.5000   37.5000   37.5000 2188.2073   17.2309
   -7.5000   45.0000   37.5000 2052.5188   19.1384
    0.0000   45.0000   37.5000 2061.0950   19.0173
    7.5000   45.0000   37.5000 2047.4305   19.1866
   -7.5000  -45.0000   45.0000 2348.2427   16.0313
    0.0000  -45.0000   45.0000 2365.5068   15.9751
    7.5000  -45.0000   45.0000 2344.2646   16.0928
   -7.5000  -37.5000   45.0000 2447.4355   14.8347
    0.0000  -37.5000   45.0000 2461.3049   14.7889
    7.5000  -37.5000   45.0000 2440.3069   14.9153
   -7.5000  -30.0000   45.0000 2529.2844   13.9838
    0.0000  -30.0000   45.0000 2537.8538   13.8998
    7.5000  -30.0000   45.0000 2519.5669   14.0480
   -7.5000  -22.5000   45.0000 2586.8948   13.4062
    0.0000  -22.5000   45.0000 2593.7751   13.3069
    7.5000  -22.5000   45.0000 2571.5205   13.4710
   -7.5000  -15.0000   45.0000 2611.5754   13.0946
    0.0000  -15.0000   45.0000 2621.5938   12.9958
    7.5000  -15.0000   45.0000 2600.7480   13.1363
   -7.5000   -7.5000   45.0000 2610.2302   13.0981
    0.0000   -7.5000   45.0000 2622.0117   13.0041
    7.5000   -7.5000   45.0000 2599.3301   13.1238
   -7.5000    0.0000   45.0000 2571.2061   13.3726
    0.0000    0.0000   45.0000 2581.4324   13.2723
    7.5000    0.0000   45.0000 2565.4753   13.3737
   -7.5000    7.5000   45.0000 2521.9358   13.8297
    0.0000    7.5000   45.0000 2535.8574   13.7500
    7.5000    7.5000   45.0000 2517.8066   13.8512
   -7.5000   15.0000   45.0000 2452.2595   14.5068
    0.0000   15.0000   45.0000 2465.7651   14.4351
    7.5000   15.0000   45.0000 2448.5378   14.5554
   -7.5000   22.5000   45.0000 2361.0923   15.4155
    0.0000   22.5000   45.0000 2371.6294   15.3433
    7.5000   22.5000   45.0000 2353.4922   15.4678
   -7.5000   30.0000   45.0000 2252.4851   16.6150
    0.0000   30.0000   45.0000 2260.6370   16.5444
    7.5000   30.0000   45.0000 2243.7312   16.6560
   -7.5000   37.5000   45.0000 2126.5835   18.2017
    0.0000   37.5000   45.0000 2136.5352   18.1081
    7.5000   37.5000   45.0000 2122.2664   18.2049
   -7.5000   45.0000   45.0000 1992.0068   20.1966
    0.0000   45.0000   45.0000 1998.4363   20.0768
    7.5000   45.0000   45.0000 1986.8236   20.2547

---------------------------------------------------------------------
imgreg_4dfp /opt/freesurfer/average/711-2C_as_mni_average_305 /opt/freesurfer/average/711-2B_as_mni_average_305_mask talsrcimg_g11 none talsrcimg_to_711-2C_as_mni_average_305_t4 1283
---------------------------------------------------------------------

freesurfer imgreg_4dfp.c
/opt/freesurfer/average/711-2C_as_mni_average_305.4dfp.img
       256       256       256         1
  1.000000  1.000000  1.000000
orientation T byte_order littleendian
Reading image: /opt/freesurfer/average/711-2C_as_mni_average_305.4dfp.img
dimensions:      256       256       256
mmppix:       1.0000   -1.0000   -1.0000
center:     128.0000 -129.0000 -129.0000
/opt/freesurfer/average/711-2B_as_mni_average_305_mask.4dfp.img
       256       256       256         1
  1.000000  1.000000  1.000000
orientation T byte_order littleendian
Reading mask: /opt/freesurfer/average/711-2B_as_mni_average_305_mask.4dfp.img (2306576 pixels)
talsrcimg_g11.4dfp.img
       256       256       256         1
  1.000000  1.000000  1.000000
orientation T byte_order littleendian
Reading image: talsrcimg_g11.4dfp.img
dimensions:      256       256       256
mmppix:       1.0000   -1.0000   -1.0000
center:     128.0000 -129.0000 -129.0000
rotation matrix determinant  1.000000
fimgreg.f
image alignment mode   1283 decimal      503 hex
parameters
    0.0000   -7.5000    0.0000    0.0000    0.0000    0.0000
eta,q 0.95953  9.90672
niter,ni,del,rscale     5    3   12.0000    1.2000
parameter  3 -1.043565 -> -0.500000 qaram    1.1500
parameter  4  0.559793 ->  0.500000 qaram    1.1500
parameter  6 -0.748179 -> -0.500000 qaram    1.1500
parameters
   -0.8378   -8.6847    3.4500   -3.4500    2.1422    3.4500
eta,q 0.96511  9.75632
  0.0534  0.0470  0.0558  0.0389  0.0480  0.0460
  0.0477  0.0443  0.0508  0.0379  0.0441  0.0435
  0.0439  0.0434  0.0467  0.0383  0.0406  0.0404
  0.0433  0.0430  0.0432  0.0392  0.0380  0.0371
  0.0468  0.0441  0.0409  0.0404  0.0371  0.0351
  0.0534  0.0478  0.0390  0.0421  0.0379  0.0350
  0.0598  0.0533  0.0390  0.0446  0.0401  0.0359
niter,ni,del,rscale     7    3   12.0000    1.2000
parameters
   -1.0681   -6.9362    3.3352   -4.3169    2.6970    4.0298
eta,q 0.96667  9.77056
  0.0494  0.0527  0.0442  0.0396  0.0412  0.0409
  0.0421  0.0451  0.0385  0.0344  0.0375  0.0373
  0.0363  0.0383  0.0350  0.0330  0.0348  0.0341
  0.0349  0.0348  0.0337  0.0337  0.0333  0.0332
  0.0380  0.0337  0.0350  0.0358  0.0335  0.0342
  0.0440  0.0357  0.0391  0.0383  0.0354  0.0359
  0.0512  0.0397  0.0449  0.0414  0.0392  0.0385
niter,ni,del,rscale     6    3   12.0000    1.2000
parameters
   -1.3196   -6.4642    3.1028   -4.8421    3.0096    4.0779
eta,q 0.96696  9.77599
  0.0486  0.0480  0.0434  0.0403  0.0404  0.0395
  0.0407  0.0402  0.0376  0.0347  0.0370  0.0360
  0.0349  0.0350  0.0343  0.0326  0.0345  0.0334
  0.0333  0.0333  0.0333  0.0333  0.0331  0.0330
  0.0363  0.0345  0.0349  0.0352  0.0333  0.0341
  0.0430  0.0381  0.0388  0.0378  0.0354  0.0361
  0.0507  0.0435  0.0446  0.0408  0.0396  0.0390
niter,ni,del,rscale     5    3   12.0000    1.2000
parameters
   -1.4472   -6.2238    2.9623   -5.0735    3.1485    4.0704
eta,q 0.96703  9.77889
  0.0492  0.0475  0.0434  0.0410  0.0400  0.0392
  0.0412  0.0395  0.0376  0.0352  0.0367  0.0358
  0.0351  0.0341  0.0341  0.0325  0.0343  0.0334
  0.0330  0.0330  0.0331  0.0331  0.0330  0.0330
  0.0358  0.0348  0.0346  0.0347  0.0334  0.0340
  0.0425  0.0387  0.0383  0.0374  0.0357  0.0359
  0.0502  0.0445  0.0441  0.0404  0.0400  0.0390
niter,ni,del,rscale     4    3   12.0000    1.2000
parameters
   -1.5001   -6.1147    2.8984   -5.1781    3.2068    4.0683
eta,q 0.96704  9.78044
  0.0496  0.0471  0.0436  0.0413  0.0399  0.0392
  0.0415  0.0389  0.0377  0.0355  0.0366  0.0358
  0.0353  0.0336  0.0341  0.0325  0.0342  0.0334
  0.0330  0.0330  0.0330  0.0330  0.0330  0.0330
  0.0355  0.0349  0.0345  0.0345  0.0335  0.0339
  0.0422  0.0391  0.0381  0.0372  0.0359  0.0359
  0.0499  0.0450  0.0439  0.0403  0.0401  0.0389
niter,ni,del,rscale     3    3   12.0000    1.2000
parameters
   -1.5220   -6.0662    2.8712   -5.2272    3.2306    4.0687
eta,q 0.96704  9.78116
  0.0497  0.0469  0.0437  0.0415  0.0398  0.0391
  0.0417  0.0386  0.0378  0.0356  0.0365  0.0358
  0.0354  0.0335  0.0341  0.0325  0.0342  0.0334
  0.0330  0.0330  0.0330  0.0330  0.0330  0.0330
  0.0354  0.0350  0.0344  0.0344  0.0335  0.0339
  0.0421  0.0393  0.0380  0.0371  0.0360  0.0358
  0.0498  0.0452  0.0438  0.0402  0.0402  0.0389
registration optimization eta report
parameter search radius
    6.0000    6.0000    6.9000    6.9000    6.0000    6.9000
100000*second partial in parameter space
       46.       37.       23.       17.       19.       13.
  0.0497  0.0469  0.0437  0.0415  0.0398  0.0391
  0.0417  0.0386  0.0378  0.0356  0.0365  0.0358
  0.0354  0.0335  0.0341  0.0325  0.0342  0.0334
  0.0330  0.0330  0.0330  0.0330  0.0330  0.0330
  0.0354  0.0350  0.0344  0.0344  0.0335  0.0339
  0.0421  0.0393  0.0380  0.0371  0.0360  0.0358
  0.0498  0.0452  0.0438  0.0402  0.0402  0.0389
   -1.5220   -6.0662    2.8712   -5.2272    3.2306    4.0687
eta,q 0.96704  9.78116

---------------------------------------------------------------------
imgreg_4dfp /opt/freesurfer/average/711-2C_as_mni_average_305 /opt/freesurfer/average/711-2B_as_mni_average_305_mask talsrcimg_g11 none talsrcimg_to_711-2C_as_mni_average_305_t4 3335
---------------------------------------------------------------------

freesurfer imgreg_4dfp.c
/opt/freesurfer/average/711-2C_as_mni_average_305.4dfp.img
       256       256       256         1
  1.000000  1.000000  1.000000
orientation T byte_order littleendian
Reading image: /opt/freesurfer/average/711-2C_as_mni_average_305.4dfp.img
dimensions:      256       256       256
mmppix:       1.0000   -1.0000   -1.0000
center:     128.0000 -129.0000 -129.0000
/opt/freesurfer/average/711-2B_as_mni_average_305_mask.4dfp.img
       256       256       256         1
  1.000000  1.000000  1.000000
orientation T byte_order littleendian
Reading mask: /opt/freesurfer/average/711-2B_as_mni_average_305_mask.4dfp.img (2306576 pixels)
talsrcimg_g11.4dfp.img
       256       256       256         1
  1.000000  1.000000  1.000000
orientation T byte_order littleendian
Reading image: talsrcimg_g11.4dfp.img
dimensions:      256       256       256
mmppix:       1.0000   -1.0000   -1.0000
center:     128.0000 -129.0000 -129.0000
fimgreg.f
image alignment mode   3335 decimal      D07 hex
parameters
   -1.5220   -6.0662    2.8712   -0.4106   -0.6304   -0.5741
   -6.5537   -6.2443    7.0840    8.6894    5.6354   -9.0961
eta,q 0.96828  9.88254
niter,ni,del,rscale     5    3    5.0000    1.2000
parameter  4  1.226719 ->  0.500000 qaram    1.1500
parameter  5  1.443982 ->  0.500000 qaram    1.1500
parameter  6  0.593539 ->  0.500000 qaram    1.1500
parameters
   -1.6940   -5.5816    2.5759   -4.5506   -4.7704   -4.7141
   -5.2393   -4.7998    6.3913    6.7222    5.2352  -10.8858
eta,q 0.97676  9.36856
  0.0340  0.0343  0.0329  0.0271  0.0241  0.0243  0.0264  0.0292  0.0250  0.0248  0.0243  0.0237
  0.0327  0.0332  0.0321  0.0278  0.0248  0.0238  0.0252  0.0266  0.0242  0.0238  0.0237  0.0234
  0.0319  0.0323  0.0316  0.0292  0.0260  0.0239  0.0243  0.0248  0.0236  0.0233  0.0234  0.0232
  0.0317  0.0317  0.0316  0.0315  0.0281  0.0250  0.0238  0.0237  0.0235  0.0235  0.0233  0.0233
  0.0322  0.0316  0.0319  0.0347  0.0309  0.0275  0.0237  0.0236  0.0239  0.0244  0.0235  0.0235
  0.0332  0.0320  0.0326  0.0382  0.0337  0.0309  0.0242  0.0244  0.0246  0.0259  0.0239  0.0240
  0.0348  0.0330  0.0337  0.0422  0.0368  0.0352  0.0251  0.0261  0.0258  0.0279  0.0245  0.0246
niter,ni,del,rscale     7    3    5.0000    1.2000
parameters
   -1.4927   -5.3752    1.7836   -7.6100   -7.9810   -6.1499
   -4.8982   -4.5370    6.7605    7.9173    5.5453  -11.7742
eta,q 0.97787  9.07898
  0.0265  0.0260  0.0237  0.0239  0.0236  0.0241  0.0243  0.0258  0.0242  0.0260  0.0230  0.0228
  0.0248  0.0245  0.0232  0.0231  0.0225  0.0231  0.0233  0.0239  0.0232  0.0242  0.0226  0.0224
  0.0237  0.0236  0.0230  0.0227  0.0221  0.0224  0.0225  0.0226  0.0225  0.0228  0.0223  0.0222
  0.0232  0.0232  0.0232  0.0230  0.0228  0.0221  0.0222  0.0222  0.0222  0.0222  0.0222  0.0222
  0.0234  0.0233  0.0236  0.0243  0.0241  0.0222  0.0224  0.0225  0.0223  0.0223  0.0222  0.0223
  0.0242  0.0240  0.0244  0.0268  0.0265  0.0240  0.0230  0.0235  0.0229  0.0230  0.0224  0.0227
  0.0256  0.0252  0.0254  0.0301  0.0297  0.0277  0.0240  0.0253  0.0239  0.0241  0.0229  0.0232
niter,ni,del,rscale     6    3    5.0000    1.2000
parameters
   -1.2948   -5.0219    1.5568   -7.6665   -8.5306   -6.3342
   -5.0579   -4.4458    6.8677    8.7265    5.4495  -12.2625
eta,q 0.97794  9.05786
  0.0251  0.0251  0.0230  0.0246  0.0250  0.0246  0.0239  0.0255  0.0238  0.0254  0.0228  0.0228
  0.0236  0.0237  0.0225  0.0235  0.0236  0.0234  0.0230  0.0237  0.0229  0.0238  0.0224  0.0224
  0.0226  0.0226  0.0221  0.0226  0.0224  0.0225  0.0223  0.0225  0.0223  0.0226  0.0222  0.0221
  0.0221  0.0221  0.0221  0.0221  0.0221  0.0221  0.0221  0.0221  0.0221  0.0221  0.0221  0.0221
  0.0223  0.0222  0.0223  0.0221  0.0226  0.0219  0.0223  0.0224  0.0222  0.0222  0.0222  0.0222
  0.0230  0.0227  0.0227  0.0230  0.0238  0.0228  0.0231  0.0235  0.0228  0.0230  0.0224  0.0225
  0.0243  0.0238  0.0235  0.0251  0.0261  0.0257  0.0241  0.0254  0.0237  0.0242  0.0229  0.0231
niter,ni,del,rscale     5    3    5.0000    1.2000
parameters
   -1.2718   -4.8126    1.3824   -7.5593   -8.8257   -6.4932
   -5.0754   -4.4531    6.9875    9.2463    5.4183  -12.5120
eta,q 0.97795  9.05029
  0.0247  0.0247  0.0230  0.0246  0.0250  0.0246  0.0240  0.0254  0.0237  0.0251  0.0228  0.0229
  0.0233  0.0233  0.0225  0.0235  0.0236  0.0234  0.0230  0.0236  0.0228  0.0235  0.0224  0.0224
  0.0224  0.0224  0.0221  0.0226  0.0225  0.0225  0.0223  0.0224  0.0223  0.0225  0.0221  0.0221
  0.0221  0.0221  0.0220  0.0220  0.0220  0.0220  0.0221  0.0221  0.0221  0.0221  0.0221  0.0221
  0.0223  0.0222  0.0222  0.0221  0.0225  0.0219  0.0223  0.0224  0.0222  0.0223  0.0221  0.0222
  0.0232  0.0228  0.0227  0.0229  0.0236  0.0228  0.0230  0.0235  0.0227  0.0230  0.0224  0.0225
  0.0246  0.0239  0.0234  0.0250  0.0257  0.0256  0.0240  0.0254  0.0236  0.0243  0.0229  0.0230
niter,ni,del,rscale     4    3    5.0000    1.2000
parameters
   -1.2781   -4.6601    1.2357   -7.5082   -9.0442   -6.6762
   -5.0835   -4.4859    7.0512    9.6457    5.4468  -12.6641
eta,q 0.97795  9.04078
  0.0246  0.0245  0.0231  0.0246  0.0250  0.0246  0.0240  0.0253  0.0236  0.0249  0.0228  0.0229
  0.0232  0.0232  0.0225  0.0235  0.0236  0.0234  0.0230  0.0236  0.0228  0.0234  0.0224  0.0224
  0.0224  0.0224  0.0221  0.0226  0.0225  0.0225  0.0223  0.0224  0.0223  0.0224  0.0221  0.0221
  0.0220  0.0220  0.0220  0.0220  0.0220  0.0220  0.0221  0.0221  0.0221  0.0221  0.0221  0.0221
  0.0223  0.0222  0.0222  0.0221  0.0224  0.0219  0.0223  0.0224  0.0222  0.0223  0.0221  0.0222
  0.0232  0.0228  0.0227  0.0229  0.0236  0.0228  0.0230  0.0236  0.0227  0.0230  0.0224  0.0225
  0.0247  0.0239  0.0233  0.0250  0.0256  0.0256  0.0240  0.0255  0.0236  0.0243  0.0228  0.0230
niter,ni,del,rscale     3    3    5.0000    1.2000
parameters
   -1.2870   -4.5330    1.1084   -7.4701   -9.2271   -6.8536
   -5.0771   -4.5244    7.0690    9.9920    5.4917  -12.7979
eta,q 0.97795  9.03136
  0.0246  0.0244  0.0231  0.0246  0.0250  0.0246  0.0240  0.0253  0.0236  0.0248  0.0228  0.0229
  0.0232  0.0232  0.0225  0.0235  0.0236  0.0234  0.0230  0.0236  0.0228  0.0234  0.0224  0.0224
  0.0224  0.0224  0.0221  0.0226  0.0225  0.0225  0.0223  0.0224  0.0223  0.0225  0.0221  0.0221
  0.0221  0.0221  0.0220  0.0220  0.0220  0.0220  0.0221  0.0221  0.0221  0.0221  0.0221  0.0221
  0.0224  0.0222  0.0222  0.0221  0.0224  0.0219  0.0223  0.0224  0.0222  0.0223  0.0221  0.0222
  0.0232  0.0229  0.0226  0.0230  0.0235  0.0228  0.0230  0.0236  0.0228  0.0231  0.0224  0.0225
  0.0247  0.0240  0.0233  0.0250  0.0255  0.0256  0.0240  0.0255  0.0236  0.0244  0.0228  0.0230
niter,ni,del,rscale     2    3    5.0000    1.2000
parameters
   -1.2993   -4.4173    0.9949   -7.4399   -9.3941   -7.0227
   -5.0486   -4.5654    7.0779   10.3180    5.5298  -12.8913
eta,q 0.97795  9.02215
  0.0246  0.0244  0.0231  0.0246  0.0250  0.0246  0.0240  0.0253  0.0236  0.0247  0.0228  0.0229
  0.0232  0.0232  0.0225  0.0235  0.0236  0.0234  0.0230  0.0236  0.0228  0.0234  0.0224  0.0224
  0.0224  0.0224  0.0221  0.0226  0.0225  0.0225  0.0223  0.0224  0.0223  0.0225  0.0221  0.0221
  0.0221  0.0221  0.0220  0.0220  0.0220  0.0220  0.0221  0.0221  0.0221  0.0221  0.0221  0.0221
  0.0223  0.0222  0.0222  0.0221  0.0224  0.0220  0.0223  0.0224  0.0222  0.0223  0.0221  0.0222
  0.0232  0.0228  0.0226  0.0230  0.0235  0.0228  0.0229  0.0235  0.0228  0.0231  0.0224  0.0225
  0.0247  0.0240  0.0233  0.0250  0.0255  0.0255  0.0240  0.0255  0.0236  0.0243  0.0228  0.0230
niter,ni,del,rscale     1    3    5.0000    1.2000
parameters
   -1.3127   -4.3043    0.8792   -7.4189   -9.5591   -7.2102
   -5.0317   -4.6068    7.0761   10.6444    5.6039  -12.9728
eta,q 0.97795  9.01178
  0.0246  0.0243  0.0231  0.0246  0.0250  0.0246  0.0240  0.0253  0.0236  0.0247  0.0228  0.0229
  0.0232  0.0231  0.0225  0.0235  0.0236  0.0233  0.0230  0.0236  0.0228  0.0234  0.0224  0.0224
  0.0223  0.0224  0.0221  0.0226  0.0225  0.0225  0.0223  0.0224  0.0223  0.0225  0.0222  0.0221
  0.0221  0.0220  0.0220  0.0220  0.0220  0.0220  0.0221  0.0221  0.0221  0.0221  0.0221  0.0221
  0.0223  0.0222  0.0222  0.0221  0.0224  0.0220  0.0223  0.0224  0.0222  0.0223  0.0221  0.0222
  0.0232  0.0229  0.0226  0.0230  0.0235  0.0228  0.0230  0.0235  0.0228  0.0231  0.0224  0.0225
  0.0246  0.0240  0.0233  0.0250  0.0255  0.0255  0.0240  0.0254  0.0236  0.0243  0.0228  0.0230
registration optimization eta report
parameter search radius
    2.4000    2.4000    2.4000    8.2800    8.2800    8.2800
    7.2000    7.2000    7.2000    7.2000    7.2000    7.2000
100000*second partial in parameter space
       44.       37.       20.        4.        5.        4.
        4.        6.        3.        5.        2.        2.
  0.0246  0.0243  0.0231  0.0246  0.0250  0.0246  0.0240  0.0253  0.0236  0.0247  0.0228  0.0229
  0.0232  0.0231  0.0225  0.0235  0.0236  0.0233  0.0230  0.0236  0.0228  0.0234  0.0224  0.0224
  0.0223  0.0224  0.0221  0.0226  0.0225  0.0225  0.0223  0.0224  0.0223  0.0225  0.0222  0.0221
  0.0221  0.0220  0.0220  0.0220  0.0220  0.0220  0.0221  0.0221  0.0221  0.0221  0.0221  0.0221
  0.0223  0.0222  0.0222  0.0221  0.0224  0.0220  0.0223  0.0224  0.0222  0.0223  0.0221  0.0222
  0.0232  0.0229  0.0226  0.0230  0.0235  0.0228  0.0230  0.0235  0.0228  0.0231  0.0224  0.0225
  0.0246  0.0240  0.0233  0.0250  0.0255  0.0255  0.0240  0.0254  0.0236  0.0243  0.0228  0.0230
   -1.3127   -4.3043    0.8792   -7.4189   -9.5591   -7.2102
   -5.0317   -4.6068    7.0761   10.6444    5.6039  -12.9728
eta,q 0.97795  9.01178

---------------------------------------------------------------------
imgreg_4dfp /opt/freesurfer/average/711-2C_as_mni_average_305 /opt/freesurfer/average/711-2B_as_mni_average_305_mask talsrcimg_g11 none talsrcimg_to_711-2C_as_mni_average_305_t4 2311
---------------------------------------------------------------------

freesurfer imgreg_4dfp.c
/opt/freesurfer/average/711-2C_as_mni_average_305.4dfp.img
       256       256       256         1
  1.000000  1.000000  1.000000
orientation T byte_order littleendian
Reading image: /opt/freesurfer/average/711-2C_as_mni_average_305.4dfp.img
dimensions:      256       256       256
mmppix:       1.0000   -1.0000   -1.0000
center:     128.0000 -129.0000 -129.0000
/opt/freesurfer/average/711-2B_as_mni_average_305_mask.4dfp.img
       256       256       256         1
  1.000000  1.000000  1.000000
orientation T byte_order littleendian
Reading mask: /opt/freesurfer/average/711-2B_as_mni_average_305_mask.4dfp.img (2306576 pixels)
talsrcimg_g11.4dfp.img
       256       256       256         1
  1.000000  1.000000  1.000000
orientation T byte_order littleendian
Reading image: talsrcimg_g11.4dfp.img
dimensions:      256       256       256
mmppix:       1.0000   -1.0000   -1.0000
center:     128.0000 -129.0000 -129.0000
fimgreg.f
image alignment mode   2311 decimal      907 hex
parameters
   -1.3127   -4.3043    0.8792   -7.4189   -9.5591   -7.2102
   -5.0317   -4.6068    7.0761   10.6444    5.6039  -12.9728
eta,q 0.97795  9.01178
niter,ni,del,rscale     5    3    5.0000    0.8000
parameters
   -1.3165   -4.1766    0.7406   -6.4903   -9.4789   -6.2621
   -4.9007   -4.6066    7.1381   10.9950    5.4660  -13.4236
eta,q 0.97809  9.09903
  0.0232  0.0232  0.0225  0.0232  0.0232  0.0230  0.0229  0.0236  0.0227  0.0233  0.0223  0.0223
  0.0226  0.0226  0.0222  0.0227  0.0226  0.0225  0.0224  0.0227  0.0223  0.0226  0.0221  0.0221
  0.0222  0.0222  0.0221  0.0223  0.0222  0.0222  0.0221  0.0221  0.0220  0.0221  0.0220  0.0219
  0.0221  0.0220  0.0220  0.0220  0.0220  0.0220  0.0219  0.0219  0.0219  0.0219  0.0219  0.0219
  0.0222  0.0221  0.0221  0.0220  0.0221  0.0219  0.0220  0.0221  0.0220  0.0220  0.0220  0.0220
  0.0226  0.0224  0.0223  0.0222  0.0225  0.0220  0.0223  0.0227  0.0222  0.0224  0.0221  0.0222
  0.0232  0.0229  0.0227  0.0226  0.0232  0.0225  0.0228  0.0236  0.0227  0.0230  0.0224  0.0224
niter,ni,del,rscale     4    3    5.0000    0.7000
parameters
   -1.3460   -4.1257    0.8490   -6.5001   -9.5483   -6.0498
   -4.8518   -4.6558    7.2131   11.1464    5.3479  -13.4932
eta,q 0.97810  9.10708
  0.0228  0.0227  0.0224  0.0227  0.0228  0.0226  0.0226  0.0232  0.0225  0.0229  0.0222  0.0222
  0.0223  0.0223  0.0221  0.0223  0.0224  0.0223  0.0223  0.0225  0.0222  0.0224  0.0220  0.0220
  0.0220  0.0220  0.0220  0.0220  0.0220  0.0220  0.0220  0.0220  0.0220  0.0220  0.0219  0.0219
  0.0219  0.0219  0.0219  0.0219  0.0219  0.0219  0.0219  0.0219  0.0219  0.0219  0.0219  0.0219
  0.0220  0.0220  0.0219  0.0220  0.0220  0.0219  0.0220  0.0221  0.0220  0.0220  0.0219  0.0219
  0.0224  0.0222  0.0221  0.0222  0.0224  0.0220  0.0222  0.0225  0.0221  0.0223  0.0221  0.0221
  0.0229  0.0226  0.0223  0.0227  0.0229  0.0226  0.0226  0.0233  0.0225  0.0228  0.0222  0.0222
niter,ni,del,rscale     3    3    5.0000    0.6000
parameters
   -1.3583   -4.1111    0.8793   -6.4397   -9.5919   -5.8436
   -4.8155   -4.6853    7.2592   11.1926    5.3063  -13.5593
eta,q 0.97811  9.11769
  0.0226  0.0225  0.0222  0.0225  0.0226  0.0224  0.0224  0.0229  0.0223  0.0226  0.0221  0.0221
  0.0222  0.0222  0.0221  0.0222  0.0222  0.0222  0.0221  0.0223  0.0221  0.0222  0.0220  0.0220
  0.0220  0.0220  0.0219  0.0220  0.0220  0.0220  0.0220  0.0220  0.0219  0.0220  0.0219  0.0219
  0.0219  0.0219  0.0219  0.0219  0.0219  0.0219  0.0219  0.0219  0.0219  0.0219  0.0219  0.0219
  0.0220  0.0220  0.0219  0.0220  0.0220  0.0219  0.0219  0.0220  0.0219  0.0220  0.0219  0.0219
  0.0222  0.0221  0.0220  0.0221  0.0222  0.0220  0.0221  0.0224  0.0221  0.0222  0.0220  0.0220
  0.0226  0.0224  0.0222  0.0225  0.0227  0.0224  0.0224  0.0229  0.0223  0.0226  0.0221  0.0221
niter,ni,del,rscale     2    3    5.0000    0.5000
parameters
   -1.3681   -4.1154    0.9133   -6.4166   -9.5911   -5.6206
   -4.7858   -4.7110    7.2901   11.1763    5.2370  -13.6489
eta,q 0.97812  9.12875
  0.0224  0.0223  0.0221  0.0223  0.0224  0.0223  0.0223  0.0226  0.0222  0.0224  0.0221  0.0220
  0.0221  0.0221  0.0220  0.0221  0.0221  0.0221  0.0221  0.0222  0.0220  0.0221  0.0220  0.0220
  0.0219  0.0219  0.0219  0.0219  0.0220  0.0220  0.0219  0.0220  0.0219  0.0219  0.0219  0.0219
  0.0219  0.0219  0.0219  0.0219  0.0219  0.0219  0.0219  0.0219  0.0219  0.0219  0.0219  0.0219
  0.0219  0.0219  0.0219  0.0219  0.0219  0.0219  0.0219  0.0220  0.0219  0.0219  0.0219  0.0219
  0.0221  0.0221  0.0220  0.0221  0.0221  0.0220  0.0220  0.0222  0.0220  0.0221  0.0220  0.0220
  0.0224  0.0223  0.0221  0.0223  0.0224  0.0222  0.0223  0.0226  0.0222  0.0224  0.0221  0.0221
niter,ni,del,rscale     1    3    5.0000    0.4000
parameters
   -1.3726   -4.1344    0.9625   -6.4054   -9.5574   -5.3486
   -4.7736   -4.7383    7.3381   11.1193    5.1621  -13.7400
eta,q 0.97813  9.14237
  0.0222  0.0221  0.0220  0.0221  0.0222  0.0221  0.0221  0.0223  0.0221  0.0222  0.0220  0.0220
  0.0220  0.0220  0.0220  0.0220  0.0220  0.0220  0.0220  0.0221  0.0220  0.0220  0.0219  0.0219
  0.0219  0.0219  0.0219  0.0219  0.0219  0.0219  0.0219  0.0219  0.0219  0.0219  0.0219  0.0219
  0.0219  0.0219  0.0219  0.0219  0.0219  0.0219  0.0219  0.0219  0.0219  0.0219  0.0219  0.0219
  0.0219  0.0219  0.0219  0.0219  0.0219  0.0219  0.0219  0.0219  0.0219  0.0219  0.0219  0.0219
  0.0220  0.0220  0.0219  0.0220  0.0220  0.0219  0.0220  0.0221  0.0220  0.0220  0.0219  0.0219
  0.0222  0.0221  0.0220  0.0221  0.0222  0.0221  0.0221  0.0224  0.0221  0.0222  0.0220  0.0220
registration optimization eta report
parameter search radius
    0.8000    0.8000    0.8000    2.4000    2.4000    2.4000
    2.4000    2.4000    2.4000    2.4000    2.4000    2.4000
100000*second partial in parameter space
       48.       39.       23.        5.        6.        4.
        4.        9.        3.        6.        2.        2.
  0.0222  0.0221  0.0220  0.0221  0.0222  0.0221  0.0221  0.0223  0.0221  0.0222  0.0220  0.0220
  0.0220  0.0220  0.0220  0.0220  0.0220  0.0220  0.0220  0.0221  0.0220  0.0220  0.0219  0.0219
  0.0219  0.0219  0.0219  0.0219  0.0219  0.0219  0.0219  0.0219  0.0219  0.0219  0.0219  0.0219
  0.0219  0.0219  0.0219  0.0219  0.0219  0.0219  0.0219  0.0219  0.0219  0.0219  0.0219  0.0219
  0.0219  0.0219  0.0219  0.0219  0.0219  0.0219  0.0219  0.0219  0.0219  0.0219  0.0219  0.0219
  0.0220  0.0220  0.0219  0.0220  0.0220  0.0219  0.0220  0.0221  0.0220  0.0220  0.0219  0.0219
  0.0222  0.0221  0.0220  0.0221  0.0222  0.0221  0.0221  0.0224  0.0221  0.0222  0.0220  0.0220
   -1.3726   -4.1344    0.9625   -6.4054   -9.5574   -5.3486
   -4.7736   -4.7383    7.3381   11.1193    5.1621  -13.7400
eta,q 0.97813  9.14237

---------------------------------------------------------------------
imgreg_4dfp /opt/freesurfer/average/711-2C_as_mni_average_305 /opt/freesurfer/average/711-2B_as_mni_average_305_mask talsrcimg_g11 none talsrcimg_to_711-2C_as_mni_average_305_t4 2311
---------------------------------------------------------------------

freesurfer imgreg_4dfp.c
/opt/freesurfer/average/711-2C_as_mni_average_305.4dfp.img
       256       256       256         1
  1.000000  1.000000  1.000000
orientation T byte_order littleendian
Reading image: /opt/freesurfer/average/711-2C_as_mni_average_305.4dfp.img
dimensions:      256       256       256
mmppix:       1.0000   -1.0000   -1.0000
center:     128.0000 -129.0000 -129.0000
/opt/freesurfer/average/711-2B_as_mni_average_305_mask.4dfp.img
       256       256       256         1
  1.000000  1.000000  1.000000
orientation T byte_order littleendian
Reading mask: /opt/freesurfer/average/711-2B_as_mni_average_305_mask.4dfp.img (2306576 pixels)
talsrcimg_g11.4dfp.img
       256       256       256         1
  1.000000  1.000000  1.000000
orientation T byte_order littleendian
Reading image: talsrcimg_g11.4dfp.img
dimensions:      256       256       256
mmppix:       1.0000   -1.0000   -1.0000
center:     128.0000 -129.0000 -129.0000
fimgreg.f
image alignment mode   2311 decimal      907 hex
parameters
   -1.3726   -4.1344    0.9625   -6.4054   -9.5574   -5.3486
   -4.7736   -4.7383    7.3381   11.1193    5.1621  -13.7400
eta,q 0.97813  9.14237
niter,ni,del,rscale     5    3    5.0000    0.8000
parameters
   -1.3879   -4.1779    1.0635   -6.6609   -9.5610   -5.8925
   -4.8572   -4.6920    7.3120   11.0211    5.1939  -13.3621
eta,q 0.97810  9.10553
  0.0231  0.0228  0.0225  0.0228  0.0231  0.0226  0.0228  0.0237  0.0226  0.0231  0.0223  0.0224
  0.0224  0.0223  0.0222  0.0223  0.0225  0.0223  0.0223  0.0227  0.0222  0.0224  0.0221  0.0221
  0.0220  0.0220  0.0220  0.0220  0.0220  0.0220  0.0220  0.0221  0.0220  0.0220  0.0220  0.0220
  0.0219  0.0219  0.0219  0.0219  0.0219  0.0219  0.0219  0.0219  0.0219  0.0219  0.0219  0.0219
  0.0220  0.0220  0.0219  0.0220  0.0220  0.0219  0.0220  0.0221  0.0220  0.0221  0.0219  0.0219
  0.0224  0.0223  0.0221  0.0224  0.0225  0.0224  0.0223  0.0227  0.0222  0.0225  0.0221  0.0221
  0.0231  0.0229  0.0224  0.0232  0.0231  0.0234  0.0229  0.0236  0.0227  0.0232  0.0223  0.0223
niter,ni,del,rscale     4    3    5.0000    0.7000
parameters
   -1.3635   -4.1854    0.9594   -6.5147   -9.5538   -5.9110
   -4.8509   -4.6535    7.3030   10.9892    5.2368  -13.4098
eta,q 0.97811  9.11066
  0.0229  0.0226  0.0223  0.0227  0.0229  0.0226  0.0226  0.0233  0.0225  0.0228  0.0222  0.0222
  0.0223  0.0222  0.0220  0.0223  0.0224  0.0222  0.0222  0.0225  0.0222  0.0223  0.0220  0.0220
  0.0220  0.0220  0.0219  0.0220  0.0220  0.0220  0.0220  0.0221  0.0220  0.0220  0.0219  0.0219
  0.0219  0.0219  0.0219  0.0219  0.0219  0.0219  0.0219  0.0219  0.0219  0.0219  0.0219  0.0219
  0.0220  0.0220  0.0220  0.0219  0.0220  0.0219  0.0220  0.0220  0.0220  0.0220  0.0219  0.0219
  0.0223  0.0222  0.0221  0.0222  0.0223  0.0221  0.0222  0.0225  0.0222  0.0223  0.0220  0.0221
  0.0228  0.0227  0.0224  0.0227  0.0229  0.0227  0.0226  0.0232  0.0225  0.0229  0.0222  0.0222
niter,ni,del,rscale     3    3    5.0000    0.6000
parameters
   -1.3543   -4.1719    0.9446   -6.4455   -9.5274   -5.7308
   -4.8509   -4.6638    7.3094   11.0113    5.2196  -13.5184
eta,q 0.97812  9.12316
  0.0226  0.0225  0.0222  0.0225  0.0226  0.0224  0.0224  0.0229  0.0223  0.0226  0.0221  0.0221
  0.0222  0.0222  0.0220  0.0222  0.0222  0.0222  0.0221  0.0223  0.0221  0.0222  0.0220  0.0220
  0.0220  0.0220  0.0219  0.0220  0.0220  0.0220  0.0220  0.0220  0.0219  0.0220  0.0219  0.0219
  0.0219  0.0219  0.0219  0.0219  0.0219  0.0219  0.0219  0.0219  0.0219  0.0219  0.0219  0.0219
  0.0220  0.0219  0.0219  0.0219  0.0220  0.0219  0.0219  0.0220  0.0219  0.0220  0.0219  0.0219
  0.0222  0.0221  0.0220  0.0221  0.0222  0.0220  0.0221  0.0224  0.0221  0.0222  0.0220  0.0220
  0.0226  0.0224  0.0222  0.0225  0.0226  0.0224  0.0224  0.0229  0.0223  0.0226  0.0221  0.0222
niter,ni,del,rscale     2    3    5.0000    0.5000
parameters
   -1.3598   -4.1709    0.9776   -6.4272   -9.5162   -5.4845
   -4.8153   -4.6950    7.3109   11.0080    5.1806  -13.6158
eta,q 0.97813  9.13554
  0.0224  0.0223  0.0221  0.0223  0.0224  0.0223  0.0223  0.0226  0.0222  0.0224  0.0221  0.0220
  0.0221  0.0221  0.0220  0.0221  0.0221  0.0221  0.0221  0.0222  0.0220  0.0221  0.0220  0.0219
  0.0219  0.0219  0.0219  0.0219  0.0220  0.0220  0.0219  0.0220  0.0219  0.0219  0.0219  0.0219
  0.0219  0.0219  0.0219  0.0219  0.0219  0.0219  0.0219  0.0219  0.0219  0.0219  0.0219  0.0219
  0.0219  0.0219  0.0219  0.0219  0.0219  0.0219  0.0219  0.0220  0.0219  0.0219  0.0219  0.0219
  0.0221  0.0221  0.0220  0.0221  0.0221  0.0219  0.0220  0.0222  0.0220  0.0221  0.0220  0.0220
  0.0224  0.0223  0.0221  0.0223  0.0224  0.0222  0.0223  0.0226  0.0222  0.0224  0.0221  0.0221
niter,ni,del,rscale     1    3    5.0000    0.4000
parameters
   -1.3672   -4.1932    1.0321   -6.4146   -9.4830   -5.1962
   -4.7908   -4.7216    7.3495   10.9468    5.1037  -13.7435
eta,q 0.97814  9.14994
  0.0222  0.0221  0.0220  0.0221  0.0222  0.0221  0.0221  0.0223  0.0221  0.0222  0.0220  0.0220
  0.0220  0.0220  0.0220  0.0220  0.0220  0.0220  0.0220  0.0221  0.0220  0.0220  0.0219  0.0219
  0.0219  0.0219  0.0219  0.0219  0.0219  0.0219  0.0219  0.0219  0.0219  0.0219  0.0219  0.0219
  0.0219  0.0219  0.0219  0.0219  0.0219  0.0219  0.0219  0.0219  0.0219  0.0219  0.0219  0.0219
  0.0219  0.0219  0.0219  0.0219  0.0219  0.0219  0.0219  0.0219  0.0219  0.0219  0.0219  0.0219
  0.0220  0.0220  0.0219  0.0220  0.0220  0.0219  0.0220  0.0221  0.0219  0.0220  0.0219  0.0219
  0.0222  0.0221  0.0220  0.0221  0.0222  0.0220  0.0221  0.0224  0.0221  0.0222  0.0220  0.0220
registration optimization eta report
parameter search radius
    0.8000    0.8000    0.8000    2.4000    2.4000    2.4000
    2.4000    2.4000    2.4000    2.4000    2.4000    2.4000
100000*second partial in parameter space
       49.       39.       22.        5.        6.        4.
        4.        9.        3.        6.        2.        2.
  0.0222  0.0221  0.0220  0.0221  0.0222  0.0221  0.0221  0.0223  0.0221  0.0222  0.0220  0.0220
  0.0220  0.0220  0.0220  0.0220  0.0220  0.0220  0.0220  0.0221  0.0220  0.0220  0.0219  0.0219
  0.0219  0.0219  0.0219  0.0219  0.0219  0.0219  0.0219  0.0219  0.0219  0.0219  0.0219  0.0219
  0.0219  0.0219  0.0219  0.0219  0.0219  0.0219  0.0219  0.0219  0.0219  0.0219  0.0219  0.0219
  0.0219  0.0219  0.0219  0.0219  0.0219  0.0219  0.0219  0.0219  0.0219  0.0219  0.0219  0.0219
  0.0220  0.0220  0.0219  0.0220  0.0220  0.0219  0.0220  0.0221  0.0219  0.0220  0.0219  0.0219
  0.0222  0.0221  0.0220  0.0221  0.0222  0.0220  0.0221  0.0224  0.0221  0.0222  0.0220  0.0220
   -1.3672   -4.1932    1.0321   -6.4146   -9.4830   -5.1962
   -4.7908   -4.7216    7.3495   10.9468    5.1037  -13.7435
eta,q 0.97814  9.14994

---------------------------------------------------------------------
compute_vox2vox talsrcimg talsrcimg_to_711-2C_as_mni_average_305_t4 /opt/freesurfer/average/711-2C_as_mni_average_305
---------------------------------------------------------------------

freesurfer compute_vox2vox.c
Reading: talsrcimg.4dfp.ifh
Reading: talsrcimg_to_711-2C_as_mni_average_305_t4
Reading: /opt/freesurfer/average/711-2C_as_mni_average_305.4dfp.ifh
Writing: talsrcimg_to_711-2C_as_mni_average_305_t4_vox2vox.txt

start time Thu Mar 12 10:03:57 CET 2026
end		time Thu Mar 12 10:04:11 CET 2026

mpr2mni305 success

avi2talxfm orig_nu.mgz /opt/freesurfer/average/mni305.cor.mgz talsrcimg_to_711-2C_as_mni_average_305_t4_vox2vox.txt transforms/talairach.auto.xfm
avi2talxfm done
mv -f /out/sourcedata/freesurfer/sub-v1s11x0050147_ses-1/mri/talsrcimg_to_711-2C_as_mni_average_305_t4_vox2vox.txt /out/sourcedata/freesurfer/sub-v1s11x0050147_ses-1/mri/transforms/talsrcimg_to_711-2C_as_mni_average_305_t4_vox2vox.txt
lta_convert --src orig_nu.mgz --trg /opt/freesurfer/average/mni305.cor.mgz --inxfm transforms/talairach.auto.xfm --outlta transforms/talairach.auto.xfm.lta --subject fsaverage
7.3.2

--src: orig_nu.mgz src image (geometry).
--trg: /opt/freesurfer/average/mni305.cor.mgz trg image (geometry).
--inmni: transforms/talairach.auto.xfm input MNI/XFM transform.
--outlta: transforms/talairach.auto.xfm.lta output LTA.
--s: fsaverage subject name
 LTA read, type : 1
 1.06110   0.04556   0.06308  -1.32629;
-0.06841   1.03370   0.15333  -18.18345;
-0.07788  -0.12871   1.08110  -10.80977;
 0.00000   0.00000   0.00000   1.00000;
setting subject to fsaverage
Writing  LTA to file transforms/talairach.auto.xfm.lta...
lta_convert successful.
 
 
Started at Thu Mar 12 10:03:57 CET 2026
Ended   at Thu Mar 12 10:04:11 CET 2026
talairach_avi done
