status file for recon-all
Thu Mar 12 10:38:17 CET 2026
#@# MotionCor Thu Mar 12 10:38:18 CET 2026
#@# Talairach Thu Mar 12 10:38:24 CET 2026
#@# Talairach Failure Detection Thu Mar 12 10:41:15 CET 2026
#@# Nu Intensity Correction Thu Mar 12 10:41:15 CET 2026
#@# Intensity Normalization Thu Mar 12 10:44:01 CET 2026
recon-all -s sub-v1s11x0050156_ses-1 finished without error at Thu Mar 12 10:44:56 CET 2026



#New# invocation of recon-all 



status file for recon-all
Thu Mar 12 10:50:36 CET 2026
#@# EM Registration Thu Mar 12 10:50:36 CET 2026
recon-all -s sub-v1s11x0050156_ses-1 finished without error at Thu Mar 12 10:52:01 CET 2026



#New# invocation of recon-all 



status file for recon-all
Thu Mar 12 10:52:03 CET 2026
#@# CA Normalize Thu Mar 12 10:52:03 CET 2026
#@# CA Reg Thu Mar 12 10:52:55 CET 2026
#@# SubCort Seg Thu Mar 12 11:30:39 CET 2026
#@# CC Seg Thu Mar 12 11:53:46 CET 2026
#@# Merge ASeg Thu Mar 12 11:54:14 CET 2026
#@# Intensity Normalization2 Thu Mar 12 11:54:14 CET 2026
#@# Mask BFS Thu Mar 12 11:55:37 CET 2026
#@# WM Segmentation Thu Mar 12 11:55:38 CET 2026
#@# Fill Thu Mar 12 11:57:17 CET 2026
recon-all -s sub-v1s11x0050156_ses-1 finished without error at Thu Mar 12 11:57:55 CET 2026



#New# invocation of recon-all 



status file for recon-all
Thu Mar 12 12:47:32 CET 2026
#@# white curv lh Thu Mar 12 12:47:32 CET 2026
#@# white area lh Thu Mar 12 12:47:32 CET 2026
#@# pial curv lh Thu Mar 12 12:47:32 CET 2026
#@# pial area lh Thu Mar 12 12:47:32 CET 2026
#@# thickness lh Thu Mar 12 12:47:32 CET 2026
#@# area and vertex vol lh Thu Mar 12 12:47:32 CET 2026
#@# white curv rh Thu Mar 12 12:47:32 CET 2026
#@# white area rh Thu Mar 12 12:47:32 CET 2026
#@# pial curv rh Thu Mar 12 12:47:32 CET 2026
#@# pial area rh Thu Mar 12 12:47:32 CET 2026
#@# thickness rh Thu Mar 12 12:47:32 CET 2026
#@# area and vertex vol rh Thu Mar 12 12:47:32 CET 2026
#@# Cortical ribbon mask Thu Mar 12 12:47:32 CET 2026
recon-all -s sub-v1s11x0050156_ses-1 finished without error at Thu Mar 12 12:51:18 CET 2026



#New# invocation of recon-all 



status file for recon-all
Thu Mar 12 12:56:54 CET 2026
#@# white curv lh Thu Mar 12 12:56:54 CET 2026
#@# white area lh Thu Mar 12 12:56:54 CET 2026
#@# pial curv lh Thu Mar 12 12:56:54 CET 2026
#@# pial area lh Thu Mar 12 12:56:54 CET 2026
#@# thickness lh Thu Mar 12 12:56:54 CET 2026
#@# area and vertex vol lh Thu Mar 12 12:56:54 CET 2026
#@# white curv rh Thu Mar 12 12:56:54 CET 2026
#@# white area rh Thu Mar 12 12:56:54 CET 2026
#@# pial curv rh Thu Mar 12 12:56:54 CET 2026
#@# pial area rh Thu Mar 12 12:56:54 CET 2026
#@# thickness rh Thu Mar 12 12:56:54 CET 2026
#@# area and vertex vol rh Thu Mar 12 12:56:54 CET 2026
#@# Curvature Stats lh Thu Mar 12 12:56:54 CET 2026
#@# Curvature Stats rh Thu Mar 12 12:56:56 CET 2026
#@# Relabel Hypointensities Thu Mar 12 12:56:58 CET 2026
#@# APas-to-ASeg Thu Mar 12 12:57:10 CET 2026
#@# AParc-to-ASeg aparc Thu Mar 12 12:57:17 CET 2026
#@# AParc-to-ASeg aparc.a2009s Thu Mar 12 12:57:45 CET 2026
#@# AParc-to-ASeg aparc.DKTatlas Thu Mar 12 12:58:16 CET 2026
#@# WMParc Thu Mar 12 12:58:43 CET 2026
#@# ASeg Stats Thu Mar 12 13:00:26 CET 2026
recon-all -s sub-v1s11x0050156_ses-1 finished without error at Thu Mar 12 13:00:44 CET 2026
