status file for recon-all
Thu Mar 12 11:58:00 CET 2026
#@# Tessellate lh Thu Mar 12 11:58:00 CET 2026
#@# Smooth1 lh Thu Mar 12 11:58:02 CET 2026
#@# Inflation1 lh Thu Mar 12 11:58:04 CET 2026
#@# QSphere lh Thu Mar 12 11:58:19 CET 2026
#@# Fix Topology lh Thu Mar 12 11:59:10 CET 2026
#@# Smooth2 lh Thu Mar 12 12:04:31 CET 2026
#@# Inflation2 lh Thu Mar 12 12:04:33 CET 2026
#@# Curv .H and .K lh Thu Mar 12 12:04:48 CET 2026
#@# Sphere lh Thu Mar 12 12:05:29 CET 2026
#@# Surf Reg lh Thu Mar 12 12:08:45 CET 2026
#@# Jacobian white lh Thu Mar 12 12:12:39 CET 2026
#@# AvgCurv lh Thu Mar 12 12:12:39 CET 2026
#@# Cortical Parc lh Thu Mar 12 12:12:40 CET 2026
#@# white curv lh Thu Mar 12 12:18:37 CET 2026
#@# white area lh Thu Mar 12 12:18:39 CET 2026
#@# pial curv lh Thu Mar 12 12:18:40 CET 2026
#@# pial area lh Thu Mar 12 12:18:41 CET 2026
#@# thickness lh Thu Mar 12 12:18:42 CET 2026
#@# area and vertex vol lh Thu Mar 12 12:19:03 CET 2026
#@# Curvature Stats lh Thu Mar 12 12:19:05 CET 2026
#@# Cortical Parc 2 lh Thu Mar 12 12:19:07 CET 2026
#@# Cortical Parc 3 lh Thu Mar 12 12:19:18 CET 2026
#@# WM/GM Contrast lh Thu Mar 12 12:19:26 CET 2026
recon-all -s sub-v1s11x0050156_ses-1 finished without error at Thu Mar 12 12:19:29 CET 2026



#New# invocation of recon-all 



status file for recon-all
Thu Mar 12 12:51:22 CET 2026
#@# white curv lh Thu Mar 12 12:51:22 CET 2026
#@# white area lh Thu Mar 12 12:51:22 CET 2026
#@# pial curv lh Thu Mar 12 12:51:22 CET 2026
#@# pial area lh Thu Mar 12 12:51:22 CET 2026
#@# thickness lh Thu Mar 12 12:51:22 CET 2026
#@# area and vertex vol lh Thu Mar 12 12:51:22 CET 2026
#@# Parcellation Stats lh Thu Mar 12 12:51:22 CET 2026
#@# Parcellation Stats 2 lh Thu Mar 12 12:51:39 CET 2026
#@# Parcellation Stats 3 lh Thu Mar 12 12:51:48 CET 2026
#@# BA_exvivo Labels lh Thu Mar 12 12:51:57 CET 2026
recon-all -s sub-v1s11x0050156_ses-1 finished without error at Thu Mar 12 12:54:02 CET 2026
