status file for recon-all
Thu Mar 12 11:46:14 CET 2026
#@# Tessellate rh Thu Mar 12 11:46:14 CET 2026
#@# Smooth1 rh Thu Mar 12 11:46:18 CET 2026
#@# Inflation1 rh Thu Mar 12 11:46:20 CET 2026
#@# QSphere rh Thu Mar 12 11:46:30 CET 2026
#@# Fix Topology rh Thu Mar 12 11:47:36 CET 2026
#@# Smooth2 rh Thu Mar 12 11:52:21 CET 2026
#@# Inflation2 rh Thu Mar 12 11:52:24 CET 2026
#@# Curv .H and .K rh Thu Mar 12 11:52:35 CET 2026
#@# Sphere rh Thu Mar 12 11:53:25 CET 2026
#@# Surf Reg rh Thu Mar 12 11:55:18 CET 2026
#@# Jacobian white rh Thu Mar 12 11:58:45 CET 2026
#@# AvgCurv rh Thu Mar 12 11:58:45 CET 2026
#@# Cortical Parc rh Thu Mar 12 11:58:46 CET 2026
#@# white curv rh Thu Mar 12 12:04:39 CET 2026
#@# white area rh Thu Mar 12 12:04:41 CET 2026
#@# pial curv rh Thu Mar 12 12:04:42 CET 2026
#@# pial area rh Thu Mar 12 12:04:43 CET 2026
#@# thickness rh Thu Mar 12 12:04:44 CET 2026
#@# area and vertex vol rh Thu Mar 12 12:05:16 CET 2026
#@# Curvature Stats rh Thu Mar 12 12:05:17 CET 2026
#@# Cortical Parc 2 rh Thu Mar 12 12:05:19 CET 2026
#@# Cortical Parc 3 rh Thu Mar 12 12:05:33 CET 2026
#@# WM/GM Contrast rh Thu Mar 12 12:05:43 CET 2026
recon-all -s sub-v1s11x0050142_ses-1 finished without error at Thu Mar 12 12:05:46 CET 2026



#New# invocation of recon-all 



status file for recon-all
Thu Mar 12 12:14:26 CET 2026
#@# white curv rh Thu Mar 12 12:14:26 CET 2026
#@# white area rh Thu Mar 12 12:14:26 CET 2026
#@# pial curv rh Thu Mar 12 12:14:26 CET 2026
#@# pial area rh Thu Mar 12 12:14:26 CET 2026
#@# thickness rh Thu Mar 12 12:14:26 CET 2026
#@# area and vertex vol rh Thu Mar 12 12:14:26 CET 2026
#@# Parcellation Stats rh Thu Mar 12 12:14:26 CET 2026
#@# Parcellation Stats 2 rh Thu Mar 12 12:14:46 CET 2026
#@# Parcellation Stats 3 rh Thu Mar 12 12:14:57 CET 2026
#@# BA_exvivo Labels rh Thu Mar 12 12:15:07 CET 2026
recon-all -s sub-v1s11x0050142_ses-1 finished without error at Thu Mar 12 12:17:32 CET 2026
