status file for recon-all
Thu Mar 12 11:10:11 CET 2026
#@# Tessellate lh Thu Mar 12 11:10:11 CET 2026
#@# Smooth1 lh Thu Mar 12 11:10:13 CET 2026
#@# Inflation1 lh Thu Mar 12 11:10:15 CET 2026
#@# QSphere lh Thu Mar 12 11:10:22 CET 2026
#@# Fix Topology lh Thu Mar 12 11:11:04 CET 2026
#@# Smooth2 lh Thu Mar 12 11:15:13 CET 2026
#@# Inflation2 lh Thu Mar 12 11:15:15 CET 2026
#@# Curv .H and .K lh Thu Mar 12 11:15:23 CET 2026
#@# Sphere lh Thu Mar 12 11:16:01 CET 2026
#@# Surf Reg lh Thu Mar 12 11:18:02 CET 2026
#@# Jacobian white lh Thu Mar 12 11:20:25 CET 2026
#@# AvgCurv lh Thu Mar 12 11:20:26 CET 2026
#@# Cortical Parc lh Thu Mar 12 11:20:27 CET 2026
#@# white curv lh Thu Mar 12 11:25:40 CET 2026
#@# white area lh Thu Mar 12 11:25:41 CET 2026
#@# pial curv lh Thu Mar 12 11:25:42 CET 2026
#@# pial area lh Thu Mar 12 11:25:43 CET 2026
#@# thickness lh Thu Mar 12 11:25:43 CET 2026
#@# area and vertex vol lh Thu Mar 12 11:26:03 CET 2026
#@# Curvature Stats lh Thu Mar 12 11:26:04 CET 2026
#@# Cortical Parc 2 lh Thu Mar 12 11:26:05 CET 2026
#@# Cortical Parc 3 lh Thu Mar 12 11:26:15 CET 2026
#@# WM/GM Contrast lh Thu Mar 12 11:26:22 CET 2026
recon-all -s sub-v1s11x0050146_ses-1 finished without error at Thu Mar 12 11:26:24 CET 2026



#New# invocation of recon-all 



status file for recon-all
Thu Mar 12 11:48:23 CET 2026
#@# white curv lh Thu Mar 12 11:48:23 CET 2026
#@# white area lh Thu Mar 12 11:48:23 CET 2026
#@# pial curv lh Thu Mar 12 11:48:23 CET 2026
#@# pial area lh Thu Mar 12 11:48:23 CET 2026
#@# thickness lh Thu Mar 12 11:48:23 CET 2026
#@# area and vertex vol lh Thu Mar 12 11:48:23 CET 2026
#@# Parcellation Stats lh Thu Mar 12 11:48:23 CET 2026
#@# Parcellation Stats 2 lh Thu Mar 12 11:48:38 CET 2026
#@# Parcellation Stats 3 lh Thu Mar 12 11:48:46 CET 2026
#@# BA_exvivo Labels lh Thu Mar 12 11:48:53 CET 2026
recon-all -s sub-v1s11x0050146_ses-1 finished without error at Thu Mar 12 11:50:44 CET 2026
