status file for recon-all
Thu Mar 12 11:26:27 CET 2026
#@# Tessellate rh Thu Mar 12 11:26:27 CET 2026
#@# Smooth1 rh Thu Mar 12 11:26:29 CET 2026
#@# Inflation1 rh Thu Mar 12 11:26:31 CET 2026
#@# QSphere rh Thu Mar 12 11:26:39 CET 2026
#@# Fix Topology rh Thu Mar 12 11:27:21 CET 2026
#@# Smooth2 rh Thu Mar 12 11:31:30 CET 2026
#@# Inflation2 rh Thu Mar 12 11:31:33 CET 2026
#@# Curv .H and .K rh Thu Mar 12 11:31:42 CET 2026
#@# Sphere rh Thu Mar 12 11:32:20 CET 2026
#@# Surf Reg rh Thu Mar 12 11:33:48 CET 2026
#@# Jacobian white rh Thu Mar 12 11:36:20 CET 2026
#@# AvgCurv rh Thu Mar 12 11:36:21 CET 2026
#@# Cortical Parc rh Thu Mar 12 11:36:21 CET 2026
#@# white curv rh Thu Mar 12 11:41:27 CET 2026
#@# white area rh Thu Mar 12 11:41:28 CET 2026
#@# pial curv rh Thu Mar 12 11:41:28 CET 2026
#@# pial area rh Thu Mar 12 11:41:30 CET 2026
#@# thickness rh Thu Mar 12 11:41:30 CET 2026
#@# area and vertex vol rh Thu Mar 12 11:41:49 CET 2026
#@# Curvature Stats rh Thu Mar 12 11:41:50 CET 2026
#@# Cortical Parc 2 rh Thu Mar 12 11:41:52 CET 2026
#@# Cortical Parc 3 rh Thu Mar 12 11:42:02 CET 2026
#@# WM/GM Contrast rh Thu Mar 12 11:42:09 CET 2026
recon-all -s sub-v1s11x0050146_ses-1 finished without error at Thu Mar 12 11:42:11 CET 2026



#New# invocation of recon-all 



status file for recon-all
Thu Mar 12 11:50:47 CET 2026
#@# white curv rh Thu Mar 12 11:50:47 CET 2026
#@# white area rh Thu Mar 12 11:50:47 CET 2026
#@# pial curv rh Thu Mar 12 11:50:47 CET 2026
#@# pial area rh Thu Mar 12 11:50:47 CET 2026
#@# thickness rh Thu Mar 12 11:50:47 CET 2026
#@# area and vertex vol rh Thu Mar 12 11:50:47 CET 2026
#@# Parcellation Stats rh Thu Mar 12 11:50:47 CET 2026
#@# Parcellation Stats 2 rh Thu Mar 12 11:51:02 CET 2026
#@# Parcellation Stats 3 rh Thu Mar 12 11:51:10 CET 2026
#@# BA_exvivo Labels rh Thu Mar 12 11:51:17 CET 2026
recon-all -s sub-v1s11x0050146_ses-1 finished without error at Thu Mar 12 11:53:06 CET 2026
