/out/sourcedata/freesurfer/sub-v1s11x0050159_ses-1/mri
/opt/freesurfer/bin/talairach_avi
--i orig_nu.mgz --xfm transforms/talairach.auto.xfm
talairach_avi 7.3.2
Linux dna006 5.14.0-427.37.1.el9_4.x86_64 #1 SMP PREEMPT_DYNAMIC Fri Sep 13 12:41:50 EDT 2024 x86_64 x86_64 x86_64 GNU/Linux
Thu Mar 12 10:49:17 CET 2026
mri_convert orig_nu.mgz talsrcimg.img 
reading from orig_nu.mgz...
TR=0.00, TE=0.00, TI=0.00, flip angle=0.00
i_ras = (-1, -2.87946e-09, 0)
j_ras = (-9.31323e-10, 1.16415e-10, -1)
k_ras = (2.87946e-09, 1, 0)
writing to talsrcimg.img...
Analyze Output Matrix
-1.00000  -0.00000   0.00000   125.39056;
-0.00000   0.00000   1.00000  -120.80981;
 0.00000  -1.00000   0.00000   141.93922;
 0.00000   0.00000   0.00000   1.00000;
--------------------
INFO: set hdr.hist.orient to -1
mpr2mni305 talsrcimg
Thu Mar 12 10:49:18 CET 2026
/opt/freesurfer/bin/mpr2mni305 talsrcimg
mpr2mni305 7.3.2
target=711-2C_as_mni_average_305

---------------------------------------------------------------------
analyzeto4dfp talsrcimg -O0 -y
---------------------------------------------------------------------

freesurfer ifh2hdr.c
Thu Mar 12 10:49:18 2026
Writing: talsrcimg.4dfp.hdr
freesurfer analyzeto4dfp.c
Reading: talsrcimg.hdr
header size 348 bytes
hdr.dime.datatype	offset=70	value=2
hdr.dime.bitpix		offset=72	value=8
hdr.hist.orient		offset=252	value=-1
dimensionality     4
dimensions       256       256       256         1
Reading: talsrcimg.img
Writing: talsrcimg.4dfp.img
Writing: talsrcimg.4dfp.ifh
ifh2hdr talsrcimg -r0to208
ori=2

---------------------------------------------------------------------
gauss_4dfp talsrcimg 1.1
---------------------------------------------------------------------

freesurfer gauss_4dfp.c
Reading: talsrcimg.4dfp.img
Writing: talsrcimg_g11.4dfp.img
image dimensions 256 256 256 padded to 288 288 288
processing volume 1freesurfer ifh2hdr.c
Thu Mar 12 10:49:20 2026
Writing: talsrcimg_g11.4dfp.hdr

Writing: talsrcimg_g11.4dfp.ifh
including: talsrcimg.4dfp.img.rec in talsrcimg_g11.4dfp.img.rec

---------------------------------------------------------------------
imgreg_4dfp /opt/freesurfer/average/711-2C_as_mni_average_305 none talsrcimg_g11 none talsrcimg_to_711-2C_as_mni_average_305_t4 4355
---------------------------------------------------------------------

freesurfer imgreg_4dfp.c
/opt/freesurfer/average/711-2C_as_mni_average_305.4dfp.img
       256       256       256         1
  1.000000  1.000000  1.000000
orientation T byte_order littleendian
Reading image: /opt/freesurfer/average/711-2C_as_mni_average_305.4dfp.img
dimensions:      256       256       256
mmppix:       1.0000   -1.0000   -1.0000
center:     128.0000 -129.0000 -129.0000
talsrcimg_g11.4dfp.img
       256       256       256         1
  1.000000  1.000000  1.000000
orientation T byte_order littleendian
Reading image: talsrcimg_g11.4dfp.img
dimensions:      256       256       256
mmppix:       1.0000   -1.0000   -1.0000
center:     128.0000 -129.0000 -129.0000
t4_read: open error in t4_sub.f l:  41 t4_file(1:l)talsrcimg_to_711-2C_as_mni_average_305_t4 
t4_read: transform initialized to I4
rotation matrix determinant  1.000000
image alignment mode   4355 decimal     1103 hex
   -7.5000  -45.0000  -45.0000 7717.5229   17.0194
    0.0000  -45.0000  -45.0000 8067.1040   16.9829
    7.5000  -45.0000  -45.0000 7730.7803   16.9297
   -7.5000  -37.5000  -45.0000 8334.7412   16.9259
    0.0000  -37.5000  -45.0000 8741.9443   16.8935
    7.5000  -37.5000  -45.0000 8354.7539   16.8466
   -7.5000  -30.0000  -45.0000 9293.0332   16.8778
    0.0000  -30.0000  -45.0000 9737.4434   16.8458
    7.5000  -30.0000  -45.0000 9310.8193   16.8039
   -7.5000  -22.5000  -45.000010225.2666   16.9007
    0.0000  -22.5000  -45.000010690.3887   16.8635
    7.5000  -22.5000  -45.000010214.6719   16.8191
   -7.5000  -15.0000  -45.000011004.0947   16.9132
    0.0000  -15.0000  -45.000011490.4180   16.8714
    7.5000  -15.0000  -45.000010971.1504   16.8215
   -7.5000   -7.5000  -45.000011705.1475   16.9034
    0.0000   -7.5000  -45.000012250.5625   16.8630
    7.5000   -7.5000  -45.000011677.5361   16.8098
   -7.5000    0.0000  -45.000012355.3877   16.8816
    0.0000    0.0000  -45.000012940.1533   16.8456
    7.5000    0.0000  -45.000012326.9854   16.7932
   -7.5000    7.5000  -45.000012101.4141   16.8685
    0.0000    7.5000  -45.000012652.5977   16.8363
    7.5000    7.5000  -45.000012072.1855   16.7898
   -7.5000   15.0000  -45.000011682.1367   16.8778
    0.0000   15.0000  -45.000012199.3857   16.8457
    7.5000   15.0000  -45.000011651.4746   16.8039
   -7.5000   22.5000  -45.000011232.8672   16.8984
    0.0000   22.5000  -45.000011722.8486   16.8612
    7.5000   22.5000  -45.000011165.0039   16.8168
   -7.5000   30.0000  -45.000010607.7051   16.6879
    0.0000   30.0000  -45.000011086.5449   16.6466
    7.5000   30.0000  -45.000010563.3584   16.5973
   -7.5000   37.5000  -45.000010123.8477   16.6781
    0.0000   37.5000  -45.000010571.2422   16.6383
    7.5000   37.5000  -45.000010055.4639   16.5858
   -7.5000   45.0000  -45.0000 9218.5391   16.2337
    0.0000   45.0000  -45.0000 9624.4287   16.1991
    7.5000   45.0000  -45.0000 9155.0869   16.1487
   -7.5000  -45.0000  -37.5000 8184.6348   17.0242
    0.0000  -45.0000  -37.5000 8583.9033   16.9934
    7.5000  -45.0000  -37.5000 8197.4082   16.9509
   -7.5000  -37.5000  -37.5000 8856.6328   16.9223
    0.0000  -37.5000  -37.5000 9287.6953   16.8948
    7.5000  -37.5000  -37.5000 8855.5840   16.8586
   -7.5000  -30.0000  -37.5000 9846.0635   16.8648
    0.0000  -30.0000  -37.500010324.0947   16.8382
    7.5000  -30.0000  -37.5000 9846.1934   16.8065
   -7.5000  -22.5000  -37.500010812.1855   16.8880
    0.0000  -22.5000  -37.500011335.5195   16.8576
    7.5000  -22.5000  -37.500010806.1973   16.8223
   -7.5000  -15.0000  -37.500011619.9443   16.9087
    0.0000  -15.0000  -37.500012172.4297   16.8742
    7.5000  -15.0000  -37.500011601.4756   16.8324
   -7.5000   -7.5000  -37.500012358.1670   16.9065
    0.0000   -7.5000  -37.500012980.1357   16.8731
    7.5000   -7.5000  -37.500012356.2354   16.8290
   -7.5000    0.0000  -37.500013022.8135   16.8863
    0.0000    0.0000  -37.500013645.8135   16.8559
    7.5000    0.0000  -37.500012997.8057   16.8141
   -7.5000    7.5000  -37.500012735.1807   16.8650
    0.0000    7.5000  -37.500013336.6504   16.8376
    7.5000    7.5000  -37.500012726.1465   16.8018
   -7.5000   15.0000  -37.500012276.0850   16.8647
    0.0000   15.0000  -37.500012858.5176   16.8382
    7.5000   15.0000  -37.500012275.8262   16.8065
   -7.5000   22.5000  -37.500011767.6797   16.8857
    0.0000   22.5000  -37.500012301.5850   16.8553
    7.5000   22.5000  -37.500011717.3643   16.8199
   -7.5000   30.0000  -37.500011114.0352   16.6833
    0.0000   30.0000  -37.500011632.4639   16.6493
    7.5000   30.0000  -37.500011070.9287   16.6081
   -7.5000   37.5000  -37.500010571.7334   16.6812
    0.0000   37.5000  -37.500011073.1396   16.6482
    7.5000   37.5000  -37.500010535.1953   16.6047
   -7.5000   45.0000  -37.5000 9609.7158   16.2382
    0.0000   45.0000  -37.500010045.4473   16.2089
    7.5000   45.0000  -37.5000 9576.3477   16.1688
   -7.5000  -45.0000  -30.0000 8812.5049   17.7454
    0.0000  -45.0000  -30.0000 9240.5127   17.7292
    7.5000  -45.0000  -30.0000 8822.8584   17.7018
   -7.5000  -37.5000  -30.0000 9526.6055   17.6341
    0.0000  -37.5000  -30.0000 9984.7188   17.6208
    7.5000  -37.5000  -30.0000 9525.3193   17.5981
   -7.5000  -30.0000  -30.000010550.6074   17.5654
    0.0000  -30.0000  -30.000011076.8633   17.5515
    7.5000  -30.0000  -30.000010561.4727   17.5304
   -7.5000  -22.5000  -30.000011565.1602   17.5867
    0.0000  -22.5000  -30.000012141.8057   17.5672
    7.5000  -22.5000  -30.000011549.0811   17.5411
   -7.5000  -15.0000  -30.000012412.5361   17.6139
    0.0000  -15.0000  -30.000013030.7715   17.5905
    7.5000  -15.0000  -30.000012390.5967   17.5585
   -7.5000   -7.5000  -30.000013182.4521   17.6196
    0.0000   -7.5000  -30.000013836.1719   17.5990
    7.5000   -7.5000  -30.000013148.0986   17.5677
   -7.5000    0.0000  -30.000013864.6787   17.6016
    0.0000    0.0000  -30.000014551.1240   17.5855
    7.5000    0.0000  -30.000013828.8857   17.5587
   -7.5000    7.5000  -30.000013566.8340   17.5744
    0.0000    7.5000  -30.000014258.1289   17.5612
    7.5000    7.5000  -30.000013549.9961   17.5387
   -7.5000   15.0000  -30.000013072.2969   17.5654
    0.0000   15.0000  -30.000013743.2500   17.5515
    7.5000   15.0000  -30.000013055.9805   17.5303
   -7.5000   22.5000  -30.000012441.3701   17.5825
    0.0000   22.5000  -30.000013065.9424   17.5630
    7.5000   22.5000  -30.000012397.1914   17.5369
   -7.5000   30.0000  -30.000011757.8096   17.3808
    0.0000   30.0000  -30.000012349.2305   17.3577
    7.5000   30.0000  -30.000011711.7334   17.3262
   -7.5000   37.5000  -30.000011203.3467   17.3865
    0.0000   37.5000  -30.000011756.9365   17.3662
    7.5000   37.5000  -30.000011159.2373   17.3352
   -7.5000   45.0000  -30.000010143.6924   16.9385
    0.0000   45.0000  -30.000010623.7490   16.9230
    7.5000   45.0000  -30.000010118.3076   16.8972
   -7.5000  -45.0000  -22.5000 9424.7119   18.3503
    0.0000  -45.0000  -22.5000 9868.9346   18.3442
    7.5000  -45.0000  -22.5000 9446.0596   18.3220
   -7.5000  -37.5000  -22.500010177.4512   18.2386
    0.0000  -37.5000  -22.500010671.0732   18.2363
    7.5000  -37.5000  -22.500010193.8682   18.2171
   -7.5000  -30.0000  -22.500011246.3115   18.1689
    0.0000  -30.0000  -22.500011819.9443   18.1637
    7.5000  -30.0000  -22.500011277.1963   18.1441
   -7.5000  -22.5000  -22.500012287.8564   18.1881
    0.0000  -22.5000  -22.500012919.6768   18.1739
    7.5000  -22.5000  -22.500012283.9932   18.1487
   -7.5000  -15.0000  -22.500013145.7168   18.2140
    0.0000  -15.0000  -22.500013834.5859   18.1947
    7.5000  -15.0000  -22.500013146.7461   18.1650
   -7.5000   -7.5000  -22.500013925.9404   18.2195
    0.0000   -7.5000  -22.500014649.9248   18.2054
    7.5000   -7.5000  -22.500013900.9775   18.1785
   -7.5000    0.0000  -22.500014662.3311   18.2017
    0.0000    0.0000  -22.500015429.9209   18.1956
    7.5000    0.0000  -22.500014636.6240   18.1738
   -7.5000    7.5000  -22.500014359.6084   18.1769
    0.0000    7.5000  -22.500015132.3223   18.1746
    7.5000    7.5000  -22.500014335.6885   18.1556
   -7.5000   15.0000  -22.500013853.3174   18.1689
    0.0000   15.0000  -22.500014598.5498   18.1636
    7.5000   15.0000  -22.500013828.3379   18.1440
   -7.5000   22.5000  -22.500013106.6279   18.1825
    0.0000   22.5000  -22.500013784.4922   18.1683
    7.5000   22.5000  -22.500013072.5215   18.1431
   -7.5000   30.0000  -22.500012355.7139   17.9757
    0.0000   30.0000  -22.500013009.4385   17.9567
    7.5000   30.0000  -22.500012314.0273   17.9274
   -7.5000   37.5000  -22.500011808.3750   17.9812
    0.0000   37.5000  -22.500012399.3350   17.9673
    7.5000   37.5000  -22.500011761.4346   17.9407
   -7.5000   45.0000  -22.500010670.0781   17.5292
    0.0000   45.0000  -22.500011184.1982   17.5233
    7.5000   45.0000  -22.500010635.8662   17.5023
   -7.5000  -45.0000  -15.000010027.1621   18.7817
    0.0000  -45.0000  -15.000010514.6533   18.7706
    7.5000  -45.0000  -15.000010049.1152   18.7374
   -7.5000  -37.5000  -15.000010821.4053   18.6748
    0.0000  -37.5000  -15.000011354.1729   18.6688
    7.5000  -37.5000  -15.000010841.2461   18.6387
   -7.5000  -30.0000  -15.000011934.8867   18.6121
    0.0000  -30.0000  -15.000012549.9248   18.6028
    7.5000  -30.0000  -15.000011950.6777   18.5730
   -7.5000  -22.5000  -15.000012998.2812   18.6314
    0.0000  -22.5000  -15.000013675.2432   18.6114
    7.5000  -22.5000  -15.000013016.9082   18.5770
   -7.5000  -15.0000  -15.000013921.3447   18.6502
    0.0000  -15.0000  -15.000014635.0078   18.6241
    7.5000  -15.0000  -15.000013923.0195   18.5861
   -7.5000   -7.5000  -15.000014697.9092   18.6490
    0.0000   -7.5000  -15.000015442.6865   18.6285
    7.5000   -7.5000  -15.000014675.4463   18.5924
   -7.5000    0.0000  -15.000015444.3467   18.6297
    0.0000    0.0000  -15.000016240.8574   18.6187
    7.5000    0.0000  -15.000015402.1885   18.5861
   -7.5000    7.5000  -15.000015152.0430   18.6116
    0.0000    7.5000  -15.000015969.0732   18.6056
    7.5000    7.5000  -15.000015118.4658   18.5758
   -7.5000   15.0000  -15.000014600.0010   18.6121
    0.0000   15.0000  -15.000015402.3291   18.6028
    7.5000   15.0000  -15.000014575.0215   18.5730
   -7.5000   22.5000  -15.000013766.8799   18.6248
    0.0000   22.5000  -15.000014506.1602   18.6048
    7.5000   22.5000  -15.000013739.2275   18.5704
   -7.5000   30.0000  -15.000012966.9004   18.4088
    0.0000   30.0000  -15.000013667.3662   18.3831
    7.5000   30.0000  -15.000012918.8115   18.3456
   -7.5000   37.5000  -15.000012399.9717   18.4077
    0.0000   37.5000  -15.000013022.9736   18.3875
    7.5000   37.5000  -15.000012335.3047   18.3518
   -7.5000   45.0000  -15.000011210.4355   17.9522
    0.0000   45.0000  -15.000011775.7266   17.9415
    7.5000   45.0000  -15.000011164.9131   17.9101
   -7.5000  -45.0000   -7.500010640.2930   18.9968
    0.0000  -45.0000   -7.500011155.2383   18.9684
    7.5000  -45.0000   -7.500010652.4102   18.9167
   -7.5000  -37.5000   -7.500011450.1279   18.8944
    0.0000  -37.5000   -7.500012018.1113   18.8712
    7.5000  -37.5000   -7.500011472.8350   18.8245
   -7.5000  -30.0000   -7.500012618.4297   18.8404
    0.0000  -30.0000   -7.500013251.8467   18.8155
    7.5000  -30.0000   -7.500012632.0049   18.7721
   -7.5000  -22.5000   -7.500013702.2002   18.8627
    0.0000  -22.5000   -7.500014381.0566   18.8291
    7.5000  -22.5000   -7.500013730.0059   18.7823
   -7.5000  -15.0000   -7.500014699.9658   18.8752
    0.0000  -15.0000   -7.500015423.0078   18.8357
    7.5000  -15.0000   -7.500014704.2637   18.7849
   -7.5000   -7.5000   -7.500015554.5068   18.8656
    0.0000   -7.5000   -7.500016312.0186   18.8299
    7.5000   -7.5000   -7.500015540.5576   18.7777
   -7.5000    0.0000   -7.500016322.7568   18.8431
    0.0000    0.0000   -7.500017133.9551   18.8150
    7.5000    0.0000   -7.500016310.4541   18.7642
   -7.5000    7.5000   -7.500016008.3877   18.8304
    0.0000    7.5000   -7.500016836.7617   18.8073
    7.5000    7.5000   -7.500016006.0781   18.7610
   -7.5000   15.0000   -7.500015413.2598   18.8404
    0.0000   15.0000   -7.500016206.5078   18.8155
    7.5000   15.0000   -7.500015407.4189   18.7720
   -7.5000   22.5000   -7.500014471.0020   18.8540
    0.0000   22.5000   -7.500015243.0742   18.8204
    7.5000   22.5000   -7.500014482.8760   18.7737
   -7.5000   30.0000   -7.500013575.3652   18.6304
    0.0000   30.0000   -7.500014301.7881   18.5914
    7.5000   30.0000   -7.500013525.4844   18.5413
   -7.5000   37.5000   -7.500012980.8096   18.6209
    0.0000   37.5000   -7.500013638.0752   18.5857
    7.5000   37.5000   -7.500012898.8174   18.5342
   -7.5000   45.0000   -7.500011780.2949   18.1612
    0.0000   45.0000   -7.500012379.8447   18.1341
    7.5000   45.0000   -7.500011718.1514   18.0852
   -7.5000  -45.0000    0.000011177.2969   19.0397
    0.0000  -45.0000    0.000011710.9893   18.9990
    7.5000  -45.0000    0.000011201.6221   18.9396
   -7.5000  -37.5000    0.000012001.4863   18.9350
    0.0000  -37.5000    0.000012570.7910   18.8989
    7.5000  -37.5000    0.000012031.1025   18.8466
   -7.5000  -30.0000    0.000013190.2383   18.8815
    0.0000  -30.0000    0.000013801.7314   18.8458
    7.5000  -30.0000    0.000013226.4160   18.7991
   -7.5000  -22.5000    0.000014321.2217   18.9075
    0.0000  -22.5000    0.000014958.4492   18.8660
    7.5000  -22.5000    0.000014352.3389   18.8164
   -7.5000  -15.0000    0.000015401.1074   18.9217
    0.0000  -15.0000    0.000016112.5703   18.8750
    7.5000  -15.0000    0.000015392.2988   18.8192
   -7.5000   -7.5000    0.000016393.7656   18.9103
    0.0000   -7.5000    0.000017163.7676   18.8652
    7.5000   -7.5000    0.000016363.4795   18.8058
   -7.5000    0.0000    0.000017200.5879   18.8856
    0.0000    0.0000    0.000017960.2500   18.8454
    7.5000    0.0000    0.000017213.7305   18.7870
   -7.5000    7.5000    0.000016812.7559   18.8709
    0.0000    7.5000    0.000017547.0918   18.8349
    7.5000    7.5000    0.000016832.7656   18.7831
   -7.5000   15.0000    0.000016159.7783   18.8815
    0.0000   15.0000    0.000016869.8906   18.8457
    7.5000   15.0000    0.000016186.0469   18.7991
   -7.5000   22.5000    0.000015129.1445   18.8988
    0.0000   22.5000    0.000015855.1611   18.8573
    7.5000   22.5000    0.000015173.3311   18.8077
   -7.5000   30.0000    0.000014122.8896   18.6768
    0.0000   30.0000    0.000014797.7021   18.6307
    7.5000   30.0000    0.000014090.1436   18.5757
   -7.5000   37.5000    0.000013487.8984   18.6656
    0.0000   37.5000    0.000014128.7207   18.6211
    7.5000   37.5000    0.000013406.0703   18.5625
   -7.5000   45.0000    0.000012261.7061   18.2036
    0.0000   45.0000    0.000012849.0459   18.1648
    7.5000   45.0000    0.000012194.4170   18.1085
   -7.5000  -45.0000    7.500010841.0068   19.0505
    0.0000  -45.0000    7.500011350.3379   19.0161
    7.5000  -45.0000    7.500010856.5244   18.9685
   -7.5000  -37.5000    7.500011611.6377   18.9366
    0.0000  -37.5000    7.500012164.9688   18.9057
    7.5000  -37.5000    7.500011629.8613   18.8652
   -7.5000  -30.0000    7.500012743.9365   18.8721
    0.0000  -30.0000    7.500013349.6934   18.8424
    7.5000  -30.0000    7.500012781.7363   18.8069
   -7.5000  -22.5000    7.500013839.6543   18.8982
    0.0000  -22.5000    7.500014420.5225   18.8641
    7.5000  -22.5000    7.500013857.9531   18.8246
   -7.5000  -15.0000    7.500014859.9805   18.9213
    0.0000  -15.0000    7.500015484.4482   18.8827
    7.5000  -15.0000    7.500014852.0898   18.8359
   -7.5000   -7.5000    7.500015845.7305   18.9189
    0.0000   -7.5000    7.500016457.7363   18.8814
    7.5000   -7.5000    7.500015793.3516   18.8321
   -7.5000    0.0000    7.500016642.9980   18.8962
    0.0000    0.0000    7.500017247.7832   18.8622
    7.5000    0.0000    7.500016650.1289   18.8154
   -7.5000    7.5000    7.500016253.5986   18.8724
    0.0000    7.5000    7.500016838.3770   18.8417
    7.5000    7.5000    7.500016282.0635   18.8016
   -7.5000   15.0000    7.500015615.4229   18.8721
    0.0000   15.0000    7.500016226.0928   18.8424
    7.5000   15.0000    7.500015632.5312   18.8069
   -7.5000   22.5000    7.500014620.1445   18.8895
    0.0000   22.5000    7.500015257.8252   18.8554
    7.5000   22.5000    7.500014622.6396   18.8159
   -7.5000   30.0000    7.500013558.1211   18.6764
    0.0000   30.0000    7.500014155.4150   18.6383
    7.5000   30.0000    7.500013498.8164   18.5922
   -7.5000   37.5000    7.500012957.3525   18.6740
    0.0000   37.5000    7.500013528.6895   18.6370
    7.5000   37.5000    7.500012864.5645   18.5883
   -7.5000   45.0000    7.500011780.0146   18.2137
    0.0000   45.0000    7.500012307.1191   18.1810
    7.5000   45.0000    7.500011708.9863   18.1359
   -7.5000  -45.0000   15.000010361.5713   19.0588
    0.0000  -45.0000   15.000010863.7266   19.0414
    7.5000  -45.0000   15.000010396.9590   19.0121
   -7.5000  -37.5000   15.000011100.6855   18.9393
    0.0000  -37.5000   15.000011624.0762   18.9250
    7.5000  -37.5000   15.000011122.0908   18.9006
   -7.5000  -30.0000   15.000012180.4326   18.8656
    0.0000  -30.0000   15.000012730.1582   18.8506
    7.5000  -30.0000   15.000012203.9189   18.8279
   -7.5000  -22.5000   15.000013231.8193   18.8885
    0.0000  -22.5000   15.000013756.4150   18.8674
    7.5000  -22.5000   15.000013229.9482   18.8395
   -7.5000  -15.0000   15.000014179.5947   18.9176
    0.0000  -15.0000   15.000014703.7080   18.8924
    7.5000  -15.0000   15.000014171.9668   18.8581
   -7.5000   -7.5000   15.000015089.3418   18.9238
    0.0000   -7.5000   15.000015615.4736   18.9016
    7.5000   -7.5000   15.000015034.3955   18.8680
   -7.5000    0.0000   15.000015924.2783   18.9044
    0.0000    0.0000   15.000016573.3672   18.8870
    7.5000    0.0000   15.000015866.5146   18.8583
   -7.5000    7.5000   15.000015651.1016   18.8752
    0.0000    7.5000   15.000016377.5547   18.8610
    7.5000    7.5000   15.000015581.5986   18.8368
   -7.5000   15.0000   15.000015043.0791   18.8655
    0.0000   15.0000   15.000015765.7939   18.8505
    7.5000   15.0000   15.000014971.6533   18.8279
   -7.5000   22.5000   15.000014059.6680   18.8798
    0.0000   22.5000   15.000014715.4512   18.8587
    7.5000   22.5000   15.000014015.6152   18.8308
   -7.5000   30.0000   15.000012929.3398   18.6727
    0.0000   30.0000   15.000013500.9922   18.6479
    7.5000   30.0000   15.000012892.3193   18.6141
   -7.5000   37.5000   15.000012344.8916   18.6789
    0.0000   37.5000   15.000012855.8994   18.6569
    7.5000   37.5000   15.000012276.3184   18.6238
   -7.5000   45.0000   15.000011230.0908   18.2216
    0.0000   45.0000   15.000011693.1211   18.2049
    7.5000   45.0000   15.000011178.0059   18.1772
   -7.5000  -45.0000   22.5000 9752.5234   19.0933
    0.0000  -45.0000   22.500010233.2422   19.0866
    7.5000  -45.0000   22.5000 9802.1924   19.0640
   -7.5000  -37.5000   22.500010452.4102   18.9768
    0.0000  -37.5000   22.500010975.1738   18.9742
    7.5000  -37.5000   22.500010486.0332   18.9547
   -7.5000  -30.0000   22.500011492.1387   18.9041
    0.0000  -30.0000   22.500012031.4326   18.8985
    7.5000  -30.0000   22.500011510.0391   18.8785
   -7.5000  -22.5000   22.500012520.5176   18.9240
    0.0000  -22.5000   22.500013068.8652   18.9090
    7.5000  -22.5000   22.500012515.3311   18.8832
   -7.5000  -15.0000   22.500013461.6885   18.9509
    0.0000  -15.0000   22.500014011.3145   18.9305
    7.5000  -15.0000   22.500013442.1611   18.9000
   -7.5000   -7.5000   22.500014329.3232   18.9567
    0.0000   -7.5000   22.500014891.5098   18.9418
    7.5000   -7.5000   22.500014308.4932   18.9142
   -7.5000    0.0000   22.500015083.9707   18.9383
    0.0000    0.0000   22.500015705.2031   18.9317
    7.5000    0.0000   22.500015061.4434   18.9094
   -7.5000    7.5000   22.500014805.6855   18.9125
    0.0000    7.5000   22.500015413.8359   18.9099
    7.5000    7.5000   22.500014759.6270   18.8906
   -7.5000   15.0000   22.500014271.9023   18.9041
    0.0000   15.0000   22.500014858.1592   18.8984
    7.5000   15.0000   22.500014230.9775   18.8785
   -7.5000   22.5000   22.500013385.0127   18.9153
    0.0000   22.5000   22.500013950.2559   18.9003
    7.5000   22.5000   22.500013361.7744   18.8745
   -7.5000   30.0000   22.500012299.4043   18.7056
    0.0000   30.0000   22.500012812.5361   18.6856
    7.5000   30.0000   22.500012273.3047   18.6554
   -7.5000   37.5000   22.500011701.4531   18.7113
    0.0000   37.5000   22.500012207.9629   18.6966
    7.5000   37.5000   22.500011660.8262   18.6694
   -7.5000   45.0000   22.500010637.5781   18.2544
    0.0000   45.0000   22.500011104.7012   18.2479
    7.5000   45.0000   22.500010596.1045   18.2265
   -7.5000  -45.0000   30.0000 9052.5996   19.1644
    0.0000  -45.0000   30.0000 9498.5713   19.1528
    7.5000  -45.0000   30.0000 9080.8926   19.1197
   -7.5000  -37.5000   30.0000 9708.7324   19.0547
    0.0000  -37.5000   30.000010207.5723   19.0484
    7.5000  -37.5000   30.0000 9749.7646   19.0184
   -7.5000  -30.0000   30.000010701.9600   18.9899
    0.0000  -30.0000   30.000011250.1162   18.9803
    7.5000  -30.0000   30.000010746.9990   18.9506
   -7.5000  -22.5000   30.000011700.0840   19.0090
    0.0000  -22.5000   30.000012280.4160   18.9885
    7.5000  -22.5000   30.000011728.9590   18.9541
   -7.5000  -15.0000   30.000012581.8721   19.0282
    0.0000  -15.0000   30.000013157.6436   19.0013
    7.5000  -15.0000   30.000012595.3906   18.9632
   -7.5000   -7.5000   30.000013363.4512   19.0275
    0.0000   -7.5000   30.000013940.6885   19.0063
    7.5000   -7.5000   30.000013371.6064   18.9702
   -7.5000    0.0000   30.000014044.5508   19.0083
    0.0000    0.0000   30.000014646.7324   18.9968
    7.5000    0.0000   30.000014069.7871   18.9643
   -7.5000    7.5000   30.000013744.1992   18.9898
    0.0000    7.5000   30.000014331.6748   18.9835
    7.5000    7.5000   30.000013752.8760   18.9538
   -7.5000   15.0000   30.000013256.6484   18.9898
    0.0000   15.0000   30.000013818.7686   18.9802
    7.5000   15.0000   30.000013259.1221   18.9505
   -7.5000   22.5000   30.000012486.1035   19.0003
    0.0000   22.5000   30.000013022.9629   18.9797
    7.5000   22.5000   30.000012482.8750   18.9453
   -7.5000   30.0000   30.000011520.7891   18.7819
    0.0000   30.0000   30.000012010.6240   18.7553
    7.5000   30.0000   30.000011510.1260   18.7178
   -7.5000   37.5000   30.000010964.6777   18.7813
    0.0000   37.5000   30.000011439.9121   18.7603
    7.5000   37.5000   30.000010938.5049   18.7247
   -7.5000   45.0000   30.0000 9985.6621   18.3219
    0.0000   45.0000   30.000010427.2354   18.3108
    7.5000   45.0000   30.0000 9952.3320   18.2794
   -7.5000  -45.0000   37.5000 8649.4570   19.3579
    0.0000  -45.0000   37.5000 9105.5078   19.3283
    7.5000  -45.0000   37.5000 8687.3232   19.2763
   -7.5000  -37.5000   37.5000 9293.6016   19.2510
    0.0000  -37.5000   37.5000 9815.0049   19.2270
    7.5000  -37.5000   37.5000 9343.9688   19.1800
   -7.5000  -30.0000   37.500010257.5762   19.1937
    0.0000  -30.0000   37.500010829.7520   19.1680
    7.5000  -30.0000   37.500010311.3691   19.1244
   -7.5000  -22.5000   37.500011200.7070   19.2160
    0.0000  -22.5000   37.500011801.7568   19.1812
    7.5000  -22.5000   37.500011232.5381   19.1343
   -7.5000  -15.0000   37.500012034.8633   19.2295
    0.0000  -15.0000   37.500012647.7256   19.1884
    7.5000  -15.0000   37.500012041.2520   19.1373
   -7.5000   -7.5000   37.500012785.9932   19.2210
    0.0000   -7.5000   37.500013405.8076   19.1839
    7.5000   -7.5000   37.500012804.6299   19.1313
   -7.5000    0.0000   37.500013438.4609   19.1987
    0.0000    0.0000   37.500014047.8203   19.1694
    7.5000    0.0000   37.500013455.0801   19.1183
   -7.5000    7.5000   37.500013126.3076   19.1848
    0.0000    7.5000   37.500013698.9463   19.1608
    7.5000    7.5000   37.500013119.2842   19.1143
   -7.5000   15.0000   37.500012714.1006   19.1937
    0.0000   15.0000   37.500013250.8037   19.1680
    7.5000   15.0000   37.500012692.9277   19.1244
   -7.5000   22.5000   37.500012003.3652   19.2072
    0.0000   22.5000   37.500012528.6230   19.1724
    7.5000   22.5000   37.500011982.6250   19.1255
   -7.5000   30.0000   37.500011096.8271   18.9806
    0.0000   30.0000   37.500011585.6367   18.9401
    7.5000   30.0000   37.500011076.2031   18.8896
   -7.5000   37.5000   37.500010552.0146   18.9722
    0.0000   37.5000   37.500011023.3770   18.9356
    7.5000   37.5000   37.500010519.1191   18.8837
   -7.5000   45.0000   37.5000 9624.3447   18.5053
    0.0000   45.0000   37.500010074.8809   18.4771
    7.5000   45.0000   37.5000 9585.3076   18.4278
   -7.5000  -45.0000   45.0000 7835.9092   19.5480
    0.0000  -45.0000   45.0000 8256.5195   19.5055
    7.5000  -45.0000   45.0000 7883.8003   19.4472
   -7.5000  -37.5000   45.0000 8438.8281   19.4335
    0.0000  -37.5000   45.0000 8909.6084   19.3958
    7.5000  -37.5000   45.0000 8483.4893   19.3449
   -7.5000  -30.0000   45.0000 9315.5439   19.3746
    0.0000  -30.0000   45.0000 9852.9678   19.3374
    7.5000  -30.0000   45.0000 9366.2520   19.2922
   -7.5000  -22.5000   45.000010161.5859   19.4033
    0.0000  -22.5000   45.000010731.8252   19.3602
    7.5000  -22.5000   45.000010205.5908   19.3118
   -7.5000  -15.0000   45.000010940.8057   19.4214
    0.0000  -15.0000   45.000011511.6045   19.3729
    7.5000  -15.0000   45.000010967.0010   19.3180
   -7.5000   -7.5000   45.000011637.0557   19.4116
    0.0000   -7.5000   45.000012208.5566   19.3647
    7.5000   -7.5000   45.000011642.9072   19.3061
   -7.5000    0.0000   45.000012251.1182   19.3845
    0.0000    0.0000   45.000012807.9062   19.3426
    7.5000    0.0000   45.000012234.7656   19.2853
   -7.5000    7.5000   45.000011940.6816   19.3655
    0.0000    7.5000   45.000012478.8916   19.3280
    7.5000    7.5000   45.000011937.0996   19.2776
   -7.5000   15.0000   45.000011585.9551   19.3745
    0.0000   15.0000   45.000012087.6104   19.3374
    7.5000   15.0000   45.000011572.7139   19.2922
   -7.5000   22.5000   45.000010962.6094   19.3943
    0.0000   22.5000   45.000011454.2666   19.3513
    7.5000   22.5000   45.000010960.0557   19.3028
   -7.5000   30.0000   45.000010154.4580   19.1684
    0.0000   30.0000   45.000010629.2549   19.1205
    7.5000   30.0000   45.000010157.9238   19.0663
   -7.5000   37.5000   45.0000 9642.4814   19.1588
    0.0000   37.5000   45.000010106.7939   19.1124
    7.5000   37.5000   45.0000 9635.7168   19.0546
   -7.5000   45.0000   45.0000 8806.7520   18.6929
    0.0000   45.0000   45.0000 9233.9678   18.6525
    7.5000   45.0000   45.0000 8797.7422   18.5973

---------------------------------------------------------------------
imgreg_4dfp /opt/freesurfer/average/711-2C_as_mni_average_305 /opt/freesurfer/average/711-2B_as_mni_average_305_mask talsrcimg_g11 none talsrcimg_to_711-2C_as_mni_average_305_t4 4355
---------------------------------------------------------------------

freesurfer imgreg_4dfp.c
/opt/freesurfer/average/711-2C_as_mni_average_305.4dfp.img
       256       256       256         1
  1.000000  1.000000  1.000000
orientation T byte_order littleendian
Reading image: /opt/freesurfer/average/711-2C_as_mni_average_305.4dfp.img
dimensions:      256       256       256
mmppix:       1.0000   -1.0000   -1.0000
center:     128.0000 -129.0000 -129.0000
/opt/freesurfer/average/711-2B_as_mni_average_305_mask.4dfp.img
       256       256       256         1
  1.000000  1.000000  1.000000
orientation T byte_order littleendian
Reading mask: /opt/freesurfer/average/711-2B_as_mni_average_305_mask.4dfp.img (2306576 pixels)
talsrcimg_g11.4dfp.img
       256       256       256         1
  1.000000  1.000000  1.000000
orientation T byte_order littleendian
Reading image: talsrcimg_g11.4dfp.img
dimensions:      256       256       256
mmppix:       1.0000   -1.0000   -1.0000
center:     128.0000 -129.0000 -129.0000
rotation matrix determinant  1.000000
image alignment mode   4355 decimal     1103 hex
   -7.5000  -45.0000  -45.0000 2006.6143   20.4796
    0.0000  -45.0000  -45.0000 2015.8313   20.3103
    7.5000  -45.0000  -45.0000 2003.9840   20.4101
   -7.5000  -37.5000  -45.0000 2110.8088   18.5021
    0.0000  -37.5000  -45.0000 2123.5938   18.4075
    7.5000  -37.5000  -45.0000 2113.0874   18.4450
   -7.5000  -30.0000  -45.0000 2201.5532   16.9947
    0.0000  -30.0000  -45.0000 2213.9673   16.9053
    7.5000  -30.0000  -45.0000 2207.6982   16.9436
   -7.5000  -22.5000  -45.0000 2269.8899   15.9039
    0.0000  -22.5000  -45.0000 2279.0483   15.8063
    7.5000  -22.5000  -45.0000 2273.3525   15.8519
   -7.5000  -15.0000  -45.0000 2302.5139   15.2359
    0.0000  -15.0000  -45.0000 2314.3506   15.0882
    7.5000  -15.0000  -45.0000 2301.8149   15.1584
   -7.5000   -7.5000  -45.0000 2321.4277   14.8515
    0.0000   -7.5000  -45.0000 2337.0825   14.7260
    7.5000   -7.5000  -45.0000 2319.7324   14.8265
   -7.5000    0.0000  -45.0000 2319.7986   14.8376
    0.0000    0.0000  -45.0000 2336.5686   14.7084
    7.5000    0.0000  -45.0000 2318.8848   14.8343
   -7.5000    7.5000  -45.0000 2310.8618   14.9832
    0.0000    7.5000  -45.0000 2328.6489   14.8855
    7.5000    7.5000  -45.0000 2308.4482   15.0134
   -7.5000   15.0000  -45.0000 2287.9060   15.5086
    0.0000   15.0000  -45.0000 2307.1946   15.3852
    7.5000   15.0000  -45.0000 2285.0911   15.5549
   -7.5000   22.5000  -45.0000 2248.2952   16.3219
    0.0000   22.5000  -45.0000 2266.3467   16.1860
    7.5000   22.5000  -45.0000 2245.0171   16.3575
   -7.5000   30.0000  -45.0000 2185.3923   17.4527
    0.0000   30.0000  -45.0000 2201.1702   17.3158
    7.5000   30.0000  -45.0000 2181.0217   17.4865
   -7.5000   37.5000  -45.0000 2105.1509   18.9662
    0.0000   37.5000  -45.0000 2119.7524   18.7976
    7.5000   37.5000  -45.0000 2098.7783   19.0029
   -7.5000   45.0000  -45.0000 2005.7795   20.9552
    0.0000   45.0000  -45.0000 2017.7151   20.7392
    7.5000   45.0000  -45.0000 1997.7283   20.9969
   -7.5000  -45.0000  -37.5000 2079.5066   19.0826
    0.0000  -45.0000  -37.5000 2092.0295   19.0258
    7.5000  -45.0000  -37.5000 2077.7996   19.0368
   -7.5000  -37.5000  -37.5000 2194.5381   17.2628
    0.0000  -37.5000  -37.5000 2206.4854   17.1764
    7.5000  -37.5000  -37.5000 2194.0134   17.2045
   -7.5000  -30.0000  -37.5000 2289.6748   15.7986
    0.0000  -30.0000  -37.5000 2301.8535   15.6946
    7.5000  -30.0000  -37.5000 2290.9688   15.7637
   -7.5000  -22.5000  -37.5000 2362.9019   14.7586
    0.0000  -22.5000  -37.5000 2375.2148   14.6730
    7.5000  -22.5000  -37.5000 2363.0339   14.7292
   -7.5000  -15.0000  -37.5000 2400.3699   14.1284
    0.0000  -15.0000  -37.5000 2411.9001   14.0404
    7.5000  -15.0000  -37.5000 2394.9951   14.0974
   -7.5000   -7.5000  -37.5000 2421.0408   13.8137
    0.0000   -7.5000  -37.5000 2440.3159   13.7140
    7.5000   -7.5000  -37.5000 2416.9919   13.7983
   -7.5000    0.0000  -37.5000 2425.7693   13.7647
    0.0000    0.0000  -37.5000 2441.2437   13.6562
    7.5000    0.0000  -37.5000 2423.0864   13.7458
   -7.5000    7.5000  -37.5000 2414.9978   13.9190
    0.0000    7.5000  -37.5000 2430.6887   13.8070
    7.5000    7.5000  -37.5000 2412.0266   13.9106
   -7.5000   15.0000  -37.5000 2389.9182   14.3529
    0.0000   15.0000  -37.5000 2407.9126   14.2311
    7.5000   15.0000  -37.5000 2384.3730   14.3942
   -7.5000   22.5000  -37.5000 2348.4617   15.0986
    0.0000   22.5000  -37.5000 2366.9817   14.9567
    7.5000   22.5000  -37.5000 2343.7825   15.1384
   -7.5000   30.0000  -37.5000 2280.9866   16.1644
    0.0000   30.0000  -37.5000 2294.8345   16.0061
    7.5000   30.0000  -37.5000 2272.9409   16.1809
   -7.5000   37.5000  -37.5000 2188.9836   17.5556
    0.0000   37.5000  -37.5000 2204.7327   17.4216
    7.5000   37.5000  -37.5000 2183.3911   17.5865
   -7.5000   45.0000  -37.5000 2083.8638   19.4006
    0.0000   45.0000  -37.5000 2095.1890   19.2453
    7.5000   45.0000  -37.5000 2074.2129   19.4285
   -7.5000  -45.0000  -30.0000 2189.3584   18.4692
    0.0000  -45.0000  -30.0000 2195.7681   18.4417
    7.5000  -45.0000  -30.0000 2185.8604   18.4549
   -7.5000  -37.5000  -30.0000 2312.7407   16.6530
    0.0000  -37.5000  -30.0000 2321.1255   16.6289
    7.5000  -37.5000  -30.0000 2309.6492   16.6661
   -7.5000  -30.0000  -30.0000 2411.0037   15.2385
    0.0000  -30.0000  -30.0000 2424.2102   15.1549
    7.5000  -30.0000  -30.0000 2411.7173   15.2337
   -7.5000  -22.5000  -30.0000 2489.1445   14.2211
    0.0000  -22.5000  -30.0000 2503.1992   14.1149
    7.5000  -22.5000  -30.0000 2487.6057   14.1881
   -7.5000  -15.0000  -30.0000 2535.8853   13.5771
    0.0000  -15.0000  -30.0000 2549.6958   13.4615
    7.5000  -15.0000  -30.0000 2532.2812   13.5313
   -7.5000   -7.5000  -30.0000 2565.8445   13.2734
    0.0000   -7.5000  -30.0000 2582.9070   13.1621
    7.5000   -7.5000  -30.0000 2559.7036   13.2551
   -7.5000    0.0000  -30.0000 2579.7039   13.2131
    0.0000    0.0000  -30.0000 2594.0986   13.1054
    7.5000    0.0000  -30.0000 2571.6169   13.1769
   -7.5000    7.5000  -30.0000 2572.7197   13.3865
    0.0000    7.5000  -30.0000 2589.6265   13.2883
    7.5000    7.5000  -30.0000 2565.9907   13.3905
   -7.5000   15.0000  -30.0000 2543.6960   13.8221
    0.0000   15.0000  -30.0000 2561.8694   13.7003
    7.5000   15.0000  -30.0000 2534.0288   13.8352
   -7.5000   22.5000  -30.0000 2495.6907   14.5116
    0.0000   22.5000  -30.0000 2515.0862   14.3913
    7.5000   22.5000  -30.0000 2485.9895   14.5132
   -7.5000   30.0000  -30.0000 2419.6445   15.5231
    0.0000   30.0000  -30.0000 2436.5884   15.4149
    7.5000   30.0000  -30.0000 2408.6951   15.5512
   -7.5000   37.5000  -30.0000 2318.0422   16.8692
    0.0000   37.5000  -30.0000 2334.0959   16.7400
    7.5000   37.5000  -30.0000 2308.0679   16.9018
   -7.5000   45.0000  -30.0000 2200.1736   18.6313
    0.0000   45.0000  -30.0000 2213.3191   18.5057
    7.5000   45.0000  -30.0000 2189.7297   18.6875
   -7.5000  -45.0000  -22.5000 2263.3110   17.7759
    0.0000  -45.0000  -22.5000 2273.0979   17.7341
    7.5000  -45.0000  -22.5000 2263.7722   17.8222
   -7.5000  -37.5000  -22.5000 2394.9062   15.9952
    0.0000  -37.5000  -22.5000 2409.7617   15.9641
    7.5000  -37.5000  -22.5000 2393.3191   16.0356
   -7.5000  -30.0000  -22.5000 2500.1204   14.5957
    0.0000  -30.0000  -22.5000 2518.9985   14.5406
    7.5000  -30.0000  -22.5000 2503.7898   14.6238
   -7.5000  -22.5000  -22.5000 2586.1208   13.5913
    0.0000  -22.5000  -22.5000 2602.2295   13.5253
    7.5000  -22.5000  -22.5000 2583.2292   13.5725
   -7.5000  -15.0000  -22.5000 2637.5378   12.9429
    0.0000  -15.0000  -22.5000 2654.7830   12.8443
    7.5000  -15.0000  -22.5000 2638.3127   12.9130
   -7.5000   -7.5000  -22.5000 2680.9675   12.6185
    0.0000   -7.5000  -22.5000 2699.2268   12.5140
    7.5000   -7.5000  -22.5000 2674.9492   12.5875
   -7.5000    0.0000  -22.5000 2707.1655   12.4997
    0.0000    0.0000  -22.5000 2728.1401   12.4229
    7.5000    0.0000  -22.5000 2700.0654   12.5081
   -7.5000    7.5000  -22.5000 2700.8835   12.7341
    0.0000    7.5000  -22.5000 2724.6777   12.6781
    7.5000    7.5000  -22.5000 2693.8730   12.7398
   -7.5000   15.0000  -22.5000 2672.3508   13.1942
    0.0000   15.0000  -22.5000 2695.5037   13.1107
    7.5000   15.0000  -22.5000 2662.0229   13.1948
   -7.5000   22.5000  -22.5000 2618.0073   13.8580
    0.0000   22.5000  -22.5000 2640.9053   13.7361
    7.5000   22.5000  -22.5000 2610.3784   13.8481
   -7.5000   30.0000  -22.5000 2528.8059   14.8014
    0.0000   30.0000  -22.5000 2552.7756   14.6902
    7.5000   30.0000  -22.5000 2524.7412   14.8152
   -7.5000   37.5000  -22.5000 2420.5420   16.1012
    0.0000   37.5000  -22.5000 2437.4312   15.9891
    7.5000   37.5000  -22.5000 2411.9607   16.1312
   -7.5000   45.0000  -22.5000 2290.8689   17.7673
    0.0000   45.0000  -22.5000 2304.9880   17.6557
    7.5000   45.0000  -22.5000 2282.1797   17.8233
   -7.5000  -45.0000  -15.0000 2304.4744   17.1513
    0.0000  -45.0000  -15.0000 2323.3193   17.0388
    7.5000  -45.0000  -15.0000 2308.6497   17.2028
   -7.5000  -37.5000  -15.0000 2442.3179   15.4102
    0.0000  -37.5000  -15.0000 2458.5710   15.3343
    7.5000  -37.5000  -15.0000 2443.5374   15.4506
   -7.5000  -30.0000  -15.0000 2552.9597   14.0577
    0.0000  -30.0000  -15.0000 2572.2085   13.9909
    7.5000  -30.0000  -15.0000 2556.3694   14.0726
   -7.5000  -22.5000  -15.0000 2648.6155   13.0556
    0.0000  -22.5000  -15.0000 2668.5342   12.9924
    7.5000  -22.5000  -15.0000 2648.1453   13.0553
   -7.5000  -15.0000  -15.0000 2721.6519   12.3922
    0.0000  -15.0000  -15.0000 2738.2961   12.3063
    7.5000  -15.0000  -15.0000 2720.8684   12.3836
   -7.5000   -7.5000  -15.0000 2767.3474   12.0239
    0.0000   -7.5000  -15.0000 2789.0801   11.9269
    7.5000   -7.5000  -15.0000 2765.4868   12.0021
   -7.5000    0.0000  -15.0000 2800.6589   11.8720
    0.0000    0.0000  -15.0000 2827.2878   11.7970
    7.5000    0.0000  -15.0000 2793.0095   11.8842
   -7.5000    7.5000  -15.0000 2802.6145   12.1291
    0.0000    7.5000  -15.0000 2831.5317   12.0794
    7.5000    7.5000  -15.0000 2794.2847   12.1444
   -7.5000   15.0000  -15.0000 2769.0381   12.5896
    0.0000   15.0000  -15.0000 2795.9658   12.5142
    7.5000   15.0000  -15.0000 2762.7200   12.5788
   -7.5000   22.5000  -15.0000 2705.2761   13.2539
    0.0000   22.5000  -15.0000 2727.9810   13.1436
    7.5000   22.5000  -15.0000 2697.4688   13.2414
   -7.5000   30.0000  -15.0000 2611.1802   14.1479
    0.0000   30.0000  -15.0000 2633.2773   14.0178
    7.5000   30.0000  -15.0000 2608.2786   14.1241
   -7.5000   37.5000  -15.0000 2492.1868   15.3885
    0.0000   37.5000  -15.0000 2508.5222   15.2689
    7.5000   37.5000  -15.0000 2483.9060   15.3835
   -7.5000   45.0000  -15.0000 2354.9971   16.9940
    0.0000   45.0000  -15.0000 2371.7629   16.8901
    7.5000   45.0000  -15.0000 2347.7280   17.0541
   -7.5000  -45.0000   -7.5000 2325.7419   16.6847
    0.0000  -45.0000   -7.5000 2339.6304   16.5212
    7.5000  -45.0000   -7.5000 2326.5127   16.7011
   -7.5000  -37.5000   -7.5000 2460.9268   14.9662
    0.0000  -37.5000   -7.5000 2475.8403   14.8343
    7.5000  -37.5000   -7.5000 2463.9111   14.9898
   -7.5000  -30.0000   -7.5000 2578.1619   13.6217
    0.0000  -30.0000   -7.5000 2596.7871   13.5044
    7.5000  -30.0000   -7.5000 2581.2041   13.6239
   -7.5000  -22.5000   -7.5000 2683.0762   12.6107
    0.0000  -22.5000   -7.5000 2705.0063   12.4948
    7.5000  -22.5000   -7.5000 2687.8396   12.6005
   -7.5000  -15.0000   -7.5000 2771.9263   11.9489
    0.0000  -15.0000   -7.5000 2796.7390   11.8336
    7.5000  -15.0000   -7.5000 2774.8752   11.9176
   -7.5000   -7.5000   -7.5000 2836.7930   11.5557
    0.0000   -7.5000   -7.5000 2863.6211   11.4529
    7.5000   -7.5000   -7.5000 2837.2380   11.5223
   -7.5000    0.0000   -7.5000 2882.0264   11.4042
    0.0000    0.0000   -7.5000 2919.0161   11.2931
    7.5000    0.0000   -7.5000 2877.2124   11.3934
   -7.5000    7.5000   -7.5000 2884.0352   11.6527
    0.0000    7.5000   -7.5000 2919.8022   11.5499
    7.5000    7.5000   -7.5000 2876.1870   11.6561
   -7.5000   15.0000   -7.5000 2841.9817   12.0927
    0.0000   15.0000   -7.5000 2871.9175   11.9754
    7.5000   15.0000   -7.5000 2835.6411   12.0694
   -7.5000   22.5000   -7.5000 2765.6782   12.7126
    0.0000   22.5000   -7.5000 2792.9128   12.5883
    7.5000   22.5000   -7.5000 2760.5725   12.7013
   -7.5000   30.0000   -7.5000 2660.4548   13.5819
    0.0000   30.0000   -7.5000 2685.1436   13.4471
    7.5000   30.0000   -7.5000 2656.3313   13.5819
   -7.5000   37.5000   -7.5000 2534.5979   14.7940
    0.0000   37.5000   -7.5000 2553.3179   14.6768
    7.5000   37.5000   -7.5000 2524.9905   14.8170
   -7.5000   45.0000   -7.5000 2398.8386   16.3457
    0.0000   45.0000   -7.5000 2415.2549   16.2607
    7.5000   45.0000   -7.5000 2389.5522   16.4121
   -7.5000  -45.0000    0.0000 2329.4788   16.5243
    0.0000  -45.0000    0.0000 2344.5527   16.2868
    7.5000  -45.0000    0.0000 2333.0764   16.4922
   -7.5000  -37.5000    0.0000 2462.6597   14.7790
    0.0000  -37.5000    0.0000 2479.8921   14.5588
    7.5000  -37.5000    0.0000 2468.0342   14.7657
   -7.5000  -30.0000    0.0000 2578.9436   13.4172
    0.0000  -30.0000    0.0000 2599.8203   13.1933
    7.5000  -30.0000    0.0000 2587.6133   13.3989
   -7.5000  -22.5000    0.0000 2693.5049   12.4000
    0.0000  -22.5000    0.0000 2716.1470   12.1835
    7.5000  -22.5000    0.0000 2700.2415   12.3774
   -7.5000  -15.0000    0.0000 2797.3018   11.7156
    0.0000  -15.0000    0.0000 2827.4790   11.4996
    7.5000  -15.0000    0.0000 2801.3271   11.6626
   -7.5000   -7.5000    0.0000 2881.3135   11.3103
    0.0000   -7.5000    0.0000 2915.6904   11.1408
    7.5000   -7.5000    0.0000 2882.4858   11.2498
   -7.5000    0.0000    0.0000 2939.9019   11.1493
    0.0000    0.0000    0.0000 2986.3564   10.9637
    7.5000    0.0000    0.0000 2933.8137   11.1050
   -7.5000    7.5000    0.0000 2941.4814   11.3433
    0.0000    7.5000    0.0000 2985.2229   11.1593
    7.5000    7.5000    0.0000 2930.2014   11.3211
   -7.5000   15.0000    0.0000 2884.3013   11.7909
    0.0000   15.0000    0.0000 2922.9343   11.5890
    7.5000   15.0000    0.0000 2877.4062   11.7740
   -7.5000   22.5000    0.0000 2792.9583   12.4248
    0.0000   22.5000    0.0000 2826.3164   12.2446
    7.5000   22.5000    0.0000 2788.6125   12.4239
   -7.5000   30.0000    0.0000 2684.9163   13.2841
    0.0000   30.0000    0.0000 2712.2358   13.1083
    7.5000   30.0000    0.0000 2682.8540   13.2592
   -7.5000   37.5000    0.0000 2555.8940   14.4660
    0.0000   37.5000    0.0000 2575.7761   14.3085
    7.5000   37.5000    0.0000 2549.8794   14.4467
   -7.5000   45.0000    0.0000 2417.4314   15.9859
    0.0000   45.0000    0.0000 2435.1418   15.8623
    7.5000   45.0000    0.0000 2406.8572   16.0152
   -7.5000  -45.0000    7.5000 2318.8123   16.5257
    0.0000  -45.0000    7.5000 2337.3696   16.2440
    7.5000  -45.0000    7.5000 2329.2761   16.4705
   -7.5000  -37.5000    7.5000 2448.1763   14.7422
    0.0000  -37.5000    7.5000 2467.8811   14.4689
    7.5000  -37.5000    7.5000 2456.8445   14.7091
   -7.5000  -30.0000    7.5000 2566.9282   13.3646
    0.0000  -30.0000    7.5000 2587.7097   13.1052
    7.5000  -30.0000    7.5000 2575.9412   13.3532
   -7.5000  -22.5000    7.5000 2688.7107   12.3526
    0.0000  -22.5000    7.5000 2710.1670   12.1079
    7.5000  -22.5000    7.5000 2692.4609   12.3105
   -7.5000  -15.0000    7.5000 2796.7039   11.6199
    0.0000  -15.0000    7.5000 2826.9238   11.3640
    7.5000  -15.0000    7.5000 2801.2000   11.5849
   -7.5000   -7.5000    7.5000 2893.7373   11.2295
    0.0000   -7.5000    7.5000 2931.0327   10.9629
    7.5000   -7.5000    7.5000 2894.8469   11.1591
   -7.5000    0.0000    7.5000 2960.1089   11.0560
    0.0000    0.0000    7.5000 3008.7786   10.8135
    7.5000    0.0000    7.5000 2957.6130   11.0055
   -7.5000    7.5000    7.5000 2962.4700   11.2090
    0.0000    7.5000    7.5000 3008.2124   10.9730
    7.5000    7.5000    7.5000 2955.0198   11.2045
   -7.5000   15.0000    7.5000 2898.0813   11.6204
    0.0000   15.0000    7.5000 2937.3567   11.4349
    7.5000   15.0000    7.5000 2891.0452   11.6061
   -7.5000   22.5000    7.5000 2799.2793   12.2613
    0.0000   22.5000    7.5000 2830.2358   12.0978
    7.5000   22.5000    7.5000 2794.7668   12.2360
   -7.5000   30.0000    7.5000 2680.9468   13.1347
    0.0000   30.0000    7.5000 2703.7849   12.9823
    7.5000   30.0000    7.5000 2678.2688   13.0964
   -7.5000   37.5000    7.5000 2553.7590   14.3264
    0.0000   37.5000    7.5000 2568.8044   14.1914
    7.5000   37.5000    7.5000 2547.6599   14.3049
   -7.5000   45.0000    7.5000 2414.9424   15.8210
    0.0000   45.0000    7.5000 2429.5159   15.7244
    7.5000   45.0000    7.5000 2406.2812   15.8319
   -7.5000  -45.0000   15.0000 2297.4211   16.7637
    0.0000  -45.0000   15.0000 2319.4419   16.4541
    7.5000  -45.0000   15.0000 2312.6379   16.6939
   -7.5000  -37.5000   15.0000 2423.1836   14.9394
    0.0000  -37.5000   15.0000 2446.4116   14.6250
    7.5000  -37.5000   15.0000 2435.2991   14.8770
   -7.5000  -30.0000   15.0000 2541.5332   13.5367
    0.0000  -30.0000   15.0000 2563.8137   13.2461
    7.5000  -30.0000   15.0000 2551.3379   13.4922
   -7.5000  -22.5000   15.0000 2663.0251   12.5068
    0.0000  -22.5000   15.0000 2684.7329   12.2094
    7.5000  -22.5000   15.0000 2670.5068   12.4547
   -7.5000  -15.0000   15.0000 2771.2612   11.7658
    0.0000  -15.0000   15.0000 2793.5781   11.4686
    7.5000  -15.0000   15.0000 2778.8792   11.7148
   -7.5000   -7.5000   15.0000 2868.5857   11.3402
    0.0000   -7.5000   15.0000 2900.1143   11.0800
    7.5000   -7.5000   15.0000 2871.9043   11.2900
   -7.5000    0.0000   15.0000 2931.3687   11.1917
    0.0000    0.0000   15.0000 2976.7100   10.9890
    7.5000    0.0000   15.0000 2934.2124   11.1660
   -7.5000    7.5000   15.0000 2931.3916   11.3539
    0.0000    7.5000   15.0000 2979.9907   11.2409
    7.5000    7.5000   15.0000 2934.6880   11.3275
   -7.5000   15.0000   15.0000 2871.0869   11.7291
    0.0000   15.0000   15.0000 2914.2385   11.6098
    7.5000   15.0000   15.0000 2873.9419   11.6925
   -7.5000   22.5000   15.0000 2779.7734   12.3262
    0.0000   22.5000   15.0000 2811.3523   12.1880
    7.5000   22.5000   15.0000 2779.0283   12.2972
   -7.5000   30.0000   15.0000 2658.2766   13.1922
    0.0000   30.0000   15.0000 2679.5161   13.0413
    7.5000   30.0000   15.0000 2659.7620   13.1487
   -7.5000   37.5000   15.0000 2534.7988   14.3466
    0.0000   37.5000   15.0000 2546.6055   14.2131
    7.5000   37.5000   15.0000 2532.9790   14.3446
   -7.5000   45.0000   15.0000 2395.3833   15.8125
    0.0000   45.0000   15.0000 2408.1653   15.7091
    7.5000   45.0000   15.0000 2390.9680   15.8667
   -7.5000  -45.0000   22.5000 2268.7537   17.2437
    0.0000  -45.0000   22.5000 2289.1289   16.8937
    7.5000  -45.0000   22.5000 2282.8496   17.1642
   -7.5000  -37.5000   22.5000 2392.4761   15.3839
    0.0000  -37.5000   22.5000 2418.9976   15.0710
    7.5000  -37.5000   22.5000 2406.3149   15.2884
   -7.5000  -30.0000   22.5000 2508.3110   13.9837
    0.0000  -30.0000   22.5000 2530.7007   13.6678
    7.5000  -30.0000   22.5000 2517.6138   13.8994
   -7.5000  -22.5000   22.5000 2627.3064   12.9324
    0.0000  -22.5000   22.5000 2649.0347   12.6442
    7.5000  -22.5000   22.5000 2632.4766   12.8567
   -7.5000  -15.0000   22.5000 2728.7048   12.2123
    0.0000  -15.0000   22.5000 2746.4648   11.9497
    7.5000  -15.0000   22.5000 2732.8621   12.1504
   -7.5000   -7.5000   22.5000 2813.4336   11.7860
    0.0000   -7.5000   22.5000 2841.9072   11.5043
    7.5000   -7.5000   22.5000 2819.4517   11.7289
   -7.5000    0.0000   22.5000 2863.7700   11.5917
    0.0000    0.0000   22.5000 2894.4832   11.3933
    7.5000    0.0000   22.5000 2867.5623   11.5596
   -7.5000    7.5000   22.5000 2868.5464   11.6945
    0.0000    7.5000   22.5000 2902.7832   11.5292
    7.5000    7.5000   22.5000 2873.6501   11.6620
   -7.5000   15.0000   22.5000 2814.9612   12.1087
    0.0000   15.0000   22.5000 2847.4158   11.9135
    7.5000   15.0000   22.5000 2819.6230   12.0705
   -7.5000   22.5000   22.5000 2728.3469   12.7181
    0.0000   22.5000   22.5000 2758.2163   12.5204
    7.5000   22.5000   22.5000 2730.1506   12.6618
   -7.5000   30.0000   22.5000 2614.8994   13.5644
    0.0000   30.0000   22.5000 2634.1167   13.3783
    7.5000   30.0000   22.5000 2615.4873   13.5091
   -7.5000   37.5000   22.5000 2496.2705   14.6760
    0.0000   37.5000   22.5000 2513.7170   14.5138
    7.5000   37.5000   22.5000 2497.0564   14.6362
   -7.5000   45.0000   22.5000 2360.2244   16.1018
    0.0000   45.0000   22.5000 2375.7397   15.9731
    7.5000   45.0000   22.5000 2359.0459   16.0952
   -7.5000  -45.0000   30.0000 2225.0222   17.9834
    0.0000  -45.0000   30.0000 2245.6912   17.6763
    7.5000  -45.0000   30.0000 2236.4783   17.8889
   -7.5000  -37.5000   30.0000 2347.8862   16.0874
    0.0000  -37.5000   30.0000 2375.8235   15.8242
    7.5000  -37.5000   30.0000 2359.0132   16.0257
   -7.5000  -30.0000   30.0000 2462.4722   14.6836
    0.0000  -30.0000   30.0000 2491.6167   14.4605
    7.5000  -30.0000   30.0000 2470.1113   14.6352
   -7.5000  -22.5000   30.0000 2572.7725   13.6628
    0.0000  -22.5000   30.0000 2601.2366   13.4360
    7.5000  -22.5000   30.0000 2580.1372   13.5918
   -7.5000  -15.0000   30.0000 2667.9800   12.8922
    0.0000  -15.0000   30.0000 2689.5647   12.6286
    7.5000  -15.0000   30.0000 2674.0771   12.8046
   -7.5000   -7.5000   30.0000 2739.2229   12.4205
    0.0000   -7.5000   30.0000 2764.7021   12.1509
    7.5000   -7.5000   30.0000 2744.6533   12.3386
   -7.5000    0.0000   30.0000 2776.1663   12.2108
    0.0000    0.0000   30.0000 2795.8848   12.0224
    7.5000    0.0000   30.0000 2779.1582   12.1577
   -7.5000    7.5000   30.0000 2777.3748   12.2693
    0.0000    7.5000   30.0000 2802.6799   12.1085
    7.5000    7.5000   30.0000 2782.2522   12.2384
   -7.5000   15.0000   30.0000 2728.6509   12.6638
    0.0000   15.0000   30.0000 2757.0630   12.4848
    7.5000   15.0000   30.0000 2733.2854   12.6180
   -7.5000   22.5000   30.0000 2652.1375   13.2757
    0.0000   22.5000   30.0000 2679.1853   13.0786
    7.5000   22.5000   30.0000 2651.7988   13.2179
   -7.5000   30.0000   30.0000 2552.4900   14.1263
    0.0000   30.0000   30.0000 2570.7034   13.9301
    7.5000   30.0000   30.0000 2551.3525   14.0641
   -7.5000   37.5000   30.0000 2438.8918   15.2101
    0.0000   37.5000   30.0000 2455.1936   15.0610
    7.5000   37.5000   30.0000 2437.9436   15.1731
   -7.5000   45.0000   30.0000 2310.9043   16.6305
    0.0000   45.0000   30.0000 2325.7268   16.5002
    7.5000   45.0000   30.0000 2306.8882   16.6138
   -7.5000  -45.0000   37.5000 2167.8284   19.0631
    0.0000  -45.0000   37.5000 2191.3230   18.8209
    7.5000  -45.0000   37.5000 2178.3447   18.9332
   -7.5000  -37.5000   37.5000 2289.5061   17.1263
    0.0000  -37.5000   37.5000 2320.5208   16.9533
    7.5000  -37.5000   37.5000 2302.1255   17.0431
   -7.5000  -30.0000   37.5000 2399.4246   15.6619
    0.0000  -30.0000   37.5000 2433.6294   15.4957
    7.5000  -30.0000   37.5000 2413.7795   15.5989
   -7.5000  -22.5000   37.5000 2505.3022   14.5868
    0.0000  -22.5000   37.5000 2537.8777   14.3760
    7.5000  -22.5000   37.5000 2516.0657   14.4995
   -7.5000  -15.0000   37.5000 2592.9143   13.7754
    0.0000  -15.0000   37.5000 2621.3308   13.5567
    7.5000  -15.0000   37.5000 2598.8994   13.6771
   -7.5000   -7.5000   37.5000 2651.7727   13.2757
    0.0000   -7.5000   37.5000 2679.5474   13.0730
    7.5000   -7.5000   37.5000 2656.8203   13.1928
   -7.5000    0.0000   37.5000 2680.6245   13.0270
    0.0000    0.0000   37.5000 2699.7922   12.8665
    7.5000    0.0000   37.5000 2684.2747   12.9737
   -7.5000    7.5000   37.5000 2675.0254   13.0542
    0.0000    7.5000   37.5000 2696.0166   12.9039
    7.5000    7.5000   37.5000 2679.5173   13.0128
   -7.5000   15.0000   37.5000 2632.5974   13.4473
    0.0000   15.0000   37.5000 2652.7815   13.2774
    7.5000   15.0000   37.5000 2634.7603   13.3919
   -7.5000   22.5000   37.5000 2564.3447   14.0360
    0.0000   22.5000   37.5000 2586.7100   13.8580
    7.5000   22.5000   37.5000 2564.3916   13.9662
   -7.5000   30.0000   37.5000 2476.8967   14.8672
    0.0000   30.0000   37.5000 2493.8650   14.6782
    7.5000   30.0000   37.5000 2474.4646   14.8020
   -7.5000   37.5000   37.5000 2374.1758   15.9521
    0.0000   37.5000   37.5000 2384.1389   15.7990
    7.5000   37.5000   37.5000 2369.1006   15.9013
   -7.5000   45.0000   37.5000 2249.7686   17.3840
    0.0000   45.0000   37.5000 2263.0200   17.2761
    7.5000   45.0000   37.5000 2246.1145   17.3363
   -7.5000  -45.0000   45.0000 2094.4917   20.4544
    0.0000  -45.0000   45.0000 2118.8870   20.2871
    7.5000  -45.0000   45.0000 2106.4829   20.3517
   -7.5000  -37.5000   45.0000 2217.6445   18.3780
    0.0000  -37.5000   45.0000 2250.8777   18.2541
    7.5000  -37.5000   45.0000 2232.1489   18.3119
   -7.5000  -30.0000   45.0000 2329.1174   16.8399
    0.0000  -30.0000   45.0000 2365.6553   16.7168
    7.5000  -30.0000   45.0000 2345.9824   16.7824
   -7.5000  -22.5000   45.0000 2427.0017   15.7021
    0.0000  -22.5000   45.0000 2461.3364   15.5501
    7.5000  -22.5000   45.0000 2438.6875   15.6173
   -7.5000  -15.0000   45.0000 2507.1433   14.9012
    0.0000  -15.0000   45.0000 2536.6514   14.7034
    7.5000  -15.0000   45.0000 2513.3933   14.7942
   -7.5000   -7.5000   45.0000 2556.4858   14.3603
    0.0000   -7.5000   45.0000 2581.0742   14.1827
    7.5000   -7.5000   45.0000 2559.8494   14.2648
   -7.5000    0.0000   45.0000 2580.3462   14.0838
    0.0000    0.0000   45.0000 2597.8823   13.9300
    7.5000    0.0000   45.0000 2581.0583   13.9983
   -7.5000    7.5000   45.0000 2569.6121   14.0639
    0.0000    7.5000   45.0000 2591.8005   13.9485
    7.5000    7.5000   45.0000 2574.4338   14.0271
   -7.5000   15.0000   45.0000 2529.4924   14.4323
    0.0000   15.0000   45.0000 2546.5039   14.3030
    7.5000   15.0000   45.0000 2530.0583   14.4062
   -7.5000   22.5000   45.0000 2470.0535   15.0024
    0.0000   22.5000   45.0000 2490.7466   14.8468
    7.5000   22.5000   45.0000 2469.8853   14.9323
   -7.5000   30.0000   45.0000 2394.9287   15.8149
    0.0000   30.0000   45.0000 2413.8171   15.6547
    7.5000   30.0000   45.0000 2395.5483   15.7258
   -7.5000   37.5000   45.0000 2295.1863   16.9068
    0.0000   37.5000   45.0000 2310.9509   16.7705
    7.5000   37.5000   45.0000 2294.7808   16.8329
   -7.5000   45.0000   45.0000 2173.3997   18.3676
    0.0000   45.0000   45.0000 2190.6650   18.2864
    7.5000   45.0000   45.0000 2175.5891   18.3428

---------------------------------------------------------------------
imgreg_4dfp /opt/freesurfer/average/711-2C_as_mni_average_305 /opt/freesurfer/average/711-2B_as_mni_average_305_mask talsrcimg_g11 none talsrcimg_to_711-2C_as_mni_average_305_t4 1283
---------------------------------------------------------------------

freesurfer imgreg_4dfp.c
/opt/freesurfer/average/711-2C_as_mni_average_305.4dfp.img
       256       256       256         1
  1.000000  1.000000  1.000000
orientation T byte_order littleendian
Reading image: /opt/freesurfer/average/711-2C_as_mni_average_305.4dfp.img
dimensions:      256       256       256
mmppix:       1.0000   -1.0000   -1.0000
center:     128.0000 -129.0000 -129.0000
/opt/freesurfer/average/711-2B_as_mni_average_305_mask.4dfp.img
       256       256       256         1
  1.000000  1.000000  1.000000
orientation T byte_order littleendian
Reading mask: /opt/freesurfer/average/711-2B_as_mni_average_305_mask.4dfp.img (2306576 pixels)
talsrcimg_g11.4dfp.img
       256       256       256         1
  1.000000  1.000000  1.000000
orientation T byte_order littleendian
Reading image: talsrcimg_g11.4dfp.img
dimensions:      256       256       256
mmppix:       1.0000   -1.0000   -1.0000
center:     128.0000 -129.0000 -129.0000
rotation matrix determinant  1.000000
fimgreg.f
image alignment mode   1283 decimal      503 hex
parameters
    0.0000    0.0000    7.5000    0.0000    0.0000    0.0000
eta,q 0.94361 10.80399
niter,ni,del,rscale     5    3   12.0000    1.2000
parameter  4  1.919687 ->  0.500000 qaram    1.1500
parameters
   -1.0301    2.8010    7.0965   -3.4500   -0.7761   -1.0174
eta,q 0.94990 10.58214
  0.0643  0.0733  0.0581  0.0506  0.0552  0.0532
  0.0580  0.0640  0.0557  0.0505  0.0522  0.0512
  0.0548  0.0574  0.0542  0.0515  0.0506  0.0502
  0.0554  0.0546  0.0535  0.0537  0.0507  0.0504
  0.0594  0.0538  0.0541  0.0565  0.0520  0.0514
  0.0654  0.0537  0.0562  0.0584  0.0546  0.0533
  0.0702  0.0544  0.0602  0.0597  0.0579  0.0559
niter,ni,del,rscale     5    3   12.0000    1.2000
parameters
   -1.0388    4.6074    6.7064   -5.3894   -1.0946   -1.0046
eta,q 0.95223 10.58510
  0.0630  0.0649  0.0559  0.0528  0.0550  0.0529
  0.0557  0.0583  0.0526  0.0485  0.0506  0.0503
  0.0513  0.0531  0.0500  0.0477  0.0482  0.0483
  0.0501  0.0501  0.0492  0.0492  0.0478  0.0478
  0.0518  0.0492  0.0504  0.0518  0.0493  0.0485
  0.0564  0.0508  0.0535  0.0552  0.0522  0.0502
  0.0626  0.0539  0.0583  0.0592  0.0561  0.0528
niter,ni,del,rscale     4    3   12.0000    1.2000
parameters
   -0.8380    5.6426    6.2712   -6.6869   -1.3552   -0.6798
eta,q 0.95336 10.59847
  0.0633  0.0616  0.0547  0.0528  0.0546  0.0520
  0.0557  0.0551  0.0512  0.0481  0.0499  0.0495
  0.0504  0.0500  0.0484  0.0463  0.0471  0.0476
  0.0478  0.0477  0.0478  0.0478  0.0467  0.0467
  0.0489  0.0486  0.0492  0.0501  0.0484  0.0471
  0.0544  0.0509  0.0522  0.0531  0.0515  0.0486
  0.0616  0.0542  0.0574  0.0567  0.0554  0.0512
niter,ni,del,rscale     3    3   12.0000    1.2000
parameters
   -0.6501    6.3356    5.9919   -7.4644   -1.4624   -0.5091
eta,q 0.95406 10.61598
  0.0626  0.0601  0.0544  0.0537  0.0545  0.0511
  0.0554  0.0533  0.0506  0.0484  0.0498  0.0488
  0.0498  0.0482  0.0477  0.0451  0.0466  0.0469
  0.0466  0.0466  0.0468  0.0468  0.0460  0.0460
  0.0480  0.0479  0.0481  0.0493  0.0476  0.0464
  0.0540  0.0503  0.0512  0.0522  0.0507  0.0480
  0.0612  0.0546  0.0563  0.0554  0.0545  0.0509
niter,ni,del,rscale     2    3   12.0000    1.2000
parameters
   -0.5571    6.7044    5.8288   -7.8981   -1.5019   -0.4309
eta,q 0.95449 10.62756
  0.0617  0.0590  0.0542  0.0544  0.0543  0.0508
  0.0548  0.0522  0.0503  0.0494  0.0497  0.0485
  0.0490  0.0472  0.0473  0.0447  0.0463  0.0466
  0.0459  0.0459  0.0460  0.0460  0.0455  0.0455
  0.0477  0.0476  0.0473  0.0488  0.0472  0.0461
  0.0540  0.0506  0.0505  0.0518  0.0502  0.0478
  0.0612  0.0556  0.0555  0.0549  0.0540  0.0510
niter,ni,del,rscale     1    3   12.0000    1.2000
parameters
   -0.5226    6.9014    5.7398   -8.1432   -1.5089   -0.3921
eta,q 0.95468 10.63446
  0.0612  0.0584  0.0542  0.0549  0.0542  0.0507
  0.0543  0.0517  0.0501  0.0500  0.0496  0.0484
  0.0485  0.0467  0.0470  0.0448  0.0462  0.0464
  0.0455  0.0455  0.0456  0.0456  0.0453  0.0453
  0.0475  0.0476  0.0468  0.0485  0.0469  0.0459
  0.0540  0.0510  0.0500  0.0515  0.0500  0.0477
  0.0612  0.0562  0.0551  0.0547  0.0538  0.0510
registration optimization eta report
parameter search radius
    6.0000    6.0000    6.0000    6.9000    6.0000    6.0000
100000*second partial in parameter space
       42.       32.       25.       19.       23.       15.
  0.0612  0.0584  0.0542  0.0549  0.0542  0.0507
  0.0543  0.0517  0.0501  0.0500  0.0496  0.0484
  0.0485  0.0467  0.0470  0.0448  0.0462  0.0464
  0.0455  0.0455  0.0456  0.0456  0.0453  0.0453
  0.0475  0.0476  0.0468  0.0485  0.0469  0.0459
  0.0540  0.0510  0.0500  0.0515  0.0500  0.0477
  0.0612  0.0562  0.0551  0.0547  0.0538  0.0510
   -0.5226    6.9014    5.7398   -8.1432   -1.5089   -0.3921
eta,q 0.95468 10.63446

---------------------------------------------------------------------
imgreg_4dfp /opt/freesurfer/average/711-2C_as_mni_average_305 /opt/freesurfer/average/711-2B_as_mni_average_305_mask talsrcimg_g11 none talsrcimg_to_711-2C_as_mni_average_305_t4 3335
---------------------------------------------------------------------

freesurfer imgreg_4dfp.c
/opt/freesurfer/average/711-2C_as_mni_average_305.4dfp.img
       256       256       256         1
  1.000000  1.000000  1.000000
orientation T byte_order littleendian
Reading image: /opt/freesurfer/average/711-2C_as_mni_average_305.4dfp.img
dimensions:      256       256       256
mmppix:       1.0000   -1.0000   -1.0000
center:     128.0000 -129.0000 -129.0000
/opt/freesurfer/average/711-2B_as_mni_average_305_mask.4dfp.img
       256       256       256         1
  1.000000  1.000000  1.000000
orientation T byte_order littleendian
Reading mask: /opt/freesurfer/average/711-2B_as_mni_average_305_mask.4dfp.img (2306576 pixels)
talsrcimg_g11.4dfp.img
       256       256       256         1
  1.000000  1.000000  1.000000
orientation T byte_order littleendian
Reading image: talsrcimg_g11.4dfp.img
dimensions:      256       256       256
mmppix:       1.0000   -1.0000   -1.0000
center:     128.0000 -129.0000 -129.0000
fimgreg.f
image alignment mode   3335 decimal      D07 hex
parameters
   -0.5226    6.9014    5.7398   -0.0370   -1.0080   -1.0426
    0.3044    2.7036   -0.6840   14.1465   -2.6333  -14.1598
eta,q 0.95303 10.80938
niter,ni,del,rscale     5    3    5.0000    1.2000
parameter  4  1.680394 ->  0.500000 qaram    1.1500
parameter  5  2.530892 ->  0.500000 qaram    1.1500
parameter  6  1.634112 ->  0.500000 qaram    1.1500
parameter 10  0.698358 ->  0.500000 qaram    1.1500
parameters
   -0.4406    7.5126    5.2427   -4.1770   -5.1480   -5.1826
   -0.3195    2.4453    0.1333   10.0065   -3.5138  -17.2994
eta,q 0.97010 10.35905
  0.0496  0.0488  0.0475  0.0408  0.0355  0.0297  0.0335  0.0360  0.0341  0.0306  0.0316  0.0304
  0.0482  0.0478  0.0471  0.0419  0.0372  0.0310  0.0324  0.0338  0.0329  0.0302  0.0308  0.0300
  0.0473  0.0473  0.0469  0.0440  0.0395  0.0339  0.0318  0.0322  0.0321  0.0305  0.0303  0.0299
  0.0470  0.0470  0.0469  0.0468  0.0424  0.0378  0.0317  0.0316  0.0316  0.0316  0.0302  0.0302
  0.0472  0.0469  0.0471  0.0505  0.0455  0.0420  0.0321  0.0324  0.0317  0.0336  0.0306  0.0307
  0.0480  0.0470  0.0477  0.0544  0.0487  0.0472  0.0329  0.0341  0.0322  0.0361  0.0314  0.0315
  0.0492  0.0475  0.0484  0.0585  0.0526  0.0528  0.0343  0.0367  0.0333  0.0388  0.0325  0.0325
niter,ni,del,rscale     7    3    5.0000    1.2000
parameter  5  0.821530 ->  0.500000 qaram    1.3225
parameter  6  0.553110 ->  0.500000 qaram    1.3225
parameters
   -0.3574    7.7212    4.9615   -7.5165   -9.9090   -9.9436
   -0.2546    2.0263    0.3743   12.4588   -5.8622  -15.3445
eta,q 0.97388  9.85475
  0.0335  0.0324  0.0317  0.0307  0.0272  0.0262  0.0287  0.0291  0.0288  0.0316  0.0266  0.0274
  0.0316  0.0311  0.0306  0.0298  0.0269  0.0265  0.0276  0.0276  0.0277  0.0295  0.0263  0.0268
  0.0303  0.0302  0.0300  0.0294  0.0278  0.0267  0.0269  0.0269  0.0269  0.0278  0.0262  0.0264
  0.0299  0.0299  0.0299  0.0298  0.0294  0.0271  0.0266  0.0266  0.0266  0.0266  0.0263  0.0262
  0.0302  0.0300  0.0303  0.0317  0.0315  0.0296  0.0268  0.0270  0.0268  0.0263  0.0266  0.0261
  0.0313  0.0306  0.0313  0.0352  0.0347  0.0342  0.0275  0.0281  0.0275  0.0268  0.0270  0.0262
  0.0330  0.0317  0.0328  0.0397  0.0383  0.0399  0.0286  0.0298  0.0286  0.0281  0.0276  0.0265
niter,ni,del,rscale     7    3    5.0000    1.2000
parameters
    0.0519    8.1036    3.8318   -7.4299  -12.7631  -12.7326
   -0.9894    2.5179    0.5202   11.8466   -4.9305  -16.2859
eta,q 0.97479  9.58305
  0.0297  0.0291  0.0260  0.0284  0.0273  0.0270  0.0269  0.0287  0.0271  0.0281  0.0262  0.0259
  0.0280  0.0277  0.0257  0.0273  0.0263  0.0257  0.0260  0.0269  0.0261  0.0264  0.0257  0.0255
  0.0268  0.0266  0.0257  0.0264  0.0255  0.0253  0.0254  0.0257  0.0255  0.0255  0.0254  0.0253
  0.0261  0.0260  0.0259  0.0257  0.0257  0.0255  0.0253  0.0253  0.0252  0.0252  0.0252  0.0252
  0.0261  0.0260  0.0264  0.0256  0.0271  0.0262  0.0256  0.0255  0.0254  0.0258  0.0253  0.0254
  0.0267  0.0266  0.0271  0.0266  0.0291  0.0290  0.0265  0.0264  0.0260  0.0271  0.0254  0.0258
  0.0279  0.0277  0.0281  0.0289  0.0324  0.0338  0.0277  0.0279  0.0270  0.0290  0.0258  0.0263
niter,ni,del,rscale     6    3    5.0000    1.2000
parameters
    0.2015    8.2508    3.4137   -7.1094  -13.2845  -13.4965
   -1.0601    2.4738    0.3946   12.1353   -5.0771  -16.4715
eta,q 0.97490  9.53745
  0.0281  0.0278  0.0260  0.0274  0.0278  0.0281  0.0270  0.0281  0.0268  0.0285  0.0259  0.0259
  0.0266  0.0264  0.0255  0.0264  0.0265  0.0264  0.0260  0.0264  0.0259  0.0266  0.0254  0.0255
  0.0256  0.0256  0.0252  0.0257  0.0257  0.0253  0.0254  0.0255  0.0253  0.0255  0.0252  0.0252
  0.0252  0.0252  0.0252  0.0252  0.0251  0.0252  0.0251  0.0251  0.0251  0.0251  0.0251  0.0251
  0.0254  0.0254  0.0255  0.0251  0.0254  0.0256  0.0253  0.0254  0.0253  0.0254  0.0252  0.0252
  0.0262  0.0261  0.0261  0.0257  0.0268  0.0267  0.0260  0.0265  0.0259  0.0264  0.0255  0.0255
  0.0275  0.0272  0.0269  0.0275  0.0288  0.0298  0.0272  0.0281  0.0269  0.0281  0.0260  0.0260
niter,ni,del,rscale     5    3    5.0000    1.2000
parameters
    0.2142    8.4039    3.2010   -7.1526  -13.3929  -13.7813
   -1.0877    2.4970    0.4266   12.3401   -5.0947  -16.5942
eta,q 0.97494  9.51932
  0.0276  0.0276  0.0262  0.0271  0.0279  0.0284  0.0270  0.0281  0.0268  0.0283  0.0259  0.0259
  0.0263  0.0263  0.0255  0.0262  0.0266  0.0266  0.0260  0.0264  0.0259  0.0265  0.0254  0.0255
  0.0254  0.0254  0.0252  0.0255  0.0257  0.0254  0.0253  0.0254  0.0253  0.0255  0.0252  0.0252
  0.0251  0.0251  0.0251  0.0251  0.0251  0.0251  0.0251  0.0251  0.0251  0.0251  0.0251  0.0251
  0.0254  0.0253  0.0253  0.0251  0.0252  0.0256  0.0253  0.0254  0.0252  0.0253  0.0251  0.0252
  0.0262  0.0259  0.0259  0.0258  0.0265  0.0264  0.0260  0.0264  0.0258  0.0264  0.0254  0.0255
  0.0276  0.0270  0.0267  0.0276  0.0283  0.0291  0.0271  0.0280  0.0268  0.0280  0.0259  0.0260
niter,ni,del,rscale     4    3    5.0000    1.2000
parameters
    0.2213    8.4760    3.1044   -7.1515  -13.4491  -13.9015
   -1.1142    2.5157    0.4334   12.4526   -5.1226  -16.6294
eta,q 0.97495  9.51244
  0.0276  0.0273  0.0263  0.0271  0.0279  0.0285  0.0270  0.0280  0.0267  0.0282  0.0259  0.0259
  0.0262  0.0261  0.0256  0.0262  0.0265  0.0267  0.0260  0.0264  0.0258  0.0264  0.0254  0.0255
  0.0254  0.0253  0.0252  0.0255  0.0257  0.0254  0.0253  0.0254  0.0253  0.0254  0.0252  0.0252
  0.0251  0.0251  0.0251  0.0251  0.0251  0.0251  0.0251  0.0251  0.0251  0.0251  0.0251  0.0251
  0.0253  0.0253  0.0253  0.0251  0.0251  0.0256  0.0253  0.0254  0.0252  0.0254  0.0251  0.0251
  0.0262  0.0260  0.0258  0.0258  0.0264  0.0263  0.0260  0.0264  0.0258  0.0264  0.0254  0.0254
  0.0276  0.0271  0.0265  0.0275  0.0282  0.0289  0.0271  0.0280  0.0267  0.0280  0.0259  0.0260
niter,ni,del,rscale     3    3    5.0000    1.2000
parameters
    0.2264    8.5135    3.0570   -7.1481  -13.4837  -13.9693
   -1.1255    2.5277    0.4389   12.5067   -5.1164  -16.6482
eta,q 0.97494  9.50833
  0.0276  0.0272  0.0264  0.0271  0.0279  0.0285  0.0270  0.0280  0.0267  0.0282  0.0259  0.0259
  0.0262  0.0260  0.0257  0.0261  0.0265  0.0267  0.0260  0.0264  0.0258  0.0264  0.0254  0.0255
  0.0254  0.0253  0.0252  0.0255  0.0257  0.0254  0.0253  0.0254  0.0253  0.0254  0.0252  0.0252
  0.0251  0.0251  0.0251  0.0251  0.0251  0.0251  0.0251  0.0251  0.0251  0.0251  0.0251  0.0251
  0.0253  0.0253  0.0252  0.0251  0.0251  0.0256  0.0253  0.0254  0.0252  0.0254  0.0251  0.0251
  0.0262  0.0260  0.0257  0.0257  0.0264  0.0263  0.0259  0.0264  0.0258  0.0264  0.0254  0.0254
  0.0276  0.0271  0.0265  0.0275  0.0282  0.0289  0.0271  0.0280  0.0267  0.0280  0.0259  0.0260
niter,ni,del,rscale     2    3    5.0000    1.2000
parameters
    0.2290    8.5318    3.0327   -7.1421  -13.5034  -13.9978
   -1.1293    2.5278    0.4424   12.5401   -5.1271  -16.6637
eta,q 0.97494  9.50681
  0.0276  0.0272  0.0264  0.0271  0.0279  0.0285  0.0270  0.0280  0.0267  0.0281  0.0259  0.0259
  0.0262  0.0260  0.0257  0.0261  0.0265  0.0267  0.0260  0.0264  0.0258  0.0264  0.0254  0.0255
  0.0254  0.0253  0.0252  0.0255  0.0257  0.0254  0.0253  0.0254  0.0253  0.0254  0.0252  0.0252
  0.0251  0.0251  0.0251  0.0251  0.0251  0.0251  0.0251  0.0251  0.0251  0.0251  0.0251  0.0251
  0.0253  0.0253  0.0252  0.0250  0.0251  0.0256  0.0252  0.0254  0.0252  0.0254  0.0251  0.0251
  0.0262  0.0260  0.0257  0.0257  0.0264  0.0263  0.0259  0.0264  0.0258  0.0264  0.0254  0.0254
  0.0276  0.0271  0.0264  0.0275  0.0282  0.0288  0.0271  0.0280  0.0267  0.0280  0.0259  0.0260
niter,ni,del,rscale     1    3    5.0000    1.2000
parameters
    0.2307    8.5435    3.0212   -7.1428  -13.5108  -14.0146
   -1.1378    2.5334    0.4490   12.5555   -5.1347  -16.6602
eta,q 0.97494  9.50583
  0.0276  0.0272  0.0264  0.0271  0.0279  0.0285  0.0270  0.0280  0.0267  0.0281  0.0259  0.0259
  0.0262  0.0260  0.0257  0.0261  0.0265  0.0268  0.0260  0.0264  0.0258  0.0264  0.0254  0.0255
  0.0254  0.0253  0.0252  0.0255  0.0257  0.0254  0.0253  0.0254  0.0253  0.0254  0.0252  0.0252
  0.0251  0.0251  0.0251  0.0251  0.0251  0.0251  0.0251  0.0251  0.0251  0.0251  0.0251  0.0251
  0.0253  0.0253  0.0252  0.0250  0.0251  0.0256  0.0253  0.0254  0.0252  0.0254  0.0251  0.0251
  0.0262  0.0260  0.0257  0.0257  0.0264  0.0263  0.0259  0.0264  0.0258  0.0264  0.0254  0.0254
  0.0276  0.0271  0.0264  0.0275  0.0282  0.0288  0.0271  0.0280  0.0267  0.0280  0.0259  0.0259
registration optimization eta report
parameter search radius
    2.4000    2.4000    2.4000    8.2800    9.5220    9.5220
    7.2000    7.2000    7.2000    8.2800    7.2000    7.2000
100000*second partial in parameter space
       44.       36.       23.        3.        3.        4.
        4.        6.        3.        4.        2.        2.
  0.0276  0.0272  0.0264  0.0271  0.0279  0.0285  0.0270  0.0280  0.0267  0.0281  0.0259  0.0259
  0.0262  0.0260  0.0257  0.0261  0.0265  0.0268  0.0260  0.0264  0.0258  0.0264  0.0254  0.0255
  0.0254  0.0253  0.0252  0.0255  0.0257  0.0254  0.0253  0.0254  0.0253  0.0254  0.0252  0.0252
  0.0251  0.0251  0.0251  0.0251  0.0251  0.0251  0.0251  0.0251  0.0251  0.0251  0.0251  0.0251
  0.0253  0.0253  0.0252  0.0250  0.0251  0.0256  0.0253  0.0254  0.0252  0.0254  0.0251  0.0251
  0.0262  0.0260  0.0257  0.0257  0.0264  0.0263  0.0259  0.0264  0.0258  0.0264  0.0254  0.0254
  0.0276  0.0271  0.0264  0.0275  0.0282  0.0288  0.0271  0.0280  0.0267  0.0280  0.0259  0.0259
    0.2307    8.5435    3.0212   -7.1428  -13.5108  -14.0146
   -1.1378    2.5334    0.4490   12.5555   -5.1347  -16.6602
eta,q 0.97494  9.50583

---------------------------------------------------------------------
imgreg_4dfp /opt/freesurfer/average/711-2C_as_mni_average_305 /opt/freesurfer/average/711-2B_as_mni_average_305_mask talsrcimg_g11 none talsrcimg_to_711-2C_as_mni_average_305_t4 2311
---------------------------------------------------------------------

freesurfer imgreg_4dfp.c
/opt/freesurfer/average/711-2C_as_mni_average_305.4dfp.img
       256       256       256         1
  1.000000  1.000000  1.000000
orientation T byte_order littleendian
Reading image: /opt/freesurfer/average/711-2C_as_mni_average_305.4dfp.img
dimensions:      256       256       256
mmppix:       1.0000   -1.0000   -1.0000
center:     128.0000 -129.0000 -129.0000
/opt/freesurfer/average/711-2B_as_mni_average_305_mask.4dfp.img
       256       256       256         1
  1.000000  1.000000  1.000000
orientation T byte_order littleendian
Reading mask: /opt/freesurfer/average/711-2B_as_mni_average_305_mask.4dfp.img (2306576 pixels)
talsrcimg_g11.4dfp.img
       256       256       256         1
  1.000000  1.000000  1.000000
orientation T byte_order littleendian
Reading image: talsrcimg_g11.4dfp.img
dimensions:      256       256       256
mmppix:       1.0000   -1.0000   -1.0000
center:     128.0000 -129.0000 -129.0000
fimgreg.f
image alignment mode   2311 decimal      907 hex
parameters
    0.2307    8.5435    3.0212   -7.1428  -13.5108  -14.0146
   -1.1378    2.5334    0.4490   12.5555   -5.1347  -16.6602
eta,q 0.97494  9.50583
niter,ni,del,rscale     5    3    5.0000    0.8000
parameters
    0.2459    8.5291    3.0210   -6.1178  -12.6111  -13.6319
   -1.0150    2.5735    0.4325   12.5915   -5.7667  -16.5565
eta,q 0.97510  9.61740
  0.0262  0.0260  0.0257  0.0259  0.0260  0.0259  0.0259  0.0263  0.0258  0.0260  0.0252  0.0253
  0.0256  0.0255  0.0253  0.0256  0.0256  0.0253  0.0254  0.0255  0.0253  0.0254  0.0250  0.0251
  0.0252  0.0251  0.0251  0.0253  0.0253  0.0249  0.0250  0.0251  0.0250  0.0251  0.0249  0.0249
  0.0251  0.0251  0.0251  0.0251  0.0250  0.0249  0.0249  0.0249  0.0249  0.0249  0.0249  0.0249
  0.0252  0.0252  0.0251  0.0250  0.0248  0.0251  0.0250  0.0251  0.0250  0.0250  0.0250  0.0249
  0.0255  0.0255  0.0253  0.0251  0.0250  0.0253  0.0253  0.0255  0.0253  0.0254  0.0251  0.0250
  0.0262  0.0260  0.0257  0.0255  0.0256  0.0255  0.0258  0.0262  0.0258  0.0260  0.0254  0.0253
niter,ni,del,rscale     4    3    5.0000    0.7000
parameters
    0.1941    8.4474    3.0272   -5.9747  -12.4395  -13.5942
   -0.9954    2.5846    0.5739   12.4863   -5.8589  -16.4606
eta,q 0.97512  9.63201
  0.0257  0.0256  0.0254  0.0255  0.0257  0.0256  0.0256  0.0260  0.0256  0.0257  0.0252  0.0252
  0.0253  0.0252  0.0251  0.0253  0.0254  0.0251  0.0252  0.0254  0.0252  0.0253  0.0250  0.0250
  0.0250  0.0249  0.0249  0.0250  0.0251  0.0249  0.0250  0.0250  0.0250  0.0250  0.0249  0.0249
  0.0249  0.0249  0.0249  0.0249  0.0249  0.0249  0.0249  0.0249  0.0249  0.0249  0.0249  0.0249
  0.0250  0.0250  0.0249  0.0249  0.0249  0.0250  0.0249  0.0250  0.0249  0.0250  0.0249  0.0249
  0.0253  0.0253  0.0251  0.0251  0.0252  0.0252  0.0252  0.0254  0.0251  0.0253  0.0250  0.0250
  0.0259  0.0258  0.0254  0.0255  0.0257  0.0254  0.0256  0.0259  0.0255  0.0258  0.0252  0.0252
niter,ni,del,rscale     3    3    5.0000    0.6000
parameters
    0.1835    8.4102    3.0297   -5.8458  -12.2662  -13.7239
   -1.0444    2.5955    0.5836   12.4157   -5.8770  -16.3642
eta,q 0.97515  9.63710
  0.0255  0.0255  0.0252  0.0254  0.0255  0.0253  0.0254  0.0257  0.0254  0.0255  0.0251  0.0251
  0.0252  0.0251  0.0250  0.0252  0.0253  0.0250  0.0251  0.0252  0.0251  0.0252  0.0249  0.0249
  0.0249  0.0249  0.0249  0.0250  0.0250  0.0248  0.0249  0.0249  0.0249  0.0249  0.0249  0.0249
  0.0249  0.0249  0.0249  0.0249  0.0249  0.0249  0.0248  0.0248  0.0248  0.0249  0.0249  0.0249
  0.0249  0.0250  0.0249  0.0249  0.0249  0.0250  0.0249  0.0249  0.0249  0.0249  0.0249  0.0249
  0.0252  0.0252  0.0250  0.0250  0.0251  0.0251  0.0251  0.0252  0.0251  0.0252  0.0250  0.0249
  0.0256  0.0255  0.0252  0.0254  0.0255  0.0253  0.0254  0.0256  0.0253  0.0256  0.0251  0.0250
niter,ni,del,rscale     2    3    5.0000    0.5000
parameters
    0.1778    8.3981    2.9942   -5.7471  -12.1299  -13.9786
   -1.0794    2.6205    0.5694   12.3717   -5.8369  -16.2998
eta,q 0.97517  9.63287
  0.0253  0.0253  0.0251  0.0252  0.0254  0.0252  0.0252  0.0254  0.0252  0.0253  0.0250  0.0250
  0.0251  0.0250  0.0249  0.0250  0.0251  0.0249  0.0250  0.0251  0.0250  0.0251  0.0249  0.0249
  0.0249  0.0249  0.0249  0.0249  0.0250  0.0248  0.0249  0.0249  0.0249  0.0249  0.0248  0.0248
  0.0249  0.0249  0.0248  0.0248  0.0248  0.0248  0.0248  0.0248  0.0248  0.0248  0.0248  0.0248
  0.0249  0.0249  0.0249  0.0249  0.0249  0.0249  0.0249  0.0249  0.0249  0.0249  0.0248  0.0248
  0.0251  0.0250  0.0250  0.0250  0.0250  0.0251  0.0250  0.0251  0.0250  0.0251  0.0249  0.0249
  0.0253  0.0253  0.0251  0.0252  0.0253  0.0252  0.0252  0.0254  0.0252  0.0254  0.0250  0.0250
niter,ni,del,rscale     1    3    5.0000    0.4000
parameters
    0.1728    8.3998    2.9185   -5.6886  -12.0247  -14.2190
   -1.0952    2.6305    0.5539   12.3667   -5.7696  -16.2061
eta,q 0.97519  9.62666
  0.0251  0.0251  0.0250  0.0251  0.0252  0.0251  0.0250  0.0252  0.0250  0.0251  0.0249  0.0249
  0.0250  0.0250  0.0249  0.0250  0.0250  0.0249  0.0249  0.0250  0.0249  0.0250  0.0249  0.0249
  0.0249  0.0249  0.0248  0.0249  0.0249  0.0248  0.0248  0.0249  0.0248  0.0249  0.0248  0.0248
  0.0248  0.0248  0.0248  0.0248  0.0248  0.0248  0.0248  0.0248  0.0248  0.0248  0.0248  0.0248
  0.0249  0.0249  0.0249  0.0248  0.0248  0.0249  0.0248  0.0249  0.0248  0.0248  0.0248  0.0248
  0.0250  0.0250  0.0249  0.0249  0.0249  0.0250  0.0249  0.0250  0.0249  0.0250  0.0249  0.0249
  0.0251  0.0251  0.0250  0.0251  0.0251  0.0251  0.0251  0.0252  0.0250  0.0252  0.0249  0.0249
registration optimization eta report
parameter search radius
    0.8000    0.8000    0.8000    2.4000    2.4000    2.4000
    2.4000    2.4000    2.4000    2.4000    2.4000    2.4000
100000*second partial in parameter space
       48.       44.       24.        4.        6.        5.
        4.        6.        4.        6.        2.        2.
  0.0251  0.0251  0.0250  0.0251  0.0252  0.0251  0.0250  0.0252  0.0250  0.0251  0.0249  0.0249
  0.0250  0.0250  0.0249  0.0250  0.0250  0.0249  0.0249  0.0250  0.0249  0.0250  0.0249  0.0249
  0.0249  0.0249  0.0248  0.0249  0.0249  0.0248  0.0248  0.0249  0.0248  0.0249  0.0248  0.0248
  0.0248  0.0248  0.0248  0.0248  0.0248  0.0248  0.0248  0.0248  0.0248  0.0248  0.0248  0.0248
  0.0249  0.0249  0.0249  0.0248  0.0248  0.0249  0.0248  0.0249  0.0248  0.0248  0.0248  0.0248
  0.0250  0.0250  0.0249  0.0249  0.0249  0.0250  0.0249  0.0250  0.0249  0.0250  0.0249  0.0249
  0.0251  0.0251  0.0250  0.0251  0.0251  0.0251  0.0251  0.0252  0.0250  0.0252  0.0249  0.0249
    0.1728    8.3998    2.9185   -5.6886  -12.0247  -14.2190
   -1.0952    2.6305    0.5539   12.3667   -5.7696  -16.2061
eta,q 0.97519  9.62666

---------------------------------------------------------------------
imgreg_4dfp /opt/freesurfer/average/711-2C_as_mni_average_305 /opt/freesurfer/average/711-2B_as_mni_average_305_mask talsrcimg_g11 none talsrcimg_to_711-2C_as_mni_average_305_t4 2311
---------------------------------------------------------------------

freesurfer imgreg_4dfp.c
/opt/freesurfer/average/711-2C_as_mni_average_305.4dfp.img
       256       256       256         1
  1.000000  1.000000  1.000000
orientation T byte_order littleendian
Reading image: /opt/freesurfer/average/711-2C_as_mni_average_305.4dfp.img
dimensions:      256       256       256
mmppix:       1.0000   -1.0000   -1.0000
center:     128.0000 -129.0000 -129.0000
/opt/freesurfer/average/711-2B_as_mni_average_305_mask.4dfp.img
       256       256       256         1
  1.000000  1.000000  1.000000
orientation T byte_order littleendian
Reading mask: /opt/freesurfer/average/711-2B_as_mni_average_305_mask.4dfp.img (2306576 pixels)
talsrcimg_g11.4dfp.img
       256       256       256         1
  1.000000  1.000000  1.000000
orientation T byte_order littleendian
Reading image: talsrcimg_g11.4dfp.img
dimensions:      256       256       256
mmppix:       1.0000   -1.0000   -1.0000
center:     128.0000 -129.0000 -129.0000
fimgreg.f
image alignment mode   2311 decimal      907 hex
parameters
    0.1728    8.3998    2.9185   -5.6886  -12.0247  -14.2190
   -1.0952    2.6305    0.5539   12.3667   -5.7696  -16.2061
eta,q 0.97519  9.62666
niter,ni,del,rscale     5    3    5.0000    0.8000
parameters
    0.1678    8.4123    2.8568   -6.1721  -12.4636  -13.8324
   -1.0405    2.5930    0.6006   12.4044   -5.6385  -16.3901
eta,q 0.97513  9.60762
  0.0260  0.0259  0.0254  0.0255  0.0257  0.0260  0.0258  0.0262  0.0257  0.0260  0.0253  0.0252
  0.0253  0.0253  0.0251  0.0252  0.0253  0.0253  0.0253  0.0255  0.0253  0.0254  0.0250  0.0250
  0.0249  0.0249  0.0249  0.0249  0.0250  0.0249  0.0250  0.0250  0.0250  0.0250  0.0249  0.0249
  0.0248  0.0248  0.0248  0.0248  0.0248  0.0248  0.0249  0.0249  0.0249  0.0249  0.0249  0.0249
  0.0249  0.0249  0.0249  0.0249  0.0250  0.0250  0.0250  0.0250  0.0250  0.0250  0.0249  0.0249
  0.0254  0.0253  0.0251  0.0253  0.0255  0.0253  0.0253  0.0255  0.0252  0.0254  0.0250  0.0251
  0.0260  0.0259  0.0255  0.0260  0.0262  0.0255  0.0258  0.0263  0.0257  0.0260  0.0252  0.0253
niter,ni,del,rscale     4    3    5.0000    0.7000
parameters
    0.2018    8.4239    2.9932   -6.0348  -12.4087  -13.7135
   -1.0436    2.5989    0.5491   12.4312   -5.7887  -16.4328
eta,q 0.97513  9.62322
  0.0258  0.0257  0.0254  0.0255  0.0257  0.0256  0.0256  0.0259  0.0255  0.0258  0.0251  0.0251
  0.0253  0.0252  0.0252  0.0252  0.0253  0.0251  0.0252  0.0253  0.0252  0.0253  0.0250  0.0250
  0.0250  0.0250  0.0250  0.0250  0.0251  0.0249  0.0250  0.0250  0.0249  0.0250  0.0249  0.0249
  0.0249  0.0249  0.0249  0.0249  0.0249  0.0249  0.0249  0.0249  0.0249  0.0249  0.0249  0.0249
  0.0250  0.0250  0.0249  0.0249  0.0249  0.0250  0.0249  0.0250  0.0249  0.0249  0.0249  0.0249
  0.0252  0.0252  0.0250  0.0251  0.0252  0.0252  0.0252  0.0253  0.0252  0.0253  0.0250  0.0250
  0.0257  0.0257  0.0253  0.0255  0.0258  0.0254  0.0256  0.0259  0.0255  0.0258  0.0252  0.0252
niter,ni,del,rscale     3    3    5.0000    0.6000
parameters
    0.1930    8.4119    3.0099   -5.8658  -12.2628  -13.7945
   -1.0499    2.5976    0.5624   12.4126   -5.8304  -16.3446
eta,q 0.97515  9.63224
  0.0255  0.0255  0.0252  0.0254  0.0255  0.0254  0.0254  0.0256  0.0253  0.0255  0.0251  0.0251
  0.0252  0.0251  0.0250  0.0251  0.0252  0.0250  0.0251  0.0252  0.0251  0.0252  0.0249  0.0249
  0.0249  0.0249  0.0249  0.0250  0.0250  0.0248  0.0249  0.0249  0.0249  0.0249  0.0249  0.0249
  0.0249  0.0249  0.0249  0.0249  0.0249  0.0248  0.0248  0.0248  0.0248  0.0248  0.0248  0.0248
  0.0249  0.0249  0.0249  0.0249  0.0249  0.0250  0.0249  0.0249  0.0249  0.0249  0.0249  0.0249
  0.0252  0.0251  0.0250  0.0250  0.0251  0.0252  0.0251  0.0252  0.0251  0.0252  0.0249  0.0249
  0.0255  0.0255  0.0252  0.0253  0.0255  0.0253  0.0254  0.0256  0.0253  0.0256  0.0251  0.0250
niter,ni,del,rscale     2    3    5.0000    0.5000
parameters
    0.1794    8.4003    2.9788   -5.7620  -12.1356  -13.9993
   -1.0720    2.6224    0.5521   12.3757   -5.8134  -16.2486
eta,q 0.97518  9.63063
  0.0253  0.0253  0.0251  0.0252  0.0253  0.0252  0.0252  0.0254  0.0252  0.0253  0.0250  0.0250
  0.0250  0.0250  0.0249  0.0250  0.0251  0.0250  0.0250  0.0251  0.0250  0.0251  0.0249  0.0249
  0.0249  0.0249  0.0249  0.0249  0.0249  0.0248  0.0249  0.0249  0.0249  0.0249  0.0248  0.0248
  0.0248  0.0248  0.0248  0.0248  0.0248  0.0248  0.0248  0.0248  0.0248  0.0248  0.0248  0.0248
  0.0249  0.0249  0.0249  0.0249  0.0249  0.0249  0.0249  0.0249  0.0249  0.0249  0.0248  0.0248
  0.0251  0.0250  0.0250  0.0250  0.0250  0.0251  0.0250  0.0251  0.0250  0.0251  0.0249  0.0249
  0.0253  0.0253  0.0251  0.0252  0.0253  0.0252  0.0252  0.0254  0.0252  0.0253  0.0250  0.0250
niter,ni,del,rscale     1    3    5.0000    0.4000
parameters
    0.1721    8.3985    2.9268   -5.6917  -12.0257  -14.2153
   -1.0930    2.6338    0.5404   12.3602   -5.7206  -16.1800
eta,q 0.97519  9.62632
  0.0251  0.0251  0.0250  0.0251  0.0252  0.0251  0.0251  0.0252  0.0250  0.0251  0.0249  0.0249
  0.0250  0.0249  0.0249  0.0249  0.0250  0.0249  0.0249  0.0250  0.0249  0.0250  0.0249  0.0249
  0.0249  0.0249  0.0248  0.0249  0.0249  0.0248  0.0248  0.0249  0.0248  0.0249  0.0248  0.0248
  0.0248  0.0248  0.0248  0.0248  0.0248  0.0248  0.0248  0.0248  0.0248  0.0248  0.0248  0.0248
  0.0249  0.0249  0.0248  0.0248  0.0248  0.0249  0.0248  0.0248  0.0248  0.0248  0.0248  0.0248
  0.0250  0.0250  0.0249  0.0249  0.0249  0.0250  0.0249  0.0250  0.0249  0.0250  0.0248  0.0248
  0.0251  0.0251  0.0250  0.0251  0.0251  0.0251  0.0251  0.0252  0.0250  0.0252  0.0249  0.0249
registration optimization eta report
parameter search radius
    0.8000    0.8000    0.8000    2.4000    2.4000    2.4000
    2.4000    2.4000    2.4000    2.4000    2.4000    2.4000
100000*second partial in parameter space
       48.       44.       24.        4.        6.        5.
        4.        6.        4.        6.        2.        2.
  0.0251  0.0251  0.0250  0.0251  0.0252  0.0251  0.0251  0.0252  0.0250  0.0251  0.0249  0.0249
  0.0250  0.0249  0.0249  0.0249  0.0250  0.0249  0.0249  0.0250  0.0249  0.0250  0.0249  0.0249
  0.0249  0.0249  0.0248  0.0249  0.0249  0.0248  0.0248  0.0249  0.0248  0.0249  0.0248  0.0248
  0.0248  0.0248  0.0248  0.0248  0.0248  0.0248  0.0248  0.0248  0.0248  0.0248  0.0248  0.0248
  0.0249  0.0249  0.0248  0.0248  0.0248  0.0249  0.0248  0.0248  0.0248  0.0248  0.0248  0.0248
  0.0250  0.0250  0.0249  0.0249  0.0249  0.0250  0.0249  0.0250  0.0249  0.0250  0.0248  0.0248
  0.0251  0.0251  0.0250  0.0251  0.0251  0.0251  0.0251  0.0252  0.0250  0.0252  0.0249  0.0249
    0.1721    8.3985    2.9268   -5.6917  -12.0257  -14.2153
   -1.0930    2.6338    0.5404   12.3602   -5.7206  -16.1800
eta,q 0.97519  9.62632

---------------------------------------------------------------------
compute_vox2vox talsrcimg talsrcimg_to_711-2C_as_mni_average_305_t4 /opt/freesurfer/average/711-2C_as_mni_average_305
---------------------------------------------------------------------

freesurfer compute_vox2vox.c
Reading: talsrcimg.4dfp.ifh
Reading: talsrcimg_to_711-2C_as_mni_average_305_t4
Reading: /opt/freesurfer/average/711-2C_as_mni_average_305.4dfp.ifh
Writing: talsrcimg_to_711-2C_as_mni_average_305_t4_vox2vox.txt

start time Thu Mar 12 10:49:18 CET 2026
end		time Thu Mar 12 10:50:51 CET 2026

mpr2mni305 success

avi2talxfm orig_nu.mgz /opt/freesurfer/average/mni305.cor.mgz talsrcimg_to_711-2C_as_mni_average_305_t4_vox2vox.txt transforms/talairach.auto.xfm
avi2talxfm done
mv -f /out/sourcedata/freesurfer/sub-v1s11x0050159_ses-1/mri/talsrcimg_to_711-2C_as_mni_average_305_t4_vox2vox.txt /out/sourcedata/freesurfer/sub-v1s11x0050159_ses-1/mri/transforms/talsrcimg_to_711-2C_as_mni_average_305_t4_vox2vox.txt
lta_convert --src orig_nu.mgz --trg /opt/freesurfer/average/mni305.cor.mgz --inxfm transforms/talairach.auto.xfm --outlta transforms/talairach.auto.xfm.lta --subject fsaverage
7.3.2

--src: orig_nu.mgz src image (geometry).
--trg: /opt/freesurfer/average/mni305.cor.mgz trg image (geometry).
--inmni: transforms/talairach.auto.xfm input MNI/XFM transform.
--outlta: transforms/talairach.auto.xfm.lta output LTA.
--s: fsaverage subject name
 LTA read, type : 1
 1.05828  -0.03350   0.00699   3.82747;
 0.06756   1.13348   0.20931  -16.70133;
-0.01599  -0.15904   1.10724  -22.07199;
 0.00000   0.00000   0.00000   1.00000;
setting subject to fsaverage
Writing  LTA to file transforms/talairach.auto.xfm.lta...
lta_convert successful.
 
 
Started at Thu Mar 12 10:49:17 CET 2026
Ended   at Thu Mar 12 10:50:52 CET 2026
talairach_avi done
