status file for recon-all
Thu Mar 12 11:52:04 CET 2026
#@# Tessellate lh Thu Mar 12 11:52:04 CET 2026
#@# Smooth1 lh Thu Mar 12 11:52:08 CET 2026
#@# Inflation1 lh Thu Mar 12 11:52:11 CET 2026
#@# QSphere lh Thu Mar 12 11:52:24 CET 2026
#@# Fix Topology lh Thu Mar 12 11:53:49 CET 2026
#@# Smooth2 lh Thu Mar 12 11:59:19 CET 2026
#@# Inflation2 lh Thu Mar 12 11:59:22 CET 2026
#@# Curv .H and .K lh Thu Mar 12 11:59:36 CET 2026
#@# Sphere lh Thu Mar 12 12:00:20 CET 2026
#@# Surf Reg lh Thu Mar 12 12:04:05 CET 2026
#@# Jacobian white lh Thu Mar 12 12:08:15 CET 2026
#@# AvgCurv lh Thu Mar 12 12:08:16 CET 2026
#@# Cortical Parc lh Thu Mar 12 12:08:16 CET 2026
#@# white curv lh Thu Mar 12 12:14:01 CET 2026
#@# white area lh Thu Mar 12 12:14:03 CET 2026
#@# pial curv lh Thu Mar 12 12:14:04 CET 2026
#@# pial area lh Thu Mar 12 12:14:05 CET 2026
#@# thickness lh Thu Mar 12 12:14:06 CET 2026
#@# area and vertex vol lh Thu Mar 12 12:14:34 CET 2026
#@# Curvature Stats lh Thu Mar 12 12:14:36 CET 2026
#@# Cortical Parc 2 lh Thu Mar 12 12:14:38 CET 2026
#@# Cortical Parc 3 lh Thu Mar 12 12:14:51 CET 2026
#@# WM/GM Contrast lh Thu Mar 12 12:15:00 CET 2026
recon-all -s sub-v1s11x0050150_ses-1 finished without error at Thu Mar 12 12:15:03 CET 2026



#New# invocation of recon-all 



status file for recon-all
Thu Mar 12 12:42:47 CET 2026
#@# white curv lh Thu Mar 12 12:42:47 CET 2026
#@# white area lh Thu Mar 12 12:42:47 CET 2026
#@# pial curv lh Thu Mar 12 12:42:47 CET 2026
#@# pial area lh Thu Mar 12 12:42:47 CET 2026
#@# thickness lh Thu Mar 12 12:42:47 CET 2026
#@# area and vertex vol lh Thu Mar 12 12:42:47 CET 2026
#@# Parcellation Stats lh Thu Mar 12 12:42:47 CET 2026
#@# Parcellation Stats 2 lh Thu Mar 12 12:43:05 CET 2026
#@# Parcellation Stats 3 lh Thu Mar 12 12:43:14 CET 2026
#@# BA_exvivo Labels lh Thu Mar 12 12:43:24 CET 2026
recon-all -s sub-v1s11x0050150_ses-1 finished without error at Thu Mar 12 12:46:03 CET 2026
