status file for recon-all
Thu Mar 12 10:09:25 CET 2026
#@# MotionCor Thu Mar 12 10:09:27 CET 2026
#@# Talairach Thu Mar 12 10:09:34 CET 2026
#@# Talairach Failure Detection Thu Mar 12 10:14:02 CET 2026
#@# Nu Intensity Correction Thu Mar 12 10:14:02 CET 2026
#@# Intensity Normalization Thu Mar 12 10:17:21 CET 2026
recon-all -s sub-v1s11x0050150_ses-1 finished without error at Thu Mar 12 10:18:49 CET 2026



#New# invocation of recon-all 



status file for recon-all
Thu Mar 12 10:25:12 CET 2026
#@# EM Registration Thu Mar 12 10:25:12 CET 2026
recon-all -s sub-v1s11x0050150_ses-1 finished without error at Thu Mar 12 10:27:11 CET 2026



#New# invocation of recon-all 



status file for recon-all
Thu Mar 12 10:27:14 CET 2026
#@# CA Normalize Thu Mar 12 10:27:14 CET 2026
#@# CA Reg Thu Mar 12 10:28:35 CET 2026
#@# SubCort Seg Thu Mar 12 11:18:38 CET 2026
#@# CC Seg Thu Mar 12 11:46:06 CET 2026
#@# Merge ASeg Thu Mar 12 11:46:53 CET 2026
#@# Intensity Normalization2 Thu Mar 12 11:46:53 CET 2026
#@# Mask BFS Thu Mar 12 11:49:00 CET 2026
#@# WM Segmentation Thu Mar 12 11:49:00 CET 2026
#@# Fill Thu Mar 12 11:50:59 CET 2026
recon-all -s sub-v1s11x0050150_ses-1 finished without error at Thu Mar 12 11:52:00 CET 2026



#New# invocation of recon-all 



status file for recon-all
Thu Mar 12 12:39:21 CET 2026
#@# white curv lh Thu Mar 12 12:39:21 CET 2026
#@# white area lh Thu Mar 12 12:39:21 CET 2026
#@# pial curv lh Thu Mar 12 12:39:21 CET 2026
#@# pial area lh Thu Mar 12 12:39:21 CET 2026
#@# thickness lh Thu Mar 12 12:39:21 CET 2026
#@# area and vertex vol lh Thu Mar 12 12:39:21 CET 2026
#@# white curv rh Thu Mar 12 12:39:21 CET 2026
#@# white area rh Thu Mar 12 12:39:21 CET 2026
#@# pial curv rh Thu Mar 12 12:39:21 CET 2026
#@# pial area rh Thu Mar 12 12:39:21 CET 2026
#@# thickness rh Thu Mar 12 12:39:21 CET 2026
#@# area and vertex vol rh Thu Mar 12 12:39:21 CET 2026
#@# Cortical ribbon mask Thu Mar 12 12:39:21 CET 2026
recon-all -s sub-v1s11x0050150_ses-1 finished without error at Thu Mar 12 12:42:43 CET 2026



#New# invocation of recon-all 



status file for recon-all
Thu Mar 12 12:49:25 CET 2026
#@# white curv lh Thu Mar 12 12:49:25 CET 2026
#@# white area lh Thu Mar 12 12:49:25 CET 2026
#@# pial curv lh Thu Mar 12 12:49:25 CET 2026
#@# pial area lh Thu Mar 12 12:49:25 CET 2026
#@# thickness lh Thu Mar 12 12:49:25 CET 2026
#@# area and vertex vol lh Thu Mar 12 12:49:25 CET 2026
#@# white curv rh Thu Mar 12 12:49:25 CET 2026
#@# white area rh Thu Mar 12 12:49:25 CET 2026
#@# pial curv rh Thu Mar 12 12:49:25 CET 2026
#@# pial area rh Thu Mar 12 12:49:25 CET 2026
#@# thickness rh Thu Mar 12 12:49:25 CET 2026
#@# area and vertex vol rh Thu Mar 12 12:49:25 CET 2026
#@# Curvature Stats lh Thu Mar 12 12:49:25 CET 2026
#@# Curvature Stats rh Thu Mar 12 12:49:28 CET 2026
#@# Relabel Hypointensities Thu Mar 12 12:49:30 CET 2026
#@# APas-to-ASeg Thu Mar 12 12:49:46 CET 2026
#@# AParc-to-ASeg aparc Thu Mar 12 12:49:54 CET 2026
#@# AParc-to-ASeg aparc.a2009s Thu Mar 12 12:50:44 CET 2026
#@# AParc-to-ASeg aparc.DKTatlas Thu Mar 12 12:51:27 CET 2026
#@# WMParc Thu Mar 12 12:52:11 CET 2026
#@# ASeg Stats Thu Mar 12 12:56:15 CET 2026
recon-all -s sub-v1s11x0050150_ses-1 finished without error at Thu Mar 12 12:56:55 CET 2026
