status file for recon-all
Thu Mar 12 12:15:05 CET 2026
#@# Tessellate rh Thu Mar 12 12:15:05 CET 2026
#@# Smooth1 rh Thu Mar 12 12:15:09 CET 2026
#@# Inflation1 rh Thu Mar 12 12:15:11 CET 2026
#@# QSphere rh Thu Mar 12 12:15:24 CET 2026
#@# Fix Topology rh Thu Mar 12 12:16:52 CET 2026
#@# Smooth2 rh Thu Mar 12 12:22:03 CET 2026
#@# Inflation2 rh Thu Mar 12 12:22:06 CET 2026
#@# Curv .H and .K rh Thu Mar 12 12:22:20 CET 2026
#@# Sphere rh Thu Mar 12 12:23:07 CET 2026
#@# Surf Reg rh Thu Mar 12 12:26:55 CET 2026
#@# Jacobian white rh Thu Mar 12 12:31:57 CET 2026
#@# AvgCurv rh Thu Mar 12 12:31:58 CET 2026
#@# Cortical Parc rh Thu Mar 12 12:31:59 CET 2026
#@# white curv rh Thu Mar 12 12:38:12 CET 2026
#@# white area rh Thu Mar 12 12:38:14 CET 2026
#@# pial curv rh Thu Mar 12 12:38:15 CET 2026
#@# pial area rh Thu Mar 12 12:38:17 CET 2026
#@# thickness rh Thu Mar 12 12:38:18 CET 2026
#@# area and vertex vol rh Thu Mar 12 12:38:46 CET 2026
#@# Curvature Stats rh Thu Mar 12 12:38:47 CET 2026
#@# Cortical Parc 2 rh Thu Mar 12 12:38:50 CET 2026
#@# Cortical Parc 3 rh Thu Mar 12 12:39:03 CET 2026
#@# WM/GM Contrast rh Thu Mar 12 12:39:13 CET 2026
recon-all -s sub-v1s11x0050150_ses-1 finished without error at Thu Mar 12 12:39:16 CET 2026



#New# invocation of recon-all 



status file for recon-all
Thu Mar 12 12:46:05 CET 2026
#@# white curv rh Thu Mar 12 12:46:05 CET 2026
#@# white area rh Thu Mar 12 12:46:05 CET 2026
#@# pial curv rh Thu Mar 12 12:46:05 CET 2026
#@# pial area rh Thu Mar 12 12:46:05 CET 2026
#@# thickness rh Thu Mar 12 12:46:05 CET 2026
#@# area and vertex vol rh Thu Mar 12 12:46:05 CET 2026
#@# Parcellation Stats rh Thu Mar 12 12:46:05 CET 2026
#@# Parcellation Stats 2 rh Thu Mar 12 12:46:23 CET 2026
#@# Parcellation Stats 3 rh Thu Mar 12 12:46:32 CET 2026
#@# BA_exvivo Labels rh Thu Mar 12 12:46:42 CET 2026
recon-all -s sub-v1s11x0050150_ses-1 finished without error at Thu Mar 12 12:49:20 CET 2026
