status file for recon-all
Sun Mar  8 14:32:33 CET 2026
#@# Tessellate rh Sun Mar  8 14:32:33 CET 2026
#@# Smooth1 rh Sun Mar  8 14:32:35 CET 2026
#@# Inflation1 rh Sun Mar  8 14:32:38 CET 2026
#@# QSphere rh Sun Mar  8 14:32:49 CET 2026
#@# Fix Topology rh Sun Mar  8 14:35:02 CET 2026
#@# Smooth2 rh Sun Mar  8 14:39:56 CET 2026
#@# Inflation2 rh Sun Mar  8 14:39:59 CET 2026
#@# Curv .H and .K rh Sun Mar  8 14:40:12 CET 2026
#@# Sphere rh Sun Mar  8 14:40:53 CET 2026
#@# Surf Reg rh Sun Mar  8 14:45:49 CET 2026
#@# Jacobian white rh Sun Mar  8 14:50:12 CET 2026
#@# AvgCurv rh Sun Mar  8 14:50:13 CET 2026
#@# Cortical Parc rh Sun Mar  8 14:50:14 CET 2026
#@# white curv rh Sun Mar  8 14:56:21 CET 2026
#@# white area rh Sun Mar  8 14:56:23 CET 2026
#@# pial curv rh Sun Mar  8 14:56:24 CET 2026
#@# pial area rh Sun Mar  8 14:56:25 CET 2026
#@# thickness rh Sun Mar  8 14:56:26 CET 2026
#@# area and vertex vol rh Sun Mar  8 14:56:51 CET 2026
#@# Curvature Stats rh Sun Mar  8 14:56:52 CET 2026
#@# Cortical Parc 2 rh Sun Mar  8 14:56:54 CET 2026
#@# Cortical Parc 3 rh Sun Mar  8 14:57:05 CET 2026
#@# WM/GM Contrast rh Sun Mar  8 14:57:13 CET 2026
recon-all -s sub-v1s11x0050170_ses-1 finished without error at Sun Mar  8 14:57:15 CET 2026



#New# invocation of recon-all 



status file for recon-all
Sun Mar  8 15:05:07 CET 2026
#@# white curv rh Sun Mar  8 15:05:07 CET 2026
#@# white area rh Sun Mar  8 15:05:07 CET 2026
#@# pial curv rh Sun Mar  8 15:05:07 CET 2026
#@# pial area rh Sun Mar  8 15:05:07 CET 2026
#@# thickness rh Sun Mar  8 15:05:07 CET 2026
#@# area and vertex vol rh Sun Mar  8 15:05:07 CET 2026
#@# Parcellation Stats rh Sun Mar  8 15:05:07 CET 2026
#@# Parcellation Stats 2 rh Sun Mar  8 15:05:25 CET 2026
#@# Parcellation Stats 3 rh Sun Mar  8 15:05:34 CET 2026
#@# BA_exvivo Labels rh Sun Mar  8 15:05:43 CET 2026
recon-all -s sub-v1s11x0050170_ses-1 finished without error at Sun Mar  8 15:07:53 CET 2026
