status file for recon-all
Sun Mar  8 12:42:57 CET 2026
#@# MotionCor Sun Mar  8 12:42:59 CET 2026
#@# Talairach Sun Mar  8 12:43:04 CET 2026
#@# Talairach Failure Detection Sun Mar  8 12:45:53 CET 2026
#@# Nu Intensity Correction Sun Mar  8 12:45:53 CET 2026
#@# Intensity Normalization Sun Mar  8 12:48:37 CET 2026
recon-all -s sub-v1s11x0050170_ses-1 finished without error at Sun Mar  8 12:49:38 CET 2026



#New# invocation of recon-all 



status file for recon-all
Sun Mar  8 12:55:26 CET 2026
#@# EM Registration Sun Mar  8 12:55:26 CET 2026
recon-all -s sub-v1s11x0050170_ses-1 finished without error at Sun Mar  8 12:57:22 CET 2026



#New# invocation of recon-all 



status file for recon-all
Sun Mar  8 12:57:24 CET 2026
#@# CA Normalize Sun Mar  8 12:57:24 CET 2026
#@# CA Reg Sun Mar  8 12:58:18 CET 2026
#@# SubCort Seg Sun Mar  8 13:36:41 CET 2026
#@# CC Seg Sun Mar  8 13:57:07 CET 2026
#@# Merge ASeg Sun Mar  8 13:57:27 CET 2026
#@# Intensity Normalization2 Sun Mar  8 13:57:27 CET 2026
#@# Mask BFS Sun Mar  8 13:58:52 CET 2026
#@# WM Segmentation Sun Mar  8 13:58:52 CET 2026
#@# Fill Sun Mar  8 14:00:25 CET 2026
recon-all -s sub-v1s11x0050170_ses-1 finished without error at Sun Mar  8 14:01:03 CET 2026



#New# invocation of recon-all 



status file for recon-all
Sun Mar  8 14:57:19 CET 2026
#@# white curv lh Sun Mar  8 14:57:19 CET 2026
#@# white area lh Sun Mar  8 14:57:19 CET 2026
#@# pial curv lh Sun Mar  8 14:57:19 CET 2026
#@# pial area lh Sun Mar  8 14:57:19 CET 2026
#@# thickness lh Sun Mar  8 14:57:19 CET 2026
#@# area and vertex vol lh Sun Mar  8 14:57:19 CET 2026
#@# white curv rh Sun Mar  8 14:57:19 CET 2026
#@# white area rh Sun Mar  8 14:57:19 CET 2026
#@# pial curv rh Sun Mar  8 14:57:19 CET 2026
#@# pial area rh Sun Mar  8 14:57:19 CET 2026
#@# thickness rh Sun Mar  8 14:57:19 CET 2026
#@# area and vertex vol rh Sun Mar  8 14:57:19 CET 2026
#@# Cortical ribbon mask Sun Mar  8 14:57:19 CET 2026
recon-all -s sub-v1s11x0050170_ses-1 finished without error at Sun Mar  8 15:02:15 CET 2026



#New# invocation of recon-all 



status file for recon-all
Sun Mar  8 15:07:57 CET 2026
#@# white curv lh Sun Mar  8 15:07:57 CET 2026
#@# white area lh Sun Mar  8 15:07:57 CET 2026
#@# pial curv lh Sun Mar  8 15:07:57 CET 2026
#@# pial area lh Sun Mar  8 15:07:57 CET 2026
#@# thickness lh Sun Mar  8 15:07:57 CET 2026
#@# area and vertex vol lh Sun Mar  8 15:07:57 CET 2026
#@# white curv rh Sun Mar  8 15:07:57 CET 2026
#@# white area rh Sun Mar  8 15:07:57 CET 2026
#@# pial curv rh Sun Mar  8 15:07:57 CET 2026
#@# pial area rh Sun Mar  8 15:07:57 CET 2026
#@# thickness rh Sun Mar  8 15:07:57 CET 2026
#@# area and vertex vol rh Sun Mar  8 15:07:57 CET 2026
#@# Curvature Stats lh Sun Mar  8 15:07:57 CET 2026
#@# Curvature Stats rh Sun Mar  8 15:07:59 CET 2026
#@# Relabel Hypointensities Sun Mar  8 15:08:01 CET 2026
#@# APas-to-ASeg Sun Mar  8 15:08:12 CET 2026
#@# AParc-to-ASeg aparc Sun Mar  8 15:08:19 CET 2026
#@# AParc-to-ASeg aparc.a2009s Sun Mar  8 15:08:57 CET 2026
#@# AParc-to-ASeg aparc.DKTatlas Sun Mar  8 15:09:26 CET 2026
#@# WMParc Sun Mar  8 15:09:58 CET 2026
#@# ASeg Stats Sun Mar  8 15:12:14 CET 2026
recon-all -s sub-v1s11x0050170_ses-1 finished without error at Sun Mar  8 15:12:35 CET 2026
