/out/sourcedata/freesurfer/sub-v1s11x0050164_ses-1/mri
/opt/freesurfer/bin/talairach_avi
--i orig_nu.mgz --xfm transforms/talairach.auto.xfm
talairach_avi 7.3.2
Linux dna061 5.14.0-427.37.1.el9_4.x86_64 #1 SMP PREEMPT_DYNAMIC Fri Sep 13 12:41:50 EDT 2024 x86_64 x86_64 x86_64 GNU/Linux
Thu Mar 12 11:01:59 CET 2026
mri_convert orig_nu.mgz talsrcimg.img 
reading from orig_nu.mgz...
TR=0.00, TE=0.00, TI=0.00, flip angle=0.00
i_ras = (-1, 2.32831e-10, 0)
j_ras = (0, 0, -1)
k_ras = (2.76486e-10, 1, 5.82077e-11)
writing to talsrcimg.img...
Analyze Output Matrix
-1.00000   0.00000   0.00000   135.69507;
 0.00000   0.00000   1.00000  -123.41059;
 0.00000  -1.00000   0.00000   136.92128;
 0.00000   0.00000   0.00000   1.00000;
--------------------
INFO: set hdr.hist.orient to -1
mpr2mni305 talsrcimg
Thu Mar 12 11:02:00 CET 2026
/opt/freesurfer/bin/mpr2mni305 talsrcimg
mpr2mni305 7.3.2
target=711-2C_as_mni_average_305

---------------------------------------------------------------------
analyzeto4dfp talsrcimg -O0 -y
---------------------------------------------------------------------

freesurfer ifh2hdr.c
Thu Mar 12 11:02:00 2026
Writing: talsrcimg.4dfp.hdr
freesurfer analyzeto4dfp.c
Reading: talsrcimg.hdr
header size 348 bytes
hdr.dime.datatype	offset=70	value=2
hdr.dime.bitpix		offset=72	value=8
hdr.hist.orient		offset=252	value=-1
dimensionality     4
dimensions       256       256       256         1
Reading: talsrcimg.img
Writing: talsrcimg.4dfp.img
Writing: talsrcimg.4dfp.ifh
ifh2hdr talsrcimg -r0to218
ori=2

---------------------------------------------------------------------
gauss_4dfp talsrcimg 1.1
---------------------------------------------------------------------

freesurfer gauss_4dfp.c
Reading: talsrcimg.4dfp.img
Writing: talsrcimg_g11.4dfp.img
image dimensions 256 256 256 padded to 288 288 288
processing volume 1freesurfer ifh2hdr.c
Thu Mar 12 11:02:02 2026
Writing: talsrcimg_g11.4dfp.hdr

Writing: talsrcimg_g11.4dfp.ifh
including: talsrcimg.4dfp.img.rec in talsrcimg_g11.4dfp.img.rec

---------------------------------------------------------------------
imgreg_4dfp /opt/freesurfer/average/711-2C_as_mni_average_305 none talsrcimg_g11 none talsrcimg_to_711-2C_as_mni_average_305_t4 4355
---------------------------------------------------------------------

freesurfer imgreg_4dfp.c
/opt/freesurfer/average/711-2C_as_mni_average_305.4dfp.img
       256       256       256         1
  1.000000  1.000000  1.000000
orientation T byte_order littleendian
Reading image: /opt/freesurfer/average/711-2C_as_mni_average_305.4dfp.img
dimensions:      256       256       256
mmppix:       1.0000   -1.0000   -1.0000
center:     128.0000 -129.0000 -129.0000
talsrcimg_g11.4dfp.img
       256       256       256         1
  1.000000  1.000000  1.000000
orientation T byte_order littleendian
Reading image: talsrcimg_g11.4dfp.img
dimensions:      256       256       256
mmppix:       1.0000   -1.0000   -1.0000
center:     128.0000 -129.0000 -129.0000
t4_read: open error in t4_sub.f l:  41 t4_file(1:l)talsrcimg_to_711-2C_as_mni_average_305_t4 
t4_read: transform initialized to I4
rotation matrix determinant  1.000000
image alignment mode   4355 decimal     1103 hex
   -7.5000  -45.0000  -45.0000 7686.6797   16.9393
    0.0000  -45.0000  -45.0000 8045.3003   16.9463
    7.5000  -45.0000  -45.0000 7749.4448   16.9392
   -7.5000  -37.5000  -45.0000 8249.9707   16.8807
    0.0000  -37.5000  -45.0000 8622.5293   16.8801
    7.5000  -37.5000  -45.0000 8277.4902   16.8667
   -7.5000  -30.0000  -45.0000 9115.3301   16.8422
    0.0000  -30.0000  -45.0000 9512.4707   16.8313
    7.5000  -30.0000  -45.0000 9127.7930   16.8175
   -7.5000  -22.5000  -45.0000 9885.9707   16.8264
    0.0000  -22.5000  -45.000010307.8047   16.8150
    7.5000  -22.5000  -45.0000 9896.6709   16.8074
   -7.5000  -15.0000  -45.000010524.1299   16.8305
    0.0000  -15.0000  -45.000010985.1680   16.8264
    7.5000  -15.0000  -45.000010547.7510   16.8265
   -7.5000   -7.5000  -45.000011128.2305   16.8495
    0.0000   -7.5000  -45.000011610.3877   16.8540
    7.5000   -7.5000  -45.000011138.7197   16.8536
   -7.5000    0.0000  -45.000011632.9619   16.8624
    0.0000    0.0000  -45.000012161.9092   16.8698
    7.5000    0.0000  -45.000011670.6133   16.8618
   -7.5000    7.5000  -45.000011303.3076   16.8544
    0.0000    7.5000  -45.000011808.0391   16.8537
    7.5000    7.5000  -45.000011327.2900   16.8396
   -7.5000   15.0000  -45.000010921.8994   16.8375
    0.0000   15.0000  -45.000011386.7715   16.8264
    7.5000   15.0000  -45.000010936.6523   16.8124
   -7.5000   22.5000  -45.000010372.6533   16.8241
    0.0000   22.5000  -45.000010811.0352   16.8126
    7.5000   22.5000  -45.000010386.1836   16.8051
   -7.5000   30.0000  -45.0000 9684.8525   16.6062
    0.0000   30.0000  -45.000010099.9346   16.6021
    7.5000   30.0000  -45.0000 9684.8818   16.6023
   -7.5000   37.5000  -45.0000 9186.2910   16.6250
    0.0000   37.5000  -45.0000 9534.9131   16.6294
    7.5000   37.5000  -45.0000 9148.2148   16.6290
   -7.5000   45.0000  -45.0000 8317.7520   16.2152
    0.0000   45.0000  -45.0000 8616.5400   16.2223
    7.5000   45.0000  -45.0000 8276.5156   16.2146
   -7.5000  -45.0000  -37.5000 8229.8506   16.9135
    0.0000  -45.0000  -37.5000 8611.2705   16.9246
    7.5000  -45.0000  -37.5000 8260.1572   16.9202
   -7.5000  -37.5000  -37.5000 8840.3848   16.8535
    0.0000  -37.5000  -37.5000 9236.6699   16.8576
    7.5000  -37.5000  -37.5000 8821.6104   16.8466
   -7.5000  -30.0000  -37.5000 9733.2031   16.8110
    0.0000  -30.0000  -37.500010158.5547   16.8034
    7.5000  -30.0000  -37.5000 9707.4102   16.7902
   -7.5000  -22.5000  -37.500010536.4756   16.7936
    0.0000  -22.5000  -37.500010991.0225   16.7826
    7.5000  -22.5000  -37.500010515.0879   16.7744
   -7.5000  -15.0000  -37.500011209.4912   16.7998
    0.0000  -15.0000  -37.500011695.1533   16.7952
    7.5000  -15.0000  -37.500011197.9287   16.7947
   -7.5000   -7.5000  -37.500011809.7148   16.8216
    0.0000   -7.5000  -37.500012317.6533   16.8277
    7.5000   -7.5000  -37.500011810.5938   16.8284
   -7.5000    0.0000  -37.500012323.7930   16.8362
    0.0000    0.0000  -37.500012878.2451   16.8478
    7.5000    0.0000  -37.500012347.9648   16.8424
   -7.5000    7.5000  -37.500011979.7549   16.8270
    0.0000    7.5000  -37.500012489.0566   16.8310
    7.5000    7.5000  -37.500011956.6416   16.8193
   -7.5000   15.0000  -37.500011541.9814   16.8062
    0.0000   15.0000  -37.500012011.0674   16.7984
    7.5000   15.0000  -37.500011534.4600   16.7849
   -7.5000   22.5000  -37.500010952.9424   16.7912
    0.0000   22.5000  -37.500011408.7988   16.7802
    7.5000   22.5000  -37.500010937.3545   16.7720
   -7.5000   30.0000  -37.500010204.7090   16.5759
    0.0000   30.0000  -37.500010634.6631   16.5714
    7.5000   30.0000  -37.500010185.2744   16.5709
   -7.5000   37.5000  -37.5000 9660.4697   16.5975
    0.0000   37.5000  -37.500010041.2119   16.6035
    7.5000   37.5000  -37.5000 9632.7529   16.6041
   -7.5000   45.0000  -37.5000 8738.1514   16.1900
    0.0000   45.0000  -37.5000 9073.4150   16.2012
    7.5000   45.0000  -37.5000 8702.5898   16.1960
   -7.5000  -45.0000  -30.0000 8901.0459   17.6338
    0.0000  -45.0000  -30.0000 9302.9902   17.6474
    7.5000  -45.0000  -30.0000 8913.2656   17.6447
   -7.5000  -37.5000  -30.0000 9514.2031   17.5746
    0.0000  -37.5000  -30.0000 9939.4688   17.5819
    7.5000  -37.5000  -30.0000 9495.0156   17.5722
   -7.5000  -30.0000  -30.000010454.0215   17.5275
    0.0000  -30.0000  -30.000010914.1855   17.5241
    7.5000  -30.0000  -30.000010413.0322   17.5126
   -7.5000  -22.5000  -30.000011311.6172   17.5042
    0.0000  -22.5000  -30.000011791.1309   17.4973
    7.5000  -22.5000  -30.000011274.4941   17.4917
   -7.5000  -15.0000  -30.000012012.0166   17.5082
    0.0000  -15.0000  -30.000012544.3574   17.5069
    7.5000  -15.0000  -30.000011993.0430   17.5090
   -7.5000   -7.5000  -30.000012665.0703   17.5324
    0.0000   -7.5000  -30.000013211.8291   17.5412
    7.5000   -7.5000  -30.000012628.5918   17.5438
   -7.5000    0.0000  -30.000013230.3994   17.5528
    0.0000    0.0000  -30.000013799.1914   17.5667
    7.5000    0.0000  -30.000013198.5049   17.5630
   -7.5000    7.5000  -30.000012829.1387   17.5468
    0.0000    7.5000  -30.000013371.5957   17.5539
    7.5000    7.5000  -30.000012782.9971   17.5434
   -7.5000   15.0000  -30.000012323.0547   17.5224
    0.0000   15.0000  -30.000012831.4541   17.5188
    7.5000   15.0000  -30.000012281.4863   17.5071
   -7.5000   22.5000  -30.000011689.0762   17.5000
    0.0000   22.5000  -30.000012161.3496   17.4931
    7.5000   22.5000  -30.000011623.9453   17.4875
   -7.5000   30.0000  -30.000010862.2627   17.2765
    0.0000   30.0000  -30.000011301.1465   17.2753
    7.5000   30.0000  -30.000010812.6211   17.2773
   -7.5000   37.5000  -30.000010275.8408   17.3004
    0.0000   37.5000  -30.000010683.9004   17.3091
    7.5000   37.5000  -30.000010217.2100   17.3116
   -7.5000   45.0000  -30.0000 9279.9023   16.8915
    0.0000   45.0000  -30.0000 9641.5342   16.9049
    7.5000   45.0000  -30.0000 9246.8008   16.9013
   -7.5000  -45.0000  -22.5000 9545.1826   18.2632
    0.0000  -45.0000  -22.5000 9989.1406   18.2740
    7.5000  -45.0000  -22.5000 9573.9473   18.2702
   -7.5000  -37.5000  -22.500010176.3701   18.2081
    0.0000  -37.5000  -22.500010645.6328   18.2130
    7.5000  -37.5000  -22.500010168.1836   18.2019
   -7.5000  -30.0000  -22.500011150.3125   18.1621
    0.0000  -30.0000  -22.500011655.6260   18.1602
    7.5000  -30.0000  -22.500011121.0234   18.1497
   -7.5000  -22.5000  -22.500012029.2422   18.1348
    0.0000  -22.5000  -22.500012563.8848   18.1332
    7.5000  -22.5000  -22.500012008.7168   18.1308
   -7.5000  -15.0000  -22.500012775.1689   18.1326
    0.0000  -15.0000  -22.500013348.2471   18.1367
    7.5000  -15.0000  -22.500012745.2051   18.1415
   -7.5000   -7.5000  -22.500013469.0918   18.1547
    0.0000   -7.5000  -22.500014067.2412   18.1648
    7.5000   -7.5000  -22.500013422.7812   18.1684
   -7.5000    0.0000  -22.500014079.8779   18.1794
    0.0000    0.0000  -22.500014719.9844   18.1906
    7.5000    0.0000  -22.500014045.0068   18.1858
   -7.5000    7.5000  -22.500013650.5977   18.1793
    0.0000    7.5000  -22.500014279.9111   18.1841
    7.5000    7.5000  -22.500013605.3203   18.1722
   -7.5000   15.0000  -22.500013076.9424   18.1569
    0.0000   15.0000  -22.500013634.2461   18.1548
    7.5000   15.0000  -22.500013013.9131   18.1440
   -7.5000   22.5000  -22.500012369.9248   18.1291
    0.0000   22.5000  -22.500012886.2812   18.1275
    7.5000   22.5000  -22.500012292.2500   18.1251
   -7.5000   30.0000  -22.500011467.0771   17.8954
    0.0000   30.0000  -22.500011955.5127   17.8994
    7.5000   30.0000  -22.500011419.8545   17.9042
   -7.5000   37.5000  -22.500010860.7471   17.9172
    0.0000   37.5000  -22.500011308.2832   17.9272
    7.5000   37.5000  -22.500010790.8486   17.9308
   -7.5000   45.0000  -22.5000 9824.5459   17.5077
    0.0000   45.0000  -22.500010201.3271   17.5185
    7.5000   45.0000  -22.5000 9765.4512   17.5138
   -7.5000  -45.0000  -15.000010205.6758   18.7150
    0.0000  -45.0000  -15.000010693.0186   18.7205
    7.5000  -45.0000  -15.000010238.6406   18.7144
   -7.5000  -37.5000  -15.000010869.7949   18.6613
    0.0000  -37.5000  -15.000011378.0439   18.6604
    7.5000  -37.5000  -15.000010872.7510   18.6472
   -7.5000  -30.0000  -15.000011879.2510   18.6195
    0.0000  -30.0000  -15.000012420.0771   18.6142
    7.5000  -30.0000  -15.000011872.4678   18.6039
   -7.5000  -22.5000  -15.000012766.6318   18.5931
    0.0000  -22.5000  -15.000013354.1289   18.5916
    7.5000  -22.5000  -15.000012764.8477   18.5907
   -7.5000  -15.0000  -15.000013523.3564   18.5871
    0.0000  -15.0000  -15.000014141.7637   18.5924
    7.5000  -15.0000  -15.000013525.2656   18.5986
   -7.5000   -7.5000  -15.000014226.7744   18.6059
    0.0000   -7.5000  -15.000014874.3574   18.6142
    7.5000   -7.5000  -15.000014244.5928   18.6174
   -7.5000    0.0000  -15.000014895.7559   18.6296
    0.0000    0.0000  -15.000015582.0527   18.6356
    7.5000    0.0000  -15.000014880.1895   18.6285
   -7.5000    7.5000  -15.000014434.8271   18.6320
    0.0000    7.5000  -15.000015131.4150   18.6310
    7.5000    7.5000  -15.000014401.8193   18.6170
   -7.5000   15.0000  -15.000013799.7227   18.6142
    0.0000   15.0000  -15.000014446.0479   18.6087
    7.5000   15.0000  -15.000013744.4414   18.5981
   -7.5000   22.5000  -15.000013068.5605   18.5864
    0.0000   22.5000  -15.000013626.4580   18.5849
    7.5000   22.5000  -15.000012967.5127   18.5841
   -7.5000   30.0000  -15.000012093.1357   18.3465
    0.0000   30.0000  -15.000012617.0361   18.3518
    7.5000   30.0000  -15.000012028.0586   18.3579
   -7.5000   37.5000  -15.000011442.9766   18.3651
    0.0000   37.5000  -15.000011929.4912   18.3733
    7.5000   37.5000  -15.000011354.6855   18.3764
   -7.5000   45.0000  -15.000010314.6250   17.9521
    0.0000   45.0000  -15.000010732.9893   17.9579
    7.5000   45.0000  -15.000010242.5342   17.9510
   -7.5000  -45.0000   -7.500010891.6621   18.9238
    0.0000  -45.0000   -7.500011403.2822   18.9280
    7.5000  -45.0000   -7.500010920.2568   18.9198
   -7.5000  -37.5000   -7.500011567.2207   18.8648
    0.0000  -37.5000   -7.500012114.7266   18.8612
    7.5000  -37.5000   -7.500011596.6279   18.8465
   -7.5000  -30.0000   -7.500012630.1982   18.8243
    0.0000  -30.0000   -7.500013214.6602   18.8135
    7.5000  -30.0000   -7.500012648.4697   18.8010
   -7.5000  -22.5000   -7.500013530.3721   18.8027
    0.0000  -22.5000   -7.500014141.9004   18.7950
    7.5000  -22.5000   -7.500013566.8760   18.7914
   -7.5000  -15.0000   -7.500014275.7490   18.8007
    0.0000  -15.0000   -7.500014922.1025   18.8011
    7.5000  -15.0000   -7.500014336.6934   18.8051
   -7.5000   -7.5000   -7.500014975.3213   18.8194
    0.0000   -7.5000   -7.500015630.9346   18.8250
    7.5000   -7.5000   -7.500015052.0752   18.8262
   -7.5000    0.0000   -7.500015677.3945   18.8379
    0.0000    0.0000   -7.500016402.0117   18.8426
    7.5000    0.0000   -7.500015740.3320   18.8335
   -7.5000    7.5000   -7.500015221.9326   18.8354
    0.0000    7.5000   -7.500015930.3047   18.8317
    7.5000    7.5000   -7.500015224.9688   18.8162
   -7.5000   15.0000   -7.500014559.7314   18.8190
    0.0000   15.0000   -7.500015208.3555   18.8080
    7.5000   15.0000   -7.500014493.3740   18.7952
   -7.5000   22.5000   -7.500013744.5586   18.7940
    0.0000   22.5000   -7.500014322.6426   18.7863
    7.5000   22.5000   -7.500013626.7979   18.7827
   -7.5000   30.0000   -7.500012685.3945   18.5569
    0.0000   30.0000   -7.500013222.7275   18.5573
    7.5000   30.0000   -7.500012599.9307   18.5612
   -7.5000   37.5000   -7.500011990.4941   18.5753
    0.0000   37.5000   -7.500012496.4785   18.5808
    7.5000   37.5000   -7.500011910.7734   18.5821
   -7.5000   45.0000   -7.500010801.2441   18.1562
    0.0000   45.0000   -7.500011249.3574   18.1607
    7.5000   45.0000   -7.500010743.5000   18.1520
   -7.5000  -45.0000    0.000011472.1426   18.9396
    0.0000  -45.0000    0.000012026.4072   18.9474
    7.5000  -45.0000    0.000011528.6143   18.9395
   -7.5000  -37.5000    0.000012163.6152   18.8742
    0.0000  -37.5000    0.000012747.9121   18.8735
    7.5000  -37.5000    0.000012219.5283   18.8586
   -7.5000  -30.0000    0.000013256.3896   18.8313
    0.0000  -30.0000    0.000013876.6025   18.8191
    7.5000  -30.0000    0.000013328.8506   18.8037
   -7.5000  -22.5000    0.000014193.6660   18.8136
    0.0000  -22.5000    0.000014855.9746   18.8008
    7.5000  -22.5000    0.000014270.4824   18.7924
   -7.5000  -15.0000    0.000014956.4189   18.8181
    0.0000  -15.0000    0.000015598.4443   18.8135
    7.5000  -15.0000    0.000015035.1553   18.8137
   -7.5000   -7.5000    0.000015677.4443   18.8393
    0.0000   -7.5000    0.000016316.0947   18.8442
    7.5000   -7.5000    0.000015746.3896   18.8439
   -7.5000    0.0000    0.000016434.7129   18.8537
    0.0000    0.0000    0.000017136.4277   18.8620
    7.5000    0.0000    0.000016483.4551   18.8531
   -7.5000    7.5000    0.000015960.0684   18.8448
    0.0000    7.5000    0.000016655.8262   18.8440
    7.5000    7.5000    0.000015968.8779   18.8283
   -7.5000   15.0000    0.000015233.8506   18.8260
    0.0000   15.0000    0.000015888.3838   18.8136
    7.5000   15.0000    0.000015189.3799   18.7979
   -7.5000   22.5000    0.000014317.1611   18.8049
    0.0000   22.5000    0.000014906.0635   18.7921
    7.5000   22.5000    0.000014240.4209   18.7837
   -7.5000   30.0000    0.000013163.2344   18.5745
    0.0000   30.0000    0.000013684.0420   18.5700
    7.5000   30.0000    0.000013092.8682   18.5702
   -7.5000   37.5000    0.000012422.5908   18.5955
    0.0000   37.5000    0.000012922.6836   18.6003
    7.5000   37.5000    0.000012373.2432   18.6000
   -7.5000   45.0000    0.000011192.4375   18.1728
    0.0000   45.0000    0.000011646.2393   18.1808
    7.5000   45.0000    0.000011166.2959   18.1722
   -7.5000  -45.0000    7.500011191.6641   18.9266
    0.0000  -45.0000    7.500011742.7607   18.9391
    7.5000  -45.0000    7.500011243.1025   18.9342
   -7.5000  -37.5000    7.500011830.2490   18.8595
    0.0000  -37.5000    7.500012397.5527   18.8641
    7.5000  -37.5000    7.500011901.8076   18.8518
   -7.5000  -30.0000    7.500012840.8857   18.8120
    0.0000  -30.0000    7.500013450.4912   18.8035
    7.5000  -30.0000    7.500012949.2158   18.7886
   -7.5000  -22.5000    7.500013754.8906   18.7924
    0.0000  -22.5000    7.500014386.4551   18.7802
    7.5000  -22.5000    7.500013854.0068   18.7710
   -7.5000  -15.0000    7.500014491.6162   18.7994
    0.0000  -15.0000    7.500015045.5811   18.7943
    7.5000  -15.0000    7.500014586.8379   18.7937
   -7.5000   -7.5000    7.500015149.9443   18.8239
    0.0000   -7.5000    7.500015721.7422   18.8307
    7.5000   -7.5000    7.500015237.3271   18.8314
   -7.5000    0.0000    7.500015869.9238   18.8401
    0.0000    0.0000    7.500016510.5078   18.8532
    7.5000    0.0000    7.500015920.2441   18.8471
   -7.5000    7.5000    7.500015408.9736   18.8299
    0.0000    7.5000    7.500016035.9619   18.8344
    7.5000    7.5000    7.500015430.5684   18.8212
   -7.5000   15.0000    7.500014677.5371   18.8066
    0.0000   15.0000    7.500015272.1650   18.7979
    7.5000   15.0000    7.500014682.5137   18.7828
   -7.5000   22.5000    7.500013769.5098   18.7837
    0.0000   22.5000    7.500014274.4795   18.7714
    7.5000   22.5000    7.500013748.5410   18.7623
   -7.5000   30.0000    7.500012651.9111   18.5561
    0.0000   30.0000    7.500013101.6338   18.5510
    7.5000   30.0000    7.500012616.1875   18.5505
   -7.5000   37.5000    7.500011959.9736   18.5803
    0.0000   37.5000    7.500012366.2695   18.5870
    7.5000   37.5000    7.500011905.9512   18.5877
   -7.5000   45.0000    7.500010784.0176   18.1597
    0.0000   45.0000    7.500011159.5547   18.1723
    7.5000   45.0000    7.500010767.7500   18.1664
   -7.5000  -45.0000   15.000010784.3076   18.9358
    0.0000  -45.0000   15.000011285.5449   18.9504
    7.5000  -45.0000   15.000010834.1172   18.9475
   -7.5000  -37.5000   15.000011372.1035   18.8722
    0.0000  -37.5000   15.000011907.2314   18.8801
    7.5000  -37.5000   15.000011451.8389   18.8696
   -7.5000  -30.0000   15.000012301.5371   18.8216
    0.0000  -30.0000   15.000012883.3975   18.8180
    7.5000  -30.0000   15.000012412.6475   18.8056
   -7.5000  -22.5000   15.000013153.3193   18.7967
    0.0000  -22.5000   15.000013755.9453   18.7893
    7.5000  -22.5000   15.000013267.1572   18.7832
   -7.5000  -15.0000   15.000013905.6631   18.8009
    0.0000  -15.0000   15.000014459.8320   18.7995
    7.5000  -15.0000   15.000014015.7070   18.8017
   -7.5000   -7.5000   15.000014589.1855   18.8269
    0.0000   -7.5000   15.000015117.1543   18.8363
    7.5000   -7.5000   15.000014695.2275   18.8391
   -7.5000    0.0000   15.000015264.4248   18.8488
    0.0000    0.0000   15.000015826.8848   18.8638
    7.5000    0.0000   15.000015350.7793   18.8598
   -7.5000    7.5000   15.000014825.9805   18.8423
    0.0000    7.5000   15.000015368.3330   18.8500
    7.5000    7.5000   15.000014879.3164   18.8388
   -7.5000   15.0000   15.000014106.0850   18.8162
    0.0000   15.0000   15.000014619.6162   18.8123
    7.5000   15.0000   15.000014146.5576   18.7997
   -7.5000   22.5000   15.000013224.9961   18.7880
    0.0000   22.5000   15.000013683.5361   18.7805
    7.5000   22.5000   15.000013210.6943   18.7745
   -7.5000   30.0000   15.000012135.6523   18.5576
    0.0000   30.0000   15.000012559.4033   18.5562
    7.5000   30.0000   15.000012096.6611   18.5584
   -7.5000   37.5000   15.000011441.2803   18.5832
    0.0000   37.5000   15.000011830.2314   18.5926
    7.5000   37.5000   15.000011374.7051   18.5953
   -7.5000   45.0000   15.000010306.6846   18.1681
    0.0000   45.0000   15.000010667.0664   18.1825
    7.5000   45.0000   15.000010276.7773   18.1787
   -7.5000  -45.0000   22.500010234.4990   18.9588
    0.0000  -45.0000   22.500010748.4971   18.9699
    7.5000  -45.0000   22.500010298.4199   18.9660
   -7.5000  -37.5000   22.500010806.1650   18.9016
    0.0000  -37.5000   22.500011330.8945   18.9066
    7.5000  -37.5000   22.500010891.4180   18.8951
   -7.5000  -30.0000   22.500011716.6758   18.8538
    0.0000  -30.0000   22.500012267.3291   18.8518
    7.5000  -30.0000   22.500011830.0029   18.8409
   -7.5000  -22.5000   22.500012519.3477   18.8254
    0.0000  -22.5000   22.500013079.9043   18.8237
    7.5000  -22.5000   22.500012677.1777   18.8212
   -7.5000  -15.0000   22.500013244.4766   18.8232
    0.0000  -15.0000   22.500013759.9756   18.8273
    7.5000  -15.0000   22.500013394.6689   18.8324
   -7.5000   -7.5000   22.500013961.4482   18.8461
    0.0000   -7.5000   22.500014504.4932   18.8566
    7.5000   -7.5000   22.500014108.1777   18.8603
   -7.5000    0.0000   22.500014647.7051   18.8718
    0.0000    0.0000   22.500015224.0703   18.8834
    7.5000    0.0000   22.500014784.9961   18.8783
   -7.5000    7.5000   22.500014232.3525   18.8716
    0.0000    7.5000   22.500014776.9648   18.8766
    7.5000    7.5000   22.500014306.0215   18.8642
   -7.5000   15.0000   22.500013513.4248   18.8483
    0.0000   15.0000   22.500014023.1660   18.8462
    7.5000   15.0000   22.500013551.4346   18.8350
   -7.5000   22.5000   22.500012632.8271   18.8167
    0.0000   22.5000   22.500013089.2949   18.8150
    7.5000   22.5000   22.500012612.7354   18.8125
   -7.5000   30.0000   22.500011591.0996   18.5796
    0.0000   30.0000   22.500012008.1064   18.5837
    7.5000   30.0000   22.500011537.8965   18.5887
   -7.5000   37.5000   22.500010887.1992   18.6022
    0.0000   37.5000   22.500011275.5781   18.6125
    7.5000   37.5000   22.500010831.3545   18.6162
   -7.5000   45.0000   22.5000 9785.9385   18.1902
    0.0000   45.0000   22.500010153.6455   18.2014
    7.5000   45.0000   22.5000 9763.3896   18.1965
   -7.5000  -45.0000   30.0000 9599.4473   19.0048
    0.0000  -45.0000   30.000010046.3467   19.0104
    7.5000  -45.0000   30.0000 9648.3604   19.0041
   -7.5000  -37.5000   30.000010147.8789   18.9502
    0.0000  -37.5000   30.000010650.1201   18.9492
    7.5000  -37.5000   30.000010208.5234   18.9358
   -7.5000  -30.0000   30.000011029.2529   18.9077
    0.0000  -30.0000   30.000011580.0742   18.9022
    7.5000  -30.0000   30.000011121.6885   18.8917
   -7.5000  -22.5000   30.000011833.5752   18.8808
    0.0000  -22.5000   30.000012423.0195   18.8792
    7.5000  -22.5000   30.000011967.9326   18.8784
   -7.5000  -15.0000   30.000012564.3330   18.8747
    0.0000  -15.0000   30.000013171.4404   18.8800
    7.5000  -15.0000   30.000012674.8232   18.8864
   -7.5000   -7.5000   30.000013234.4795   18.8938
    0.0000   -7.5000   30.000013842.9229   18.9022
    7.5000   -7.5000   30.000013327.2139   18.9055
   -7.5000    0.0000   30.000013808.0596   18.9179
    0.0000    0.0000   30.000014456.0811   18.9240
    7.5000    0.0000   30.000013902.2910   18.9168
   -7.5000    7.5000   30.000013403.1875   18.9204
    0.0000    7.5000   30.000014025.9199   18.9193
    7.5000    7.5000   30.000013475.3076   18.9051
   -7.5000   15.0000   30.000012764.8486   18.9023
    0.0000   15.0000   30.000013326.1904   18.8966
    7.5000   15.0000   30.000012810.9189   18.8859
   -7.5000   22.5000   30.000011925.5664   18.8721
    0.0000   22.5000   30.000012428.3115   18.8704
    7.5000   22.5000   30.000011937.2988   18.8696
   -7.5000   30.0000   30.000010951.9053   18.6304
    0.0000   30.0000   30.000011398.3848   18.6357
    7.5000   30.0000   30.000010941.4541   18.6420
   -7.5000   37.5000   30.000010298.0205   18.6493
    0.0000   37.5000   30.000010699.9756   18.6576
    7.5000   37.5000   30.000010269.5820   18.6608
   -7.5000   45.0000   30.0000 9254.8955   18.2347
    0.0000   45.0000   30.0000 9604.0410   18.2406
    7.5000   45.0000   30.0000 9231.2207   18.2336
   -7.5000  -45.0000   37.5000 9246.7812   19.0995
    0.0000  -45.0000   37.5000 9699.0078   19.1036
    7.5000  -45.0000   37.5000 9290.3613   19.0953
   -7.5000  -37.5000   37.5000 9801.2803   19.0395
    0.0000  -37.5000   37.500010303.0322   19.0358
    7.5000  -37.5000   37.5000 9843.9395   19.0207
   -7.5000  -30.0000   37.500010684.9141   18.9983
    0.0000  -30.0000   37.500011235.4570   18.9873
    7.5000  -30.0000   37.500010748.7920   18.9745
   -7.5000  -22.5000   37.500011508.1670   18.9763
    0.0000  -22.5000   37.500012064.3135   18.9684
    7.5000  -22.5000   37.500011582.4082   18.9649
   -7.5000  -15.0000   37.500012238.5312   18.9743
    0.0000  -15.0000   37.500012795.4600   18.9747
    7.5000  -15.0000   37.500012285.5312   18.9788
   -7.5000   -7.5000   37.500012885.1699   18.9934
    0.0000   -7.5000   37.500013450.9922   18.9989
    7.5000   -7.5000   37.500012922.4795   19.0003
   -7.5000    0.0000   37.500013410.6094   19.0122
    0.0000    0.0000   37.500014016.1318   19.0169
    7.5000    0.0000   37.500013481.4365   19.0076
   -7.5000    7.5000   37.500012987.9150   19.0096
    0.0000    7.5000   37.500013561.8223   19.0058
    7.5000    7.5000   37.500013068.2422   18.9899
   -7.5000   15.0000   37.500012384.0615   18.9929
    0.0000   15.0000   37.500012937.4023   18.9817
    7.5000   15.0000   37.500012444.6904   18.9686
   -7.5000   22.5000   37.500011578.8740   18.9675
    0.0000   22.5000   37.500012089.2510   18.9596
    7.5000   22.5000   37.500011615.7969   18.9561
   -7.5000   30.0000   37.500010635.1113   18.7287
    0.0000   30.0000   37.500011086.9385   18.7291
    7.5000   30.0000   37.500010649.6504   18.7332
   -7.5000   37.5000   37.500010009.7705   18.7475
    0.0000   37.5000   37.500010425.9297   18.7531
    7.5000   37.5000   37.500010004.9219   18.7544
   -7.5000   45.0000   37.5000 9007.0469   18.3256
    0.0000   45.0000   37.5000 9379.1406   18.3301
    7.5000   45.0000   37.5000 9008.1514   18.3211
   -7.5000  -45.0000   45.0000 8495.0332   19.1695
    0.0000  -45.0000   45.0000 8895.1875   19.1775
    7.5000  -45.0000   45.0000 8501.5137   19.1690
   -7.5000  -37.5000   45.0000 9009.1025   19.1020
    0.0000  -37.5000   45.0000 9446.3066   19.1013
    7.5000  -37.5000   45.0000 9020.8564   19.0857
   -7.5000  -30.0000   45.0000 9831.5654   19.0574
    0.0000  -30.0000   45.000010305.7441   19.0449
    7.5000  -30.0000   45.0000 9859.9717   19.0289
   -7.5000  -22.5000   45.000010587.8311   19.0393
    0.0000  -22.5000   45.000011085.9805   19.0261
    7.5000  -22.5000   45.000010619.3164   19.0173
   -7.5000  -15.0000   45.000011252.6055   19.0442
    0.0000  -15.0000   45.000011784.0068   19.0395
    7.5000  -15.0000   45.000011286.5908   19.0394
   -7.5000   -7.5000   45.000011850.1396   19.0663
    0.0000   -7.5000   45.000012406.5420   19.0714
    7.5000   -7.5000   45.000011893.1084   19.0707
   -7.5000    0.0000   45.000012342.9199   19.0811
    0.0000    0.0000   45.000012917.2012   19.0897
    7.5000    0.0000   45.000012407.0977   19.0802
   -7.5000    7.5000   45.000011954.6621   19.0717
    0.0000    7.5000   45.000012494.9033   19.0709
    7.5000    7.5000   45.000012016.9502   19.0545
   -7.5000   15.0000   45.000011427.3086   19.0519
    0.0000   15.0000   45.000011936.4170   19.0392
    7.5000   15.0000   45.000011466.2842   19.0230
   -7.5000   22.5000   45.000010714.5469   19.0304
    0.0000   22.5000   45.000011180.4707   19.0172
    7.5000   22.5000   45.000010731.4316   19.0084
   -7.5000   30.0000   45.0000 9838.2988   18.7961
    0.0000   30.0000   45.000010262.1758   18.7914
    7.5000   30.0000   45.0000 9833.7285   18.7913
   -7.5000   37.5000   45.0000 9253.0439   18.8179
    0.0000   37.5000   45.0000 9646.2500   18.8229
    7.5000   37.5000   45.0000 9252.1758   18.8223
   -7.5000   45.0000   45.0000 8330.3506   18.4004
    0.0000   45.0000   45.0000 8689.3682   18.4086
    7.5000   45.0000   45.0000 8347.5371   18.3995

---------------------------------------------------------------------
imgreg_4dfp /opt/freesurfer/average/711-2C_as_mni_average_305 /opt/freesurfer/average/711-2B_as_mni_average_305_mask talsrcimg_g11 none talsrcimg_to_711-2C_as_mni_average_305_t4 4355
---------------------------------------------------------------------

freesurfer imgreg_4dfp.c
/opt/freesurfer/average/711-2C_as_mni_average_305.4dfp.img
       256       256       256         1
  1.000000  1.000000  1.000000
orientation T byte_order littleendian
Reading image: /opt/freesurfer/average/711-2C_as_mni_average_305.4dfp.img
dimensions:      256       256       256
mmppix:       1.0000   -1.0000   -1.0000
center:     128.0000 -129.0000 -129.0000
/opt/freesurfer/average/711-2B_as_mni_average_305_mask.4dfp.img
       256       256       256         1
  1.000000  1.000000  1.000000
orientation T byte_order littleendian
Reading mask: /opt/freesurfer/average/711-2B_as_mni_average_305_mask.4dfp.img (2306576 pixels)
talsrcimg_g11.4dfp.img
       256       256       256         1
  1.000000  1.000000  1.000000
orientation T byte_order littleendian
Reading image: talsrcimg_g11.4dfp.img
dimensions:      256       256       256
mmppix:       1.0000   -1.0000   -1.0000
center:     128.0000 -129.0000 -129.0000
rotation matrix determinant  1.000000
image alignment mode   4355 decimal     1103 hex
   -7.5000  -45.0000  -45.0000 1951.3346   19.1888
    0.0000  -45.0000  -45.0000 1975.7424   18.8857
    7.5000  -45.0000  -45.0000 1972.3416   18.9551
   -7.5000  -37.5000  -45.0000 2047.4091   17.4977
    0.0000  -37.5000  -45.0000 2070.7947   17.2567
    7.5000  -37.5000  -45.0000 2065.9980   17.3080
   -7.5000  -30.0000  -45.0000 2130.2844   16.1896
    0.0000  -30.0000  -45.0000 2146.2939   16.0167
    7.5000  -30.0000  -45.0000 2141.8174   16.0896
   -7.5000  -22.5000  -45.0000 2182.9785   15.3594
    0.0000  -22.5000  -45.0000 2195.1768   15.1664
    7.5000  -22.5000  -45.0000 2188.9922   15.2502
   -7.5000  -15.0000  -45.0000 2200.3389   14.9469
    0.0000  -15.0000  -45.0000 2217.3938   14.7438
    7.5000  -15.0000  -45.0000 2213.4229   14.8239
   -7.5000   -7.5000  -45.0000 2206.3628   14.8402
    0.0000   -7.5000  -45.0000 2224.2432   14.6467
    7.5000   -7.5000  -45.0000 2220.1643   14.7256
   -7.5000    0.0000  -45.0000 2195.5952   14.9716
    0.0000    0.0000  -45.0000 2213.7314   14.8040
    7.5000    0.0000  -45.0000 2208.6111   14.9295
   -7.5000    7.5000  -45.0000 2168.6694   15.4717
    0.0000    7.5000  -45.0000 2191.5635   15.2802
    7.5000    7.5000  -45.0000 2184.5305   15.4239
   -7.5000   15.0000  -45.0000 2123.3525   16.2913
    0.0000   15.0000  -45.0000 2145.3340   16.0433
    7.5000   15.0000  -45.0000 2139.7427   16.2049
   -7.5000   22.5000  -45.0000 2064.5146   17.4765
    0.0000   22.5000  -45.0000 2087.0344   17.1790
    7.5000   22.5000  -45.0000 2081.5010   17.3461
   -7.5000   30.0000  -45.0000 1986.2538   19.0540
    0.0000   30.0000  -45.0000 2009.3634   18.7584
    7.5000   30.0000  -45.0000 1998.9243   18.9411
   -7.5000   37.5000  -45.0000 1891.6643   21.1515
    0.0000   37.5000  -45.0000 1910.5631   20.8687
    7.5000   37.5000  -45.0000 1903.3440   21.1017
   -7.5000   45.0000  -45.0000 1780.1995   23.9414
    0.0000   45.0000  -45.0000 1796.0446   23.6930
    7.5000   45.0000  -45.0000 1795.0754   23.8954
   -7.5000  -45.0000  -37.5000 2040.1503   17.6959
    0.0000  -45.0000  -37.5000 2064.3452   17.4279
    7.5000  -45.0000  -37.5000 2053.5918   17.5125
   -7.5000  -37.5000  -37.5000 2145.3313   16.1431
    0.0000  -37.5000  -37.5000 2168.0725   15.9231
    7.5000  -37.5000  -37.5000 2151.8018   15.9710
   -7.5000  -30.0000  -37.5000 2227.1792   14.9422
    0.0000  -30.0000  -37.5000 2244.8608   14.7530
    7.5000  -30.0000  -37.5000 2233.1533   14.7774
   -7.5000  -22.5000  -37.5000 2285.6091   14.1422
    0.0000  -22.5000  -37.5000 2299.3184   13.9450
    7.5000  -22.5000  -37.5000 2290.5435   13.9831
   -7.5000  -15.0000  -37.5000 2307.6177   13.7334
    0.0000  -15.0000  -37.5000 2325.6401   13.5298
    7.5000  -15.0000  -37.5000 2321.5820   13.5908
   -7.5000   -7.5000  -37.5000 2308.0452   13.6365
    0.0000   -7.5000  -37.5000 2328.2161   13.4651
    7.5000   -7.5000  -37.5000 2326.3311   13.5560
   -7.5000    0.0000  -37.5000 2294.3152   13.7768
    0.0000    0.0000  -37.5000 2315.1460   13.6342
    7.5000    0.0000  -37.5000 2311.5076   13.7296
   -7.5000    7.5000  -37.5000 2264.1558   14.2204
    0.0000    7.5000  -37.5000 2287.7915   14.0408
    7.5000    7.5000  -37.5000 2282.8220   14.1695
   -7.5000   15.0000  -37.5000 2219.6191   14.9313
    0.0000   15.0000  -37.5000 2242.8621   14.7201
    7.5000   15.0000  -37.5000 2240.1423   14.8367
   -7.5000   22.5000  -37.5000 2157.1069   16.0170
    0.0000   22.5000  -37.5000 2183.6306   15.7542
    7.5000   22.5000  -37.5000 2177.8088   15.8929
   -7.5000   30.0000  -37.5000 2075.7139   17.4592
    0.0000   30.0000  -37.5000 2097.6272   17.2028
    7.5000   30.0000  -37.5000 2088.1428   17.3708
   -7.5000   37.5000  -37.5000 1973.6200   19.4034
    0.0000   37.5000  -37.5000 1993.3346   19.1273
    7.5000   37.5000  -37.5000 1987.1719   19.3466
   -7.5000   45.0000  -37.5000 1855.8937   21.9514
    0.0000   45.0000  -37.5000 1877.3478   21.6904
    7.5000   45.0000  -37.5000 1868.2797   21.8590
   -7.5000  -45.0000  -30.0000 2158.3853   17.0262
    0.0000  -45.0000  -30.0000 2184.2747   16.7761
    7.5000  -45.0000  -30.0000 2172.3562   16.8042
   -7.5000  -37.5000  -30.0000 2267.5059   15.4557
    0.0000  -37.5000  -30.0000 2290.1328   15.2232
    7.5000  -37.5000  -30.0000 2275.0203   15.2737
   -7.5000  -30.0000  -30.0000 2354.8020   14.2715
    0.0000  -30.0000  -30.0000 2375.6870   14.0586
    7.5000  -30.0000  -30.0000 2362.4668   14.1061
   -7.5000  -22.5000  -30.0000 2420.8152   13.5000
    0.0000  -22.5000  -30.0000 2436.3318   13.2870
    7.5000  -22.5000  -30.0000 2432.0889   13.3255
   -7.5000  -15.0000  -30.0000 2451.3423   13.0789
    0.0000  -15.0000  -30.0000 2472.7214   12.9011
    7.5000  -15.0000  -30.0000 2468.8262   12.9568
   -7.5000   -7.5000  -30.0000 2462.1021   12.9801
    0.0000   -7.5000  -30.0000 2485.3396   12.8225
    7.5000   -7.5000  -30.0000 2478.4307   12.9006
   -7.5000    0.0000  -30.0000 2449.2043   13.1345
    0.0000    0.0000  -30.0000 2473.5842   13.0119
    7.5000    0.0000  -30.0000 2466.3071   13.0923
   -7.5000    7.5000  -30.0000 2413.5625   13.5755
    0.0000    7.5000  -30.0000 2438.5547   13.4331
    7.5000    7.5000  -30.0000 2433.7522   13.5201
   -7.5000   15.0000  -30.0000 2362.0137   14.2648
    0.0000   15.0000  -30.0000 2388.5120   14.0817
    7.5000   15.0000  -30.0000 2386.7546   14.1773
   -7.5000   22.5000  -30.0000 2294.0898   15.2992
    0.0000   22.5000  -30.0000 2320.3003   15.0645
    7.5000   22.5000  -30.0000 2313.3066   15.1489
   -7.5000   30.0000  -30.0000 2198.9958   16.6799
    0.0000   30.0000  -30.0000 2222.9822   16.4405
    7.5000   30.0000  -30.0000 2213.4316   16.5592
   -7.5000   37.5000  -30.0000 2084.4099   18.4992
    0.0000   37.5000  -30.0000 2107.8547   18.2785
    7.5000   37.5000  -30.0000 2097.4006   18.4250
   -7.5000   45.0000  -30.0000 1961.3092   20.8980
    0.0000   45.0000  -30.0000 1983.4312   20.6620
    7.5000   45.0000  -30.0000 1976.5228   20.8201
   -7.5000  -45.0000  -22.5000 2244.0881   16.2403
    0.0000  -45.0000  -22.5000 2266.9766   16.0181
    7.5000  -45.0000  -22.5000 2259.2439   16.1039
   -7.5000  -37.5000  -22.5000 2358.7632   14.7333
    0.0000  -37.5000  -22.5000 2381.0720   14.5193
    7.5000  -37.5000  -22.5000 2367.8638   14.5851
   -7.5000  -30.0000  -22.5000 2453.6550   13.5773
    0.0000  -30.0000  -22.5000 2476.1458   13.3889
    7.5000  -30.0000  -22.5000 2467.0693   13.4253
   -7.5000  -22.5000  -22.5000 2530.2642   12.7855
    0.0000  -22.5000  -22.5000 2549.2065   12.6517
    7.5000  -22.5000  -22.5000 2545.1399   12.6695
   -7.5000  -15.0000  -22.5000 2568.1731   12.3447
    0.0000  -15.0000  -22.5000 2591.7886   12.2399
    7.5000  -15.0000  -22.5000 2588.8940   12.2845
   -7.5000   -7.5000  -22.5000 2589.0220   12.2592
    0.0000   -7.5000  -22.5000 2616.4170   12.1253
    7.5000   -7.5000  -22.5000 2608.8970   12.1865
   -7.5000    0.0000  -22.5000 2583.3425   12.4369
    0.0000    0.0000  -22.5000 2613.5999   12.3337
    7.5000    0.0000  -22.5000 2601.9890   12.4012
   -7.5000    7.5000  -22.5000 2545.1343   12.8798
    0.0000    7.5000  -22.5000 2580.2102   12.7584
    7.5000    7.5000  -22.5000 2567.1772   12.8247
   -7.5000   15.0000  -22.5000 2485.1360   13.5628
    0.0000   15.0000  -22.5000 2516.1013   13.4099
    7.5000   15.0000  -22.5000 2506.2371   13.4742
   -7.5000   22.5000  -22.5000 2403.9475   14.5282
    0.0000   22.5000  -22.5000 2434.3557   14.3314
    7.5000   22.5000  -22.5000 2426.0229   14.4177
   -7.5000   30.0000  -22.5000 2302.8191   15.8254
    0.0000   30.0000  -22.5000 2329.6443   15.6183
    7.5000   30.0000  -22.5000 2318.2246   15.7178
   -7.5000   37.5000  -22.5000 2179.2708   17.5339
    0.0000   37.5000  -22.5000 2202.4084   17.3166
    7.5000   37.5000  -22.5000 2193.9780   17.4517
   -7.5000   45.0000  -22.5000 2046.0187   19.7713
    0.0000   45.0000  -22.5000 2064.4575   19.5404
    7.5000   45.0000  -22.5000 2061.2222   19.7061
   -7.5000  -45.0000  -15.0000 2303.5066   15.5023
    0.0000  -45.0000  -15.0000 2323.3071   15.3202
    7.5000  -45.0000  -15.0000 2312.4348   15.4211
   -7.5000  -37.5000  -15.0000 2426.7507   14.0461
    0.0000  -37.5000  -15.0000 2445.8296   13.8759
    7.5000  -37.5000  -15.0000 2433.5647   13.9692
   -7.5000  -30.0000  -15.0000 2530.3748   12.9541
    0.0000  -30.0000  -15.0000 2550.5298   12.7816
    7.5000  -30.0000  -15.0000 2543.4670   12.8595
   -7.5000  -22.5000  -15.0000 2610.8438   12.1967
    0.0000  -22.5000  -15.0000 2637.4900   12.0505
    7.5000  -22.5000  -15.0000 2631.5959   12.1121
   -7.5000  -15.0000  -15.0000 2661.8582   11.7140
    0.0000  -15.0000  -15.0000 2690.3401   11.6269
    7.5000  -15.0000  -15.0000 2686.1541   11.6850
   -7.5000   -7.5000  -15.0000 2691.8555   11.5864
    0.0000   -7.5000  -15.0000 2722.7439   11.4979
    7.5000   -7.5000  -15.0000 2716.8687   11.5699
   -7.5000    0.0000  -15.0000 2691.1309   11.7761
    0.0000    0.0000  -15.0000 2724.0845   11.6777
    7.5000    0.0000  -15.0000 2707.9656   11.7602
   -7.5000    7.5000  -15.0000 2653.2339   12.2308
    0.0000    7.5000  -15.0000 2692.5276   12.1180
    7.5000    7.5000  -15.0000 2671.8279   12.1933
   -7.5000   15.0000  -15.0000 2587.8586   12.8963
    0.0000   15.0000  -15.0000 2624.5410   12.7599
    7.5000   15.0000  -15.0000 2606.1555   12.8295
   -7.5000   22.5000  -15.0000 2495.9280   13.8105
    0.0000   22.5000  -15.0000 2525.9192   13.6406
    7.5000   22.5000  -15.0000 2513.8398   13.7135
   -7.5000   30.0000  -15.0000 2382.4978   15.0376
    0.0000   30.0000  -15.0000 2407.6846   14.8462
    7.5000   30.0000  -15.0000 2397.2327   14.9426
   -7.5000   37.5000  -15.0000 2253.6509   16.6623
    0.0000   37.5000  -15.0000 2276.0474   16.4621
    7.5000   37.5000  -15.0000 2267.0251   16.5924
   -7.5000   45.0000  -15.0000 2110.2859   18.7642
    0.0000   45.0000  -15.0000 2128.7168   18.5401
    7.5000   45.0000  -15.0000 2122.2825   18.7025
   -7.5000  -45.0000   -7.5000 2345.2771   14.8409
    0.0000  -45.0000   -7.5000 2361.6533   14.7117
    7.5000  -45.0000   -7.5000 2350.5132   14.8448
   -7.5000  -37.5000   -7.5000 2472.6006   13.4438
    0.0000  -37.5000   -7.5000 2490.6477   13.2871
    7.5000  -37.5000   -7.5000 2479.7734   13.4284
   -7.5000  -30.0000   -7.5000 2586.6028   12.3884
    0.0000  -30.0000   -7.5000 2612.0020   12.2200
    7.5000  -30.0000   -7.5000 2600.0576   12.3382
   -7.5000  -22.5000   -7.5000 2679.8718   11.6460
    0.0000  -22.5000   -7.5000 2711.9746   11.4750
    7.5000  -22.5000   -7.5000 2702.4287   11.6011
   -7.5000  -15.0000   -7.5000 2742.3350   11.1816
    0.0000  -15.0000   -7.5000 2778.9927   11.0476
    7.5000  -15.0000   -7.5000 2770.8093   11.1723
   -7.5000   -7.5000   -7.5000 2778.4578   11.0347
    0.0000   -7.5000   -7.5000 2814.4473   10.9346
    7.5000   -7.5000   -7.5000 2803.2620   11.0468
   -7.5000    0.0000   -7.5000 2780.8037   11.2026
    0.0000    0.0000   -7.5000 2818.8491   11.1242
    7.5000    0.0000   -7.5000 2800.1526   11.2049
   -7.5000    7.5000   -7.5000 2740.6382   11.6380
    0.0000    7.5000   -7.5000 2780.7644   11.5458
    7.5000    7.5000   -7.5000 2755.5156   11.6264
   -7.5000   15.0000   -7.5000 2665.7722   12.2703
    0.0000   15.0000   -7.5000 2701.9512   12.1531
    7.5000   15.0000   -7.5000 2682.8857   12.2375
   -7.5000   22.5000   -7.5000 2565.1733   13.1528
    0.0000   22.5000   -7.5000 2595.6558   12.9948
    7.5000   22.5000   -7.5000 2581.6331   13.0744
   -7.5000   30.0000   -7.5000 2441.3208   14.3184
    0.0000   30.0000   -7.5000 2468.6982   14.1623
    7.5000   30.0000   -7.5000 2454.1687   14.2443
   -7.5000   37.5000   -7.5000 2303.4697   15.8592
    0.0000   37.5000   -7.5000 2329.1704   15.7274
    7.5000   37.5000   -7.5000 2317.7063   15.8204
   -7.5000   45.0000   -7.5000 2152.6785   17.8753
    0.0000   45.0000   -7.5000 2175.2600   17.6964
    7.5000   45.0000   -7.5000 2168.1938   17.8106
   -7.5000  -45.0000    0.0000 2365.0352   14.4364
    0.0000  -45.0000    0.0000 2382.8621   14.3079
    7.5000  -45.0000    0.0000 2368.2361   14.5002
   -7.5000  -37.5000    0.0000 2495.1113   13.0436
    0.0000  -37.5000    0.0000 2517.2224   12.8993
    7.5000  -37.5000    0.0000 2502.7908   13.0914
   -7.5000  -30.0000    0.0000 2616.5488   12.0020
    0.0000  -30.0000    0.0000 2644.8062   11.8406
    7.5000  -30.0000    0.0000 2635.0825   12.0049
   -7.5000  -22.5000    0.0000 2724.5198   11.2645
    0.0000  -22.5000    0.0000 2759.1152   11.0959
    7.5000  -22.5000    0.0000 2745.6550   11.2592
   -7.5000  -15.0000    0.0000 2804.2463   10.7968
    0.0000  -15.0000    0.0000 2849.0181   10.6332
    7.5000  -15.0000    0.0000 2829.3752   10.8047
   -7.5000   -7.5000    0.0000 2853.8669   10.6446
    0.0000   -7.5000    0.0000 2896.8345   10.5027
    7.5000   -7.5000    0.0000 2872.6135   10.6551
   -7.5000    0.0000    0.0000 2857.9321   10.8061
    0.0000    0.0000    0.0000 2900.9656   10.7046
    7.5000    0.0000    0.0000 2873.9927   10.8049
   -7.5000    7.5000    0.0000 2811.2759   11.2093
    0.0000    7.5000    0.0000 2854.7478   11.1237
    7.5000    7.5000    0.0000 2824.7090   11.2255
   -7.5000   15.0000    0.0000 2725.5173   11.8219
    0.0000   15.0000    0.0000 2760.7854   11.7147
    7.5000   15.0000    0.0000 2739.8591   11.8015
   -7.5000   22.5000    0.0000 2611.5881   12.6611
    0.0000   22.5000    0.0000 2642.6526   12.5261
    7.5000   22.5000    0.0000 2626.9421   12.5928
   -7.5000   30.0000    0.0000 2478.6956   13.7935
    0.0000   30.0000    0.0000 2504.9749   13.6486
    7.5000   30.0000    0.0000 2491.1287   13.7357
   -7.5000   37.5000    0.0000 2333.0901   15.2870
    0.0000   37.5000    0.0000 2361.5522   15.1495
    7.5000   37.5000    0.0000 2349.0898   15.2666
   -7.5000   45.0000    0.0000 2179.8376   17.2045
    0.0000   45.0000    0.0000 2205.7686   17.0460
    7.5000   45.0000    0.0000 2199.5852   17.1708
   -7.5000  -45.0000    7.5000 2368.0283   14.2856
    0.0000  -45.0000    7.5000 2388.6890   14.1645
    7.5000  -45.0000    7.5000 2371.0232   14.3879
   -7.5000  -37.5000    7.5000 2497.8633   12.8950
    0.0000  -37.5000    7.5000 2523.8147   12.7389
    7.5000  -37.5000    7.5000 2508.8208   12.9500
   -7.5000  -30.0000    7.5000 2620.1973   11.8226
    0.0000  -30.0000    7.5000 2654.5913   11.6381
    7.5000  -30.0000    7.5000 2642.5886   11.8426
   -7.5000  -22.5000    7.5000 2735.8303   11.0831
    0.0000  -22.5000    7.5000 2775.7612   10.8902
    7.5000  -22.5000    7.5000 2761.7126   11.0805
   -7.5000  -15.0000    7.5000 2833.9211   10.6155
    0.0000  -15.0000    7.5000 2882.6248   10.4157
    7.5000  -15.0000    7.5000 2859.1338   10.6194
   -7.5000   -7.5000    7.5000 2902.6409   10.4089
    0.0000   -7.5000    7.5000 2948.8318   10.2138
    7.5000   -7.5000    7.5000 2914.4070   10.4368
   -7.5000    0.0000    7.5000 2908.7588   10.5259
    0.0000    0.0000    7.5000 2952.3201   10.3852
    7.5000    0.0000    7.5000 2922.2791   10.5329
   -7.5000    7.5000    7.5000 2850.1379   10.9173
    0.0000    7.5000    7.5000 2892.9309   10.8043
    7.5000    7.5000    7.5000 2867.7615   10.9180
   -7.5000   15.0000    7.5000 2753.3623   11.5354
    0.0000   15.0000    7.5000 2791.6270   11.4029
    7.5000   15.0000    7.5000 2770.8535   11.5127
   -7.5000   22.5000    7.5000 2633.0332   12.3669
    0.0000   22.5000    7.5000 2660.8784   12.2078
    7.5000   22.5000    7.5000 2649.0918   12.3096
   -7.5000   30.0000    7.5000 2495.1763   13.4769
    0.0000   30.0000    7.5000 2521.3669   13.2964
    7.5000   30.0000    7.5000 2506.5613   13.4073
   -7.5000   37.5000    7.5000 2347.7925   14.9410
    0.0000   37.5000    7.5000 2373.9956   14.7618
    7.5000   37.5000    7.5000 2360.4399   14.8949
   -7.5000   45.0000    7.5000 2192.2698   16.8082
    0.0000   45.0000    7.5000 2216.8306   16.6168
    7.5000   45.0000    7.5000 2208.1064   16.7729
   -7.5000  -45.0000   15.0000 2364.3225   14.3553
    0.0000  -45.0000   15.0000 2380.0908   14.1986
    7.5000  -45.0000   15.0000 2366.2490   14.4390
   -7.5000  -37.5000   15.0000 2487.1157   12.9370
    0.0000  -37.5000   15.0000 2513.3376   12.7658
    7.5000  -37.5000   15.0000 2498.8621   12.9930
   -7.5000  -30.0000   15.0000 2606.9036   11.8419
    0.0000  -30.0000   15.0000 2640.4739   11.6619
    7.5000  -30.0000   15.0000 2624.1970   11.8809
   -7.5000  -22.5000   15.0000 2723.9016   11.0840
    0.0000  -22.5000   15.0000 2765.5361   10.8985
    7.5000  -22.5000   15.0000 2748.1528   11.1121
   -7.5000  -15.0000   15.0000 2829.1128   10.6026
    0.0000  -15.0000   15.0000 2877.5864   10.4046
    7.5000  -15.0000   15.0000 2851.8674   10.6105
   -7.5000   -7.5000   15.0000 2897.7231   10.4124
    0.0000   -7.5000   15.0000 2942.4558   10.2043
    7.5000   -7.5000   15.0000 2915.1687   10.4315
   -7.5000    0.0000   15.0000 2909.3599   10.5240
    0.0000    0.0000   15.0000 2955.3760   10.3391
    7.5000    0.0000   15.0000 2924.8948   10.5485
   -7.5000    7.5000   15.0000 2855.4773   10.9062
    0.0000    7.5000   15.0000 2897.4375   10.7406
    7.5000    7.5000   15.0000 2870.8264   10.9196
   -7.5000   15.0000   15.0000 2749.8167   11.4907
    0.0000   15.0000   15.0000 2788.5234   11.3255
    7.5000   15.0000   15.0000 2767.8103   11.4705
   -7.5000   22.5000   15.0000 2626.2058   12.2921
    0.0000   22.5000   15.0000 2654.2751   12.1023
    7.5000   22.5000   15.0000 2640.9297   12.2212
   -7.5000   30.0000   15.0000 2485.7410   13.3780
    0.0000   30.0000   15.0000 2513.4199   13.1750
    7.5000   30.0000   15.0000 2500.7444   13.2898
   -7.5000   37.5000   15.0000 2337.4880   14.7931
    0.0000   37.5000   15.0000 2363.6289   14.6108
    7.5000   37.5000   15.0000 2351.7112   14.7199
   -7.5000   45.0000   15.0000 2181.4587   16.6235
    0.0000   45.0000   15.0000 2206.2749   16.4158
    7.5000   45.0000   15.0000 2198.6287   16.5491
   -7.5000  -45.0000   22.5000 2345.2170   14.6215
    0.0000  -45.0000   22.5000 2368.6135   14.4728
    7.5000  -45.0000   22.5000 2348.9341   14.6903
   -7.5000  -37.5000   22.5000 2466.3914   13.1763
    0.0000  -37.5000   22.5000 2495.9744   13.0257
    7.5000  -37.5000   22.5000 2476.3550   13.2327
   -7.5000  -30.0000   22.5000 2585.4011   12.0944
    0.0000  -30.0000   22.5000 2619.1873   11.9107
    7.5000  -30.0000   22.5000 2600.3010   12.1301
   -7.5000  -22.5000   22.5000 2696.3889   11.3176
    0.0000  -22.5000   22.5000 2737.3660   11.1441
    7.5000  -22.5000   22.5000 2722.8252   11.3583
   -7.5000  -15.0000   22.5000 2790.3359   10.8467
    0.0000  -15.0000   22.5000 2829.6121   10.6306
    7.5000  -15.0000   22.5000 2814.1519   10.8681
   -7.5000   -7.5000   22.5000 2850.2324   10.6717
    0.0000   -7.5000   22.5000 2885.9993   10.4827
    7.5000   -7.5000   22.5000 2870.7229   10.6939
   -7.5000    0.0000   22.5000 2855.1372   10.7952
    0.0000    0.0000   22.5000 2895.2139   10.6117
    7.5000    0.0000   22.5000 2877.7783   10.7929
   -7.5000    7.5000   22.5000 2812.4053   11.1178
    0.0000    7.5000   22.5000 2849.8196   10.9502
    7.5000    7.5000   22.5000 2829.6533   11.1093
   -7.5000   15.0000   22.5000 2716.9973   11.6576
    0.0000   15.0000   22.5000 2752.0801   11.4808
    7.5000   15.0000   22.5000 2733.7439   11.6343
   -7.5000   22.5000   22.5000 2597.7976   12.4363
    0.0000   22.5000   22.5000 2628.5520   12.2398
    7.5000   22.5000   22.5000 2613.4028   12.3656
   -7.5000   30.0000   22.5000 2462.7253   13.5036
    0.0000   30.0000   22.5000 2490.8879   13.2843
    7.5000   30.0000   22.5000 2477.5820   13.4059
   -7.5000   37.5000   22.5000 2316.4639   14.8885
    0.0000   37.5000   22.5000 2341.7249   14.6721
    7.5000   37.5000   22.5000 2332.1687   14.7805
   -7.5000   45.0000   22.5000 2162.7461   16.6892
    0.0000   45.0000   22.5000 2186.0337   16.4563
    7.5000   45.0000   22.5000 2176.0320   16.5720
   -7.5000  -45.0000   30.0000 2316.4138   15.0989
    0.0000  -45.0000   30.0000 2340.8699   14.9139
    7.5000  -45.0000   30.0000 2319.2751   15.1600
   -7.5000  -37.5000   30.0000 2436.1028   13.6750
    0.0000  -37.5000   30.0000 2467.2786   13.4922
    7.5000  -37.5000   30.0000 2443.3860   13.6982
   -7.5000  -30.0000   30.0000 2550.0078   12.5898
    0.0000  -30.0000   30.0000 2585.9834   12.4273
    7.5000  -30.0000   30.0000 2563.1982   12.6051
   -7.5000  -22.5000   30.0000 2651.7014   11.8185
    0.0000  -22.5000   30.0000 2689.9802   11.6677
    7.5000  -22.5000   30.0000 2676.3430   11.8470
   -7.5000  -15.0000   30.0000 2729.8499   11.3382
    0.0000  -15.0000   30.0000 2765.0776   11.2059
    7.5000  -15.0000   30.0000 2751.4480   11.3618
   -7.5000   -7.5000   30.0000 2773.4180   11.1632
    0.0000   -7.5000   30.0000 2803.8081   11.0084
    7.5000   -7.5000   30.0000 2793.4231   11.1515
   -7.5000    0.0000   30.0000 2765.9685   11.2085
    0.0000    0.0000   30.0000 2801.1636   11.0654
    7.5000    0.0000   30.0000 2791.0117   11.1818
   -7.5000    7.5000   30.0000 2729.5273   11.4908
    0.0000    7.5000   30.0000 2761.6802   11.3523
    7.5000    7.5000   30.0000 2751.4927   11.4613
   -7.5000   15.0000   30.0000 2646.4126   12.0581
    0.0000   15.0000   30.0000 2679.2749   11.8963
    7.5000   15.0000   30.0000 2666.9885   12.0129
   -7.5000   22.5000   30.0000 2539.1777   12.8403
    0.0000   22.5000   30.0000 2566.8220   12.6654
    7.5000   22.5000   30.0000 2553.7837   12.7760
   -7.5000   30.0000   30.0000 2418.7947   13.8651
    0.0000   30.0000   30.0000 2443.5911   13.6646
    7.5000   30.0000   30.0000 2431.6084   13.7659
   -7.5000   37.5000   30.0000 2278.8945   15.2352
    0.0000   37.5000   30.0000 2304.3875   15.0051
    7.5000   37.5000   30.0000 2292.4451   15.1105
   -7.5000   45.0000   30.0000 2130.6055   17.0077
    0.0000   45.0000   30.0000 2149.5117   16.7415
    7.5000   45.0000   30.0000 2140.9573   16.8671
   -7.5000  -45.0000   37.5000 2269.9460   15.8274
    0.0000  -45.0000   37.5000 2293.0693   15.6609
    7.5000  -45.0000   37.5000 2272.5764   15.9051
   -7.5000  -37.5000   37.5000 2387.6257   14.3885
    0.0000  -37.5000   37.5000 2420.2361   14.2453
    7.5000  -37.5000   37.5000 2394.0391   14.4243
   -7.5000  -30.0000   37.5000 2493.9119   13.3292
    0.0000  -30.0000   37.5000 2530.4456   13.1696
    7.5000  -30.0000   37.5000 2508.5618   13.3259
   -7.5000  -22.5000   37.5000 2586.4763   12.5523
    0.0000  -22.5000   37.5000 2621.8140   12.3976
    7.5000  -22.5000   37.5000 2607.7891   12.5471
   -7.5000  -15.0000   37.5000 2654.6184   12.0573
    0.0000  -15.0000   37.5000 2684.3784   11.9115
    7.5000  -15.0000   37.5000 2673.4873   12.0328
   -7.5000   -7.5000   37.5000 2684.1917   11.8564
    0.0000   -7.5000   37.5000 2714.9045   11.7013
    7.5000   -7.5000   37.5000 2705.2314   11.8118
   -7.5000    0.0000   37.5000 2669.1562   11.8549
    0.0000    0.0000   37.5000 2701.7498   11.7108
    7.5000    0.0000   37.5000 2695.4500   11.8102
   -7.5000    7.5000   37.5000 2632.2539   12.1008
    0.0000    7.5000   37.5000 2655.7800   11.9636
    7.5000    7.5000   37.5000 2654.9426   12.0657
   -7.5000   15.0000   37.5000 2562.7046   12.6269
    0.0000   15.0000   37.5000 2587.8250   12.4629
    7.5000   15.0000   37.5000 2581.3171   12.5874
   -7.5000   22.5000   37.5000 2466.4243   13.4162
    0.0000   22.5000   37.5000 2491.3684   13.2416
    7.5000   22.5000   37.5000 2480.2590   13.3392
   -7.5000   30.0000   37.5000 2355.8613   14.4458
    0.0000   30.0000   37.5000 2376.9431   14.2590
    7.5000   30.0000   37.5000 2368.6655   14.3453
   -7.5000   37.5000   37.5000 2229.3669   15.7990
    0.0000   37.5000   37.5000 2249.7510   15.6020
    7.5000   37.5000   37.5000 2240.9592   15.6800
   -7.5000   45.0000   37.5000 2094.9358   17.5468
    0.0000   45.0000   37.5000 2107.8162   17.3338
    7.5000   45.0000   37.5000 2100.9868   17.4166
   -7.5000  -45.0000   45.0000 2207.0322   16.8597
    0.0000  -45.0000   45.0000 2229.5723   16.6937
    7.5000  -45.0000   45.0000 2212.6140   16.9028
   -7.5000  -37.5000   45.0000 2322.1272   15.3834
    0.0000  -37.5000   45.0000 2349.8708   15.2364
    7.5000  -37.5000   45.0000 2329.5554   15.3912
   -7.5000  -30.0000   45.0000 2423.1440   14.2721
    0.0000  -30.0000   45.0000 2453.7937   14.1148
    7.5000  -30.0000   45.0000 2439.6343   14.2335
   -7.5000  -22.5000   45.0000 2506.5046   13.4672
    0.0000  -22.5000   45.0000 2536.4128   13.3075
    7.5000  -22.5000   45.0000 2525.9612   13.4097
   -7.5000  -15.0000   45.0000 2563.5962   12.9489
    0.0000  -15.0000   45.0000 2590.1172   12.8072
    7.5000  -15.0000   45.0000 2583.8440   12.8919
   -7.5000   -7.5000   45.0000 2586.3030   12.7082
    0.0000   -7.5000   45.0000 2616.8552   12.5574
    7.5000   -7.5000   45.0000 2608.3708   12.6456
   -7.5000    0.0000   45.0000 2572.8064   12.6894
    0.0000    0.0000   45.0000 2598.5273   12.5408
    7.5000    0.0000   45.0000 2595.0962   12.6353
   -7.5000    7.5000   45.0000 2532.6702   12.9221
    0.0000    7.5000   45.0000 2552.3557   12.7736
    7.5000    7.5000   45.0000 2552.5835   12.8672
   -7.5000   15.0000   45.0000 2470.6770   13.4150
    0.0000   15.0000   45.0000 2489.2075   13.2567
    7.5000   15.0000   45.0000 2487.3784   13.3650
   -7.5000   22.5000   45.0000 2389.9907   14.1813
    0.0000   22.5000   45.0000 2407.5469   13.9934
    7.5000   22.5000   45.0000 2400.8931   14.0938
   -7.5000   30.0000   45.0000 2288.1484   15.2012
    0.0000   30.0000   45.0000 2304.1516   15.0116
    7.5000   30.0000   45.0000 2293.8691   15.0999
   -7.5000   37.5000   45.0000 2170.2827   16.5861
    0.0000   37.5000   45.0000 2187.1709   16.3687
    7.5000   37.5000   45.0000 2176.9021   16.4585
   -7.5000   45.0000   45.0000 2038.8416   18.3449
    0.0000   45.0000   45.0000 2050.9705   18.1557
    7.5000   45.0000   45.0000 2045.0565   18.2510

---------------------------------------------------------------------
imgreg_4dfp /opt/freesurfer/average/711-2C_as_mni_average_305 /opt/freesurfer/average/711-2B_as_mni_average_305_mask talsrcimg_g11 none talsrcimg_to_711-2C_as_mni_average_305_t4 1283
---------------------------------------------------------------------

freesurfer imgreg_4dfp.c
/opt/freesurfer/average/711-2C_as_mni_average_305.4dfp.img
       256       256       256         1
  1.000000  1.000000  1.000000
orientation T byte_order littleendian
Reading image: /opt/freesurfer/average/711-2C_as_mni_average_305.4dfp.img
dimensions:      256       256       256
mmppix:       1.0000   -1.0000   -1.0000
center:     128.0000 -129.0000 -129.0000
/opt/freesurfer/average/711-2B_as_mni_average_305_mask.4dfp.img
       256       256       256         1
  1.000000  1.000000  1.000000
orientation T byte_order littleendian
Reading mask: /opt/freesurfer/average/711-2B_as_mni_average_305_mask.4dfp.img (2306576 pixels)
talsrcimg_g11.4dfp.img
       256       256       256         1
  1.000000  1.000000  1.000000
orientation T byte_order littleendian
Reading image: talsrcimg_g11.4dfp.img
dimensions:      256       256       256
mmppix:       1.0000   -1.0000   -1.0000
center:     128.0000 -129.0000 -129.0000
rotation matrix determinant  1.000000
fimgreg.f
image alignment mode   1283 decimal      503 hex
parameters
    0.0000    0.0000   15.0000    0.0000    0.0000    0.0000
eta,q 0.92856 10.29648
niter,ni,del,rscale     5    3   12.0000    1.2000
parameter  3  0.765326 ->  0.500000 qaram    1.1500
parameter  4  0.682688 ->  0.500000 qaram    1.1500
parameter  5 -0.625523 -> -0.500000 qaram    1.1500
parameter  6  3.612161 ->  0.500000 qaram    1.1500
parameters
    0.8708   -2.0866   11.5500   -3.4500    3.4500   -3.4500
eta,q 0.93332 10.16177
  0.0825  0.0778  0.0705  0.0703  0.0719  0.0651
  0.0774  0.0752  0.0712  0.0705  0.0719  0.0663
  0.0752  0.0741  0.0724  0.0706  0.0715  0.0679
  0.0750  0.0750  0.0740  0.0711  0.0706  0.0699
  0.0754  0.0782  0.0757  0.0725  0.0700  0.0720
  0.0765  0.0831  0.0796  0.0742  0.0699  0.0741
  0.0781  0.0884  0.0864  0.0766  0.0708  0.0763
niter,ni,del,rscale     7    3   12.0000    1.2000
parameter  6  1.529885 ->  0.500000 qaram    1.3225
parameters
   -0.4175   -1.2620    8.8127   -4.1762    0.8580   -7.4175
eta,q 0.94002 10.15041
  0.0704  0.0763  0.0683  0.0670  0.0671  0.0601
  0.0687  0.0713  0.0651  0.0670  0.0649  0.0596
  0.0675  0.0680  0.0656  0.0663  0.0644  0.0616
  0.0667  0.0671  0.0671  0.0654  0.0657  0.0644
  0.0680  0.0673  0.0691  0.0647  0.0676  0.0674
  0.0716  0.0685  0.0712  0.0663  0.0697  0.0705
  0.0787  0.0722  0.0758  0.0702  0.0724  0.0731
niter,ni,del,rscale     7    3   12.0000    1.2000
parameters
   -0.2790   -1.1177    9.6375   -4.1660    1.0596   -8.7848
eta,q 0.94030 10.17365
  0.0726  0.0692  0.0753  0.0652  0.0689  0.0657
  0.0664  0.0654  0.0674  0.0648  0.0643  0.0628
  0.0619  0.0626  0.0614  0.0633  0.0610  0.0602
  0.0600  0.0600  0.0599  0.0602  0.0602  0.0603
  0.0615  0.0606  0.0617  0.0602  0.0621  0.0632
  0.0657  0.0643  0.0648  0.0631  0.0646  0.0665
  0.0715  0.0693  0.0682  0.0673  0.0670  0.0699
niter,ni,del,rscale     6    3   12.0000    1.2000
parameters
   -0.2728   -1.1417    9.7657   -3.9117    1.1649   -9.0351
eta,q 0.94036 10.17039
  0.0717  0.0683  0.0720  0.0649  0.0681  0.0671
  0.0657  0.0650  0.0645  0.0647  0.0636  0.0643
  0.0613  0.0624  0.0600  0.0633  0.0604  0.0613
  0.0597  0.0597  0.0597  0.0598  0.0596  0.0596
  0.0613  0.0606  0.0622  0.0597  0.0615  0.0615
  0.0655  0.0644  0.0652  0.0624  0.0641  0.0648
  0.0717  0.0695  0.0695  0.0664  0.0667  0.0682
niter,ni,del,rscale     5    3   12.0000    1.2000
parameters
   -0.3473   -1.2922    9.8314   -3.6448    1.2656   -9.1170
eta,q 0.94043 10.16380
  0.0711  0.0681  0.0715  0.0650  0.0678  0.0673
  0.0652  0.0648  0.0642  0.0648  0.0635  0.0644
  0.0610  0.0621  0.0600  0.0633  0.0603  0.0614
  0.0596  0.0596  0.0597  0.0598  0.0595  0.0596
  0.0613  0.0609  0.0622  0.0597  0.0614  0.0612
  0.0654  0.0648  0.0652  0.0624  0.0639  0.0644
  0.0718  0.0699  0.0695  0.0665  0.0665  0.0678
niter,ni,del,rscale     4    3   12.0000    1.2000
parameters
   -0.4360   -1.4504    9.8888   -3.3969    1.3607   -9.1696
eta,q 0.94052 10.15744
  0.0709  0.0683  0.0713  0.0652  0.0676  0.0672
  0.0650  0.0648  0.0641  0.0649  0.0634  0.0643
  0.0609  0.0618  0.0600  0.0632  0.0603  0.0613
  0.0596  0.0596  0.0596  0.0597  0.0595  0.0595
  0.0613  0.0609  0.0621  0.0597  0.0613  0.0611
  0.0653  0.0650  0.0652  0.0625  0.0637  0.0643
  0.0716  0.0699  0.0693  0.0667  0.0664  0.0676
niter,ni,del,rscale     3    3   12.0000    1.2000
parameters
   -0.5128   -1.5878    9.9427   -3.1844    1.4385   -9.2174
eta,q 0.94059 10.15151
  0.0708  0.0686  0.0711  0.0653  0.0674  0.0671
  0.0649  0.0648  0.0640  0.0650  0.0633  0.0642
  0.0608  0.0617  0.0600  0.0631  0.0602  0.0612
  0.0595  0.0595  0.0595  0.0596  0.0594  0.0594
  0.0612  0.0609  0.0620  0.0597  0.0612  0.0610
  0.0651  0.0651  0.0651  0.0627  0.0636  0.0642
  0.0714  0.0700  0.0692  0.0669  0.0663  0.0674
niter,ni,del,rscale     2    3   12.0000    1.2000
parameters
   -0.5816   -1.7047    9.9891   -2.9872    1.5072   -9.2654
eta,q 0.94065 10.14657
  0.0707  0.0688  0.0709  0.0654  0.0672  0.0670
  0.0648  0.0648  0.0639  0.0651  0.0632  0.0641
  0.0607  0.0615  0.0600  0.0630  0.0602  0.0612
  0.0594  0.0594  0.0594  0.0595  0.0593  0.0593
  0.0611  0.0609  0.0619  0.0598  0.0612  0.0609
  0.0650  0.0651  0.0651  0.0629  0.0635  0.0641
  0.0713  0.0700  0.0691  0.0670  0.0663  0.0673
niter,ni,del,rscale     1    3   12.0000    1.2000
parameters
   -0.6419   -1.8111   10.0327   -2.8099    1.5696   -9.3113
eta,q 0.94069 10.14238
  0.0706  0.0691  0.0708  0.0656  0.0671  0.0668
  0.0646  0.0648  0.0638  0.0651  0.0632  0.0640
  0.0606  0.0614  0.0600  0.0629  0.0601  0.0611
  0.0594  0.0593  0.0594  0.0594  0.0593  0.0593
  0.0610  0.0609  0.0618  0.0598  0.0611  0.0608
  0.0648  0.0652  0.0650  0.0630  0.0634  0.0640
  0.0711  0.0701  0.0689  0.0671  0.0662  0.0672
registration optimization eta report
parameter search radius
    6.0000    6.0000    6.9000    6.9000    6.9000    7.9350
100000*second partial in parameter space
       32.       27.       22.       13.       15.       11.
  0.0706  0.0691  0.0708  0.0656  0.0671  0.0668
  0.0646  0.0648  0.0638  0.0651  0.0632  0.0640
  0.0606  0.0614  0.0600  0.0629  0.0601  0.0611
  0.0594  0.0593  0.0594  0.0594  0.0593  0.0593
  0.0610  0.0609  0.0618  0.0598  0.0611  0.0608
  0.0648  0.0652  0.0650  0.0630  0.0634  0.0640
  0.0711  0.0701  0.0689  0.0671  0.0662  0.0672
   -0.6419   -1.8111   10.0327   -2.8099    1.5696   -9.3113
eta,q 0.94069 10.14238

---------------------------------------------------------------------
imgreg_4dfp /opt/freesurfer/average/711-2C_as_mni_average_305 /opt/freesurfer/average/711-2B_as_mni_average_305_mask talsrcimg_g11 none talsrcimg_to_711-2C_as_mni_average_305_t4 3335
---------------------------------------------------------------------

freesurfer imgreg_4dfp.c
/opt/freesurfer/average/711-2C_as_mni_average_305.4dfp.img
       256       256       256         1
  1.000000  1.000000  1.000000
orientation T byte_order littleendian
Reading image: /opt/freesurfer/average/711-2C_as_mni_average_305.4dfp.img
dimensions:      256       256       256
mmppix:       1.0000   -1.0000   -1.0000
center:     128.0000 -129.0000 -129.0000
/opt/freesurfer/average/711-2B_as_mni_average_305_mask.4dfp.img
       256       256       256         1
  1.000000  1.000000  1.000000
orientation T byte_order littleendian
Reading mask: /opt/freesurfer/average/711-2B_as_mni_average_305_mask.4dfp.img (2306576 pixels)
talsrcimg_g11.4dfp.img
       256       256       256         1
  1.000000  1.000000  1.000000
orientation T byte_order littleendian
Reading image: talsrcimg_g11.4dfp.img
dimensions:      256       256       256
mmppix:       1.0000   -1.0000   -1.0000
center:     128.0000 -129.0000 -129.0000
fimgreg.f
image alignment mode   3335 decimal      D07 hex
parameters
   -0.6419   -1.8111   10.0327   -1.3547   -1.4580   -0.1577
   16.2930   -1.9065  -16.1738    5.2803    2.7390   -4.9004
eta,q 0.93947 10.18608
niter,ni,del,rscale     5    3    5.0000    1.2000
parameter  4  2.584878 ->  0.500000 qaram    1.1500
parameter  5  2.854944 ->  0.500000 qaram    1.1500
parameter  6  2.165219 ->  0.500000 qaram    1.1500
parameter  7  0.756738 ->  0.500000 qaram    1.1500
parameter 10  0.670348 ->  0.500000 qaram    1.1500
parameters
   -0.5792   -1.5309   11.1977   -5.4947   -5.5980   -4.2977
   12.1530   -1.9672  -13.7093    1.1403   -0.8248   -6.8469
eta,q 0.95955  9.30686
  0.0625  0.0627  0.0626  0.0517  0.0455  0.0394  0.0423  0.0452  0.0446  0.0413  0.0409  0.0412
  0.0615  0.0616  0.0617  0.0538  0.0481  0.0421  0.0420  0.0435  0.0434  0.0409  0.0406  0.0406
  0.0608  0.0608  0.0610  0.0567  0.0512  0.0455  0.0423  0.0425  0.0425  0.0411  0.0406  0.0404
  0.0605  0.0605  0.0605  0.0602  0.0546  0.0489  0.0430  0.0421  0.0421  0.0419  0.0409  0.0406
  0.0607  0.0606  0.0602  0.0641  0.0585  0.0532  0.0441  0.0425  0.0419  0.0431  0.0413  0.0410
  0.0613  0.0611  0.0602  0.0684  0.0629  0.0585  0.0455  0.0436  0.0421  0.0445  0.0420  0.0416
  0.0623  0.0618  0.0606  0.0728  0.0676  0.0643  0.0471  0.0453  0.0425  0.0464  0.0429  0.0424
niter,ni,del,rscale     7    3    5.0000    1.2000
parameter  4  1.023340 ->  0.500000 qaram    1.3225
parameter  5  1.253166 ->  0.500000 qaram    1.3225
parameter  6  0.928650 ->  0.500000 qaram    1.3225
parameters
   -0.1829   -1.3342   10.5068  -10.2557  -10.3590   -9.0587
   12.5921   -0.5541  -14.3498    2.7612   -0.2811   -6.6911
eta,q 0.97160  8.77721
  0.0439  0.0425  0.0410  0.0360  0.0316  0.0288  0.0319  0.0346  0.0300  0.0336  0.0302  0.0297
  0.0423  0.0413  0.0405  0.0365  0.0326  0.0287  0.0304  0.0321  0.0292  0.0312  0.0293  0.0290
  0.0411  0.0406  0.0402  0.0378  0.0343  0.0299  0.0294  0.0301  0.0287  0.0295  0.0287  0.0286
  0.0404  0.0404  0.0404  0.0402  0.0367  0.0330  0.0289  0.0288  0.0286  0.0286  0.0284  0.0284
  0.0404  0.0405  0.0409  0.0439  0.0400  0.0376  0.0290  0.0286  0.0289  0.0285  0.0285  0.0285
  0.0411  0.0410  0.0417  0.0482  0.0440  0.0424  0.0299  0.0297  0.0296  0.0292  0.0290  0.0289
  0.0422  0.0419  0.0427  0.0529  0.0487  0.0481  0.0314  0.0316  0.0307  0.0308  0.0298  0.0296
niter,ni,del,rscale     7    3    5.0000    1.2000
parameter  2 -0.660762 -> -0.500000 qaram    1.1500
parameter  5  0.593772 ->  0.500000 qaram    1.5209
parameter 10 -0.593982 -> -0.500000 qaram    1.3225
parameters
    0.1763    0.0458    9.5019  -12.9604  -15.8342  -12.8011
   13.1673    0.3476  -15.5703    7.5222    0.3283   -7.6465
eta,q 0.97571  8.41976
  0.0320  0.0327  0.0279  0.0293  0.0261  0.0268  0.0283  0.0295  0.0267  0.0315  0.0255  0.0251
  0.0302  0.0308  0.0273  0.0279  0.0256  0.0261  0.0270  0.0277  0.0259  0.0291  0.0249  0.0246
  0.0290  0.0294  0.0271  0.0270  0.0257  0.0256  0.0261  0.0264  0.0256  0.0271  0.0245  0.0243
  0.0284  0.0283  0.0275  0.0271  0.0270  0.0255  0.0257  0.0257  0.0256  0.0255  0.0243  0.0243
  0.0284  0.0277  0.0283  0.0286  0.0292  0.0278  0.0258  0.0257  0.0260  0.0245  0.0244  0.0245
  0.0291  0.0275  0.0296  0.0316  0.0324  0.0325  0.0265  0.0265  0.0267  0.0244  0.0246  0.0250
  0.0304  0.0277  0.0311  0.0360  0.0365  0.0383  0.0278  0.0281  0.0277  0.0251  0.0252  0.0256
niter,ni,del,rscale     7    3    5.0000    1.2000
parameters
    0.6046    1.2879    8.3659  -12.2165  -17.4824  -14.7605
   13.0635    1.1460  -15.7883    8.6255    0.1771   -9.6459
eta,q 0.97688  8.32576
  0.0279  0.0302  0.0236  0.0273  0.0266  0.0255  0.0259  0.0276  0.0251  0.0284  0.0241  0.0236
  0.0262  0.0276  0.0232  0.0256  0.0248  0.0243  0.0246  0.0258  0.0241  0.0259  0.0236  0.0233
  0.0250  0.0256  0.0232  0.0242  0.0234  0.0236  0.0237  0.0243  0.0235  0.0242  0.0233  0.0231
  0.0243  0.0242  0.0235  0.0232  0.0231  0.0231  0.0234  0.0234  0.0233  0.0233  0.0232  0.0232
  0.0242  0.0235  0.0241  0.0230  0.0241  0.0235  0.0237  0.0234  0.0236  0.0234  0.0233  0.0235
  0.0248  0.0237  0.0249  0.0241  0.0264  0.0263  0.0246  0.0244  0.0243  0.0246  0.0236  0.0240
  0.0261  0.0246  0.0260  0.0268  0.0304  0.0306  0.0260  0.0263  0.0253  0.0266  0.0242  0.0247
niter,ni,del,rscale     6    3    5.0000    1.2000
parameters
    0.7415    1.5153    7.9087  -11.8913  -17.5798  -15.2404
   13.1466    1.3324  -15.8053    9.1178   -0.0126  -10.3031
eta,q 0.97694  8.31743
  0.0263  0.0270  0.0239  0.0268  0.0275  0.0261  0.0258  0.0269  0.0250  0.0277  0.0239  0.0238
  0.0246  0.0249  0.0233  0.0252  0.0256  0.0247  0.0244  0.0251  0.0240  0.0253  0.0235  0.0234
  0.0236  0.0236  0.0231  0.0240  0.0240  0.0237  0.0234  0.0238  0.0233  0.0238  0.0232  0.0231
  0.0231  0.0231  0.0231  0.0231  0.0230  0.0230  0.0231  0.0231  0.0231  0.0231  0.0231  0.0231
  0.0233  0.0234  0.0234  0.0230  0.0234  0.0228  0.0234  0.0234  0.0233  0.0234  0.0232  0.0232
  0.0242  0.0243  0.0240  0.0242  0.0251  0.0243  0.0243  0.0247  0.0240  0.0247  0.0235  0.0236
  0.0256  0.0258  0.0247  0.0270  0.0283  0.0279  0.0257  0.0267  0.0250  0.0268  0.0240  0.0242
niter,ni,del,rscale     5    3    5.0000    1.2000
parameters
    0.7535    1.6190    7.7907  -11.8782  -17.6140  -15.2999
   13.1812    1.3963  -15.7819    9.3088   -0.0862  -10.5127
eta,q 0.97693  8.31570
  0.0259  0.0266  0.0242  0.0266  0.0276  0.0263  0.0257  0.0268  0.0250  0.0273  0.0239  0.0239
  0.0244  0.0247  0.0235  0.0251  0.0257  0.0248  0.0243  0.0250  0.0240  0.0250  0.0235  0.0235
  0.0234  0.0235  0.0232  0.0239  0.0240  0.0238  0.0234  0.0237  0.0233  0.0236  0.0232  0.0232
  0.0231  0.0231  0.0231  0.0231  0.0231  0.0231  0.0231  0.0231  0.0231  0.0231  0.0231  0.0231
  0.0234  0.0234  0.0232  0.0231  0.0234  0.0227  0.0234  0.0234  0.0233  0.0235  0.0232  0.0232
  0.0243  0.0245  0.0237  0.0244  0.0251  0.0240  0.0243  0.0248  0.0240  0.0249  0.0235  0.0235
  0.0259  0.0260  0.0244  0.0273  0.0283  0.0273  0.0257  0.0269  0.0250  0.0270  0.0240  0.0241
niter,ni,del,rscale     4    3    5.0000    1.2000
parameters
    0.7592    1.6561    7.7659  -11.8730  -17.6328  -15.3059
   13.1840    1.4185  -15.7644    9.3777   -0.1123  -10.5833
eta,q 0.97693  8.31543
  0.0259  0.0264  0.0243  0.0266  0.0276  0.0263  0.0257  0.0268  0.0250  0.0272  0.0239  0.0239
  0.0244  0.0245  0.0236  0.0251  0.0257  0.0249  0.0243  0.0250  0.0240  0.0249  0.0235  0.0235
  0.0234  0.0234  0.0232  0.0239  0.0241  0.0238  0.0234  0.0237  0.0233  0.0236  0.0232  0.0232
  0.0231  0.0231  0.0231  0.0231  0.0231  0.0231  0.0231  0.0231  0.0231  0.0231  0.0231  0.0231
  0.0234  0.0235  0.0232  0.0231  0.0234  0.0227  0.0234  0.0234  0.0233  0.0235  0.0232  0.0232
  0.0243  0.0246  0.0236  0.0244  0.0251  0.0240  0.0243  0.0248  0.0240  0.0249  0.0235  0.0235
  0.0259  0.0261  0.0243  0.0273  0.0283  0.0273  0.0257  0.0269  0.0250  0.0271  0.0240  0.0240
niter,ni,del,rscale     3    3    5.0000    1.2000
parameters
    0.7616    1.6676    7.7593  -11.8695  -17.6385  -15.3065
   13.1787    1.4280  -15.7542    9.3954   -0.1084  -10.6002
eta,q 0.97693  8.31537
  0.0259  0.0263  0.0243  0.0266  0.0276  0.0263  0.0257  0.0267  0.0250  0.0272  0.0240  0.0240
  0.0244  0.0245  0.0236  0.0251  0.0257  0.0249  0.0243  0.0250  0.0240  0.0249  0.0235  0.0235
  0.0234  0.0234  0.0232  0.0239  0.0241  0.0238  0.0234  0.0237  0.0233  0.0236  0.0232  0.0232
  0.0231  0.0231  0.0231  0.0231  0.0231  0.0231  0.0231  0.0231  0.0231  0.0231  0.0231  0.0231
  0.0234  0.0235  0.0232  0.0231  0.0234  0.0227  0.0234  0.0234  0.0233  0.0236  0.0232  0.0232
  0.0244  0.0246  0.0236  0.0244  0.0251  0.0240  0.0243  0.0248  0.0240  0.0250  0.0235  0.0235
  0.0259  0.0261  0.0243  0.0273  0.0283  0.0273  0.0257  0.0269  0.0250  0.0271  0.0240  0.0240
registration optimization eta report
parameter search radius
    2.4000    2.7600    2.4000    9.5220   10.9503    9.5220
    8.2800    7.2000    7.2000    9.5220    7.2000    7.2000
100000*second partial in parameter space
       49.       41.       21.        4.        4.        4.
        4.        7.        4.        4.        2.        2.
  0.0259  0.0263  0.0243  0.0266  0.0276  0.0263  0.0257  0.0267  0.0250  0.0272  0.0240  0.0240
  0.0244  0.0245  0.0236  0.0251  0.0257  0.0249  0.0243  0.0250  0.0240  0.0249  0.0235  0.0235
  0.0234  0.0234  0.0232  0.0239  0.0241  0.0238  0.0234  0.0237  0.0233  0.0236  0.0232  0.0232
  0.0231  0.0231  0.0231  0.0231  0.0231  0.0231  0.0231  0.0231  0.0231  0.0231  0.0231  0.0231
  0.0234  0.0235  0.0232  0.0231  0.0234  0.0227  0.0234  0.0234  0.0233  0.0236  0.0232  0.0232
  0.0244  0.0246  0.0236  0.0244  0.0251  0.0240  0.0243  0.0248  0.0240  0.0250  0.0235  0.0235
  0.0259  0.0261  0.0243  0.0273  0.0283  0.0273  0.0257  0.0269  0.0250  0.0271  0.0240  0.0240
    0.7616    1.6676    7.7593  -11.8695  -17.6385  -15.3065
   13.1787    1.4280  -15.7542    9.3954   -0.1084  -10.6002
eta,q 0.97693  8.31537

---------------------------------------------------------------------
imgreg_4dfp /opt/freesurfer/average/711-2C_as_mni_average_305 /opt/freesurfer/average/711-2B_as_mni_average_305_mask talsrcimg_g11 none talsrcimg_to_711-2C_as_mni_average_305_t4 2311
---------------------------------------------------------------------

freesurfer imgreg_4dfp.c
/opt/freesurfer/average/711-2C_as_mni_average_305.4dfp.img
       256       256       256         1
  1.000000  1.000000  1.000000
orientation T byte_order littleendian
Reading image: /opt/freesurfer/average/711-2C_as_mni_average_305.4dfp.img
dimensions:      256       256       256
mmppix:       1.0000   -1.0000   -1.0000
center:     128.0000 -129.0000 -129.0000
/opt/freesurfer/average/711-2B_as_mni_average_305_mask.4dfp.img
       256       256       256         1
  1.000000  1.000000  1.000000
orientation T byte_order littleendian
Reading mask: /opt/freesurfer/average/711-2B_as_mni_average_305_mask.4dfp.img (2306576 pixels)
talsrcimg_g11.4dfp.img
       256       256       256         1
  1.000000  1.000000  1.000000
orientation T byte_order littleendian
Reading image: talsrcimg_g11.4dfp.img
dimensions:      256       256       256
mmppix:       1.0000   -1.0000   -1.0000
center:     128.0000 -129.0000 -129.0000
fimgreg.f
image alignment mode   2311 decimal      907 hex
parameters
    0.7616    1.6676    7.7593  -11.8695  -17.6385  -15.3065
   13.1787    1.4280  -15.7542    9.3954   -0.1084  -10.6002
eta,q 0.97693  8.31537
niter,ni,del,rscale     5    3    5.0000    0.8000
parameters
    0.7730    1.5941    7.7525  -10.5550  -16.8692  -13.5333
   12.9798    1.5284  -15.4614    9.2171   -0.4817  -11.1884
eta,q 0.97739  8.44440
  0.0244  0.0241  0.0236  0.0245  0.0244  0.0242  0.0236  0.0249  0.0237  0.0239  0.0231  0.0230
  0.0237  0.0235  0.0233  0.0239  0.0238  0.0236  0.0230  0.0238  0.0231  0.0232  0.0228  0.0228
  0.0232  0.0231  0.0231  0.0234  0.0232  0.0232  0.0227  0.0229  0.0228  0.0228  0.0227  0.0226
  0.0231  0.0231  0.0231  0.0231  0.0229  0.0229  0.0226  0.0226  0.0226  0.0226  0.0226  0.0226
  0.0232  0.0233  0.0231  0.0229  0.0229  0.0226  0.0228  0.0228  0.0227  0.0228  0.0227  0.0227
  0.0236  0.0237  0.0233  0.0231  0.0232  0.0227  0.0232  0.0236  0.0230  0.0234  0.0229  0.0229
  0.0244  0.0243  0.0236  0.0236  0.0238  0.0232  0.0238  0.0248  0.0234  0.0241  0.0233  0.0233
niter,ni,del,rscale     4    3    5.0000    0.7000
parameters
    0.7824    1.5979    8.1130  -10.7898  -16.8859  -13.0353
   12.9278    1.5980  -15.3525    9.3461   -0.6017  -11.1258
eta,q 0.97749  8.45617
  0.0237  0.0235  0.0234  0.0234  0.0235  0.0235  0.0233  0.0243  0.0233  0.0237  0.0229  0.0229
  0.0231  0.0230  0.0230  0.0230  0.0230  0.0232  0.0229  0.0234  0.0229  0.0231  0.0227  0.0227
  0.0227  0.0227  0.0227  0.0227  0.0227  0.0229  0.0226  0.0228  0.0226  0.0227  0.0225  0.0226
  0.0226  0.0226  0.0226  0.0226  0.0226  0.0226  0.0225  0.0225  0.0225  0.0225  0.0225  0.0225
  0.0227  0.0227  0.0226  0.0227  0.0227  0.0225  0.0226  0.0227  0.0226  0.0226  0.0226  0.0226
  0.0231  0.0230  0.0227  0.0231  0.0230  0.0227  0.0229  0.0233  0.0228  0.0230  0.0227  0.0227
  0.0237  0.0235  0.0229  0.0237  0.0236  0.0234  0.0233  0.0242  0.0232  0.0236  0.0230  0.0229
niter,ni,del,rscale     3    3    5.0000    0.6000
parameters
    0.7930    1.5962    8.2612  -10.8141  -16.9475  -12.6692
   12.8845    1.6125  -15.2853    9.3618   -0.6959  -11.1429
eta,q 0.97754  8.46612
  0.0233  0.0232  0.0230  0.0232  0.0232  0.0233  0.0230  0.0238  0.0230  0.0233  0.0228  0.0228
  0.0229  0.0228  0.0227  0.0229  0.0228  0.0230  0.0227  0.0231  0.0227  0.0229  0.0226  0.0226
  0.0226  0.0226  0.0226  0.0226  0.0226  0.0227  0.0225  0.0226  0.0225  0.0226  0.0225  0.0225
  0.0225  0.0225  0.0225  0.0225  0.0225  0.0225  0.0225  0.0225  0.0225  0.0225  0.0225  0.0225
  0.0226  0.0226  0.0225  0.0226  0.0226  0.0224  0.0225  0.0226  0.0225  0.0225  0.0225  0.0225
  0.0229  0.0228  0.0226  0.0228  0.0229  0.0226  0.0227  0.0230  0.0227  0.0228  0.0226  0.0226
  0.0233  0.0232  0.0228  0.0233  0.0233  0.0232  0.0231  0.0238  0.0230  0.0233  0.0228  0.0228
niter,ni,del,rscale     2    3    5.0000    0.5000
parameters
    0.7899    1.5951    8.3739  -10.8010  -16.9898  -12.3452
   12.8603    1.6133  -15.2497    9.3749   -0.7741  -11.1547
eta,q 0.97758  8.47626
  0.0230  0.0229  0.0228  0.0230  0.0230  0.0231  0.0228  0.0234  0.0228  0.0230  0.0226  0.0226
  0.0227  0.0227  0.0226  0.0227  0.0227  0.0229  0.0226  0.0229  0.0226  0.0227  0.0225  0.0225
  0.0225  0.0225  0.0225  0.0225  0.0225  0.0226  0.0225  0.0225  0.0225  0.0225  0.0224  0.0224
  0.0225  0.0225  0.0225  0.0225  0.0224  0.0225  0.0224  0.0224  0.0224  0.0224  0.0224  0.0224
  0.0225  0.0225  0.0225  0.0225  0.0225  0.0224  0.0225  0.0225  0.0225  0.0225  0.0225  0.0224
  0.0227  0.0227  0.0225  0.0227  0.0227  0.0226  0.0226  0.0228  0.0226  0.0227  0.0225  0.0225
  0.0230  0.0229  0.0227  0.0230  0.0230  0.0230  0.0228  0.0234  0.0228  0.0230  0.0227  0.0226
niter,ni,del,rscale     1    3    5.0000    0.4000
parameters
    0.7845    1.6037    8.4848  -10.8059  -17.0159  -12.0460
   12.8338    1.6093  -15.2236    9.3852   -0.8436  -11.1785
eta,q 0.97760  8.48558
  0.0228  0.0227  0.0227  0.0228  0.0228  0.0229  0.0227  0.0230  0.0227  0.0228  0.0225  0.0225
  0.0226  0.0226  0.0225  0.0226  0.0226  0.0227  0.0225  0.0227  0.0225  0.0226  0.0225  0.0225
  0.0225  0.0225  0.0225  0.0225  0.0225  0.0225  0.0224  0.0225  0.0224  0.0224  0.0224  0.0224
  0.0224  0.0224  0.0224  0.0224  0.0224  0.0224  0.0224  0.0224  0.0224  0.0224  0.0224  0.0224
  0.0225  0.0225  0.0224  0.0225  0.0225  0.0224  0.0224  0.0225  0.0224  0.0224  0.0224  0.0224
  0.0226  0.0226  0.0225  0.0226  0.0226  0.0225  0.0225  0.0227  0.0225  0.0226  0.0225  0.0225
  0.0228  0.0227  0.0226  0.0228  0.0228  0.0228  0.0227  0.0230  0.0226  0.0228  0.0226  0.0225
registration optimization eta report
parameter search radius
    0.8000    0.8000    0.8000    2.4000    2.4000    2.4000
    2.4000    2.4000    2.4000    2.4000    2.4000    2.4000
100000*second partial in parameter space
       57.       49.       29.        6.        6.        7.
        5.       11.        4.        7.        3.        3.
  0.0228  0.0227  0.0227  0.0228  0.0228  0.0229  0.0227  0.0230  0.0227  0.0228  0.0225  0.0225
  0.0226  0.0226  0.0225  0.0226  0.0226  0.0227  0.0225  0.0227  0.0225  0.0226  0.0225  0.0225
  0.0225  0.0225  0.0225  0.0225  0.0225  0.0225  0.0224  0.0225  0.0224  0.0224  0.0224  0.0224
  0.0224  0.0224  0.0224  0.0224  0.0224  0.0224  0.0224  0.0224  0.0224  0.0224  0.0224  0.0224
  0.0225  0.0225  0.0224  0.0225  0.0225  0.0224  0.0224  0.0225  0.0224  0.0224  0.0224  0.0224
  0.0226  0.0226  0.0225  0.0226  0.0226  0.0225  0.0225  0.0227  0.0225  0.0226  0.0225  0.0225
  0.0228  0.0227  0.0226  0.0228  0.0228  0.0228  0.0227  0.0230  0.0226  0.0228  0.0226  0.0225
    0.7845    1.6037    8.4848  -10.8059  -17.0159  -12.0460
   12.8338    1.6093  -15.2236    9.3852   -0.8436  -11.1785
eta,q 0.97760  8.48558

---------------------------------------------------------------------
imgreg_4dfp /opt/freesurfer/average/711-2C_as_mni_average_305 /opt/freesurfer/average/711-2B_as_mni_average_305_mask talsrcimg_g11 none talsrcimg_to_711-2C_as_mni_average_305_t4 2311
---------------------------------------------------------------------

freesurfer imgreg_4dfp.c
/opt/freesurfer/average/711-2C_as_mni_average_305.4dfp.img
       256       256       256         1
  1.000000  1.000000  1.000000
orientation T byte_order littleendian
Reading image: /opt/freesurfer/average/711-2C_as_mni_average_305.4dfp.img
dimensions:      256       256       256
mmppix:       1.0000   -1.0000   -1.0000
center:     128.0000 -129.0000 -129.0000
/opt/freesurfer/average/711-2B_as_mni_average_305_mask.4dfp.img
       256       256       256         1
  1.000000  1.000000  1.000000
orientation T byte_order littleendian
Reading mask: /opt/freesurfer/average/711-2B_as_mni_average_305_mask.4dfp.img (2306576 pixels)
talsrcimg_g11.4dfp.img
       256       256       256         1
  1.000000  1.000000  1.000000
orientation T byte_order littleendian
Reading image: talsrcimg_g11.4dfp.img
dimensions:      256       256       256
mmppix:       1.0000   -1.0000   -1.0000
center:     128.0000 -129.0000 -129.0000
fimgreg.f
image alignment mode   2311 decimal      907 hex
parameters
    0.7845    1.6037    8.4848  -10.8059  -17.0159  -12.0460
   12.8338    1.6093  -15.2236    9.3852   -0.8436  -11.1785
eta,q 0.97760  8.48558
niter,ni,del,rscale     5    3    5.0000    0.8000
parameters
    0.7684    1.6286    8.5964  -11.0925  -17.1176  -12.5717
   12.9175    1.5840  -15.2805    9.4513   -0.7533  -10.9188
eta,q 0.97753  8.45739
  0.0238  0.0237  0.0233  0.0235  0.0236  0.0235  0.0236  0.0247  0.0234  0.0239  0.0230  0.0230
  0.0230  0.0230  0.0228  0.0230  0.0230  0.0231  0.0230  0.0235  0.0229  0.0232  0.0227  0.0227
  0.0226  0.0225  0.0225  0.0225  0.0226  0.0227  0.0226  0.0228  0.0226  0.0227  0.0225  0.0226
  0.0224  0.0224  0.0224  0.0224  0.0224  0.0224  0.0225  0.0225  0.0225  0.0225  0.0225  0.0225
  0.0226  0.0225  0.0225  0.0226  0.0226  0.0225  0.0226  0.0227  0.0226  0.0226  0.0225  0.0225
  0.0231  0.0229  0.0227  0.0230  0.0230  0.0233  0.0229  0.0235  0.0229  0.0231  0.0227  0.0227
  0.0239  0.0236  0.0231  0.0240  0.0237  0.0246  0.0235  0.0248  0.0235  0.0239  0.0230  0.0229
niter,ni,del,rscale     4    3    5.0000    0.7000
parameters
    0.7756    1.5900    8.4327  -10.9355  -17.0611  -12.6697
   12.9023    1.6059  -15.2750    9.3638   -0.7426  -10.9788
eta,q 0.97754  8.45932
  0.0236  0.0234  0.0229  0.0235  0.0235  0.0234  0.0233  0.0242  0.0232  0.0235  0.0229  0.0228
  0.0230  0.0228  0.0226  0.0230  0.0229  0.0231  0.0228  0.0233  0.0228  0.0230  0.0227  0.0226
  0.0226  0.0225  0.0225  0.0226  0.0226  0.0227  0.0225  0.0227  0.0225  0.0226  0.0225  0.0225
  0.0225  0.0225  0.0225  0.0225  0.0224  0.0224  0.0225  0.0225  0.0225  0.0225  0.0225  0.0225
  0.0226  0.0226  0.0226  0.0225  0.0225  0.0224  0.0226  0.0226  0.0225  0.0226  0.0225  0.0225
  0.0229  0.0229  0.0228  0.0228  0.0229  0.0229  0.0228  0.0232  0.0228  0.0230  0.0226  0.0226
  0.0236  0.0235  0.0231  0.0234  0.0234  0.0238  0.0233  0.0242  0.0232  0.0236  0.0229  0.0229
niter,ni,del,rscale     3    3    5.0000    0.6000
parameters
    0.7824    1.5849    8.3875  -10.8452  -17.0126  -12.5314
   12.8807    1.6101  -15.2587    9.3541   -0.7492  -11.0769
eta,q 0.97756  8.46802
  0.0233  0.0232  0.0228  0.0232  0.0232  0.0233  0.0230  0.0238  0.0230  0.0233  0.0228  0.0227
  0.0228  0.0228  0.0226  0.0228  0.0228  0.0230  0.0227  0.0231  0.0227  0.0228  0.0226  0.0226
  0.0226  0.0225  0.0225  0.0226  0.0226  0.0227  0.0225  0.0226  0.0225  0.0225  0.0225  0.0225
  0.0225  0.0225  0.0225  0.0225  0.0225  0.0225  0.0224  0.0224  0.0224  0.0224  0.0224  0.0224
  0.0225  0.0225  0.0225  0.0225  0.0225  0.0224  0.0225  0.0226  0.0225  0.0225  0.0225  0.0225
  0.0228  0.0228  0.0227  0.0227  0.0228  0.0227  0.0227  0.0230  0.0227  0.0228  0.0226  0.0226
  0.0233  0.0232  0.0229  0.0232  0.0232  0.0233  0.0230  0.0238  0.0230  0.0233  0.0228  0.0228
niter,ni,del,rscale     2    3    5.0000    0.5000
parameters
    0.7840    1.5915    8.4263  -10.8136  -17.0101  -12.2883
   12.8524    1.6041  -15.2417    9.3654   -0.7954  -11.1291
eta,q 0.97758  8.47719
  0.0230  0.0229  0.0227  0.0230  0.0230  0.0231  0.0228  0.0234  0.0228  0.0230  0.0226  0.0226
  0.0227  0.0227  0.0226  0.0227  0.0227  0.0228  0.0226  0.0229  0.0226  0.0227  0.0225  0.0225
  0.0225  0.0225  0.0225  0.0225  0.0225  0.0226  0.0225  0.0225  0.0225  0.0225  0.0224  0.0224
  0.0224  0.0224  0.0224  0.0224  0.0224  0.0224  0.0224  0.0224  0.0224  0.0224  0.0224  0.0224
  0.0225  0.0225  0.0225  0.0225  0.0225  0.0224  0.0225  0.0225  0.0225  0.0225  0.0224  0.0224
  0.0227  0.0227  0.0226  0.0227  0.0227  0.0226  0.0226  0.0228  0.0226  0.0227  0.0225  0.0225
  0.0230  0.0229  0.0227  0.0230  0.0230  0.0230  0.0228  0.0234  0.0228  0.0230  0.0227  0.0226
niter,ni,del,rscale     1    3    5.0000    0.4000
parameters
    0.7784    1.5979    8.5097  -10.8022  -17.0342  -12.0087
   12.8361    1.5987  -15.2049    9.3715   -0.8435  -11.1502
eta,q 0.97761  8.48614
  0.0228  0.0227  0.0226  0.0228  0.0227  0.0229  0.0227  0.0230  0.0227  0.0228  0.0225  0.0225
  0.0226  0.0226  0.0225  0.0226  0.0226  0.0227  0.0225  0.0227  0.0225  0.0226  0.0225  0.0225
  0.0224  0.0225  0.0225  0.0225  0.0224  0.0225  0.0224  0.0225  0.0224  0.0224  0.0224  0.0224
  0.0224  0.0224  0.0224  0.0224  0.0224  0.0224  0.0224  0.0224  0.0224  0.0224  0.0224  0.0224
  0.0225  0.0224  0.0224  0.0224  0.0224  0.0224  0.0224  0.0225  0.0224  0.0224  0.0224  0.0224
  0.0226  0.0226  0.0225  0.0226  0.0226  0.0225  0.0225  0.0227  0.0225  0.0226  0.0225  0.0225
  0.0228  0.0227  0.0226  0.0228  0.0228  0.0228  0.0227  0.0230  0.0226  0.0228  0.0226  0.0225
registration optimization eta report
parameter search radius
    0.8000    0.8000    0.8000    2.4000    2.4000    2.4000
    2.4000    2.4000    2.4000    2.4000    2.4000    2.4000
100000*second partial in parameter space
       58.       50.       29.        6.        6.        7.
        5.       11.        4.        7.        3.        3.
  0.0228  0.0227  0.0226  0.0228  0.0227  0.0229  0.0227  0.0230  0.0227  0.0228  0.0225  0.0225
  0.0226  0.0226  0.0225  0.0226  0.0226  0.0227  0.0225  0.0227  0.0225  0.0226  0.0225  0.0225
  0.0224  0.0225  0.0225  0.0225  0.0224  0.0225  0.0224  0.0225  0.0224  0.0224  0.0224  0.0224
  0.0224  0.0224  0.0224  0.0224  0.0224  0.0224  0.0224  0.0224  0.0224  0.0224  0.0224  0.0224
  0.0225  0.0224  0.0224  0.0224  0.0224  0.0224  0.0224  0.0225  0.0224  0.0224  0.0224  0.0224
  0.0226  0.0226  0.0225  0.0226  0.0226  0.0225  0.0225  0.0227  0.0225  0.0226  0.0225  0.0225
  0.0228  0.0227  0.0226  0.0228  0.0228  0.0228  0.0227  0.0230  0.0226  0.0228  0.0226  0.0225
    0.7784    1.5979    8.5097  -10.8022  -17.0342  -12.0087
   12.8361    1.5987  -15.2049    9.3715   -0.8435  -11.1502
eta,q 0.97761  8.48614

---------------------------------------------------------------------
compute_vox2vox talsrcimg talsrcimg_to_711-2C_as_mni_average_305_t4 /opt/freesurfer/average/711-2C_as_mni_average_305
---------------------------------------------------------------------

freesurfer compute_vox2vox.c
Reading: talsrcimg.4dfp.ifh
Reading: talsrcimg_to_711-2C_as_mni_average_305_t4
Reading: /opt/freesurfer/average/711-2C_as_mni_average_305.4dfp.ifh
Writing: talsrcimg_to_711-2C_as_mni_average_305_t4_vox2vox.txt

start time Thu Mar 12 11:02:00 CET 2026
end		time Thu Mar 12 11:03:28 CET 2026

mpr2mni305 success

avi2talxfm orig_nu.mgz /opt/freesurfer/average/mni305.cor.mgz talsrcimg_to_711-2C_as_mni_average_305_t4_vox2vox.txt transforms/talairach.auto.xfm
avi2talxfm done
mv -f /out/sourcedata/freesurfer/sub-v1s11x0050164_ses-1/mri/talsrcimg_to_711-2C_as_mni_average_305_t4_vox2vox.txt /out/sourcedata/freesurfer/sub-v1s11x0050164_ses-1/mri/transforms/talsrcimg_to_711-2C_as_mni_average_305_t4_vox2vox.txt
lta_convert --src orig_nu.mgz --trg /opt/freesurfer/average/mni305.cor.mgz --inxfm transforms/talairach.auto.xfm --outlta transforms/talairach.auto.xfm.lta --subject fsaverage
7.3.2

--src: orig_nu.mgz src image (geometry).
--trg: /opt/freesurfer/average/mni305.cor.mgz trg image (geometry).
--inmni: transforms/talairach.auto.xfm input MNI/XFM transform.
--outlta: transforms/talairach.auto.xfm.lta output LTA.
--s: fsaverage subject name
 LTA read, type : 1
 1.09224  -0.00182  -0.16923  -6.52800;
 0.03533   1.12038   0.14511  -17.32127;
 0.19618  -0.12689   1.15791  -10.82634;
 0.00000   0.00000   0.00000   1.00000;
setting subject to fsaverage
Writing  LTA to file transforms/talairach.auto.xfm.lta...
lta_convert successful.
 
 
Started at Thu Mar 12 11:01:59 CET 2026
Ended   at Thu Mar 12 11:03:28 CET 2026
talairach_avi done
