status file for recon-all
Thu Mar 12 12:27:23 CET 2026
#@# Tessellate lh Thu Mar 12 12:27:23 CET 2026
#@# Smooth1 lh Thu Mar 12 12:27:26 CET 2026
#@# Inflation1 lh Thu Mar 12 12:27:28 CET 2026
#@# QSphere lh Thu Mar 12 12:27:41 CET 2026
#@# Fix Topology lh Thu Mar 12 12:28:34 CET 2026
#@# Smooth2 lh Thu Mar 12 12:32:16 CET 2026
#@# Inflation2 lh Thu Mar 12 12:32:18 CET 2026
#@# Curv .H and .K lh Thu Mar 12 12:32:30 CET 2026
#@# Sphere lh Thu Mar 12 12:33:05 CET 2026
#@# Surf Reg lh Thu Mar 12 12:36:14 CET 2026
#@# Jacobian white lh Thu Mar 12 12:39:29 CET 2026
#@# AvgCurv lh Thu Mar 12 12:39:29 CET 2026
#@# Cortical Parc lh Thu Mar 12 12:39:30 CET 2026
#@# white curv lh Thu Mar 12 12:44:26 CET 2026
#@# white area lh Thu Mar 12 12:44:27 CET 2026
#@# pial curv lh Thu Mar 12 12:44:27 CET 2026
#@# pial area lh Thu Mar 12 12:44:29 CET 2026
#@# thickness lh Thu Mar 12 12:44:29 CET 2026
#@# area and vertex vol lh Thu Mar 12 12:44:47 CET 2026
#@# Curvature Stats lh Thu Mar 12 12:44:48 CET 2026
#@# Cortical Parc 2 lh Thu Mar 12 12:44:50 CET 2026
#@# Cortical Parc 3 lh Thu Mar 12 12:44:59 CET 2026
#@# WM/GM Contrast lh Thu Mar 12 12:45:06 CET 2026
recon-all -s sub-v1s11x0050168_ses-1 finished without error at Thu Mar 12 12:45:09 CET 2026



#New# invocation of recon-all 



status file for recon-all
Thu Mar 12 13:05:41 CET 2026
#@# white curv lh Thu Mar 12 13:05:41 CET 2026
#@# white area lh Thu Mar 12 13:05:41 CET 2026
#@# pial curv lh Thu Mar 12 13:05:41 CET 2026
#@# pial area lh Thu Mar 12 13:05:41 CET 2026
#@# thickness lh Thu Mar 12 13:05:41 CET 2026
#@# area and vertex vol lh Thu Mar 12 13:05:41 CET 2026
#@# Parcellation Stats lh Thu Mar 12 13:05:41 CET 2026
#@# Parcellation Stats 2 lh Thu Mar 12 13:05:55 CET 2026
#@# Parcellation Stats 3 lh Thu Mar 12 13:06:02 CET 2026
#@# BA_exvivo Labels lh Thu Mar 12 13:06:09 CET 2026
recon-all -s sub-v1s11x0050168_ses-1 finished without error at Thu Mar 12 13:07:58 CET 2026
