status file for recon-all
Thu Mar 12 12:49:51 CET 2026
#@# Tessellate rh Thu Mar 12 12:49:51 CET 2026
#@# Smooth1 rh Thu Mar 12 12:49:54 CET 2026
#@# Inflation1 rh Thu Mar 12 12:49:56 CET 2026
#@# QSphere rh Thu Mar 12 12:50:09 CET 2026
#@# Fix Topology rh Thu Mar 12 12:52:36 CET 2026
#@# Smooth2 rh Thu Mar 12 12:56:30 CET 2026
#@# Inflation2 rh Thu Mar 12 12:56:32 CET 2026
#@# Curv .H and .K rh Thu Mar 12 12:56:48 CET 2026
#@# Sphere rh Thu Mar 12 12:57:24 CET 2026
#@# Surf Reg rh Thu Mar 12 13:07:13 CET 2026
#@# Jacobian white rh Thu Mar 12 13:14:42 CET 2026
#@# AvgCurv rh Thu Mar 12 13:14:42 CET 2026
#@# Cortical Parc rh Thu Mar 12 13:14:43 CET 2026
#@# white curv rh Thu Mar 12 13:19:41 CET 2026
#@# white area rh Thu Mar 12 13:19:43 CET 2026
#@# pial curv rh Thu Mar 12 13:19:43 CET 2026
#@# pial area rh Thu Mar 12 13:19:44 CET 2026
#@# thickness rh Thu Mar 12 13:19:45 CET 2026
#@# area and vertex vol rh Thu Mar 12 13:20:05 CET 2026
#@# Curvature Stats rh Thu Mar 12 13:20:06 CET 2026
#@# Cortical Parc 2 rh Thu Mar 12 13:20:07 CET 2026
#@# Cortical Parc 3 rh Thu Mar 12 13:20:17 CET 2026
#@# WM/GM Contrast rh Thu Mar 12 13:20:24 CET 2026
recon-all -s sub-v1s11x0050161_ses-1 finished without error at Thu Mar 12 13:20:26 CET 2026



#New# invocation of recon-all 



status file for recon-all
Thu Mar 12 13:25:40 CET 2026
#@# white curv rh Thu Mar 12 13:25:40 CET 2026
#@# white area rh Thu Mar 12 13:25:40 CET 2026
#@# pial curv rh Thu Mar 12 13:25:40 CET 2026
#@# pial area rh Thu Mar 12 13:25:40 CET 2026
#@# thickness rh Thu Mar 12 13:25:40 CET 2026
#@# area and vertex vol rh Thu Mar 12 13:25:40 CET 2026
#@# Parcellation Stats rh Thu Mar 12 13:25:40 CET 2026
#@# Parcellation Stats 2 rh Thu Mar 12 13:25:54 CET 2026
#@# Parcellation Stats 3 rh Thu Mar 12 13:26:00 CET 2026
#@# BA_exvivo Labels rh Thu Mar 12 13:26:07 CET 2026
recon-all -s sub-v1s11x0050161_ses-1 finished without error at Thu Mar 12 13:27:56 CET 2026
