status file for recon-all
Thu Mar 12 12:13:55 CET 2026
#@# Tessellate lh Thu Mar 12 12:13:55 CET 2026
#@# Smooth1 lh Thu Mar 12 12:13:58 CET 2026
#@# Inflation1 lh Thu Mar 12 12:14:01 CET 2026
#@# QSphere lh Thu Mar 12 12:14:13 CET 2026
#@# Fix Topology lh Thu Mar 12 12:16:18 CET 2026
#@# Smooth2 lh Thu Mar 12 12:28:07 CET 2026
#@# Inflation2 lh Thu Mar 12 12:28:09 CET 2026
#@# Curv .H and .K lh Thu Mar 12 12:28:25 CET 2026
#@# Sphere lh Thu Mar 12 12:29:01 CET 2026
#@# Surf Reg lh Thu Mar 12 12:35:35 CET 2026
#@# Jacobian white lh Thu Mar 12 12:43:58 CET 2026
#@# AvgCurv lh Thu Mar 12 12:43:59 CET 2026
#@# Cortical Parc lh Thu Mar 12 12:44:00 CET 2026
#@# white curv lh Thu Mar 12 12:49:00 CET 2026
#@# white area lh Thu Mar 12 12:49:02 CET 2026
#@# pial curv lh Thu Mar 12 12:49:03 CET 2026
#@# pial area lh Thu Mar 12 12:49:04 CET 2026
#@# thickness lh Thu Mar 12 12:49:05 CET 2026
#@# area and vertex vol lh Thu Mar 12 12:49:24 CET 2026
#@# Curvature Stats lh Thu Mar 12 12:49:26 CET 2026
#@# Cortical Parc 2 lh Thu Mar 12 12:49:28 CET 2026
#@# Cortical Parc 3 lh Thu Mar 12 12:49:40 CET 2026
#@# WM/GM Contrast lh Thu Mar 12 12:49:48 CET 2026
recon-all -s sub-v1s11x0050161_ses-1 finished without error at Thu Mar 12 12:49:50 CET 2026



#New# invocation of recon-all 



status file for recon-all
Thu Mar 12 13:23:20 CET 2026
#@# white curv lh Thu Mar 12 13:23:20 CET 2026
#@# white area lh Thu Mar 12 13:23:20 CET 2026
#@# pial curv lh Thu Mar 12 13:23:20 CET 2026
#@# pial area lh Thu Mar 12 13:23:20 CET 2026
#@# thickness lh Thu Mar 12 13:23:20 CET 2026
#@# area and vertex vol lh Thu Mar 12 13:23:20 CET 2026
#@# Parcellation Stats lh Thu Mar 12 13:23:20 CET 2026
#@# Parcellation Stats 2 lh Thu Mar 12 13:23:34 CET 2026
#@# Parcellation Stats 3 lh Thu Mar 12 13:23:40 CET 2026
#@# BA_exvivo Labels lh Thu Mar 12 13:23:47 CET 2026
recon-all -s sub-v1s11x0050161_ses-1 finished without error at Thu Mar 12 13:25:38 CET 2026
