/out/sourcedata/freesurfer/sub-v1s11x0050143_ses-1/mri
/opt/freesurfer/bin/talairach_avi
--i orig_nu.mgz --xfm transforms/talairach.auto.xfm
talairach_avi 7.3.2
Linux dna059 5.14.0-427.37.1.el9_4.x86_64 #1 SMP PREEMPT_DYNAMIC Fri Sep 13 12:41:50 EDT 2024 x86_64 x86_64 x86_64 GNU/Linux
Thu Mar 12 09:58:35 CET 2026
mri_convert orig_nu.mgz talsrcimg.img 
reading from orig_nu.mgz...
TR=0.00, TE=0.00, TI=0.00, flip angle=0.00
i_ras = (-1, 0, -7.45058e-09)
j_ras = (0, 0, -1)
k_ras = (0, 1, 0)
writing to talsrcimg.img...
Analyze Output Matrix
-1.00000   0.00000   0.00000   128.74139;
 0.00000   0.00000   1.00000  -111.04768;
-0.00000  -1.00000   0.00000   143.84381;
 0.00000   0.00000   0.00000   1.00000;
--------------------
INFO: set hdr.hist.orient to -1
mpr2mni305 talsrcimg
Thu Mar 12 09:58:36 CET 2026
/opt/freesurfer/bin/mpr2mni305 talsrcimg
mpr2mni305 7.3.2
target=711-2C_as_mni_average_305

---------------------------------------------------------------------
analyzeto4dfp talsrcimg -O0 -y
---------------------------------------------------------------------

freesurfer ifh2hdr.c
Thu Mar 12 09:58:36 2026
Writing: talsrcimg.4dfp.hdr
freesurfer analyzeto4dfp.c
Reading: talsrcimg.hdr
header size 348 bytes
hdr.dime.datatype	offset=70	value=2
hdr.dime.bitpix		offset=72	value=8
hdr.hist.orient		offset=252	value=-1
dimensionality     4
dimensions       256       256       256         1
Reading: talsrcimg.img
Writing: talsrcimg.4dfp.img
Writing: talsrcimg.4dfp.ifh
ifh2hdr talsrcimg -r0to232
ori=2

---------------------------------------------------------------------
gauss_4dfp talsrcimg 1.1
---------------------------------------------------------------------

freesurfer gauss_4dfp.c
Reading: talsrcimg.4dfp.img
Writing: talsrcimg_g11.4dfp.img
image dimensions 256 256 256 padded to 288 288 288
processing volume 1freesurfer ifh2hdr.c
Thu Mar 12 09:58:38 2026
Writing: talsrcimg_g11.4dfp.hdr

Writing: talsrcimg_g11.4dfp.ifh
including: talsrcimg.4dfp.img.rec in talsrcimg_g11.4dfp.img.rec

---------------------------------------------------------------------
imgreg_4dfp /opt/freesurfer/average/711-2C_as_mni_average_305 none talsrcimg_g11 none talsrcimg_to_711-2C_as_mni_average_305_t4 4355
---------------------------------------------------------------------

freesurfer imgreg_4dfp.c
/opt/freesurfer/average/711-2C_as_mni_average_305.4dfp.img
       256       256       256         1
  1.000000  1.000000  1.000000
orientation T byte_order littleendian
Reading image: /opt/freesurfer/average/711-2C_as_mni_average_305.4dfp.img
dimensions:      256       256       256
mmppix:       1.0000   -1.0000   -1.0000
center:     128.0000 -129.0000 -129.0000
talsrcimg_g11.4dfp.img
       256       256       256         1
  1.000000  1.000000  1.000000
orientation T byte_order littleendian
Reading image: talsrcimg_g11.4dfp.img
dimensions:      256       256       256
mmppix:       1.0000   -1.0000   -1.0000
center:     128.0000 -129.0000 -129.0000
t4_read: open error in t4_sub.f l:  41 t4_file(1:l)talsrcimg_to_711-2C_as_mni_average_305_t4 
t4_read: transform initialized to I4
rotation matrix determinant  1.000000
image alignment mode   4355 decimal     1103 hex
   -7.5000  -45.0000  -45.0000 8040.3066   12.0985
    0.0000  -45.0000  -45.0000 8405.9043   12.1133
    7.5000  -45.0000  -45.0000 7997.1948   12.1199
   -7.5000  -37.5000  -45.0000 8679.7578   12.0197
    0.0000  -37.5000  -45.0000 9085.3105   12.0318
    7.5000  -37.5000  -45.0000 8651.3105   12.0377
   -7.5000  -30.0000  -45.0000 9655.6328   11.9964
    0.0000  -30.0000  -45.000010089.1426   12.0050
    7.5000  -30.0000  -45.0000 9599.0264   12.0054
   -7.5000  -22.5000  -45.000010548.2344   12.0124
    0.0000  -22.5000  -45.000010993.1660   12.0200
    7.5000  -22.5000  -45.000010464.5977   12.0140
   -7.5000  -15.0000  -45.000011326.3779   12.0191
    0.0000  -15.0000  -45.000011815.0967   12.0282
    7.5000  -15.0000  -45.000011228.3496   12.0210
   -7.5000   -7.5000  -45.000012053.3047   11.9971
    0.0000   -7.5000  -45.000012604.7070   12.0093
    7.5000   -7.5000  -45.000011981.9658   12.0088
   -7.5000    0.0000  -45.000012735.9102   11.9726
    0.0000    0.0000  -45.000013312.9473   11.9864
    7.5000    0.0000  -45.000012643.2598   11.9922
   -7.5000    7.5000  -45.000012491.4463   11.9707
    0.0000    7.5000  -45.000013057.0176   11.9821
    7.5000    7.5000  -45.000012428.8311   11.9877
   -7.5000   15.0000  -45.000012139.4219   11.9885
    0.0000   15.0000  -45.000012712.7881   11.9968
    7.5000   15.0000  -45.000012085.5352   11.9973
   -7.5000   22.5000  -45.000011598.2637   12.0107
    0.0000   22.5000  -45.000012107.6006   12.0184
    7.5000   22.5000  -45.000011489.4639   12.0123
   -7.5000   30.0000  -45.000010758.7285   11.8589
    0.0000   30.0000  -45.000011230.4141   11.8679
    7.5000   30.0000  -45.000010663.1826   11.8608
   -7.5000   37.5000  -45.000010193.4170   11.8373
    0.0000   37.5000  -45.000010662.9971   11.8492
    7.5000   37.5000  -45.000010131.5381   11.8488
   -7.5000   45.0000  -45.0000 9304.4043   11.5130
    0.0000   45.0000  -45.0000 9736.1201   11.5263
    7.5000   45.0000  -45.0000 9255.5830   11.5319
   -7.5000  -45.0000  -37.5000 8558.7373   12.0358
    0.0000  -45.0000  -37.5000 8930.4014   12.0538
    7.5000  -45.0000  -37.5000 8506.6689   12.0629
   -7.5000  -37.5000  -37.5000 9241.3145   11.9575
    0.0000  -37.5000  -37.5000 9651.0654   11.9732
    7.5000  -37.5000  -37.5000 9182.5205   11.9811
   -7.5000  -30.0000  -37.500010276.8545   11.9327
    0.0000  -30.0000  -37.500010718.8027   11.9449
    7.5000  -30.0000  -37.500010189.4004   11.9483
   -7.5000  -22.5000  -37.500011214.4160   11.9470
    0.0000  -22.5000  -37.500011686.4229   11.9577
    7.5000  -22.5000  -37.500011107.2803   11.9560
   -7.5000  -15.0000  -37.500012016.0469   11.9527
    0.0000  -15.0000  -37.500012530.9404   11.9644
    7.5000  -15.0000  -37.500011912.1377   11.9620
   -7.5000   -7.5000  -37.500012796.5430   11.9315
    0.0000   -7.5000  -37.500013349.3438   11.9464
    7.5000   -7.5000  -37.500012695.5605   11.9498
   -7.5000    0.0000  -37.500013518.3760   11.9091
    0.0000    0.0000  -37.500014081.3115   11.9260
    7.5000    0.0000  -37.500013389.7451   11.9344
   -7.5000    7.5000  -37.500013233.9111   11.9081
    0.0000    7.5000  -37.500013793.6729   11.9232
    7.5000    7.5000  -37.500013131.5664   11.9307
   -7.5000   15.0000  -37.500012826.9180   11.9249
    0.0000   15.0000  -37.500013396.5420   11.9368
    7.5000   15.0000  -37.500012747.1025   11.9401
   -7.5000   22.5000  -37.500012206.1621   11.9453
    0.0000   22.5000  -37.500012728.3750   11.9561
    7.5000   22.5000  -37.500012094.2910   11.9544
   -7.5000   30.0000  -37.500011296.4551   11.7934
    0.0000   30.0000  -37.500011802.4951   11.8049
    7.5000   30.0000  -37.500011207.1201   11.8026
   -7.5000   37.5000  -37.500010711.9961   11.7725
    0.0000   37.5000  -37.500011190.1006   11.7872
    7.5000   37.5000  -37.500010626.8047   11.7905
   -7.5000   45.0000  -37.5000 9778.6084   11.4520
    0.0000   45.0000  -37.500010214.2090   11.4683
    7.5000   45.0000  -37.5000 9716.9414   11.4763
   -7.5000  -45.0000  -30.0000 9244.2002   12.5388
    0.0000  -45.0000  -30.0000 9632.6260   12.5563
    7.5000  -45.0000  -30.0000 9178.5771   12.5655
   -7.5000  -37.5000  -30.0000 9969.5400   12.4609
    0.0000  -37.5000  -30.000010379.1953   12.4774
    7.5000  -37.5000  -30.0000 9881.5684   12.4845
   -7.5000  -30.0000  -30.000011051.2441   12.4324
    0.0000  -30.0000  -30.000011508.7344   12.4458
    7.5000  -30.0000  -30.000010952.9775   12.4501
   -7.5000  -22.5000  -30.000012043.7246   12.4407
    0.0000  -22.5000  -30.000012529.4570   12.4517
    7.5000  -22.5000  -30.000011936.0107   12.4539
   -7.5000  -15.0000  -30.000012889.5010   12.4424
    0.0000  -15.0000  -30.000013413.8115   12.4534
    7.5000  -15.0000  -30.000012791.8447   12.4559
   -7.5000   -7.5000  -30.000013735.9199   12.4232
    0.0000   -7.5000  -30.000014309.6758   12.4370
    7.5000   -7.5000  -30.000013621.5557   12.4433
   -7.5000    0.0000  -30.000014520.7178   12.4066
    0.0000    0.0000  -30.000015117.5352   12.4230
    7.5000    0.0000  -30.000014349.5889   12.4314
   -7.5000    7.5000  -30.000014201.9346   12.4093
    0.0000    7.5000  -30.000014776.4863   12.4250
    7.5000    7.5000  -30.000014056.5645   12.4318
   -7.5000   15.0000  -30.000013755.8779   12.4243
    0.0000   15.0000  -30.000014323.4238   12.4373
    7.5000   15.0000  -30.000013635.4082   12.4416
   -7.5000   22.5000  -30.000013034.3027   12.4377
    0.0000   22.5000  -30.000013587.5840   12.4487
    7.5000   22.5000  -30.000012925.7363   12.4509
   -7.5000   30.0000  -30.000012032.5820   12.2777
    0.0000   30.0000  -30.000012555.8164   12.2886
    7.5000   30.0000  -30.000011970.6807   12.2911
   -7.5000   37.5000  -30.000011396.8105   12.2589
    0.0000   37.5000  -30.000011887.4365   12.2724
    7.5000   37.5000  -30.000011328.4443   12.2786
   -7.5000   45.0000  -30.000010384.7119   11.9391
    0.0000   45.0000  -30.000010826.7529   11.9550
    7.5000   45.0000  -30.000010320.8076   11.9631
   -7.5000  -45.0000  -22.5000 9894.2803   12.9644
    0.0000  -45.0000  -22.500010315.4600   12.9770
    7.5000  -45.0000  -22.5000 9827.2402   12.9833
   -7.5000  -37.5000  -22.500010628.6162   12.8862
    0.0000  -37.5000  -22.500011088.9814   12.8987
    7.5000  -37.5000  -22.500010567.9189   12.9026
   -7.5000  -30.0000  -22.500011774.3125   12.8548
    0.0000  -30.0000  -22.500012267.0645   12.8648
    7.5000  -30.0000  -22.500011693.9795   12.8667
   -7.5000  -22.5000  -22.500012838.3896   12.8580
    0.0000  -22.5000  -22.500013367.3730   12.8656
    7.5000  -22.5000  -22.500012749.1855   12.8670
   -7.5000  -15.0000  -22.500013733.0547   12.8569
    0.0000  -15.0000  -22.500014312.9219   12.8639
    7.5000  -15.0000  -22.500013665.8232   12.8664
   -7.5000   -7.5000  -22.500014613.9111   12.8397
    0.0000   -7.5000  -22.500015246.2627   12.8488
    7.5000   -7.5000  -22.500014524.4082   12.8538
   -7.5000    0.0000  -22.500015440.0068   12.8273
    0.0000    0.0000  -22.500016108.5635   12.8390
    7.5000    0.0000  -22.500015275.4287   12.8445
   -7.5000    7.5000  -22.500015100.0449   12.8328
    0.0000    7.5000  -22.500015738.1816   12.8445
    7.5000    7.5000  -22.500014940.5059   12.8480
   -7.5000   15.0000  -22.500014630.4580   12.8463
    0.0000   15.0000  -22.500015240.5537   12.8560
    7.5000   15.0000  -22.500014476.7773   12.8579
   -7.5000   22.5000  -22.500013842.5830   12.8541
    0.0000   22.5000  -22.500014428.3164   12.8616
    7.5000   22.5000  -22.500013709.7295   12.8630
   -7.5000   30.0000  -22.500012783.1641   12.6887
    0.0000   30.0000  -22.500013320.8516   12.6956
    7.5000   30.0000  -22.500012684.7773   12.6981
   -7.5000   37.5000  -22.500012086.7598   12.6718
    0.0000   37.5000  -22.500012587.4541   12.6807
    7.5000   37.5000  -22.500012006.3584   12.6857
   -7.5000   45.0000  -22.500010993.5439   12.3534
    0.0000   45.0000  -22.500011445.9180   12.3646
    7.5000   45.0000  -22.500010928.4600   12.3699
   -7.5000  -45.0000  -15.000010535.6553   13.2727
    0.0000  -45.0000  -15.000010990.2910   13.2823
    7.5000  -45.0000  -15.000010482.2383   13.2859
   -7.5000  -37.5000  -15.000011305.6377   13.1915
    0.0000  -37.5000  -15.000011781.4229   13.2008
    7.5000  -37.5000  -15.000011252.5352   13.2027
   -7.5000  -30.0000  -15.000012507.8818   13.1598
    0.0000  -30.0000  -15.000013016.0176   13.1668
    7.5000  -30.0000  -15.000012427.6758   13.1657
   -7.5000  -22.5000  -15.000013633.3604   13.1643
    0.0000  -22.5000  -15.000014210.1709   13.1691
    7.5000  -22.5000  -15.000013547.7441   13.1660
   -7.5000  -15.0000  -15.000014598.4707   13.1641
    0.0000  -15.0000  -15.000015246.7197   13.1686
    7.5000  -15.0000  -15.000014545.3369   13.1661
   -7.5000   -7.5000  -15.000015486.4893   13.1463
    0.0000   -7.5000  -15.000016188.7861   13.1529
    7.5000   -7.5000  -15.000015419.4121   13.1537
   -7.5000    0.0000  -15.000016314.1221   13.1321
    0.0000    0.0000  -15.000017046.5508   13.1409
    7.5000    0.0000  -15.000016166.3799   13.1438
   -7.5000    7.5000  -15.000015962.9941   13.1368
    0.0000    7.5000  -15.000016664.9785   13.1453
    7.5000    7.5000  -15.000015797.0967   13.1470
   -7.5000   15.0000  -15.000015458.7588   13.1512
    0.0000   15.0000  -15.000016134.6797   13.1578
    7.5000   15.0000  -15.000015311.7959   13.1567
   -7.5000   22.5000  -15.000014611.3223   13.1596
    0.0000   22.5000  -15.000015223.5566   13.1644
    7.5000   22.5000  -15.000014457.1201   13.1613
   -7.5000   30.0000  -15.000013490.7090   12.9937
    0.0000   30.0000  -15.000014045.0078   12.9981
    7.5000   30.0000  -15.000013351.4961   12.9957
   -7.5000   37.5000  -15.000012777.5645   12.9762
    0.0000   37.5000  -15.000013312.2715   12.9826
    7.5000   37.5000  -15.000012682.6533   12.9834
   -7.5000   45.0000  -15.000011615.8926   12.6545
    0.0000   45.0000  -15.000012102.4141   12.6630
    7.5000   45.0000  -15.000011532.2900   12.6657
   -7.5000  -45.0000   -7.500011210.7705   13.4309
    0.0000  -45.0000   -7.500011699.3623   13.4427
    7.5000  -45.0000   -7.500011141.9160   13.4468
   -7.5000  -37.5000   -7.500012011.8750   13.3454
    0.0000  -37.5000   -7.500012524.2891   13.3553
    7.5000  -37.5000   -7.500011944.7871   13.3586
   -7.5000  -30.0000   -7.500013244.5449   13.3168
    0.0000  -30.0000   -7.500013815.7959   13.3236
    7.5000  -30.0000   -7.500013175.4756   13.3220
   -7.5000  -22.5000   -7.500014421.8193   13.3287
    0.0000  -22.5000   -7.500015047.5000   13.3339
    7.5000  -22.5000   -7.500014336.2256   13.3269
   -7.5000  -15.0000   -7.500015486.1738   13.3324
    0.0000  -15.0000   -7.500016148.6963   13.3385
    7.5000  -15.0000   -7.500015399.0156   13.3309
   -7.5000   -7.5000   -7.500016448.9727   13.3106
    0.0000   -7.5000   -7.500017202.6445   13.3194
    7.5000   -7.5000   -7.500016355.7422   13.3176
   -7.5000    0.0000   -7.500017263.9238   13.2890
    0.0000    0.0000   -7.500018054.6582   13.2998
    7.5000    0.0000   -7.500017116.6699   13.3031
   -7.5000    7.5000   -7.500016857.5547   13.2902
    0.0000    7.5000   -7.500017635.3086   13.2994
    7.5000    7.5000   -7.500016718.9512   13.3024
   -7.5000   15.0000   -7.500016293.2393   13.3081
    0.0000   15.0000   -7.500017010.7070   13.3145
    7.5000   15.0000   -7.500016143.4297   13.3130
   -7.5000   22.5000   -7.500015359.9170   13.3225
    0.0000   22.5000   -7.500015994.9707   13.3278
    7.5000   22.5000   -7.500015187.5479   13.3208
   -7.5000   30.0000   -7.500014176.4873   13.1595
    0.0000   30.0000   -7.500014748.7207   13.1655
    7.5000   30.0000   -7.500014023.0674   13.1580
   -7.5000   37.5000   -7.500013437.7578   13.1380
    0.0000   37.5000   -7.500014005.8145   13.1467
    7.5000   37.5000   -7.500013333.4229   13.1449
   -7.5000   45.0000   -7.500012237.0000   12.8081
    0.0000   45.0000   -7.500012761.2334   12.8185
    7.5000   45.0000   -7.500012167.6416   12.8217
   -7.5000  -45.0000    0.000011782.7363   13.4646
    0.0000  -45.0000    0.000012313.8027   13.4811
    7.5000  -45.0000    0.000011719.3984   13.4884
   -7.5000  -37.5000    0.000012601.7158   13.3759
    0.0000  -37.5000    0.000013167.0479   13.3894
    7.5000  -37.5000    0.000012567.3164   13.3960
   -7.5000  -30.0000    0.000013855.3418   13.3495
    0.0000  -30.0000    0.000014477.3174   13.3591
    7.5000  -30.0000    0.000013842.3057   13.3596
   -7.5000  -22.5000    0.000015034.0781   13.3674
    0.0000  -22.5000    0.000015694.4531   13.3759
    7.5000  -22.5000    0.000015010.1074   13.3692
   -7.5000  -15.0000    0.000016150.7236   13.3747
    0.0000  -15.0000    0.000016858.6680   13.3848
    7.5000  -15.0000    0.000016103.1777   13.3769
   -7.5000   -7.5000    0.000017267.0352   13.3500
    0.0000   -7.5000    0.000018127.3848   13.3635
    7.5000   -7.5000    0.000017171.0293   13.3631
   -7.5000    0.0000    0.000018221.9102   13.3226
    0.0000    0.0000    0.000019075.0898   13.3380
    7.5000    0.0000    0.000018048.0703   13.3445
   -7.5000    7.5000    0.000017765.6191   13.3207
    0.0000    7.5000    0.000018573.9434   13.3334
    7.5000    7.5000    0.000017611.5859   13.3397
   -7.5000   15.0000    0.000017098.8477   13.3408
    0.0000   15.0000    0.000017841.5273   13.3500
    7.5000   15.0000    0.000016932.7305   13.3506
   -7.5000   22.5000    0.000016020.6807   13.3613
    0.0000   22.5000    0.000016713.5234   13.3697
    7.5000   22.5000    0.000015857.5693   13.3630
   -7.5000   30.0000    0.000014772.6416   13.2016
    0.0000   30.0000    0.000015405.1387   13.2115
    7.5000   30.0000    0.000014599.6016   13.2037
   -7.5000   37.5000    0.000014017.1465   13.1772
    0.0000   37.5000    0.000014636.9746   13.1905
    7.5000   37.5000    0.000013882.8262   13.1901
   -7.5000   45.0000    0.000012780.9619   12.8414
    0.0000   45.0000    0.000013349.7783   12.8563
    7.5000   45.0000    0.000012681.5605   12.8625
   -7.5000  -45.0000    7.500011380.2441   13.4679
    0.0000  -45.0000    7.500011923.6182   13.4881
    7.5000  -45.0000    7.500011371.2344   13.4983
   -7.5000  -37.5000    7.500012166.7744   13.3802
    0.0000  -37.5000    7.500012761.3955   13.3978
    7.5000  -37.5000    7.500012190.9707   13.4066
   -7.5000  -30.0000    7.500013357.5859   13.3524
    0.0000  -30.0000    7.500014008.8330   13.3661
    7.5000  -30.0000    7.500013378.5654   13.3699
   -7.5000  -22.5000    7.500014468.4727   13.3684
    0.0000  -22.5000    7.500015157.9541   13.3804
    7.5000  -22.5000    7.500014505.5039   13.3786
   -7.5000  -15.0000    7.500015559.9248   13.3748
    0.0000  -15.0000    7.500016311.7422   13.3879
    7.5000  -15.0000    7.500015559.3252   13.3852
   -7.5000   -7.5000    7.500016694.1934   13.3511
    0.0000   -7.5000    7.500017599.2637   13.3677
    7.5000   -7.5000    7.500016576.0566   13.3715
   -7.5000    0.0000    7.500017789.9570   13.3260
    0.0000    0.0000    7.500018616.8945   13.3450
    7.5000    0.0000    7.500017484.4707   13.3543
   -7.5000    7.5000    7.500017460.8008   13.3249
    0.0000    7.5000    7.500018189.5996   13.3418
    7.5000    7.5000    7.500017094.5371   13.3502
   -7.5000   15.0000    7.500016706.8516   13.3437
    0.0000   15.0000    7.500017350.8926   13.3570
    7.5000   15.0000    7.500016397.1035   13.3607
   -7.5000   22.5000    7.500015555.2334   13.3622
    0.0000   22.5000    7.500016165.8770   13.3742
    7.5000   22.5000    7.500015321.5186   13.3724
   -7.5000   30.0000    7.500014247.5811   13.2017
    0.0000   30.0000    7.500014828.6260   13.2146
    7.5000   30.0000    7.500014086.3408   13.2120
   -7.5000   37.5000    7.500013515.4561   13.1784
    0.0000   37.5000    7.500014097.4141   13.1947
    7.5000   37.5000    7.500013393.4678   13.1985
   -7.5000   45.0000    7.500012334.1416   12.8447
    0.0000   45.0000    7.500012867.1895   12.8630
    7.5000   45.0000    7.500012236.0264   12.8720
   -7.5000  -45.0000   15.000010874.8291   13.4685
    0.0000  -45.0000   15.000011401.9033   13.4873
    7.5000  -45.0000   15.000010852.8809   13.4972
   -7.5000  -37.5000   15.000011636.5479   13.3849
    0.0000  -37.5000   15.000012188.9375   13.4025
    7.5000  -37.5000   15.000011619.8516   13.4101
   -7.5000  -30.0000   15.000012784.2764   13.3543
    0.0000  -30.0000   15.000013374.6104   13.3686
    7.5000  -30.0000   15.000012761.4678   13.3733
   -7.5000  -22.5000   15.000013885.6279   13.3631
    0.0000  -22.5000   15.000014506.8086   13.3749
    7.5000  -22.5000   15.000013860.1338   13.3773
   -7.5000  -15.0000   15.000014954.0703   13.3649
    0.0000  -15.0000   15.000015612.6016   13.3767
    7.5000  -15.0000   15.000014886.6973   13.3795
   -7.5000   -7.5000   15.000015955.6768   13.3443
    0.0000   -7.5000   15.000016667.9004   13.3591
    7.5000   -7.5000   15.000015805.2988   13.3659
   -7.5000    0.0000   15.000016875.0605   13.3264
    0.0000    0.0000   15.000017573.5293   13.3440
    7.5000    0.0000   15.000016620.8906   13.3531
   -7.5000    7.5000   15.000016525.5332   13.3294
    0.0000    7.5000   15.000017206.3711   13.3463
    7.5000    7.5000   15.000016263.8066   13.3535
   -7.5000   15.0000   15.000015853.9590   13.3455
    0.0000   15.0000   15.000016526.2949   13.3595
    7.5000   15.0000   15.000015618.6621   13.3641
   -7.5000   22.5000   15.000014807.6816   13.3569
    0.0000   22.5000   15.000015420.8730   13.3687
    7.5000   22.5000   15.000014610.0693   13.3711
   -7.5000   30.0000   15.000013580.6855   13.1919
    0.0000   30.0000   15.000014133.9150   13.2036
    7.5000   30.0000   15.000013438.8164   13.2063
   -7.5000   37.5000   15.000012903.0684   13.1716
    0.0000   37.5000   15.000013436.7334   13.1862
    7.5000   37.5000   15.000012778.5107   13.1929
   -7.5000   45.0000   15.000011777.5723   12.8451
    0.0000   45.0000   15.000012265.5547   12.8621
    7.5000   45.0000   15.000011675.9697   12.8708
   -7.5000  -45.0000   22.500010251.1641   13.5317
    0.0000  -45.0000   22.500010712.3457   13.5447
    7.5000  -45.0000   22.500010201.5420   13.5515
   -7.5000  -37.5000   22.500010980.9580   13.4496
    0.0000  -37.5000   22.500011474.5635   13.4626
    7.5000  -37.5000   22.500010939.0264   13.4667
   -7.5000  -30.0000   22.500012079.9238   13.4166
    0.0000  -30.0000   22.500012623.3115   13.4271
    7.5000  -30.0000   22.500012046.6631   13.4291
   -7.5000  -22.5000   22.500013119.7119   13.4201
    0.0000  -22.5000   22.500013703.0986   13.4279
    7.5000  -22.5000   22.500013105.8311   13.4295
   -7.5000  -15.0000   22.500014092.8975   13.4188
    0.0000  -15.0000   22.500014704.9805   13.4261
    7.5000  -15.0000   22.500014063.7871   13.4288
   -7.5000   -7.5000   22.500014979.4199   13.4008
    0.0000   -7.5000   22.500015599.9580   13.4103
    7.5000   -7.5000   22.500014904.0889   13.4156
   -7.5000    0.0000   22.500015785.7578   13.3878
    0.0000    0.0000   22.500016420.1816   13.3999
    7.5000    0.0000   22.500015676.8359   13.4058
   -7.5000    7.5000   22.500015442.3340   13.3936
    0.0000    7.5000   22.500016106.2129   13.4057
    7.5000    7.5000   22.500015360.7979   13.4095
   -7.5000   15.0000   22.500014860.9932   13.4078
    0.0000   15.0000   22.500015486.7861   13.4178
    7.5000   15.0000   22.500014758.4619   13.4199
   -7.5000   22.5000   22.500013923.5752   13.4139
    0.0000   22.5000   22.500014490.7139   13.4217
    7.5000   22.5000   22.500013812.2559   13.4233
   -7.5000   30.0000   22.500012809.0918   13.2452
    0.0000   30.0000   22.500013322.8965   13.2524
    7.5000   30.0000   22.500012705.2197   13.2550
   -7.5000   37.5000   22.500012172.5039   13.2274
    0.0000   37.5000   22.500012668.1152   13.2367
    7.5000   37.5000   22.500012068.6309   13.2420
   -7.5000   45.0000   22.500011079.9932   12.9043
    0.0000   45.0000   22.500011535.1992   12.9160
    7.5000   45.0000   22.500010995.0693   12.9217
   -7.5000  -45.0000   30.0000 9523.6855   13.6491
    0.0000  -45.0000   30.0000 9967.2705   13.6590
    7.5000  -45.0000   30.0000 9477.4795   13.6627
   -7.5000  -37.5000   30.000010206.4043   13.5645
    0.0000  -37.5000   30.000010672.3213   13.5739
    7.5000  -37.5000   30.000010167.3008   13.5759
   -7.5000  -30.0000   30.000011223.9775   13.5316
    0.0000  -30.0000   30.000011726.0254   13.5387
    7.5000  -30.0000   30.000011210.5986   13.5377
   -7.5000  -22.5000   30.000012211.7568   13.5364
    0.0000  -22.5000   30.000012730.6455   13.5414
    7.5000  -22.5000   30.000012208.0244   13.5382
   -7.5000  -15.0000   30.000013117.2100   13.5363
    0.0000  -15.0000   30.000013674.1016   13.5408
    7.5000  -15.0000   30.000013093.1904   13.5383
   -7.5000   -7.5000   30.000013922.6338   13.5175
    0.0000   -7.5000   30.000014490.7490   13.5242
    7.5000   -7.5000   30.000013886.3516   13.5251
   -7.5000    0.0000   30.000014661.6084   13.5026
    0.0000    0.0000   30.000015236.2979   13.5115
    7.5000    0.0000   30.000014610.8291   13.5144
   -7.5000    7.5000   30.000014352.9922   13.5075
    0.0000    7.5000   30.000014940.0479   13.5161
    7.5000    7.5000   30.000014331.6396   13.5178
   -7.5000   15.0000   30.000013816.4473   13.5226
    0.0000   15.0000   30.000014376.0898   13.5293
    7.5000   15.0000   30.000013780.6836   13.5283
   -7.5000   22.5000   30.000012962.8457   13.5302
    0.0000   22.5000   30.000013456.8594   13.5351
    7.5000   22.5000   30.000012897.7432   13.5320
   -7.5000   30.0000   30.000011927.4219   13.3611
    0.0000   30.0000   30.000012407.2852   13.3656
    7.5000   30.0000   30.000011876.1650   13.3631
   -7.5000   37.5000   30.000011351.3262   13.3426
    0.0000   37.5000   30.000011826.6475   13.3491
    7.5000   37.5000   30.000011282.7891   13.3500
   -7.5000   45.0000   30.000010306.1543   13.0149
    0.0000   45.0000   30.000010726.7695   13.0235
    7.5000   45.0000   30.000010249.4971   13.0264
   -7.5000  -45.0000   37.5000 9120.3223   13.8488
    0.0000  -45.0000   37.5000 9567.9893   13.8605
    7.5000  -45.0000   37.5000 9117.1357   13.8645
   -7.5000  -37.5000   37.5000 9783.1904   13.7607
    0.0000  -37.5000   37.500010242.8369   13.7705
    7.5000  -37.5000   37.5000 9774.0742   13.7736
   -7.5000  -30.0000   37.500010778.4873   13.7313
    0.0000  -30.0000   37.500011248.1807   13.7380
    7.5000  -30.0000   37.500010772.9414   13.7361
   -7.5000  -22.5000   37.500011705.9941   13.7438
    0.0000  -22.5000   37.500012212.5488   13.7489
    7.5000  -22.5000   37.500011732.7324   13.7414
   -7.5000  -15.0000   37.500012557.5352   13.7473
    0.0000  -15.0000   37.500013092.2910   13.7532
    7.5000  -15.0000   37.500012574.5596   13.7450
   -7.5000   -7.5000   37.500013318.9189   13.7239
    0.0000   -7.5000   37.500013886.1367   13.7325
    7.5000   -7.5000   37.500013339.5908   13.7303
   -7.5000    0.0000   37.500014043.4004   13.7010
    0.0000    0.0000   37.500014629.9980   13.7117
    7.5000    0.0000   37.500014044.1523   13.7149
   -7.5000    7.5000   37.500013762.7959   13.7028
    0.0000    7.5000   37.500014340.1230   13.7119
    7.5000    7.5000   37.500013770.6670   13.7147
   -7.5000   15.0000   37.500013262.9551   13.7221
    0.0000   15.0000   37.500013814.3691   13.7284
    7.5000   15.0000   37.500013249.6367   13.7265
   -7.5000   22.5000   37.500012435.4795   13.7375
    0.0000   22.5000   37.500012922.0146   13.7426
    7.5000   22.5000   37.500012381.4971   13.7351
   -7.5000   30.0000   37.500011466.7285   13.5694
    0.0000   30.0000   37.500011930.8896   13.5752
    7.5000   30.0000   37.500011413.9766   13.5672
   -7.5000   37.5000   37.500010926.4463   13.5463
    0.0000   37.5000   37.500011377.5879   13.5548
    7.5000   37.5000   37.500010869.3730   13.5527
   -7.5000   45.0000   37.5000 9910.3008   13.2062
    0.0000   45.0000   37.500010349.4775   13.2165
    7.5000   45.0000   37.5000 9886.2227   13.2196
   -7.5000  -45.0000   45.0000 8358.4512   14.0803
    0.0000  -45.0000   45.0000 8784.5449   14.0967
    7.5000  -45.0000   45.0000 8376.1416   14.1036
   -7.5000  -37.5000   45.0000 8969.0322   13.9883
    0.0000  -37.5000   45.0000 9405.6836   14.0013
    7.5000  -37.5000   45.0000 8989.4922   14.0072
   -7.5000  -30.0000   45.0000 9867.1494   13.9610
    0.0000  -30.0000   45.000010326.7803   13.9694
    7.5000  -30.0000   45.0000 9883.4092   13.9683
   -7.5000  -22.5000   45.000010717.4297   13.9796
    0.0000  -22.5000   45.000011217.2002   13.9868
    7.5000  -22.5000   45.000010756.2646   13.9775
   -7.5000  -15.0000   45.000011488.0684   13.9870
    0.0000  -15.0000   45.000012020.2100   13.9960
    7.5000  -15.0000   45.000011551.0117   13.9855
   -7.5000   -7.5000   45.000012198.9326   13.9606
    0.0000   -7.5000   45.000012748.0127   13.9736
    7.5000   -7.5000   45.000012262.8047   13.9718
   -7.5000    0.0000   45.000012849.6504   13.9317
    0.0000    0.0000   45.000013415.3320   13.9469
    7.5000    0.0000   45.000012897.0430   13.9529
   -7.5000    7.5000   45.000012581.0088   13.9301
    0.0000    7.5000   45.000013141.1152   13.9422
    7.5000    7.5000   45.000012630.3389   13.9478
   -7.5000   15.0000   45.000012154.4199   13.9516
    0.0000   15.0000   45.000012682.9668   13.9597
    7.5000   15.0000   45.000012164.4590   13.9586
   -7.5000   22.5000   45.000011397.4639   13.9732
    0.0000   22.5000   45.000011883.4277   13.9803
    7.5000   22.5000   45.000011378.1455   13.9710
   -7.5000   30.0000   45.000010525.8955   13.8048
    0.0000   30.0000   45.000010989.9756   13.8137
    7.5000   30.0000   45.000010501.4053   13.8033
   -7.5000   37.5000   45.000010037.2344   13.7787
    0.0000   37.5000   45.000010495.6885   13.7916
    7.5000   37.5000   45.000010015.7314   13.7898
   -7.5000   45.0000   45.0000 9110.8115   13.4346
    0.0000   45.0000   45.0000 9541.5781   13.4493
    7.5000   45.0000   45.0000 9108.2656   13.4551

---------------------------------------------------------------------
imgreg_4dfp /opt/freesurfer/average/711-2C_as_mni_average_305 /opt/freesurfer/average/711-2B_as_mni_average_305_mask talsrcimg_g11 none talsrcimg_to_711-2C_as_mni_average_305_t4 4355
---------------------------------------------------------------------

freesurfer imgreg_4dfp.c
/opt/freesurfer/average/711-2C_as_mni_average_305.4dfp.img
       256       256       256         1
  1.000000  1.000000  1.000000
orientation T byte_order littleendian
Reading image: /opt/freesurfer/average/711-2C_as_mni_average_305.4dfp.img
dimensions:      256       256       256
mmppix:       1.0000   -1.0000   -1.0000
center:     128.0000 -129.0000 -129.0000
/opt/freesurfer/average/711-2B_as_mni_average_305_mask.4dfp.img
       256       256       256         1
  1.000000  1.000000  1.000000
orientation T byte_order littleendian
Reading mask: /opt/freesurfer/average/711-2B_as_mni_average_305_mask.4dfp.img (2306576 pixels)
talsrcimg_g11.4dfp.img
       256       256       256         1
  1.000000  1.000000  1.000000
orientation T byte_order littleendian
Reading image: talsrcimg_g11.4dfp.img
dimensions:      256       256       256
mmppix:       1.0000   -1.0000   -1.0000
center:     128.0000 -129.0000 -129.0000
rotation matrix determinant  1.000000
image alignment mode   4355 decimal     1103 hex
   -7.5000  -45.0000  -45.0000 2114.6729   15.1374
    0.0000  -45.0000  -45.0000 2129.4304   15.0685
    7.5000  -45.0000  -45.0000 2114.1021   15.0500
   -7.5000  -37.5000  -45.0000 2219.1533   13.7909
    0.0000  -37.5000  -45.0000 2233.7485   13.7277
    7.5000  -37.5000  -45.0000 2222.3113   13.7448
   -7.5000  -30.0000  -45.0000 2305.3401   12.8370
    0.0000  -30.0000  -45.0000 2316.3555   12.7652
    7.5000  -30.0000  -45.0000 2304.2034   12.7894
   -7.5000  -22.5000  -45.0000 2359.5217   12.1869
    0.0000  -22.5000  -45.0000 2366.1541   12.0664
    7.5000  -22.5000  -45.0000 2356.6226   12.0966
   -7.5000  -15.0000  -45.0000 2390.2524   11.7449
    0.0000  -15.0000  -45.0000 2399.6255   11.6204
    7.5000  -15.0000  -45.0000 2386.2100   11.6527
   -7.5000   -7.5000  -45.0000 2405.1794   11.4939
    0.0000   -7.5000  -45.0000 2416.8247   11.3928
    7.5000   -7.5000  -45.0000 2405.2400   11.4181
   -7.5000    0.0000  -45.0000 2398.3035   11.4474
    0.0000    0.0000  -45.0000 2409.3853   11.3578
    7.5000    0.0000  -45.0000 2401.9146   11.3867
   -7.5000    7.5000  -45.0000 2378.1323   11.5988
    0.0000    7.5000  -45.0000 2395.1309   11.4865
    7.5000    7.5000  -45.0000 2392.1443   11.5163
   -7.5000   15.0000  -45.0000 2349.9258   11.9383
    0.0000   15.0000  -45.0000 2368.9604   11.8059
    7.5000   15.0000  -45.0000 2365.5020   11.8355
   -7.5000   22.5000  -45.0000 2312.6250   12.5309
    0.0000   22.5000  -45.0000 2331.8650   12.3871
    7.5000   22.5000  -45.0000 2327.0112   12.4282
   -7.5000   30.0000  -45.0000 2254.8450   13.3989
    0.0000   30.0000  -45.0000 2272.2458   13.2393
    7.5000   30.0000  -45.0000 2269.0620   13.2779
   -7.5000   37.5000  -45.0000 2177.1475   14.5295
    0.0000   37.5000  -45.0000 2199.1282   14.3509
    7.5000   37.5000  -45.0000 2189.0325   14.4441
   -7.5000   45.0000  -45.0000 2081.0203   15.9909
    0.0000   45.0000  -45.0000 2099.9375   15.8107
    7.5000   45.0000  -45.0000 2091.6313   15.9222
   -7.5000  -45.0000  -37.5000 2193.7444   14.0561
    0.0000  -45.0000  -37.5000 2204.2927   13.9698
    7.5000  -45.0000  -37.5000 2190.0327   13.9737
   -7.5000  -37.5000  -37.5000 2302.5654   12.8162
    0.0000  -37.5000  -37.5000 2315.0728   12.7384
    7.5000  -37.5000  -37.5000 2299.6250   12.7653
   -7.5000  -30.0000  -37.5000 2390.0051   11.9201
    0.0000  -30.0000  -37.5000 2400.8320   11.8366
    7.5000  -30.0000  -37.5000 2381.8286   11.8738
   -7.5000  -22.5000  -37.5000 2447.5488   11.2715
    0.0000  -22.5000  -37.5000 2453.9119   11.1590
    7.5000  -22.5000  -37.5000 2440.2727   11.1992
   -7.5000  -15.0000  -37.5000 2480.6697   10.8339
    0.0000  -15.0000  -37.5000 2490.8999   10.7094
    7.5000  -15.0000  -37.5000 2480.2886   10.7541
   -7.5000   -7.5000  -37.5000 2502.0200   10.5930
    0.0000   -7.5000  -37.5000 2512.7446   10.4767
    7.5000   -7.5000  -37.5000 2502.4395   10.5415
   -7.5000    0.0000  -37.5000 2501.6499   10.5554
    0.0000    0.0000  -37.5000 2512.2429   10.4554
    7.5000    0.0000  -37.5000 2507.0674   10.4904
   -7.5000    7.5000  -37.5000 2485.3682   10.7170
    0.0000    7.5000  -37.5000 2503.9604   10.5835
    7.5000    7.5000  -37.5000 2496.9468   10.6263
   -7.5000   15.0000  -37.5000 2454.8000   11.0405
    0.0000   15.0000  -37.5000 2476.4688   10.8938
    7.5000   15.0000  -37.5000 2468.5386   10.9293
   -7.5000   22.5000  -37.5000 2411.5403   11.5950
    0.0000   22.5000  -37.5000 2430.8826   11.4464
    7.5000   22.5000  -37.5000 2423.5664   11.4811
   -7.5000   30.0000  -37.5000 2348.9573   12.3892
    0.0000   30.0000  -37.5000 2369.3445   12.2346
    7.5000   30.0000  -37.5000 2362.7112   12.2730
   -7.5000   37.5000  -37.5000 2266.7700   13.4420
    0.0000   37.5000  -37.5000 2288.5791   13.3083
    7.5000   37.5000  -37.5000 2278.3152   13.3653
   -7.5000   45.0000  -37.5000 2164.1829   14.8043
    0.0000   45.0000  -37.5000 2183.1853   14.6556
    7.5000   45.0000  -37.5000 2172.6709   14.7240
   -7.5000  -45.0000  -30.0000 2308.4875   13.6131
    0.0000  -45.0000  -30.0000 2317.2649   13.4891
    7.5000  -45.0000  -30.0000 2301.5112   13.5428
   -7.5000  -37.5000  -30.0000 2420.9673   12.3715
    0.0000  -37.5000  -30.0000 2430.4436   12.2456
    7.5000  -37.5000  -30.0000 2412.9001   12.2990
   -7.5000  -30.0000  -30.0000 2512.3555   11.4583
    0.0000  -30.0000  -30.0000 2522.1914   11.3436
    7.5000  -30.0000  -30.0000 2500.6833   11.3952
   -7.5000  -22.5000  -30.0000 2573.9915   10.8088
    0.0000  -22.5000  -30.0000 2581.7800   10.6984
    7.5000  -22.5000  -30.0000 2566.6030   10.7466
   -7.5000  -15.0000  -30.0000 2612.7466   10.3476
    0.0000  -15.0000  -30.0000 2623.7473   10.2339
    7.5000  -15.0000  -30.0000 2615.3088   10.2962
   -7.5000   -7.5000  -30.0000 2644.4888   10.0903
    0.0000   -7.5000  -30.0000 2657.9165    9.9712
    7.5000   -7.5000  -30.0000 2648.2642   10.0442
   -7.5000    0.0000  -30.0000 2657.1968   10.0703
    0.0000    0.0000  -30.0000 2668.8967    9.9363
    7.5000    0.0000  -30.0000 2657.1243    9.9942
   -7.5000    7.5000  -30.0000 2642.8518   10.2297
    0.0000    7.5000  -30.0000 2663.2559   10.0935
    7.5000    7.5000  -30.0000 2653.3083   10.1460
   -7.5000   15.0000  -30.0000 2613.4397   10.5705
    0.0000   15.0000  -30.0000 2638.1162   10.4274
    7.5000   15.0000  -30.0000 2625.8774   10.4834
   -7.5000   22.5000  -30.0000 2562.2588   11.1320
    0.0000   22.5000  -30.0000 2590.0195   10.9690
    7.5000   22.5000  -30.0000 2575.4751   11.0185
   -7.5000   30.0000  -30.0000 2487.5381   11.8829
    0.0000   30.0000  -30.0000 2512.9817   11.7247
    7.5000   30.0000  -30.0000 2502.7542   11.7797
   -7.5000   37.5000  -30.0000 2397.3254   12.8839
    0.0000   37.5000  -30.0000 2419.6355   12.7541
    7.5000   37.5000  -30.0000 2406.8010   12.8302
   -7.5000   45.0000  -30.0000 2282.7612   14.2181
    0.0000   45.0000  -30.0000 2304.8086   14.0742
    7.5000   45.0000  -30.0000 2290.3701   14.1565
   -7.5000  -45.0000  -22.5000 2383.2007   13.1026
    0.0000  -45.0000  -22.5000 2393.3391   12.9623
    7.5000  -45.0000  -22.5000 2375.3262   13.0737
   -7.5000  -37.5000  -22.5000 2495.4829   11.8705
    0.0000  -37.5000  -22.5000 2508.3762   11.7431
    7.5000  -37.5000  -22.5000 2492.1489   11.8206
   -7.5000  -30.0000  -22.5000 2594.8213   10.9423
    0.0000  -30.0000  -22.5000 2608.0381   10.8299
    7.5000  -30.0000  -22.5000 2586.0959   10.8939
   -7.5000  -22.5000  -22.5000 2667.9827   10.2887
    0.0000  -22.5000  -22.5000 2680.2854   10.1775
    7.5000  -22.5000  -22.5000 2663.9661   10.2318
   -7.5000  -15.0000  -22.5000 2715.6680    9.8284
    0.0000  -15.0000  -22.5000 2730.1067    9.7156
    7.5000  -15.0000  -22.5000 2722.7090    9.7706
   -7.5000   -7.5000  -22.5000 2757.9700    9.5538
    0.0000   -7.5000  -22.5000 2772.4890    9.4469
    7.5000   -7.5000  -22.5000 2762.7012    9.5083
   -7.5000    0.0000  -22.5000 2778.1296    9.5068
    0.0000    0.0000  -22.5000 2797.5845    9.3871
    7.5000    0.0000  -22.5000 2779.3940    9.4596
   -7.5000    7.5000  -22.5000 2772.3157    9.6828
    0.0000    7.5000  -22.5000 2795.2371    9.5550
    7.5000    7.5000  -22.5000 2781.0117    9.6243
   -7.5000   15.0000  -22.5000 2741.7537   10.0476
    0.0000   15.0000  -22.5000 2769.5896    9.9020
    7.5000   15.0000  -22.5000 2752.7109    9.9793
   -7.5000   22.5000  -22.5000 2686.1404   10.5982
    0.0000   22.5000  -22.5000 2715.7007   10.4330
    7.5000   22.5000  -22.5000 2697.7363   10.5064
   -7.5000   30.0000  -22.5000 2600.0249   11.3360
    0.0000   30.0000  -22.5000 2626.7695   11.1710
    7.5000   30.0000  -22.5000 2612.6587   11.2322
   -7.5000   37.5000  -22.5000 2494.7957   12.3202
    0.0000   37.5000  -22.5000 2519.6465   12.1642
    7.5000   37.5000  -22.5000 2505.5972   12.2340
   -7.5000   45.0000  -22.5000 2369.5168   13.6063
    0.0000   45.0000  -22.5000 2393.3955   13.4423
    7.5000   45.0000  -22.5000 2381.1733   13.5309
   -7.5000  -45.0000  -15.0000 2422.8296   12.6865
    0.0000  -45.0000  -15.0000 2434.8435   12.5468
    7.5000  -45.0000  -15.0000 2415.8955   12.6876
   -7.5000  -37.5000  -15.0000 2535.9688   11.4296
    0.0000  -37.5000  -15.0000 2549.4714   11.2887
    7.5000  -37.5000  -15.0000 2532.0635   11.4058
   -7.5000  -30.0000  -15.0000 2641.6204   10.5042
    0.0000  -30.0000  -15.0000 2655.9412   10.3455
    7.5000  -30.0000  -15.0000 2641.8625   10.4535
   -7.5000  -22.5000  -15.0000 2728.9280    9.8474
    0.0000  -22.5000  -15.0000 2742.5049    9.7042
    7.5000  -22.5000  -15.0000 2730.3406    9.7805
   -7.5000  -15.0000  -15.0000 2787.2583    9.3708
    0.0000  -15.0000  -15.0000 2807.5334    9.2600
    7.5000  -15.0000  -15.0000 2799.6152    9.3218
   -7.5000   -7.5000  -15.0000 2840.2075    9.0769
    0.0000   -7.5000  -15.0000 2862.5474    8.9791
    7.5000   -7.5000  -15.0000 2849.9167    9.0430
   -7.5000    0.0000  -15.0000 2867.9177    9.0102
    0.0000    0.0000  -15.0000 2892.1128    8.9011
    7.5000    0.0000  -15.0000 2871.7012    8.9806
   -7.5000    7.5000  -15.0000 2865.2473    9.1844
    0.0000    7.5000  -15.0000 2891.0618    9.0614
    7.5000    7.5000  -15.0000 2873.2324    9.1593
   -7.5000   15.0000  -15.0000 2828.8792    9.5534
    0.0000   15.0000  -15.0000 2861.1018    9.4112
    7.5000   15.0000  -15.0000 2844.3884    9.5065
   -7.5000   22.5000  -15.0000 2765.5918   10.0935
    0.0000   22.5000  -15.0000 2795.7173    9.9443
    7.5000   22.5000  -15.0000 2781.3071   10.0222
   -7.5000   30.0000  -15.0000 2672.1479   10.8367
    0.0000   30.0000  -15.0000 2696.6108   10.6809
    7.5000   30.0000  -15.0000 2684.7351   10.7585
   -7.5000   37.5000  -15.0000 2558.5876   11.8075
    0.0000   37.5000  -15.0000 2583.1619   11.6631
    7.5000   37.5000  -15.0000 2570.2988   11.7408
   -7.5000   45.0000  -15.0000 2426.5991   13.0762
    0.0000   45.0000  -15.0000 2449.2808   12.9150
    7.5000   45.0000  -15.0000 2434.1462   13.0143
   -7.5000  -45.0000   -7.5000 2442.4866   12.3415
    0.0000  -45.0000   -7.5000 2456.8506   12.2239
    7.5000  -45.0000   -7.5000 2433.1357   12.3748
   -7.5000  -37.5000   -7.5000 2557.9912   11.0820
    0.0000  -37.5000   -7.5000 2573.6086   10.9556
    7.5000  -37.5000   -7.5000 2553.6785   11.0986
   -7.5000  -30.0000   -7.5000 2665.9380   10.1386
    0.0000  -30.0000   -7.5000 2684.7734   10.0031
    7.5000  -30.0000   -7.5000 2668.5825   10.1327
   -7.5000  -22.5000   -7.5000 2761.7124    9.4613
    0.0000  -22.5000   -7.5000 2780.6677    9.3419
    7.5000  -22.5000   -7.5000 2769.1655    9.4378
   -7.5000  -15.0000   -7.5000 2841.0828    8.9776
    0.0000  -15.0000   -7.5000 2861.5090    8.8706
    7.5000  -15.0000   -7.5000 2848.6113    8.9587
   -7.5000   -7.5000   -7.5000 2905.1675    8.7056
    0.0000   -7.5000   -7.5000 2931.9802    8.6070
    7.5000   -7.5000   -7.5000 2913.0234    8.7002
   -7.5000    0.0000   -7.5000 2941.7195    8.6214
    0.0000    0.0000   -7.5000 2977.1782    8.5155
    7.5000    0.0000   -7.5000 2946.4624    8.6282
   -7.5000    7.5000   -7.5000 2937.6484    8.7745
    0.0000    7.5000   -7.5000 2970.2561    8.6716
    7.5000    7.5000   -7.5000 2946.8228    8.7956
   -7.5000   15.0000   -7.5000 2891.6926    9.1388
    0.0000   15.0000   -7.5000 2921.9216    9.0086
    7.5000   15.0000   -7.5000 2908.3701    9.1271
   -7.5000   22.5000   -7.5000 2817.8459    9.6715
    0.0000   22.5000   -7.5000 2849.2949    9.5260
    7.5000   22.5000   -7.5000 2836.0366    9.6485
   -7.5000   30.0000   -7.5000 2717.6345   10.4160
    0.0000   30.0000   -7.5000 2744.1868   10.2770
    7.5000   30.0000   -7.5000 2731.4102   10.3968
   -7.5000   37.5000   -7.5000 2597.4922   11.3807
    0.0000   37.5000   -7.5000 2621.9832   11.2512
    7.5000   37.5000   -7.5000 2606.0312   11.3869
   -7.5000   45.0000   -7.5000 2458.8384   12.6121
    0.0000   45.0000   -7.5000 2483.4514   12.4768
    7.5000   45.0000   -7.5000 2469.5239   12.6133
   -7.5000  -45.0000    0.0000 2450.3171   12.1330
    0.0000  -45.0000    0.0000 2466.8508   12.0132
    7.5000  -45.0000    0.0000 2443.0461   12.2077
   -7.5000  -37.5000    0.0000 2565.0442   10.8706
    0.0000  -37.5000    0.0000 2583.6848   10.7486
    7.5000  -37.5000    0.0000 2565.7219   10.9327
   -7.5000  -30.0000    0.0000 2673.2881    9.9121
    0.0000  -30.0000    0.0000 2694.8923    9.7945
    7.5000  -30.0000    0.0000 2682.3015    9.9533
   -7.5000  -22.5000    0.0000 2772.8411    9.2216
    0.0000  -22.5000    0.0000 2798.4048    9.0996
    7.5000  -22.5000    0.0000 2786.1880    9.2360
   -7.5000  -15.0000    0.0000 2864.7371    8.7246
    0.0000  -15.0000    0.0000 2888.3040    8.6240
    7.5000  -15.0000    0.0000 2873.8674    8.7467
   -7.5000   -7.5000    0.0000 2946.1990    8.4853
    0.0000   -7.5000    0.0000 2975.8230    8.4005
    7.5000   -7.5000    0.0000 2950.4099    8.5057
   -7.5000    0.0000    0.0000 2997.7615    8.4422
    0.0000    0.0000    0.0000 3040.9763    8.3709
    7.5000    0.0000    0.0000 2997.8567    8.4715
   -7.5000    7.5000    0.0000 2994.0527    8.5641
    0.0000    7.5000    0.0000 3035.0117    8.4765
    7.5000    7.5000    0.0000 2997.1252    8.6103
   -7.5000   15.0000    0.0000 2934.5105    8.9040
    0.0000   15.0000    0.0000 2969.5146    8.7750
    7.5000   15.0000    0.0000 2950.0925    8.8951
   -7.5000   22.5000    0.0000 2846.4910    9.4197
    0.0000   22.5000    0.0000 2880.8201    9.2710
    7.5000   22.5000    0.0000 2867.0630    9.4104
   -7.5000   30.0000    0.0000 2738.1892   10.1738
    0.0000   30.0000    0.0000 2769.3738   10.0307
    7.5000   30.0000    0.0000 2753.5486   10.1553
   -7.5000   37.5000    0.0000 2611.8716   11.1472
    0.0000   37.5000    0.0000 2640.5542   11.0035
    7.5000   37.5000    0.0000 2623.7039   11.1350
   -7.5000   45.0000    0.0000 2471.5015   12.3582
    0.0000   45.0000    0.0000 2498.2280   12.2117
    7.5000   45.0000    0.0000 2483.8882   12.3404
   -7.5000  -45.0000    7.5000 2448.1909   12.0434
    0.0000  -45.0000    7.5000 2465.7771   11.9490
    7.5000  -45.0000    7.5000 2445.6287   12.1828
   -7.5000  -37.5000    7.5000 2562.9512   10.8005
    0.0000  -37.5000    7.5000 2583.6477   10.6937
    7.5000  -37.5000    7.5000 2568.5811   10.9085
   -7.5000  -30.0000    7.5000 2667.2810    9.8469
    0.0000  -30.0000    7.5000 2691.5806    9.7514
    7.5000  -30.0000    7.5000 2680.0947    9.9272
   -7.5000  -22.5000    7.5000 2768.7253    9.1514
    0.0000  -22.5000    7.5000 2798.5894    9.0528
    7.5000  -22.5000    7.5000 2792.4915    9.1922
   -7.5000  -15.0000    7.5000 2869.6946    8.6467
    0.0000  -15.0000    7.5000 2898.2087    8.5484
    7.5000  -15.0000    7.5000 2885.7583    8.6782
   -7.5000   -7.5000    7.5000 2958.8423    8.4061
    0.0000   -7.5000    7.5000 2995.7451    8.3327
    7.5000   -7.5000    7.5000 2967.7280    8.4285
   -7.5000    0.0000    7.5000 3015.5227    8.4008
    0.0000    0.0000    7.5000 3067.8550    8.3419
    7.5000    0.0000    7.5000 3017.3413    8.4069
   -7.5000    7.5000    7.5000 3009.5820    8.5832
    0.0000    7.5000    7.5000 3062.6716    8.4925
    7.5000    7.5000    7.5000 3009.0889    8.5747
   -7.5000   15.0000    7.5000 2945.9827    8.8642
    0.0000   15.0000    7.5000 2989.3840    8.7485
    7.5000   15.0000    7.5000 2959.3928    8.8505
   -7.5000   22.5000    7.5000 2852.2925    9.3371
    0.0000   22.5000    7.5000 2888.8936    9.2071
    7.5000   22.5000    7.5000 2872.9600    9.3355
   -7.5000   30.0000    7.5000 2740.0283   10.0723
    0.0000   30.0000    7.5000 2770.2896    9.9341
    7.5000   30.0000    7.5000 2758.8169   10.0610
   -7.5000   37.5000    7.5000 2611.5967   11.0185
    0.0000   37.5000    7.5000 2637.0823   10.8840
    7.5000   37.5000    7.5000 2628.1001   11.0273
   -7.5000   45.0000    7.5000 2467.3369   12.2261
    0.0000   45.0000    7.5000 2491.6333   12.0891
    7.5000   45.0000    7.5000 2481.0566   12.2144
   -7.5000  -45.0000   15.0000 2437.8518   12.1367
    0.0000  -45.0000   15.0000 2453.8855   12.0292
    7.5000  -45.0000   15.0000 2431.2861   12.2784
   -7.5000  -37.5000   15.0000 2556.8865   10.9207
    0.0000  -37.5000   15.0000 2576.8342   10.7804
    7.5000  -37.5000   15.0000 2561.5671   10.9967
   -7.5000  -30.0000   15.0000 2659.7563   10.0056
    0.0000  -30.0000   15.0000 2685.3169    9.8592
    7.5000  -30.0000   15.0000 2673.4224   10.0310
   -7.5000  -22.5000   15.0000 2761.2847    9.3292
    0.0000  -22.5000   15.0000 2790.0303    9.1801
    7.5000  -22.5000   15.0000 2784.7588    9.3254
   -7.5000  -15.0000   15.0000 2855.9507    8.8203
    0.0000  -15.0000   15.0000 2885.0889    8.6898
    7.5000  -15.0000   15.0000 2877.0532    8.7988
   -7.5000   -7.5000   15.0000 2937.9734    8.5351
    0.0000   -7.5000   15.0000 2971.9331    8.4365
    7.5000   -7.5000   15.0000 2953.1619    8.5113
   -7.5000    0.0000   15.0000 2982.3369    8.4786
    0.0000    0.0000   15.0000 3028.3430    8.3702
    7.5000    0.0000   15.0000 2992.5693    8.4646
   -7.5000    7.5000   15.0000 2975.1658    8.6458
    0.0000    7.5000   15.0000 3015.8455    8.5634
    7.5000    7.5000   15.0000 2980.8438    8.6550
   -7.5000   15.0000   15.0000 2915.1426    8.9785
    0.0000   15.0000   15.0000 2955.1770    8.8968
    7.5000   15.0000   15.0000 2928.8335    8.9666
   -7.5000   22.5000   15.0000 2827.6672    9.4769
    0.0000   22.5000   15.0000 2861.3933    9.3825
    7.5000   22.5000   15.0000 2848.0615    9.4613
   -7.5000   30.0000   15.0000 2717.2935   10.1819
    0.0000   30.0000   15.0000 2744.0898   10.0595
    7.5000   30.0000   15.0000 2737.3372   10.1627
   -7.5000   37.5000   15.0000 2594.7654   11.0831
    0.0000   37.5000   15.0000 2616.5527   10.9481
    7.5000   37.5000   15.0000 2608.8955   11.0785
   -7.5000   45.0000   15.0000 2451.6677   12.2633
    0.0000   45.0000   15.0000 2474.5723   12.1181
    7.5000   45.0000   15.0000 2467.8296   12.2347
   -7.5000  -45.0000   22.5000 2413.8096   12.4849
    0.0000  -45.0000   22.5000 2423.9663   12.3400
    7.5000  -45.0000   22.5000 2408.0791   12.5486
   -7.5000  -37.5000   22.5000 2537.6477   11.2566
    0.0000  -37.5000   22.5000 2553.0425   11.1043
    7.5000  -37.5000   22.5000 2536.3333   11.2839
   -7.5000  -30.0000   22.5000 2641.3096   10.3410
    0.0000  -30.0000   22.5000 2664.5625   10.1729
    7.5000  -30.0000   22.5000 2652.7969   10.3366
   -7.5000  -22.5000   22.5000 2738.1531    9.6571
    0.0000  -22.5000   22.5000 2768.3440    9.4816
    7.5000  -22.5000   22.5000 2761.0596    9.6224
   -7.5000  -15.0000   22.5000 2827.6558    9.1353
    0.0000  -15.0000   22.5000 2856.0095    8.9803
    7.5000  -15.0000   22.5000 2849.1274    9.0986
   -7.5000   -7.5000   22.5000 2895.3762    8.8166
    0.0000   -7.5000   22.5000 2926.1531    8.6705
    7.5000   -7.5000   22.5000 2916.2432    8.7684
   -7.5000    0.0000   22.5000 2923.1218    8.7461
    0.0000    0.0000   22.5000 2960.7749    8.6061
    7.5000    0.0000   22.5000 2943.9248    8.7117
   -7.5000    7.5000   22.5000 2911.5898    8.9074
    0.0000    7.5000   22.5000 2948.2595    8.7969
    7.5000    7.5000   22.5000 2929.3257    8.9034
   -7.5000   15.0000   22.5000 2860.1321    9.2389
    0.0000   15.0000   22.5000 2890.9458    9.1453
    7.5000   15.0000   22.5000 2875.0996    9.2445
   -7.5000   22.5000   22.5000 2779.2073    9.7576
    0.0000   22.5000   22.5000 2808.6699    9.6257
    7.5000   22.5000   22.5000 2799.0417    9.7290
   -7.5000   30.0000   22.5000 2674.4202   10.4384
    0.0000   30.0000   22.5000 2698.7087   10.3108
    7.5000   30.0000   22.5000 2694.7529   10.4092
   -7.5000   37.5000   22.5000 2555.5359   11.3195
    0.0000   37.5000   22.5000 2578.8313   11.1793
    7.5000   37.5000   22.5000 2573.3115   11.2763
   -7.5000   45.0000   22.5000 2423.4890   12.4448
    0.0000   45.0000   22.5000 2446.2471   12.2861
    7.5000   45.0000   22.5000 2439.4324   12.3932
   -7.5000  -45.0000   30.0000 2374.6997   13.0116
    0.0000  -45.0000   30.0000 2390.4163   12.8352
    7.5000  -45.0000   30.0000 2372.2266   13.0083
   -7.5000  -37.5000   30.0000 2500.5334   11.7428
    0.0000  -37.5000   30.0000 2519.3630   11.5632
    7.5000  -37.5000   30.0000 2500.7427   11.7314
   -7.5000  -30.0000   30.0000 2604.3071   10.8084
    0.0000  -30.0000   30.0000 2628.3052   10.6153
    7.5000  -30.0000   30.0000 2615.7129   10.7702
   -7.5000  -22.5000   30.0000 2704.5005   10.1022
    0.0000  -22.5000   30.0000 2729.1653    9.9177
    7.5000  -22.5000   30.0000 2723.0068   10.0568
   -7.5000  -15.0000   30.0000 2788.1255    9.5828
    0.0000  -15.0000   30.0000 2813.1880    9.4126
    7.5000  -15.0000   30.0000 2804.6326    9.5217
   -7.5000   -7.5000   30.0000 2838.4072    9.2618
    0.0000   -7.5000   30.0000 2867.6187    9.0899
    7.5000   -7.5000   30.0000 2858.3086    9.1930
   -7.5000    0.0000   30.0000 2851.6523    9.1782
    0.0000    0.0000   30.0000 2884.8589    9.0172
    7.5000    0.0000   30.0000 2873.0740    9.1277
   -7.5000    7.5000   30.0000 2834.1118    9.3217
    0.0000    7.5000   30.0000 2866.1284    9.1724
    7.5000    7.5000   30.0000 2855.7527    9.3040
   -7.5000   15.0000   30.0000 2782.6704    9.6491
    0.0000   15.0000   30.0000 2809.2590    9.5208
    7.5000   15.0000   30.0000 2802.8391    9.6363
   -7.5000   22.5000   30.0000 2711.5044   10.1643
    0.0000   22.5000   30.0000 2734.3391   10.0088
    7.5000   22.5000   30.0000 2730.9084   10.1174
   -7.5000   30.0000   30.0000 2612.6033   10.8264
    0.0000   30.0000   30.0000 2638.9092   10.6761
    7.5000   30.0000   30.0000 2634.4568   10.7742
   -7.5000   37.5000   30.0000 2506.5488   11.6818
    0.0000   37.5000   30.0000 2528.7947   11.5447
    7.5000   37.5000   30.0000 2521.1155   11.6315
   -7.5000   45.0000   30.0000 2376.5369   12.7987
    0.0000   45.0000   30.0000 2398.2874   12.6239
    7.5000   45.0000   30.0000 2392.1375   12.7200
   -7.5000  -45.0000   37.5000 2327.8506   13.6730
    0.0000  -45.0000   37.5000 2349.5840   13.4708
    7.5000  -45.0000   37.5000 2331.3850   13.6306
   -7.5000  -37.5000   37.5000 2450.4517   12.3818
    0.0000  -37.5000   37.5000 2475.4766   12.1749
    7.5000  -37.5000   37.5000 2459.0190   12.3273
   -7.5000  -30.0000   37.5000 2557.4072   11.4132
    0.0000  -30.0000   37.5000 2582.1062   11.2042
    7.5000  -30.0000   37.5000 2571.3457   11.3642
   -7.5000  -22.5000   37.5000 2651.5720   10.6942
    0.0000  -22.5000   37.5000 2676.0415   10.4919
    7.5000  -22.5000   37.5000 2669.6863   10.6369
   -7.5000  -15.0000   37.5000 2722.2080   10.1696
    0.0000  -15.0000   37.5000 2746.7151    9.9793
    7.5000  -15.0000   37.5000 2744.2893   10.1060
   -7.5000   -7.5000   37.5000 2760.6538    9.8372
    0.0000   -7.5000   37.5000 2792.6091    9.6561
    7.5000   -7.5000   37.5000 2785.4292    9.7775
   -7.5000    0.0000   37.5000 2774.2402    9.7310
    0.0000    0.0000   37.5000 2802.7085    9.5684
    7.5000    0.0000   37.5000 2794.3848    9.6862
   -7.5000    7.5000   37.5000 2752.3635    9.8572
    0.0000    7.5000   37.5000 2781.2705    9.6961
    7.5000    7.5000   37.5000 2772.2288    9.8304
   -7.5000   15.0000   37.5000 2701.7764   10.1916
    0.0000   15.0000   37.5000 2727.2620   10.0471
    7.5000   15.0000   37.5000 2720.4207   10.1569
   -7.5000   22.5000   37.5000 2630.8330   10.7047
    0.0000   22.5000   37.5000 2651.1367   10.5343
    7.5000   22.5000   37.5000 2648.2024   10.6263
   -7.5000   30.0000   37.5000 2545.9863   11.3440
    0.0000   30.0000   37.5000 2566.6729   11.1916
    7.5000   30.0000   37.5000 2561.3311   11.2665
   -7.5000   37.5000   37.5000 2444.0444   12.1938
    0.0000   37.5000   37.5000 2461.7603   12.0477
    7.5000   37.5000   37.5000 2453.9429   12.1344
   -7.5000   45.0000   37.5000 2316.6436   13.3130
    0.0000   45.0000   37.5000 2338.3818   13.1556
    7.5000   45.0000   37.5000 2332.7659   13.2488
   -7.5000  -45.0000   45.0000 2275.8293   14.5030
    0.0000  -45.0000   45.0000 2300.4614   14.3129
    7.5000  -45.0000   45.0000 2278.3352   14.4374
   -7.5000  -37.5000   45.0000 2396.4688   13.1549
    0.0000  -37.5000   45.0000 2422.5647   12.9523
    7.5000  -37.5000   45.0000 2404.7366   13.0855
   -7.5000  -30.0000   45.0000 2498.3027   12.1693
    0.0000  -30.0000   45.0000 2525.1594   11.9504
    7.5000  -30.0000   45.0000 2510.6797   12.0781
   -7.5000  -22.5000   45.0000 2583.8213   11.4322
    0.0000  -22.5000   45.0000 2612.1726   11.2355
    7.5000  -22.5000   45.0000 2602.0427   11.3535
   -7.5000  -15.0000   45.0000 2644.2461   10.8911
    0.0000  -15.0000   45.0000 2675.3540   10.7000
    7.5000  -15.0000   45.0000 2671.7979   10.8096
   -7.5000   -7.5000   45.0000 2680.3057   10.5408
    0.0000   -7.5000   45.0000 2709.3601   10.3616
    7.5000   -7.5000   45.0000 2703.3235   10.4758
   -7.5000    0.0000   45.0000 2685.7737   10.4157
    0.0000    0.0000   45.0000 2709.5317   10.2567
    7.5000    0.0000   45.0000 2705.2097   10.3548
   -7.5000    7.5000   45.0000 2663.2549   10.5039
    0.0000    7.5000   45.0000 2688.8564   10.3527
    7.5000    7.5000   45.0000 2681.4998   10.4708
   -7.5000   15.0000   45.0000 2618.0059   10.8402
    0.0000   15.0000   45.0000 2644.0598   10.6942
    7.5000   15.0000   45.0000 2635.3591   10.8187
   -7.5000   22.5000   45.0000 2548.6682   11.3648
    0.0000   22.5000   45.0000 2569.0249   11.1929
    7.5000   22.5000   45.0000 2564.9595   11.2904
   -7.5000   30.0000   45.0000 2468.0632   12.0118
    0.0000   30.0000   45.0000 2485.4221   11.8659
    7.5000   30.0000   45.0000 2482.0781   11.9332
   -7.5000   37.5000   45.0000 2369.1897   12.8841
    0.0000   37.5000   45.0000 2386.8550   12.7451
    7.5000   37.5000   45.0000 2382.2490   12.8008
   -7.5000   45.0000   45.0000 2244.7522   14.0224
    0.0000   45.0000   45.0000 2266.9724   13.8841
    7.5000   45.0000   45.0000 2263.4207   13.9512

---------------------------------------------------------------------
imgreg_4dfp /opt/freesurfer/average/711-2C_as_mni_average_305 /opt/freesurfer/average/711-2B_as_mni_average_305_mask talsrcimg_g11 none talsrcimg_to_711-2C_as_mni_average_305_t4 1283
---------------------------------------------------------------------

freesurfer imgreg_4dfp.c
/opt/freesurfer/average/711-2C_as_mni_average_305.4dfp.img
       256       256       256         1
  1.000000  1.000000  1.000000
orientation T byte_order littleendian
Reading image: /opt/freesurfer/average/711-2C_as_mni_average_305.4dfp.img
dimensions:      256       256       256
mmppix:       1.0000   -1.0000   -1.0000
center:     128.0000 -129.0000 -129.0000
/opt/freesurfer/average/711-2B_as_mni_average_305_mask.4dfp.img
       256       256       256         1
  1.000000  1.000000  1.000000
orientation T byte_order littleendian
Reading mask: /opt/freesurfer/average/711-2B_as_mni_average_305_mask.4dfp.img (2306576 pixels)
talsrcimg_g11.4dfp.img
       256       256       256         1
  1.000000  1.000000  1.000000
orientation T byte_order littleendian
Reading image: talsrcimg_g11.4dfp.img
dimensions:      256       256       256
mmppix:       1.0000   -1.0000   -1.0000
center:     128.0000 -129.0000 -129.0000
rotation matrix determinant  1.000000
fimgreg.f
image alignment mode   1283 decimal      503 hex
parameters
    0.0000    0.0000    7.5000    0.0000    0.0000    0.0000
eta,q 0.96294  8.34155
niter,ni,del,rscale     5    3   12.0000    1.2000
parameter  2 -0.895026 -> -0.500000 qaram    1.1500
parameter  6  3.021018 ->  0.500000 qaram    1.1500
parameters
    0.5801    3.4500    6.4355    1.3367   -1.6497   -3.4500
eta,q 0.96764  8.34091
  0.0540  0.0565  0.0409  0.0430  0.0393  0.0305
  0.0474  0.0511  0.0382  0.0400  0.0374  0.0318
  0.0432  0.0461  0.0370  0.0375  0.0367  0.0340
  0.0419  0.0418  0.0368  0.0367  0.0372  0.0367
  0.0428  0.0384  0.0382  0.0375  0.0387  0.0393
  0.0452  0.0367  0.0412  0.0382  0.0407  0.0419
  0.0496  0.0379  0.0455  0.0387  0.0436  0.0451
niter,ni,del,rscale     6    3   12.0000    1.2000
parameter  6  0.668474 ->  0.500000 qaram    1.3225
parameters
    0.4096    3.6540    7.0313    0.6891   -0.9904   -7.4175
eta,q 0.97054  8.36420
  0.0467  0.0451  0.0414  0.0355  0.0393  0.0307
  0.0386  0.0382  0.0367  0.0330  0.0363  0.0296
  0.0336  0.0342  0.0337  0.0319  0.0338  0.0297
  0.0324  0.0323  0.0323  0.0321  0.0319  0.0316
  0.0351  0.0334  0.0324  0.0334  0.0317  0.0348
  0.0407  0.0373  0.0345  0.0348  0.0339  0.0383
  0.0474  0.0438  0.0385  0.0363  0.0373  0.0416
niter,ni,del,rscale     6    3   12.0000    1.2000
parameters
    0.0201    3.6532    7.2552    0.8542   -0.3451   -7.6094
eta,q 0.97110  8.35716
  0.0461  0.0432  0.0388  0.0341  0.0386  0.0367
  0.0365  0.0350  0.0335  0.0313  0.0347  0.0328
  0.0301  0.0304  0.0303  0.0297  0.0313  0.0300
  0.0295  0.0291  0.0292  0.0291  0.0291  0.0289
  0.0338  0.0314  0.0299  0.0299  0.0291  0.0299
  0.0412  0.0358  0.0328  0.0314  0.0316  0.0332
  0.0489  0.0423  0.0373  0.0333  0.0360  0.0377
niter,ni,del,rscale     5    3   12.0000    1.2000
parameters
   -0.1423    3.6074    7.2629    0.9512   -0.2156   -7.6880
eta,q 0.97122  8.35479
  0.0474  0.0427  0.0382  0.0339  0.0376  0.0368
  0.0376  0.0348  0.0329  0.0311  0.0337  0.0329
  0.0304  0.0302  0.0299  0.0293  0.0304  0.0300
  0.0289  0.0288  0.0288  0.0288  0.0288  0.0288
  0.0328  0.0310  0.0298  0.0297  0.0295  0.0296
  0.0401  0.0357  0.0331  0.0313  0.0327  0.0329
  0.0481  0.0424  0.0380  0.0332  0.0374  0.0375
niter,ni,del,rscale     4    3   12.0000    1.2000
parameters
   -0.1898    3.5765    7.2717    0.9744   -0.1827   -7.7104
eta,q 0.97125  8.35363
  0.0481  0.0427  0.0382  0.0338  0.0374  0.0369
  0.0382  0.0348  0.0329  0.0309  0.0335  0.0330
  0.0307  0.0302  0.0299  0.0292  0.0303  0.0300
  0.0288  0.0288  0.0287  0.0287  0.0288  0.0287
  0.0324  0.0309  0.0297  0.0297  0.0297  0.0295
  0.0396  0.0356  0.0331  0.0313  0.0329  0.0327
  0.0476  0.0423  0.0380  0.0333  0.0377  0.0374
registration optimization eta report
parameter search radius
    6.0000    6.9000    6.0000    6.0000    6.0000    7.9350
100000*second partial in parameter space
       52.       29.       26.       13.       24.       13.
  0.0481  0.0427  0.0382  0.0338  0.0374  0.0369
  0.0382  0.0348  0.0329  0.0309  0.0335  0.0330
  0.0307  0.0302  0.0299  0.0292  0.0303  0.0300
  0.0288  0.0288  0.0287  0.0287  0.0288  0.0287
  0.0324  0.0309  0.0297  0.0297  0.0297  0.0295
  0.0396  0.0356  0.0331  0.0313  0.0329  0.0327
  0.0476  0.0423  0.0380  0.0333  0.0377  0.0374
   -0.1898    3.5765    7.2717    0.9744   -0.1827   -7.7104
eta,q 0.97125  8.35363

---------------------------------------------------------------------
imgreg_4dfp /opt/freesurfer/average/711-2C_as_mni_average_305 /opt/freesurfer/average/711-2B_as_mni_average_305_mask talsrcimg_g11 none talsrcimg_to_711-2C_as_mni_average_305_t4 3335
---------------------------------------------------------------------

freesurfer imgreg_4dfp.c
/opt/freesurfer/average/711-2C_as_mni_average_305.4dfp.img
       256       256       256         1
  1.000000  1.000000  1.000000
orientation T byte_order littleendian
Reading image: /opt/freesurfer/average/711-2C_as_mni_average_305.4dfp.img
dimensions:      256       256       256
mmppix:       1.0000   -1.0000   -1.0000
center:     128.0000 -129.0000 -129.0000
/opt/freesurfer/average/711-2B_as_mni_average_305_mask.4dfp.img
       256       256       256         1
  1.000000  1.000000  1.000000
orientation T byte_order littleendian
Reading mask: /opt/freesurfer/average/711-2B_as_mni_average_305_mask.4dfp.img (2306576 pixels)
talsrcimg_g11.4dfp.img
       256       256       256         1
  1.000000  1.000000  1.000000
orientation T byte_order littleendian
Reading image: talsrcimg_g11.4dfp.img
dimensions:      256       256       256
mmppix:       1.0000   -1.0000   -1.0000
center:     128.0000 -129.0000 -129.0000
fimgreg.f
image alignment mode   3335 decimal      D07 hex
parameters
   -0.1898    3.5765    7.2717   -0.9046   -0.9192   -0.0150
   13.4201    0.0877  -13.4166   -1.7280   -0.3188    1.7006
eta,q 0.97217  8.37749
niter,ni,del,rscale     5    3    5.0000    1.2000
parameter  4  0.552973 ->  0.500000 qaram    1.1500
parameter  5  0.898025 ->  0.500000 qaram    1.1500
parameter  9 -0.503427 -> -0.500000 qaram    1.1500
parameters
   -0.1990    3.6280    6.9920   -5.0446   -5.0592   -2.9951
   12.4716    1.2639   -9.2766   -3.6212    0.0806    2.7214
eta,q 0.97576  8.01102
  0.0308  0.0301  0.0291  0.0273  0.0249  0.0256  0.0264  0.0292  0.0277  0.0257  0.0253  0.0256
  0.0292  0.0288  0.0283  0.0271  0.0250  0.0252  0.0255  0.0272  0.0265  0.0247  0.0248  0.0249
  0.0282  0.0280  0.0279  0.0271  0.0258  0.0249  0.0250  0.0257  0.0255  0.0243  0.0244  0.0245
  0.0278  0.0278  0.0278  0.0278  0.0270  0.0252  0.0250  0.0249  0.0248  0.0245  0.0243  0.0243
  0.0282  0.0281  0.0282  0.0295  0.0289  0.0264  0.0254  0.0249  0.0245  0.0252  0.0243  0.0243
  0.0292  0.0287  0.0289  0.0321  0.0315  0.0288  0.0262  0.0257  0.0245  0.0265  0.0246  0.0245
  0.0308  0.0298  0.0299  0.0356  0.0345  0.0320  0.0273  0.0272  0.0249  0.0284  0.0251  0.0250
niter,ni,del,rscale     7    3    5.0000    1.2000
parameters
    0.0037    3.4265    6.9917   -5.4969   -7.0982   -4.0462
   11.3717    1.3511   -9.9630   -4.0480    0.6188    3.2150
eta,q 0.97577  7.88449
  0.0271  0.0261  0.0255  0.0259  0.0258  0.0253  0.0256  0.0274  0.0258  0.0263  0.0252  0.0254
  0.0256  0.0250  0.0248  0.0251  0.0248  0.0248  0.0248  0.0257  0.0249  0.0251  0.0247  0.0248
  0.0247  0.0243  0.0244  0.0245  0.0243  0.0245  0.0243  0.0246  0.0243  0.0244  0.0244  0.0244
  0.0242  0.0242  0.0242  0.0242  0.0242  0.0242  0.0243  0.0243  0.0243  0.0242  0.0242  0.0242
  0.0244  0.0247  0.0243  0.0241  0.0251  0.0242  0.0247  0.0245  0.0246  0.0246  0.0243  0.0243
  0.0250  0.0255  0.0248  0.0249  0.0267  0.0251  0.0256  0.0255  0.0253  0.0255  0.0245  0.0246
  0.0263  0.0268  0.0255  0.0269  0.0292  0.0271  0.0267  0.0273  0.0265  0.0269  0.0249  0.0251
niter,ni,del,rscale     6    3    5.0000    1.2000
parameters
    0.0944    3.4320    7.1064   -5.3963   -7.4494   -4.1494
   11.3997    1.2943  -10.1836   -4.1340    0.7676    3.2331
eta,q 0.97577  7.87300
  0.0267  0.0264  0.0255  0.0257  0.0267  0.0256  0.0261  0.0272  0.0260  0.0265  0.0251  0.0253
  0.0254  0.0251  0.0248  0.0249  0.0254  0.0249  0.0251  0.0256  0.0250  0.0252  0.0246  0.0247
  0.0245  0.0244  0.0244  0.0245  0.0246  0.0245  0.0245  0.0246  0.0244  0.0245  0.0243  0.0244
  0.0242  0.0242  0.0242  0.0242  0.0242  0.0242  0.0242  0.0242  0.0242  0.0242  0.0242  0.0242
  0.0244  0.0245  0.0243  0.0240  0.0244  0.0241  0.0245  0.0246  0.0245  0.0245  0.0243  0.0244
  0.0251  0.0252  0.0247  0.0245  0.0256  0.0246  0.0251  0.0256  0.0252  0.0253  0.0246  0.0247
  0.0263  0.0262  0.0253  0.0261  0.0274  0.0261  0.0261  0.0274  0.0262  0.0266  0.0250  0.0252
niter,ni,del,rscale     5    3    5.0000    1.2000
parameters
    0.0968    3.4349    7.1274   -5.4130   -7.5011   -4.1472
   11.4326    1.2700  -10.2272   -4.1358    0.7830    3.2414
eta,q 0.97576  7.87098
  0.0265  0.0263  0.0254  0.0257  0.0268  0.0256  0.0261  0.0273  0.0261  0.0266  0.0251  0.0253
  0.0252  0.0251  0.0248  0.0249  0.0256  0.0249  0.0251  0.0256  0.0251  0.0253  0.0246  0.0247
  0.0245  0.0244  0.0244  0.0245  0.0246  0.0245  0.0245  0.0246  0.0244  0.0245  0.0243  0.0244
  0.0242  0.0242  0.0242  0.0242  0.0242  0.0242  0.0242  0.0242  0.0242  0.0242  0.0242  0.0242
  0.0245  0.0245  0.0243  0.0240  0.0244  0.0241  0.0245  0.0245  0.0245  0.0245  0.0244  0.0244
  0.0252  0.0252  0.0247  0.0245  0.0254  0.0245  0.0251  0.0256  0.0251  0.0253  0.0246  0.0247
  0.0265  0.0262  0.0254  0.0261  0.0271  0.0260  0.0261  0.0274  0.0262  0.0266  0.0250  0.0252
registration optimization eta report
parameter search radius
    2.4000    2.4000    2.4000    8.2800    8.2800    7.2000
    7.2000    7.2000    8.2800    7.2000    7.2000    7.2000
100000*second partial in parameter space
       39.       36.       20.        3.        4.        3.
        4.        6.        3.        5.        2.        2.
  0.0265  0.0263  0.0254  0.0257  0.0268  0.0256  0.0261  0.0273  0.0261  0.0266  0.0251  0.0253
  0.0252  0.0251  0.0248  0.0249  0.0256  0.0249  0.0251  0.0256  0.0251  0.0253  0.0246  0.0247
  0.0245  0.0244  0.0244  0.0245  0.0246  0.0245  0.0245  0.0246  0.0244  0.0245  0.0243  0.0244
  0.0242  0.0242  0.0242  0.0242  0.0242  0.0242  0.0242  0.0242  0.0242  0.0242  0.0242  0.0242
  0.0245  0.0245  0.0243  0.0240  0.0244  0.0241  0.0245  0.0245  0.0245  0.0245  0.0244  0.0244
  0.0252  0.0252  0.0247  0.0245  0.0254  0.0245  0.0251  0.0256  0.0251  0.0253  0.0246  0.0247
  0.0265  0.0262  0.0254  0.0261  0.0271  0.0260  0.0261  0.0274  0.0262  0.0266  0.0250  0.0252
    0.0968    3.4349    7.1274   -5.4130   -7.5011   -4.1472
   11.4326    1.2700  -10.2272   -4.1358    0.7830    3.2414
eta,q 0.97576  7.87098

---------------------------------------------------------------------
imgreg_4dfp /opt/freesurfer/average/711-2C_as_mni_average_305 /opt/freesurfer/average/711-2B_as_mni_average_305_mask talsrcimg_g11 none talsrcimg_to_711-2C_as_mni_average_305_t4 2311
---------------------------------------------------------------------

freesurfer imgreg_4dfp.c
/opt/freesurfer/average/711-2C_as_mni_average_305.4dfp.img
       256       256       256         1
  1.000000  1.000000  1.000000
orientation T byte_order littleendian
Reading image: /opt/freesurfer/average/711-2C_as_mni_average_305.4dfp.img
dimensions:      256       256       256
mmppix:       1.0000   -1.0000   -1.0000
center:     128.0000 -129.0000 -129.0000
/opt/freesurfer/average/711-2B_as_mni_average_305_mask.4dfp.img
       256       256       256         1
  1.000000  1.000000  1.000000
orientation T byte_order littleendian
Reading mask: /opt/freesurfer/average/711-2B_as_mni_average_305_mask.4dfp.img (2306576 pixels)
talsrcimg_g11.4dfp.img
       256       256       256         1
  1.000000  1.000000  1.000000
orientation T byte_order littleendian
Reading image: talsrcimg_g11.4dfp.img
dimensions:      256       256       256
mmppix:       1.0000   -1.0000   -1.0000
center:     128.0000 -129.0000 -129.0000
fimgreg.f
image alignment mode   2311 decimal      907 hex
parameters
    0.0968    3.4349    7.1274   -5.4130   -7.5011   -4.1472
   11.4326    1.2700  -10.2272   -4.1358    0.7830    3.2414
eta,q 0.97576  7.87098
niter,ni,del,rscale     5    3    5.0000    0.8000
parameters
    0.0942    3.3889    7.1708   -3.2999   -7.1638   -2.8333
   11.6434    1.3422  -10.2036   -3.7153    0.7020    3.0984
eta,q 0.97612  8.01165
  0.0252  0.0251  0.0248  0.0248  0.0251  0.0249  0.0249  0.0257  0.0246  0.0251  0.0244  0.0243
  0.0247  0.0246  0.0245  0.0245  0.0246  0.0246  0.0244  0.0247  0.0242  0.0245  0.0241  0.0241
  0.0244  0.0243  0.0243  0.0244  0.0242  0.0243  0.0240  0.0241  0.0240  0.0241  0.0239  0.0239
  0.0242  0.0242  0.0242  0.0242  0.0241  0.0240  0.0239  0.0239  0.0239  0.0239  0.0239  0.0239
  0.0244  0.0244  0.0243  0.0241  0.0241  0.0239  0.0240  0.0241  0.0240  0.0239  0.0240  0.0239
  0.0247  0.0247  0.0244  0.0241  0.0243  0.0239  0.0243  0.0246  0.0242  0.0242  0.0241  0.0241
  0.0253  0.0252  0.0247  0.0243  0.0249  0.0244  0.0248  0.0256  0.0246  0.0248  0.0244  0.0244
niter,ni,del,rscale     4    3    5.0000    0.7000
parameters
    0.0405    3.3023    7.2756   -3.7410   -6.9705   -2.5977
   11.6798    1.3908  -10.1734   -3.7380    0.6307    3.2149
eta,q 0.97613  8.01186
  0.0247  0.0245  0.0244  0.0243  0.0247  0.0246  0.0246  0.0252  0.0244  0.0247  0.0243  0.0243
  0.0243  0.0241  0.0241  0.0242  0.0243  0.0243  0.0242  0.0245  0.0241  0.0243  0.0240  0.0240
  0.0240  0.0239  0.0240  0.0240  0.0240  0.0241  0.0240  0.0240  0.0239  0.0240  0.0239  0.0239
  0.0239  0.0239  0.0239  0.0239  0.0239  0.0239  0.0239  0.0239  0.0239  0.0239  0.0239  0.0239
  0.0240  0.0240  0.0239  0.0239  0.0239  0.0238  0.0239  0.0240  0.0239  0.0239  0.0239  0.0239
  0.0243  0.0243  0.0240  0.0242  0.0242  0.0240  0.0242  0.0244  0.0241  0.0242  0.0241  0.0240
  0.0249  0.0247  0.0243  0.0248  0.0246  0.0246  0.0246  0.0252  0.0244  0.0248  0.0243  0.0242
niter,ni,del,rscale     3    3    5.0000    0.6000
parameters
    0.0410    3.2640    7.3135   -3.5495   -6.9017   -2.3771
   11.7047    1.4390  -10.1278   -3.6917    0.6320    3.2064
eta,q 0.97617  8.02857
  0.0245  0.0244  0.0242  0.0243  0.0244  0.0244  0.0244  0.0249  0.0242  0.0245  0.0242  0.0241
  0.0242  0.0241  0.0240  0.0241  0.0242  0.0242  0.0241  0.0243  0.0240  0.0241  0.0240  0.0239
  0.0239  0.0239  0.0239  0.0240  0.0240  0.0240  0.0239  0.0240  0.0239  0.0239  0.0239  0.0239
  0.0239  0.0239  0.0239  0.0239  0.0239  0.0238  0.0238  0.0238  0.0238  0.0238  0.0238  0.0238
  0.0239  0.0239  0.0239  0.0238  0.0239  0.0238  0.0239  0.0239  0.0239  0.0239  0.0239  0.0239
  0.0242  0.0241  0.0240  0.0240  0.0241  0.0240  0.0241  0.0243  0.0240  0.0241  0.0240  0.0239
  0.0245  0.0245  0.0242  0.0243  0.0245  0.0244  0.0244  0.0248  0.0242  0.0245  0.0242  0.0241
niter,ni,del,rscale     2    3    5.0000    0.5000
parameters
    0.0420    3.2461    7.3389   -3.3675   -6.8232   -2.1671
   11.7146    1.4814  -10.0976   -3.6015    0.6300    3.1298
eta,q 0.97620  8.04459
  0.0243  0.0242  0.0241  0.0242  0.0243  0.0243  0.0242  0.0245  0.0241  0.0243  0.0240  0.0240
  0.0240  0.0240  0.0240  0.0240  0.0240  0.0241  0.0240  0.0241  0.0239  0.0240  0.0239  0.0239
  0.0239  0.0239  0.0239  0.0239  0.0239  0.0239  0.0239  0.0239  0.0238  0.0239  0.0238  0.0238
  0.0238  0.0238  0.0238  0.0238  0.0238  0.0238  0.0238  0.0238  0.0238  0.0238  0.0238  0.0238
  0.0239  0.0239  0.0239  0.0238  0.0238  0.0238  0.0238  0.0239  0.0238  0.0238  0.0238  0.0238
  0.0240  0.0240  0.0239  0.0239  0.0240  0.0239  0.0240  0.0241  0.0239  0.0240  0.0239  0.0239
  0.0243  0.0242  0.0241  0.0242  0.0242  0.0242  0.0242  0.0245  0.0241  0.0242  0.0240  0.0240
niter,ni,del,rscale     1    3    5.0000    0.4000
parameters
    0.0400    3.2419    7.3520   -3.2310   -6.7527   -1.9961
   11.7187    1.5156  -10.0744   -3.5302    0.6063    3.0931
eta,q 0.97622  8.05754
  0.0241  0.0241  0.0240  0.0241  0.0241  0.0241  0.0240  0.0243  0.0240  0.0241  0.0239  0.0239
  0.0239  0.0239  0.0239  0.0239  0.0239  0.0240  0.0239  0.0240  0.0239  0.0239  0.0239  0.0238
  0.0238  0.0238  0.0238  0.0239  0.0238  0.0239  0.0238  0.0238  0.0238  0.0238  0.0238  0.0238
  0.0238  0.0238  0.0238  0.0238  0.0238  0.0238  0.0238  0.0238  0.0238  0.0238  0.0238  0.0238
  0.0238  0.0238  0.0238  0.0238  0.0238  0.0238  0.0238  0.0238  0.0238  0.0238  0.0238  0.0238
  0.0239  0.0239  0.0239  0.0239  0.0239  0.0239  0.0239  0.0240  0.0239  0.0239  0.0239  0.0238
  0.0241  0.0241  0.0240  0.0240  0.0241  0.0241  0.0240  0.0243  0.0240  0.0241  0.0239  0.0239
registration optimization eta report
parameter search radius
    0.8000    0.8000    0.8000    2.4000    2.4000    2.4000
    2.4000    2.4000    2.4000    2.4000    2.4000    2.4000
100000*second partial in parameter space
       49.       40.       27.        4.        5.        5.
        4.        8.        3.        5.        3.        2.
  0.0241  0.0241  0.0240  0.0241  0.0241  0.0241  0.0240  0.0243  0.0240  0.0241  0.0239  0.0239
  0.0239  0.0239  0.0239  0.0239  0.0239  0.0240  0.0239  0.0240  0.0239  0.0239  0.0239  0.0238
  0.0238  0.0238  0.0238  0.0239  0.0238  0.0239  0.0238  0.0238  0.0238  0.0238  0.0238  0.0238
  0.0238  0.0238  0.0238  0.0238  0.0238  0.0238  0.0238  0.0238  0.0238  0.0238  0.0238  0.0238
  0.0238  0.0238  0.0238  0.0238  0.0238  0.0238  0.0238  0.0238  0.0238  0.0238  0.0238  0.0238
  0.0239  0.0239  0.0239  0.0239  0.0239  0.0239  0.0239  0.0240  0.0239  0.0239  0.0239  0.0238
  0.0241  0.0241  0.0240  0.0240  0.0241  0.0241  0.0240  0.0243  0.0240  0.0241  0.0239  0.0239
    0.0400    3.2419    7.3520   -3.2310   -6.7527   -1.9961
   11.7187    1.5156  -10.0744   -3.5302    0.6063    3.0931
eta,q 0.97622  8.05754

---------------------------------------------------------------------
imgreg_4dfp /opt/freesurfer/average/711-2C_as_mni_average_305 /opt/freesurfer/average/711-2B_as_mni_average_305_mask talsrcimg_g11 none talsrcimg_to_711-2C_as_mni_average_305_t4 2311
---------------------------------------------------------------------

freesurfer imgreg_4dfp.c
/opt/freesurfer/average/711-2C_as_mni_average_305.4dfp.img
       256       256       256         1
  1.000000  1.000000  1.000000
orientation T byte_order littleendian
Reading image: /opt/freesurfer/average/711-2C_as_mni_average_305.4dfp.img
dimensions:      256       256       256
mmppix:       1.0000   -1.0000   -1.0000
center:     128.0000 -129.0000 -129.0000
/opt/freesurfer/average/711-2B_as_mni_average_305_mask.4dfp.img
       256       256       256         1
  1.000000  1.000000  1.000000
orientation T byte_order littleendian
Reading mask: /opt/freesurfer/average/711-2B_as_mni_average_305_mask.4dfp.img (2306576 pixels)
talsrcimg_g11.4dfp.img
       256       256       256         1
  1.000000  1.000000  1.000000
orientation T byte_order littleendian
Reading image: talsrcimg_g11.4dfp.img
dimensions:      256       256       256
mmppix:       1.0000   -1.0000   -1.0000
center:     128.0000 -129.0000 -129.0000
fimgreg.f
image alignment mode   2311 decimal      907 hex
parameters
    0.0400    3.2419    7.3520   -3.2310   -6.7527   -1.9961
   11.7187    1.5156  -10.0744   -3.5302    0.6063    3.0931
eta,q 0.97622  8.05754
niter,ni,del,rscale     5    3    5.0000    0.8000
parameters
    0.0291    3.2817    7.3325   -4.0156   -7.0000   -2.6491
   11.6301    1.3948  -10.1530   -3.8349    0.5748    3.2643
eta,q 0.97611  7.99900
  0.0250  0.0249  0.0245  0.0244  0.0248  0.0246  0.0248  0.0255  0.0246  0.0248  0.0244  0.0244
  0.0243  0.0243  0.0241  0.0241  0.0243  0.0243  0.0243  0.0246  0.0242  0.0243  0.0241  0.0241
  0.0239  0.0239  0.0239  0.0239  0.0240  0.0240  0.0240  0.0241  0.0240  0.0240  0.0240  0.0240
  0.0238  0.0238  0.0238  0.0238  0.0238  0.0238  0.0239  0.0239  0.0239  0.0239  0.0239  0.0239
  0.0239  0.0239  0.0239  0.0239  0.0239  0.0239  0.0240  0.0241  0.0240  0.0240  0.0240  0.0239
  0.0244  0.0242  0.0241  0.0244  0.0244  0.0245  0.0243  0.0247  0.0242  0.0245  0.0241  0.0241
  0.0251  0.0247  0.0245  0.0252  0.0251  0.0255  0.0248  0.0257  0.0246  0.0252  0.0244  0.0243
niter,ni,del,rscale     4    3    5.0000    0.7000
parameters
    0.0455    3.2648    7.3170   -3.7832   -6.9744   -2.6025
   11.6614    1.4096  -10.1288   -3.8101    0.6097    3.2582
eta,q 0.97613  8.00958
  0.0248  0.0246  0.0244  0.0244  0.0247  0.0246  0.0246  0.0252  0.0244  0.0247  0.0243  0.0242
  0.0243  0.0242  0.0241  0.0242  0.0243  0.0243  0.0242  0.0245  0.0241  0.0243  0.0241  0.0240
  0.0240  0.0240  0.0240  0.0241  0.0240  0.0241  0.0240  0.0240  0.0239  0.0240  0.0239  0.0239
  0.0239  0.0239  0.0239  0.0239  0.0239  0.0239  0.0239  0.0239  0.0239  0.0239  0.0239  0.0239
  0.0240  0.0240  0.0239  0.0238  0.0239  0.0239  0.0239  0.0240  0.0239  0.0239  0.0239  0.0239
  0.0243  0.0243  0.0241  0.0240  0.0242  0.0241  0.0242  0.0244  0.0241  0.0242  0.0241  0.0240
  0.0248  0.0247  0.0244  0.0245  0.0247  0.0247  0.0246  0.0252  0.0244  0.0247  0.0243  0.0242
niter,ni,del,rscale     3    3    5.0000    0.6000
parameters
    0.0464    3.2527    7.3213   -3.5676   -6.8946   -2.3807
   11.6856    1.4415  -10.1151   -3.7025    0.6383    3.2131
eta,q 0.97617  8.02780
  0.0245  0.0244  0.0242  0.0243  0.0244  0.0244  0.0244  0.0249  0.0242  0.0245  0.0242  0.0241
  0.0242  0.0241  0.0240  0.0241  0.0242  0.0242  0.0241  0.0243  0.0240  0.0242  0.0240  0.0239
  0.0239  0.0239  0.0239  0.0240  0.0240  0.0240  0.0239  0.0240  0.0239  0.0239  0.0239  0.0239
  0.0239  0.0239  0.0239  0.0239  0.0239  0.0239  0.0238  0.0238  0.0238  0.0238  0.0238  0.0238
  0.0239  0.0239  0.0239  0.0238  0.0239  0.0238  0.0239  0.0239  0.0239  0.0239  0.0239  0.0239
  0.0242  0.0241  0.0240  0.0240  0.0241  0.0240  0.0241  0.0243  0.0240  0.0241  0.0240  0.0240
  0.0245  0.0244  0.0242  0.0243  0.0245  0.0244  0.0244  0.0248  0.0242  0.0245  0.0241  0.0241
niter,ni,del,rscale     2    3    5.0000    0.5000
parameters
    0.0424    3.2428    7.3380   -3.3767   -6.8258   -2.1710
   11.7205    1.4785  -10.0912   -3.6054    0.6376    3.1486
eta,q 0.97620  8.04409
  0.0243  0.0242  0.0241  0.0242  0.0243  0.0243  0.0242  0.0245  0.0241  0.0243  0.0240  0.0240
  0.0240  0.0240  0.0240  0.0240  0.0240  0.0241  0.0240  0.0241  0.0239  0.0240  0.0239  0.0239
  0.0239  0.0239  0.0239  0.0239  0.0239  0.0239  0.0239  0.0239  0.0238  0.0239  0.0238  0.0238
  0.0238  0.0238  0.0238  0.0238  0.0238  0.0238  0.0238  0.0238  0.0238  0.0238  0.0238  0.0238
  0.0239  0.0239  0.0238  0.0238  0.0238  0.0238  0.0238  0.0239  0.0238  0.0238  0.0238  0.0238
  0.0240  0.0240  0.0239  0.0239  0.0240  0.0239  0.0240  0.0241  0.0239  0.0240  0.0239  0.0239
  0.0243  0.0242  0.0241  0.0242  0.0242  0.0242  0.0242  0.0245  0.0241  0.0242  0.0240  0.0240
niter,ni,del,rscale     1    3    5.0000    0.4000
parameters
    0.0376    3.2412    7.3520   -3.2268   -6.7572   -1.9998
   11.7238    1.5115  -10.0734   -3.5307    0.6082    3.0906
eta,q 0.97621  8.05742
  0.0241  0.0241  0.0240  0.0241  0.0241  0.0241  0.0240  0.0243  0.0240  0.0241  0.0239  0.0239
  0.0239  0.0239  0.0239  0.0240  0.0239  0.0240  0.0239  0.0240  0.0239  0.0239  0.0239  0.0238
  0.0238  0.0238  0.0238  0.0239  0.0238  0.0239  0.0238  0.0238  0.0238  0.0238  0.0238  0.0238
  0.0238  0.0238  0.0238  0.0238  0.0238  0.0238  0.0238  0.0238  0.0238  0.0238  0.0238  0.0238
  0.0238  0.0238  0.0238  0.0238  0.0238  0.0238  0.0238  0.0238  0.0238  0.0238  0.0238  0.0238
  0.0239  0.0239  0.0239  0.0239  0.0239  0.0239  0.0239  0.0240  0.0239  0.0239  0.0239  0.0238
  0.0241  0.0241  0.0240  0.0240  0.0241  0.0241  0.0240  0.0243  0.0240  0.0241  0.0239  0.0239
registration optimization eta report
parameter search radius
    0.8000    0.8000    0.8000    2.4000    2.4000    2.4000
    2.4000    2.4000    2.4000    2.4000    2.4000    2.4000
100000*second partial in parameter space
       49.       40.       27.        4.        5.        5.
        4.        8.        3.        5.        3.        2.
  0.0241  0.0241  0.0240  0.0241  0.0241  0.0241  0.0240  0.0243  0.0240  0.0241  0.0239  0.0239
  0.0239  0.0239  0.0239  0.0240  0.0239  0.0240  0.0239  0.0240  0.0239  0.0239  0.0239  0.0238
  0.0238  0.0238  0.0238  0.0239  0.0238  0.0239  0.0238  0.0238  0.0238  0.0238  0.0238  0.0238
  0.0238  0.0238  0.0238  0.0238  0.0238  0.0238  0.0238  0.0238  0.0238  0.0238  0.0238  0.0238
  0.0238  0.0238  0.0238  0.0238  0.0238  0.0238  0.0238  0.0238  0.0238  0.0238  0.0238  0.0238
  0.0239  0.0239  0.0239  0.0239  0.0239  0.0239  0.0239  0.0240  0.0239  0.0239  0.0239  0.0238
  0.0241  0.0241  0.0240  0.0240  0.0241  0.0241  0.0240  0.0243  0.0240  0.0241  0.0239  0.0239
    0.0376    3.2412    7.3520   -3.2268   -6.7572   -1.9998
   11.7238    1.5115  -10.0734   -3.5307    0.6082    3.0906
eta,q 0.97621  8.05742

---------------------------------------------------------------------
compute_vox2vox talsrcimg talsrcimg_to_711-2C_as_mni_average_305_t4 /opt/freesurfer/average/711-2C_as_mni_average_305
---------------------------------------------------------------------

freesurfer compute_vox2vox.c
Reading: talsrcimg.4dfp.ifh
Reading: talsrcimg_to_711-2C_as_mni_average_305_t4
Reading: /opt/freesurfer/average/711-2C_as_mni_average_305.4dfp.ifh
Writing: talsrcimg_to_711-2C_as_mni_average_305_t4_vox2vox.txt

start time Thu Mar 12 09:58:36 CET 2026
end		time Thu Mar 12 10:00:07 CET 2026

mpr2mni305 success

avi2talxfm orig_nu.mgz /opt/freesurfer/average/mni305.cor.mgz talsrcimg_to_711-2C_as_mni_average_305_t4_vox2vox.txt transforms/talairach.auto.xfm
avi2talxfm done
mv -f /out/sourcedata/freesurfer/sub-v1s11x0050143_ses-1/mri/talsrcimg_to_711-2C_as_mni_average_305_t4_vox2vox.txt /out/sourcedata/freesurfer/sub-v1s11x0050143_ses-1/mri/transforms/talsrcimg_to_711-2C_as_mni_average_305_t4_vox2vox.txt
lta_convert --src orig_nu.mgz --trg /opt/freesurfer/average/mni305.cor.mgz --inxfm transforms/talairach.auto.xfm --outlta transforms/talairach.auto.xfm.lta --subject fsaverage
7.3.2

--src: orig_nu.mgz src image (geometry).
--trg: /opt/freesurfer/average/mni305.cor.mgz trg image (geometry).
--inmni: transforms/talairach.auto.xfm input MNI/XFM transform.
--outlta: transforms/talairach.auto.xfm.lta output LTA.
--s: fsaverage subject name
 LTA read, type : 1
 1.02019  -0.02033  -0.12760   3.02720;
-0.00980   1.01938  -0.03256  -25.18882;
 0.10984   0.03640   1.05745  -19.98447;
 0.00000   0.00000   0.00000   1.00000;
setting subject to fsaverage
Writing  LTA to file transforms/talairach.auto.xfm.lta...
lta_convert successful.
 
 
Started at Thu Mar 12 09:58:35 CET 2026
Ended   at Thu Mar 12 10:00:08 CET 2026
talairach_avi done
