status file for recon-all
Thu Mar 12 12:44:15 CET 2026
#@# Tessellate lh Thu Mar 12 12:44:15 CET 2026
#@# Smooth1 lh Thu Mar 12 12:44:19 CET 2026
#@# Inflation1 lh Thu Mar 12 12:44:22 CET 2026
#@# QSphere lh Thu Mar 12 12:44:37 CET 2026
#@# Fix Topology lh Thu Mar 12 12:46:07 CET 2026
#@# Smooth2 lh Thu Mar 12 12:52:14 CET 2026
#@# Inflation2 lh Thu Mar 12 12:52:17 CET 2026
#@# Curv .H and .K lh Thu Mar 12 12:52:32 CET 2026
#@# Sphere lh Thu Mar 12 12:53:18 CET 2026
#@# Surf Reg lh Thu Mar 12 12:57:02 CET 2026
#@# Jacobian white lh Thu Mar 12 13:01:31 CET 2026
#@# AvgCurv lh Thu Mar 12 13:01:32 CET 2026
#@# Cortical Parc lh Thu Mar 12 13:01:33 CET 2026
#@# white curv lh Thu Mar 12 13:08:03 CET 2026
#@# white area lh Thu Mar 12 13:08:05 CET 2026
#@# pial curv lh Thu Mar 12 13:08:06 CET 2026
#@# pial area lh Thu Mar 12 13:08:08 CET 2026
#@# thickness lh Thu Mar 12 13:08:09 CET 2026
#@# area and vertex vol lh Thu Mar 12 13:08:40 CET 2026
#@# Curvature Stats lh Thu Mar 12 13:08:42 CET 2026
#@# Cortical Parc 2 lh Thu Mar 12 13:08:44 CET 2026
#@# Cortical Parc 3 lh Thu Mar 12 13:08:57 CET 2026
#@# WM/GM Contrast lh Thu Mar 12 13:09:09 CET 2026
recon-all -s sub-v1s11x0050160_ses-1 finished without error at Thu Mar 12 13:09:12 CET 2026



#New# invocation of recon-all 



status file for recon-all
Thu Mar 12 13:37:24 CET 2026
#@# white curv lh Thu Mar 12 13:37:24 CET 2026
#@# white area lh Thu Mar 12 13:37:24 CET 2026
#@# pial curv lh Thu Mar 12 13:37:24 CET 2026
#@# pial area lh Thu Mar 12 13:37:24 CET 2026
#@# thickness lh Thu Mar 12 13:37:24 CET 2026
#@# area and vertex vol lh Thu Mar 12 13:37:24 CET 2026
#@# Parcellation Stats lh Thu Mar 12 13:37:24 CET 2026
#@# Parcellation Stats 2 lh Thu Mar 12 13:37:44 CET 2026
#@# Parcellation Stats 3 lh Thu Mar 12 13:37:54 CET 2026
#@# BA_exvivo Labels lh Thu Mar 12 13:38:04 CET 2026
recon-all -s sub-v1s11x0050160_ses-1 finished without error at Thu Mar 12 13:41:02 CET 2026
