status file for recon-all
Thu Mar 12 12:22:22 CET 2026
#@# Tessellate rh Thu Mar 12 12:22:22 CET 2026
#@# Smooth1 rh Thu Mar 12 12:22:26 CET 2026
#@# Inflation1 rh Thu Mar 12 12:22:29 CET 2026
#@# QSphere rh Thu Mar 12 12:22:44 CET 2026
#@# Fix Topology rh Thu Mar 12 12:24:05 CET 2026
#@# Smooth2 rh Thu Mar 12 12:30:26 CET 2026
#@# Inflation2 rh Thu Mar 12 12:30:29 CET 2026
#@# Curv .H and .K rh Thu Mar 12 12:30:45 CET 2026
#@# Sphere rh Thu Mar 12 12:31:36 CET 2026
#@# Surf Reg rh Thu Mar 12 12:34:27 CET 2026
#@# Jacobian white rh Thu Mar 12 12:39:50 CET 2026
#@# AvgCurv rh Thu Mar 12 12:39:51 CET 2026
#@# Cortical Parc rh Thu Mar 12 12:39:52 CET 2026
#@# white curv rh Thu Mar 12 12:47:20 CET 2026
#@# white area rh Thu Mar 12 12:47:22 CET 2026
#@# pial curv rh Thu Mar 12 12:47:23 CET 2026
#@# pial area rh Thu Mar 12 12:47:25 CET 2026
#@# thickness rh Thu Mar 12 12:47:26 CET 2026
#@# area and vertex vol rh Thu Mar 12 12:47:59 CET 2026
#@# Curvature Stats rh Thu Mar 12 12:48:01 CET 2026
#@# Cortical Parc 2 rh Thu Mar 12 12:48:04 CET 2026
#@# Cortical Parc 3 rh Thu Mar 12 12:48:18 CET 2026
#@# WM/GM Contrast rh Thu Mar 12 12:48:29 CET 2026
recon-all -s sub-v1s11x0050143_ses-1 finished without error at Thu Mar 12 12:48:33 CET 2026



#New# invocation of recon-all 



status file for recon-all
Thu Mar 12 12:58:04 CET 2026
#@# white curv rh Thu Mar 12 12:58:04 CET 2026
#@# white area rh Thu Mar 12 12:58:04 CET 2026
#@# pial curv rh Thu Mar 12 12:58:04 CET 2026
#@# pial area rh Thu Mar 12 12:58:04 CET 2026
#@# thickness rh Thu Mar 12 12:58:04 CET 2026
#@# area and vertex vol rh Thu Mar 12 12:58:04 CET 2026
#@# Parcellation Stats rh Thu Mar 12 12:58:04 CET 2026
#@# Parcellation Stats 2 rh Thu Mar 12 12:58:25 CET 2026
#@# Parcellation Stats 3 rh Thu Mar 12 12:58:36 CET 2026
#@# BA_exvivo Labels rh Thu Mar 12 12:58:47 CET 2026
recon-all -s sub-v1s11x0050143_ses-1 finished without error at Thu Mar 12 13:01:38 CET 2026
