status file for recon-all
Thu Mar 12 11:54:42 CET 2026
#@# Tessellate lh Thu Mar 12 11:54:42 CET 2026
#@# Smooth1 lh Thu Mar 12 11:54:46 CET 2026
#@# Inflation1 lh Thu Mar 12 11:54:49 CET 2026
#@# QSphere lh Thu Mar 12 11:55:05 CET 2026
#@# Fix Topology lh Thu Mar 12 11:56:27 CET 2026
#@# Smooth2 lh Thu Mar 12 12:03:25 CET 2026
#@# Inflation2 lh Thu Mar 12 12:03:28 CET 2026
#@# Curv .H and .K lh Thu Mar 12 12:03:45 CET 2026
#@# Sphere lh Thu Mar 12 12:04:33 CET 2026
#@# Surf Reg lh Thu Mar 12 12:08:53 CET 2026
#@# Jacobian white lh Thu Mar 12 12:14:08 CET 2026
#@# AvgCurv lh Thu Mar 12 12:14:09 CET 2026
#@# Cortical Parc lh Thu Mar 12 12:14:10 CET 2026
#@# white curv lh Thu Mar 12 12:21:09 CET 2026
#@# white area lh Thu Mar 12 12:21:11 CET 2026
#@# pial curv lh Thu Mar 12 12:21:12 CET 2026
#@# pial area lh Thu Mar 12 12:21:14 CET 2026
#@# thickness lh Thu Mar 12 12:21:14 CET 2026
#@# area and vertex vol lh Thu Mar 12 12:21:47 CET 2026
#@# Curvature Stats lh Thu Mar 12 12:21:48 CET 2026
#@# Cortical Parc 2 lh Thu Mar 12 12:21:51 CET 2026
#@# Cortical Parc 3 lh Thu Mar 12 12:22:05 CET 2026
#@# WM/GM Contrast lh Thu Mar 12 12:22:16 CET 2026
recon-all -s sub-v1s11x0050143_ses-1 finished without error at Thu Mar 12 12:22:19 CET 2026



#New# invocation of recon-all 



status file for recon-all
Thu Mar 12 12:54:32 CET 2026
#@# white curv lh Thu Mar 12 12:54:32 CET 2026
#@# white area lh Thu Mar 12 12:54:32 CET 2026
#@# pial curv lh Thu Mar 12 12:54:32 CET 2026
#@# pial area lh Thu Mar 12 12:54:32 CET 2026
#@# thickness lh Thu Mar 12 12:54:32 CET 2026
#@# area and vertex vol lh Thu Mar 12 12:54:32 CET 2026
#@# Parcellation Stats lh Thu Mar 12 12:54:32 CET 2026
#@# Parcellation Stats 2 lh Thu Mar 12 12:54:53 CET 2026
#@# Parcellation Stats 3 lh Thu Mar 12 12:55:03 CET 2026
#@# BA_exvivo Labels lh Thu Mar 12 12:55:14 CET 2026
recon-all -s sub-v1s11x0050143_ses-1 finished without error at Thu Mar 12 12:58:01 CET 2026
