/out/sourcedata/freesurfer/sub-v1s11x0050150_ses-1/mri
/opt/freesurfer/bin/talairach_avi
--i orig_nu.mgz --xfm transforms/talairach.auto.xfm
talairach_avi 7.3.2
Linux dna013 5.14.0-427.37.1.el9_4.x86_64 #1 SMP PREEMPT_DYNAMIC Fri Sep 13 12:41:50 EDT 2024 x86_64 x86_64 x86_64 GNU/Linux
Thu Mar 12 10:12:32 CET 2026
mri_convert orig_nu.mgz talsrcimg.img 
reading from orig_nu.mgz...
TR=0.00, TE=0.00, TI=0.00, flip angle=0.00
i_ras = (-1, 0, 0)
j_ras = (0, 0, -1)
k_ras = (-3.72529e-09, 1, 0)
writing to talsrcimg.img...
Analyze Output Matrix
-1.00000   0.00000  -0.00000   132.45206;
 0.00000   0.00000   1.00000  -111.90240;
 0.00000  -1.00000   0.00000   148.73380;
 0.00000   0.00000   0.00000   1.00000;
--------------------
INFO: set hdr.hist.orient to -1
mpr2mni305 talsrcimg
Thu Mar 12 10:12:32 CET 2026
/opt/freesurfer/bin/mpr2mni305 talsrcimg
mpr2mni305 7.3.2
target=711-2C_as_mni_average_305

---------------------------------------------------------------------
analyzeto4dfp talsrcimg -O0 -y
---------------------------------------------------------------------

freesurfer ifh2hdr.c
Thu Mar 12 10:12:32 2026
Writing: talsrcimg.4dfp.hdr
freesurfer analyzeto4dfp.c
Reading: talsrcimg.hdr
header size 348 bytes
hdr.dime.datatype	offset=70	value=2
hdr.dime.bitpix		offset=72	value=8
hdr.hist.orient		offset=252	value=-1
dimensionality     4
dimensions       256       256       256         1
Reading: talsrcimg.img
Writing: talsrcimg.4dfp.img
Writing: talsrcimg.4dfp.ifh
ifh2hdr talsrcimg -r0to197
ori=2

---------------------------------------------------------------------
gauss_4dfp talsrcimg 1.1
---------------------------------------------------------------------

freesurfer gauss_4dfp.c
Reading: talsrcimg.4dfp.img
Writing: talsrcimg_g11.4dfp.img
image dimensions 256 256 256 padded to 288 288 288
processing volume 1freesurfer ifh2hdr.c
Thu Mar 12 10:12:34 2026
Writing: talsrcimg_g11.4dfp.hdr

Writing: talsrcimg_g11.4dfp.ifh
including: talsrcimg.4dfp.img.rec in talsrcimg_g11.4dfp.img.rec

---------------------------------------------------------------------
imgreg_4dfp /opt/freesurfer/average/711-2C_as_mni_average_305 none talsrcimg_g11 none talsrcimg_to_711-2C_as_mni_average_305_t4 4355
---------------------------------------------------------------------

freesurfer imgreg_4dfp.c
/opt/freesurfer/average/711-2C_as_mni_average_305.4dfp.img
       256       256       256         1
  1.000000  1.000000  1.000000
orientation T byte_order littleendian
Reading image: /opt/freesurfer/average/711-2C_as_mni_average_305.4dfp.img
dimensions:      256       256       256
mmppix:       1.0000   -1.0000   -1.0000
center:     128.0000 -129.0000 -129.0000
talsrcimg_g11.4dfp.img
       256       256       256         1
  1.000000  1.000000  1.000000
orientation T byte_order littleendian
Reading image: talsrcimg_g11.4dfp.img
dimensions:      256       256       256
mmppix:       1.0000   -1.0000   -1.0000
center:     128.0000 -129.0000 -129.0000
t4_read: open error in t4_sub.f l:  41 t4_file(1:l)talsrcimg_to_711-2C_as_mni_average_305_t4 
t4_read: transform initialized to I4
rotation matrix determinant  1.000000
image alignment mode   4355 decimal     1103 hex
   -7.5000  -45.0000  -45.0000 9774.9189   18.4624
    0.0000  -45.0000  -45.000010243.3955   18.4792
    7.5000  -45.0000  -45.0000 9819.6055   18.5095
   -7.5000  -37.5000  -45.000010058.5107   18.4920
    0.0000  -37.5000  -45.000010540.3516   18.5101
    7.5000  -37.5000  -45.000010097.5576   18.5368
   -7.5000  -30.0000  -45.000010710.0967   18.5049
    0.0000  -30.0000  -45.000011204.7441   18.5250
    7.5000  -30.0000  -45.000010711.6553   18.5518
   -7.5000  -22.5000  -45.000011372.8506   18.4804
    0.0000  -22.5000  -45.000011893.2852   18.4986
    7.5000  -22.5000  -45.000011332.8711   18.5261
   -7.5000  -15.0000  -45.000011833.2168   18.4438
    0.0000  -15.0000  -45.000012347.3838   18.4600
    7.5000  -15.0000  -45.000011782.6641   18.4908
   -7.5000   -7.5000  -45.000012210.1289   18.4338
    0.0000   -7.5000  -45.000012719.0332   18.4504
    7.5000   -7.5000  -45.000012130.3906   18.4841
   -7.5000    0.0000  -45.000012504.1338   18.4575
    0.0000    0.0000  -45.000013049.2910   18.4743
    7.5000    0.0000  -45.000012424.9316   18.5046
   -7.5000    7.5000  -45.000011757.4482   18.4920
    0.0000    7.5000  -45.000012302.8262   18.5101
    7.5000    7.5000  -45.000011667.8682   18.5368
   -7.5000   15.0000  -45.000010778.1729   18.5049
    0.0000   15.0000  -45.000011286.0967   18.5250
    7.5000   15.0000  -45.000010672.7881   18.5518
   -7.5000   22.5000  -45.0000 9753.3828   18.4779
    0.0000   22.5000  -45.000010209.2627   18.4960
    7.5000   22.5000  -45.0000 9643.4248   18.5236
   -7.5000   30.0000  -45.0000 8803.2402   18.1983
    0.0000   30.0000  -45.0000 9211.2373   18.2143
    7.5000   30.0000  -45.0000 8705.0547   18.2446
   -7.5000   37.5000  -45.0000 8238.5518   18.3227
    0.0000   37.5000  -45.0000 8604.1182   18.3394
    7.5000   37.5000  -45.0000 8143.1138   18.3729
   -7.5000   45.0000  -45.0000 7315.9331   18.1672
    0.0000   45.0000  -45.0000 7632.1973   18.1823
    7.5000   45.0000  -45.0000 7235.0298   18.2080
   -7.5000  -45.0000  -37.500010273.4326   18.4777
    0.0000  -45.0000  -37.500010773.6514   18.4906
    7.5000  -45.0000  -37.500010301.2793   18.5227
   -7.5000  -37.5000  -37.500010580.8604   18.4989
    0.0000  -37.5000  -37.500011092.2539   18.5150
    7.5000  -37.5000  -37.500010607.9629   18.5455
   -7.5000  -30.0000  -37.500011273.9082   18.5056
    0.0000  -30.0000  -37.500011801.0195   18.5235
    7.5000  -30.0000  -37.500011263.0615   18.5538
   -7.5000  -22.5000  -37.500011954.9258   18.4831
    0.0000  -22.5000  -37.500012486.8799   18.4967
    7.5000  -22.5000  -37.500011916.5186   18.5254
   -7.5000  -15.0000  -37.500012439.5420   18.4549
    0.0000  -15.0000  -37.500012984.5537   18.4644
    7.5000  -15.0000  -37.500012377.2832   18.4941
   -7.5000   -7.5000  -37.500012829.2695   18.4512
    0.0000   -7.5000  -37.500013374.1611   18.4618
    7.5000   -7.5000  -37.500012720.4160   18.4946
   -7.5000    0.0000  -37.500013063.3262   18.4727
    0.0000    0.0000  -37.500013662.9541   18.4857
    7.5000    0.0000  -37.500012963.3320   18.5178
   -7.5000    7.5000  -37.500012275.6582   18.4989
    0.0000    7.5000  -37.500012871.4609   18.5150
    7.5000    7.5000  -37.500012170.5381   18.5455
   -7.5000   15.0000  -37.500011249.6064   18.5056
    0.0000   15.0000  -37.500011795.5898   18.5235
    7.5000   15.0000  -37.500011151.7051   18.5538
   -7.5000   22.5000  -37.500010154.5391   18.4806
    0.0000   22.5000  -37.500010621.1123   18.4942
    7.5000   22.5000  -37.500010044.6025   18.5229
   -7.5000   30.0000  -37.5000 9158.4600   18.2093
    0.0000   30.0000  -37.5000 9583.3799   18.2186
    7.5000   30.0000  -37.5000 9064.2559   18.2479
   -7.5000   37.5000  -37.5000 8568.2021   18.3406
    0.0000   37.5000  -37.5000 8933.2422   18.3514
    7.5000   37.5000  -37.5000 8448.8701   18.3843
   -7.5000   45.0000  -37.5000 7589.2524   18.1792
    0.0000   45.0000  -37.5000 7916.8994   18.1906
    7.5000   45.0000  -37.5000 7498.0752   18.2182
   -7.5000  -45.0000  -30.000010902.7285   19.2841
    0.0000  -45.0000  -30.000011449.4932   19.2968
    7.5000  -45.0000  -30.000010925.5508   19.3269
   -7.5000  -37.5000  -30.000011245.2920   19.3013
    0.0000  -37.5000  -30.000011782.7773   19.3179
    7.5000  -37.5000  -30.000011252.9033   19.3468
   -7.5000  -30.0000  -30.000011985.0840   19.3024
    0.0000  -30.0000  -30.000012517.0049   19.3204
    7.5000  -30.0000  -30.000011946.2568   19.3505
   -7.5000  -22.5000  -30.000012686.1172   19.2769
    0.0000  -22.5000  -30.000013256.5293   19.2889
    7.5000  -22.5000  -30.000012640.1836   19.3180
   -7.5000  -15.0000  -30.000013211.4414   19.2529
    0.0000  -15.0000  -30.000013833.2900   19.2593
    7.5000  -15.0000  -30.000013135.1553   19.2890
   -7.5000   -7.5000  -30.000013587.7373   19.2560
    0.0000   -7.5000  -30.000014204.0723   19.2645
    7.5000   -7.5000  -30.000013454.1162   19.2963
   -7.5000    0.0000  -30.000013778.0947   19.2789
    0.0000    0.0000  -30.000014416.5254   19.2917
    7.5000    0.0000  -30.000013647.2734   19.3217
   -7.5000    7.5000  -30.000012949.5908   19.3013
    0.0000    7.5000  -30.000013584.3291   19.3179
    7.5000    7.5000  -30.000012828.7256   19.3468
   -7.5000   15.0000  -30.000011884.1953   19.3024
    0.0000   15.0000  -30.000012480.2432   19.3204
    7.5000   15.0000  -30.000011779.2305   19.3505
   -7.5000   22.5000  -30.000010728.1953   19.2723
    0.0000   22.5000  -30.000011214.7939   19.2842
    7.5000   22.5000  -30.000010571.7051   19.3133
   -7.5000   30.0000  -30.0000 9663.0420   18.9984
    0.0000   30.0000  -30.000010098.5293   19.0047
    7.5000   30.0000  -30.0000 9533.4492   19.0340
   -7.5000   37.5000  -30.0000 9002.6289   19.1398
    0.0000   37.5000  -30.0000 9392.2725   19.1488
    7.5000   37.5000  -30.0000 8878.2637   19.1808
   -7.5000   45.0000  -30.0000 7956.3843   18.9869
    0.0000   45.0000  -30.0000 8302.9463   18.9992
    7.5000   45.0000  -30.0000 7861.9771   19.0241
   -7.5000  -45.0000  -22.500011530.0342   19.9595
    0.0000  -45.0000  -22.500012113.7266   19.9768
    7.5000  -45.0000  -22.500011546.6855   20.0029
   -7.5000  -37.5000  -22.500011883.2734   19.9817
    0.0000  -37.5000  -22.500012440.1025   20.0010
    7.5000  -37.5000  -22.500011860.0479   20.0237
   -7.5000  -30.0000  -22.500012627.7148   19.9833
    0.0000  -30.0000  -22.500013199.1230   20.0036
    7.5000  -30.0000  -22.500012574.6377   20.0289
   -7.5000  -22.5000  -22.500013365.1602   19.9515
    0.0000  -22.5000  -22.500013997.4336   19.9672
    7.5000  -22.5000  -22.500013305.7080   19.9954
   -7.5000  -15.0000  -22.500013956.0283   19.9221
    0.0000  -15.0000  -22.500014639.6650   19.9339
    7.5000  -15.0000  -22.500013861.6211   19.9652
   -7.5000   -7.5000  -22.500014288.2324   19.9262
    0.0000   -7.5000  -22.500014957.0977   19.9406
    7.5000   -7.5000  -22.500014156.3496   19.9726
   -7.5000    0.0000  -22.500014474.2393   19.9541
    0.0000    0.0000  -22.500015157.3418   19.9714
    7.5000    0.0000  -22.500014325.2939   19.9974
   -7.5000    7.5000  -22.500013564.0283   19.9817
    0.0000    7.5000  -22.500014229.5225   20.0010
    7.5000    7.5000  -22.500013428.3535   20.0237
   -7.5000   15.0000  -22.500012468.1318   19.9833
    0.0000   15.0000  -22.500013093.2959   20.0036
    7.5000   15.0000  -22.500012337.5459   20.0289
   -7.5000   22.5000  -22.500011259.9277   19.9454
    0.0000   22.5000  -22.500011790.1475   19.9610
    7.5000   22.5000  -22.500011093.1162   19.9892
   -7.5000   30.0000  -22.500010155.6094   19.6618
    0.0000   30.0000  -22.500010603.2051   19.6734
    7.5000   30.0000  -22.5000 9986.0166   19.7043
   -7.5000   37.5000  -22.5000 9433.0439   19.8053
    0.0000   37.5000  -22.5000 9830.8467   19.8197
    7.5000   37.5000  -22.5000 9275.7764   19.8520
   -7.5000   45.0000  -22.5000 8306.7812   19.6703
    0.0000   45.0000  -22.5000 8670.9170   19.6880
    7.5000   45.0000  -22.5000 8190.0015   19.7080
   -7.5000  -45.0000  -15.000012175.3848   20.4205
    0.0000  -45.0000  -15.000012814.4707   20.4455
    7.5000  -45.0000  -15.000012191.1934   20.4706
   -7.5000  -37.5000  -15.000012488.0303   20.4534
    0.0000  -37.5000  -15.000013097.7549   20.4781
    7.5000  -37.5000  -15.000012455.3936   20.4970
   -7.5000  -30.0000  -15.000013227.8057   20.4628
    0.0000  -30.0000  -15.000013865.8193   20.4879
    7.5000  -30.0000  -15.000013164.8564   20.5096
   -7.5000  -22.5000  -15.000014031.4180   20.4277
    0.0000  -22.5000  -15.000014696.9609   20.4503
    7.5000  -22.5000  -15.000013963.0752   20.4775
   -7.5000  -15.0000  -15.000014674.4043   20.3875
    0.0000  -15.0000  -15.000015367.9277   20.4090
    7.5000  -15.0000  -15.000014563.3008   20.4424
   -7.5000   -7.5000  -15.000015017.1562   20.3839
    0.0000   -7.5000  -15.000015701.4268   20.4085
    7.5000   -7.5000  -15.000014853.0059   20.4424
   -7.5000    0.0000  -15.000015199.0752   20.4149
    0.0000    0.0000  -15.000015904.6689   20.4400
    7.5000    0.0000  -15.000015023.6680   20.4651
   -7.5000    7.5000  -15.000014193.6709   20.4534
    0.0000    7.5000  -15.000014887.5332   20.4781
    7.5000    7.5000  -15.000014020.8818   20.4970
   -7.5000   15.0000  -15.000013039.3164   20.4628
    0.0000   15.0000  -15.000013688.2207   20.4879
    7.5000   15.0000  -15.000012892.7285   20.5096
   -7.5000   22.5000  -15.000011767.3320   20.4205
    0.0000   22.5000  -15.000012328.4824   20.4431
    7.5000   22.5000  -15.000011623.9229   20.4703
   -7.5000   30.0000  -15.000010598.4570   20.1239
    0.0000   30.0000  -15.000011080.6924   20.1451
    7.5000   30.0000  -15.000010445.5059   20.1781
   -7.5000   37.5000  -15.0000 9828.9189   20.2619
    0.0000   37.5000  -15.000010251.9541   20.2861
    7.5000   37.5000  -15.0000 9662.3320   20.3200
   -7.5000   45.0000  -15.0000 8621.8965   20.1403
    0.0000   45.0000  -15.0000 9011.7529   20.1655
    7.5000   45.0000  -15.0000 8505.9355   20.1843
   -7.5000  -45.0000   -7.500012870.3740   20.6274
    0.0000  -45.0000   -7.500013540.7588   20.6531
    7.5000  -45.0000   -7.500012874.3604   20.6817
   -7.5000  -37.5000   -7.500013197.5693   20.6656
    0.0000  -37.5000   -7.500013837.7617   20.6908
    7.5000  -37.5000   -7.500013141.6035   20.7134
   -7.5000  -30.0000   -7.500013953.0928   20.6816
    0.0000  -30.0000   -7.500014579.3018   20.7077
    7.5000  -30.0000   -7.500013853.0586   20.7319
   -7.5000  -22.5000   -7.500014777.1006   20.6493
    0.0000  -22.5000   -7.500015427.3984   20.6737
    7.5000  -22.5000   -7.500014687.2637   20.7024
   -7.5000  -15.0000   -7.500015434.6396   20.6038
    0.0000  -15.0000   -7.500016099.2129   20.6277
    7.5000  -15.0000   -7.500015333.0234   20.6622
   -7.5000   -7.5000   -7.500015795.4834   20.5923
    0.0000   -7.5000   -7.500016464.2559   20.6182
    7.5000   -7.5000   -7.500015654.9141   20.6543
   -7.5000    0.0000   -7.500015986.4463   20.6218
    0.0000    0.0000   -7.500016678.1406   20.6476
    7.5000    0.0000   -7.500015806.5703   20.6761
   -7.5000    7.5000   -7.500014894.3994   20.6656
    0.0000    7.5000   -7.500015557.1387   20.6908
    7.5000    7.5000   -7.500014704.4131   20.7134
   -7.5000   15.0000   -7.500013670.7285   20.6816
    0.0000   15.0000   -7.500014296.6367   20.7077
    7.5000   15.0000   -7.500013510.4062   20.7319
   -7.5000   22.5000   -7.500012305.2656   20.6397
    0.0000   22.5000   -7.500012888.5332   20.6642
    7.5000   22.5000   -7.500012168.9805   20.6928
   -7.5000   30.0000   -7.500011060.0908   20.3369
    0.0000   30.0000   -7.500011575.9414   20.3605
    7.5000   30.0000   -7.500010904.7168   20.3945
   -7.5000   37.5000   -7.500010229.3008   20.4717
    0.0000   37.5000   -7.500010691.6699   20.4975
    7.5000   37.5000   -7.500010062.4736   20.5333
   -7.5000   45.0000   -7.5000 8978.5010   20.3478
    0.0000   45.0000   -7.5000 9365.5342   20.3725
    7.5000   45.0000   -7.5000 8839.5928   20.3953
   -7.5000  -45.0000    0.000013444.5117   20.6570
    0.0000  -45.0000    0.000014167.5254   20.6759
    7.5000  -45.0000    0.000013434.3926   20.7099
   -7.5000  -37.5000    0.000013822.9102   20.6903
    0.0000  -37.5000    0.000014505.9756   20.7106
    7.5000  -37.5000    0.000013787.5713   20.7406
   -7.5000  -30.0000    0.000014545.2109   20.7047
    0.0000  -30.0000    0.000015104.1387   20.7272
    7.5000  -30.0000    0.000014481.5449   20.7573
   -7.5000  -22.5000    0.000015318.0352   20.6770
    0.0000  -22.5000    0.000015874.4912   20.6974
    7.5000  -22.5000    0.000015279.3643   20.7283
   -7.5000  -15.0000    0.000015994.5225   20.6359
    0.0000  -15.0000    0.000016566.8438   20.6541
    7.5000  -15.0000    0.000015931.9580   20.6886
   -7.5000   -7.5000    0.000016428.5117   20.6248
    0.0000   -7.5000    0.000017019.7988   20.6434
    7.5000   -7.5000    0.000016292.2725   20.6812
   -7.5000    0.0000    0.000016635.3945   20.6515
    0.0000    0.0000    0.000017270.1504   20.6704
    7.5000    0.0000    0.000016438.0684   20.7044
   -7.5000    7.5000    0.000015483.6602   20.6903
    0.0000    7.5000    0.000016114.1270   20.7106
    7.5000    7.5000    0.000015259.5859   20.7406
   -7.5000   15.0000    0.000014203.3262   20.7047
    0.0000   15.0000    0.000014827.5049   20.7272
    7.5000   15.0000    0.000013984.1279   20.7573
   -7.5000   22.5000    0.000012776.0811   20.6675
    0.0000   22.5000    0.000013373.9883   20.6879
    7.5000   22.5000    0.000012608.8701   20.7188
   -7.5000   30.0000    0.000011450.1680   20.3692
    0.0000   30.0000    0.000012001.5664   20.3871
    7.5000   30.0000    0.000011306.2305   20.4212
   -7.5000   37.5000    0.000010588.6533   20.5084
    0.0000   37.5000    0.000011058.2549   20.5272
    7.5000   37.5000    0.000010422.6143   20.5647
   -7.5000   45.0000    0.0000 9275.7432   20.3746
    0.0000   45.0000    0.0000 9649.8955   20.3916
    7.5000   45.0000    0.0000 9122.2617   20.4205
   -7.5000  -45.0000    7.500012971.7686   20.6770
    0.0000  -45.0000    7.500013624.9180   20.6914
    7.5000  -45.0000    7.500013008.1943   20.7274
   -7.5000  -37.5000    7.500013316.4600   20.7007
    0.0000  -37.5000    7.500013892.1982   20.7188
    7.5000  -37.5000    7.500013363.3418   20.7529
   -7.5000  -30.0000    7.500014019.7598   20.7083
    0.0000  -30.0000    7.500014486.7334   20.7283
    7.5000  -30.0000    7.500014036.9766   20.7622
   -7.5000  -22.5000    7.500014826.0322   20.6831
    0.0000  -22.5000    7.500015290.2334   20.6983
    7.5000  -22.5000    7.500014829.5977   20.7305
   -7.5000  -15.0000    7.500015514.8936   20.6516
    0.0000  -15.0000    7.500016019.9521   20.6622
    7.5000  -15.0000    7.500015440.8418   20.6954
   -7.5000   -7.5000    7.500015948.0322   20.6474
    0.0000   -7.5000    7.500016503.8184   20.6592
    7.5000   -7.5000    7.500015770.1816   20.6960
   -7.5000    0.0000    7.500016115.9980   20.6715
    0.0000    0.0000    7.500016738.1758   20.6860
    7.5000    0.0000    7.500015854.3281   20.7219
   -7.5000    7.5000    7.500014948.7393   20.7007
    0.0000    7.5000    7.500015568.1592   20.7188
    7.5000    7.5000    7.500014668.8281   20.7529
   -7.5000   15.0000    7.500013675.3398   20.7083
    0.0000   15.0000    7.500014263.2344   20.7283
    7.5000   15.0000    7.500013431.3828   20.7622
   -7.5000   22.5000    7.500012293.9961   20.6735
    0.0000   22.5000    7.500012852.6270   20.6888
    7.5000   22.5000    7.500012111.1328   20.7209
   -7.5000   30.0000    7.500010960.0947   20.3846
    0.0000   30.0000    7.500011485.6328   20.3951
    7.5000   30.0000    7.500010836.0234   20.4279
   -7.5000   37.5000    7.500010080.4424   20.5316
    0.0000   37.5000    7.500010551.4404   20.5437
    7.5000   37.5000    7.5000 9956.2715   20.5806
   -7.5000   45.0000    7.5000 8818.9346   20.3909
    0.0000   45.0000    7.5000 9211.1260   20.4037
    7.5000   45.0000    7.5000 8709.8477   20.4347
   -7.5000  -45.0000   15.000012291.4805   20.7220
    0.0000  -45.0000   15.000012894.9932   20.7358
    7.5000  -45.0000   15.000012384.2012   20.7685
   -7.5000  -37.5000   15.000012619.1348   20.7404
    0.0000  -37.5000   15.000013152.4004   20.7584
    7.5000  -37.5000   15.000012706.5488   20.7898
   -7.5000  -30.0000   15.000013392.5723   20.7415
    0.0000  -30.0000   15.000013902.8398   20.7609
    7.5000  -30.0000   15.000013411.7920   20.7936
   -7.5000  -22.5000   15.000014242.9824   20.7139
    0.0000  -22.5000   15.000014845.0518   20.7269
    7.5000  -22.5000   15.000014220.5107   20.7585
   -7.5000  -15.0000   15.000014878.2812   20.6881
    0.0000  -15.0000   15.000015549.4404   20.6952
    7.5000  -15.0000   15.000014788.6768   20.7274
   -7.5000   -7.5000   15.000015280.4092   20.6916
    0.0000   -7.5000   15.000015950.7881   20.7010
    7.5000   -7.5000   15.000015105.2383   20.7354
   -7.5000    0.0000   15.000015365.7334   20.7164
    0.0000    0.0000   15.000016038.5713   20.7303
    7.5000    0.0000   15.000015154.0439   20.7629
   -7.5000    7.5000   15.000014192.1064   20.7404
    0.0000    7.5000   15.000014829.2217   20.7584
    7.5000    7.5000   15.000013988.1963   20.7898
   -7.5000   15.0000   15.000012952.5391   20.7415
    0.0000   15.0000   15.000013536.3105   20.7609
    7.5000   15.0000   15.000012782.0146   20.7936
   -7.5000   22.5000   15.000011670.7568   20.7044
    0.0000   22.5000   15.000012185.7246   20.7174
    7.5000   22.5000   15.000011526.0068   20.7489
   -7.5000   30.0000   15.000010408.6621   20.4207
    0.0000   30.0000   15.000010873.9922   20.4276
    7.5000   30.0000   15.000010296.9844   20.4594
   -7.5000   37.5000   15.0000 9548.7344   20.5730
    0.0000   37.5000   15.0000 9962.7666   20.5828
    7.5000   37.5000   15.0000 9461.7578   20.6175
   -7.5000   45.0000   15.0000 8355.7783   20.4360
    0.0000   45.0000   15.0000 8721.1641   20.4494
    7.5000   45.0000   15.0000 8288.3096   20.4765
   -7.5000  -45.0000   22.500011567.8213   20.8015
    0.0000  -45.0000   22.500012102.2178   20.8201
    7.5000  -45.0000   22.500011662.2061   20.8480
   -7.5000  -37.5000   22.500011946.5400   20.8242
    0.0000  -37.5000   22.500012449.9268   20.8450
    7.5000  -37.5000   22.500011997.9336   20.8694
   -7.5000  -30.0000   22.500012742.6162   20.8253
    0.0000  -30.0000   22.500013273.8223   20.8471
    7.5000  -30.0000   22.500012730.7041   20.8741
   -7.5000  -22.5000   22.500013516.6328   20.7919
    0.0000  -22.5000   22.500014121.4756   20.8088
    7.5000  -22.5000   22.500013465.8838   20.8389
   -7.5000  -15.0000   22.500014084.1543   20.7616
    0.0000  -15.0000   22.500014705.7930   20.7744
    7.5000  -15.0000   22.500013996.9141   20.8078
   -7.5000   -7.5000   22.500014404.6895   20.7665
    0.0000   -7.5000   22.500015028.3916   20.7821
    7.5000   -7.5000   22.500014328.2500   20.8162
   -7.5000    0.0000   22.500014503.8613   20.7958
    0.0000    0.0000   22.500015122.8086   20.8145
    7.5000    0.0000   22.500014395.5840   20.8424
   -7.5000    7.5000   22.500013405.5098   20.8242
    0.0000    7.5000   22.500013983.9951   20.8450
    7.5000    7.5000   22.500013282.6553   20.8694
   -7.5000   15.0000   22.500012226.1230   20.8253
    0.0000   15.0000   22.500012757.5342   20.8471
    7.5000   15.0000   22.500012090.7021   20.8741
   -7.5000   22.5000   22.500011010.1465   20.7824
    0.0000   22.5000   22.500011479.9717   20.7993
    7.5000   22.5000   22.500010890.7539   20.8293
   -7.5000   30.0000   22.5000 9813.7188   20.4932
    0.0000   30.0000   22.500010227.9277   20.5058
    7.5000   30.0000   22.5000 9704.4443   20.5388
   -7.5000   37.5000   22.5000 8975.7822   20.6440
    0.0000   37.5000   22.5000 9337.8691   20.6596
    7.5000   37.5000   22.5000 8867.1992   20.6940
   -7.5000   45.0000   22.5000 7850.0923   20.5198
    0.0000   45.0000   22.5000 8158.3730   20.5388
    7.5000   45.0000   22.5000 7772.8940   20.5604
   -7.5000  -45.0000   30.000010767.6670   20.8750
    0.0000  -45.0000   30.000011293.8535   20.9015
    7.5000  -45.0000   30.000010815.2852   20.9284
   -7.5000  -37.5000   30.000011117.2666   20.9081
    0.0000  -37.5000   30.000011637.8965   20.9343
    7.5000  -37.5000   30.000011125.9355   20.9548
   -7.5000  -30.0000   30.000011845.3496   20.9174
    0.0000  -30.0000   30.000012406.1855   20.9440
    7.5000  -30.0000   30.000011822.5938   20.9674
   -7.5000  -22.5000   30.000012518.3584   20.8817
    0.0000  -22.5000   30.000013109.1719   20.9056
    7.5000  -22.5000   30.000012489.0801   20.9348
   -7.5000  -15.0000   30.000013011.5840   20.8409
    0.0000  -15.0000   30.000013594.8311   20.8638
    7.5000  -15.0000   30.000012986.2705   20.8993
   -7.5000   -7.5000   30.000013316.8115   20.8376
    0.0000   -7.5000   30.000013900.3975   20.8636
    7.5000   -7.5000   30.000013298.4092   20.8996
   -7.5000    0.0000   30.000013468.2490   20.8692
    0.0000    0.0000   30.000014059.8574   20.8958
    7.5000    0.0000   30.000013421.9072   20.9226
   -7.5000    7.5000   30.000012465.1523   20.9081
    0.0000    7.5000   30.000013010.8857   20.9343
    7.5000    7.5000   30.000012391.3779   20.9548
   -7.5000   15.0000   30.000011354.7998   20.9174
    0.0000   15.0000   30.000011843.3086   20.9440
    7.5000   15.0000   30.000011257.1221   20.9674
   -7.5000   22.5000   30.000010226.7734   20.8720
    0.0000   22.5000   30.000010670.5312   20.8960
    7.5000   22.5000   30.000010120.2031   20.9251
   -7.5000   30.0000   30.0000 9137.0645   20.5715
    0.0000   30.0000   30.0000 9524.9551   20.5940
    7.5000   30.0000   30.0000 9033.9473   20.6291
   -7.5000   37.5000   30.0000 8339.1436   20.7140
    0.0000   37.5000   30.0000 8674.8662   20.7398
    7.5000   37.5000   30.0000 8242.3848   20.7758
   -7.5000   45.0000   30.0000 7293.6587   20.5979
    0.0000   45.0000   30.0000 7597.5591   20.6247
    7.5000   45.0000   30.0000 7238.1807   20.6451
   -7.5000  -45.0000   37.500010276.6338   21.1007
    0.0000  -45.0000   37.500010797.9648   21.1286
    7.5000  -45.0000   37.500010307.3730   21.1603
   -7.5000  -37.5000   37.500010608.7607   21.1402
    0.0000  -37.5000   37.500011126.3887   21.1675
    7.5000  -37.5000   37.500010623.1699   21.1929
   -7.5000  -30.0000   37.500011289.0684   21.1572
    0.0000  -30.0000   37.500011814.7656   21.1854
    7.5000  -30.0000   37.500011283.6416   21.2125
   -7.5000  -22.5000   37.500011905.2920   21.1243
    0.0000  -22.5000   37.500012442.2500   21.1509
    7.5000  -22.5000   37.500011900.4717   21.1826
   -7.5000  -15.0000   37.500012361.7500   21.0773
    0.0000  -15.0000   37.500012906.8926   21.1034
    7.5000  -15.0000   37.500012367.6807   21.1411
   -7.5000   -7.5000   37.500012682.2490   21.0648
    0.0000   -7.5000   37.500013241.0293   21.0931
    7.5000   -7.5000   37.500012687.2598   21.1325
   -7.5000    0.0000   37.500012894.5361   21.0949
    0.0000    0.0000   37.500013461.4463   21.1229
    7.5000    0.0000   37.500012865.7051   21.1544
   -7.5000    7.5000   37.500011948.4746   21.1402
    0.0000    7.5000   37.500012470.5215   21.1675
    7.5000    7.5000   37.500011873.7529   21.1929
   -7.5000   15.0000   37.500010880.1621   21.1572
    0.0000   15.0000   37.500011344.7920   21.1854
    7.5000   15.0000   37.500010785.3398   21.2125
   -7.5000   22.5000   37.5000 9819.8838   21.1146
    0.0000   22.5000   37.500010239.6162   21.1412
    7.5000   22.5000   37.5000 9728.9375   21.1728
   -7.5000   30.0000   37.5000 8766.9727   20.8048
    0.0000   30.0000   37.5000 9143.7227   20.8306
    7.5000   30.0000   37.5000 8699.4893   20.8678
   -7.5000   37.5000   37.5000 7996.4805   20.9436
    0.0000   37.5000   37.5000 8347.2207   20.9718
    7.5000   37.5000   37.5000 7952.7207   21.0110
   -7.5000   45.0000   37.5000 7004.8486   20.8218
    0.0000   45.0000   37.5000 7319.0854   20.8489
    7.5000   45.0000   37.5000 6976.5962   20.8745
   -7.5000  -45.0000   45.0000 9327.9551   21.4065
    0.0000  -45.0000   45.0000 9773.1523   21.4280
    7.5000  -45.0000   45.0000 9303.2354   21.4661
   -7.5000  -37.5000   45.0000 9637.5498   21.4416
    0.0000  -37.5000   45.000010082.3057   21.4640
    7.5000  -37.5000   45.0000 9607.8047   21.4977
   -7.5000  -30.0000   45.000010247.6660   21.4560
    0.0000  -30.0000   45.000010704.7344   21.4802
    7.5000  -30.0000   45.000010230.8770   21.5138
   -7.5000  -22.5000   45.000010786.8779   21.4257
    0.0000  -22.5000   45.000011268.2637   21.4479
    7.5000  -22.5000   45.000010784.4912   21.4823
   -7.5000  -15.0000   45.000011216.6777   21.3819
    0.0000  -15.0000   45.000011708.9893   21.4022
    7.5000  -15.0000   45.000011220.0400   21.4406
   -7.5000   -7.5000   45.000011526.0215   21.3710
    0.0000   -7.5000   45.000012046.2041   21.3924
    7.5000   -7.5000   45.000011543.4873   21.4344
   -7.5000    0.0000   45.000011729.2549   21.4006
    0.0000    0.0000   45.000012252.8682   21.4221
    7.5000    0.0000   45.000011727.2412   21.4602
   -7.5000    7.5000   45.000010900.6045   21.4416
    0.0000    7.5000   45.000011381.1094   21.4640
    7.5000    7.5000   45.000010868.6904   21.4977
   -7.5000   15.0000   45.0000 9927.1084   21.4560
    0.0000   15.0000   45.000010353.9551   21.4802
    7.5000   15.0000   45.0000 9851.8174   21.5138
   -7.5000   22.5000   45.0000 8987.6104   21.4158
    0.0000   22.5000   45.0000 9371.7266   21.4380
    7.5000   22.5000   45.0000 8901.8936   21.4723
   -7.5000   30.0000   45.0000 8032.1577   21.1036
    0.0000   30.0000   45.0000 8390.1123   21.1237
    7.5000   30.0000   45.0000 7975.8804   21.1616
   -7.5000   37.5000   45.0000 7357.8262   21.2460
    0.0000   37.5000   45.0000 7679.2197   21.2676
    7.5000   37.5000   45.0000 7306.5264   21.3094
   -7.5000   45.0000   45.0000 6461.1704   21.1238
    0.0000   45.0000   45.0000 6728.3711   21.1434
    7.5000   45.0000   45.0000 6423.1509   21.1762

---------------------------------------------------------------------
imgreg_4dfp /opt/freesurfer/average/711-2C_as_mni_average_305 /opt/freesurfer/average/711-2B_as_mni_average_305_mask talsrcimg_g11 none talsrcimg_to_711-2C_as_mni_average_305_t4 4355
---------------------------------------------------------------------

freesurfer imgreg_4dfp.c
/opt/freesurfer/average/711-2C_as_mni_average_305.4dfp.img
       256       256       256         1
  1.000000  1.000000  1.000000
orientation T byte_order littleendian
Reading image: /opt/freesurfer/average/711-2C_as_mni_average_305.4dfp.img
dimensions:      256       256       256
mmppix:       1.0000   -1.0000   -1.0000
center:     128.0000 -129.0000 -129.0000
/opt/freesurfer/average/711-2B_as_mni_average_305_mask.4dfp.img
       256       256       256         1
  1.000000  1.000000  1.000000
orientation T byte_order littleendian
Reading mask: /opt/freesurfer/average/711-2B_as_mni_average_305_mask.4dfp.img (2306576 pixels)
talsrcimg_g11.4dfp.img
       256       256       256         1
  1.000000  1.000000  1.000000
orientation T byte_order littleendian
Reading image: talsrcimg_g11.4dfp.img
dimensions:      256       256       256
mmppix:       1.0000   -1.0000   -1.0000
center:     128.0000 -129.0000 -129.0000
rotation matrix determinant  1.000000
image alignment mode   4355 decimal     1103 hex
   -7.5000  -45.0000  -45.0000 2333.4688   16.4450
    0.0000  -45.0000  -45.0000 2351.6602   16.3356
    7.5000  -45.0000  -45.0000 2343.7971   16.4062
   -7.5000  -37.5000  -45.0000 2356.4087   15.9683
    0.0000  -37.5000  -45.0000 2372.4731   15.8373
    7.5000  -37.5000  -45.0000 2365.0713   15.9091
   -7.5000  -30.0000  -45.0000 2362.5835   15.8857
    0.0000  -30.0000  -45.0000 2383.1389   15.7255
    7.5000  -30.0000  -45.0000 2374.1318   15.7798
   -7.5000  -22.5000  -45.0000 2362.0537   15.9897
    0.0000  -22.5000  -45.0000 2385.9995   15.8107
    7.5000  -22.5000  -45.0000 2372.1465   15.8450
   -7.5000  -15.0000  -45.0000 2344.1184   16.3489
    0.0000  -15.0000  -45.0000 2370.4014   16.1577
    7.5000  -15.0000  -45.0000 2357.9397   16.1762
   -7.5000   -7.5000  -45.0000 2303.5952   17.0293
    0.0000   -7.5000  -45.0000 2330.8484   16.8382
    7.5000   -7.5000  -45.0000 2323.2817   16.8590
   -7.5000    0.0000  -45.0000 2246.1150   17.9986
    0.0000    0.0000  -45.0000 2273.4365   17.8232
    7.5000    0.0000  -45.0000 2265.6206   17.8528
   -7.5000    7.5000  -45.0000 2165.8088   19.3719
    0.0000    7.5000  -45.0000 2192.0308   19.1562
    7.5000    7.5000  -45.0000 2182.3633   19.2179
   -7.5000   15.0000  -45.0000 2069.1936   21.2149
    0.0000   15.0000  -45.0000 2092.0603   20.9669
    7.5000   15.0000  -45.0000 2079.9282   21.0655
   -7.5000   22.5000  -45.0000 1959.7891   23.7312
    0.0000   22.5000  -45.0000 1980.0708   23.4522
    7.5000   22.5000  -45.0000 1968.9399   23.5112
   -7.5000   30.0000  -45.0000 1834.5352   27.1092
    0.0000   30.0000  -45.0000 1855.6492   26.7871
    7.5000   30.0000  -45.0000 1841.7004   26.8508
   -7.5000   37.5000  -45.0000 1706.8701   31.6481
    0.0000   37.5000  -45.0000 1727.2773   31.1676
    7.5000   37.5000  -45.0000 1716.6156   31.3359
   -7.5000   45.0000  -45.0000 1571.8579   37.8075
    0.0000   45.0000  -45.0000 1584.9786   37.1913
    7.5000   45.0000  -45.0000 1576.4530   37.4442
   -7.5000  -45.0000  -37.5000 2418.8521   15.2783
    0.0000  -45.0000  -37.5000 2438.7683   15.1765
    7.5000  -45.0000  -37.5000 2428.2568   15.2528
   -7.5000  -37.5000  -37.5000 2448.1992   14.8574
    0.0000  -37.5000  -37.5000 2468.3425   14.7479
    7.5000  -37.5000  -37.5000 2460.0552   14.8291
   -7.5000  -30.0000  -37.5000 2461.2756   14.7153
    0.0000  -30.0000  -37.5000 2483.9966   14.5987
    7.5000  -30.0000  -37.5000 2473.1187   14.6813
   -7.5000  -22.5000  -37.5000 2457.8315   14.8297
    0.0000  -22.5000  -37.5000 2484.3223   14.6677
    7.5000  -22.5000  -37.5000 2472.5481   14.7423
   -7.5000  -15.0000  -37.5000 2442.9294   15.1823
    0.0000  -15.0000  -37.5000 2470.0156   14.9999
    7.5000  -15.0000  -37.5000 2457.7419   15.0522
   -7.5000   -7.5000  -37.5000 2403.8159   15.8086
    0.0000   -7.5000  -37.5000 2432.5498   15.6185
    7.5000   -7.5000  -37.5000 2423.3667   15.6704
   -7.5000    0.0000  -37.5000 2343.5056   16.6829
    0.0000    0.0000  -37.5000 2373.6279   16.5142
    7.5000    0.0000  -37.5000 2363.1465   16.5626
   -7.5000    7.5000  -37.5000 2259.1489   17.9245
    0.0000    7.5000  -37.5000 2283.5618   17.7492
    7.5000    7.5000  -37.5000 2267.9722   17.8254
   -7.5000   15.0000  -37.5000 2151.5432   19.5803
    0.0000   15.0000  -37.5000 2169.7146   19.3913
    7.5000   15.0000  -37.5000 2158.1318   19.4868
   -7.5000   22.5000  -37.5000 2034.8485   21.8872
    0.0000   22.5000  -37.5000 2047.8463   21.6411
    7.5000   22.5000  -37.5000 2037.7081   21.6945
   -7.5000   30.0000  -37.5000 1905.2646   24.9738
    0.0000   30.0000  -37.5000 1924.1843   24.6989
    7.5000   30.0000  -37.5000 1912.1298   24.7633
   -7.5000   37.5000  -37.5000 1770.6365   29.1270
    0.0000   37.5000  -37.5000 1788.9921   28.7506
    7.5000   37.5000  -37.5000 1774.4259   28.9124
   -7.5000   45.0000  -37.5000 1628.8937   34.6473
    0.0000   45.0000  -37.5000 1645.3352   34.1341
    7.5000   45.0000  -37.5000 1634.3131   34.3843
   -7.5000  -45.0000  -30.0000 2545.8735   14.7756
    0.0000  -45.0000  -30.0000 2566.3784   14.6781
    7.5000  -45.0000  -30.0000 2555.7483   14.7519
   -7.5000  -37.5000  -30.0000 2588.7671   14.3168
    0.0000  -37.5000  -30.0000 2613.1055   14.2017
    7.5000  -37.5000  -30.0000 2600.1025   14.3052
   -7.5000  -30.0000  -30.0000 2612.4612   14.1473
    0.0000  -30.0000  -30.0000 2632.8997   13.9986
    7.5000  -30.0000  -30.0000 2619.9204   14.0991
   -7.5000  -22.5000  -30.0000 2612.3113   14.2927
    0.0000  -22.5000  -30.0000 2635.1594   14.1297
    7.5000  -22.5000  -30.0000 2620.0566   14.2080
   -7.5000  -15.0000  -30.0000 2593.8765   14.6844
    0.0000  -15.0000  -30.0000 2623.6714   14.5132
    7.5000  -15.0000  -30.0000 2607.5325   14.5783
   -7.5000   -7.5000  -30.0000 2550.1365   15.2804
    0.0000   -7.5000  -30.0000 2581.4878   15.1088
    7.5000   -7.5000  -30.0000 2567.0190   15.1623
   -7.5000    0.0000  -30.0000 2486.0227   16.1130
    0.0000    0.0000  -30.0000 2513.1250   15.9621
    7.5000    0.0000  -30.0000 2499.5674   16.0306
   -7.5000    7.5000  -30.0000 2394.2681   17.2675
    0.0000    7.5000  -30.0000 2418.8481   17.1111
    7.5000    7.5000  -30.0000 2401.4832   17.2003
   -7.5000   15.0000  -30.0000 2275.2615   18.8475
    0.0000   15.0000  -30.0000 2295.6223   18.6847
    7.5000   15.0000  -30.0000 2281.6238   18.7562
   -7.5000   22.5000  -30.0000 2143.4526   21.0278
    0.0000   22.5000  -30.0000 2156.5488   20.8186
    7.5000   22.5000  -30.0000 2143.1250   20.8900
   -7.5000   30.0000  -30.0000 2006.6927   23.9467
    0.0000   30.0000  -30.0000 2022.8679   23.7022
    7.5000   30.0000  -30.0000 2007.5743   23.8075
   -7.5000   37.5000  -30.0000 1867.4833   27.9050
    0.0000   37.5000  -30.0000 1883.6655   27.5493
    7.5000   37.5000  -30.0000 1868.7319   27.6871
   -7.5000   45.0000  -30.0000 1714.6514   33.1141
    0.0000   45.0000  -30.0000 1734.3936   32.5990
    7.5000   45.0000  -30.0000 1722.4238   32.8681
   -7.5000  -45.0000  -22.5000 2639.9270   14.2465
    0.0000  -45.0000  -22.5000 2662.1174   14.1252
    7.5000  -45.0000  -22.5000 2651.8840   14.2000
   -7.5000  -37.5000  -22.5000 2699.0632   13.7418
    0.0000  -37.5000  -22.5000 2722.6707   13.5736
    7.5000  -37.5000  -22.5000 2709.7751   13.6616
   -7.5000  -30.0000  -22.5000 2731.7639   13.5143
    0.0000  -30.0000  -22.5000 2753.6067   13.3499
    7.5000  -30.0000  -22.5000 2739.9019   13.4323
   -7.5000  -22.5000  -22.5000 2734.7490   13.6459
    0.0000  -22.5000  -22.5000 2761.9741   13.5037
    7.5000  -22.5000  -22.5000 2747.2417   13.5777
   -7.5000  -15.0000  -22.5000 2720.7415   14.0492
    0.0000  -15.0000  -22.5000 2753.5771   13.9159
    7.5000  -15.0000  -22.5000 2730.8269   13.9830
   -7.5000   -7.5000  -22.5000 2673.9248   14.6433
    0.0000   -7.5000  -22.5000 2707.4697   14.5312
    7.5000   -7.5000  -22.5000 2685.7825   14.5936
   -7.5000    0.0000  -22.5000 2598.5276   15.4480
    0.0000    0.0000  -22.5000 2629.8809   15.3102
    7.5000    0.0000  -22.5000 2611.3604   15.3983
   -7.5000    7.5000  -22.5000 2497.6431   16.5325
    0.0000    7.5000  -22.5000 2525.3242   16.3811
    7.5000    7.5000  -22.5000 2507.8564   16.4883
   -7.5000   15.0000  -22.5000 2370.2092   18.0547
    0.0000   15.0000  -22.5000 2394.3718   17.8940
    7.5000   15.0000  -22.5000 2379.3594   18.0091
   -7.5000   22.5000  -22.5000 2231.3037   20.1547
    0.0000   22.5000  -22.5000 2246.2336   19.9718
    7.5000   22.5000  -22.5000 2229.4292   20.0431
   -7.5000   30.0000  -22.5000 2089.0833   22.9406
    0.0000   30.0000  -22.5000 2101.8242   22.7057
    7.5000   30.0000  -22.5000 2087.1558   22.7465
   -7.5000   37.5000  -22.5000 1942.8248   26.6206
    0.0000   37.5000  -22.5000 1957.2305   26.2536
    7.5000   37.5000  -22.5000 1941.3342   26.3455
   -7.5000   45.0000  -22.5000 1777.5776   31.3892
    0.0000   45.0000  -22.5000 1800.1833   30.9884
    7.5000   45.0000  -22.5000 1787.6184   31.1762
   -7.5000  -45.0000  -15.0000 2703.1650   13.7691
    0.0000  -45.0000  -15.0000 2725.0066   13.6356
    7.5000  -45.0000  -15.0000 2715.7761   13.6968
   -7.5000  -37.5000  -15.0000 2771.9883   13.1767
    0.0000  -37.5000  -15.0000 2802.4363   13.0036
    7.5000  -37.5000  -15.0000 2785.3230   13.0898
   -7.5000  -30.0000  -15.0000 2810.5415   12.8989
    0.0000  -30.0000  -15.0000 2843.3423   12.7239
    7.5000  -30.0000  -15.0000 2826.8696   12.8115
   -7.5000  -22.5000  -15.0000 2826.7791   13.0172
    0.0000  -22.5000  -15.0000 2860.3123   12.8985
    7.5000  -22.5000  -15.0000 2842.3008   12.9748
   -7.5000  -15.0000  -15.0000 2817.7388   13.4160
    0.0000  -15.0000  -15.0000 2851.3176   13.3008
    7.5000  -15.0000  -15.0000 2827.0588   13.3945
   -7.5000   -7.5000  -15.0000 2764.3909   14.0404
    0.0000   -7.5000  -15.0000 2797.5681   13.9099
    7.5000   -7.5000  -15.0000 2774.4141   14.0116
   -7.5000    0.0000  -15.0000 2681.8208   14.8111
    0.0000    0.0000  -15.0000 2710.1250   14.6558
    7.5000    0.0000  -15.0000 2692.7969   14.7874
   -7.5000    7.5000  -15.0000 2569.4314   15.8616
    0.0000    7.5000  -15.0000 2598.4302   15.7043
    7.5000    7.5000  -15.0000 2580.1458   15.8429
   -7.5000   15.0000  -15.0000 2436.4963   17.3454
    0.0000   15.0000  -15.0000 2461.5493   17.1971
    7.5000   15.0000  -15.0000 2443.9785   17.3170
   -7.5000   22.5000  -15.0000 2289.9165   19.3573
    0.0000   22.5000  -15.0000 2305.9329   19.1892
    7.5000   22.5000  -15.0000 2293.8418   19.2865
   -7.5000   30.0000  -15.0000 2142.1375   21.9960
    0.0000   30.0000  -15.0000 2155.5950   21.7658
    7.5000   30.0000  -15.0000 2143.6479   21.8664
   -7.5000   37.5000  -15.0000 1984.6284   25.4095
    0.0000   37.5000  -15.0000 2001.0328   25.0570
    7.5000   37.5000  -15.0000 1984.9736   25.2324
   -7.5000   45.0000  -15.0000 1820.9989   29.8097
    0.0000   45.0000  -15.0000 1840.3749   29.3955
    7.5000   45.0000  -15.0000 1831.1934   29.6290
   -7.5000  -45.0000   -7.5000 2737.1335   13.3515
    0.0000  -45.0000   -7.5000 2763.2661   13.2177
    7.5000  -45.0000   -7.5000 2752.1348   13.3069
   -7.5000  -37.5000   -7.5000 2821.7998   12.7190
    0.0000  -37.5000   -7.5000 2855.9138   12.5667
    7.5000  -37.5000   -7.5000 2836.1658   12.6645
   -7.5000  -30.0000   -7.5000 2871.0808   12.4063
    0.0000  -30.0000   -7.5000 2914.0479   12.1978
    7.5000  -30.0000   -7.5000 2888.4324   12.3610
   -7.5000  -22.5000   -7.5000 2895.4717   12.4914
    0.0000  -22.5000   -7.5000 2935.9473   12.3085
    7.5000  -22.5000   -7.5000 2915.4102   12.4623
   -7.5000  -15.0000   -7.5000 2888.9648   12.8912
    0.0000  -15.0000   -7.5000 2921.6797   12.7285
    7.5000  -15.0000   -7.5000 2897.0391   12.8684
   -7.5000   -7.5000   -7.5000 2832.3154   13.4873
    0.0000   -7.5000   -7.5000 2856.3726   13.3281
    7.5000   -7.5000   -7.5000 2834.9307   13.4779
   -7.5000    0.0000   -7.5000 2735.3337   14.2822
    0.0000    0.0000   -7.5000 2762.2449   14.1205
    7.5000    0.0000   -7.5000 2740.9729   14.2749
   -7.5000    7.5000   -7.5000 2615.1245   15.3080
    0.0000    7.5000   -7.5000 2639.7483   15.1501
    7.5000    7.5000   -7.5000 2621.6165   15.3096
   -7.5000   15.0000   -7.5000 2479.3975   16.7526
    0.0000   15.0000   -7.5000 2501.1907   16.5858
    7.5000   15.0000   -7.5000 2482.8555   16.7523
   -7.5000   22.5000   -7.5000 2327.9275   18.6903
    0.0000   22.5000   -7.5000 2345.9597   18.5125
    7.5000   22.5000   -7.5000 2329.0120   18.6357
   -7.5000   30.0000   -7.5000 2170.7771   21.1798
    0.0000   30.0000   -7.5000 2189.7668   20.9828
    7.5000   30.0000   -7.5000 2173.5154   21.0813
   -7.5000   37.5000   -7.5000 2008.1267   24.3460
    0.0000   37.5000   -7.5000 2027.9514   24.1263
    7.5000   37.5000   -7.5000 2011.5049   24.2687
   -7.5000   45.0000   -7.5000 1842.7728   28.5963
    0.0000   45.0000   -7.5000 1859.8311   28.2443
    7.5000   45.0000   -7.5000 1850.5953   28.4753
   -7.5000  -45.0000    0.0000 2744.8604   13.1280
    0.0000  -45.0000    0.0000 2773.8154   12.9665
    7.5000  -45.0000    0.0000 2760.9744   13.1169
   -7.5000  -37.5000    0.0000 2841.1509   12.4800
    0.0000  -37.5000    0.0000 2875.2700   12.3016
    7.5000  -37.5000    0.0000 2858.6936   12.4481
   -7.5000  -30.0000    0.0000 2902.2236   12.1417
    0.0000  -30.0000    0.0000 2948.1245   11.9075
    7.5000  -30.0000    0.0000 2916.7295   12.1236
   -7.5000  -22.5000    0.0000 2939.4827   12.1415
    0.0000  -22.5000    0.0000 2982.8364   11.8626
    7.5000  -22.5000    0.0000 2951.4485   12.1377
   -7.5000  -15.0000    0.0000 2923.3774   12.5096
    0.0000  -15.0000    0.0000 2955.4763   12.2452
    7.5000  -15.0000    0.0000 2930.3525   12.5210
   -7.5000   -7.5000    0.0000 2858.8401   13.1506
    0.0000   -7.5000    0.0000 2881.6511   12.9424
    7.5000   -7.5000    0.0000 2860.1760   13.1600
   -7.5000    0.0000    0.0000 2756.8762   13.9648
    0.0000    0.0000    0.0000 2780.5964   13.7769
    7.5000    0.0000    0.0000 2757.7666   13.9739
   -7.5000    7.5000    0.0000 2629.8860   15.0183
    0.0000    7.5000    0.0000 2655.5640   14.8337
    7.5000    7.5000    0.0000 2636.9067   14.9962
   -7.5000   15.0000    0.0000 2493.2629   16.4456
    0.0000   15.0000    0.0000 2515.4519   16.2794
    7.5000   15.0000    0.0000 2495.7285   16.4004
   -7.5000   22.5000    0.0000 2342.4048   18.3045
    0.0000   22.5000    0.0000 2361.1445   18.1374
    7.5000   22.5000    0.0000 2343.4443   18.2358
   -7.5000   30.0000    0.0000 2180.0059   20.7495
    0.0000   30.0000    0.0000 2200.7793   20.5714
    7.5000   30.0000    0.0000 2186.1572   20.6442
   -7.5000   37.5000    0.0000 2014.2494   23.8854
    0.0000   37.5000    0.0000 2034.2632   23.6327
    7.5000   37.5000    0.0000 2019.9325   23.7435
   -7.5000   45.0000    0.0000 1849.9009   27.8994
    0.0000   45.0000    0.0000 1865.8448   27.5063
    7.5000   45.0000    0.0000 1852.9712   27.7763
   -7.5000  -45.0000    7.5000 2728.5884   13.1850
    0.0000  -45.0000    7.5000 2758.1807   12.9511
    7.5000  -45.0000    7.5000 2746.6533   13.1919
   -7.5000  -37.5000    7.5000 2830.7363   12.5311
    0.0000  -37.5000    7.5000 2861.7300   12.2693
    7.5000  -37.5000    7.5000 2848.5908   12.5160
   -7.5000  -30.0000    7.5000 2900.6948   12.1360
    0.0000  -30.0000    7.5000 2937.5022   11.8175
    7.5000  -30.0000    7.5000 2917.1865   12.1241
   -7.5000  -22.5000    7.5000 2938.5063   12.1485
    0.0000  -22.5000    7.5000 2975.1609   11.8290
    7.5000  -22.5000    7.5000 2951.5710   12.1380
   -7.5000  -15.0000    7.5000 2927.8933   12.4854
    0.0000  -15.0000    7.5000 2961.9116   12.2425
    7.5000  -15.0000    7.5000 2930.8040   12.4846
   -7.5000   -7.5000    7.5000 2854.9158   13.0927
    0.0000   -7.5000    7.5000 2884.1450   12.8927
    7.5000   -7.5000    7.5000 2855.4102   13.0585
   -7.5000    0.0000    7.5000 2753.0933   13.9183
    0.0000    0.0000    7.5000 2778.0154   13.7376
    7.5000    0.0000    7.5000 2751.9966   13.8705
   -7.5000    7.5000    7.5000 2622.7061   15.0216
    0.0000    7.5000    7.5000 2645.6125   14.8505
    7.5000    7.5000    7.5000 2630.0032   14.9685
   -7.5000   15.0000    7.5000 2487.2830   16.4296
    0.0000   15.0000    7.5000 2506.8777   16.2675
    7.5000   15.0000    7.5000 2493.0066   16.3720
   -7.5000   22.5000    7.5000 2338.1008   18.2537
    0.0000   22.5000    7.5000 2355.5200   18.0847
    7.5000   22.5000    7.5000 2341.1729   18.1576
   -7.5000   30.0000    7.5000 2173.4490   20.5911
    0.0000   30.0000    7.5000 2193.6282   20.4251
    7.5000   30.0000    7.5000 2176.6558   20.4808
   -7.5000   37.5000    7.5000 2007.5887   23.6010
    0.0000   37.5000    7.5000 2024.3889   23.3592
    7.5000   37.5000    7.5000 2010.7490   23.4456
   -7.5000   45.0000    7.5000 1844.4819   27.5597
    0.0000   45.0000    7.5000 1860.4547   27.2257
    7.5000   45.0000    7.5000 1849.0219   27.3987
   -7.5000  -45.0000   15.0000 2688.7729   13.4931
    0.0000  -45.0000   15.0000 2712.1221   13.2039
    7.5000  -45.0000   15.0000 2701.9375   13.5030
   -7.5000  -37.5000   15.0000 2784.0010   12.8227
    0.0000  -37.5000   15.0000 2812.5217   12.5506
    7.5000  -37.5000   15.0000 2800.7812   12.8367
   -7.5000  -30.0000   15.0000 2862.3301   12.4553
    0.0000  -30.0000   15.0000 2893.7021   12.1314
    7.5000  -30.0000   15.0000 2877.4729   12.4426
   -7.5000  -22.5000   15.0000 2902.1230   12.4732
    0.0000  -22.5000   15.0000 2936.4082   12.2401
    7.5000  -22.5000   15.0000 2913.3640   12.4396
   -7.5000  -15.0000   15.0000 2884.9712   12.7588
    0.0000  -15.0000   15.0000 2918.3921   12.5821
    7.5000  -15.0000   15.0000 2892.1501   12.7115
   -7.5000   -7.5000   15.0000 2816.9536   13.3004
    0.0000   -7.5000   15.0000 2842.3938   13.1515
    7.5000   -7.5000   15.0000 2818.9575   13.2529
   -7.5000    0.0000   15.0000 2717.9319   14.0971
    0.0000    0.0000   15.0000 2739.7490   13.9657
    7.5000    0.0000   15.0000 2718.3545   14.0650
   -7.5000    7.5000   15.0000 2594.6868   15.1879
    0.0000    7.5000   15.0000 2617.3147   15.0260
    7.5000    7.5000   15.0000 2599.4644   15.1300
   -7.5000   15.0000   15.0000 2458.6406   16.6104
    0.0000   15.0000   15.0000 2483.3599   16.4293
    7.5000   15.0000   15.0000 2470.7068   16.5415
   -7.5000   22.5000   15.0000 2314.6655   18.4190
    0.0000   22.5000   15.0000 2331.9272   18.2369
    7.5000   22.5000   15.0000 2322.8108   18.3077
   -7.5000   30.0000   15.0000 2151.5764   20.7450
    0.0000   30.0000   15.0000 2172.1321   20.5329
    7.5000   30.0000   15.0000 2159.7966   20.5788
   -7.5000   37.5000   15.0000 1986.4983   23.7472
    0.0000   37.5000   15.0000 2003.2880   23.4600
    7.5000   37.5000   15.0000 1993.7745   23.5587
   -7.5000   45.0000   15.0000 1826.5536   27.6456
    0.0000   45.0000   15.0000 1845.0723   27.2985
    7.5000   45.0000   15.0000 1826.3199   27.4380
   -7.5000  -45.0000   22.5000 2637.5911   14.0941
    0.0000  -45.0000   22.5000 2650.6492   13.8329
    7.5000  -45.0000   22.5000 2643.0850   14.1396
   -7.5000  -37.5000   22.5000 2729.2107   13.4519
    0.0000  -37.5000   22.5000 2752.4946   13.1585
    7.5000  -37.5000   22.5000 2737.5276   13.4629
   -7.5000  -30.0000   22.5000 2804.4771   13.0436
    0.0000  -30.0000   22.5000 2833.8291   12.7838
    7.5000  -30.0000   22.5000 2815.2551   13.0140
   -7.5000  -22.5000   22.5000 2833.5051   13.0233
    0.0000  -22.5000   22.5000 2864.2639   12.8335
    7.5000  -22.5000   22.5000 2845.4626   12.9897
   -7.5000  -15.0000   22.5000 2813.2363   13.2908
    0.0000  -15.0000   22.5000 2839.4819   13.1158
    7.5000  -15.0000   22.5000 2821.7310   13.2465
   -7.5000   -7.5000   22.5000 2748.0571   13.8135
    0.0000   -7.5000   22.5000 2773.1353   13.6301
    7.5000   -7.5000   22.5000 2760.6733   13.7654
   -7.5000    0.0000   22.5000 2658.1108   14.5912
    0.0000    0.0000   22.5000 2680.8035   14.4391
    7.5000    0.0000   22.5000 2665.3782   14.5426
   -7.5000    7.5000   22.5000 2547.8633   15.6385
    0.0000    7.5000   22.5000 2570.1731   15.4812
    7.5000    7.5000   22.5000 2552.7856   15.5760
   -7.5000   15.0000   22.5000 2417.8767   17.0195
    0.0000   15.0000   22.5000 2442.6948   16.8606
    7.5000   15.0000   22.5000 2428.9666   16.9494
   -7.5000   22.5000   22.5000 2276.0549   18.7863
    0.0000   22.5000   22.5000 2292.6868   18.6284
    7.5000   22.5000   22.5000 2285.3618   18.7158
   -7.5000   30.0000   22.5000 2117.6860   21.1255
    0.0000   30.0000   22.5000 2137.1980   20.9051
    7.5000   30.0000   22.5000 2125.3274   20.9710
   -7.5000   37.5000   22.5000 1958.7825   24.1220
    0.0000   37.5000   22.5000 1976.4596   23.7728
    7.5000   37.5000   22.5000 1963.1857   23.9202
   -7.5000   45.0000   22.5000 1801.3273   28.0032
    0.0000   45.0000   22.5000 1812.7664   27.6311
    7.5000   45.0000   22.5000 1805.8866   27.8265
   -7.5000  -45.0000   30.0000 2575.6250   14.9836
    0.0000  -45.0000   30.0000 2592.1626   14.7506
    7.5000  -45.0000   30.0000 2572.4666   15.0532
   -7.5000  -37.5000   30.0000 2663.9624   14.2640
    0.0000  -37.5000   30.0000 2687.4924   14.0087
    7.5000  -37.5000   30.0000 2663.6047   14.2643
   -7.5000  -30.0000   30.0000 2727.2825   13.8834
    0.0000  -30.0000   30.0000 2750.6770   13.6513
    7.5000  -30.0000   30.0000 2729.4360   13.8403
   -7.5000  -22.5000   30.0000 2745.1453   13.8083
    0.0000  -22.5000   30.0000 2767.5034   13.6195
    7.5000  -22.5000   30.0000 2750.8823   13.7768
   -7.5000  -15.0000   30.0000 2717.4480   14.0569
    0.0000  -15.0000   30.0000 2739.1362   13.8759
    7.5000  -15.0000   30.0000 2727.4675   14.0310
   -7.5000   -7.5000   30.0000 2661.9812   14.5755
    0.0000   -7.5000   30.0000 2684.6299   14.3965
    7.5000   -7.5000   30.0000 2676.5620   14.5286
   -7.5000    0.0000   30.0000 2580.4832   15.3227
    0.0000    0.0000   30.0000 2604.2456   15.1694
    7.5000    0.0000   30.0000 2593.1843   15.2717
   -7.5000    7.5000   30.0000 2482.5330   16.3508
    0.0000    7.5000   30.0000 2504.4138   16.1830
    7.5000    7.5000   30.0000 2489.5129   16.2763
   -7.5000   15.0000   30.0000 2360.2747   17.6797
    0.0000   15.0000   30.0000 2377.7812   17.5262
    7.5000   15.0000   30.0000 2367.2314   17.6147
   -7.5000   22.5000   30.0000 2220.6125   19.4499
    0.0000   22.5000   30.0000 2237.9487   19.2764
    7.5000   22.5000   30.0000 2227.0457   19.3463
   -7.5000   30.0000   30.0000 2075.0740   21.7878
    0.0000   30.0000   30.0000 2092.9751   21.5519
    7.5000   30.0000   30.0000 2082.1704   21.6037
   -7.5000   37.5000   30.0000 1922.6613   24.7942
    0.0000   37.5000   30.0000 1934.8871   24.4805
    7.5000   37.5000   30.0000 1929.0376   24.5533
   -7.5000   45.0000   30.0000 1765.5297   28.7547
    0.0000   45.0000   30.0000 1778.2389   28.3846
    7.5000   45.0000   30.0000 1774.5121   28.5336
   -7.5000  -45.0000   37.5000 2505.7395   16.0685
    0.0000  -45.0000   37.5000 2523.2021   15.8729
    7.5000  -45.0000   37.5000 2497.3271   16.1365
   -7.5000  -37.5000   37.5000 2584.7043   15.3235
    0.0000  -37.5000   37.5000 2607.6919   15.1099
    7.5000  -37.5000   37.5000 2581.5884   15.3417
   -7.5000  -30.0000   37.5000 2633.6497   14.9004
    0.0000  -30.0000   37.5000 2653.4541   14.6905
    7.5000  -30.0000   37.5000 2631.9761   14.8657
   -7.5000  -22.5000   37.5000 2647.0571   14.7718
    0.0000  -22.5000   37.5000 2666.8806   14.5716
    7.5000  -22.5000   37.5000 2651.2227   14.7302
   -7.5000  -15.0000   37.5000 2615.6597   15.0082
    0.0000  -15.0000   37.5000 2636.2004   14.8080
    7.5000  -15.0000   37.5000 2626.3567   14.9573
   -7.5000   -7.5000   37.5000 2563.2639   15.5453
    0.0000   -7.5000   37.5000 2583.6509   15.3562
    7.5000   -7.5000   37.5000 2577.6824   15.4875
   -7.5000    0.0000   37.5000 2496.3889   16.3116
    0.0000    0.0000   37.5000 2516.2803   16.1485
    7.5000    0.0000   37.5000 2506.4761   16.2313
   -7.5000    7.5000   37.5000 2406.6528   17.3159
    0.0000    7.5000   37.5000 2425.7866   17.1365
    7.5000    7.5000   37.5000 2411.4990   17.2159
   -7.5000   15.0000   37.5000 2291.5002   18.6193
    0.0000   15.0000   37.5000 2307.8057   18.4517
    7.5000   15.0000   37.5000 2297.1787   18.5157
   -7.5000   22.5000   37.5000 2162.7217   20.3947
    0.0000   22.5000   37.5000 2175.5024   20.2067
    7.5000   22.5000   37.5000 2166.8389   20.2733
   -7.5000   30.0000   37.5000 2022.1971   22.7652
    0.0000   30.0000   37.5000 2033.0162   22.5416
    7.5000   30.0000   37.5000 2026.9167   22.5937
   -7.5000   37.5000   37.5000 1875.9634   25.8272
    0.0000   37.5000   37.5000 1889.0004   25.5321
    7.5000   37.5000   37.5000 1884.1519   25.5889
   -7.5000   45.0000   37.5000 1726.5172   29.8962
    0.0000   45.0000   37.5000 1738.8263   29.5020
    7.5000   45.0000   37.5000 1733.3453   29.6166
   -7.5000  -45.0000   45.0000 2425.7207   17.4666
    0.0000  -45.0000   45.0000 2440.3491   17.2805
    7.5000  -45.0000   45.0000 2408.9321   17.5056
   -7.5000  -37.5000   45.0000 2497.2322   16.6669
    0.0000  -37.5000   45.0000 2512.0679   16.4731
    7.5000  -37.5000   45.0000 2483.8389   16.6623
   -7.5000  -30.0000   45.0000 2534.9497   16.1583
    0.0000  -30.0000   45.0000 2547.8403   15.9623
    7.5000  -30.0000   45.0000 2528.7034   16.1384
   -7.5000  -22.5000   45.0000 2541.1765   15.9777
    0.0000  -22.5000   45.0000 2557.2195   15.7854
    7.5000  -22.5000   45.0000 2542.0408   15.9469
   -7.5000  -15.0000   45.0000 2513.3152   16.1718
    0.0000  -15.0000   45.0000 2529.9426   15.9873
    7.5000  -15.0000   45.0000 2518.2629   16.1486
   -7.5000   -7.5000   45.0000 2462.9612   16.7232
    0.0000   -7.5000   45.0000 2484.2024   16.5577
    7.5000   -7.5000   45.0000 2475.8870   16.6830
   -7.5000    0.0000   45.0000 2398.7917   17.5128
    0.0000    0.0000   45.0000 2418.4167   17.3579
    7.5000    0.0000   45.0000 2409.9858   17.4309
   -7.5000    7.5000   45.0000 2321.1335   18.4674
    0.0000    7.5000   45.0000 2338.0945   18.2977
    7.5000    7.5000   45.0000 2326.9998   18.3751
   -7.5000   15.0000   45.0000 2214.8577   19.8170
    0.0000   15.0000   45.0000 2229.4653   19.6154
    7.5000   15.0000   45.0000 2215.8928   19.6833
   -7.5000   22.5000   45.0000 2096.9863   21.6169
    0.0000   22.5000   45.0000 2108.4651   21.4146
    7.5000   22.5000   45.0000 2098.0249   21.4703
   -7.5000   30.0000   45.0000 1961.1029   24.1193
    0.0000   30.0000   45.0000 1973.2209   23.8834
    7.5000   30.0000   45.0000 1964.7733   23.9249
   -7.5000   37.5000   45.0000 1823.6650   27.2859
    0.0000   37.5000   45.0000 1835.0923   26.9321
    7.5000   37.5000   45.0000 1825.1835   26.9718
   -7.5000   45.0000   45.0000 1677.5326   31.5931
    0.0000   45.0000   45.0000 1689.6226   31.1606
    7.5000   45.0000   45.0000 1683.5353   31.1798

---------------------------------------------------------------------
imgreg_4dfp /opt/freesurfer/average/711-2C_as_mni_average_305 /opt/freesurfer/average/711-2B_as_mni_average_305_mask talsrcimg_g11 none talsrcimg_to_711-2C_as_mni_average_305_t4 1283
---------------------------------------------------------------------

freesurfer imgreg_4dfp.c
/opt/freesurfer/average/711-2C_as_mni_average_305.4dfp.img
       256       256       256         1
  1.000000  1.000000  1.000000
orientation T byte_order littleendian
Reading image: /opt/freesurfer/average/711-2C_as_mni_average_305.4dfp.img
dimensions:      256       256       256
mmppix:       1.0000   -1.0000   -1.0000
center:     128.0000 -129.0000 -129.0000
/opt/freesurfer/average/711-2B_as_mni_average_305_mask.4dfp.img
       256       256       256         1
  1.000000  1.000000  1.000000
orientation T byte_order littleendian
Reading mask: /opt/freesurfer/average/711-2B_as_mni_average_305_mask.4dfp.img (2306576 pixels)
talsrcimg_g11.4dfp.img
       256       256       256         1
  1.000000  1.000000  1.000000
orientation T byte_order littleendian
Reading image: talsrcimg_g11.4dfp.img
dimensions:      256       256       256
mmppix:       1.0000   -1.0000   -1.0000
center:     128.0000 -129.0000 -129.0000
rotation matrix determinant  1.000000
fimgreg.f
image alignment mode   1283 decimal      503 hex
parameters
    0.0000  -22.5000    0.0000    0.0000    0.0000    0.0000
eta,q 0.93626 11.86689
niter,ni,del,rscale     5    3   12.0000    1.2000
parameter  4  0.876198 ->  0.500000 qaram    1.1500
parameter  5 -0.691776 -> -0.500000 qaram    1.1500
parameters
    0.7636  -21.4534    1.7345   -3.4500    3.4500    0.1162
eta,q 0.94177 11.66217
  0.0749  0.0745  0.0721  0.0587  0.0639  0.0628
  0.0696  0.0716  0.0673  0.0591  0.0618  0.0608
  0.0647  0.0672  0.0629  0.0594  0.0602  0.0592
  0.0623  0.0620  0.0608  0.0607  0.0592  0.0583
  0.0629  0.0612  0.0610  0.0643  0.0586  0.0584
  0.0662  0.0652  0.0622  0.0682  0.0582  0.0602
  0.0699  0.0702  0.0637  0.0709  0.0584  0.0629
niter,ni,del,rscale     6    3   12.0000    1.2000
parameter  4  1.303267 ->  0.500000 qaram    1.3225
parameters
    0.0059  -21.4585    2.2984   -7.4175    5.3088    1.3241
eta,q 0.94395 11.60542
  0.0655  0.0683  0.0636  0.0543  0.0620  0.0586
  0.0614  0.0631  0.0598  0.0563  0.0599  0.0578
  0.0587  0.0591  0.0577  0.0578  0.0579  0.0570
  0.0582  0.0581  0.0580  0.0585  0.0568  0.0562
  0.0607  0.0600  0.0593  0.0592  0.0562  0.0561
  0.0649  0.0631  0.0597  0.0622  0.0570  0.0565
  0.0696  0.0680  0.0607  0.0665  0.0585  0.0575
niter,ni,del,rscale     6    3   12.0000    1.2000
parameter  4  1.052317 ->  0.500000 qaram    1.5209
parameters
   -0.4020  -20.7688    2.0442  -11.9801    6.1750    1.2698
eta,q 0.94795 11.53543
  0.0633  0.0644  0.0613  0.0543  0.0586  0.0556
  0.0603  0.0580  0.0573  0.0520  0.0561  0.0538
  0.0577  0.0558  0.0558  0.0537  0.0537  0.0522
  0.0561  0.0561  0.0563  0.0561  0.0523  0.0521
  0.0580  0.0566  0.0573  0.0580  0.0522  0.0525
  0.0614  0.0576  0.0588  0.0590  0.0535  0.0537
  0.0658  0.0599  0.0612  0.0614  0.0567  0.0558
niter,ni,del,rscale     6    3   12.0000    1.2000
parameters
   -1.2187  -19.0539    1.7303  -13.3576    6.4357    0.4905
eta,q 0.94893 11.55042
  0.0591  0.0664  0.0575  0.0579  0.0573  0.0534
  0.0553  0.0594  0.0537  0.0549  0.0546  0.0520
  0.0528  0.0545  0.0527  0.0509  0.0520  0.0513
  0.0520  0.0520  0.0518  0.0519  0.0511  0.0511
  0.0544  0.0519  0.0524  0.0550  0.0517  0.0516
  0.0586  0.0530  0.0551  0.0584  0.0534  0.0529
  0.0641  0.0557  0.0588  0.0612  0.0569  0.0554
niter,ni,del,rscale     5    3   12.0000    1.2000
parameters
   -1.3963  -18.0125    1.9484  -14.1191    5.9533   -0.2421
eta,q 0.94942 11.59335
  0.0593  0.0627  0.0569  0.0591  0.0560  0.0531
  0.0555  0.0563  0.0541  0.0548  0.0534  0.0514
  0.0528  0.0518  0.0527  0.0501  0.0512  0.0506
  0.0511  0.0512  0.0513  0.0512  0.0507  0.0506
  0.0522  0.0515  0.0515  0.0536  0.0518  0.0514
  0.0556  0.0529  0.0534  0.0571  0.0542  0.0525
  0.0610  0.0560  0.0565  0.0611  0.0579  0.0543
niter,ni,del,rscale     4    3   12.0000    1.2000
parameters
   -1.3404  -17.3782    2.1231  -14.6425    5.4584   -0.5510
eta,q 0.94998 11.61819
  0.0597  0.0609  0.0562  0.0595  0.0555  0.0535
  0.0552  0.0550  0.0540  0.0552  0.0531  0.0515
  0.0524  0.0512  0.0520  0.0494  0.0509  0.0502
  0.0506  0.0505  0.0505  0.0505  0.0500  0.0501
  0.0515  0.0510  0.0511  0.0533  0.0511  0.0509
  0.0551  0.0532  0.0530  0.0565  0.0538  0.0523
  0.0595  0.0566  0.0562  0.0608  0.0579  0.0538
niter,ni,del,rscale     3    3   12.0000    1.2000
parameters
   -1.2533  -16.9815    2.0924  -15.0927    5.2564   -0.6678
eta,q 0.95040 11.63200
  0.0598  0.0600  0.0559  0.0595  0.0555  0.0536
  0.0550  0.0546  0.0536  0.0556  0.0532  0.0515
  0.0518  0.0509  0.0512  0.0493  0.0508  0.0499
  0.0500  0.0500  0.0500  0.0500  0.0496  0.0496
  0.0510  0.0508  0.0510  0.0532  0.0503  0.0504
  0.0550  0.0537  0.0530  0.0564  0.0529  0.0521
  0.0593  0.0571  0.0566  0.0608  0.0571  0.0536
niter,ni,del,rscale     2    3   12.0000    1.2000
parameters
   -1.2052  -16.6738    2.0064  -15.4397    5.2014   -0.7023
eta,q 0.95072 11.64270
  0.0597  0.0597  0.0559  0.0596  0.0554  0.0536
  0.0546  0.0546  0.0533  0.0559  0.0531  0.0514
  0.0513  0.0506  0.0507  0.0495  0.0506  0.0497
  0.0496  0.0496  0.0496  0.0496  0.0493  0.0493
  0.0508  0.0507  0.0508  0.0530  0.0498  0.0500
  0.0549  0.0539  0.0529  0.0563  0.0523  0.0518
  0.0592  0.0573  0.0567  0.0606  0.0565  0.0535
niter,ni,del,rscale     1    3   12.0000    1.2000
parameters
   -1.1882  -16.4416    1.9201  -15.6838    5.1974   -0.7376
eta,q 0.95095 11.65061
  0.0596  0.0594  0.0560  0.0598  0.0553  0.0536
  0.0543  0.0546  0.0530  0.0561  0.0529  0.0513
  0.0509  0.0504  0.0503  0.0497  0.0504  0.0496
  0.0493  0.0493  0.0493  0.0493  0.0491  0.0491
  0.0506  0.0506  0.0506  0.0528  0.0495  0.0497
  0.0549  0.0541  0.0527  0.0561  0.0520  0.0516
  0.0591  0.0575  0.0566  0.0605  0.0562  0.0534
registration optimization eta report
parameter search radius
    6.0000    6.0000    6.0000    9.1253    6.9000    6.0000
100000*second partial in parameter space
       27.       25.       19.       12.       14.       12.
  0.0596  0.0594  0.0560  0.0598  0.0553  0.0536
  0.0543  0.0546  0.0530  0.0561  0.0529  0.0513
  0.0509  0.0504  0.0503  0.0497  0.0504  0.0496
  0.0493  0.0493  0.0493  0.0493  0.0491  0.0491
  0.0506  0.0506  0.0506  0.0528  0.0495  0.0497
  0.0549  0.0541  0.0527  0.0561  0.0520  0.0516
  0.0591  0.0575  0.0566  0.0605  0.0562  0.0534
   -1.1882  -16.4416    1.9201  -15.6838    5.1974   -0.7376
eta,q 0.95095 11.65061

---------------------------------------------------------------------
imgreg_4dfp /opt/freesurfer/average/711-2C_as_mni_average_305 /opt/freesurfer/average/711-2B_as_mni_average_305_mask talsrcimg_g11 none talsrcimg_to_711-2C_as_mni_average_305_t4 3335
---------------------------------------------------------------------

freesurfer imgreg_4dfp.c
/opt/freesurfer/average/711-2C_as_mni_average_305.4dfp.img
       256       256       256         1
  1.000000  1.000000  1.000000
orientation T byte_order littleendian
Reading image: /opt/freesurfer/average/711-2C_as_mni_average_305.4dfp.img
dimensions:      256       256       256
mmppix:       1.0000   -1.0000   -1.0000
center:     128.0000 -129.0000 -129.0000
/opt/freesurfer/average/711-2B_as_mni_average_305_mask.4dfp.img
       256       256       256         1
  1.000000  1.000000  1.000000
orientation T byte_order littleendian
Reading mask: /opt/freesurfer/average/711-2B_as_mni_average_305_mask.4dfp.img (2306576 pixels)
talsrcimg_g11.4dfp.img
       256       256       256         1
  1.000000  1.000000  1.000000
orientation T byte_order littleendian
Reading image: talsrcimg_g11.4dfp.img
dimensions:      256       256       256
mmppix:       1.0000   -1.0000   -1.0000
center:     128.0000 -129.0000 -129.0000
fimgreg.f
image alignment mode   3335 decimal      D07 hex
parameters
   -1.1882  -16.4416    1.9201   -0.4194   -3.7627   -4.1190
    3.6880   -8.3727   -1.2820   27.1429    9.0587  -26.9218
eta,q 0.95110 11.74403
niter,ni,del,rscale     5    3    5.0000    1.2000
parameter  4  3.300792 ->  0.500000 qaram    1.1500
parameter  5  2.909487 ->  0.500000 qaram    1.1500
parameter  6  2.194084 ->  0.500000 qaram    1.1500
parameter 10  1.118111 ->  0.500000 qaram    1.1500
parameters
   -1.0353  -15.2620    0.9263   -4.5594   -7.9027   -8.2590
    3.5218   -6.5836    0.5140   23.0029    7.8594  -29.3955
eta,q 0.97102 11.18660
  0.0509  0.0508  0.0489  0.0413  0.0361  0.0295  0.0345  0.0377  0.0351  0.0289  0.0304  0.0298
  0.0499  0.0499  0.0486  0.0433  0.0379  0.0317  0.0334  0.0354  0.0338  0.0291  0.0297  0.0292
  0.0492  0.0492  0.0485  0.0457  0.0405  0.0349  0.0328  0.0336  0.0328  0.0301  0.0293  0.0290
  0.0489  0.0489  0.0487  0.0485  0.0439  0.0385  0.0325  0.0325  0.0322  0.0321  0.0293  0.0292
  0.0490  0.0487  0.0491  0.0517  0.0473  0.0428  0.0328  0.0322  0.0321  0.0349  0.0297  0.0299
  0.0495  0.0487  0.0498  0.0551  0.0508  0.0477  0.0336  0.0328  0.0324  0.0381  0.0304  0.0308
  0.0505  0.0489  0.0506  0.0584  0.0548  0.0529  0.0347  0.0344  0.0332  0.0411  0.0315  0.0319
niter,ni,del,rscale     7    3    5.0000    1.2000
parameter  4  0.715335 ->  0.500000 qaram    1.3225
parameter  5  1.105374 ->  0.500000 qaram    1.3225
parameters
   -1.2223  -15.1463    0.5885   -9.3204  -12.6637  -12.3334
    3.9728   -6.9862    0.6480   23.8033    8.1680  -28.5542
eta,q 0.97726 10.72507
  0.0317  0.0314  0.0306  0.0271  0.0227  0.0237  0.0255  0.0265  0.0253  0.0273  0.0239  0.0243
  0.0300  0.0300  0.0295  0.0266  0.0233  0.0232  0.0242  0.0242  0.0240  0.0254  0.0233  0.0235
  0.0291  0.0292  0.0290  0.0270  0.0246  0.0228  0.0233  0.0231  0.0232  0.0239  0.0229  0.0230
  0.0290  0.0289  0.0290  0.0289  0.0266  0.0236  0.0229  0.0229  0.0229  0.0229  0.0228  0.0228
  0.0295  0.0292  0.0294  0.0321  0.0293  0.0268  0.0231  0.0235  0.0231  0.0229  0.0228  0.0228
  0.0308  0.0298  0.0304  0.0361  0.0330  0.0320  0.0238  0.0250  0.0239  0.0239  0.0232  0.0231
  0.0326  0.0309  0.0318  0.0404  0.0371  0.0382  0.0250  0.0272  0.0251  0.0263  0.0237  0.0237
niter,ni,del,rscale     7    3    5.0000    1.2000
parameters
   -1.0556  -15.2333   -0.5908   -9.6381  -15.7591  -14.3148
    3.8374   -6.9290    0.5273   24.6078    8.9526  -29.4725
eta,q 0.97800 10.54692
  0.0259  0.0250  0.0228  0.0259  0.0238  0.0238  0.0243  0.0256  0.0240  0.0257  0.0228  0.0230
  0.0243  0.0237  0.0224  0.0245  0.0224  0.0228  0.0231  0.0236  0.0230  0.0241  0.0224  0.0224
  0.0232  0.0230  0.0224  0.0233  0.0218  0.0223  0.0224  0.0224  0.0224  0.0230  0.0222  0.0221
  0.0227  0.0227  0.0227  0.0223  0.0224  0.0218  0.0222  0.0222  0.0222  0.0222  0.0220  0.0220
  0.0229  0.0230  0.0234  0.0223  0.0237  0.0224  0.0225  0.0225  0.0224  0.0221  0.0220  0.0223
  0.0237  0.0239  0.0244  0.0241  0.0259  0.0250  0.0232  0.0236  0.0231  0.0230  0.0222  0.0229
  0.0252  0.0253  0.0257  0.0274  0.0295  0.0295  0.0244  0.0254  0.0242  0.0249  0.0226  0.0238
niter,ni,del,rscale     6    3    5.0000    1.2000
parameters
   -1.0437  -15.1428   -0.8845   -8.9191  -16.1879  -14.8251
    3.9549   -6.9448    0.4047   24.9335    8.8808  -29.8347
eta,q 0.97814 10.54551
  0.0245  0.0246  0.0229  0.0254  0.0253  0.0245  0.0242  0.0254  0.0238  0.0251  0.0225  0.0231
  0.0231  0.0232  0.0223  0.0241  0.0235  0.0232  0.0230  0.0234  0.0228  0.0236  0.0222  0.0224
  0.0223  0.0223  0.0220  0.0229  0.0222  0.0224  0.0222  0.0222  0.0221  0.0226  0.0220  0.0220
  0.0220  0.0220  0.0220  0.0220  0.0218  0.0218  0.0219  0.0219  0.0219  0.0219  0.0219  0.0219
  0.0223  0.0222  0.0222  0.0215  0.0225  0.0215  0.0222  0.0223  0.0222  0.0219  0.0219  0.0220
  0.0231  0.0230  0.0227  0.0225  0.0237  0.0229  0.0229  0.0234  0.0229  0.0230  0.0222  0.0226
  0.0245  0.0242  0.0235  0.0253  0.0262  0.0264  0.0241  0.0254  0.0239  0.0250  0.0226  0.0233
niter,ni,del,rscale     5    3    5.0000    1.2000
parameters
   -1.0534  -15.0545   -1.0460   -8.8984  -16.3284  -14.9812
    4.0284   -6.9489    0.3635   25.1403    8.9413  -30.0013
eta,q 0.97814 10.53910
  0.0244  0.0244  0.0229  0.0251  0.0255  0.0246  0.0242  0.0254  0.0238  0.0249  0.0225  0.0231
  0.0230  0.0230  0.0223  0.0238  0.0237  0.0234  0.0230  0.0233  0.0228  0.0235  0.0222  0.0224
  0.0221  0.0222  0.0219  0.0227  0.0224  0.0225  0.0222  0.0222  0.0221  0.0225  0.0220  0.0220
  0.0219  0.0219  0.0219  0.0218  0.0218  0.0218  0.0219  0.0219  0.0219  0.0219  0.0219  0.0219
  0.0222  0.0221  0.0221  0.0216  0.0224  0.0215  0.0221  0.0223  0.0221  0.0220  0.0219  0.0220
  0.0230  0.0228  0.0225  0.0230  0.0236  0.0226  0.0229  0.0234  0.0228  0.0230  0.0221  0.0225
  0.0244  0.0240  0.0232  0.0259  0.0259  0.0258  0.0241  0.0253  0.0238  0.0250  0.0226  0.0233
niter,ni,del,rscale     4    3    5.0000    1.2000
parameters
   -1.0500  -15.0109   -1.1100   -8.8841  -16.4110  -15.0478
    4.0583   -6.9485    0.3390   25.2397    8.9615  -30.0632
eta,q 0.97814 10.53573
  0.0244  0.0242  0.0230  0.0251  0.0255  0.0246  0.0241  0.0254  0.0238  0.0248  0.0225  0.0231
  0.0230  0.0229  0.0223  0.0238  0.0238  0.0234  0.0229  0.0233  0.0227  0.0235  0.0222  0.0225
  0.0221  0.0221  0.0220  0.0227  0.0224  0.0225  0.0221  0.0222  0.0221  0.0225  0.0220  0.0220
  0.0219  0.0219  0.0219  0.0219  0.0219  0.0219  0.0219  0.0219  0.0219  0.0219  0.0219  0.0219
  0.0221  0.0221  0.0220  0.0216  0.0224  0.0215  0.0221  0.0223  0.0221  0.0220  0.0219  0.0220
  0.0230  0.0229  0.0224  0.0230  0.0236  0.0225  0.0229  0.0234  0.0228  0.0230  0.0221  0.0225
  0.0244  0.0240  0.0231  0.0259  0.0258  0.0257  0.0241  0.0253  0.0238  0.0251  0.0226  0.0232
niter,ni,del,rscale     3    3    5.0000    1.2000
parameters
   -1.0495  -14.9880   -1.1435   -8.8834  -16.4538  -15.0883
    4.0734   -6.9499    0.3275   25.2940    8.9927  -30.0927
eta,q 0.97814 10.53360
  0.0244  0.0242  0.0230  0.0250  0.0255  0.0246  0.0241  0.0254  0.0238  0.0248  0.0225  0.0231
  0.0230  0.0229  0.0223  0.0238  0.0238  0.0234  0.0229  0.0233  0.0227  0.0234  0.0222  0.0225
  0.0221  0.0221  0.0220  0.0227  0.0224  0.0225  0.0221  0.0221  0.0221  0.0225  0.0220  0.0220
  0.0219  0.0219  0.0219  0.0219  0.0219  0.0219  0.0219  0.0219  0.0219  0.0219  0.0219  0.0219
  0.0221  0.0221  0.0220  0.0216  0.0224  0.0215  0.0221  0.0223  0.0221  0.0220  0.0219  0.0220
  0.0230  0.0229  0.0224  0.0230  0.0235  0.0225  0.0229  0.0234  0.0228  0.0230  0.0221  0.0225
  0.0244  0.0240  0.0231  0.0259  0.0257  0.0257  0.0241  0.0253  0.0238  0.0251  0.0226  0.0232
niter,ni,del,rscale     2    3    5.0000    1.2000
parameters
   -1.0489  -14.9765   -1.1562   -8.8806  -16.4735  -15.1075
    4.0843   -6.9489    0.3073   25.3142    8.9986  -30.0970
eta,q 0.97813 10.53250
  0.0244  0.0241  0.0230  0.0250  0.0255  0.0246  0.0241  0.0254  0.0238  0.0247  0.0225  0.0231
  0.0230  0.0229  0.0224  0.0238  0.0238  0.0234  0.0229  0.0233  0.0227  0.0234  0.0222  0.0225
  0.0221  0.0221  0.0220  0.0227  0.0224  0.0225  0.0221  0.0221  0.0221  0.0225  0.0220  0.0220
  0.0219  0.0219  0.0219  0.0219  0.0219  0.0219  0.0219  0.0219  0.0219  0.0219  0.0219  0.0219
  0.0221  0.0221  0.0220  0.0216  0.0224  0.0215  0.0221  0.0223  0.0221  0.0220  0.0219  0.0220
  0.0230  0.0229  0.0224  0.0230  0.0235  0.0225  0.0229  0.0234  0.0228  0.0230  0.0221  0.0225
  0.0244  0.0240  0.0230  0.0259  0.0257  0.0256  0.0241  0.0253  0.0238  0.0251  0.0226  0.0232
registration optimization eta report
parameter search radius
    2.4000    2.4000    2.4000    9.5220    9.5220    8.2800
    7.2000    7.2000    7.2000    8.2800    7.2000    7.2000
100000*second partial in parameter space
       44.       39.       20.        4.        4.        5.
        4.        7.        4.        4.        1.        2.
  0.0244  0.0241  0.0230  0.0250  0.0255  0.0246  0.0241  0.0254  0.0238  0.0247  0.0225  0.0231
  0.0230  0.0229  0.0224  0.0238  0.0238  0.0234  0.0229  0.0233  0.0227  0.0234  0.0222  0.0225
  0.0221  0.0221  0.0220  0.0227  0.0224  0.0225  0.0221  0.0221  0.0221  0.0225  0.0220  0.0220
  0.0219  0.0219  0.0219  0.0219  0.0219  0.0219  0.0219  0.0219  0.0219  0.0219  0.0219  0.0219
  0.0221  0.0221  0.0220  0.0216  0.0224  0.0215  0.0221  0.0223  0.0221  0.0220  0.0219  0.0220
  0.0230  0.0229  0.0224  0.0230  0.0235  0.0225  0.0229  0.0234  0.0228  0.0230  0.0221  0.0225
  0.0244  0.0240  0.0230  0.0259  0.0257  0.0256  0.0241  0.0253  0.0238  0.0251  0.0226  0.0232
   -1.0489  -14.9765   -1.1562   -8.8806  -16.4735  -15.1075
    4.0843   -6.9489    0.3073   25.3142    8.9986  -30.0970
eta,q 0.97813 10.53250

---------------------------------------------------------------------
imgreg_4dfp /opt/freesurfer/average/711-2C_as_mni_average_305 /opt/freesurfer/average/711-2B_as_mni_average_305_mask talsrcimg_g11 none talsrcimg_to_711-2C_as_mni_average_305_t4 2311
---------------------------------------------------------------------

freesurfer imgreg_4dfp.c
/opt/freesurfer/average/711-2C_as_mni_average_305.4dfp.img
       256       256       256         1
  1.000000  1.000000  1.000000
orientation T byte_order littleendian
Reading image: /opt/freesurfer/average/711-2C_as_mni_average_305.4dfp.img
dimensions:      256       256       256
mmppix:       1.0000   -1.0000   -1.0000
center:     128.0000 -129.0000 -129.0000
/opt/freesurfer/average/711-2B_as_mni_average_305_mask.4dfp.img
       256       256       256         1
  1.000000  1.000000  1.000000
orientation T byte_order littleendian
Reading mask: /opt/freesurfer/average/711-2B_as_mni_average_305_mask.4dfp.img (2306576 pixels)
talsrcimg_g11.4dfp.img
       256       256       256         1
  1.000000  1.000000  1.000000
orientation T byte_order littleendian
Reading image: talsrcimg_g11.4dfp.img
dimensions:      256       256       256
mmppix:       1.0000   -1.0000   -1.0000
center:     128.0000 -129.0000 -129.0000
fimgreg.f
image alignment mode   2311 decimal      907 hex
parameters
   -1.0489  -14.9765   -1.1562   -8.8806  -16.4735  -15.1075
    4.0843   -6.9489    0.3073   25.3142    8.9986  -30.0970
eta,q 0.97813 10.53249
niter,ni,del,rscale     5    3    5.0000    0.8000
parameters
   -1.0526  -15.0021   -1.1860   -6.8392  -16.7226  -13.5792
    4.1434   -6.8753    0.2848   25.4214    8.9678  -30.9838
eta,q 0.97877 10.66824
  0.0230  0.0229  0.0224  0.0232  0.0226  0.0230  0.0225  0.0236  0.0223  0.0227  0.0218  0.0216
  0.0224  0.0223  0.0221  0.0227  0.0220  0.0224  0.0218  0.0224  0.0217  0.0221  0.0215  0.0214
  0.0220  0.0220  0.0219  0.0223  0.0217  0.0219  0.0214  0.0215  0.0214  0.0216  0.0213  0.0212
  0.0219  0.0219  0.0219  0.0219  0.0216  0.0216  0.0213  0.0213  0.0213  0.0213  0.0213  0.0212
  0.0220  0.0220  0.0219  0.0216  0.0218  0.0213  0.0214  0.0215  0.0214  0.0213  0.0213  0.0214
  0.0224  0.0223  0.0221  0.0216  0.0222  0.0213  0.0218  0.0223  0.0217  0.0218  0.0215  0.0217
  0.0230  0.0229  0.0224  0.0221  0.0228  0.0220  0.0224  0.0235  0.0223  0.0228  0.0218  0.0221
niter,ni,del,rscale     4    3    5.0000    0.7000
parameters
   -1.0990  -14.9408   -0.9003   -7.1968  -16.8121  -13.1655
    4.1767   -6.9614    0.3593   25.6796    8.8295  -31.0112
eta,q 0.97887 10.67382
  0.0223  0.0222  0.0220  0.0222  0.0222  0.0224  0.0221  0.0229  0.0220  0.0225  0.0216  0.0216
  0.0217  0.0217  0.0216  0.0217  0.0217  0.0220  0.0216  0.0219  0.0215  0.0219  0.0213  0.0213
  0.0213  0.0213  0.0214  0.0214  0.0213  0.0216  0.0213  0.0213  0.0213  0.0214  0.0212  0.0212
  0.0212  0.0212  0.0212  0.0212  0.0212  0.0212  0.0212  0.0212  0.0212  0.0212  0.0211  0.0211
  0.0214  0.0213  0.0212  0.0213  0.0214  0.0211  0.0213  0.0214  0.0212  0.0212  0.0212  0.0212
  0.0218  0.0216  0.0213  0.0219  0.0217  0.0214  0.0215  0.0220  0.0215  0.0216  0.0214  0.0213
  0.0224  0.0220  0.0216  0.0228  0.0222  0.0223  0.0220  0.0230  0.0219  0.0223  0.0216  0.0216
niter,ni,del,rscale     3    3    5.0000    0.6000
parameters
   -1.1045  -14.9324   -0.7889   -7.2010  -16.9669  -12.9017
    4.1830   -6.9723    0.3976   25.7236    8.7750  -31.0781
eta,q 0.97891 10.67935
  0.0219  0.0218  0.0216  0.0220  0.0218  0.0221  0.0218  0.0225  0.0217  0.0220  0.0214  0.0214
  0.0215  0.0214  0.0214  0.0216  0.0214  0.0218  0.0214  0.0217  0.0214  0.0216  0.0212  0.0212
  0.0212  0.0212  0.0212  0.0213  0.0212  0.0214  0.0212  0.0212  0.0212  0.0213  0.0211  0.0211
  0.0211  0.0211  0.0211  0.0211  0.0211  0.0211  0.0211  0.0211  0.0211  0.0211  0.0211  0.0211
  0.0212  0.0212  0.0212  0.0212  0.0212  0.0211  0.0212  0.0213  0.0212  0.0212  0.0211  0.0211
  0.0215  0.0214  0.0213  0.0215  0.0215  0.0214  0.0214  0.0217  0.0213  0.0215  0.0212  0.0213
  0.0220  0.0218  0.0215  0.0221  0.0219  0.0221  0.0218  0.0225  0.0217  0.0221  0.0214  0.0214
niter,ni,del,rscale     2    3    5.0000    0.5000
parameters
   -1.1108  -14.9296   -0.7222   -7.1200  -17.0410  -12.6593
    4.1727   -6.9874    0.4221   25.7082    8.7130  -31.1806
eta,q 0.97895 10.68873
  0.0217  0.0216  0.0214  0.0218  0.0216  0.0219  0.0215  0.0221  0.0215  0.0217  0.0213  0.0213
  0.0213  0.0213  0.0213  0.0215  0.0213  0.0216  0.0213  0.0215  0.0212  0.0214  0.0212  0.0212
  0.0212  0.0211  0.0211  0.0212  0.0211  0.0213  0.0211  0.0212  0.0211  0.0212  0.0211  0.0211
  0.0211  0.0211  0.0211  0.0211  0.0211  0.0211  0.0211  0.0211  0.0211  0.0211  0.0211  0.0211
  0.0212  0.0211  0.0211  0.0211  0.0212  0.0211  0.0211  0.0212  0.0211  0.0211  0.0211  0.0211
  0.0214  0.0213  0.0212  0.0213  0.0214  0.0213  0.0213  0.0215  0.0212  0.0214  0.0212  0.0212
  0.0217  0.0215  0.0214  0.0218  0.0217  0.0218  0.0215  0.0221  0.0215  0.0218  0.0213  0.0213
niter,ni,del,rscale     1    3    5.0000    0.4000
parameters
   -1.1181  -14.9327   -0.6693   -7.0648  -17.0755  -12.4464
    4.1796   -6.9933    0.4486   25.6872    8.6732  -31.2939
eta,q 0.97897 10.69765
  0.0214  0.0214  0.0213  0.0215  0.0214  0.0216  0.0213  0.0217  0.0213  0.0215  0.0212  0.0212
  0.0212  0.0212  0.0212  0.0213  0.0212  0.0214  0.0212  0.0213  0.0212  0.0213  0.0211  0.0211
  0.0211  0.0211  0.0211  0.0211  0.0211  0.0212  0.0211  0.0211  0.0211  0.0211  0.0211  0.0211
  0.0211  0.0210  0.0210  0.0211  0.0210  0.0211  0.0210  0.0210  0.0210  0.0210  0.0210  0.0210
  0.0211  0.0211  0.0211  0.0211  0.0211  0.0210  0.0211  0.0211  0.0211  0.0211  0.0211  0.0211
  0.0212  0.0212  0.0211  0.0212  0.0212  0.0212  0.0212  0.0213  0.0212  0.0212  0.0211  0.0211
  0.0214  0.0214  0.0212  0.0215  0.0214  0.0215  0.0213  0.0217  0.0213  0.0215  0.0212  0.0212
registration optimization eta report
parameter search radius
    0.8000    0.8000    0.8000    2.4000    2.4000    2.4000
    2.4000    2.4000    2.4000    2.4000    2.4000    2.4000
100000*second partial in parameter space
       60.       48.       33.        8.        6.        9.
        5.       12.        5.        8.        3.        3.
  0.0214  0.0214  0.0213  0.0215  0.0214  0.0216  0.0213  0.0217  0.0213  0.0215  0.0212  0.0212
  0.0212  0.0212  0.0212  0.0213  0.0212  0.0214  0.0212  0.0213  0.0212  0.0213  0.0211  0.0211
  0.0211  0.0211  0.0211  0.0211  0.0211  0.0212  0.0211  0.0211  0.0211  0.0211  0.0211  0.0211
  0.0211  0.0210  0.0210  0.0211  0.0210  0.0211  0.0210  0.0210  0.0210  0.0210  0.0210  0.0210
  0.0211  0.0211  0.0211  0.0211  0.0211  0.0210  0.0211  0.0211  0.0211  0.0211  0.0211  0.0211
  0.0212  0.0212  0.0211  0.0212  0.0212  0.0212  0.0212  0.0213  0.0212  0.0212  0.0211  0.0211
  0.0214  0.0214  0.0212  0.0215  0.0214  0.0215  0.0213  0.0217  0.0213  0.0215  0.0212  0.0212
   -1.1181  -14.9327   -0.6693   -7.0648  -17.0755  -12.4464
    4.1796   -6.9933    0.4486   25.6872    8.6732  -31.2939
eta,q 0.97897 10.69765

---------------------------------------------------------------------
imgreg_4dfp /opt/freesurfer/average/711-2C_as_mni_average_305 /opt/freesurfer/average/711-2B_as_mni_average_305_mask talsrcimg_g11 none talsrcimg_to_711-2C_as_mni_average_305_t4 2311
---------------------------------------------------------------------

freesurfer imgreg_4dfp.c
/opt/freesurfer/average/711-2C_as_mni_average_305.4dfp.img
       256       256       256         1
  1.000000  1.000000  1.000000
orientation T byte_order littleendian
Reading image: /opt/freesurfer/average/711-2C_as_mni_average_305.4dfp.img
dimensions:      256       256       256
mmppix:       1.0000   -1.0000   -1.0000
center:     128.0000 -129.0000 -129.0000
/opt/freesurfer/average/711-2B_as_mni_average_305_mask.4dfp.img
       256       256       256         1
  1.000000  1.000000  1.000000
orientation T byte_order littleendian
Reading mask: /opt/freesurfer/average/711-2B_as_mni_average_305_mask.4dfp.img (2306576 pixels)
talsrcimg_g11.4dfp.img
       256       256       256         1
  1.000000  1.000000  1.000000
orientation T byte_order littleendian
Reading image: talsrcimg_g11.4dfp.img
dimensions:      256       256       256
mmppix:       1.0000   -1.0000   -1.0000
center:     128.0000 -129.0000 -129.0000
fimgreg.f
image alignment mode   2311 decimal      907 hex
parameters
   -1.1181  -14.9327   -0.6693   -7.0648  -17.0755  -12.4464
    4.1796   -6.9933    0.4486   25.6872    8.6732  -31.2939
eta,q 0.97897 10.69765
niter,ni,del,rscale     5    3    5.0000    0.8000
parameters
   -1.1279  -14.9172   -0.6167   -7.5203  -16.9745  -13.0293
    4.1856   -6.9874    0.4885   25.7360    8.7030  -30.7895
eta,q 0.97886 10.66119
  0.0225  0.0223  0.0219  0.0223  0.0224  0.0224  0.0223  0.0234  0.0222  0.0227  0.0217  0.0219
  0.0217  0.0216  0.0215  0.0217  0.0217  0.0219  0.0217  0.0222  0.0216  0.0220  0.0214  0.0215
  0.0212  0.0212  0.0211  0.0213  0.0212  0.0214  0.0213  0.0214  0.0213  0.0214  0.0212  0.0213
  0.0210  0.0210  0.0210  0.0210  0.0211  0.0211  0.0211  0.0212  0.0212  0.0212  0.0211  0.0211
  0.0212  0.0212  0.0211  0.0212  0.0212  0.0212  0.0213  0.0214  0.0213  0.0212  0.0212  0.0212
  0.0217  0.0216  0.0214  0.0220  0.0217  0.0221  0.0217  0.0222  0.0216  0.0218  0.0214  0.0213
  0.0226  0.0222  0.0218  0.0232  0.0223  0.0238  0.0223  0.0234  0.0222  0.0228  0.0217  0.0216
niter,ni,del,rscale     4    3    5.0000    0.7000
parameters
   -1.1037  -14.9562   -0.7182   -7.3563  -16.9545  -13.0805
    4.1590   -6.9667    0.4506   25.7095    8.7841  -30.8601
eta,q 0.97888 10.66607
  0.0223  0.0220  0.0216  0.0223  0.0222  0.0223  0.0220  0.0230  0.0219  0.0223  0.0216  0.0216
  0.0217  0.0215  0.0213  0.0218  0.0216  0.0219  0.0215  0.0219  0.0215  0.0218  0.0213  0.0213
  0.0213  0.0212  0.0212  0.0214  0.0212  0.0214  0.0212  0.0213  0.0212  0.0213  0.0212  0.0212
  0.0211  0.0211  0.0211  0.0211  0.0211  0.0211  0.0211  0.0211  0.0211  0.0211  0.0211  0.0211
  0.0212  0.0213  0.0212  0.0211  0.0212  0.0211  0.0212  0.0214  0.0212  0.0212  0.0212  0.0212
  0.0216  0.0216  0.0215  0.0215  0.0216  0.0216  0.0215  0.0220  0.0215  0.0217  0.0213  0.0213
  0.0222  0.0221  0.0218  0.0223  0.0221  0.0227  0.0220  0.0229  0.0219  0.0225  0.0215  0.0216
niter,ni,del,rscale     3    3    5.0000    0.6000
parameters
   -1.1021  -14.9476   -0.7447   -7.2149  -16.9814  -12.8992
    4.1552   -6.9804    0.4310   25.7045    8.7831  -31.0135
eta,q 0.97891 10.67773
  0.0219  0.0218  0.0215  0.0220  0.0219  0.0221  0.0218  0.0225  0.0217  0.0220  0.0214  0.0214
  0.0215  0.0214  0.0213  0.0216  0.0215  0.0217  0.0214  0.0217  0.0214  0.0216  0.0212  0.0212
  0.0212  0.0212  0.0212  0.0213  0.0212  0.0214  0.0212  0.0212  0.0212  0.0212  0.0211  0.0211
  0.0211  0.0211  0.0211  0.0211  0.0211  0.0211  0.0211  0.0211  0.0211  0.0211  0.0211  0.0211
  0.0212  0.0212  0.0212  0.0211  0.0212  0.0211  0.0212  0.0213  0.0212  0.0212  0.0211  0.0211
  0.0215  0.0214  0.0213  0.0214  0.0215  0.0214  0.0214  0.0217  0.0214  0.0215  0.0212  0.0213
  0.0219  0.0218  0.0216  0.0220  0.0219  0.0221  0.0218  0.0225  0.0217  0.0221  0.0214  0.0215
niter,ni,del,rscale     2    3    5.0000    0.5000
parameters
   -1.1081  -14.9399   -0.7121   -7.1204  -17.0316  -12.6627
    4.1649   -6.9902    0.4261   25.6866    8.7178  -31.1646
eta,q 0.97895 10.68857
  0.0217  0.0216  0.0214  0.0218  0.0216  0.0219  0.0215  0.0221  0.0215  0.0217  0.0213  0.0213
  0.0213  0.0213  0.0212  0.0215  0.0213  0.0216  0.0213  0.0215  0.0212  0.0214  0.0212  0.0211
  0.0212  0.0211  0.0211  0.0212  0.0211  0.0213  0.0211  0.0212  0.0211  0.0212  0.0211  0.0211
  0.0211  0.0211  0.0211  0.0211  0.0211  0.0211  0.0211  0.0211  0.0211  0.0211  0.0211  0.0210
  0.0212  0.0211  0.0211  0.0211  0.0211  0.0211  0.0211  0.0212  0.0211  0.0211  0.0211  0.0211
  0.0214  0.0213  0.0212  0.0213  0.0213  0.0213  0.0213  0.0215  0.0212  0.0214  0.0212  0.0212
  0.0217  0.0215  0.0214  0.0217  0.0216  0.0218  0.0215  0.0221  0.0215  0.0218  0.0213  0.0213
niter,ni,del,rscale     1    3    5.0000    0.4000
parameters
   -1.1192  -14.9381   -0.6649   -7.0620  -17.0717  -12.4448
    4.1731   -6.9923    0.4432   25.6815    8.6782  -31.2657
eta,q 0.97897 10.69756
  0.0214  0.0214  0.0213  0.0215  0.0214  0.0216  0.0213  0.0217  0.0213  0.0215  0.0212  0.0212
  0.0212  0.0212  0.0212  0.0213  0.0212  0.0214  0.0212  0.0213  0.0212  0.0213  0.0211  0.0211
  0.0211  0.0211  0.0211  0.0211  0.0211  0.0212  0.0211  0.0211  0.0211  0.0211  0.0211  0.0210
  0.0211  0.0211  0.0211  0.0211  0.0211  0.0211  0.0210  0.0210  0.0210  0.0210  0.0210  0.0210
  0.0211  0.0211  0.0211  0.0211  0.0211  0.0210  0.0211  0.0211  0.0211  0.0211  0.0211  0.0211
  0.0212  0.0212  0.0211  0.0212  0.0212  0.0212  0.0212  0.0213  0.0212  0.0212  0.0211  0.0211
  0.0215  0.0214  0.0212  0.0215  0.0214  0.0215  0.0213  0.0217  0.0213  0.0215  0.0212  0.0212
registration optimization eta report
parameter search radius
    0.8000    0.8000    0.8000    2.4000    2.4000    2.4000
    2.4000    2.4000    2.4000    2.4000    2.4000    2.4000
100000*second partial in parameter space
       60.       48.       32.        8.        6.        9.
        5.       12.        5.        8.        3.        3.
  0.0214  0.0214  0.0213  0.0215  0.0214  0.0216  0.0213  0.0217  0.0213  0.0215  0.0212  0.0212
  0.0212  0.0212  0.0212  0.0213  0.0212  0.0214  0.0212  0.0213  0.0212  0.0213  0.0211  0.0211
  0.0211  0.0211  0.0211  0.0211  0.0211  0.0212  0.0211  0.0211  0.0211  0.0211  0.0211  0.0210
  0.0211  0.0211  0.0211  0.0211  0.0211  0.0211  0.0210  0.0210  0.0210  0.0210  0.0210  0.0210
  0.0211  0.0211  0.0211  0.0211  0.0211  0.0210  0.0211  0.0211  0.0211  0.0211  0.0211  0.0211
  0.0212  0.0212  0.0211  0.0212  0.0212  0.0212  0.0212  0.0213  0.0212  0.0212  0.0211  0.0211
  0.0215  0.0214  0.0212  0.0215  0.0214  0.0215  0.0213  0.0217  0.0213  0.0215  0.0212  0.0212
   -1.1192  -14.9381   -0.6649   -7.0620  -17.0717  -12.4448
    4.1731   -6.9923    0.4432   25.6815    8.6782  -31.2657
eta,q 0.97897 10.69756

---------------------------------------------------------------------
compute_vox2vox talsrcimg talsrcimg_to_711-2C_as_mni_average_305_t4 /opt/freesurfer/average/711-2C_as_mni_average_305
---------------------------------------------------------------------

freesurfer compute_vox2vox.c
Reading: talsrcimg.4dfp.ifh
Reading: talsrcimg_to_711-2C_as_mni_average_305_t4
Reading: /opt/freesurfer/average/711-2C_as_mni_average_305.4dfp.ifh
Writing: talsrcimg_to_711-2C_as_mni_average_305_t4_vox2vox.txt

start time Thu Mar 12 10:12:32 CET 2026
end		time Thu Mar 12 10:14:00 CET 2026

mpr2mni305 success

avi2talxfm orig_nu.mgz /opt/freesurfer/average/mni305.cor.mgz talsrcimg_to_711-2C_as_mni_average_305_t4_vox2vox.txt transforms/talairach.auto.xfm
avi2talxfm done
mv -f /out/sourcedata/freesurfer/sub-v1s11x0050150_ses-1/mri/talsrcimg_to_711-2C_as_mni_average_305_t4_vox2vox.txt /out/sourcedata/freesurfer/sub-v1s11x0050150_ses-1/mri/transforms/talsrcimg_to_711-2C_as_mni_average_305_t4_vox2vox.txt
lta_convert --src orig_nu.mgz --trg /opt/freesurfer/average/mni305.cor.mgz --inxfm transforms/talairach.auto.xfm --outlta transforms/talairach.auto.xfm.lta --subject fsaverage
7.3.2

--src: orig_nu.mgz src image (geometry).
--trg: /opt/freesurfer/average/mni305.cor.mgz trg image (geometry).
--inmni: transforms/talairach.auto.xfm input MNI/XFM transform.
--outlta: transforms/talairach.auto.xfm.lta output LTA.
--s: fsaverage subject name
 LTA read, type : 1
 1.06758   0.09096  -0.01943  -3.80102;
-0.09711   1.02013   0.38950  -18.38480;
 0.02437  -0.31640   1.08534  -0.37883;
 0.00000   0.00000   0.00000   1.00000;
setting subject to fsaverage
Writing  LTA to file transforms/talairach.auto.xfm.lta...
lta_convert successful.
 
 
Started at Thu Mar 12 10:12:32 CET 2026
Ended   at Thu Mar 12 10:14:00 CET 2026
talairach_avi done
