status file for recon-all
Thu Mar 12 11:25:58 CET 2026
#@# Tessellate lh Thu Mar 12 11:25:58 CET 2026
#@# Smooth1 lh Thu Mar 12 11:26:00 CET 2026
#@# Inflation1 lh Thu Mar 12 11:26:02 CET 2026
#@# QSphere lh Thu Mar 12 11:26:15 CET 2026
#@# Fix Topology lh Thu Mar 12 11:27:15 CET 2026
#@# Smooth2 lh Thu Mar 12 11:31:31 CET 2026
#@# Inflation2 lh Thu Mar 12 11:31:33 CET 2026
#@# Curv .H and .K lh Thu Mar 12 11:31:48 CET 2026
#@# Sphere lh Thu Mar 12 11:32:26 CET 2026
#@# Surf Reg lh Thu Mar 12 11:35:47 CET 2026
#@# Jacobian white lh Thu Mar 12 11:39:07 CET 2026
#@# AvgCurv lh Thu Mar 12 11:39:08 CET 2026
#@# Cortical Parc lh Thu Mar 12 11:39:09 CET 2026
#@# white curv lh Thu Mar 12 11:45:08 CET 2026
#@# white area lh Thu Mar 12 11:45:09 CET 2026
#@# pial curv lh Thu Mar 12 11:45:10 CET 2026
#@# pial area lh Thu Mar 12 11:45:12 CET 2026
#@# thickness lh Thu Mar 12 11:45:12 CET 2026
#@# area and vertex vol lh Thu Mar 12 11:45:33 CET 2026
#@# Curvature Stats lh Thu Mar 12 11:45:34 CET 2026
#@# Cortical Parc 2 lh Thu Mar 12 11:45:36 CET 2026
#@# Cortical Parc 3 lh Thu Mar 12 11:45:46 CET 2026
#@# WM/GM Contrast lh Thu Mar 12 11:45:53 CET 2026
recon-all -s sub-v1s11x0050147_ses-1 finished without error at Thu Mar 12 11:45:55 CET 2026



#New# invocation of recon-all 



status file for recon-all
Thu Mar 12 12:09:36 CET 2026
#@# white curv lh Thu Mar 12 12:09:36 CET 2026
#@# white area lh Thu Mar 12 12:09:36 CET 2026
#@# pial curv lh Thu Mar 12 12:09:36 CET 2026
#@# pial area lh Thu Mar 12 12:09:36 CET 2026
#@# thickness lh Thu Mar 12 12:09:36 CET 2026
#@# area and vertex vol lh Thu Mar 12 12:09:36 CET 2026
#@# Parcellation Stats lh Thu Mar 12 12:09:36 CET 2026
#@# Parcellation Stats 2 lh Thu Mar 12 12:09:52 CET 2026
#@# Parcellation Stats 3 lh Thu Mar 12 12:10:00 CET 2026
#@# BA_exvivo Labels lh Thu Mar 12 12:10:08 CET 2026
recon-all -s sub-v1s11x0050147_ses-1 finished without error at Thu Mar 12 12:12:14 CET 2026
