status file for recon-all
Thu Mar 12 11:45:58 CET 2026
#@# Tessellate rh Thu Mar 12 11:45:58 CET 2026
#@# Smooth1 rh Thu Mar 12 11:46:00 CET 2026
#@# Inflation1 rh Thu Mar 12 11:46:02 CET 2026
#@# QSphere rh Thu Mar 12 11:46:14 CET 2026
#@# Fix Topology rh Thu Mar 12 11:47:16 CET 2026
#@# Smooth2 rh Thu Mar 12 11:51:44 CET 2026
#@# Inflation2 rh Thu Mar 12 11:51:46 CET 2026
#@# Curv .H and .K rh Thu Mar 12 11:52:00 CET 2026
#@# Sphere rh Thu Mar 12 11:52:38 CET 2026
#@# Surf Reg rh Thu Mar 12 11:54:24 CET 2026
#@# Jacobian white rh Thu Mar 12 11:57:25 CET 2026
#@# AvgCurv rh Thu Mar 12 11:57:26 CET 2026
#@# Cortical Parc rh Thu Mar 12 11:57:27 CET 2026
#@# white curv rh Thu Mar 12 12:03:44 CET 2026
#@# white area rh Thu Mar 12 12:03:46 CET 2026
#@# pial curv rh Thu Mar 12 12:03:46 CET 2026
#@# pial area rh Thu Mar 12 12:03:48 CET 2026
#@# thickness rh Thu Mar 12 12:03:48 CET 2026
#@# area and vertex vol rh Thu Mar 12 12:04:08 CET 2026
#@# Curvature Stats rh Thu Mar 12 12:04:10 CET 2026
#@# Cortical Parc 2 rh Thu Mar 12 12:04:12 CET 2026
#@# Cortical Parc 3 rh Thu Mar 12 12:04:22 CET 2026
#@# WM/GM Contrast rh Thu Mar 12 12:04:30 CET 2026
recon-all -s sub-v1s11x0050147_ses-1 finished without error at Thu Mar 12 12:04:33 CET 2026



#New# invocation of recon-all 



status file for recon-all
Thu Mar 12 12:12:16 CET 2026
#@# white curv rh Thu Mar 12 12:12:16 CET 2026
#@# white area rh Thu Mar 12 12:12:16 CET 2026
#@# pial curv rh Thu Mar 12 12:12:16 CET 2026
#@# pial area rh Thu Mar 12 12:12:16 CET 2026
#@# thickness rh Thu Mar 12 12:12:16 CET 2026
#@# area and vertex vol rh Thu Mar 12 12:12:16 CET 2026
#@# Parcellation Stats rh Thu Mar 12 12:12:16 CET 2026
#@# Parcellation Stats 2 rh Thu Mar 12 12:12:33 CET 2026
#@# Parcellation Stats 3 rh Thu Mar 12 12:12:41 CET 2026
#@# BA_exvivo Labels rh Thu Mar 12 12:12:50 CET 2026
recon-all -s sub-v1s11x0050147_ses-1 finished without error at Thu Mar 12 12:14:57 CET 2026
