status file for recon-all
Thu Mar 12 10:01:17 CET 2026
#@# MotionCor Thu Mar 12 10:01:18 CET 2026
#@# Talairach Thu Mar 12 10:01:24 CET 2026
#@# Talairach Failure Detection Thu Mar 12 10:04:13 CET 2026
#@# Nu Intensity Correction Thu Mar 12 10:04:13 CET 2026
#@# Intensity Normalization Thu Mar 12 10:06:58 CET 2026
recon-all -s sub-v1s11x0050147_ses-1 finished without error at Thu Mar 12 10:07:53 CET 2026



#New# invocation of recon-all 



status file for recon-all
Thu Mar 12 10:13:37 CET 2026
#@# EM Registration Thu Mar 12 10:13:37 CET 2026
recon-all -s sub-v1s11x0050147_ses-1 finished without error at Thu Mar 12 10:15:24 CET 2026



#New# invocation of recon-all 



status file for recon-all
Thu Mar 12 10:15:26 CET 2026
#@# CA Normalize Thu Mar 12 10:15:26 CET 2026
#@# CA Reg Thu Mar 12 10:16:18 CET 2026
#@# SubCort Seg Thu Mar 12 11:02:13 CET 2026
#@# CC Seg Thu Mar 12 11:21:51 CET 2026
#@# Merge ASeg Thu Mar 12 11:22:15 CET 2026
#@# Intensity Normalization2 Thu Mar 12 11:22:15 CET 2026
#@# Mask BFS Thu Mar 12 11:23:44 CET 2026
#@# WM Segmentation Thu Mar 12 11:23:45 CET 2026
#@# Fill Thu Mar 12 11:25:15 CET 2026
recon-all -s sub-v1s11x0050147_ses-1 finished without error at Thu Mar 12 11:25:53 CET 2026



#New# invocation of recon-all 



status file for recon-all
Thu Mar 12 12:04:36 CET 2026
#@# white curv lh Thu Mar 12 12:04:36 CET 2026
#@# white area lh Thu Mar 12 12:04:36 CET 2026
#@# pial curv lh Thu Mar 12 12:04:36 CET 2026
#@# pial area lh Thu Mar 12 12:04:36 CET 2026
#@# thickness lh Thu Mar 12 12:04:36 CET 2026
#@# area and vertex vol lh Thu Mar 12 12:04:36 CET 2026
#@# white curv rh Thu Mar 12 12:04:36 CET 2026
#@# white area rh Thu Mar 12 12:04:36 CET 2026
#@# pial curv rh Thu Mar 12 12:04:36 CET 2026
#@# pial area rh Thu Mar 12 12:04:36 CET 2026
#@# thickness rh Thu Mar 12 12:04:36 CET 2026
#@# area and vertex vol rh Thu Mar 12 12:04:36 CET 2026
#@# Cortical ribbon mask Thu Mar 12 12:04:36 CET 2026
recon-all -s sub-v1s11x0050147_ses-1 finished without error at Thu Mar 12 12:09:32 CET 2026



#New# invocation of recon-all 



status file for recon-all
Thu Mar 12 12:15:02 CET 2026
#@# white curv lh Thu Mar 12 12:15:02 CET 2026
#@# white area lh Thu Mar 12 12:15:02 CET 2026
#@# pial curv lh Thu Mar 12 12:15:02 CET 2026
#@# pial area lh Thu Mar 12 12:15:02 CET 2026
#@# thickness lh Thu Mar 12 12:15:02 CET 2026
#@# area and vertex vol lh Thu Mar 12 12:15:02 CET 2026
#@# white curv rh Thu Mar 12 12:15:02 CET 2026
#@# white area rh Thu Mar 12 12:15:02 CET 2026
#@# pial curv rh Thu Mar 12 12:15:02 CET 2026
#@# pial area rh Thu Mar 12 12:15:02 CET 2026
#@# thickness rh Thu Mar 12 12:15:02 CET 2026
#@# area and vertex vol rh Thu Mar 12 12:15:02 CET 2026
#@# Curvature Stats lh Thu Mar 12 12:15:02 CET 2026
#@# Curvature Stats rh Thu Mar 12 12:15:04 CET 2026
#@# Relabel Hypointensities Thu Mar 12 12:15:06 CET 2026
#@# APas-to-ASeg Thu Mar 12 12:15:17 CET 2026
#@# AParc-to-ASeg aparc Thu Mar 12 12:15:24 CET 2026
#@# AParc-to-ASeg aparc.a2009s Thu Mar 12 12:15:59 CET 2026
#@# AParc-to-ASeg aparc.DKTatlas Thu Mar 12 12:16:32 CET 2026
#@# WMParc Thu Mar 12 12:17:01 CET 2026
#@# ASeg Stats Thu Mar 12 12:18:43 CET 2026
recon-all -s sub-v1s11x0050147_ses-1 finished without error at Thu Mar 12 12:19:01 CET 2026
