/out/sourcedata/freesurfer/sub-v1s11x0050142_ses-1/mri
/opt/freesurfer/bin/talairach_avi
--i orig_nu.mgz --xfm transforms/talairach.auto.xfm
talairach_avi 7.3.2
Linux dna003 5.14.0-427.37.1.el9_4.x86_64 #1 SMP PREEMPT_DYNAMIC Fri Sep 13 12:41:50 EDT 2024 x86_64 x86_64 x86_64 GNU/Linux
Thu Mar 12 09:58:06 CET 2026
mri_convert orig_nu.mgz talsrcimg.img 
reading from orig_nu.mgz...
TR=0.00, TE=0.00, TI=0.00, flip angle=0.00
i_ras = (-1, -1.21872e-10, -1.86265e-09)
j_ras = (1.86265e-09, 5.82077e-11, -1)
k_ras = (1.20053e-10, 1, 0)
writing to talsrcimg.img...
Analyze Output Matrix
-1.00000   0.00000   0.00000   131.68874;
-0.00000   0.00000   1.00000  -128.32617;
-0.00000  -1.00000   0.00000   154.13806;
 0.00000   0.00000   0.00000   1.00000;
--------------------
INFO: set hdr.hist.orient to -1
mpr2mni305 talsrcimg
Thu Mar 12 09:58:07 CET 2026
/opt/freesurfer/bin/mpr2mni305 talsrcimg
mpr2mni305 7.3.2
target=711-2C_as_mni_average_305

---------------------------------------------------------------------
analyzeto4dfp talsrcimg -O0 -y
---------------------------------------------------------------------

freesurfer ifh2hdr.c
Thu Mar 12 09:58:07 2026
Writing: talsrcimg.4dfp.hdr
freesurfer analyzeto4dfp.c
Reading: talsrcimg.hdr
header size 348 bytes
hdr.dime.datatype	offset=70	value=2
hdr.dime.bitpix		offset=72	value=8
hdr.hist.orient		offset=252	value=-1
dimensionality     4
dimensions       256       256       256         1
Reading: talsrcimg.img
Writing: talsrcimg.4dfp.img
Writing: talsrcimg.4dfp.ifh
ifh2hdr talsrcimg -r0to225
ori=2

---------------------------------------------------------------------
gauss_4dfp talsrcimg 1.1
---------------------------------------------------------------------

freesurfer gauss_4dfp.c
Reading: talsrcimg.4dfp.img
Writing: talsrcimg_g11.4dfp.img
image dimensions 256 256 256 padded to 288 288 288
processing volume 1freesurfer ifh2hdr.c
Thu Mar 12 09:58:08 2026
Writing: talsrcimg_g11.4dfp.hdr

Writing: talsrcimg_g11.4dfp.ifh
including: talsrcimg.4dfp.img.rec in talsrcimg_g11.4dfp.img.rec

---------------------------------------------------------------------
imgreg_4dfp /opt/freesurfer/average/711-2C_as_mni_average_305 none talsrcimg_g11 none talsrcimg_to_711-2C_as_mni_average_305_t4 4355
---------------------------------------------------------------------

freesurfer imgreg_4dfp.c
/opt/freesurfer/average/711-2C_as_mni_average_305.4dfp.img
       256       256       256         1
  1.000000  1.000000  1.000000
orientation T byte_order littleendian
Reading image: /opt/freesurfer/average/711-2C_as_mni_average_305.4dfp.img
dimensions:      256       256       256
mmppix:       1.0000   -1.0000   -1.0000
center:     128.0000 -129.0000 -129.0000
talsrcimg_g11.4dfp.img
       256       256       256         1
  1.000000  1.000000  1.000000
orientation T byte_order littleendian
Reading image: talsrcimg_g11.4dfp.img
dimensions:      256       256       256
mmppix:       1.0000   -1.0000   -1.0000
center:     128.0000 -129.0000 -129.0000
t4_read: open error in t4_sub.f l:  41 t4_file(1:l)talsrcimg_to_711-2C_as_mni_average_305_t4 
t4_read: transform initialized to I4
rotation matrix determinant  1.000000
image alignment mode   4355 decimal     1103 hex
   -7.5000  -45.0000  -45.0000 8905.3477   12.9039
    0.0000  -45.0000  -45.0000 9315.0479   12.9049
    7.5000  -45.0000  -45.0000 8875.6670   12.8981
   -7.5000  -37.5000  -45.0000 9262.8096   12.8865
    0.0000  -37.5000  -45.0000 9704.6182   12.8944
    7.5000  -37.5000  -45.0000 9253.8369   12.8893
   -7.5000  -30.0000  -45.0000 9929.3418   12.8833
    0.0000  -30.0000  -45.000010397.9648   12.8952
    7.5000  -30.0000  -45.0000 9923.6328   12.8886
   -7.5000  -22.5000  -45.000010572.1016   12.8900
    0.0000  -22.5000  -45.000011074.6572   12.8993
    7.5000  -22.5000  -45.000010542.1719   12.8899
   -7.5000  -15.0000  -45.000011161.7246   12.8989
    0.0000  -15.0000  -45.000011677.6191   12.9021
    7.5000  -15.0000  -45.000011116.7354   12.8914
   -7.5000   -7.5000  -45.000011641.0518   12.9021
    0.0000   -7.5000  -45.000012158.0518   12.9011
    7.5000   -7.5000  -45.000011607.6436   12.8915
   -7.5000    0.0000  -45.000012061.7979   12.8965
    0.0000    0.0000  -45.000012613.8438   12.8975
    7.5000    0.0000  -45.000012038.4014   12.8907
   -7.5000    7.5000  -45.000011456.9932   12.8865
    0.0000    7.5000  -45.000011964.2656   12.8944
    7.5000    7.5000  -45.000011414.3516   12.8893
   -7.5000   15.0000  -45.000010556.1152   12.8833
    0.0000   15.0000  -45.000011025.0244   12.8952
    7.5000   15.0000  -45.000010514.7031   12.8886
   -7.5000   22.5000  -45.0000 9638.0391   12.8883
    0.0000   22.5000  -45.000010055.5439   12.8975
    7.5000   22.5000  -45.0000 9586.0439   12.8882
   -7.5000   30.0000  -45.0000 8774.7119   12.7270
    0.0000   30.0000  -45.0000 9143.4736   12.7302
    7.5000   30.0000  -45.0000 8714.2744   12.7196
   -7.5000   37.5000  -45.0000 8282.7783   12.7317
    0.0000   37.5000  -45.0000 8627.7539   12.7307
    7.5000   37.5000  -45.0000 8212.8301   12.7212
   -7.5000   45.0000  -45.0000 7456.9614   12.4468
    0.0000   45.0000  -45.0000 7771.7520   12.4474
    7.5000   45.0000  -45.0000 7380.7402   12.4406
   -7.5000  -45.0000  -37.5000 9534.4873   12.8204
    0.0000  -45.0000  -37.5000 9981.7686   12.8237
    7.5000  -45.0000  -37.5000 9491.0361   12.8199
   -7.5000  -37.5000  -37.5000 9893.2490   12.7995
    0.0000  -37.5000  -37.500010368.5146   12.8082
    7.5000  -37.5000  -37.5000 9851.9551   12.8056
   -7.5000  -30.0000  -37.500010590.8350   12.7957
    0.0000  -30.0000  -37.500011067.0977   12.8078
    7.5000  -30.0000  -37.500010542.7432   12.8036
   -7.5000  -22.5000  -37.500011251.9414   12.8069
    0.0000  -22.5000  -37.500011789.7998   12.8169
    7.5000  -22.5000  -37.500011190.6494   12.8103
   -7.5000  -15.0000  -37.500011865.4736   12.8209
    0.0000  -15.0000  -37.500012416.0566   12.8260
    7.5000  -15.0000  -37.500011789.7432   12.8182
   -7.5000   -7.5000  -37.500012335.1572   12.8235
    0.0000   -7.5000  -37.500012911.1094   12.8250
    7.5000   -7.5000  -37.500012263.1846   12.8184
   -7.5000    0.0000  -37.500012766.0459   12.8132
    0.0000    0.0000  -37.500013385.3496   12.8163
    7.5000    0.0000  -37.500012690.2812   12.8125
   -7.5000    7.5000  -37.500012141.9775   12.7995
    0.0000    7.5000  -37.500012715.4854   12.8082
    7.5000    7.5000  -37.500012079.1543   12.8056
   -7.5000   15.0000  -37.500011172.6152   12.7957
    0.0000   15.0000  -37.500011690.3887   12.8078
    7.5000   15.0000  -37.500011100.2793   12.8036
   -7.5000   22.5000  -37.500010165.4814   12.8051
    0.0000   22.5000  -37.500010609.7412   12.8151
    7.5000   22.5000  -37.500010072.4131   12.8085
   -7.5000   30.0000  -37.5000 9215.1084   12.6501
    0.0000   30.0000  -37.5000 9619.6299   12.6551
    7.5000   30.0000  -37.5000 9139.3887   12.6474
   -7.5000   37.5000  -37.5000 8682.2822   12.6539
    0.0000   37.5000  -37.5000 9062.4248   12.6554
    7.5000   37.5000  -37.5000 8617.5020   12.6490
   -7.5000   45.0000  -37.5000 7802.4185   12.3654
    0.0000   45.0000  -37.5000 8115.1528   12.3682
    7.5000   45.0000  -37.5000 7705.9746   12.3643
   -7.5000  -45.0000  -30.000010323.6074   13.3469
    0.0000  -45.0000  -30.000010785.0098   13.3543
    7.5000  -45.0000  -30.000010244.2295   13.3536
   -7.5000  -37.5000  -30.000010700.7910   13.3234
    0.0000  -37.5000  -30.000011200.3389   13.3350
    7.5000  -37.5000  -30.000010631.0117   13.3348
   -7.5000  -30.0000  -30.000011459.2354   13.3170
    0.0000  -30.0000  -30.000011987.6455   13.3303
    7.5000  -30.0000  -30.000011383.9893   13.3286
   -7.5000  -22.5000  -30.000012158.7959   13.3281
    0.0000  -22.5000  -30.000012752.3711   13.3391
    7.5000  -22.5000  -30.000012082.9111   13.3352
   -7.5000  -15.0000  -30.000012792.5137   13.3447
    0.0000  -15.0000  -30.000013394.0078   13.3512
    7.5000  -15.0000  -30.000012700.4043   13.3465
   -7.5000   -7.5000  -30.000013303.3750   13.3496
    0.0000   -7.5000  -30.000013925.3096   13.3542
    7.5000   -7.5000  -30.000013200.7412   13.3509
   -7.5000    0.0000  -30.000013732.2520   13.3394
    0.0000    0.0000  -30.000014375.1719   13.3467
    7.5000    0.0000  -30.000013604.0273   13.3459
   -7.5000    7.5000  -30.000013063.3691   13.3234
    0.0000    7.5000  -30.000013655.1338   13.3350
    7.5000    7.5000  -30.000012943.3691   13.3348
   -7.5000   15.0000  -30.000011982.6416   13.3170
    0.0000   15.0000  -30.000012544.5723   13.3303
    7.5000   15.0000  -30.000011895.5303   13.3286
   -7.5000   22.5000  -30.000010870.3301   13.3249
    0.0000   22.5000  -30.000011366.2568   13.3358
    7.5000   22.5000  -30.000010775.4131   13.3320
   -7.5000   30.0000  -30.0000 9849.9727   13.1681
    0.0000   30.0000  -30.000010278.2705   13.1745
    7.5000   30.0000  -30.0000 9749.4336   13.1699
   -7.5000   37.5000  -30.0000 9253.5889   13.1744
    0.0000   37.5000  -30.0000 9671.4092   13.1789
    7.5000   37.5000  -30.0000 9179.3193   13.1756
   -7.5000   45.0000  -30.0000 8281.4326   12.8829
    0.0000   45.0000  -30.0000 8620.6328   12.8898
    7.5000   45.0000  -30.0000 8192.9082   12.8888
   -7.5000  -45.0000  -22.500011054.3545   13.8169
    0.0000  -45.0000  -22.500011525.1836   13.8258
    7.5000  -45.0000  -22.500010963.0059   13.8251
   -7.5000  -37.5000  -22.500011461.8633   13.7955
    0.0000  -37.5000  -22.500011992.1729   13.8086
    7.5000  -37.5000  -22.500011397.6338   13.8078
   -7.5000  -30.0000  -22.500012269.6016   13.7865
    0.0000  -30.0000  -22.500012827.8164   13.8003
    7.5000  -30.0000  -22.500012195.1426   13.7979
   -7.5000  -22.5000  -22.500013036.6855   13.7917
    0.0000  -22.5000  -22.500013651.1055   13.8018
    7.5000  -22.5000  -22.500012940.4697   13.7978
   -7.5000  -15.0000  -22.500013691.9971   13.8047
    0.0000  -15.0000  -22.500014355.9609   13.8099
    7.5000  -15.0000  -22.500013588.3828   13.8053
   -7.5000   -7.5000  -22.500014215.3701   13.8132
    0.0000   -7.5000  -22.500014913.8955   13.8177
    7.5000   -7.5000  -22.500014097.9756   13.8146
   -7.5000    0.0000  -22.500014605.4014   13.8092
    0.0000    0.0000  -22.500015288.9678   13.8179
    7.5000    0.0000  -22.500014462.6865   13.8172
   -7.5000    7.5000  -22.500013880.0771   13.7955
    0.0000    7.5000  -22.500014509.5889   13.8086
    7.5000    7.5000  -22.500013747.1377   13.8078
   -7.5000   15.0000  -22.500012744.5322   13.7865
    0.0000   15.0000  -22.500013323.6914   13.8003
    7.5000   15.0000  -22.500012618.6865   13.7979
   -7.5000   22.5000  -22.500011564.3740   13.7874
    0.0000   22.5000  -22.500012090.1777   13.7975
    7.5000   22.5000  -22.500011447.0830   13.7936
   -7.5000   30.0000  -22.500010434.0537   13.6241
    0.0000   30.0000  -22.500010890.4482   13.6292
    7.5000   30.0000  -22.500010364.2451   13.6247
   -7.5000   37.5000  -22.5000 9808.1318   13.6342
    0.0000   37.5000  -22.500010242.4873   13.6385
    7.5000   37.5000  -22.5000 9727.8828   13.6355
   -7.5000   45.0000  -22.5000 8757.8740   13.3478
    0.0000   45.0000  -22.5000 9134.9795   13.3562
    7.5000   45.0000  -22.5000 8672.2168   13.3551
   -7.5000  -45.0000  -15.000011789.7324   14.1519
    0.0000  -45.0000  -15.000012327.5449   14.1583
    7.5000  -45.0000  -15.000011724.9404   14.1542
   -7.5000  -37.5000  -15.000012218.9033   14.1341
    0.0000  -37.5000  -15.000012790.4814   14.1461
    7.5000  -37.5000  -15.000012163.8477   14.1423
   -7.5000  -30.0000  -15.000013045.4971   14.1246
    0.0000  -30.0000  -15.000013655.4287   14.1377
    7.5000  -30.0000  -15.000012981.3643   14.1325
   -7.5000  -22.5000  -15.000013847.6504   14.1243
    0.0000  -22.5000  -15.000014500.2266   14.1328
    7.5000  -22.5000  -15.000013751.0605   14.1260
   -7.5000  -15.0000  -15.000014556.2334   14.1320
    0.0000  -15.0000  -15.000015276.2041   14.1344
    7.5000  -15.0000  -15.000014440.0596   14.1269
   -7.5000   -7.5000  -15.000015119.3750   14.1420
    0.0000   -7.5000  -15.000015875.9277   14.1434
    7.5000   -7.5000  -15.000014992.3301   14.1373
   -7.5000    0.0000  -15.000015469.7119   14.1440
    0.0000    0.0000  -15.000016191.3623   14.1503
    7.5000    0.0000  -15.000015304.9541   14.1462
   -7.5000    7.5000  -15.000014658.2080   14.1341
    0.0000    7.5000  -15.000015315.4102   14.1461
    7.5000    7.5000  -15.000014492.3311   14.1423
   -7.5000   15.0000  -15.000013443.2441   14.1246
    0.0000   15.0000  -15.000014041.9912   14.1377
    7.5000   15.0000  -15.000013322.6973   14.1325
   -7.5000   22.5000  -15.000012180.6797   14.1193
    0.0000   22.5000  -15.000012731.0244   14.1278
    7.5000   22.5000  -15.000012086.3223   14.1210
   -7.5000   30.0000  -15.000011010.9150   13.9491
    0.0000   30.0000  -15.000011495.6377   13.9515
    7.5000   30.0000  -15.000010937.9414   13.9441
   -7.5000   37.5000  -15.000010324.9141   13.9608
    0.0000   37.5000  -15.000010767.4932   13.9622
    7.5000   37.5000  -15.000010244.0254   13.9561
   -7.5000   45.0000  -15.0000 9225.4775   13.6806
    0.0000   45.0000  -15.0000 9629.5186   13.6865
    7.5000   45.0000  -15.0000 9143.3662   13.6821
   -7.5000  -45.0000   -7.500012532.5527   14.3076
    0.0000  -45.0000   -7.500013117.7588   14.3099
    7.5000  -45.0000   -7.500012490.3662   14.3023
   -7.5000  -37.5000   -7.500012998.4004   14.2906
    0.0000  -37.5000   -7.500013615.3818   14.3001
    7.5000  -37.5000   -7.500012963.1543   14.2938
   -7.5000  -30.0000   -7.500013838.4980   14.2842
    0.0000  -30.0000   -7.500014513.9814   14.2967
    7.5000  -30.0000   -7.500013810.0137   14.2890
   -7.5000  -22.5000   -7.500014659.4238   14.2859
    0.0000  -22.5000   -7.500015350.2998   14.2942
    7.5000  -22.5000   -7.500014603.0762   14.2839
   -7.5000  -15.0000   -7.500015404.8594   14.2925
    0.0000  -15.0000   -7.500016152.6260   14.2938
    7.5000  -15.0000   -7.500015320.2344   14.2823
   -7.5000   -7.5000   -7.500016012.7012   14.2997
    0.0000   -7.5000   -7.500016808.6543   14.2980
    7.5000   -7.5000   -7.500015899.8809   14.2877
   -7.5000    0.0000   -7.500016337.8125   14.2996
    0.0000    0.0000   -7.500017114.5684   14.3017
    7.5000    0.0000   -7.500016195.2334   14.2942
   -7.5000    7.5000   -7.500015437.9844   14.2906
    0.0000    7.5000   -7.500016133.1826   14.3001
    7.5000    7.5000   -7.500015295.5801   14.2937
   -7.5000   15.0000   -7.500014158.8545   14.2842
    0.0000   15.0000   -7.500014797.3633   14.2967
    7.5000   15.0000   -7.500014057.7051   14.2890
   -7.5000   22.5000   -7.500012821.8838   14.2793
    0.0000   22.5000   -7.500013414.6953   14.2876
    7.5000   22.5000   -7.500012744.2490   14.2774
   -7.5000   30.0000   -7.500011611.6562   14.1071
    0.0000   30.0000   -7.500012139.0889   14.1085
    7.5000   30.0000   -7.500011544.0664   14.0971
   -7.5000   37.5000   -7.500010868.0996   14.1161
    0.0000   37.5000   -7.500011339.0488   14.1144
    7.5000   37.5000   -7.500010788.8096   14.1043
   -7.5000   45.0000   -7.5000 9683.5996   13.8332
    0.0000   45.0000   -7.500010107.0156   13.8349
    7.5000   45.0000   -7.5000 9607.9883   13.8273
   -7.5000  -45.0000    0.000013195.8369   14.3245
    0.0000  -45.0000    0.000013809.2373   14.3250
    7.5000  -45.0000    0.000013200.9229   14.3171
   -7.5000  -37.5000    0.000013676.9512   14.3053
    0.0000  -37.5000    0.000014323.3096   14.3133
    7.5000  -37.5000    0.000013672.6348   14.3073
   -7.5000  -30.0000    0.000014566.1670   14.3023
    0.0000  -30.0000    0.000015250.2988   14.3148
    7.5000  -30.0000    0.000014570.3193   14.3070
   -7.5000  -22.5000    0.000015399.6748   14.3106
    0.0000  -22.5000    0.000016114.3252   14.3200
    7.5000  -22.5000    0.000015384.3779   14.3090
   -7.5000  -15.0000    0.000016174.6963   14.3205
    0.0000  -15.0000    0.000016935.6074   14.3232
    7.5000  -15.0000    0.000016124.4639   14.3108
   -7.5000   -7.5000    0.000016772.0684   14.3234
    0.0000   -7.5000    0.000017574.5840   14.3215
    7.5000   -7.5000    0.000016718.9297   14.3104
   -7.5000    0.0000    0.000017093.3242   14.3164
    0.0000    0.0000    0.000017891.5703   14.3168
    7.5000    0.0000    0.000016983.2793   14.3088
   -7.5000    7.5000    0.000016124.2129   14.3053
    0.0000    7.5000    0.000016833.5176   14.3133
    7.5000    7.5000    0.000015981.1084   14.3073
   -7.5000   15.0000    0.000014786.5186   14.3023
    0.0000   15.0000    0.000015428.1270   14.3148
    7.5000   15.0000    0.000014677.8408   14.3070
   -7.5000   22.5000    0.000013399.6191   14.3040
    0.0000   22.5000    0.000013998.9561   14.3134
    7.5000   22.5000    0.000013316.0986   14.3024
   -7.5000   30.0000    0.000012171.5146   14.1352
    0.0000   30.0000    0.000012713.8994   14.1379
    7.5000   30.0000    0.000012103.0723   14.1256
   -7.5000   37.5000    0.000011382.0713   14.1397
    0.0000   37.5000    0.000011887.8369   14.1378
    7.5000   37.5000    0.000011312.2666   14.1269
   -7.5000   45.0000    0.000010100.6758   13.8492
    0.0000   45.0000    0.000010540.2070   13.8493
    7.5000   45.0000    0.000010018.1709   13.8414
   -7.5000  -45.0000    7.500012847.5049   14.3229
    0.0000  -45.0000    7.500013435.5107   14.3263
    7.5000  -45.0000    7.500012868.4033   14.3220
   -7.5000  -37.5000    7.500013259.0059   14.2999
    0.0000  -37.5000    7.500013845.4912   14.3094
    7.5000  -37.5000    7.500013294.3418   14.3064
   -7.5000  -30.0000    7.500014168.2344   14.2962
    0.0000  -30.0000    7.500014851.8770   14.3094
    7.5000  -30.0000    7.500014169.5996   14.3047
   -7.5000  -22.5000    7.500015070.8838   14.3089
    0.0000  -22.5000    7.500015784.8994   14.3198
    7.5000  -22.5000    7.500015054.4785   14.3123
   -7.5000  -15.0000    7.500015797.8438   14.3242
    0.0000  -15.0000    7.500016528.2129   14.3297
    7.5000  -15.0000    7.500015778.1582   14.3209
   -7.5000   -7.5000    7.500016346.1182   14.3265
    0.0000   -7.5000    7.500017098.9316   14.3280
    7.5000   -7.5000    7.500016353.6289   14.3206
   -7.5000    0.0000    7.500016595.5020   14.3148
    0.0000    0.0000    7.500017340.2461   14.3181
    7.5000    0.0000    7.500016578.6992   14.3137
   -7.5000    7.5000    7.500015590.2178   14.2999
    0.0000    7.5000    7.500016233.8779   14.3094
    7.5000    7.5000    7.500015510.2402   14.3064
   -7.5000   15.0000    7.500014311.3721   14.2962
    0.0000   15.0000    7.500014882.4805   14.3094
    7.5000   15.0000    7.500014200.1221   14.3047
   -7.5000   22.5000    7.500013007.4424   14.3023
    0.0000   22.5000    7.500013549.2109   14.3132
    7.5000   22.5000    7.500012913.5859   14.3057
   -7.5000   30.0000    7.500011821.3828   14.1388
    0.0000   30.0000    7.500012331.9492   14.1442
    7.5000   30.0000    7.500011749.8672   14.1355
   -7.5000   37.5000    7.500011057.9834   14.1426
    0.0000   37.5000    7.500011547.6318   14.1441
    7.5000   37.5000    7.500010986.6406   14.1368
   -7.5000   45.0000    7.5000 9790.9316   13.8470
    0.0000   45.0000    7.500010211.3008   13.8499
    7.5000   45.0000    7.5000 9700.1855   13.8455
   -7.5000  -45.0000   15.000012359.8877   14.3322
    0.0000  -45.0000   15.000012917.2441   14.3400
    7.5000  -45.0000   15.000012375.4307   14.3393
   -7.5000  -37.5000   15.000012754.8301   14.3069
    0.0000  -37.5000   15.000013293.5898   14.3194
    7.5000  -37.5000   15.000012794.9941   14.3192
   -7.5000  -30.0000   15.000013595.8691   14.3000
    0.0000  -30.0000   15.000014221.8418   14.3144
    7.5000  -30.0000   15.000013630.2109   14.3125
   -7.5000  -22.5000   15.000014489.7559   14.3119
    0.0000  -22.5000   15.000015136.0879   14.3237
    7.5000  -22.5000   15.000014490.5557   14.3196
   -7.5000  -15.0000   15.000015269.3906   14.3297
    0.0000  -15.0000   15.000015939.5527   14.3367
    7.5000  -15.0000   15.000015217.9912   14.3317
   -7.5000   -7.5000   15.000015842.0107   14.3350
    0.0000   -7.5000   15.000016524.2988   14.3399
    7.5000   -7.5000   15.000015792.1123   14.3364
   -7.5000    0.0000   15.000016059.1094   14.3241
    0.0000    0.0000   15.000016739.0547   14.3319
    7.5000    0.0000   15.000015995.5596   14.3310
   -7.5000    7.5000   15.000014976.5234   14.3069
    0.0000    7.5000   15.000015559.9424   14.3194
    7.5000    7.5000   15.000014889.4062   14.3192
   -7.5000   15.0000   15.000013736.5801   14.3000
    0.0000   15.0000   15.000014248.2285   14.3144
    7.5000   15.0000   15.000013641.5342   14.3125
   -7.5000   22.5000   15.000012526.5127   14.3053
    0.0000   22.5000   15.000013009.2158   14.3171
    7.5000   22.5000   15.000012435.7100   14.3130
   -7.5000   30.0000   15.000011399.0947   14.1443
    0.0000   30.0000   15.000011845.7861   14.1512
    7.5000   30.0000   15.000011328.3984   14.1462
   -7.5000   37.5000   15.000010653.5645   14.1510
    0.0000   37.5000   15.000011072.1719   14.1558
    7.5000   37.5000   15.000010561.0869   14.1523
   -7.5000   45.0000   15.0000 9405.8164   13.8563
    0.0000   45.0000   15.0000 9768.2900   13.8637
    7.5000   45.0000   15.0000 9303.8779   13.8626
   -7.5000  -45.0000   22.500011745.5146   14.3684
    0.0000  -45.0000   22.500012271.9893   14.3778
    7.5000  -45.0000   22.500011765.7031   14.3769
   -7.5000  -37.5000   22.500012145.9307   14.3461
    0.0000  -37.5000   22.500012670.2051   14.3599
    7.5000  -37.5000   22.500012182.2852   14.3589
   -7.5000  -30.0000   22.500012955.2021   14.3367
    0.0000  -30.0000   22.500013536.6797   14.3512
    7.5000  -30.0000   22.500012993.9385   14.3485
   -7.5000  -22.5000   22.500013815.0420   14.3421
    0.0000  -22.5000   22.500014399.6309   14.3528
    7.5000  -22.5000   22.500013805.5518   14.3484
   -7.5000  -15.0000   22.500014586.7266   14.3557
    0.0000  -15.0000   22.500015202.5625   14.3612
    7.5000  -15.0000   22.500014555.9268   14.3563
   -7.5000   -7.5000   22.500015207.5127   14.3645
    0.0000   -7.5000   22.500015873.3193   14.3693
    7.5000   -7.5000   22.500015145.0947   14.3660
   -7.5000    0.0000   22.500015406.3164   14.3603
    0.0000    0.0000   22.500016083.9648   14.3696
    7.5000    0.0000   22.500015342.9727   14.3686
   -7.5000    7.5000   22.500014327.9482   14.3461
    0.0000    7.5000   22.500014912.9131   14.3599
    7.5000    7.5000   22.500014261.3613   14.3589
   -7.5000   15.0000   22.500013146.9990   14.3367
    0.0000   15.0000   22.500013641.5879   14.3512
    7.5000   15.0000   22.500013053.3350   14.3485
   -7.5000   22.5000   22.500011980.4697   14.3355
    0.0000   22.5000   22.500012425.5029   14.3462
    7.5000   22.5000   22.500011888.3467   14.3418
   -7.5000   30.0000   22.500010883.2314   14.1699
    0.0000   30.0000   22.500011296.1797   14.1753
    7.5000   30.0000   22.500010800.5381   14.1705
   -7.5000   37.5000   22.500010134.4023   14.1803
    0.0000   37.5000   22.500010523.2207   14.1850
    7.5000   37.5000   22.500010041.4375   14.1817
   -7.5000   45.0000   22.5000 8931.7129   13.8927
    0.0000   45.0000   22.5000 9268.7969   13.9015
    7.5000   45.0000   22.5000 8829.8682   13.9003
   -7.5000  -45.0000   30.000011050.8027   14.4294
    0.0000  -45.0000   30.000011560.8438   14.4364
    7.5000  -45.0000   30.000011050.1270   14.4318
   -7.5000  -37.5000   30.000011449.4395   14.4108
    0.0000  -37.5000   30.000011965.5254   14.4235
    7.5000  -37.5000   30.000011459.1963   14.4192
   -7.5000  -30.0000   30.000012244.6260   14.4006
    0.0000  -30.0000   30.000012791.3555   14.4145
    7.5000  -30.0000   30.000012248.7637   14.4088
   -7.5000  -22.5000   30.000013030.8770   14.4003
    0.0000  -22.5000   30.000013562.5742   14.4095
    7.5000  -22.5000   30.000013010.4092   14.4021
   -7.5000  -15.0000   30.000013775.6992   14.4087
    0.0000  -15.0000   30.000014337.4854   14.4116
    7.5000  -15.0000   30.000013761.5459   14.4034
   -7.5000   -7.5000   30.000014397.8916   14.4193
    0.0000   -7.5000   30.000015002.9551   14.4212
    7.5000   -7.5000   30.000014362.3301   14.4144
   -7.5000    0.0000   30.000014614.2930   14.4213
    0.0000    0.0000   30.000015237.8369   14.4281
    7.5000    0.0000   30.000014566.6025   14.4235
   -7.5000    7.5000   30.000013554.4678   14.4108
    0.0000    7.5000   30.000014106.6699   14.4235
    7.5000    7.5000   30.000013484.6377   14.4192
   -7.5000   15.0000   30.000012409.3623   14.4006
    0.0000   15.0000   30.000012894.0781   14.4145
    7.5000   15.0000   30.000012320.2314   14.4088
   -7.5000   22.5000   30.000011287.1377   14.3937
    0.0000   22.5000   30.000011730.9541   14.4029
    7.5000   22.5000   30.000011207.7891   14.3954
   -7.5000   30.0000   30.000010245.0400   14.2222
    0.0000   30.0000   30.000010636.0918   14.2251
    7.5000   30.0000   30.000010151.8818   14.2170
   -7.5000   37.5000   30.0000 9516.7461   14.2346
    0.0000   37.5000   30.0000 9875.8418   14.2364
    7.5000   37.5000   30.0000 9427.6885   14.2297
   -7.5000   45.0000   30.0000 8385.0518   13.9528
    0.0000   45.0000   30.0000 8699.5156   13.9592
    7.5000   45.0000   30.0000 8300.7275   13.9543
   -7.5000  -45.0000   37.500010736.3271   14.5271
    0.0000  -45.0000   37.500011254.9043   14.5300
    7.5000  -45.0000   37.500010730.0566   14.5216
   -7.5000  -37.5000   37.500011154.7393   14.5093
    0.0000  -37.5000   37.500011685.8779   14.5197
    7.5000  -37.5000   37.500011158.9873   14.5125
   -7.5000  -30.0000   37.500011940.9424   14.5028
    0.0000  -30.0000   37.500012493.6641   14.5163
    7.5000  -30.0000   37.500011927.6221   14.5076
   -7.5000  -22.5000   37.500012660.4395   14.5050
    0.0000  -22.5000   37.500013226.8115   14.5142
    7.5000  -22.5000   37.500012642.3721   14.5028
   -7.5000  -15.0000   37.500013354.2617   14.5123
    0.0000  -15.0000   37.500013930.6182   14.5141
    7.5000  -15.0000   37.500013329.5742   14.5016
   -7.5000   -7.5000   37.500013978.7100   14.5194
    0.0000   -7.5000   37.500014580.9033   14.5182
    7.5000   -7.5000   37.500013913.7500   14.5070
   -7.5000    0.0000   37.500014215.8389   14.5188
    0.0000    0.0000   37.500014825.5508   14.5217
    7.5000    0.0000   37.500014148.0293   14.5133
   -7.5000    7.5000   37.500013198.8896   14.5093
    0.0000    7.5000   37.500013730.1592   14.5197
    7.5000    7.5000   37.500013101.6709   14.5125
   -7.5000   15.0000   37.500012069.7188   14.5028
    0.0000   15.0000   37.500012550.8193   14.5163
    7.5000   15.0000   37.500011979.3057   14.5076
   -7.5000   22.5000   37.500010986.0361   14.4984
    0.0000   22.5000   37.500011431.4199   14.5075
    7.5000   22.5000   37.500010899.6777   14.4962
   -7.5000   30.0000   37.5000 9945.2832   14.3245
    0.0000   30.0000   37.500010349.6133   14.3263
    7.5000   30.0000   37.5000 9848.3389   14.3139
   -7.5000   37.5000   37.5000 9201.2715   14.3323
    0.0000   37.5000   37.5000 9581.1338   14.3311
    7.5000   37.5000   37.5000 9129.4463   14.3200
   -7.5000   45.0000   37.5000 8115.2148   14.0418
    0.0000   45.0000   37.5000 8429.9844   14.0442
    7.5000   45.0000   37.5000 8047.9385   14.0357
   -7.5000  -45.0000   45.0000 9894.5391   14.5785
    0.0000  -45.0000   45.000010394.7559   14.5799
    7.5000  -45.0000   45.0000 9880.0703   14.5702
   -7.5000  -37.5000   45.000010288.1230   14.5588
    0.0000  -37.5000   45.000010811.5234   14.5680
    7.5000  -37.5000   45.000010277.3027   14.5602
   -7.5000  -30.0000   45.000011010.0752   14.5560
    0.0000  -30.0000   45.000011558.4863   14.5695
    7.5000  -30.0000   45.000010993.5859   14.5601
   -7.5000  -22.5000   45.000011677.6445   14.5643
    0.0000  -22.5000   45.000012236.8145   14.5746
    7.5000  -22.5000   45.000011657.4258   14.5620
   -7.5000  -15.0000   45.000012279.5527   14.5741
    0.0000  -15.0000   45.000012832.9033   14.5775
    7.5000  -15.0000   45.000012257.2588   14.5634
   -7.5000   -7.5000   45.000012841.8867   14.5770
    0.0000   -7.5000   45.000013411.8418   14.5758
    7.5000   -7.5000   45.000012804.7363   14.5629
   -7.5000    0.0000   45.000013101.6416   14.5700
    0.0000    0.0000   45.000013667.3379   14.5713
    7.5000    0.0000   45.000013061.0215   14.5616
   -7.5000    7.5000   45.000012136.0576   14.5588
    0.0000    7.5000   45.000012654.8389   14.5680
    7.5000    7.5000   45.000012080.1582   14.5602
   -7.5000   15.0000   45.000011120.7578   14.5560
    0.0000   15.0000   45.000011594.2686   14.5695
    7.5000   15.0000   45.000011057.6504   14.5601
   -7.5000   22.5000   45.000010122.4209   14.5575
    0.0000   22.5000   45.000010572.7783   14.5678
    7.5000   22.5000   45.000010082.2822   14.5552
   -7.5000   30.0000   45.0000 9159.7178   14.3843
    0.0000   30.0000   45.0000 9572.6719   14.3876
    7.5000   30.0000   45.0000 9113.8320   14.3737
   -7.5000   37.5000   45.0000 8486.4199   14.3873
    0.0000   37.5000   45.0000 8880.0078   14.3861
    7.5000   37.5000   45.0000 8459.4502   14.3734
   -7.5000   45.0000   45.0000 7495.8916   14.0915
    0.0000   45.0000   45.0000 7825.9209   14.0924
    7.5000   45.0000   45.0000 7469.2656   14.0829

---------------------------------------------------------------------
imgreg_4dfp /opt/freesurfer/average/711-2C_as_mni_average_305 /opt/freesurfer/average/711-2B_as_mni_average_305_mask talsrcimg_g11 none talsrcimg_to_711-2C_as_mni_average_305_t4 4355
---------------------------------------------------------------------

freesurfer imgreg_4dfp.c
/opt/freesurfer/average/711-2C_as_mni_average_305.4dfp.img
       256       256       256         1
  1.000000  1.000000  1.000000
orientation T byte_order littleendian
Reading image: /opt/freesurfer/average/711-2C_as_mni_average_305.4dfp.img
dimensions:      256       256       256
mmppix:       1.0000   -1.0000   -1.0000
center:     128.0000 -129.0000 -129.0000
/opt/freesurfer/average/711-2B_as_mni_average_305_mask.4dfp.img
       256       256       256         1
  1.000000  1.000000  1.000000
orientation T byte_order littleendian
Reading mask: /opt/freesurfer/average/711-2B_as_mni_average_305_mask.4dfp.img (2306576 pixels)
talsrcimg_g11.4dfp.img
       256       256       256         1
  1.000000  1.000000  1.000000
orientation T byte_order littleendian
Reading image: talsrcimg_g11.4dfp.img
dimensions:      256       256       256
mmppix:       1.0000   -1.0000   -1.0000
center:     128.0000 -129.0000 -129.0000
rotation matrix determinant  1.000000
image alignment mode   4355 decimal     1103 hex
   -7.5000  -45.0000  -45.0000 2198.5801   13.3646
    0.0000  -45.0000  -45.0000 2208.0244   13.3168
    7.5000  -45.0000  -45.0000 2193.6179   13.4308
   -7.5000  -37.5000  -45.0000 2238.1072   12.7972
    0.0000  -37.5000  -45.0000 2257.0366   12.7317
    7.5000  -37.5000  -45.0000 2239.0237   12.8405
   -7.5000  -30.0000  -45.0000 2261.2849   12.4351
    0.0000  -30.0000  -45.0000 2276.8169   12.3661
    7.5000  -30.0000  -45.0000 2263.2610   12.4785
   -7.5000  -22.5000  -45.0000 2262.0732   12.3266
    0.0000  -22.5000  -45.0000 2276.3030   12.2303
    7.5000  -22.5000  -45.0000 2258.0835   12.3779
   -7.5000  -15.0000  -45.0000 2255.1084   12.4274
    0.0000  -15.0000  -45.0000 2269.3909   12.3372
    7.5000  -15.0000  -45.0000 2250.7444   12.4640
   -7.5000   -7.5000  -45.0000 2235.6455   12.7870
    0.0000   -7.5000  -45.0000 2248.6763   12.6876
    7.5000   -7.5000  -45.0000 2229.7231   12.8181
   -7.5000    0.0000  -45.0000 2191.6313   13.3831
    0.0000    0.0000  -45.0000 2210.7537   13.2694
    7.5000    0.0000  -45.0000 2192.4236   13.3860
   -7.5000    7.5000  -45.0000 2136.1338   14.1590
    0.0000    7.5000  -45.0000 2154.1948   14.0485
    7.5000    7.5000  -45.0000 2135.5996   14.1842
   -7.5000   15.0000  -45.0000 2061.4343   15.2033
    0.0000   15.0000  -45.0000 2077.7117   15.1089
    7.5000   15.0000  -45.0000 2061.3469   15.2332
   -7.5000   22.5000  -45.0000 1970.3079   16.6377
    0.0000   22.5000  -45.0000 1984.2133   16.5314
    7.5000   22.5000  -45.0000 1971.6198   16.7102
   -7.5000   30.0000  -45.0000 1871.3582   18.6853
    0.0000   30.0000  -45.0000 1881.9656   18.5665
    7.5000   30.0000  -45.0000 1867.8212   18.7898
   -7.5000   37.5000  -45.0000 1758.8743   21.4758
    0.0000   37.5000  -45.0000 1771.5704   21.3226
    7.5000   37.5000  -45.0000 1756.4575   21.5164
   -7.5000   45.0000  -45.0000 1640.7635   25.2725
    0.0000   45.0000  -45.0000 1649.3392   24.9651
    7.5000   45.0000  -45.0000 1639.0717   25.2334
   -7.5000  -45.0000  -37.5000 2304.3440   12.2745
    0.0000  -45.0000  -37.5000 2317.9016   12.2580
    7.5000  -45.0000  -37.5000 2299.3357   12.3488
   -7.5000  -37.5000  -37.5000 2344.0620   11.7223
    0.0000  -37.5000  -37.5000 2361.0432   11.6914
    7.5000  -37.5000  -37.5000 2339.3301   11.8030
   -7.5000  -30.0000  -37.5000 2361.3411   11.4036
    0.0000  -30.0000  -37.5000 2376.7708   11.3460
    7.5000  -30.0000  -37.5000 2358.4211   11.4692
   -7.5000  -22.5000  -37.5000 2361.3604   11.3104
    0.0000  -22.5000  -37.5000 2377.6440   11.2516
    7.5000  -22.5000  -37.5000 2355.2610   11.3763
   -7.5000  -15.0000  -37.5000 2355.1091   11.4276
    0.0000  -15.0000  -37.5000 2373.7524   11.3313
    7.5000  -15.0000  -37.5000 2349.8782   11.4657
   -7.5000   -7.5000  -37.5000 2329.0874   11.7331
    0.0000   -7.5000  -37.5000 2346.1956   11.6522
    7.5000   -7.5000  -37.5000 2324.3926   11.7637
   -7.5000    0.0000  -37.5000 2288.0352   12.2477
    0.0000    0.0000  -37.5000 2312.3193   12.1635
    7.5000    0.0000  -37.5000 2286.8704   12.2704
   -7.5000    7.5000  -37.5000 2231.3076   12.9524
    0.0000    7.5000  -37.5000 2251.9426   12.8548
    7.5000    7.5000  -37.5000 2231.5833   12.9936
   -7.5000   15.0000  -37.5000 2154.1357   13.9316
    0.0000   15.0000  -37.5000 2175.6404   13.8245
    7.5000   15.0000  -37.5000 2157.3181   13.9622
   -7.5000   22.5000  -37.5000 2060.2305   15.2788
    0.0000   22.5000  -37.5000 2076.1343   15.1525
    7.5000   22.5000  -37.5000 2059.9087   15.3041
   -7.5000   30.0000  -37.5000 1950.0286   17.0969
    0.0000   30.0000  -37.5000 1964.9476   16.9894
    7.5000   30.0000  -37.5000 1946.4489   17.1404
   -7.5000   37.5000  -37.5000 1833.9500   19.5428
    0.0000   37.5000  -37.5000 1850.9991   19.4157
    7.5000   37.5000  -37.5000 1832.4225   19.5727
   -7.5000   45.0000  -37.5000 1710.4998   22.9146
    0.0000   45.0000  -37.5000 1716.5254   22.6818
    7.5000   45.0000  -37.5000 1701.5322   22.8930
   -7.5000  -45.0000  -30.0000 2447.5352   11.7055
    0.0000  -45.0000  -30.0000 2459.6074   11.6852
    7.5000  -45.0000  -30.0000 2436.7434   11.7882
   -7.5000  -37.5000  -30.0000 2489.7073   11.1590
    0.0000  -37.5000  -30.0000 2508.0034   11.1440
    7.5000  -37.5000  -30.0000 2482.4983   11.2292
   -7.5000  -30.0000  -30.0000 2515.6750   10.8645
    0.0000  -30.0000  -30.0000 2532.1035   10.8253
    7.5000  -30.0000  -30.0000 2506.6631   10.9341
   -7.5000  -22.5000  -30.0000 2518.5610   10.7926
    0.0000  -22.5000  -30.0000 2536.5332   10.7503
    7.5000  -22.5000  -30.0000 2510.2427   10.8443
   -7.5000  -15.0000  -30.0000 2507.3816   10.9071
    0.0000  -15.0000  -30.0000 2526.5386   10.8262
    7.5000  -15.0000  -30.0000 2500.9702   10.9343
   -7.5000   -7.5000  -30.0000 2481.8367   11.1815
    0.0000   -7.5000  -30.0000 2503.8093   11.1141
    7.5000   -7.5000  -30.0000 2479.0007   11.2278
   -7.5000    0.0000  -30.0000 2438.8037   11.6556
    0.0000    0.0000  -30.0000 2464.6899   11.5745
    7.5000    0.0000  -30.0000 2438.0869   11.6894
   -7.5000    7.5000  -30.0000 2378.9346   12.3375
    0.0000    7.5000  -30.0000 2397.3042   12.2310
    7.5000    7.5000  -30.0000 2377.0630   12.3509
   -7.5000   15.0000  -30.0000 2291.2419   13.2592
    0.0000   15.0000  -30.0000 2312.5684   13.1587
    7.5000   15.0000  -30.0000 2293.3745   13.2744
   -7.5000   22.5000  -30.0000 2187.0789   14.5152
    0.0000   22.5000  -30.0000 2207.7197   14.4164
    7.5000   22.5000  -30.0000 2188.1458   14.5447
   -7.5000   30.0000  -30.0000 2069.4434   16.2245
    0.0000   30.0000  -30.0000 2085.3079   16.1094
    7.5000   30.0000  -30.0000 2065.7710   16.2287
   -7.5000   37.5000  -30.0000 1945.0979   18.5233
    0.0000   37.5000  -30.0000 1962.4895   18.3982
    7.5000   37.5000  -30.0000 1940.6058   18.5206
   -7.5000   45.0000  -30.0000 1810.5461   21.6712
    0.0000   45.0000  -30.0000 1820.0295   21.4807
    7.5000   45.0000  -30.0000 1803.1426   21.6392
   -7.5000  -45.0000  -22.5000 2550.8442   11.1221
    0.0000  -45.0000  -22.5000 2559.9844   11.0685
    7.5000  -45.0000  -22.5000 2538.0068   11.1862
   -7.5000  -37.5000  -22.5000 2603.5789   10.5709
    0.0000  -37.5000  -22.5000 2621.1348   10.5295
    7.5000  -37.5000  -22.5000 2597.7612   10.6236
   -7.5000  -30.0000  -22.5000 2637.7578   10.2893
    0.0000  -30.0000  -22.5000 2654.8794   10.2291
    7.5000  -30.0000  -22.5000 2628.5806   10.3238
   -7.5000  -22.5000  -22.5000 2651.9927   10.2128
    0.0000  -22.5000  -22.5000 2671.6514   10.1671
    7.5000  -22.5000  -22.5000 2640.8562   10.2391
   -7.5000  -15.0000  -22.5000 2639.4546   10.3258
    0.0000  -15.0000  -22.5000 2664.0933   10.2498
    7.5000  -15.0000  -22.5000 2635.2249   10.3378
   -7.5000   -7.5000  -22.5000 2615.5876   10.5920
    0.0000   -7.5000  -22.5000 2643.8101   10.5175
    7.5000   -7.5000  -22.5000 2611.9106   10.6130
   -7.5000    0.0000  -22.5000 2566.6123   11.0351
    0.0000    0.0000  -22.5000 2596.1394   10.9503
    7.5000    0.0000  -22.5000 2563.7395   11.0541
   -7.5000    7.5000  -22.5000 2498.1440   11.6673
    0.0000    7.5000  -22.5000 2523.6003   11.5863
    7.5000    7.5000  -22.5000 2497.9561   11.6889
   -7.5000   15.0000  -22.5000 2403.7019   12.5521
    0.0000   15.0000  -22.5000 2427.8828   12.4502
    7.5000   15.0000  -22.5000 2406.8713   12.5590
   -7.5000   22.5000  -22.5000 2292.0051   13.7555
    0.0000   22.5000  -22.5000 2313.9875   13.6404
    7.5000   22.5000  -22.5000 2292.9478   13.7571
   -7.5000   30.0000  -22.5000 2164.9905   15.3534
    0.0000   30.0000  -22.5000 2183.5125   15.2380
    7.5000   30.0000  -22.5000 2166.7529   15.3547
   -7.5000   37.5000  -22.5000 2031.2081   17.4702
    0.0000   37.5000  -22.5000 2048.8945   17.3755
    7.5000   37.5000  -22.5000 2030.8354   17.5029
   -7.5000   45.0000  -22.5000 1885.8635   20.4204
    0.0000   45.0000  -22.5000 1899.7017   20.2587
    7.5000   45.0000  -22.5000 1878.7743   20.3912
   -7.5000  -45.0000  -15.0000 2624.9570   10.5935
    0.0000  -45.0000  -15.0000 2636.2444   10.5514
    7.5000  -45.0000  -15.0000 2612.7090   10.6589
   -7.5000  -37.5000  -15.0000 2687.0881   10.0383
    0.0000  -37.5000  -15.0000 2704.5293   10.0004
    7.5000  -37.5000  -15.0000 2678.4167   10.0988
   -7.5000  -30.0000  -15.0000 2728.0205    9.7357
    0.0000  -30.0000  -15.0000 2746.0991    9.6877
    7.5000  -30.0000  -15.0000 2718.9207    9.7695
   -7.5000  -22.5000  -15.0000 2753.9521    9.6448
    0.0000  -22.5000  -15.0000 2774.7795    9.5881
    7.5000  -22.5000  -15.0000 2744.1829    9.6465
   -7.5000  -15.0000  -15.0000 2749.5703    9.7553
    0.0000  -15.0000  -15.0000 2775.8284    9.7027
    7.5000  -15.0000  -15.0000 2741.5269    9.7431
   -7.5000   -7.5000  -15.0000 2722.3879   10.0295
    0.0000   -7.5000  -15.0000 2754.4192    9.9663
    7.5000   -7.5000  -15.0000 2719.9880   10.0234
   -7.5000    0.0000  -15.0000 2666.1025   10.4602
    0.0000    0.0000  -15.0000 2697.4399   10.3722
    7.5000    0.0000  -15.0000 2666.0381   10.4711
   -7.5000    7.5000  -15.0000 2589.5068   11.0631
    0.0000    7.5000  -15.0000 2617.5056   10.9828
    7.5000    7.5000  -15.0000 2588.9185   11.0820
   -7.5000   15.0000  -15.0000 2489.6775   11.9194
    0.0000   15.0000  -15.0000 2513.4009   11.8213
    7.5000   15.0000  -15.0000 2491.6672   11.9243
   -7.5000   22.5000  -15.0000 2369.6406   13.0801
    0.0000   22.5000  -15.0000 2393.0315   12.9733
    7.5000   22.5000  -15.0000 2371.2998   13.0708
   -7.5000   30.0000  -15.0000 2235.0198   14.5917
    0.0000   30.0000  -15.0000 2254.7166   14.4916
    7.5000   30.0000  -15.0000 2234.2869   14.5781
   -7.5000   37.5000  -15.0000 2093.3779   16.6194
    0.0000   37.5000  -15.0000 2109.0076   16.4834
    7.5000   37.5000  -15.0000 2088.5981   16.5855
   -7.5000   45.0000  -15.0000 1937.2262   19.2674
    0.0000   45.0000  -15.0000 1953.5546   19.1319
    7.5000   45.0000  -15.0000 1934.5367   19.2684
   -7.5000  -45.0000   -7.5000 2671.5076   10.1351
    0.0000  -45.0000   -7.5000 2684.9773   10.0804
    7.5000  -45.0000   -7.5000 2661.1316   10.2089
   -7.5000  -37.5000   -7.5000 2746.0117    9.5794
    0.0000  -37.5000   -7.5000 2764.5530    9.5307
    7.5000  -37.5000   -7.5000 2739.8418    9.6320
   -7.5000  -30.0000   -7.5000 2798.3186    9.2484
    0.0000  -30.0000   -7.5000 2823.0662    9.1947
    7.5000  -30.0000   -7.5000 2795.0955    9.2856
   -7.5000  -22.5000   -7.5000 2833.7852    9.1198
    0.0000  -22.5000   -7.5000 2860.8369    9.0622
    7.5000  -22.5000   -7.5000 2825.6628    9.1487
   -7.5000  -15.0000   -7.5000 2834.6936    9.2291
    0.0000  -15.0000   -7.5000 2866.3015    9.1687
    7.5000  -15.0000   -7.5000 2826.7705    9.2422
   -7.5000   -7.5000   -7.5000 2808.9275    9.5077
    0.0000   -7.5000   -7.5000 2844.3276    9.4325
    7.5000   -7.5000   -7.5000 2806.9028    9.4987
   -7.5000    0.0000   -7.5000 2746.6619    9.9364
    0.0000    0.0000   -7.5000 2780.1978    9.8554
    7.5000    0.0000   -7.5000 2748.8064    9.9402
   -7.5000    7.5000   -7.5000 2658.2671   10.5312
    0.0000    7.5000   -7.5000 2688.6287   10.4441
    7.5000    7.5000   -7.5000 2660.1125   10.5476
   -7.5000   15.0000   -7.5000 2548.6406   11.3668
    0.0000   15.0000   -7.5000 2573.8315   11.2766
    7.5000   15.0000   -7.5000 2549.4287   11.3823
   -7.5000   22.5000   -7.5000 2419.9666   12.4895
    0.0000   22.5000   -7.5000 2446.2480   12.3947
    7.5000   22.5000   -7.5000 2419.5818   12.5117
   -7.5000   30.0000   -7.5000 2281.9773   13.9408
    0.0000   30.0000   -7.5000 2305.5828   13.8290
    7.5000   30.0000   -7.5000 2281.1929   13.9474
   -7.5000   37.5000   -7.5000 2132.9302   15.8465
    0.0000   37.5000   -7.5000 2149.8916   15.7468
    7.5000   37.5000   -7.5000 2130.3140   15.8584
   -7.5000   45.0000   -7.5000 1973.0239   18.3566
    0.0000   45.0000   -7.5000 1989.6771   18.2361
    7.5000   45.0000   -7.5000 1971.1729   18.3683
   -7.5000  -45.0000    0.0000 2696.0032    9.8068
    0.0000  -45.0000    0.0000 2712.6355    9.7360
    7.5000  -45.0000    0.0000 2688.2671    9.8982
   -7.5000  -37.5000    0.0000 2790.2031    9.2214
    0.0000  -37.5000    0.0000 2813.1665    9.1532
    7.5000  -37.5000    0.0000 2784.3130    9.2936
   -7.5000  -30.0000    0.0000 2852.9321    8.8889
    0.0000  -30.0000    0.0000 2882.4243    8.8236
    7.5000  -30.0000    0.0000 2854.2842    8.9274
   -7.5000  -22.5000    0.0000 2902.2356    8.7503
    0.0000  -22.5000    0.0000 2941.0332    8.6708
    7.5000  -22.5000    0.0000 2897.6382    8.7730
   -7.5000  -15.0000    0.0000 2913.4968    8.8425
    0.0000  -15.0000    0.0000 2956.3245    8.7620
    7.5000  -15.0000    0.0000 2900.9749    8.8753
   -7.5000   -7.5000    0.0000 2876.7417    9.1085
    0.0000   -7.5000    0.0000 2917.8818    9.0272
    7.5000   -7.5000    0.0000 2873.9871    9.1271
   -7.5000    0.0000    0.0000 2809.1387    9.5223
    0.0000    0.0000    0.0000 2844.4031    9.4313
    7.5000    0.0000    0.0000 2807.3938    9.5396
   -7.5000    7.5000    0.0000 2710.4275   10.1191
    0.0000    7.5000    0.0000 2741.9919   10.0253
    7.5000    7.5000    0.0000 2708.6919   10.1523
   -7.5000   15.0000    0.0000 2591.7783   10.9536
    0.0000   15.0000    0.0000 2617.1604   10.8606
    7.5000   15.0000    0.0000 2587.3630   10.9995
   -7.5000   22.5000    0.0000 2453.0835   12.0655
    0.0000   22.5000    0.0000 2476.5793   11.9702
    7.5000   22.5000    0.0000 2449.9609   12.1119
   -7.5000   30.0000    0.0000 2309.7559   13.4699
    0.0000   30.0000    0.0000 2333.4724   13.3852
    7.5000   30.0000    0.0000 2308.6304   13.5244
   -7.5000   37.5000    0.0000 2159.8210   15.3173
    0.0000   37.5000    0.0000 2176.3154   15.2279
    7.5000   37.5000    0.0000 2158.2803   15.3745
   -7.5000   45.0000    0.0000 1994.2787   17.6773
    0.0000   45.0000    0.0000 2014.6348   17.5625
    7.5000   45.0000    0.0000 1993.7067   17.7207
   -7.5000  -45.0000    7.5000 2703.6384    9.6249
    0.0000  -45.0000    7.5000 2725.1421    9.5398
    7.5000  -45.0000    7.5000 2697.7339    9.7281
   -7.5000  -37.5000    7.5000 2807.3320    9.0012
    0.0000  -37.5000    7.5000 2837.0435    8.9114
    7.5000  -37.5000    7.5000 2802.6919    9.1016
   -7.5000  -30.0000    7.5000 2895.2212    8.6347
    0.0000  -30.0000    7.5000 2929.5774    8.5385
    7.5000  -30.0000    7.5000 2889.1392    8.6926
   -7.5000  -22.5000    7.5000 2959.3616    8.5216
    0.0000  -22.5000    7.5000 3006.6409    8.4376
    7.5000  -22.5000    7.5000 2953.2634    8.5491
   -7.5000  -15.0000    7.5000 2972.3826    8.6134
    0.0000  -15.0000    7.5000 3032.0706    8.5027
    7.5000  -15.0000    7.5000 2960.4072    8.6477
   -7.5000   -7.5000    7.5000 2924.2126    8.8561
    0.0000   -7.5000    7.5000 2972.8713    8.7603
    7.5000   -7.5000    7.5000 2917.8518    8.9063
   -7.5000    0.0000    7.5000 2845.5227    9.2620
    0.0000    0.0000    7.5000 2879.4478    9.1662
    7.5000    0.0000    7.5000 2841.3833    9.3101
   -7.5000    7.5000    7.5000 2738.1875    9.8398
    0.0000    7.5000    7.5000 2766.7808    9.7560
    7.5000    7.5000    7.5000 2736.1958    9.8956
   -7.5000   15.0000    7.5000 2611.3494   10.6777
    0.0000   15.0000    7.5000 2633.7395   10.5873
    7.5000   15.0000    7.5000 2606.6228   10.7332
   -7.5000   22.5000    7.5000 2469.5679   11.7783
    0.0000   22.5000    7.5000 2488.8667   11.7117
    7.5000   22.5000    7.5000 2466.7742   11.8477
   -7.5000   30.0000    7.5000 2318.3870   13.1720
    0.0000   30.0000    7.5000 2336.9653   13.1197
    7.5000   30.0000    7.5000 2318.9380   13.2600
   -7.5000   37.5000    7.5000 2171.4026   14.9694
    0.0000   37.5000    7.5000 2185.9224   14.9090
    7.5000   37.5000    7.5000 2170.9595   15.0278
   -7.5000   45.0000    7.5000 2006.0759   17.2556
    0.0000   45.0000    7.5000 2023.4531   17.1730
    7.5000   45.0000    7.5000 2005.4177   17.3184
   -7.5000  -45.0000   15.0000 2693.2012    9.6187
    0.0000  -45.0000   15.0000 2716.2844    9.5136
    7.5000  -45.0000   15.0000 2686.3284    9.7305
   -7.5000  -37.5000   15.0000 2804.4724    8.9646
    0.0000  -37.5000   15.0000 2833.3850    8.8619
    7.5000  -37.5000   15.0000 2797.4102    9.0690
   -7.5000  -30.0000   15.0000 2900.3601    8.5628
    0.0000  -30.0000   15.0000 2936.2764    8.4496
    7.5000  -30.0000   15.0000 2892.9224    8.6431
   -7.5000  -22.5000   15.0000 2978.9917    8.4277
    0.0000  -22.5000   15.0000 3029.7698    8.3259
    7.5000  -22.5000   15.0000 2970.3093    8.4896
   -7.5000  -15.0000   15.0000 2989.6636    8.5421
    0.0000  -15.0000   15.0000 3051.4268    8.4072
    7.5000  -15.0000   15.0000 2976.0381    8.5811
   -7.5000   -7.5000   15.0000 2935.8694    8.7785
    0.0000   -7.5000   15.0000 2984.4705    8.6850
    7.5000   -7.5000   15.0000 2929.6606    8.8289
   -7.5000    0.0000   15.0000 2850.6643    9.1675
    0.0000    0.0000   15.0000 2884.1577    9.0982
    7.5000    0.0000   15.0000 2846.3174    9.2273
   -7.5000    7.5000   15.0000 2735.1472    9.7455
    0.0000    7.5000   15.0000 2763.4319    9.6546
    7.5000    7.5000   15.0000 2738.4685    9.8004
   -7.5000   15.0000   15.0000 2605.9045   10.5738
    0.0000   15.0000   15.0000 2626.9355   10.4789
    7.5000   15.0000   15.0000 2608.6052   10.6254
   -7.5000   22.5000   15.0000 2467.7483   11.6673
    0.0000   22.5000   15.0000 2486.2197   11.5837
    7.5000   22.5000   15.0000 2469.1345   11.7146
   -7.5000   30.0000   15.0000 2317.7256   13.0659
    0.0000   30.0000   15.0000 2331.6504   12.9675
    7.5000   30.0000   15.0000 2319.5847   13.1260
   -7.5000   37.5000   15.0000 2162.7173   14.8397
    0.0000   37.5000   15.0000 2176.3079   14.7714
    7.5000   37.5000   15.0000 2165.7908   14.9077
   -7.5000   45.0000   15.0000 1995.9183   17.0907
    0.0000   45.0000   15.0000 2013.4805   16.9903
    7.5000   45.0000   15.0000 1999.9237   17.1626
   -7.5000  -45.0000   22.5000 2669.9343    9.7963
    0.0000  -45.0000   22.5000 2694.3823    9.6752
    7.5000  -45.0000   22.5000 2666.5066    9.8886
   -7.5000  -37.5000   22.5000 2780.5574    9.1296
    0.0000  -37.5000   22.5000 2809.8354    9.0162
    7.5000  -37.5000   22.5000 2776.9951    9.2204
   -7.5000  -30.0000   22.5000 2873.9001    8.7088
    0.0000  -30.0000   22.5000 2907.2886    8.5979
    7.5000  -30.0000   22.5000 2871.1750    8.7953
   -7.5000  -22.5000   22.5000 2946.2832    8.5838
    0.0000  -22.5000   22.5000 2990.5051    8.4743
    7.5000  -22.5000   22.5000 2941.8193    8.6416
   -7.5000  -15.0000   22.5000 2955.4490    8.6651
    0.0000  -15.0000   22.5000 3000.8191    8.5476
    7.5000  -15.0000   22.5000 2948.9229    8.7112
   -7.5000   -7.5000   22.5000 2909.3408    8.9203
    0.0000   -7.5000   22.5000 2951.4502    8.8180
    7.5000   -7.5000   22.5000 2905.2546    8.9574
   -7.5000    0.0000   22.5000 2818.1389    9.3313
    0.0000    0.0000   22.5000 2853.0496    9.2344
    7.5000    0.0000   22.5000 2820.5425    9.3712
   -7.5000    7.5000   22.5000 2704.4275    9.9213
    0.0000    7.5000   22.5000 2733.4626    9.8217
    7.5000    7.5000   22.5000 2713.8975    9.9552
   -7.5000   15.0000   22.5000 2584.2100   10.7224
    0.0000   15.0000   22.5000 2602.1089   10.6228
    7.5000   15.0000   22.5000 2586.8264   10.7530
   -7.5000   22.5000   22.5000 2451.3699   11.7565
    0.0000   22.5000   22.5000 2467.3149   11.6701
    7.5000   22.5000   22.5000 2454.3494   11.7999
   -7.5000   30.0000   22.5000 2301.5044   13.1297
    0.0000   30.0000   22.5000 2317.7458   13.0337
    7.5000   30.0000   22.5000 2305.8630   13.1668
   -7.5000   37.5000   22.5000 2144.4236   14.8851
    0.0000   37.5000   22.5000 2159.3174   14.7977
    7.5000   37.5000   22.5000 2148.0457   14.9381
   -7.5000   45.0000   22.5000 1981.2656   17.1220
    0.0000   45.0000   22.5000 1995.4111   17.0001
    7.5000   45.0000   22.5000 1983.0419   17.1565
   -7.5000  -45.0000   30.0000 2642.0356   10.1302
    0.0000  -45.0000   30.0000 2665.5100   10.0153
    7.5000  -45.0000   30.0000 2636.7200   10.1991
   -7.5000  -37.5000   30.0000 2738.8677    9.4740
    0.0000  -37.5000   30.0000 2765.1934    9.3688
    7.5000  -37.5000   30.0000 2735.7048    9.5457
   -7.5000  -30.0000   30.0000 2823.8071    9.0740
    0.0000  -30.0000   30.0000 2852.9026    8.9597
    7.5000  -30.0000   30.0000 2821.9143    9.1352
   -7.5000  -22.5000   30.0000 2878.9143    8.9325
    0.0000  -22.5000   30.0000 2912.3052    8.7969
    7.5000  -22.5000   30.0000 2878.1592    8.9627
   -7.5000  -15.0000   30.0000 2889.5691    8.9829
    0.0000  -15.0000   30.0000 2915.8403    8.8859
    7.5000  -15.0000   30.0000 2890.1323    9.0212
   -7.5000   -7.5000   30.0000 2848.4932    9.2562
    0.0000   -7.5000   30.0000 2878.0435    9.1614
    7.5000   -7.5000   30.0000 2849.9890    9.2981
   -7.5000    0.0000   30.0000 2765.2803    9.6878
    0.0000    0.0000   30.0000 2792.4436    9.5935
    7.5000    0.0000   30.0000 2766.4395    9.7239
   -7.5000    7.5000   30.0000 2659.0618   10.2565
    0.0000    7.5000   30.0000 2684.1653   10.1485
    7.5000    7.5000   30.0000 2663.7424   10.2781
   -7.5000   15.0000   30.0000 2542.1140   11.0245
    0.0000   15.0000   30.0000 2562.7354   10.9247
    7.5000   15.0000   30.0000 2546.4045   11.0563
   -7.5000   22.5000   30.0000 2413.0229   12.0422
    0.0000   22.5000   30.0000 2432.6045   11.9362
    7.5000   22.5000   30.0000 2418.1921   12.0571
   -7.5000   30.0000   30.0000 2272.2444   13.3710
    0.0000   30.0000   30.0000 2289.9333   13.2533
    7.5000   30.0000   30.0000 2274.6743   13.3909
   -7.5000   37.5000   30.0000 2117.2173   15.1091
    0.0000   37.5000   30.0000 2133.9275   15.0135
    7.5000   37.5000   30.0000 2120.0337   15.1265
   -7.5000   45.0000   30.0000 1955.8004   17.3409
    0.0000   45.0000   30.0000 1969.2703   17.2235
    7.5000   45.0000   30.0000 1960.0376   17.3438
   -7.5000  -45.0000   37.5000 2598.9617   10.6304
    0.0000  -45.0000   37.5000 2623.5344   10.5138
    7.5000  -45.0000   37.5000 2594.8340   10.6804
   -7.5000  -37.5000   37.5000 2689.9480    9.9702
    0.0000  -37.5000   37.5000 2718.0642    9.8828
    7.5000  -37.5000   37.5000 2688.5754   10.0313
   -7.5000  -30.0000   37.5000 2761.0366    9.5814
    0.0000  -30.0000   37.5000 2791.3340    9.4791
    7.5000  -30.0000   37.5000 2760.0735    9.6260
   -7.5000  -22.5000   37.5000 2797.3293    9.4137
    0.0000  -22.5000   37.5000 2827.0525    9.3116
    7.5000  -22.5000   37.5000 2800.6736    9.4379
   -7.5000  -15.0000   37.5000 2806.0198    9.4269
    0.0000  -15.0000   37.5000 2827.9592    9.3425
    7.5000  -15.0000   37.5000 2808.2864    9.4465
   -7.5000   -7.5000   37.5000 2767.6482    9.7328
    0.0000   -7.5000   37.5000 2794.3352    9.6329
    7.5000   -7.5000   37.5000 2767.2668    9.7390
   -7.5000    0.0000   37.5000 2689.2720   10.1797
    0.0000    0.0000   37.5000 2717.3096   10.0741
    7.5000    0.0000   37.5000 2691.5269   10.1856
   -7.5000    7.5000   37.5000 2600.2585   10.7448
    0.0000    7.5000   37.5000 2619.3982   10.6398
    7.5000    7.5000   37.5000 2600.9587   10.7513
   -7.5000   15.0000   37.5000 2489.2712   11.4784
    0.0000   15.0000   37.5000 2509.7021   11.3840
    7.5000   15.0000   37.5000 2494.0444   11.4972
   -7.5000   22.5000   37.5000 2367.3811   12.4749
    0.0000   22.5000   37.5000 2387.4299   12.3765
    7.5000   22.5000   37.5000 2372.9011   12.4647
   -7.5000   30.0000   37.5000 2230.1765   13.7840
    0.0000   30.0000   37.5000 2247.0774   13.6729
    7.5000   30.0000   37.5000 2232.5852   13.7677
   -7.5000   37.5000   37.5000 2080.7078   15.4782
    0.0000   37.5000   37.5000 2098.8899   15.3842
    7.5000   37.5000   37.5000 2081.0056   15.5015
   -7.5000   45.0000   37.5000 1927.7324   17.7135
    0.0000   45.0000   37.5000 1938.0330   17.5636
    7.5000   45.0000   37.5000 1927.2704   17.7033
   -7.5000  -45.0000   45.0000 2534.0198   11.2985
    0.0000  -45.0000   45.0000 2560.8545   11.2129
    7.5000  -45.0000   45.0000 2529.8618   11.3319
   -7.5000  -37.5000   45.0000 2620.2737   10.6418
    0.0000  -37.5000   45.0000 2648.7009   10.5726
    7.5000  -37.5000   45.0000 2617.1218   10.6761
   -7.5000  -30.0000   45.0000 2678.5566   10.2318
    0.0000  -30.0000   45.0000 2707.8596   10.1622
    7.5000  -30.0000   45.0000 2679.1023   10.2707
   -7.5000  -22.5000   45.0000 2705.7605   10.0419
    0.0000  -22.5000   45.0000 2735.5005    9.9717
    7.5000  -22.5000   45.0000 2711.5137   10.0570
   -7.5000  -15.0000   45.0000 2706.8804   10.0262
    0.0000  -15.0000   45.0000 2732.0576    9.9570
    7.5000  -15.0000   45.0000 2712.3186   10.0397
   -7.5000   -7.5000   45.0000 2670.2554   10.3077
    0.0000   -7.5000   45.0000 2696.7976   10.2163
    7.5000   -7.5000   45.0000 2674.5991   10.3086
   -7.5000    0.0000   45.0000 2605.4202   10.7396
    0.0000    0.0000   45.0000 2630.0242   10.6382
    7.5000    0.0000   45.0000 2608.0730   10.7336
   -7.5000    7.5000   45.0000 2523.2727   11.3051
    0.0000    7.5000   45.0000 2542.9653   11.2103
    7.5000    7.5000   45.0000 2524.4360   11.3090
   -7.5000   15.0000   45.0000 2425.2161   12.0275
    0.0000   15.0000   45.0000 2443.3933   11.9468
    7.5000   15.0000   45.0000 2425.2961   12.0449
   -7.5000   22.5000   45.0000 2305.5701   13.0083
    0.0000   22.5000   45.0000 2326.8145   12.9344
    7.5000   22.5000   45.0000 2311.4165   13.0122
   -7.5000   30.0000   45.0000 2174.1138   14.2998
    0.0000   30.0000   45.0000 2195.3152   14.2187
    7.5000   30.0000   45.0000 2180.1248   14.2957
   -7.5000   37.5000   45.0000 2032.3293   16.0117
    0.0000   37.5000   45.0000 2053.3252   15.9326
    7.5000   37.5000   45.0000 2038.2762   16.0238
   -7.5000   45.0000   45.0000 1887.2557   18.2869
    0.0000   45.0000   45.0000 1899.1691   18.1833
    7.5000   45.0000   45.0000 1892.9100   18.3153

---------------------------------------------------------------------
imgreg_4dfp /opt/freesurfer/average/711-2C_as_mni_average_305 /opt/freesurfer/average/711-2B_as_mni_average_305_mask talsrcimg_g11 none talsrcimg_to_711-2C_as_mni_average_305_t4 1283
---------------------------------------------------------------------

freesurfer imgreg_4dfp.c
/opt/freesurfer/average/711-2C_as_mni_average_305.4dfp.img
       256       256       256         1
  1.000000  1.000000  1.000000
orientation T byte_order littleendian
Reading image: /opt/freesurfer/average/711-2C_as_mni_average_305.4dfp.img
dimensions:      256       256       256
mmppix:       1.0000   -1.0000   -1.0000
center:     128.0000 -129.0000 -129.0000
/opt/freesurfer/average/711-2B_as_mni_average_305_mask.4dfp.img
       256       256       256         1
  1.000000  1.000000  1.000000
orientation T byte_order littleendian
Reading mask: /opt/freesurfer/average/711-2B_as_mni_average_305_mask.4dfp.img (2306576 pixels)
talsrcimg_g11.4dfp.img
       256       256       256         1
  1.000000  1.000000  1.000000
orientation T byte_order littleendian
Reading image: talsrcimg_g11.4dfp.img
dimensions:      256       256       256
mmppix:       1.0000   -1.0000   -1.0000
center:     128.0000 -129.0000 -129.0000
rotation matrix determinant  1.000000
fimgreg.f
image alignment mode   1283 decimal      503 hex
parameters
    0.0000  -15.0000   15.0000    0.0000    0.0000    0.0000
eta,q 0.95746  8.39533
niter,ni,del,rscale     5    3   12.0000    1.2000
parameter  4  1.230503 ->  0.500000 qaram    1.1500
parameters
   -0.6688  -17.1654   13.6763   -3.4500    0.3051   -1.4222
eta,q 0.95957  8.31669
  0.0569  0.0467  0.0468  0.0404  0.0484  0.0429
  0.0502  0.0443  0.0447  0.0406  0.0451  0.0412
  0.0451  0.0432  0.0434  0.0413  0.0423  0.0405
  0.0442  0.0438  0.0431  0.0429  0.0407  0.0407
  0.0483  0.0474  0.0448  0.0451  0.0411  0.0417
  0.0552  0.0535  0.0482  0.0474  0.0435  0.0440
  0.0632  0.0599  0.0535  0.0494  0.0476  0.0470
niter,ni,del,rscale     5    3   12.0000    1.2000
parameter  4  0.700447 ->  0.500000 qaram    1.3225
parameters
   -0.8361  -15.9407   13.2886   -7.4175    0.3353   -1.3116
eta,q 0.96196  8.32320
  0.0575  0.0522  0.0465  0.0388  0.0464  0.0436
  0.0492  0.0458  0.0432  0.0379  0.0427  0.0406
  0.0425  0.0423  0.0407  0.0386  0.0397  0.0387
  0.0404  0.0404  0.0399  0.0399  0.0380  0.0380
  0.0438  0.0400  0.0412  0.0419  0.0387  0.0388
  0.0510  0.0415  0.0440  0.0450  0.0418  0.0405
  0.0588  0.0452  0.0488  0.0478  0.0471  0.0430
niter,ni,del,rscale     5    3   12.0000    1.2000
parameters
   -0.8320  -14.5189   12.1644   -7.7796    0.3478   -1.6186
eta,q 0.96371  8.32600
  0.0572  0.0547  0.0417  0.0462  0.0445  0.0415
  0.0480  0.0474  0.0379  0.0397  0.0410  0.0386
  0.0408  0.0415  0.0364  0.0361  0.0379  0.0368
  0.0380  0.0380  0.0371  0.0366  0.0363  0.0363
  0.0412  0.0371  0.0386  0.0392  0.0370  0.0374
  0.0485  0.0394  0.0419  0.0425  0.0401  0.0395
  0.0566  0.0445  0.0474  0.0460  0.0452  0.0424
niter,ni,del,rscale     4    3   12.0000    1.2000
parameters
   -0.8878  -14.3777   12.1238   -7.9799    0.3758   -1.6519
eta,q 0.96386  8.32369
  0.0567  0.0500  0.0444  0.0464  0.0445  0.0419
  0.0467  0.0429  0.0395  0.0403  0.0409  0.0388
  0.0390  0.0381  0.0365  0.0362  0.0377  0.0368
  0.0363  0.0363  0.0363  0.0363  0.0361  0.0361
  0.0401  0.0377  0.0375  0.0387  0.0368  0.0370
  0.0479  0.0423  0.0398  0.0423  0.0400  0.0390
  0.0566  0.0487  0.0442  0.0458  0.0451  0.0419
niter,ni,del,rscale     3    3   12.0000    1.2000
parameters
   -0.9003  -14.3018   12.0803   -8.0903    0.3708   -1.6554
eta,q 0.96394  8.32318
  0.0569  0.0499  0.0443  0.0466  0.0444  0.0419
  0.0469  0.0427  0.0395  0.0406  0.0408  0.0388
  0.0390  0.0379  0.0364  0.0363  0.0376  0.0367
  0.0361  0.0361  0.0361  0.0361  0.0361  0.0361
  0.0398  0.0378  0.0374  0.0385  0.0368  0.0369
  0.0477  0.0426  0.0397  0.0421  0.0400  0.0389
  0.0564  0.0490  0.0442  0.0457  0.0452  0.0418
niter,ni,del,rscale     2    3   12.0000    1.2000
parameters
   -0.8986  -14.2605   12.0565   -8.1511    0.3589   -1.6538
eta,q 0.96398  8.32315
  0.0570  0.0499  0.0444  0.0466  0.0443  0.0419
  0.0469  0.0426  0.0395  0.0408  0.0407  0.0387
  0.0389  0.0377  0.0364  0.0363  0.0375  0.0367
  0.0361  0.0361  0.0361  0.0360  0.0360  0.0360
  0.0397  0.0378  0.0373  0.0384  0.0368  0.0368
  0.0475  0.0428  0.0397  0.0420  0.0400  0.0388
  0.0563  0.0492  0.0441  0.0456  0.0451  0.0418
registration optimization eta report
parameter search radius
    6.0000    6.0000    6.0000    7.9350    6.0000    6.0000
100000*second partial in parameter space
       56.       37.       23.       16.       24.       16.
  0.0570  0.0499  0.0444  0.0466  0.0443  0.0419
  0.0469  0.0426  0.0395  0.0408  0.0407  0.0387
  0.0389  0.0377  0.0364  0.0363  0.0375  0.0367
  0.0361  0.0361  0.0361  0.0360  0.0360  0.0360
  0.0397  0.0378  0.0373  0.0384  0.0368  0.0368
  0.0475  0.0428  0.0397  0.0420  0.0400  0.0388
  0.0563  0.0492  0.0441  0.0456  0.0451  0.0418
   -0.8986  -14.2605   12.0565   -8.1511    0.3589   -1.6538
eta,q 0.96398  8.32315

---------------------------------------------------------------------
imgreg_4dfp /opt/freesurfer/average/711-2C_as_mni_average_305 /opt/freesurfer/average/711-2B_as_mni_average_305_mask talsrcimg_g11 none talsrcimg_to_711-2C_as_mni_average_305_t4 3335
---------------------------------------------------------------------

freesurfer imgreg_4dfp.c
/opt/freesurfer/average/711-2C_as_mni_average_305.4dfp.img
       256       256       256         1
  1.000000  1.000000  1.000000
orientation T byte_order littleendian
Reading image: /opt/freesurfer/average/711-2C_as_mni_average_305.4dfp.img
dimensions:      256       256       256
mmppix:       1.0000   -1.0000   -1.0000
center:     128.0000 -129.0000 -129.0000
/opt/freesurfer/average/711-2B_as_mni_average_305_mask.4dfp.img
       256       256       256         1
  1.000000  1.000000  1.000000
orientation T byte_order littleendian
Reading mask: /opt/freesurfer/average/711-2B_as_mni_average_305_mask.4dfp.img (2306576 pixels)
talsrcimg_g11.4dfp.img
       256       256       256         1
  1.000000  1.000000  1.000000
orientation T byte_order littleendian
Reading image: talsrcimg_g11.4dfp.img
dimensions:      256       256       256
mmppix:       1.0000   -1.0000   -1.0000
center:     128.0000 -129.0000 -129.0000
fimgreg.f
image alignment mode   3335 decimal      D07 hex
parameters
   -0.8986  -14.2605   12.0565   -0.0436   -1.0540   -1.0122
    2.9456   -0.2105   -2.8860   14.1905    0.6263  -14.1782
eta,q 0.96417  8.39461
niter,ni,del,rscale     5    3    5.0000    1.2000
parameter  4  0.959612 ->  0.500000 qaram    1.1500
parameter  5  1.179572 ->  0.500000 qaram    1.1500
parameter  6  0.718303 ->  0.500000 qaram    1.1500
parameters
   -0.8936  -13.5443   11.7790   -4.1836   -5.1940   -5.1522
    2.8928    1.0640    0.0767   11.6631   -0.7299  -14.6142
eta,q 0.97219  7.90573
  0.0391  0.0394  0.0368  0.0323  0.0296  0.0289  0.0306  0.0337  0.0307  0.0291  0.0284  0.0287
  0.0373  0.0378  0.0361  0.0328  0.0303  0.0286  0.0295  0.0315  0.0297  0.0282  0.0280  0.0282
  0.0362  0.0366  0.0357  0.0338  0.0314  0.0290  0.0288  0.0296  0.0289  0.0278  0.0278  0.0279
  0.0358  0.0358  0.0356  0.0356  0.0330  0.0306  0.0286  0.0286  0.0284  0.0282  0.0278  0.0278
  0.0362  0.0356  0.0359  0.0383  0.0355  0.0330  0.0288  0.0285  0.0282  0.0292  0.0281  0.0280
  0.0373  0.0359  0.0366  0.0419  0.0385  0.0362  0.0295  0.0294  0.0283  0.0310  0.0285  0.0284
  0.0390  0.0368  0.0376  0.0461  0.0417  0.0401  0.0306  0.0312  0.0286  0.0333  0.0292  0.0290
niter,ni,del,rscale     7    3    5.0000    1.2000
parameter  5  0.516944 ->  0.500000 qaram    1.3225
parameters
   -0.7154  -13.0587   10.9672   -7.9425   -9.9550   -8.1871
    1.8955    1.4082    1.2582   14.8541   -1.4423  -15.8997
eta,q 0.97405  7.48552
  0.0311  0.0306  0.0281  0.0276  0.0268  0.0273  0.0279  0.0299  0.0278  0.0295  0.0265  0.0265
  0.0294  0.0293  0.0277  0.0272  0.0265  0.0267  0.0270  0.0281  0.0272  0.0281  0.0262  0.0261
  0.0283  0.0283  0.0275  0.0271  0.0266  0.0265  0.0265  0.0269  0.0267  0.0271  0.0260  0.0260
  0.0278  0.0278  0.0277  0.0275  0.0271  0.0265  0.0265  0.0264  0.0264  0.0264  0.0260  0.0260
  0.0280  0.0277  0.0282  0.0287  0.0282  0.0275  0.0269  0.0267  0.0264  0.0260  0.0261  0.0261
  0.0288  0.0281  0.0289  0.0309  0.0301  0.0298  0.0277  0.0276  0.0267  0.0260  0.0263  0.0265
  0.0303  0.0290  0.0299  0.0343  0.0330  0.0331  0.0288  0.0293  0.0272  0.0266  0.0267  0.0271
niter,ni,del,rscale     7    3    5.0000    1.2000
parameter  3  0.782540 ->  0.500000 qaram    1.1500
parameters
   -0.6657  -12.0123    9.5872   -8.8957  -12.4381  -10.4075
    1.2156    1.6362    0.5890   18.2423   -0.2559  -17.4640
eta,q 0.97562  7.31232
  0.0287  0.0292  0.0251  0.0263  0.0262  0.0262  0.0265  0.0281  0.0260  0.0279  0.0254  0.0250
  0.0272  0.0278  0.0250  0.0256  0.0253  0.0254  0.0255  0.0264  0.0254  0.0266  0.0249  0.0246
  0.0263  0.0267  0.0252  0.0252  0.0249  0.0250  0.0250  0.0253  0.0250  0.0256  0.0246  0.0244
  0.0259  0.0259  0.0256  0.0250  0.0250  0.0249  0.0250  0.0249  0.0249  0.0249  0.0245  0.0244
  0.0262  0.0256  0.0263  0.0252  0.0256  0.0255  0.0253  0.0252  0.0252  0.0245  0.0244  0.0247
  0.0271  0.0257  0.0271  0.0259  0.0270  0.0274  0.0261  0.0261  0.0257  0.0245  0.0246  0.0251
  0.0284  0.0262  0.0281  0.0276  0.0292  0.0304  0.0271  0.0278  0.0265  0.0250  0.0249  0.0258
niter,ni,del,rscale     7    3    5.0000    1.2000
parameters
   -0.6389  -11.1807    8.3564   -9.0709  -13.8000  -11.8947
    1.0547    1.7362   -0.0126   19.9183    0.1265  -18.5288
eta,q 0.97632  7.23366
  0.0271  0.0278  0.0244  0.0254  0.0257  0.0256  0.0259  0.0271  0.0252  0.0265  0.0246  0.0245
  0.0256  0.0263  0.0238  0.0245  0.0246  0.0247  0.0248  0.0254  0.0245  0.0253  0.0241  0.0240
  0.0247  0.0251  0.0238  0.0240  0.0239  0.0241  0.0241  0.0243  0.0240  0.0244  0.0238  0.0237
  0.0244  0.0244  0.0241  0.0238  0.0238  0.0237  0.0239  0.0239  0.0239  0.0239  0.0237  0.0237
  0.0247  0.0241  0.0248  0.0239  0.0242  0.0240  0.0242  0.0242  0.0242  0.0237  0.0238  0.0240
  0.0255  0.0244  0.0258  0.0245  0.0255  0.0258  0.0249  0.0252  0.0248  0.0240  0.0240  0.0244
  0.0269  0.0250  0.0269  0.0257  0.0276  0.0287  0.0260  0.0270  0.0258  0.0249  0.0244  0.0251
niter,ni,del,rscale     6    3    5.0000    1.2000
parameters
   -0.6064  -10.7711    8.0189   -9.1704  -14.4100  -12.4293
    1.0666    1.7646   -0.1703   20.6553    0.1739  -18.9672
eta,q 0.97636  7.20563
  0.0264  0.0265  0.0249  0.0253  0.0259  0.0258  0.0258  0.0268  0.0253  0.0258  0.0245  0.0246
  0.0249  0.0251  0.0241  0.0244  0.0247  0.0248  0.0246  0.0252  0.0244  0.0247  0.0240  0.0241
  0.0240  0.0241  0.0237  0.0238  0.0239  0.0241  0.0239  0.0241  0.0239  0.0241  0.0237  0.0237
  0.0237  0.0237  0.0237  0.0236  0.0236  0.0236  0.0237  0.0237  0.0237  0.0237  0.0236  0.0236
  0.0240  0.0237  0.0240  0.0238  0.0239  0.0235  0.0240  0.0240  0.0239  0.0237  0.0237  0.0238
  0.0248  0.0242  0.0247  0.0243  0.0250  0.0248  0.0247  0.0251  0.0245  0.0241  0.0240  0.0243
  0.0262  0.0250  0.0257  0.0255  0.0269  0.0273  0.0257  0.0268  0.0254  0.0252  0.0244  0.0249
niter,ni,del,rscale     5    3    5.0000    1.2000
parameters
   -0.6023  -10.5525    7.8368   -9.2451  -14.7195  -12.7468
    1.0844    1.7773   -0.2034   21.0668    0.1530  -19.1609
eta,q 0.97632  7.19036
  0.0262  0.0261  0.0251  0.0254  0.0261  0.0259  0.0258  0.0268  0.0253  0.0256  0.0245  0.0247
  0.0248  0.0248  0.0242  0.0244  0.0248  0.0249  0.0247  0.0251  0.0244  0.0246  0.0240  0.0242
  0.0239  0.0240  0.0237  0.0238  0.0240  0.0242  0.0239  0.0241  0.0239  0.0240  0.0238  0.0238
  0.0236  0.0236  0.0236  0.0236  0.0236  0.0236  0.0237  0.0237  0.0237  0.0237  0.0237  0.0237
  0.0239  0.0238  0.0239  0.0238  0.0239  0.0235  0.0240  0.0240  0.0239  0.0237  0.0238  0.0238
  0.0248  0.0244  0.0245  0.0244  0.0248  0.0246  0.0247  0.0251  0.0245  0.0242  0.0240  0.0242
  0.0262  0.0253  0.0255  0.0255  0.0267  0.0270  0.0257  0.0268  0.0253  0.0253  0.0245  0.0248
niter,ni,del,rscale     4    3    5.0000    1.2000
parameters
   -0.6043  -10.4217    7.7214   -9.2705  -14.8921  -12.9458
    1.1007    1.7776   -0.1996   21.3219    0.1445  -19.2505
eta,q 0.97630  7.18231
  0.0262  0.0259  0.0252  0.0254  0.0262  0.0259  0.0258  0.0268  0.0253  0.0255  0.0245  0.0248
  0.0248  0.0247  0.0243  0.0245  0.0249  0.0249  0.0247  0.0252  0.0244  0.0246  0.0240  0.0242
  0.0240  0.0239  0.0238  0.0239  0.0240  0.0242  0.0240  0.0241  0.0239  0.0240  0.0238  0.0238
  0.0237  0.0237  0.0237  0.0237  0.0237  0.0237  0.0237  0.0237  0.0237  0.0237  0.0237  0.0237
  0.0240  0.0239  0.0239  0.0239  0.0239  0.0235  0.0240  0.0240  0.0239  0.0237  0.0238  0.0239
  0.0248  0.0244  0.0245  0.0244  0.0248  0.0245  0.0247  0.0251  0.0244  0.0243  0.0240  0.0242
  0.0262  0.0254  0.0254  0.0255  0.0266  0.0268  0.0257  0.0269  0.0253  0.0254  0.0245  0.0248
niter,ni,del,rscale     3    3    5.0000    1.2000
parameters
   -0.6090  -10.3415    7.6450   -9.2850  -14.9943  -13.0857
    1.1074    1.7761   -0.1954   21.4774    0.1382  -19.3091
eta,q 0.97628  7.17708
  0.0262  0.0258  0.0252  0.0254  0.0262  0.0259  0.0258  0.0268  0.0253  0.0254  0.0245  0.0248
  0.0248  0.0246  0.0243  0.0245  0.0249  0.0249  0.0247  0.0252  0.0245  0.0245  0.0240  0.0242
  0.0240  0.0239  0.0238  0.0239  0.0240  0.0242  0.0240  0.0241  0.0239  0.0240  0.0238  0.0238
  0.0237  0.0237  0.0237  0.0237  0.0237  0.0237  0.0237  0.0237  0.0237  0.0237  0.0237  0.0237
  0.0240  0.0239  0.0239  0.0239  0.0239  0.0235  0.0240  0.0241  0.0239  0.0238  0.0238  0.0239
  0.0249  0.0245  0.0245  0.0244  0.0248  0.0245  0.0247  0.0251  0.0245  0.0243  0.0241  0.0242
  0.0262  0.0254  0.0254  0.0255  0.0265  0.0267  0.0258  0.0269  0.0253  0.0254  0.0245  0.0248
niter,ni,del,rscale     2    3    5.0000    1.2000
parameters
   -0.6118  -10.2905    7.5969   -9.2913  -15.0585  -13.1740
    1.1136    1.7743   -0.1940   21.5791    0.1091  -19.3401
eta,q 0.97627  7.17398
  0.0263  0.0257  0.0253  0.0255  0.0263  0.0259  0.0258  0.0268  0.0253  0.0254  0.0245  0.0248
  0.0248  0.0246  0.0244  0.0245  0.0249  0.0249  0.0247  0.0252  0.0245  0.0245  0.0241  0.0242
  0.0240  0.0239  0.0239  0.0239  0.0241  0.0242  0.0240  0.0241  0.0239  0.0240  0.0238  0.0239
  0.0237  0.0237  0.0237  0.0237  0.0237  0.0237  0.0237  0.0237  0.0237  0.0237  0.0237  0.0237
  0.0240  0.0240  0.0239  0.0239  0.0239  0.0235  0.0240  0.0241  0.0239  0.0238  0.0238  0.0239
  0.0249  0.0246  0.0245  0.0244  0.0248  0.0244  0.0247  0.0251  0.0245  0.0243  0.0241  0.0242
  0.0262  0.0255  0.0253  0.0255  0.0265  0.0267  0.0258  0.0269  0.0253  0.0255  0.0245  0.0248
niter,ni,del,rscale     1    3    5.0000    1.2000
parameters
   -0.6134  -10.2580    7.5617   -9.2963  -15.0996  -13.2435
    1.1125    1.7754   -0.1898   21.6444    0.1072  -19.3490
eta,q 0.97626  7.17157
  0.0263  0.0257  0.0253  0.0255  0.0263  0.0260  0.0258  0.0268  0.0253  0.0254  0.0245  0.0248
  0.0249  0.0246  0.0244  0.0245  0.0250  0.0249  0.0247  0.0252  0.0245  0.0245  0.0241  0.0243
  0.0240  0.0239  0.0239  0.0239  0.0241  0.0243  0.0240  0.0241  0.0239  0.0240  0.0238  0.0239
  0.0237  0.0237  0.0237  0.0237  0.0237  0.0237  0.0237  0.0237  0.0237  0.0237  0.0237  0.0237
  0.0240  0.0240  0.0239  0.0239  0.0239  0.0235  0.0240  0.0241  0.0239  0.0238  0.0238  0.0239
  0.0249  0.0246  0.0245  0.0245  0.0248  0.0244  0.0247  0.0251  0.0245  0.0243  0.0241  0.0242
  0.0262  0.0255  0.0253  0.0255  0.0265  0.0267  0.0258  0.0269  0.0253  0.0255  0.0245  0.0248
registration optimization eta report
parameter search radius
    2.4000    2.4000    2.7600    8.2800    9.5220    8.2800
    7.2000    7.2000    7.2000    7.2000    7.2000    7.2000
100000*second partial in parameter space
       44.       33.       21.        3.        3.        4.
        4.        6.        3.        3.        1.        2.
  0.0263  0.0257  0.0253  0.0255  0.0263  0.0260  0.0258  0.0268  0.0253  0.0254  0.0245  0.0248
  0.0249  0.0246  0.0244  0.0245  0.0250  0.0249  0.0247  0.0252  0.0245  0.0245  0.0241  0.0243
  0.0240  0.0239  0.0239  0.0239  0.0241  0.0243  0.0240  0.0241  0.0239  0.0240  0.0238  0.0239
  0.0237  0.0237  0.0237  0.0237  0.0237  0.0237  0.0237  0.0237  0.0237  0.0237  0.0237  0.0237
  0.0240  0.0240  0.0239  0.0239  0.0239  0.0235  0.0240  0.0241  0.0239  0.0238  0.0238  0.0239
  0.0249  0.0246  0.0245  0.0245  0.0248  0.0244  0.0247  0.0251  0.0245  0.0243  0.0241  0.0242
  0.0262  0.0255  0.0253  0.0255  0.0265  0.0267  0.0258  0.0269  0.0253  0.0255  0.0245  0.0248
   -0.6134  -10.2580    7.5617   -9.2963  -15.0996  -13.2435
    1.1125    1.7754   -0.1898   21.6444    0.1072  -19.3490
eta,q 0.97626  7.17157

---------------------------------------------------------------------
imgreg_4dfp /opt/freesurfer/average/711-2C_as_mni_average_305 /opt/freesurfer/average/711-2B_as_mni_average_305_mask talsrcimg_g11 none talsrcimg_to_711-2C_as_mni_average_305_t4 2311
---------------------------------------------------------------------

freesurfer imgreg_4dfp.c
/opt/freesurfer/average/711-2C_as_mni_average_305.4dfp.img
       256       256       256         1
  1.000000  1.000000  1.000000
orientation T byte_order littleendian
Reading image: /opt/freesurfer/average/711-2C_as_mni_average_305.4dfp.img
dimensions:      256       256       256
mmppix:       1.0000   -1.0000   -1.0000
center:     128.0000 -129.0000 -129.0000
/opt/freesurfer/average/711-2B_as_mni_average_305_mask.4dfp.img
       256       256       256         1
  1.000000  1.000000  1.000000
orientation T byte_order littleendian
Reading mask: /opt/freesurfer/average/711-2B_as_mni_average_305_mask.4dfp.img (2306576 pixels)
talsrcimg_g11.4dfp.img
       256       256       256         1
  1.000000  1.000000  1.000000
orientation T byte_order littleendian
Reading image: talsrcimg_g11.4dfp.img
dimensions:      256       256       256
mmppix:       1.0000   -1.0000   -1.0000
center:     128.0000 -129.0000 -129.0000
fimgreg.f
image alignment mode   2311 decimal      907 hex
parameters
   -0.6134  -10.2580    7.5617   -9.2963  -15.0996  -13.2435
    1.1125    1.7754   -0.1898   21.6444    0.1072  -19.3490
eta,q 0.97626  7.17157
niter,ni,del,rscale     5    3    5.0000    0.8000
parameters
   -0.6265  -10.2793    7.5188   -9.1452  -14.5340  -11.6357
    1.0715    1.7875   -0.1362   21.9453    0.1602  -19.7342
eta,q 0.97652  7.24892
  0.0249  0.0246  0.0243  0.0244  0.0245  0.0248  0.0245  0.0251  0.0243  0.0246  0.0239  0.0240
  0.0242  0.0241  0.0240  0.0240  0.0241  0.0244  0.0239  0.0243  0.0238  0.0241  0.0237  0.0237
  0.0239  0.0238  0.0238  0.0238  0.0239  0.0240  0.0236  0.0237  0.0236  0.0237  0.0235  0.0235
  0.0237  0.0237  0.0237  0.0237  0.0237  0.0237  0.0235  0.0235  0.0235  0.0235  0.0235  0.0235
  0.0239  0.0239  0.0238  0.0238  0.0237  0.0235  0.0236  0.0237  0.0236  0.0235  0.0235  0.0236
  0.0243  0.0241  0.0240  0.0240  0.0239  0.0235  0.0240  0.0242  0.0238  0.0238  0.0237  0.0238
  0.0249  0.0246  0.0243  0.0243  0.0242  0.0240  0.0245  0.0251  0.0242  0.0244  0.0239  0.0241
niter,ni,del,rscale     4    3    5.0000    0.7000
parameters
   -0.6133  -10.4544    7.7370   -9.0496  -14.3033  -11.4858
    1.0050    1.8063   -0.1948   21.7154    0.1785  -19.6121
eta,q 0.97657  7.26013
  0.0244  0.0240  0.0241  0.0240  0.0240  0.0243  0.0242  0.0247  0.0240  0.0241  0.0237  0.0239
  0.0239  0.0237  0.0238  0.0237  0.0238  0.0240  0.0238  0.0240  0.0237  0.0238  0.0236  0.0236
  0.0236  0.0235  0.0236  0.0235  0.0236  0.0237  0.0235  0.0236  0.0235  0.0235  0.0235  0.0235
  0.0235  0.0235  0.0235  0.0234  0.0234  0.0234  0.0234  0.0234  0.0234  0.0234  0.0234  0.0234
  0.0236  0.0236  0.0235  0.0235  0.0235  0.0234  0.0235  0.0236  0.0235  0.0235  0.0235  0.0235
  0.0239  0.0239  0.0236  0.0237  0.0236  0.0237  0.0238  0.0240  0.0237  0.0238  0.0236  0.0236
  0.0244  0.0243  0.0238  0.0239  0.0240  0.0244  0.0242  0.0247  0.0241  0.0244  0.0237  0.0238
niter,ni,del,rscale     3    3    5.0000    0.6000
parameters
   -0.5979  -10.5527    7.8006   -8.9945  -14.1324  -11.1666
    0.9743    1.8274   -0.1989   21.5778    0.1980  -19.6212
eta,q 0.97661  7.27542
  0.0241  0.0239  0.0238  0.0238  0.0239  0.0242  0.0240  0.0244  0.0239  0.0239  0.0236  0.0237
  0.0237  0.0236  0.0236  0.0236  0.0237  0.0239  0.0236  0.0238  0.0236  0.0237  0.0235  0.0235
  0.0235  0.0235  0.0235  0.0235  0.0235  0.0236  0.0235  0.0235  0.0234  0.0235  0.0234  0.0234
  0.0234  0.0234  0.0234  0.0234  0.0234  0.0234  0.0234  0.0234  0.0234  0.0234  0.0234  0.0234
  0.0235  0.0235  0.0235  0.0235  0.0234  0.0234  0.0235  0.0235  0.0234  0.0235  0.0234  0.0234
  0.0237  0.0237  0.0236  0.0236  0.0236  0.0236  0.0237  0.0238  0.0236  0.0237  0.0235  0.0235
  0.0241  0.0240  0.0238  0.0238  0.0238  0.0241  0.0240  0.0244  0.0239  0.0241  0.0236  0.0237
niter,ni,del,rscale     2    3    5.0000    0.5000
parameters
   -0.5858  -10.6175    7.8864   -8.9864  -14.0473  -10.8662
    0.9410    1.8405   -0.2124   21.4729    0.2331  -19.6737
eta,q 0.97663  7.28659
  0.0239  0.0237  0.0237  0.0236  0.0237  0.0240  0.0238  0.0241  0.0237  0.0238  0.0235  0.0236
  0.0236  0.0235  0.0235  0.0235  0.0235  0.0237  0.0235  0.0237  0.0235  0.0236  0.0234  0.0235
  0.0234  0.0234  0.0234  0.0234  0.0234  0.0235  0.0234  0.0234  0.0234  0.0234  0.0234  0.0234
  0.0234  0.0234  0.0234  0.0234  0.0234  0.0234  0.0234  0.0234  0.0234  0.0234  0.0234  0.0234
  0.0234  0.0235  0.0234  0.0234  0.0234  0.0234  0.0234  0.0234  0.0234  0.0234  0.0234  0.0234
  0.0236  0.0236  0.0235  0.0235  0.0235  0.0235  0.0236  0.0237  0.0235  0.0236  0.0234  0.0235
  0.0239  0.0238  0.0236  0.0236  0.0237  0.0239  0.0238  0.0241  0.0237  0.0239  0.0235  0.0236
niter,ni,del,rscale     1    3    5.0000    0.4000
parameters
   -0.5789  -10.6662    7.9660   -8.9706  -13.9696  -10.6073
    0.9225    1.8486   -0.2125   21.3766    0.2709  -19.6535
eta,q 0.97665  7.29644
  0.0237  0.0236  0.0236  0.0235  0.0236  0.0238  0.0236  0.0238  0.0236  0.0236  0.0235  0.0235
  0.0235  0.0235  0.0235  0.0234  0.0235  0.0236  0.0235  0.0236  0.0234  0.0235  0.0234  0.0234
  0.0234  0.0234  0.0234  0.0234  0.0234  0.0235  0.0234  0.0234  0.0234  0.0234  0.0234  0.0234
  0.0234  0.0234  0.0234  0.0234  0.0234  0.0234  0.0233  0.0233  0.0233  0.0233  0.0233  0.0233
  0.0234  0.0234  0.0234  0.0234  0.0234  0.0233  0.0234  0.0234  0.0234  0.0234  0.0234  0.0234
  0.0235  0.0235  0.0234  0.0234  0.0234  0.0235  0.0235  0.0236  0.0234  0.0235  0.0234  0.0234
  0.0237  0.0236  0.0235  0.0235  0.0236  0.0237  0.0236  0.0238  0.0236  0.0237  0.0235  0.0235
registration optimization eta report
parameter search radius
    0.8000    0.8000    0.8000    2.4000    2.4000    2.4000
    2.4000    2.4000    2.4000    2.4000    2.4000    2.4000
100000*second partial in parameter space
       48.       38.       28.        3.        3.        7.
        5.        8.        4.        5.        2.        3.
  0.0237  0.0236  0.0236  0.0235  0.0236  0.0238  0.0236  0.0238  0.0236  0.0236  0.0235  0.0235
  0.0235  0.0235  0.0235  0.0234  0.0235  0.0236  0.0235  0.0236  0.0234  0.0235  0.0234  0.0234
  0.0234  0.0234  0.0234  0.0234  0.0234  0.0235  0.0234  0.0234  0.0234  0.0234  0.0234  0.0234
  0.0234  0.0234  0.0234  0.0234  0.0234  0.0234  0.0233  0.0233  0.0233  0.0233  0.0233  0.0233
  0.0234  0.0234  0.0234  0.0234  0.0234  0.0233  0.0234  0.0234  0.0234  0.0234  0.0234  0.0234
  0.0235  0.0235  0.0234  0.0234  0.0234  0.0235  0.0235  0.0236  0.0234  0.0235  0.0234  0.0234
  0.0237  0.0236  0.0235  0.0235  0.0236  0.0237  0.0236  0.0238  0.0236  0.0237  0.0235  0.0235
   -0.5789  -10.6662    7.9660   -8.9706  -13.9696  -10.6073
    0.9225    1.8486   -0.2125   21.3766    0.2709  -19.6535
eta,q 0.97665  7.29644

---------------------------------------------------------------------
imgreg_4dfp /opt/freesurfer/average/711-2C_as_mni_average_305 /opt/freesurfer/average/711-2B_as_mni_average_305_mask talsrcimg_g11 none talsrcimg_to_711-2C_as_mni_average_305_t4 2311
---------------------------------------------------------------------

freesurfer imgreg_4dfp.c
/opt/freesurfer/average/711-2C_as_mni_average_305.4dfp.img
       256       256       256         1
  1.000000  1.000000  1.000000
orientation T byte_order littleendian
Reading image: /opt/freesurfer/average/711-2C_as_mni_average_305.4dfp.img
dimensions:      256       256       256
mmppix:       1.0000   -1.0000   -1.0000
center:     128.0000 -129.0000 -129.0000
/opt/freesurfer/average/711-2B_as_mni_average_305_mask.4dfp.img
       256       256       256         1
  1.000000  1.000000  1.000000
orientation T byte_order littleendian
Reading mask: /opt/freesurfer/average/711-2B_as_mni_average_305_mask.4dfp.img (2306576 pixels)
talsrcimg_g11.4dfp.img
       256       256       256         1
  1.000000  1.000000  1.000000
orientation T byte_order littleendian
Reading image: talsrcimg_g11.4dfp.img
dimensions:      256       256       256
mmppix:       1.0000   -1.0000   -1.0000
center:     128.0000 -129.0000 -129.0000
fimgreg.f
image alignment mode   2311 decimal      907 hex
parameters
   -0.5789  -10.6662    7.9660   -8.9706  -13.9696  -10.6073
    0.9225    1.8486   -0.2125   21.3766    0.2709  -19.6535
eta,q 0.97665  7.29644
niter,ni,del,rscale     5    3    5.0000    0.8000
parameters
   -0.5629  -10.6559    8.0748   -9.0645  -14.2068  -11.0871
    0.9635    1.8379   -0.2227   21.1961    0.2422  -19.4232
eta,q 0.97660  7.26637
  0.0246  0.0244  0.0242  0.0240  0.0240  0.0244  0.0244  0.0250  0.0242  0.0243  0.0238  0.0240
  0.0239  0.0238  0.0237  0.0236  0.0237  0.0239  0.0239  0.0242  0.0238  0.0238  0.0236  0.0237
  0.0235  0.0234  0.0235  0.0234  0.0234  0.0236  0.0235  0.0236  0.0235  0.0235  0.0234  0.0235
  0.0233  0.0233  0.0234  0.0233  0.0233  0.0233  0.0234  0.0234  0.0234  0.0234  0.0234  0.0234
  0.0235  0.0235  0.0234  0.0234  0.0234  0.0235  0.0235  0.0236  0.0235  0.0235  0.0234  0.0234
  0.0239  0.0238  0.0236  0.0236  0.0237  0.0241  0.0239  0.0241  0.0238  0.0239  0.0236  0.0236
  0.0245  0.0243  0.0240  0.0240  0.0243  0.0252  0.0244  0.0251  0.0242  0.0246  0.0238  0.0239
niter,ni,del,rscale     4    3    5.0000    0.7000
parameters
   -0.5801  -10.6742    7.9562   -8.9926  -14.0750  -11.0934
    0.9755    1.8312   -0.2096   21.2545    0.2269  -19.4597
eta,q 0.97661  7.27406
  0.0243  0.0241  0.0238  0.0239  0.0240  0.0243  0.0242  0.0247  0.0240  0.0242  0.0237  0.0238
  0.0238  0.0237  0.0236  0.0236  0.0237  0.0239  0.0237  0.0240  0.0237  0.0238  0.0235  0.0236
  0.0235  0.0235  0.0234  0.0235  0.0235  0.0236  0.0235  0.0235  0.0235  0.0235  0.0234  0.0234
  0.0234  0.0234  0.0234  0.0234  0.0234  0.0234  0.0234  0.0234  0.0234  0.0234  0.0234  0.0234
  0.0235  0.0235  0.0235  0.0234  0.0234  0.0234  0.0235  0.0235  0.0235  0.0234  0.0234  0.0234
  0.0238  0.0238  0.0237  0.0236  0.0236  0.0237  0.0238  0.0240  0.0237  0.0237  0.0235  0.0236
  0.0244  0.0241  0.0240  0.0239  0.0240  0.0245  0.0242  0.0247  0.0240  0.0242  0.0237  0.0238
niter,ni,del,rscale     3    3    5.0000    0.6000
parameters
   -0.5842  -10.6797    7.9397   -8.9792  -14.0216  -10.9392
    0.9556    1.8382   -0.2056   21.3058    0.2254  -19.5494
eta,q 0.97663  7.28218
  0.0241  0.0239  0.0238  0.0237  0.0238  0.0241  0.0240  0.0244  0.0239  0.0240  0.0236  0.0237
  0.0237  0.0236  0.0235  0.0236  0.0236  0.0238  0.0236  0.0238  0.0236  0.0237  0.0235  0.0235
  0.0235  0.0234  0.0234  0.0234  0.0235  0.0236  0.0234  0.0235  0.0234  0.0235  0.0234  0.0234
  0.0234  0.0234  0.0234  0.0234  0.0234  0.0234  0.0234  0.0234  0.0234  0.0234  0.0234  0.0234
  0.0235  0.0235  0.0234  0.0234  0.0234  0.0234  0.0234  0.0235  0.0234  0.0234  0.0234  0.0234
  0.0237  0.0236  0.0236  0.0235  0.0236  0.0236  0.0237  0.0238  0.0236  0.0236  0.0235  0.0235
  0.0241  0.0239  0.0238  0.0237  0.0238  0.0242  0.0240  0.0244  0.0238  0.0240  0.0236  0.0237
niter,ni,del,rscale     2    3    5.0000    0.5000
parameters
   -0.5806  -10.6878    7.9683   -8.9654  -13.9961  -10.7333
    0.9357    1.8414   -0.2126   21.3246    0.2630  -19.5980
eta,q 0.97665  7.29047
  0.0239  0.0238  0.0237  0.0236  0.0237  0.0239  0.0238  0.0240  0.0237  0.0238  0.0235  0.0236
  0.0236  0.0235  0.0235  0.0235  0.0235  0.0237  0.0235  0.0237  0.0235  0.0236  0.0234  0.0235
  0.0234  0.0234  0.0234  0.0234  0.0234  0.0235  0.0234  0.0234  0.0234  0.0234  0.0234  0.0234
  0.0234  0.0234  0.0234  0.0234  0.0234  0.0234  0.0234  0.0234  0.0234  0.0234  0.0234  0.0234
  0.0234  0.0234  0.0234  0.0234  0.0234  0.0234  0.0234  0.0234  0.0234  0.0234  0.0234  0.0234
  0.0236  0.0236  0.0235  0.0235  0.0235  0.0235  0.0236  0.0237  0.0235  0.0235  0.0234  0.0235
  0.0238  0.0238  0.0236  0.0236  0.0237  0.0239  0.0238  0.0241  0.0237  0.0238  0.0235  0.0236
niter,ni,del,rscale     1    3    5.0000    0.4000
parameters
   -0.5761  -10.7023    8.0118   -8.9814  -13.9645  -10.5297
    0.9271    1.8541   -0.2248   21.2964    0.2675  -19.6350
eta,q 0.97665  7.29726
  0.0237  0.0236  0.0236  0.0235  0.0236  0.0238  0.0236  0.0238  0.0236  0.0236  0.0235  0.0235
  0.0235  0.0235  0.0235  0.0234  0.0235  0.0236  0.0235  0.0236  0.0234  0.0235  0.0234  0.0234
  0.0234  0.0234  0.0234  0.0234  0.0234  0.0234  0.0234  0.0234  0.0234  0.0234  0.0234  0.0234
  0.0234  0.0234  0.0234  0.0234  0.0234  0.0234  0.0233  0.0233  0.0233  0.0233  0.0233  0.0233
  0.0234  0.0234  0.0234  0.0234  0.0234  0.0233  0.0234  0.0234  0.0234  0.0234  0.0234  0.0234
  0.0235  0.0235  0.0234  0.0234  0.0234  0.0235  0.0235  0.0235  0.0234  0.0235  0.0234  0.0234
  0.0237  0.0236  0.0235  0.0235  0.0236  0.0237  0.0236  0.0238  0.0236  0.0236  0.0235  0.0235
registration optimization eta report
parameter search radius
    0.8000    0.8000    0.8000    2.4000    2.4000    2.4000
    2.4000    2.4000    2.4000    2.4000    2.4000    2.4000
100000*second partial in parameter space
       49.       39.       28.        3.        4.        7.
        5.        8.        4.        5.        2.        3.
  0.0237  0.0236  0.0236  0.0235  0.0236  0.0238  0.0236  0.0238  0.0236  0.0236  0.0235  0.0235
  0.0235  0.0235  0.0235  0.0234  0.0235  0.0236  0.0235  0.0236  0.0234  0.0235  0.0234  0.0234
  0.0234  0.0234  0.0234  0.0234  0.0234  0.0234  0.0234  0.0234  0.0234  0.0234  0.0234  0.0234
  0.0234  0.0234  0.0234  0.0234  0.0234  0.0234  0.0233  0.0233  0.0233  0.0233  0.0233  0.0233
  0.0234  0.0234  0.0234  0.0234  0.0234  0.0233  0.0234  0.0234  0.0234  0.0234  0.0234  0.0234
  0.0235  0.0235  0.0234  0.0234  0.0234  0.0235  0.0235  0.0235  0.0234  0.0235  0.0234  0.0234
  0.0237  0.0236  0.0235  0.0235  0.0236  0.0237  0.0236  0.0238  0.0236  0.0236  0.0235  0.0235
   -0.5761  -10.7023    8.0118   -8.9814  -13.9645  -10.5297
    0.9271    1.8541   -0.2248   21.2964    0.2675  -19.6350
eta,q 0.97665  7.29726

---------------------------------------------------------------------
compute_vox2vox talsrcimg talsrcimg_to_711-2C_as_mni_average_305_t4 /opt/freesurfer/average/711-2C_as_mni_average_305
---------------------------------------------------------------------

freesurfer compute_vox2vox.c
Reading: talsrcimg.4dfp.ifh
Reading: talsrcimg_to_711-2C_as_mni_average_305_t4
Reading: /opt/freesurfer/average/711-2C_as_mni_average_305.4dfp.ifh
Writing: talsrcimg_to_711-2C_as_mni_average_305_t4_vox2vox.txt

start time Thu Mar 12 09:58:07 CET 2026
end		time Thu Mar 12 09:59:31 CET 2026

mpr2mni305 success

avi2talxfm orig_nu.mgz /opt/freesurfer/average/mni305.cor.mgz talsrcimg_to_711-2C_as_mni_average_305_t4_vox2vox.txt transforms/talairach.auto.xfm
avi2talxfm done
mv -f /out/sourcedata/freesurfer/sub-v1s11x0050142_ses-1/mri/talsrcimg_to_711-2C_as_mni_average_305_t4_vox2vox.txt /out/sourcedata/freesurfer/sub-v1s11x0050142_ses-1/mri/transforms/talsrcimg_to_711-2C_as_mni_average_305_t4_vox2vox.txt
lta_convert --src orig_nu.mgz --trg /opt/freesurfer/average/mni305.cor.mgz --inxfm transforms/talairach.auto.xfm --outlta transforms/talairach.auto.xfm.lta --subject fsaverage
7.3.2

--src: orig_nu.mgz src image (geometry).
--trg: /opt/freesurfer/average/mni305.cor.mgz trg image (geometry).
--inmni: transforms/talairach.auto.xfm input MNI/XFM transform.
--outlta: transforms/talairach.auto.xfm.lta output LTA.
--s: fsaverage subject name
 LTA read, type : 1
 1.09869  -0.01892  -0.01616  -1.94247;
-0.00252   1.06015   0.24197  -12.63560;
 0.00349  -0.26247   1.10237  -13.90379;
 0.00000   0.00000   0.00000   1.00000;
setting subject to fsaverage
Writing  LTA to file transforms/talairach.auto.xfm.lta...
lta_convert successful.
 
 
Started at Thu Mar 12 09:58:06 CET 2026
Ended   at Thu Mar 12 09:59:32 CET 2026
talairach_avi done
