/out/sourcedata/freesurfer/sub-v1s11x0050171_ses-1/mri
/opt/freesurfer/bin/talairach_avi
--i orig_nu.mgz --xfm transforms/talairach.auto.xfm
talairach_avi 7.3.2
Linux dna074 5.14.0-427.37.1.el9_4.x86_64 #1 SMP PREEMPT_DYNAMIC Fri Sep 13 12:41:50 EDT 2024 x86_64 x86_64 x86_64 GNU/Linux
Sun Mar  8 12:45:42 CET 2026
mri_convert orig_nu.mgz talsrcimg.img 
reading from orig_nu.mgz...
TR=0.00, TE=0.00, TI=0.00, flip angle=0.00
i_ras = (-1, 0, 3.72529e-09)
j_ras = (0, 0, -1)
k_ras = (0, 1, 0)
writing to talsrcimg.img...
Analyze Output Matrix
-1.00000   0.00000   0.00000   123.91942;
 0.00000   0.00000   1.00000  -122.94510;
 0.00000  -1.00000   0.00000   155.83595;
 0.00000   0.00000   0.00000   1.00000;
--------------------
INFO: set hdr.hist.orient to -1
mpr2mni305 talsrcimg
Sun Mar  8 12:45:42 CET 2026
/opt/freesurfer/bin/mpr2mni305 talsrcimg
mpr2mni305 7.3.2
target=711-2C_as_mni_average_305

---------------------------------------------------------------------
analyzeto4dfp talsrcimg -O0 -y
---------------------------------------------------------------------

freesurfer ifh2hdr.c
Sun Mar  8 12:45:42 2026
Writing: talsrcimg.4dfp.hdr
freesurfer analyzeto4dfp.c
Reading: talsrcimg.hdr
header size 348 bytes
hdr.dime.datatype	offset=70	value=2
hdr.dime.bitpix		offset=72	value=8
hdr.hist.orient		offset=252	value=-1
dimensionality     4
dimensions       256       256       256         1
Reading: talsrcimg.img
Writing: talsrcimg.4dfp.img
Writing: talsrcimg.4dfp.ifh
ifh2hdr talsrcimg -r0to215
ori=2

---------------------------------------------------------------------
gauss_4dfp talsrcimg 1.1
---------------------------------------------------------------------

freesurfer gauss_4dfp.c
Reading: talsrcimg.4dfp.img
Writing: talsrcimg_g11.4dfp.img
image dimensions 256 256 256 padded to 288 288 288
processing volume 1freesurfer ifh2hdr.c
Sun Mar  8 12:45:44 2026
Writing: talsrcimg_g11.4dfp.hdr

Writing: talsrcimg_g11.4dfp.ifh
including: talsrcimg.4dfp.img.rec in talsrcimg_g11.4dfp.img.rec

---------------------------------------------------------------------
imgreg_4dfp /opt/freesurfer/average/711-2C_as_mni_average_305 none talsrcimg_g11 none talsrcimg_to_711-2C_as_mni_average_305_t4 4355
---------------------------------------------------------------------

freesurfer imgreg_4dfp.c
/opt/freesurfer/average/711-2C_as_mni_average_305.4dfp.img
       256       256       256         1
  1.000000  1.000000  1.000000
orientation T byte_order littleendian
Reading image: /opt/freesurfer/average/711-2C_as_mni_average_305.4dfp.img
dimensions:      256       256       256
mmppix:       1.0000   -1.0000   -1.0000
center:     128.0000 -129.0000 -129.0000
talsrcimg_g11.4dfp.img
       256       256       256         1
  1.000000  1.000000  1.000000
orientation T byte_order littleendian
Reading image: talsrcimg_g11.4dfp.img
dimensions:      256       256       256
mmppix:       1.0000   -1.0000   -1.0000
center:     128.0000 -129.0000 -129.0000
t4_read: open error in t4_sub.f l:  41 t4_file(1:l)talsrcimg_to_711-2C_as_mni_average_305_t4 
t4_read: transform initialized to I4
rotation matrix determinant  1.000000
image alignment mode   4355 decimal     1103 hex
   -7.5000  -45.0000  -45.0000 7924.1206   15.4167
    0.0000  -45.0000  -45.0000 8320.6328   15.4296
    7.5000  -45.0000  -45.0000 7943.2598   15.4032
   -7.5000  -37.5000  -45.0000 8525.9971   15.2919
    0.0000  -37.5000  -45.0000 8951.2705   15.3030
    7.5000  -37.5000  -45.0000 8538.9766   15.2778
   -7.5000  -30.0000  -45.0000 9400.5020   15.2728
    0.0000  -30.0000  -45.0000 9863.3838   15.2865
    7.5000  -30.0000  -45.0000 9415.0127   15.2632
   -7.5000  -22.5000  -45.000010222.0830   15.3076
    0.0000  -22.5000  -45.000010724.9844   15.3261
    7.5000  -22.5000  -45.000010238.1230   15.3048
   -7.5000  -15.0000  -45.000010966.9707   15.3339
    0.0000  -15.0000  -45.000011538.2070   15.3551
    7.5000  -15.0000  -45.000010990.8311   15.3354
   -7.5000   -7.5000  -45.000011677.5898   15.3234
    0.0000   -7.5000  -45.000012286.3936   15.3411
    7.5000   -7.5000  -45.000011704.5781   15.3193
   -7.5000    0.0000  -45.000012348.1641   15.2896
    0.0000    0.0000  -45.000012952.7354   15.3020
    7.5000    0.0000  -45.000012356.3955   15.2772
   -7.5000    7.5000  -45.000012119.8818   15.2652
    0.0000    7.5000  -45.000012699.1836   15.2764
    7.5000    7.5000  -45.000012113.3877   15.2515
   -7.5000   15.0000  -45.000011660.0732   15.2728
    0.0000   15.0000  -45.000012228.5449   15.2864
    7.5000   15.0000  -45.000011620.3047   15.2631
   -7.5000   22.5000  -45.000011088.9512   15.3055
    0.0000   22.5000  -45.000011631.8213   15.3240
    7.5000   22.5000  -45.000011043.9893   15.3027
   -7.5000   30.0000  -45.000010230.8076   15.1296
    0.0000   30.0000  -45.000010708.8047   15.1505
    7.5000   30.0000  -45.000010167.6582   15.1310
   -7.5000   37.5000  -45.0000 9704.8701   15.1192
    0.0000   37.5000  -45.000010173.5508   15.1366
    7.5000   37.5000  -45.0000 9650.7734   15.1152
   -7.5000   45.0000  -45.0000 8879.0439   14.7028
    0.0000   45.0000  -45.0000 9306.6689   14.7147
    7.5000   45.0000  -45.0000 8809.3252   14.6908
   -7.5000  -45.0000  -37.5000 8464.1113   15.3827
    0.0000  -45.0000  -37.5000 8887.3477   15.3871
    7.5000  -45.0000  -37.5000 8481.7041   15.3595
   -7.5000  -37.5000  -37.5000 9126.3242   15.2583
    0.0000  -37.5000  -37.5000 9579.3271   15.2614
    7.5000  -37.5000  -37.5000 9137.2480   15.2339
   -7.5000  -30.0000  -37.500010061.0439   15.2449
    0.0000  -30.0000  -37.500010548.0889   15.2497
    7.5000  -30.0000  -37.500010061.0391   15.2232
   -7.5000  -22.5000  -37.500010916.2803   15.2849
    0.0000  -22.5000  -37.500011459.3398   15.2936
    7.5000  -22.5000  -37.500010924.7793   15.2699
   -7.5000  -15.0000  -37.500011702.1699   15.3105
    0.0000  -15.0000  -37.500012303.1016   15.3218
    7.5000  -15.0000  -37.500011692.4189   15.3014
   -7.5000   -7.5000  -37.500012458.9160   15.2942
    0.0000   -7.5000  -37.500013093.5840   15.3026
    7.5000   -7.5000  -37.500012449.1709   15.2804
   -7.5000    0.0000  -37.500013137.0293   15.2555
    0.0000    0.0000  -37.500013790.3418   15.2595
    7.5000    0.0000  -37.500013131.3789   15.2336
   -7.5000    7.5000  -37.500012865.4785   15.2318
    0.0000    7.5000  -37.500013499.5498   15.2349
    7.5000    7.5000  -37.500012853.6934   15.2078
   -7.5000   15.0000  -37.500012357.2207   15.2449
    0.0000   15.0000  -37.500012962.6611   15.2496
    7.5000   15.0000  -37.500012312.8193   15.2232
   -7.5000   22.5000  -37.500011770.3975   15.2828
    0.0000   22.5000  -37.500012340.7451   15.2915
    7.5000   22.5000  -37.500011707.3828   15.2678
   -7.5000   30.0000  -37.500010798.5879   15.1065
    0.0000   30.0000  -37.500011314.7334   15.1176
    7.5000   30.0000  -37.500010742.4043   15.0975
   -7.5000   37.5000  -37.500010231.2549   15.0904
    0.0000   37.5000  -37.500010713.9160   15.0987
    7.5000   37.5000  -37.500010178.0664   15.0768
   -7.5000   45.0000  -37.5000 9341.5039   14.6700
    0.0000   45.0000  -37.5000 9781.1660   14.6739
    7.5000   45.0000  -37.5000 9268.4482   14.6489
   -7.5000  -45.0000  -30.0000 9194.8604   15.9971
    0.0000  -45.0000  -30.0000 9640.3604   15.9940
    7.5000  -45.0000  -30.0000 9208.4541   15.9697
   -7.5000  -37.5000  -30.0000 9892.2090   15.8659
    0.0000  -37.5000  -30.000010371.0322   15.8623
    7.5000  -37.5000  -30.0000 9889.2998   15.8372
   -7.5000  -30.0000  -30.000010876.0293   15.8558
    0.0000  -30.0000  -30.000011406.9697   15.8536
    7.5000  -30.0000  -30.000010889.2637   15.8270
   -7.5000  -22.5000  -30.000011785.0947   15.9038
    0.0000  -22.5000  -30.000012369.1641   15.9044
    7.5000  -22.5000  -30.000011806.9629   15.8797
   -7.5000  -15.0000  -30.000012630.7217   15.9325
    0.0000  -15.0000  -30.000013294.1836   15.9348
    7.5000  -15.0000  -30.000012637.9531   15.9141
   -7.5000   -7.5000  -30.000013466.7168   15.9112
    0.0000   -7.5000  -30.000014165.4131   15.9109
    7.5000   -7.5000  -30.000013455.3809   15.8904
   -7.5000    0.0000  -30.000014164.6377   15.8650
    0.0000    0.0000  -30.000014888.7471   15.8618
    7.5000    0.0000  -30.000014157.9355   15.8391
   -7.5000    7.5000  -30.000013832.2080   15.8383
    0.0000    7.5000  -30.000014529.9219   15.8348
    7.5000    7.5000  -30.000013828.9551   15.8101
   -7.5000   15.0000  -30.000013259.4619   15.8558
    0.0000   15.0000  -30.000013904.3633   15.8536
    7.5000   15.0000  -30.000013206.7090   15.8269
   -7.5000   22.5000  -30.000012596.8281   15.9000
    0.0000   22.5000  -30.000013197.0947   15.9006
    7.5000   22.5000  -30.000012524.0850   15.8758
   -7.5000   30.0000  -30.000011544.9541   15.7217
    0.0000   30.0000  -30.000012078.9814   15.7240
    7.5000   30.0000  -30.000011484.0654   15.7035
   -7.5000   37.5000  -30.000010918.1836   15.7007
    0.0000   37.5000  -30.000011413.9951   15.7004
    7.5000   37.5000  -30.000010882.4678   15.6801
   -7.5000   45.0000  -30.0000 9944.6699   15.2673
    0.0000   45.0000  -30.000010407.2568   15.2643
    7.5000   45.0000  -30.0000 9878.6465   15.2424
   -7.5000  -45.0000  -22.5000 9893.8721   16.5015
    0.0000  -45.0000  -22.500010384.0332   16.5004
    7.5000  -45.0000  -22.5000 9911.1426   16.4804
   -7.5000  -37.5000  -22.500010613.8213   16.3629
    0.0000  -37.5000  -22.500011138.4883   16.3617
    7.5000  -37.5000  -22.500010623.8164   16.3418
   -7.5000  -30.0000  -22.500011666.3662   16.3487
    0.0000  -30.0000  -22.500012247.0059   16.3489
    7.5000  -30.0000  -22.500011685.5479   16.3270
   -7.5000  -22.5000  -22.500012634.8799   16.3979
    0.0000  -22.5000  -22.500013278.8066   16.4009
    7.5000  -22.5000  -22.500012667.1318   16.3788
   -7.5000  -15.0000  -22.500013536.6953   16.4313
    0.0000  -15.0000  -22.500014260.9414   16.4348
    7.5000  -15.0000  -22.500013546.2061   16.4148
   -7.5000   -7.5000  -22.500014441.9482   16.4133
    0.0000   -7.5000  -22.500015191.9971   16.4141
    7.5000   -7.5000  -22.500014418.6133   16.3952
   -7.5000    0.0000  -22.500015173.0938   16.3659
    0.0000    0.0000  -22.500015959.3271   16.3647
    7.5000    0.0000  -22.500015137.8818   16.3462
   -7.5000    7.5000  -22.500014826.6826   16.3346
    0.0000    7.5000  -22.500015589.5625   16.3334
    7.5000    7.5000  -22.500014795.5303   16.3139
   -7.5000   15.0000  -22.500014148.0381   16.3486
    0.0000   15.0000  -22.500014853.2363   16.3489
    7.5000   15.0000  -22.500014076.9062   16.3270
   -7.5000   22.5000  -22.500013394.6396   16.3929
    0.0000   22.5000  -22.500014038.7998   16.3958
    7.5000   22.5000  -22.500013325.7256   16.3737
   -7.5000   30.0000  -22.500012271.0088   16.2164
    0.0000   30.0000  -22.500012849.3955   16.2198
    7.5000   30.0000  -22.500012230.2559   16.2001
   -7.5000   37.5000  -22.500011584.9355   16.1986
    0.0000   37.5000  -22.500012135.8379   16.1994
    7.5000   37.5000  -22.500011563.4688   16.1808
   -7.5000   45.0000  -22.500010533.7393   15.7612
    0.0000   45.0000  -22.500011031.9268   15.7600
    7.5000   45.0000  -22.500010487.5752   15.7422
   -7.5000  -45.0000  -15.000010589.7295   16.8843
    0.0000  -45.0000  -15.000011105.4365   16.8917
    7.5000  -45.0000  -15.000010597.1660   16.8718
   -7.5000  -37.5000  -15.000011331.6680   16.7415
    0.0000  -37.5000  -15.000011884.5146   16.7482
    7.5000  -37.5000  -15.000011334.9033   16.7302
   -7.5000  -30.0000  -15.000012450.5293   16.7199
    0.0000  -30.0000  -15.000013083.4326   16.7292
    7.5000  -30.0000  -15.000012456.9219   16.7107
   -7.5000  -22.5000  -15.000013485.8984   16.7641
    0.0000  -22.5000  -15.000014183.3525   16.7772
    7.5000  -22.5000  -15.000013500.8945   16.7578
   -7.5000  -15.0000  -15.000014433.0146   16.7995
    0.0000  -15.0000  -15.000015186.8311   16.8131
    7.5000  -15.0000  -15.000014414.5615   16.7936
   -7.5000   -7.5000  -15.000015374.7373   16.7885
    0.0000   -7.5000  -15.000016190.7090   16.7988
    7.5000   -7.5000  -15.000015337.1016   16.7793
   -7.5000    0.0000  -15.000016138.3184   16.7460
    0.0000    0.0000  -15.000017001.5156   16.7530
    7.5000    0.0000  -15.000016108.0430   16.7347
   -7.5000    7.5000  -15.000015757.8975   16.7126
    0.0000    7.5000  -15.000016616.8730   16.7193
    7.5000    7.5000  -15.000015752.9482   16.7017
   -7.5000   15.0000  -15.000015007.3057   16.7198
    0.0000   15.0000  -15.000015792.4150   16.7292
    7.5000   15.0000  -15.000014939.0869   16.7107
   -7.5000   22.5000  -15.000014137.9160   16.7582
    0.0000   22.5000  -15.000014863.9707   16.7713
    7.5000   22.5000  -15.000014093.9004   16.7519
   -7.5000   30.0000  -15.000012961.0850   16.5821
    0.0000   30.0000  -15.000013589.1514   16.5955
    7.5000   30.0000  -15.000012940.0898   16.5762
   -7.5000   37.5000  -15.000012243.3174   16.5713
    0.0000   37.5000  -15.000012839.6396   16.5813
    7.5000   37.5000  -15.000012230.4082   16.5622
   -7.5000   45.0000  -15.000011102.1689   16.1369
    0.0000   45.0000  -15.000011636.6875   16.1437
    7.5000   45.0000  -15.000011086.4795   16.1260
   -7.5000  -45.0000   -7.500011304.4902   17.1177
    0.0000  -45.0000   -7.500011859.0439   17.1327
    7.5000  -45.0000   -7.500011306.2539   17.1088
   -7.5000  -37.5000   -7.500012059.2656   16.9759
    0.0000  -37.5000   -7.500012652.8770   16.9894
    7.5000  -37.5000   -7.500012054.9434   16.9675
   -7.5000  -30.0000   -7.500013228.1777   16.9515
    0.0000  -30.0000   -7.500013917.1396   16.9683
    7.5000  -30.0000   -7.500013245.1094   16.9475
   -7.5000  -22.5000   -7.500014340.8242   16.9902
    0.0000  -22.5000   -7.500015097.2275   17.0121
    7.5000  -22.5000   -7.500014357.6504   16.9917
   -7.5000  -15.0000   -7.500015360.7881   17.0230
    0.0000  -15.0000   -7.500016166.2061   17.0466
    7.5000  -15.0000   -7.500015339.3301   17.0263
   -7.5000   -7.5000   -7.500016324.0742   17.0148
    0.0000   -7.5000   -7.500017226.1484   17.0343
    7.5000   -7.5000   -7.500016290.5527   17.0129
   -7.5000    0.0000   -7.500017094.5195   16.9771
    0.0000    0.0000   -7.500018025.8105   16.9916
    7.5000    0.0000   -7.500017053.2070   16.9694
   -7.5000    7.5000   -7.500016666.6055   16.9466
    0.0000    7.5000   -7.500017579.0078   16.9600
    7.5000    7.5000   -7.500016659.5605   16.9385
   -7.5000   15.0000   -7.500015807.0840   16.9515
    0.0000   15.0000   -7.500016666.8965   16.9682
    7.5000   15.0000   -7.500015753.0674   16.9475
   -7.5000   22.5000   -7.500014885.0586   16.9824
    0.0000   22.5000   -7.500015662.3203   17.0043
    7.5000   22.5000   -7.500014827.2852   16.9839
   -7.5000   30.0000   -7.500013674.4033   16.8022
    0.0000   30.0000   -7.500014353.4902   16.8256
    7.5000   30.0000   -7.500013631.2334   16.8055
   -7.5000   37.5000   -7.500012937.6592   16.7941
    0.0000   37.5000   -7.500013559.9648   16.8133
    7.5000   37.5000   -7.500012886.1523   16.7923
   -7.5000   45.0000   -7.500011719.0127   16.3627
    0.0000   45.0000   -7.500012285.0469   16.3767
    7.5000   45.0000   -7.500011681.2998   16.3553
   -7.5000  -45.0000    0.000011929.5400   17.2015
    0.0000  -45.0000    0.000012492.0879   17.2161
    7.5000  -45.0000    0.000011928.4268   17.1867
   -7.5000  -37.5000    0.000012704.3643   17.0620
    0.0000  -37.5000    0.000013282.2988   17.0747
    7.5000  -37.5000    0.000012701.0215   17.0466
   -7.5000  -30.0000    0.000013920.7969   17.0404
    0.0000  -30.0000    0.000014573.8359   17.0559
    7.5000  -30.0000    0.000013928.4561   17.0300
   -7.5000  -22.5000    0.000015077.0127   17.0788
    0.0000  -22.5000    0.000015777.7002   17.0996
    7.5000  -22.5000    0.000015077.5430   17.0760
   -7.5000  -15.0000    0.000016217.3350   17.1082
    0.0000  -15.0000    0.000016969.5977   17.1319
    7.5000  -15.0000    0.000016195.7461   17.1100
   -7.5000   -7.5000    0.000017242.9297   17.0969
    0.0000   -7.5000    0.000018154.0469   17.1167
    7.5000   -7.5000    0.000017210.5625   17.0926
   -7.5000    0.0000    0.000018060.0273   17.0595
    0.0000    0.0000    0.000018992.2031   17.0736
    7.5000    0.0000    0.000017984.7539   17.0460
   -7.5000    7.5000    0.000017564.1543   17.0323
    0.0000    7.5000    0.000018463.6152   17.0450
    7.5000    7.5000    0.000017533.2051   17.0174
   -7.5000   15.0000    0.000016548.0938   17.0404
    0.0000   15.0000    0.000017375.5977   17.0558
    7.5000   15.0000    0.000016495.3516   17.0299
   -7.5000   22.5000    0.000015531.3701   17.0710
    0.0000   22.5000    0.000016310.1738   17.0917
    7.5000   22.5000    0.000015467.7861   17.0681
   -7.5000   30.0000    0.000014283.4629   16.8868
    0.0000   30.0000    0.000014962.2520   16.9102
    7.5000   30.0000    0.000014204.0166   16.8886
   -7.5000   37.5000    0.000013547.0635   16.8757
    0.0000   37.5000    0.000014170.1641   16.8952
    7.5000   37.5000    0.000013463.5459   16.8713
   -7.5000   45.0000    0.000012288.9395   16.4434
    0.0000   45.0000    0.000012864.9346   16.4570
    7.5000   45.0000    0.000012214.0547   16.4304
   -7.5000  -45.0000    7.500011635.3506   17.2136
    0.0000  -45.0000    7.500012158.1729   17.2185
    7.5000  -45.0000    7.500011631.6699   17.1876
   -7.5000  -37.5000    7.500012335.0654   17.0744
    0.0000  -37.5000    7.500012891.4932   17.0779
    7.5000  -37.5000    7.500012335.8057   17.0471
   -7.5000  -30.0000    7.500013474.5098   17.0594
    0.0000  -30.0000    7.500014078.4893   17.0648
    7.5000  -30.0000    7.500013488.2139   17.0352
   -7.5000  -22.5000    7.500014624.9688   17.1041
    0.0000  -22.5000    7.500015207.8330   17.1139
    7.5000  -22.5000    7.500014607.5039   17.0874
   -7.5000  -15.0000    7.500015795.2090   17.1329
    0.0000  -15.0000    7.500016484.5137   17.1455
    7.5000  -15.0000    7.500015738.7002   17.1227
   -7.5000   -7.5000    7.500016861.5254   17.1145
    0.0000   -7.5000    7.500017735.8906   17.1240
    7.5000   -7.5000    7.500016784.8184   17.0992
   -7.5000    0.0000    7.500017657.2852   17.0712
    0.0000    0.0000    7.500018521.8359   17.0758
    7.5000    0.0000    7.500017578.6211   17.0467
   -7.5000    7.5000    7.500017114.6621   17.0447
    0.0000    7.5000    7.500017897.1426   17.0482
    7.5000    7.5000    7.500017070.0293   17.0179
   -7.5000   15.0000    7.500016035.6934   17.0594
    0.0000   15.0000    7.500016753.3789   17.0647
    7.5000   15.0000    7.500015982.7861   17.0351
   -7.5000   22.5000    7.500014992.7568   17.0963
    0.0000   22.5000    7.500015726.9854   17.1060
    7.5000   22.5000    7.500014934.5977   17.0795
   -7.5000   30.0000    7.500013799.6670   16.9111
    0.0000   30.0000    7.500014471.5322   16.9236
    7.5000   30.0000    7.500013733.5361   16.9011
   -7.5000   37.5000    7.500013130.1943   16.8931
    0.0000   37.5000    7.500013743.6602   16.9023
    7.5000   37.5000    7.500013040.0254   16.8779
   -7.5000   45.0000    7.500011922.9580   16.4547
    0.0000   45.0000    7.500012460.9678   16.4591
    7.5000   45.0000    7.500011819.2578   16.4311
   -7.5000  -45.0000   15.000011159.9336   17.1783
    0.0000  -45.0000   15.000011681.5186   17.1750
    7.5000  -45.0000   15.000011160.7715   17.1488
   -7.5000  -37.5000   15.000011854.5713   17.0373
    0.0000  -37.5000   15.000012387.0850   17.0335
    7.5000  -37.5000   15.000011860.0762   17.0065
   -7.5000  -30.0000   15.000012981.0137   17.0266
    0.0000  -30.0000   15.000013503.9443   17.0242
    7.5000  -30.0000   15.000012988.4736   16.9956
   -7.5000  -22.5000   15.000014091.9941   17.0780
    0.0000  -22.5000   15.000014581.1484   17.0787
    7.5000  -22.5000   15.000014041.4492   17.0521
   -7.5000  -15.0000   15.000015197.2227   17.1089
    0.0000  -15.0000   15.000015794.5908   17.1114
    7.5000  -15.0000   15.000015141.0723   17.0891
   -7.5000   -7.5000   15.000016221.1523   17.0861
    0.0000   -7.5000   15.000016994.9238   17.0857
    7.5000   -7.5000   15.000016156.9805   17.0636
   -7.5000    0.0000   15.000017021.9102   17.0365
    0.0000    0.0000   15.000017847.9004   17.0330
    7.5000    0.0000   15.000016984.7773   17.0086
   -7.5000    7.5000   15.000016521.6309   17.0078
    0.0000    7.5000   15.000017306.3223   17.0040
    7.5000    7.5000   15.000016528.1992   16.9775
   -7.5000   15.0000   15.000015447.5957   17.0265
    0.0000   15.0000   15.000016160.8105   17.0241
    7.5000   15.0000   15.000015426.8887   16.9955
   -7.5000   22.5000   15.000014405.3848   17.0702
    0.0000   22.5000   15.000015073.0537   17.0708
    7.5000   22.5000   15.000014360.0742   17.0443
   -7.5000   30.0000   15.000013237.7656   16.8875
    0.0000   30.0000   15.000013819.0557   16.8899
    7.5000   30.0000   15.000013182.9951   16.8680
   -7.5000   37.5000   15.000012601.7021   16.8649
    0.0000   37.5000   15.000013128.9863   16.8646
    7.5000   37.5000   15.000012537.7852   16.8428
   -7.5000   45.0000   15.000011464.2080   16.4212
    0.0000   45.0000   15.000011935.7881   16.4179
    7.5000   45.0000   15.000011369.6211   16.3943
   -7.5000  -45.0000   22.500010593.7803   17.1329
    0.0000  -45.0000   22.500011087.5400   17.1318
    7.5000  -45.0000   22.500010597.3242   17.1110
   -7.5000  -37.5000   22.500011265.1396   16.9891
    0.0000  -37.5000   22.500011762.3643   16.9877
    7.5000  -37.5000   22.500011261.5312   16.9671
   -7.5000  -30.0000   22.500012353.4814   16.9743
    0.0000  -30.0000   22.500012870.9277   16.9745
    7.5000  -30.0000   22.500012342.9404   16.9517
   -7.5000  -22.5000   22.500013409.3105   17.0254
    0.0000  -22.5000   22.500013975.8418   17.0284
    7.5000  -22.5000   22.500013400.4365   17.0055
   -7.5000  -15.0000   22.500014402.9092   17.0601
    0.0000  -15.0000   22.500015104.2510   17.0636
    7.5000  -15.0000   22.500014415.2812   17.0429
   -7.5000   -7.5000   22.500015358.7822   17.0414
    0.0000   -7.5000   22.500016132.1172   17.0421
    7.5000   -7.5000   22.500015335.5947   17.0226
   -7.5000    0.0000   22.500016182.0635   16.9922
    0.0000    0.0000   22.500016995.4453   16.9909
    7.5000    0.0000   22.500016144.6963   16.9717
   -7.5000    7.5000   22.500015789.5361   16.9597
    0.0000    7.5000   22.500016602.4102   16.9584
    7.5000    7.5000   22.500015776.4082   16.9382
   -7.5000   15.0000   22.500014740.1064   16.9742
    0.0000   15.0000   22.500015476.7324   16.9745
    7.5000   15.0000   22.500014721.2100   16.9517
   -7.5000   22.5000   22.500013649.7432   17.0176
    0.0000   22.5000   22.500014342.3770   17.0206
    7.5000   22.5000   22.500013643.4375   16.9976
   -7.5000   30.0000   22.500012506.1680   16.8393
    0.0000   30.0000   22.500013114.3486   16.8428
    7.5000   30.0000   22.500012494.0215   16.8223
   -7.5000   37.5000   22.500011915.1982   16.8208
    0.0000   37.5000   22.500012453.5020   16.8216
    7.5000   37.5000   22.500011869.7764   16.8022
   -7.5000   45.0000   22.500010833.2510   16.3785
    0.0000   45.0000   22.500011294.9121   16.3772
    7.5000   45.0000   22.500010775.3545   16.3587
   -7.5000  -45.0000   30.0000 9905.5156   17.2053
    0.0000  -45.0000   30.000010413.8271   17.2124
    7.5000  -45.0000   30.0000 9928.5322   17.1923
   -7.5000  -37.5000   30.000010555.7783   17.0593
    0.0000  -37.5000   30.000011087.0547   17.0659
    7.5000  -37.5000   30.000010582.5645   17.0475
   -7.5000  -30.0000   30.000011623.0234   17.0377
    0.0000  -30.0000   30.000012168.3057   17.0469
    7.5000  -30.0000   30.000011647.7021   17.0281
   -7.5000  -22.5000   30.000012639.2764   17.0831
    0.0000  -22.5000   30.000013219.4648   17.0962
    7.5000  -22.5000   30.000012660.3584   17.0765
   -7.5000  -15.0000   30.000013526.6064   17.1191
    0.0000  -15.0000   30.000014145.3262   17.1327
    7.5000  -15.0000   30.000013533.1621   17.1129
   -7.5000   -7.5000   30.000014360.2549   17.1074
    0.0000   -7.5000   30.000014971.0205   17.1175
    7.5000   -7.5000   30.000014331.0908   17.0978
   -7.5000    0.0000   30.000015104.5615   17.0636
    0.0000    0.0000   30.000015725.2510   17.0704
    7.5000    0.0000   30.000015074.0283   17.0518
   -7.5000    7.5000   30.000014812.4287   17.0297
    0.0000    7.5000   30.000015428.4668   17.0363
    7.5000    7.5000   30.000014773.8018   17.0183
   -7.5000   15.0000   30.000013882.3711   17.0376
    0.0000   15.0000   30.000014470.9727   17.0468
    7.5000   15.0000   30.000013858.5352   17.0280
   -7.5000   22.5000   30.000012859.3145   17.0752
    0.0000   22.5000   30.000013433.0039   17.0883
    7.5000   22.5000   30.000012859.3408   17.0686
   -7.5000   30.0000   30.000011780.7246   16.8975
    0.0000   30.0000   30.000012318.1064   16.9110
    7.5000   30.0000   30.000011778.6777   16.8914
   -7.5000   37.5000   30.000011195.2363   16.8860
    0.0000   37.5000   30.000011688.3428   16.8959
    7.5000   37.5000   30.000011158.1201   16.8765
   -7.5000   45.0000   30.000010143.1025   16.4473
    0.0000   45.0000   30.000010584.6719   16.4539
    7.5000   45.0000   30.000010102.1592   16.4360
   -7.5000  -45.0000   37.5000 9547.3057   17.3566
    0.0000  -45.0000   37.500010072.5586   17.3711
    7.5000  -45.0000   37.5000 9583.1494   17.3468
   -7.5000  -37.5000   37.500010193.3740   17.2122
    0.0000  -37.5000   37.500010724.2041   17.2251
    7.5000  -37.5000   37.500010207.9834   17.2028
   -7.5000  -30.0000   37.500011208.2910   17.1880
    0.0000  -30.0000   37.500011745.7080   17.2043
    7.5000  -30.0000   37.500011200.7041   17.1831
   -7.5000  -22.5000   37.500012164.4707   17.2278
    0.0000  -22.5000   37.500012724.2861   17.2494
    7.5000  -22.5000   37.500012161.1348   17.2287
   -7.5000  -15.0000   37.500013009.9121   17.2608
    0.0000  -15.0000   37.500013582.5273   17.2843
    7.5000  -15.0000   37.500013000.1318   17.2636
   -7.5000   -7.5000   37.500013778.7217   17.2516
    0.0000   -7.5000   37.500014349.2578   17.2708
    7.5000   -7.5000   37.500013766.3271   17.2491
   -7.5000    0.0000   37.500014483.0361   17.2127
    0.0000    0.0000   37.500015097.9346   17.2267
    7.5000    0.0000   37.500014491.1299   17.2041
   -7.5000    7.5000   37.500014205.0322   17.1821
    0.0000    7.5000   37.500014836.7637   17.1950
    7.5000    7.5000   37.500014192.4004   17.1731
   -7.5000   15.0000   37.500013363.0010   17.1879
    0.0000   15.0000   37.500013956.5117   17.2043
    7.5000   15.0000   37.500013351.7686   17.1831
   -7.5000   22.5000   37.500012410.4463   17.2198
    0.0000   22.5000   37.500012969.2275   17.2415
    7.5000   22.5000   37.500012389.9912   17.2208
   -7.5000   30.0000   37.500011390.2852   17.0374
    0.0000   30.0000   37.500011906.7607   17.0606
    7.5000   30.0000   37.500011373.0342   17.0402
   -7.5000   37.5000   37.500010826.6855   17.0283
    0.0000   37.5000   37.500011303.2500   17.0472
    7.5000   37.5000   37.500010780.7031   17.0259
   -7.5000   45.0000   37.5000 9801.0088   16.5911
    0.0000   45.0000   37.500010235.6094   16.6046
    7.5000   45.0000   37.5000 9757.1338   16.5828
   -7.5000  -45.0000   45.0000 8742.3672   17.5105
    0.0000  -45.0000   45.0000 9215.5811   17.5246
    7.5000  -45.0000   45.0000 8755.6768   17.4947
   -7.5000  -37.5000   45.0000 9339.6553   17.3696
    0.0000  -37.5000   45.0000 9817.3994   17.3818
    7.5000  -37.5000   45.0000 9324.4570   17.3533
   -7.5000  -30.0000   45.000010244.0498   17.3484
    0.0000  -30.0000   45.000010733.6621   17.3634
    7.5000  -30.0000   45.000010217.0391   17.3371
   -7.5000  -22.5000   45.000011103.6279   17.3883
    0.0000  -22.5000   45.000011619.1709   17.4088
    7.5000  -22.5000   45.000011097.7539   17.3849
   -7.5000  -15.0000   45.000011884.0723   17.4179
    0.0000  -15.0000   45.000012406.7988   17.4414
    7.5000  -15.0000   45.000011866.6611   17.4193
   -7.5000   -7.5000   45.000012580.7686   17.4052
    0.0000   -7.5000   45.000013107.1494   17.4246
    7.5000   -7.5000   45.000012551.7646   17.4003
   -7.5000    0.0000   45.000013235.4814   17.3661
    0.0000    0.0000   45.000013804.1777   17.3797
    7.5000    0.0000   45.000013216.9160   17.3517
   -7.5000    7.5000   45.000012983.8086   17.3388
    0.0000    7.5000   45.000013559.3584   17.3510
    7.5000    7.5000   45.000012953.1289   17.3230
   -7.5000   15.0000   45.000012241.2041   17.3483
    0.0000   15.0000   45.000012796.1465   17.3634
    7.5000   15.0000   45.000012225.7090   17.3371
   -7.5000   22.5000   45.000011392.8350   17.3802
    0.0000   22.5000   45.000011913.7168   17.4007
    7.5000   22.5000   45.000011373.2900   17.3768
   -7.5000   30.0000   45.000010488.6230   17.1910
    0.0000   30.0000   45.000010969.7217   17.2142
    7.5000   30.0000   45.000010461.8203   17.1924
   -7.5000   37.5000   45.0000 9971.7148   17.1784
    0.0000   37.5000   45.000010419.5273   17.1976
    7.5000   37.5000   45.0000 9910.5117   17.1736
   -7.5000   45.0000   45.0000 9030.0000   16.7465
    0.0000   45.0000   45.0000 9435.1875   16.7597
    7.5000   45.0000   45.0000 8967.7432   16.7326

---------------------------------------------------------------------
imgreg_4dfp /opt/freesurfer/average/711-2C_as_mni_average_305 /opt/freesurfer/average/711-2B_as_mni_average_305_mask talsrcimg_g11 none talsrcimg_to_711-2C_as_mni_average_305_t4 4355
---------------------------------------------------------------------

freesurfer imgreg_4dfp.c
/opt/freesurfer/average/711-2C_as_mni_average_305.4dfp.img
       256       256       256         1
  1.000000  1.000000  1.000000
orientation T byte_order littleendian
Reading image: /opt/freesurfer/average/711-2C_as_mni_average_305.4dfp.img
dimensions:      256       256       256
mmppix:       1.0000   -1.0000   -1.0000
center:     128.0000 -129.0000 -129.0000
/opt/freesurfer/average/711-2B_as_mni_average_305_mask.4dfp.img
       256       256       256         1
  1.000000  1.000000  1.000000
orientation T byte_order littleendian
Reading mask: /opt/freesurfer/average/711-2B_as_mni_average_305_mask.4dfp.img (2306576 pixels)
talsrcimg_g11.4dfp.img
       256       256       256         1
  1.000000  1.000000  1.000000
orientation T byte_order littleendian
Reading image: talsrcimg_g11.4dfp.img
dimensions:      256       256       256
mmppix:       1.0000   -1.0000   -1.0000
center:     128.0000 -129.0000 -129.0000
rotation matrix determinant  1.000000
image alignment mode   4355 decimal     1103 hex
   -7.5000  -45.0000  -45.0000 2087.4370   19.3046
    0.0000  -45.0000  -45.0000 2102.7961   19.2157
    7.5000  -45.0000  -45.0000 2089.5415   19.2449
   -7.5000  -37.5000  -45.0000 2187.0264   17.7543
    0.0000  -37.5000  -45.0000 2203.9885   17.7079
    7.5000  -37.5000  -45.0000 2191.0889   17.7297
   -7.5000  -30.0000  -45.0000 2249.4792   16.7272
    0.0000  -30.0000  -45.0000 2265.2412   16.6778
    7.5000  -30.0000  -45.0000 2258.4443   16.7225
   -7.5000  -22.5000  -45.0000 2285.9875   16.0677
    0.0000  -22.5000  -45.0000 2298.2021   15.9691
    7.5000  -22.5000  -45.0000 2289.7744   16.0244
   -7.5000  -15.0000  -45.0000 2301.2397   15.6209
    0.0000  -15.0000  -45.0000 2314.3555   15.5637
    7.5000  -15.0000  -45.0000 2305.8665   15.6404
   -7.5000   -7.5000  -45.0000 2305.3687   15.4538
    0.0000   -7.5000  -45.0000 2319.1360   15.3782
    7.5000   -7.5000  -45.0000 2312.1892   15.4700
   -7.5000    0.0000  -45.0000 2298.8840   15.5821
    0.0000    0.0000  -45.0000 2310.3901   15.4582
    7.5000    0.0000  -45.0000 2301.4651   15.5550
   -7.5000    7.5000  -45.0000 2283.4172   15.8811
    0.0000    7.5000  -45.0000 2294.5530   15.7496
    7.5000    7.5000  -45.0000 2281.3154   15.8642
   -7.5000   15.0000  -45.0000 2255.6443   16.4840
    0.0000   15.0000  -45.0000 2269.6331   16.3411
    7.5000   15.0000  -45.0000 2251.9934   16.4451
   -7.5000   22.5000  -45.0000 2214.6345   17.3779
    0.0000   22.5000  -45.0000 2231.3252   17.2378
    7.5000   22.5000  -45.0000 2215.7947   17.3477
   -7.5000   30.0000  -45.0000 2156.4656   18.6331
    0.0000   30.0000  -45.0000 2170.4568   18.5028
    7.5000   30.0000  -45.0000 2159.0339   18.6109
   -7.5000   37.5000  -45.0000 2079.8811   20.2553
    0.0000   37.5000  -45.0000 2094.6736   20.0790
    7.5000   37.5000  -45.0000 2080.0796   20.2480
   -7.5000   45.0000  -45.0000 1984.3671   22.4149
    0.0000   45.0000  -45.0000 1999.6959   22.2141
    7.5000   45.0000  -45.0000 1978.2957   22.3480
   -7.5000  -45.0000  -37.5000 2174.1238   17.7949
    0.0000  -45.0000  -37.5000 2190.5615   17.7545
    7.5000  -45.0000  -37.5000 2179.6877   17.7708
   -7.5000  -37.5000  -37.5000 2285.7791   16.4070
    0.0000  -37.5000  -37.5000 2298.7048   16.3587
    7.5000  -37.5000  -37.5000 2289.2446   16.3918
   -7.5000  -30.0000  -37.5000 2351.9995   15.4318
    0.0000  -30.0000  -37.5000 2364.3928   15.3751
    7.5000  -30.0000  -37.5000 2356.0347   15.4156
   -7.5000  -22.5000  -37.5000 2388.5083   14.7635
    0.0000  -22.5000  -37.5000 2400.8843   14.6958
    7.5000  -22.5000  -37.5000 2390.9873   14.7531
   -7.5000  -15.0000  -37.5000 2405.0369   14.3599
    0.0000  -15.0000  -37.5000 2422.3889   14.2867
    7.5000  -15.0000  -37.5000 2408.7751   14.3627
   -7.5000   -7.5000  -37.5000 2411.1514   14.1721
    0.0000   -7.5000  -37.5000 2425.4536   14.0965
    7.5000   -7.5000  -37.5000 2414.4065   14.1704
   -7.5000    0.0000  -37.5000 2399.7451   14.2632
    0.0000    0.0000  -37.5000 2411.9338   14.1673
    7.5000    0.0000  -37.5000 2403.0698   14.2598
   -7.5000    7.5000  -37.5000 2385.4258   14.5301
    0.0000    7.5000  -37.5000 2400.4343   14.4135
    7.5000    7.5000  -37.5000 2386.1108   14.5237
   -7.5000   15.0000  -37.5000 2361.0010   15.0903
    0.0000   15.0000  -37.5000 2377.1150   14.9656
    7.5000   15.0000  -37.5000 2361.7861   15.0812
   -7.5000   22.5000  -37.5000 2321.1045   15.9304
    0.0000   22.5000  -37.5000 2334.7185   15.7946
    7.5000   22.5000  -37.5000 2319.8440   15.9417
   -7.5000   30.0000  -37.5000 2252.5913   17.0971
    0.0000   30.0000  -37.5000 2268.0691   16.9479
    7.5000   30.0000  -37.5000 2256.0327   17.0963
   -7.5000   37.5000  -37.5000 2171.8474   18.6095
    0.0000   37.5000  -37.5000 2187.6816   18.4583
    7.5000   37.5000  -37.5000 2173.3230   18.5955
   -7.5000   45.0000  -37.5000 2072.8384   20.5724
    0.0000   45.0000  -37.5000 2087.6084   20.4351
    7.5000   45.0000  -37.5000 2068.3943   20.5301
   -7.5000  -45.0000  -30.0000 2303.1362   17.0774
    0.0000  -45.0000  -30.0000 2317.4490   17.0641
    7.5000  -45.0000  -30.0000 2308.7246   17.0771
   -7.5000  -37.5000  -30.0000 2415.5005   15.7051
    0.0000  -37.5000  -30.0000 2430.7451   15.6334
    7.5000  -37.5000  -30.0000 2422.1521   15.7098
   -7.5000  -30.0000  -30.0000 2485.2063   14.7179
    0.0000  -30.0000  -30.0000 2504.6355   14.6370
    7.5000  -30.0000  -30.0000 2493.7537   14.7001
   -7.5000  -22.5000  -30.0000 2522.8726   14.0652
    0.0000  -22.5000  -30.0000 2539.0532   13.9962
    7.5000  -22.5000  -30.0000 2529.6152   14.0630
   -7.5000  -15.0000  -30.0000 2551.0090   13.6663
    0.0000  -15.0000  -30.0000 2567.5530   13.5901
    7.5000  -15.0000  -30.0000 2552.7122   13.6706
   -7.5000   -7.5000  -30.0000 2566.0767   13.4863
    0.0000   -7.5000  -30.0000 2582.8218   13.3917
    7.5000   -7.5000  -30.0000 2566.6790   13.4741
   -7.5000    0.0000  -30.0000 2560.1311   13.5315
    0.0000    0.0000  -30.0000 2572.3650   13.4139
    7.5000    0.0000  -30.0000 2559.9331   13.5208
   -7.5000    7.5000  -30.0000 2544.5000   13.7853
    0.0000    7.5000  -30.0000 2560.9260   13.6215
    7.5000    7.5000  -30.0000 2543.0283   13.7576
   -7.5000   15.0000  -30.0000 2515.5896   14.3240
    0.0000   15.0000  -30.0000 2536.3118   14.1791
    7.5000   15.0000  -30.0000 2515.1013   14.3259
   -7.5000   22.5000  -30.0000 2470.0171   15.1522
    0.0000   22.5000  -30.0000 2487.6125   15.0051
    7.5000   22.5000  -30.0000 2467.3459   15.1667
   -7.5000   30.0000  -30.0000 2395.5591   16.2684
    0.0000   30.0000  -30.0000 2411.6426   16.1249
    7.5000   30.0000  -30.0000 2394.3445   16.2833
   -7.5000   37.5000  -30.0000 2304.4812   17.7385
    0.0000   37.5000  -30.0000 2321.9612   17.5972
    7.5000   37.5000  -30.0000 2306.7397   17.7501
   -7.5000   45.0000  -30.0000 2201.7642   19.6443
    0.0000   45.0000  -30.0000 2218.5779   19.4721
    7.5000   45.0000  -30.0000 2199.0842   19.6213
   -7.5000  -45.0000  -22.5000 2396.1458   16.2866
    0.0000  -45.0000  -22.5000 2415.2822   16.2147
    7.5000  -45.0000  -22.5000 2405.6724   16.2892
   -7.5000  -37.5000  -22.5000 2514.9004   14.9049
    0.0000  -37.5000  -22.5000 2534.0271   14.8744
    7.5000  -37.5000  -22.5000 2520.3730   14.9301
   -7.5000  -30.0000  -22.5000 2590.2734   13.9317
    0.0000  -30.0000  -22.5000 2608.5447   13.8757
    7.5000  -30.0000  -22.5000 2596.5859   13.9507
   -7.5000  -22.5000  -22.5000 2633.2520   13.2771
    0.0000  -22.5000  -22.5000 2649.7324   13.2022
    7.5000  -22.5000  -22.5000 2639.2937   13.3065
   -7.5000  -15.0000  -22.5000 2668.7668   12.8782
    0.0000  -15.0000  -22.5000 2687.4062   12.8058
    7.5000  -15.0000  -22.5000 2670.9141   12.8940
   -7.5000   -7.5000  -22.5000 2694.0935   12.6880
    0.0000   -7.5000  -22.5000 2713.8921   12.5890
    7.5000   -7.5000  -22.5000 2694.1755   12.6835
   -7.5000    0.0000  -22.5000 2694.0452   12.7181
    0.0000    0.0000  -22.5000 2710.6711   12.5888
    7.5000    0.0000  -22.5000 2690.6479   12.7046
   -7.5000    7.5000  -22.5000 2681.5635   12.9607
    0.0000    7.5000  -22.5000 2702.1604   12.8130
    7.5000    7.5000  -22.5000 2679.0989   12.9614
   -7.5000   15.0000  -22.5000 2649.1414   13.5116
    0.0000   15.0000  -22.5000 2673.9893   13.3604
    7.5000   15.0000  -22.5000 2647.4600   13.5207
   -7.5000   22.5000  -22.5000 2593.6592   14.3009
    0.0000   22.5000  -22.5000 2616.9417   14.1618
    7.5000   22.5000  -22.5000 2592.4697   14.3242
   -7.5000   30.0000  -22.5000 2509.8635   15.3833
    0.0000   30.0000  -22.5000 2530.6289   15.2396
    7.5000   30.0000  -22.5000 2511.7751   15.3955
   -7.5000   37.5000  -22.5000 2409.8232   16.7807
    0.0000   37.5000  -22.5000 2430.7903   16.6545
    7.5000   37.5000  -22.5000 2414.2756   16.8147
   -7.5000   45.0000  -22.5000 2299.8423   18.5940
    0.0000   45.0000  -22.5000 2321.4507   18.4473
    7.5000   45.0000  -22.5000 2302.2756   18.6017
   -7.5000  -45.0000  -15.0000 2452.8813   15.6149
    0.0000  -45.0000  -15.0000 2475.0354   15.5161
    7.5000  -45.0000  -15.0000 2462.3738   15.6142
   -7.5000  -37.5000  -15.0000 2570.8276   14.2276
    0.0000  -37.5000  -15.0000 2590.0701   14.1680
    7.5000  -37.5000  -15.0000 2578.0498   14.2746
   -7.5000  -30.0000  -15.0000 2659.2002   13.2300
    0.0000  -30.0000  -15.0000 2679.5688   13.1664
    7.5000  -30.0000  -15.0000 2662.8850   13.2756
   -7.5000  -22.5000  -15.0000 2717.1025   12.5631
    0.0000  -22.5000  -15.0000 2734.2112   12.4971
    7.5000  -22.5000  -15.0000 2720.6567   12.5924
   -7.5000  -15.0000  -15.0000 2757.0925   12.1683
    0.0000  -15.0000  -15.0000 2774.3528   12.0820
    7.5000  -15.0000  -15.0000 2759.1335   12.1757
   -7.5000   -7.5000  -15.0000 2788.8650   11.9626
    0.0000   -7.5000  -15.0000 2812.6416   11.8543
    7.5000   -7.5000  -15.0000 2791.2112   11.9648
   -7.5000    0.0000  -15.0000 2798.0879   11.9550
    0.0000    0.0000  -15.0000 2821.3701   11.8316
    7.5000    0.0000  -15.0000 2793.8584   11.9633
   -7.5000    7.5000  -15.0000 2787.4739   12.2084
    0.0000    7.5000  -15.0000 2814.7349   12.0730
    7.5000    7.5000  -15.0000 2787.1797   12.2221
   -7.5000   15.0000  -15.0000 2752.0588   12.7574
    0.0000   15.0000  -15.0000 2780.3796   12.6066
    7.5000   15.0000  -15.0000 2752.4675   12.7764
   -7.5000   22.5000  -15.0000 2685.2498   13.5382
    0.0000   22.5000  -15.0000 2712.4749   13.3851
    7.5000   22.5000  -15.0000 2685.2524   13.5627
   -7.5000   30.0000  -15.0000 2596.2393   14.6069
    0.0000   30.0000  -15.0000 2614.0505   14.4497
    7.5000   30.0000  -15.0000 2595.2319   14.6176
   -7.5000   37.5000  -15.0000 2488.4233   15.9716
    0.0000   37.5000  -15.0000 2508.0107   15.8171
    7.5000   37.5000  -15.0000 2490.5737   15.9673
   -7.5000   45.0000  -15.0000 2369.2637   17.6814
    0.0000   45.0000  -15.0000 2389.6699   17.5257
    7.5000   45.0000  -15.0000 2373.6257   17.6688
   -7.5000  -45.0000   -7.5000 2484.7651   15.0768
    0.0000  -45.0000   -7.5000 2506.3252   14.9454
    7.5000  -45.0000   -7.5000 2493.5938   15.0796
   -7.5000  -37.5000   -7.5000 2599.8503   13.6937
    0.0000  -37.5000   -7.5000 2621.0862   13.5868
    7.5000  -37.5000   -7.5000 2609.5264   13.7203
   -7.5000  -30.0000   -7.5000 2700.1582   12.6670
    0.0000  -30.0000   -7.5000 2725.9568   12.5750
    7.5000  -30.0000   -7.5000 2710.1951   12.6963
   -7.5000  -22.5000   -7.5000 2777.7542   11.9770
    0.0000  -22.5000   -7.5000 2799.3882   11.8955
    7.5000  -22.5000   -7.5000 2782.7056   11.9930
   -7.5000  -15.0000   -7.5000 2830.8484   11.5685
    0.0000  -15.0000   -7.5000 2853.6418   11.4765
    7.5000  -15.0000   -7.5000 2834.6660   11.5884
   -7.5000   -7.5000   -7.5000 2870.8064   11.3802
    0.0000   -7.5000   -7.5000 2904.6152   11.2788
    7.5000   -7.5000   -7.5000 2875.5154   11.3796
   -7.5000    0.0000   -7.5000 2883.5825   11.3670
    0.0000    0.0000   -7.5000 2919.2651   11.2083
    7.5000    0.0000   -7.5000 2881.8813   11.3454
   -7.5000    7.5000   -7.5000 2874.8381   11.6013
    0.0000    7.5000   -7.5000 2901.7053   11.4417
    7.5000    7.5000   -7.5000 2870.7817   11.5983
   -7.5000   15.0000   -7.5000 2827.5620   12.1056
    0.0000   15.0000   -7.5000 2855.7515   11.9503
    7.5000   15.0000   -7.5000 2826.9924   12.1113
   -7.5000   22.5000   -7.5000 2755.3245   12.8771
    0.0000   22.5000   -7.5000 2781.7864   12.7235
    7.5000   22.5000   -7.5000 2753.9714   12.8936
   -7.5000   30.0000   -7.5000 2657.9863   13.9483
    0.0000   30.0000   -7.5000 2678.3774   13.7847
    7.5000   30.0000   -7.5000 2658.9790   13.9475
   -7.5000   37.5000   -7.5000 2544.3176   15.3035
    0.0000   37.5000   -7.5000 2562.5293   15.1234
    7.5000   37.5000   -7.5000 2543.6460   15.3019
   -7.5000   45.0000   -7.5000 2417.6660   16.9644
    0.0000   45.0000   -7.5000 2435.9670   16.7757
    7.5000   45.0000   -7.5000 2421.6409   16.9531
   -7.5000  -45.0000    0.0000 2496.7070   14.7397
    0.0000  -45.0000    0.0000 2517.8665   14.5700
    7.5000  -45.0000    0.0000 2505.6072   14.7388
   -7.5000  -37.5000    0.0000 2616.3538   13.3384
    0.0000  -37.5000    0.0000 2637.7407   13.1811
    7.5000  -37.5000    0.0000 2625.6421   13.3487
   -7.5000  -30.0000    0.0000 2725.8210   12.3061
    0.0000  -30.0000    0.0000 2750.2598   12.1574
    7.5000  -30.0000    0.0000 2734.3350   12.3109
   -7.5000  -22.5000    0.0000 2814.2993   11.5990
    0.0000  -22.5000    0.0000 2841.5686   11.4708
    7.5000  -22.5000    0.0000 2818.8347   11.5986
   -7.5000  -15.0000    0.0000 2889.8394   11.1812
    0.0000  -15.0000    0.0000 2918.3491   11.0577
    7.5000  -15.0000    0.0000 2894.4343   11.1722
   -7.5000   -7.5000    0.0000 2942.7026   11.0134
    0.0000   -7.5000    0.0000 2980.3333   10.8707
    7.5000   -7.5000    0.0000 2947.6558   10.9869
   -7.5000    0.0000    0.0000 2959.0330   10.9678
    0.0000    0.0000    0.0000 3004.6482   10.7893
    7.5000    0.0000    0.0000 2956.1189   10.9251
   -7.5000    7.5000    0.0000 2938.2375   11.1840
    0.0000    7.5000    0.0000 2971.7947   11.0198
    7.5000    7.5000    0.0000 2934.2842   11.1748
   -7.5000   15.0000    0.0000 2881.9480   11.6663
    0.0000   15.0000    0.0000 2910.5923   11.4927
    7.5000   15.0000    0.0000 2880.7314   11.6575
   -7.5000   22.5000    0.0000 2803.1753   12.4633
    0.0000   22.5000    0.0000 2830.4138   12.2539
    7.5000   22.5000    0.0000 2803.2190   12.4381
   -7.5000   30.0000    0.0000 2697.5842   13.5295
    0.0000   30.0000    0.0000 2720.5208   13.3252
    7.5000   30.0000    0.0000 2699.3115   13.5141
   -7.5000   37.5000    0.0000 2579.6118   14.8423
    0.0000   37.5000    0.0000 2598.9785   14.6255
    7.5000   37.5000    0.0000 2574.9592   14.8165
   -7.5000   45.0000    0.0000 2451.0759   16.4298
    0.0000   45.0000    0.0000 2471.7817   16.2370
    7.5000   45.0000    0.0000 2447.7224   16.4053
   -7.5000  -45.0000    7.5000 2500.5193   14.6093
    0.0000  -45.0000    7.5000 2522.1396   14.3524
    7.5000  -45.0000    7.5000 2510.1777   14.5928
   -7.5000  -37.5000    7.5000 2617.7749   13.1745
    0.0000  -37.5000    7.5000 2636.3164   12.9540
    7.5000  -37.5000    7.5000 2623.8572   13.1624
   -7.5000  -30.0000    7.5000 2733.8552   12.1107
    0.0000  -30.0000    7.5000 2752.3789   11.9397
    7.5000  -30.0000    7.5000 2735.8994   12.1081
   -7.5000  -22.5000    7.5000 2835.2634   11.3864
    0.0000  -22.5000    7.5000 2858.3667   11.2343
    7.5000  -22.5000    7.5000 2835.5911   11.3843
   -7.5000  -15.0000    7.5000 2922.6526   10.9707
    0.0000  -15.0000    7.5000 2954.9368   10.8000
    7.5000  -15.0000    7.5000 2922.9956   10.9477
   -7.5000   -7.5000    7.5000 2989.0391   10.8085
    0.0000   -7.5000    7.5000 3032.3213   10.6435
    7.5000   -7.5000    7.5000 2988.2402   10.7591
   -7.5000    0.0000    7.5000 3013.8416   10.7644
    0.0000    0.0000    7.5000 3074.6880   10.5930
    7.5000    0.0000    7.5000 3006.2305   10.7287
   -7.5000    7.5000    7.5000 2979.5229   10.9613
    0.0000    7.5000    7.5000 3023.7542   10.7740
    7.5000    7.5000    7.5000 2969.8149   10.9600
   -7.5000   15.0000    7.5000 2910.8313   11.4402
    0.0000   15.0000    7.5000 2942.0427   11.2354
    7.5000   15.0000    7.5000 2905.2847   11.4214
   -7.5000   22.5000    7.5000 2821.0886   12.2203
    0.0000   22.5000    7.5000 2852.0054   12.0260
    7.5000   22.5000    7.5000 2822.8750   12.1911
   -7.5000   30.0000    7.5000 2714.7915   13.2483
    0.0000   30.0000    7.5000 2742.0410   13.0675
    7.5000   30.0000    7.5000 2717.8337   13.2336
   -7.5000   37.5000    7.5000 2595.2024   14.5372
    0.0000   37.5000    7.5000 2615.0740   14.3464
    7.5000   37.5000    7.5000 2594.5369   14.4967
   -7.5000   45.0000    7.5000 2464.8730   16.1398
    0.0000   45.0000    7.5000 2480.3298   15.9432
    7.5000   45.0000    7.5000 2462.0471   16.1063
   -7.5000  -45.0000   15.0000 2491.3196   14.6459
    0.0000  -45.0000   15.0000 2512.5950   14.3599
    7.5000  -45.0000   15.0000 2499.8789   14.6222
   -7.5000  -37.5000   15.0000 2608.3967   13.2109
    0.0000  -37.5000   15.0000 2629.2019   12.9540
    7.5000  -37.5000   15.0000 2613.0466   13.2144
   -7.5000  -30.0000   15.0000 2728.9666   12.1635
    0.0000  -30.0000   15.0000 2745.7366   11.9160
    7.5000  -30.0000   15.0000 2728.6277   12.1683
   -7.5000  -22.5000   15.0000 2834.1377   11.4306
    0.0000  -22.5000   15.0000 2849.3081   11.1881
    7.5000  -22.5000   15.0000 2826.6533   11.4036
   -7.5000  -15.0000   15.0000 2921.4668   10.9970
    0.0000  -15.0000   15.0000 2947.2021   10.7667
    7.5000  -15.0000   15.0000 2918.5093   10.9556
   -7.5000   -7.5000   15.0000 2989.6797   10.8100
    0.0000   -7.5000   15.0000 3031.9219   10.6432
    7.5000   -7.5000   15.0000 2984.9126   10.7644
   -7.5000    0.0000   15.0000 3009.5811   10.7707
    0.0000    0.0000   15.0000 3069.2639   10.6279
    7.5000    0.0000   15.0000 3006.9846   10.7326
   -7.5000    7.5000   15.0000 2975.9824   10.9775
    0.0000    7.5000   15.0000 3024.6428   10.8076
    7.5000    7.5000   15.0000 2975.4941   10.9532
   -7.5000   15.0000   15.0000 2909.8806   11.4344
    0.0000   15.0000   15.0000 2941.8491   11.2371
    7.5000   15.0000   15.0000 2905.4148   11.3861
   -7.5000   22.5000   15.0000 2818.1064   12.1892
    0.0000   22.5000   15.0000 2842.8921   12.0057
    7.5000   22.5000   15.0000 2817.6624   12.1582
   -7.5000   30.0000   15.0000 2708.3289   13.2102
    0.0000   30.0000   15.0000 2727.0679   13.0057
    7.5000   30.0000   15.0000 2708.0342   13.1864
   -7.5000   37.5000   15.0000 2588.0591   14.4665
    0.0000   37.5000   15.0000 2604.2205   14.2678
    7.5000   37.5000   15.0000 2587.6973   14.4550
   -7.5000   45.0000   15.0000 2457.7412   16.0253
    0.0000   45.0000   15.0000 2470.7063   15.8452
    7.5000   45.0000   15.0000 2453.2297   16.0223
   -7.5000  -45.0000   22.5000 2477.4050   14.8950
    0.0000  -45.0000   22.5000 2498.8440   14.5880
    7.5000  -45.0000   22.5000 2484.7310   14.8357
   -7.5000  -37.5000   22.5000 2597.6436   13.4696
    0.0000  -37.5000   22.5000 2613.6184   13.1714
    7.5000  -37.5000   22.5000 2597.6362   13.4234
   -7.5000  -30.0000   22.5000 2713.2190   12.4204
    0.0000  -30.0000   22.5000 2723.4758   12.1460
    7.5000  -30.0000   22.5000 2708.6729   12.3945
   -7.5000  -22.5000   22.5000 2808.3967   11.6914
    0.0000  -22.5000   22.5000 2822.7981   11.4572
    7.5000  -22.5000   22.5000 2803.0347   11.6860
   -7.5000  -15.0000   22.5000 2885.5298   11.2498
    0.0000  -15.0000   22.5000 2912.5063   11.0701
    7.5000  -15.0000   22.5000 2885.5974   11.2306
   -7.5000   -7.5000   22.5000 2951.4971   11.0082
    0.0000   -7.5000   22.5000 2986.3367   10.8612
    7.5000   -7.5000   22.5000 2945.4805   10.9823
   -7.5000    0.0000   22.5000 2967.6816   10.9927
    0.0000    0.0000   22.5000 3005.6179   10.8141
    7.5000    0.0000   22.5000 2960.9709   10.9613
   -7.5000    7.5000   22.5000 2938.5049   11.2541
    0.0000    7.5000   22.5000 2971.7363   11.0771
    7.5000    7.5000   22.5000 2934.5603   11.2082
   -7.5000   15.0000   22.5000 2875.2200   11.7019
    0.0000   15.0000   22.5000 2901.4719   11.5229
    7.5000   15.0000   22.5000 2867.7058   11.6513
   -7.5000   22.5000   22.5000 2788.1626   12.3767
    0.0000   22.5000   22.5000 2811.7463   12.2208
    7.5000   22.5000   22.5000 2785.9170   12.3588
   -7.5000   30.0000   22.5000 2678.4983   13.3403
    0.0000   30.0000   22.5000 2697.4512   13.1745
    7.5000   30.0000   22.5000 2680.8506   13.3093
   -7.5000   37.5000   22.5000 2565.8562   14.5602
    0.0000   37.5000   22.5000 2581.1479   14.3851
    7.5000   37.5000   22.5000 2564.3311   14.5341
   -7.5000   45.0000   22.5000 2434.8674   16.0800
    0.0000   45.0000   22.5000 2449.5056   15.9145
    7.5000   45.0000   22.5000 2433.5015   16.0736
   -7.5000  -45.0000   30.0000 2447.0125   15.3437
    0.0000  -45.0000   30.0000 2469.0630   15.0908
    7.5000  -45.0000   30.0000 2451.4285   15.3300
   -7.5000  -37.5000   30.0000 2564.8286   13.9386
    0.0000  -37.5000   30.0000 2587.8276   13.7256
    7.5000  -37.5000   30.0000 2566.8767   13.9572
   -7.5000  -30.0000   30.0000 2680.3547   12.9291
    0.0000  -30.0000   30.0000 2693.7344   12.7196
    7.5000  -30.0000   30.0000 2674.6782   12.9478
   -7.5000  -22.5000   30.0000 2767.2124   12.2272
    0.0000  -22.5000   30.0000 2782.4990   12.0030
    7.5000  -22.5000   30.0000 2761.7322   12.2466
   -7.5000  -15.0000   30.0000 2830.3423   11.7484
    0.0000  -15.0000   30.0000 2849.1365   11.5517
    7.5000  -15.0000   30.0000 2825.2351   11.7385
   -7.5000   -7.5000   30.0000 2882.8159   11.4414
    0.0000   -7.5000   30.0000 2908.2339   11.2417
    7.5000   -7.5000   30.0000 2876.3171   11.4268
   -7.5000    0.0000   30.0000 2894.3516   11.4087
    0.0000    0.0000   30.0000 2920.1521   11.2124
    7.5000    0.0000   30.0000 2886.8628   11.3867
   -7.5000    7.5000   30.0000 2872.5757   11.6942
    0.0000    7.5000   30.0000 2898.5977   11.4990
    7.5000    7.5000   30.0000 2864.5361   11.6543
   -7.5000   15.0000   30.0000 2808.7532   12.1701
    0.0000   15.0000   30.0000 2831.9456   11.9693
    7.5000   15.0000   30.0000 2805.0615   12.1018
   -7.5000   22.5000   30.0000 2726.8689   12.8470
    0.0000   22.5000   30.0000 2746.2314   12.6677
    7.5000   22.5000   30.0000 2727.5571   12.8167
   -7.5000   30.0000   30.0000 2630.1353   13.7530
    0.0000   30.0000   30.0000 2647.8220   13.5956
    7.5000   30.0000   30.0000 2631.8516   13.7290
   -7.5000   37.5000   30.0000 2525.0869   14.8949
    0.0000   37.5000   30.0000 2539.7659   14.7238
    7.5000   37.5000   30.0000 2525.2417   14.8662
   -7.5000   45.0000   30.0000 2392.4402   16.3905
    0.0000   45.0000   30.0000 2407.1533   16.1957
    7.5000   45.0000   30.0000 2395.0818   16.3691
   -7.5000  -45.0000   37.5000 2398.4099   16.1339
    0.0000  -45.0000   37.5000 2424.2871   15.9720
    7.5000  -45.0000   37.5000 2404.6714   16.1755
   -7.5000  -37.5000   37.5000 2517.1499   14.7257
    0.0000  -37.5000   37.5000 2541.1094   14.5380
    7.5000  -37.5000   37.5000 2517.2207   14.7701
   -7.5000  -30.0000   37.5000 2624.8076   13.7007
    0.0000  -30.0000   37.5000 2640.1462   13.5055
    7.5000  -30.0000   37.5000 2619.8101   13.7253
   -7.5000  -22.5000   37.5000 2705.2761   12.9587
    0.0000  -22.5000   37.5000 2721.3423   12.7471
    7.5000  -22.5000   37.5000 2701.1074   12.9730
   -7.5000  -15.0000   37.5000 2764.6025   12.4507
    0.0000  -15.0000   37.5000 2780.4614   12.2446
    7.5000  -15.0000   37.5000 2758.2688   12.4516
   -7.5000   -7.5000   37.5000 2803.9277   12.1131
    0.0000   -7.5000   37.5000 2821.7490   11.9198
    7.5000   -7.5000   37.5000 2797.1694   12.1023
   -7.5000    0.0000   37.5000 2811.5344   12.0520
    0.0000    0.0000   37.5000 2829.4434   11.8690
    7.5000    0.0000   37.5000 2806.0525   12.0438
   -7.5000    7.5000   37.5000 2787.8464   12.3123
    0.0000    7.5000   37.5000 2810.1958   12.1394
    7.5000    7.5000   37.5000 2777.8594   12.2959
   -7.5000   15.0000   37.5000 2729.5093   12.7818
    0.0000   15.0000   37.5000 2746.3088   12.6108
    7.5000   15.0000   37.5000 2723.6062   12.7571
   -7.5000   22.5000   37.5000 2653.8118   13.4712
    0.0000   22.5000   37.5000 2666.9619   13.3087
    7.5000   22.5000   37.5000 2649.2996   13.4613
   -7.5000   30.0000   37.5000 2563.5981   14.3566
    0.0000   30.0000   37.5000 2575.6917   14.2191
    7.5000   30.0000   37.5000 2560.5122   14.3438
   -7.5000   37.5000   37.5000 2463.3147   15.5169
    0.0000   37.5000   37.5000 2475.2158   15.3655
    7.5000   37.5000   37.5000 2459.3821   15.5019
   -7.5000   45.0000   37.5000 2336.3145   16.9970
    0.0000   45.0000   37.5000 2348.1313   16.8421
    7.5000   45.0000   37.5000 2333.3145   17.0057
   -7.5000  -45.0000   45.0000 2341.9880   17.2071
    0.0000  -45.0000   45.0000 2368.2034   17.0802
    7.5000  -45.0000   45.0000 2347.8101   17.2379
   -7.5000  -37.5000   45.0000 2458.4563   15.7141
    0.0000  -37.5000   45.0000 2482.1992   15.5695
    7.5000  -37.5000   45.0000 2459.1704   15.7592
   -7.5000  -30.0000   45.0000 2558.8650   14.6533
    0.0000  -30.0000   45.0000 2574.1890   14.4834
    7.5000  -30.0000   45.0000 2550.4741   14.6866
   -7.5000  -22.5000   45.0000 2630.2490   13.8783
    0.0000  -22.5000   45.0000 2647.1565   13.6985
    7.5000  -22.5000   45.0000 2626.4197   13.9094
   -7.5000  -15.0000   45.0000 2683.5522   13.3481
    0.0000  -15.0000   45.0000 2700.5063   13.1584
    7.5000  -15.0000   45.0000 2679.0068   13.3586
   -7.5000   -7.5000   45.0000 2710.5720   12.9907
    0.0000   -7.5000   45.0000 2727.9683   12.8370
    7.5000   -7.5000   45.0000 2705.5898   12.9989
   -7.5000    0.0000   45.0000 2717.3152   12.9087
    0.0000    0.0000   45.0000 2732.2664   12.7645
    7.5000    0.0000   45.0000 2712.0898   12.9097
   -7.5000    7.5000   45.0000 2692.9055   13.1480
    0.0000    7.5000   45.0000 2713.6011   12.9990
    7.5000    7.5000   45.0000 2686.3643   13.1374
   -7.5000   15.0000   45.0000 2643.5725   13.6046
    0.0000   15.0000   45.0000 2657.8301   13.4461
    7.5000   15.0000   45.0000 2638.3491   13.5944
   -7.5000   22.5000   45.0000 2577.5725   14.2904
    0.0000   22.5000   45.0000 2588.2578   14.1651
    7.5000   22.5000   45.0000 2570.3887   14.2939
   -7.5000   30.0000   45.0000 2489.6025   15.1876
    0.0000   30.0000   45.0000 2499.3367   15.0766
    7.5000   30.0000   45.0000 2484.7124   15.1875
   -7.5000   37.5000   45.0000 2392.0769   16.3779
    0.0000   37.5000   45.0000 2401.6523   16.2552
    7.5000   37.5000   45.0000 2382.7034   16.3684
   -7.5000   45.0000   45.0000 2267.4114   17.8769
    0.0000   45.0000   45.0000 2279.7070   17.7574
    7.5000   45.0000   45.0000 2260.0400   17.8902

---------------------------------------------------------------------
imgreg_4dfp /opt/freesurfer/average/711-2C_as_mni_average_305 /opt/freesurfer/average/711-2B_as_mni_average_305_mask talsrcimg_g11 none talsrcimg_to_711-2C_as_mni_average_305_t4 1283
---------------------------------------------------------------------

freesurfer imgreg_4dfp.c
/opt/freesurfer/average/711-2C_as_mni_average_305.4dfp.img
       256       256       256         1
  1.000000  1.000000  1.000000
orientation T byte_order littleendian
Reading image: /opt/freesurfer/average/711-2C_as_mni_average_305.4dfp.img
dimensions:      256       256       256
mmppix:       1.0000   -1.0000   -1.0000
center:     128.0000 -129.0000 -129.0000
/opt/freesurfer/average/711-2B_as_mni_average_305_mask.4dfp.img
       256       256       256         1
  1.000000  1.000000  1.000000
orientation T byte_order littleendian
Reading mask: /opt/freesurfer/average/711-2B_as_mni_average_305_mask.4dfp.img (2306576 pixels)
talsrcimg_g11.4dfp.img
       256       256       256         1
  1.000000  1.000000  1.000000
orientation T byte_order littleendian
Reading image: talsrcimg_g11.4dfp.img
dimensions:      256       256       256
mmppix:       1.0000   -1.0000   -1.0000
center:     128.0000 -129.0000 -129.0000
rotation matrix determinant  1.000000
fimgreg.f
image alignment mode   1283 decimal      503 hex
parameters
    0.0000    0.0000    7.5000    0.0000    0.0000    0.0000
eta,q 0.96399 10.57823
niter,ni,del,rscale     5    3   12.0000    1.2000
parameter  3 -0.539128 -> -0.500000 qaram    1.1500
parameters
   -1.0162   -1.2993   10.9500   -1.3692    0.3633    1.8806
eta,q 0.96629 10.48472
  0.0476  0.0419  0.0525  0.0365  0.0419  0.0416
  0.0413  0.0389  0.0458  0.0345  0.0379  0.0384
  0.0378  0.0372  0.0408  0.0343  0.0350  0.0360
  0.0384  0.0375  0.0369  0.0347  0.0344  0.0344
  0.0423  0.0398  0.0347  0.0354  0.0353  0.0337
  0.0481  0.0431  0.0348  0.0368  0.0369  0.0344
  0.0553  0.0482  0.0365  0.0391  0.0400  0.0362
niter,ni,del,rscale     5    3   12.0000    1.2000
parameters
   -0.6737   -0.4082   10.9290   -1.8408    0.4301    2.0533
eta,q 0.96605 10.49001
  0.0504  0.0471  0.0437  0.0374  0.0407  0.0389
  0.0413  0.0398  0.0381  0.0349  0.0372  0.0365
  0.0356  0.0355  0.0347  0.0344  0.0346  0.0350
  0.0337  0.0338  0.0339  0.0339  0.0340  0.0340
  0.0358  0.0345  0.0355  0.0345  0.0350  0.0343
  0.0399  0.0369  0.0384  0.0362  0.0369  0.0359
  0.0462  0.0403  0.0435  0.0383  0.0403  0.0386
niter,ni,del,rscale     4    3   12.0000    1.2000
parameters
   -0.6320   -0.2261   10.8654   -1.9221    0.3946    2.0557
eta,q 0.96599 10.49040
  0.0491  0.0444  0.0436  0.0382  0.0406  0.0386
  0.0405  0.0378  0.0378  0.0352  0.0372  0.0363
  0.0353  0.0345  0.0346  0.0345  0.0346  0.0349
  0.0339  0.0340  0.0340  0.0340  0.0340  0.0340
  0.0364  0.0353  0.0356  0.0344  0.0352  0.0344
  0.0409  0.0381  0.0385  0.0360  0.0372  0.0361
  0.0479  0.0421  0.0434  0.0380  0.0406  0.0389
niter,ni,del,rscale     3    3   12.0000    1.2000
parameters
   -0.6207   -0.2125   10.8500   -1.9289    0.3838    2.0557
eta,q 0.96598 10.49062
  0.0490  0.0438  0.0438  0.0383  0.0406  0.0386
  0.0405  0.0373  0.0379  0.0352  0.0372  0.0363
  0.0354  0.0344  0.0346  0.0345  0.0346  0.0349
  0.0340  0.0340  0.0340  0.0340  0.0340  0.0340
  0.0365  0.0354  0.0355  0.0344  0.0352  0.0344
  0.0411  0.0384  0.0384  0.0359  0.0371  0.0361
  0.0481  0.0425  0.0433  0.0379  0.0406  0.0389
registration optimization eta report
parameter search radius
    6.0000    6.0000    6.9000    6.0000    6.0000    6.0000
100000*second partial in parameter space
       40.       26.       20.       11.       18.       13.
  0.0490  0.0438  0.0438  0.0383  0.0406  0.0386
  0.0405  0.0373  0.0379  0.0352  0.0372  0.0363
  0.0354  0.0344  0.0346  0.0345  0.0346  0.0349
  0.0340  0.0340  0.0340  0.0340  0.0340  0.0340
  0.0365  0.0354  0.0355  0.0344  0.0352  0.0344
  0.0411  0.0384  0.0384  0.0359  0.0371  0.0361
  0.0481  0.0425  0.0433  0.0379  0.0406  0.0389
   -0.6207   -0.2125   10.8500   -1.9289    0.3838    2.0557
eta,q 0.96598 10.49062

---------------------------------------------------------------------
imgreg_4dfp /opt/freesurfer/average/711-2C_as_mni_average_305 /opt/freesurfer/average/711-2B_as_mni_average_305_mask talsrcimg_g11 none talsrcimg_to_711-2C_as_mni_average_305_t4 3335
---------------------------------------------------------------------

freesurfer imgreg_4dfp.c
/opt/freesurfer/average/711-2C_as_mni_average_305.4dfp.img
       256       256       256         1
  1.000000  1.000000  1.000000
orientation T byte_order littleendian
Reading image: /opt/freesurfer/average/711-2C_as_mni_average_305.4dfp.img
dimensions:      256       256       256
mmppix:       1.0000   -1.0000   -1.0000
center:     128.0000 -129.0000 -129.0000
/opt/freesurfer/average/711-2B_as_mni_average_305_mask.4dfp.img
       256       256       256         1
  1.000000  1.000000  1.000000
orientation T byte_order littleendian
Reading mask: /opt/freesurfer/average/711-2B_as_mni_average_305_mask.4dfp.img (2306576 pixels)
talsrcimg_g11.4dfp.img
       256       256       256         1
  1.000000  1.000000  1.000000
orientation T byte_order littleendian
Reading image: talsrcimg_g11.4dfp.img
dimensions:      256       256       256
mmppix:       1.0000   -1.0000   -1.0000
center:     128.0000 -129.0000 -129.0000
fimgreg.f
image alignment mode   3335 decimal      D07 hex
parameters
   -0.6207   -0.2125   10.8500   -0.0666   -0.1202   -0.0589
   -3.5625   -0.7897    3.5870    3.3398    0.6698   -3.3659
eta,q 0.96867 10.56695
niter,ni,del,rscale     5    3    5.0000    1.2000
parameter  4  0.572527 ->  0.500000 qaram    1.1500
parameter  5  1.478554 ->  0.500000 qaram    1.1500
parameter  6  0.925682 ->  0.500000 qaram    1.1500
parameters
   -0.4674    0.0902   10.6629   -4.2066   -4.2602   -4.1989
   -3.1757   -0.8043    4.5163    1.0424   -1.9542   -5.3966
eta,q 0.97616 10.17762
  0.0343  0.0343  0.0326  0.0309  0.0271  0.0244  0.0270  0.0289  0.0269  0.0257  0.0246  0.0244
  0.0328  0.0328  0.0319  0.0305  0.0276  0.0244  0.0258  0.0267  0.0257  0.0245  0.0241  0.0240
  0.0317  0.0318  0.0314  0.0306  0.0288  0.0256  0.0250  0.0252  0.0249  0.0241  0.0239  0.0239
  0.0313  0.0313  0.0313  0.0313  0.0305  0.0279  0.0246  0.0246  0.0246  0.0246  0.0241  0.0239
  0.0315  0.0315  0.0316  0.0327  0.0329  0.0311  0.0248  0.0252  0.0247  0.0256  0.0247  0.0242
  0.0323  0.0321  0.0322  0.0348  0.0356  0.0351  0.0255  0.0268  0.0251  0.0272  0.0257  0.0248
  0.0337  0.0331  0.0331  0.0375  0.0378  0.0398  0.0266  0.0289  0.0259  0.0294  0.0268  0.0256
niter,ni,del,rscale     7    3    5.0000    1.2000
parameters
   -0.2250   -0.0532   10.0491   -2.6471   -7.1489   -6.8478
   -3.1409   -0.1183    5.2423    2.3635   -2.4443   -3.4851
eta,q 0.97721 10.01866
  0.0272  0.0260  0.0247  0.0278  0.0245  0.0251  0.0252  0.0277  0.0250  0.0266  0.0240  0.0243
  0.0256  0.0248  0.0240  0.0262  0.0237  0.0241  0.0241  0.0256  0.0240  0.0250  0.0234  0.0237
  0.0244  0.0240  0.0237  0.0248  0.0231  0.0231  0.0234  0.0239  0.0233  0.0238  0.0230  0.0232
  0.0238  0.0238  0.0238  0.0237  0.0234  0.0231  0.0231  0.0231  0.0231  0.0230  0.0229  0.0229
  0.0239  0.0242  0.0244  0.0233  0.0248  0.0251  0.0233  0.0233  0.0232  0.0229  0.0231  0.0228
  0.0247  0.0251  0.0253  0.0240  0.0269  0.0285  0.0240  0.0244  0.0236  0.0236  0.0236  0.0230
  0.0262  0.0267  0.0266  0.0260  0.0296  0.0329  0.0251  0.0264  0.0243  0.0248  0.0244  0.0234
niter,ni,del,rscale     6    3    5.0000    1.2000
parameters
   -0.2009   -0.0549    9.6750   -1.9370   -7.7390   -7.9674
   -3.3078    0.1356    5.5344    2.4101   -2.4387   -2.9964
eta,q 0.97715  9.97104
  0.0257  0.0250  0.0239  0.0263  0.0251  0.0260  0.0249  0.0272  0.0245  0.0256  0.0241  0.0240
  0.0241  0.0238  0.0232  0.0249  0.0240  0.0247  0.0238  0.0251  0.0236  0.0243  0.0234  0.0235
  0.0231  0.0230  0.0228  0.0236  0.0231  0.0234  0.0231  0.0236  0.0231  0.0233  0.0230  0.0231
  0.0228  0.0228  0.0228  0.0227  0.0226  0.0227  0.0229  0.0229  0.0229  0.0229  0.0229  0.0229
  0.0231  0.0231  0.0232  0.0226  0.0230  0.0235  0.0231  0.0232  0.0230  0.0232  0.0230  0.0229
  0.0240  0.0238  0.0239  0.0236  0.0243  0.0259  0.0239  0.0246  0.0235  0.0241  0.0234  0.0232
  0.0256  0.0250  0.0249  0.0257  0.0263  0.0292  0.0251  0.0268  0.0242  0.0256  0.0241  0.0238
niter,ni,del,rscale     5    3    5.0000    1.2000
parameters
   -0.1890   -0.0213    9.3460   -1.7247   -7.6686   -8.5366
   -3.4170    0.1997    5.6043    2.4368   -2.4352   -3.0094
eta,q 0.97710  9.95493
  0.0257  0.0251  0.0240  0.0260  0.0255  0.0263  0.0250  0.0271  0.0244  0.0256  0.0241  0.0239
  0.0242  0.0238  0.0232  0.0247  0.0243  0.0250  0.0239  0.0250  0.0236  0.0243  0.0235  0.0234
  0.0232  0.0231  0.0228  0.0236  0.0234  0.0237  0.0231  0.0235  0.0231  0.0233  0.0231  0.0231
  0.0229  0.0228  0.0229  0.0228  0.0228  0.0228  0.0229  0.0229  0.0229  0.0229  0.0229  0.0229
  0.0232  0.0231  0.0232  0.0229  0.0229  0.0231  0.0231  0.0233  0.0231  0.0232  0.0230  0.0230
  0.0241  0.0238  0.0238  0.0241  0.0240  0.0252  0.0239  0.0248  0.0236  0.0242  0.0234  0.0233
  0.0257  0.0249  0.0247  0.0262  0.0258  0.0282  0.0251  0.0271  0.0243  0.0257  0.0241  0.0240
niter,ni,del,rscale     4    3    5.0000    1.2000
parameters
   -0.1802    0.0411    9.1253   -1.6316   -7.5856   -8.8299
   -3.4301    0.2141    5.6449    2.5411   -2.4614   -3.1519
eta,q 0.97708  9.94807
  0.0257  0.0251  0.0241  0.0260  0.0256  0.0265  0.0250  0.0270  0.0244  0.0257  0.0241  0.0239
  0.0242  0.0239  0.0233  0.0247  0.0244  0.0251  0.0239  0.0250  0.0236  0.0243  0.0235  0.0234
  0.0232  0.0232  0.0229  0.0236  0.0235  0.0238  0.0232  0.0235  0.0231  0.0233  0.0231  0.0231
  0.0229  0.0229  0.0229  0.0229  0.0229  0.0229  0.0229  0.0229  0.0229  0.0229  0.0229  0.0229
  0.0232  0.0231  0.0232  0.0230  0.0230  0.0230  0.0231  0.0234  0.0231  0.0232  0.0230  0.0230
  0.0242  0.0238  0.0237  0.0242  0.0241  0.0249  0.0239  0.0249  0.0236  0.0241  0.0235  0.0234
  0.0257  0.0249  0.0246  0.0263  0.0258  0.0278  0.0251  0.0271  0.0243  0.0256  0.0242  0.0240
niter,ni,del,rscale     3    3    5.0000    1.2000
parameters
   -0.1748    0.1044    8.9933   -1.5908   -7.5538   -8.9797
   -3.4381    0.2182    5.6941    2.6565   -2.5047   -3.2808
eta,q 0.97706  9.94425
  0.0258  0.0251  0.0242  0.0260  0.0256  0.0266  0.0250  0.0270  0.0244  0.0257  0.0241  0.0239
  0.0242  0.0239  0.0234  0.0247  0.0244  0.0252  0.0240  0.0250  0.0236  0.0243  0.0235  0.0234
  0.0233  0.0232  0.0230  0.0236  0.0235  0.0239  0.0232  0.0235  0.0231  0.0234  0.0231  0.0231
  0.0229  0.0229  0.0229  0.0229  0.0229  0.0229  0.0229  0.0229  0.0229  0.0229  0.0229  0.0229
  0.0232  0.0231  0.0232  0.0230  0.0230  0.0230  0.0231  0.0234  0.0231  0.0232  0.0231  0.0230
  0.0242  0.0238  0.0237  0.0243  0.0241  0.0248  0.0239  0.0249  0.0236  0.0241  0.0235  0.0234
  0.0257  0.0249  0.0245  0.0264  0.0259  0.0276  0.0251  0.0271  0.0243  0.0256  0.0242  0.0240
niter,ni,del,rscale     2    3    5.0000    1.2000
parameters
   -0.1740    0.1522    8.9175   -1.5730   -7.5555   -9.0615
   -3.4410    0.2098    5.7487    2.7532   -2.5414   -3.3688
eta,q 0.97705  9.94139
  0.0258  0.0251  0.0243  0.0260  0.0256  0.0267  0.0251  0.0270  0.0244  0.0256  0.0241  0.0239
  0.0242  0.0239  0.0235  0.0247  0.0244  0.0252  0.0240  0.0250  0.0236  0.0243  0.0235  0.0234
  0.0233  0.0232  0.0230  0.0236  0.0236  0.0239  0.0232  0.0235  0.0231  0.0234  0.0231  0.0231
  0.0229  0.0229  0.0229  0.0229  0.0229  0.0229  0.0229  0.0230  0.0230  0.0229  0.0230  0.0230
  0.0232  0.0232  0.0232  0.0231  0.0231  0.0230  0.0232  0.0234  0.0231  0.0232  0.0231  0.0230
  0.0242  0.0238  0.0237  0.0243  0.0242  0.0247  0.0239  0.0249  0.0236  0.0241  0.0235  0.0234
  0.0258  0.0249  0.0244  0.0264  0.0259  0.0275  0.0251  0.0272  0.0243  0.0256  0.0242  0.0240
niter,ni,del,rscale     1    3    5.0000    1.2000
parameters
   -0.1764    0.1894    8.8702   -1.5605   -7.5655   -9.1119
   -3.4439    0.2074    5.8020    2.8298   -2.5942   -3.4300
eta,q 0.97704  9.93940
  0.0258  0.0251  0.0243  0.0260  0.0256  0.0267  0.0251  0.0270  0.0244  0.0256  0.0241  0.0239
  0.0242  0.0239  0.0235  0.0247  0.0244  0.0253  0.0240  0.0250  0.0236  0.0243  0.0235  0.0234
  0.0233  0.0232  0.0231  0.0236  0.0236  0.0239  0.0232  0.0236  0.0231  0.0234  0.0231  0.0231
  0.0230  0.0230  0.0230  0.0230  0.0229  0.0230  0.0230  0.0230  0.0230  0.0230  0.0230  0.0230
  0.0233  0.0232  0.0231  0.0231  0.0231  0.0230  0.0232  0.0234  0.0231  0.0232  0.0231  0.0230
  0.0242  0.0239  0.0236  0.0243  0.0242  0.0247  0.0239  0.0249  0.0236  0.0241  0.0235  0.0234
  0.0258  0.0249  0.0244  0.0264  0.0259  0.0275  0.0251  0.0272  0.0243  0.0256  0.0242  0.0240
registration optimization eta report
parameter search radius
    2.4000    2.4000    2.4000    8.2800    8.2800    8.2800
    7.2000    7.2000    7.2000    7.2000    7.2000    7.2000
100000*second partial in parameter space
       49.       35.       24.        5.        4.        6.
        4.        8.        3.        5.        2.        2.
  0.0258  0.0251  0.0243  0.0260  0.0256  0.0267  0.0251  0.0270  0.0244  0.0256  0.0241  0.0239
  0.0242  0.0239  0.0235  0.0247  0.0244  0.0253  0.0240  0.0250  0.0236  0.0243  0.0235  0.0234
  0.0233  0.0232  0.0231  0.0236  0.0236  0.0239  0.0232  0.0236  0.0231  0.0234  0.0231  0.0231
  0.0230  0.0230  0.0230  0.0230  0.0229  0.0230  0.0230  0.0230  0.0230  0.0230  0.0230  0.0230
  0.0233  0.0232  0.0231  0.0231  0.0231  0.0230  0.0232  0.0234  0.0231  0.0232  0.0231  0.0230
  0.0242  0.0239  0.0236  0.0243  0.0242  0.0247  0.0239  0.0249  0.0236  0.0241  0.0235  0.0234
  0.0258  0.0249  0.0244  0.0264  0.0259  0.0275  0.0251  0.0272  0.0243  0.0256  0.0242  0.0240
   -0.1764    0.1894    8.8702   -1.5605   -7.5655   -9.1119
   -3.4439    0.2074    5.8020    2.8298   -2.5942   -3.4300
eta,q 0.97704  9.93940

---------------------------------------------------------------------
imgreg_4dfp /opt/freesurfer/average/711-2C_as_mni_average_305 /opt/freesurfer/average/711-2B_as_mni_average_305_mask talsrcimg_g11 none talsrcimg_to_711-2C_as_mni_average_305_t4 2311
---------------------------------------------------------------------

freesurfer imgreg_4dfp.c
/opt/freesurfer/average/711-2C_as_mni_average_305.4dfp.img
       256       256       256         1
  1.000000  1.000000  1.000000
orientation T byte_order littleendian
Reading image: /opt/freesurfer/average/711-2C_as_mni_average_305.4dfp.img
dimensions:      256       256       256
mmppix:       1.0000   -1.0000   -1.0000
center:     128.0000 -129.0000 -129.0000
/opt/freesurfer/average/711-2B_as_mni_average_305_mask.4dfp.img
       256       256       256         1
  1.000000  1.000000  1.000000
orientation T byte_order littleendian
Reading mask: /opt/freesurfer/average/711-2B_as_mni_average_305_mask.4dfp.img (2306576 pixels)
talsrcimg_g11.4dfp.img
       256       256       256         1
  1.000000  1.000000  1.000000
orientation T byte_order littleendian
Reading image: talsrcimg_g11.4dfp.img
dimensions:      256       256       256
mmppix:       1.0000   -1.0000   -1.0000
center:     128.0000 -129.0000 -129.0000
fimgreg.f
image alignment mode   2311 decimal      907 hex
parameters
   -0.1764    0.1894    8.8702   -1.5605   -7.5655   -9.1119
   -3.4439    0.2074    5.8020    2.8298   -2.5942   -3.4300
eta,q 0.97704  9.93940
niter,ni,del,rscale     5    3    5.0000    0.8000
parameters
   -0.1694    0.1961    8.8021   -0.9043   -7.0363   -8.5532
   -3.2474    0.2115    5.6394    2.4890   -2.6360   -4.0292
eta,q 0.97725 10.00501
  0.0242  0.0239  0.0235  0.0244  0.0241  0.0248  0.0239  0.0250  0.0234  0.0239  0.0234  0.0231
  0.0235  0.0234  0.0232  0.0238  0.0236  0.0240  0.0233  0.0238  0.0230  0.0233  0.0230  0.0229
  0.0231  0.0231  0.0230  0.0233  0.0232  0.0233  0.0229  0.0230  0.0228  0.0229  0.0228  0.0228
  0.0230  0.0230  0.0230  0.0230  0.0229  0.0228  0.0228  0.0228  0.0228  0.0228  0.0228  0.0227
  0.0231  0.0231  0.0231  0.0229  0.0229  0.0227  0.0228  0.0230  0.0228  0.0230  0.0228  0.0228
  0.0235  0.0234  0.0233  0.0232  0.0232  0.0232  0.0232  0.0238  0.0231  0.0235  0.0230  0.0230
  0.0242  0.0239  0.0236  0.0239  0.0238  0.0243  0.0237  0.0250  0.0235  0.0243  0.0234  0.0234
niter,ni,del,rscale     4    3    5.0000    0.7000
parameters
   -0.1804    0.1913    8.9871   -0.8479   -6.8069   -8.0315
   -3.1387    0.1712    5.5317    2.3304   -2.6597   -4.3564
eta,q 0.97736 10.03855
  0.0238  0.0235  0.0234  0.0238  0.0237  0.0243  0.0235  0.0244  0.0232  0.0236  0.0231  0.0229
  0.0232  0.0231  0.0231  0.0233  0.0233  0.0236  0.0230  0.0235  0.0229  0.0231  0.0229  0.0228
  0.0229  0.0228  0.0229  0.0229  0.0230  0.0231  0.0228  0.0229  0.0227  0.0227  0.0227  0.0227
  0.0228  0.0228  0.0228  0.0228  0.0228  0.0227  0.0226  0.0226  0.0226  0.0226  0.0226  0.0226
  0.0229  0.0228  0.0228  0.0228  0.0228  0.0226  0.0227  0.0229  0.0227  0.0228  0.0227  0.0227
  0.0232  0.0231  0.0229  0.0232  0.0231  0.0230  0.0230  0.0235  0.0229  0.0232  0.0229  0.0228
  0.0238  0.0235  0.0231  0.0238  0.0236  0.0238  0.0234  0.0245  0.0232  0.0238  0.0232  0.0231
niter,ni,del,rscale     3    3    5.0000    0.6000
parameters
   -0.1940    0.1614    9.1548   -0.8064   -6.6654   -7.6249
   -3.0703    0.1282    5.4714    2.1814   -2.7141   -4.5100
eta,q 0.97743 10.06278
  0.0234  0.0232  0.0231  0.0235  0.0234  0.0238  0.0232  0.0239  0.0230  0.0233  0.0229  0.0228
  0.0230  0.0229  0.0229  0.0231  0.0231  0.0233  0.0229  0.0232  0.0228  0.0229  0.0227  0.0227
  0.0227  0.0227  0.0227  0.0228  0.0228  0.0229  0.0226  0.0227  0.0226  0.0226  0.0226  0.0226
  0.0226  0.0226  0.0226  0.0226  0.0226  0.0226  0.0226  0.0226  0.0226  0.0226  0.0226  0.0226
  0.0227  0.0227  0.0227  0.0227  0.0227  0.0226  0.0226  0.0228  0.0226  0.0227  0.0226  0.0226
  0.0230  0.0229  0.0228  0.0230  0.0229  0.0229  0.0228  0.0232  0.0228  0.0230  0.0228  0.0227
  0.0234  0.0233  0.0229  0.0235  0.0234  0.0235  0.0232  0.0240  0.0230  0.0235  0.0230  0.0228
niter,ni,del,rscale     2    3    5.0000    0.5000
parameters
   -0.2129    0.1317    9.2965   -0.7758   -6.5631   -7.2844
   -3.0200    0.0892    5.4456    2.0426   -2.7698   -4.6173
eta,q 0.97748 10.08200
  0.0231  0.0230  0.0229  0.0232  0.0231  0.0235  0.0230  0.0235  0.0228  0.0231  0.0228  0.0227
  0.0228  0.0227  0.0227  0.0229  0.0229  0.0231  0.0227  0.0230  0.0227  0.0228  0.0226  0.0226
  0.0226  0.0226  0.0226  0.0227  0.0227  0.0228  0.0226  0.0226  0.0226  0.0226  0.0225  0.0225
  0.0226  0.0226  0.0226  0.0226  0.0226  0.0226  0.0225  0.0225  0.0225  0.0225  0.0225  0.0225
  0.0226  0.0226  0.0226  0.0226  0.0226  0.0225  0.0226  0.0226  0.0226  0.0226  0.0226  0.0225
  0.0228  0.0228  0.0226  0.0228  0.0228  0.0227  0.0227  0.0230  0.0227  0.0228  0.0227  0.0226
  0.0231  0.0230  0.0228  0.0232  0.0231  0.0232  0.0229  0.0235  0.0228  0.0232  0.0228  0.0227
niter,ni,del,rscale     1    3    5.0000    0.4000
parameters
   -0.2279    0.1073    9.4118   -0.7548   -6.4601   -6.9969
   -2.9892    0.0616    5.4271    1.9075   -2.8306   -4.7000
eta,q 0.97751 10.09842
  0.0229  0.0228  0.0228  0.0229  0.0229  0.0232  0.0228  0.0231  0.0227  0.0228  0.0227  0.0226
  0.0227  0.0226  0.0226  0.0227  0.0227  0.0229  0.0226  0.0228  0.0226  0.0226  0.0226  0.0225
  0.0226  0.0225  0.0226  0.0226  0.0226  0.0227  0.0225  0.0226  0.0225  0.0225  0.0225  0.0225
  0.0225  0.0225  0.0225  0.0225  0.0225  0.0225  0.0225  0.0225  0.0225  0.0225  0.0225  0.0225
  0.0226  0.0226  0.0225  0.0225  0.0225  0.0225  0.0225  0.0226  0.0225  0.0225  0.0225  0.0225
  0.0227  0.0227  0.0226  0.0227  0.0227  0.0226  0.0226  0.0228  0.0226  0.0227  0.0226  0.0225
  0.0229  0.0228  0.0227  0.0229  0.0229  0.0230  0.0228  0.0232  0.0227  0.0229  0.0227  0.0226
registration optimization eta report
parameter search radius
    0.8000    0.8000    0.8000    2.4000    2.4000    2.4000
    2.4000    2.4000    2.4000    2.4000    2.4000    2.4000
100000*second partial in parameter space
       56.       43.       29.        7.        7.       10.
        5.       11.        4.        7.        3.        2.
  0.0229  0.0228  0.0228  0.0229  0.0229  0.0232  0.0228  0.0231  0.0227  0.0228  0.0227  0.0226
  0.0227  0.0226  0.0226  0.0227  0.0227  0.0229  0.0226  0.0228  0.0226  0.0226  0.0226  0.0225
  0.0226  0.0225  0.0226  0.0226  0.0226  0.0227  0.0225  0.0226  0.0225  0.0225  0.0225  0.0225
  0.0225  0.0225  0.0225  0.0225  0.0225  0.0225  0.0225  0.0225  0.0225  0.0225  0.0225  0.0225
  0.0226  0.0226  0.0225  0.0225  0.0225  0.0225  0.0225  0.0226  0.0225  0.0225  0.0225  0.0225
  0.0227  0.0227  0.0226  0.0227  0.0227  0.0226  0.0226  0.0228  0.0226  0.0227  0.0226  0.0225
  0.0229  0.0228  0.0227  0.0229  0.0229  0.0230  0.0228  0.0232  0.0227  0.0229  0.0227  0.0226
   -0.2279    0.1073    9.4118   -0.7548   -6.4601   -6.9969
   -2.9892    0.0616    5.4271    1.9075   -2.8306   -4.7000
eta,q 0.97751 10.09842

---------------------------------------------------------------------
imgreg_4dfp /opt/freesurfer/average/711-2C_as_mni_average_305 /opt/freesurfer/average/711-2B_as_mni_average_305_mask talsrcimg_g11 none talsrcimg_to_711-2C_as_mni_average_305_t4 2311
---------------------------------------------------------------------

freesurfer imgreg_4dfp.c
/opt/freesurfer/average/711-2C_as_mni_average_305.4dfp.img
       256       256       256         1
  1.000000  1.000000  1.000000
orientation T byte_order littleendian
Reading image: /opt/freesurfer/average/711-2C_as_mni_average_305.4dfp.img
dimensions:      256       256       256
mmppix:       1.0000   -1.0000   -1.0000
center:     128.0000 -129.0000 -129.0000
/opt/freesurfer/average/711-2B_as_mni_average_305_mask.4dfp.img
       256       256       256         1
  1.000000  1.000000  1.000000
orientation T byte_order littleendian
Reading mask: /opt/freesurfer/average/711-2B_as_mni_average_305_mask.4dfp.img (2306576 pixels)
talsrcimg_g11.4dfp.img
       256       256       256         1
  1.000000  1.000000  1.000000
orientation T byte_order littleendian
Reading image: talsrcimg_g11.4dfp.img
dimensions:      256       256       256
mmppix:       1.0000   -1.0000   -1.0000
center:     128.0000 -129.0000 -129.0000
fimgreg.f
image alignment mode   2311 decimal      907 hex
parameters
   -0.2279    0.1073    9.4118   -0.7548   -6.4601   -6.9969
   -2.9892    0.0616    5.4271    1.9075   -2.8306   -4.7000
eta,q 0.97751 10.09842
niter,ni,del,rscale     5    3    5.0000    0.8000
parameters
   -0.2436    0.0948    9.5084   -1.0563   -6.8132   -7.2632
   -3.0421    0.0879    5.4873    2.1825   -2.7476   -4.2899
eta,q 0.97747 10.06645
  0.0239  0.0236  0.0234  0.0238  0.0236  0.0242  0.0236  0.0248  0.0233  0.0241  0.0233  0.0230
  0.0231  0.0230  0.0229  0.0231  0.0231  0.0235  0.0230  0.0237  0.0229  0.0233  0.0229  0.0228
  0.0226  0.0226  0.0226  0.0227  0.0227  0.0229  0.0227  0.0228  0.0226  0.0228  0.0226  0.0226
  0.0225  0.0225  0.0225  0.0225  0.0225  0.0225  0.0225  0.0225  0.0226  0.0225  0.0225  0.0225
  0.0227  0.0226  0.0225  0.0227  0.0226  0.0227  0.0227  0.0228  0.0226  0.0226  0.0226  0.0225
  0.0231  0.0230  0.0228  0.0233  0.0232  0.0235  0.0230  0.0236  0.0229  0.0231  0.0228  0.0227
  0.0239  0.0236  0.0232  0.0243  0.0241  0.0249  0.0237  0.0248  0.0233  0.0238  0.0232  0.0229
niter,ni,del,rscale     4    3    5.0000    0.7000
parameters
   -0.2241    0.0639    9.4647   -0.9887   -6.8674   -7.3314
   -3.0572    0.1035    5.4638    2.1304   -2.7155   -4.1758
eta,q 0.97746 10.06281
  0.0236  0.0233  0.0231  0.0237  0.0234  0.0239  0.0233  0.0244  0.0231  0.0236  0.0231  0.0229
  0.0230  0.0229  0.0228  0.0231  0.0230  0.0234  0.0229  0.0234  0.0228  0.0230  0.0228  0.0227
  0.0227  0.0226  0.0226  0.0227  0.0227  0.0228  0.0226  0.0228  0.0226  0.0227  0.0226  0.0226
  0.0225  0.0225  0.0225  0.0225  0.0225  0.0225  0.0225  0.0225  0.0225  0.0225  0.0225  0.0225
  0.0226  0.0226  0.0226  0.0226  0.0226  0.0226  0.0226  0.0228  0.0226  0.0227  0.0226  0.0226
  0.0230  0.0229  0.0228  0.0230  0.0230  0.0232  0.0229  0.0234  0.0228  0.0231  0.0228  0.0227
  0.0236  0.0234  0.0231  0.0237  0.0236  0.0243  0.0234  0.0243  0.0231  0.0237  0.0231  0.0229
niter,ni,del,rscale     3    3    5.0000    0.6000
parameters
   -0.2229    0.0588    9.4552   -0.8926   -6.7648   -7.2633
   -3.0430    0.1000    5.4276    2.0437   -2.7226   -4.2236
eta,q 0.97748 10.07220
  0.0233  0.0231  0.0230  0.0234  0.0233  0.0237  0.0231  0.0239  0.0229  0.0233  0.0229  0.0228
  0.0229  0.0228  0.0227  0.0230  0.0230  0.0232  0.0228  0.0232  0.0227  0.0229  0.0227  0.0226
  0.0226  0.0226  0.0226  0.0227  0.0227  0.0228  0.0226  0.0227  0.0226  0.0226  0.0226  0.0226
  0.0225  0.0225  0.0225  0.0225  0.0225  0.0225  0.0225  0.0225  0.0225  0.0225  0.0225  0.0225
  0.0226  0.0226  0.0226  0.0226  0.0226  0.0226  0.0226  0.0227  0.0226  0.0226  0.0226  0.0225
  0.0229  0.0228  0.0227  0.0229  0.0228  0.0230  0.0228  0.0232  0.0227  0.0229  0.0227  0.0226
  0.0233  0.0231  0.0230  0.0234  0.0233  0.0238  0.0231  0.0239  0.0230  0.0234  0.0229  0.0228
niter,ni,del,rscale     2    3    5.0000    0.5000
parameters
   -0.2245    0.0571    9.4713   -0.8340   -6.6493   -7.1144
   -3.0145    0.0799    5.4084    1.9481   -2.7402   -4.3391
eta,q 0.97750 10.08420
  0.0231  0.0229  0.0228  0.0231  0.0231  0.0234  0.0229  0.0235  0.0228  0.0231  0.0228  0.0227
  0.0228  0.0227  0.0227  0.0228  0.0228  0.0230  0.0227  0.0229  0.0226  0.0227  0.0226  0.0226
  0.0226  0.0226  0.0226  0.0226  0.0226  0.0227  0.0225  0.0226  0.0225  0.0226  0.0225  0.0225
  0.0225  0.0225  0.0225  0.0225  0.0225  0.0225  0.0225  0.0225  0.0225  0.0225  0.0225  0.0225
  0.0226  0.0226  0.0226  0.0226  0.0225  0.0225  0.0225  0.0226  0.0225  0.0226  0.0225  0.0225
  0.0228  0.0227  0.0226  0.0228  0.0227  0.0228  0.0227  0.0230  0.0226  0.0228  0.0226  0.0226
  0.0231  0.0229  0.0228  0.0231  0.0231  0.0233  0.0229  0.0235  0.0228  0.0231  0.0228  0.0227
niter,ni,del,rscale     1    3    5.0000    0.4000
parameters
   -0.2323    0.0582    9.5077   -0.8000   -6.5225   -6.9287
   -2.9957    0.0527    5.3836    1.8471   -2.8010   -4.5020
eta,q 0.97752 10.09754
  0.0228  0.0228  0.0227  0.0229  0.0229  0.0231  0.0228  0.0231  0.0227  0.0228  0.0227  0.0226
  0.0227  0.0226  0.0226  0.0227  0.0227  0.0229  0.0226  0.0228  0.0226  0.0226  0.0226  0.0225
  0.0225  0.0225  0.0225  0.0226  0.0226  0.0226  0.0225  0.0225  0.0225  0.0225  0.0225  0.0225
  0.0225  0.0225  0.0225  0.0225  0.0225  0.0225  0.0225  0.0225  0.0225  0.0225  0.0225  0.0225
  0.0225  0.0225  0.0225  0.0225  0.0225  0.0225  0.0225  0.0226  0.0225  0.0225  0.0225  0.0225
  0.0227  0.0226  0.0226  0.0227  0.0226  0.0227  0.0226  0.0228  0.0226  0.0227  0.0226  0.0225
  0.0229  0.0228  0.0227  0.0229  0.0229  0.0230  0.0228  0.0231  0.0227  0.0229  0.0227  0.0226
registration optimization eta report
parameter search radius
    0.8000    0.8000    0.8000    2.4000    2.4000    2.4000
    2.4000    2.4000    2.4000    2.4000    2.4000    2.4000
100000*second partial in parameter space
       56.       43.       31.        7.        7.       10.
        5.       11.        4.        7.        3.        2.
  0.0228  0.0228  0.0227  0.0229  0.0229  0.0231  0.0228  0.0231  0.0227  0.0228  0.0227  0.0226
  0.0227  0.0226  0.0226  0.0227  0.0227  0.0229  0.0226  0.0228  0.0226  0.0226  0.0226  0.0225
  0.0225  0.0225  0.0225  0.0226  0.0226  0.0226  0.0225  0.0225  0.0225  0.0225  0.0225  0.0225
  0.0225  0.0225  0.0225  0.0225  0.0225  0.0225  0.0225  0.0225  0.0225  0.0225  0.0225  0.0225
  0.0225  0.0225  0.0225  0.0225  0.0225  0.0225  0.0225  0.0226  0.0225  0.0225  0.0225  0.0225
  0.0227  0.0226  0.0226  0.0227  0.0226  0.0227  0.0226  0.0228  0.0226  0.0227  0.0226  0.0225
  0.0229  0.0228  0.0227  0.0229  0.0229  0.0230  0.0228  0.0231  0.0227  0.0229  0.0227  0.0226
   -0.2323    0.0582    9.5077   -0.8000   -6.5225   -6.9287
   -2.9957    0.0527    5.3836    1.8471   -2.8010   -4.5020
eta,q 0.97752 10.09754

---------------------------------------------------------------------
compute_vox2vox talsrcimg talsrcimg_to_711-2C_as_mni_average_305_t4 /opt/freesurfer/average/711-2C_as_mni_average_305
---------------------------------------------------------------------

freesurfer compute_vox2vox.c
Reading: talsrcimg.4dfp.ifh
Reading: talsrcimg_to_711-2C_as_mni_average_305_t4
Reading: /opt/freesurfer/average/711-2C_as_mni_average_305.4dfp.ifh
Writing: talsrcimg_to_711-2C_as_mni_average_305_t4_vox2vox.txt

start time Sun Mar 8 12:45:42 CET 2026
end		time Sun Mar 8 12:45:55 CET 2026

mpr2mni305 success

avi2talxfm orig_nu.mgz /opt/freesurfer/average/mni305.cor.mgz talsrcimg_to_711-2C_as_mni_average_305_t4_vox2vox.txt transforms/talairach.auto.xfm
avi2talxfm done
mv -f /out/sourcedata/freesurfer/sub-v1s11x0050171_ses-1/mri/talsrcimg_to_711-2C_as_mni_average_305_t4_vox2vox.txt /out/sourcedata/freesurfer/sub-v1s11x0050171_ses-1/mri/transforms/talsrcimg_to_711-2C_as_mni_average_305_t4_vox2vox.txt
lta_convert --src orig_nu.mgz --trg /opt/freesurfer/average/mni305.cor.mgz --inxfm transforms/talairach.auto.xfm --outlta transforms/talairach.auto.xfm.lta --subject fsaverage
7.3.2

--src: orig_nu.mgz src image (geometry).
--trg: /opt/freesurfer/average/mni305.cor.mgz trg image (geometry).
--inmni: transforms/talairach.auto.xfm input MNI/XFM transform.
--outlta: transforms/talairach.auto.xfm.lta output LTA.
--s: fsaverage subject name
 LTA read, type : 1
 1.00628  -0.00121   0.03219   4.49809;
 0.02746   1.07339   0.05258  -17.89940;
-0.05850  -0.02114   1.06688  -28.69588;
 0.00000   0.00000   0.00000   1.00000;
setting subject to fsaverage
Writing  LTA to file transforms/talairach.auto.xfm.lta...
lta_convert successful.
 
 
Started at Sun Mar 8 12:45:42 CET 2026
Ended   at Sun Mar  8 12:45:56 CET 2026
talairach_avi done
