status file for recon-all
Thu Mar 12 11:55:37 CET 2026
#@# Tessellate lh Thu Mar 12 11:55:37 CET 2026
#@# Smooth1 lh Thu Mar 12 11:55:40 CET 2026
#@# Inflation1 lh Thu Mar 12 11:55:43 CET 2026
#@# QSphere lh Thu Mar 12 11:56:00 CET 2026
#@# Fix Topology lh Thu Mar 12 11:57:08 CET 2026
#@# Smooth2 lh Thu Mar 12 12:02:19 CET 2026
#@# Inflation2 lh Thu Mar 12 12:02:22 CET 2026
#@# Curv .H and .K lh Thu Mar 12 12:02:36 CET 2026
#@# Sphere lh Thu Mar 12 12:03:22 CET 2026
#@# Surf Reg lh Thu Mar 12 12:05:49 CET 2026
#@# Jacobian white lh Thu Mar 12 12:09:36 CET 2026
#@# AvgCurv lh Thu Mar 12 12:09:37 CET 2026
#@# Cortical Parc lh Thu Mar 12 12:09:38 CET 2026
#@# white curv lh Thu Mar 12 12:15:52 CET 2026
#@# white area lh Thu Mar 12 12:15:54 CET 2026
#@# pial curv lh Thu Mar 12 12:15:55 CET 2026
#@# pial area lh Thu Mar 12 12:15:57 CET 2026
#@# thickness lh Thu Mar 12 12:15:58 CET 2026
#@# area and vertex vol lh Thu Mar 12 12:16:29 CET 2026
#@# Curvature Stats lh Thu Mar 12 12:16:31 CET 2026
#@# Cortical Parc 2 lh Thu Mar 12 12:16:34 CET 2026
#@# Cortical Parc 3 lh Thu Mar 12 12:16:47 CET 2026
#@# WM/GM Contrast lh Thu Mar 12 12:16:57 CET 2026
recon-all -s sub-v1s11x0050152_ses-1 finished without error at Thu Mar 12 12:17:00 CET 2026



#New# invocation of recon-all 



status file for recon-all
Thu Mar 12 12:44:33 CET 2026
#@# white curv lh Thu Mar 12 12:44:33 CET 2026
#@# white area lh Thu Mar 12 12:44:33 CET 2026
#@# pial curv lh Thu Mar 12 12:44:33 CET 2026
#@# pial area lh Thu Mar 12 12:44:33 CET 2026
#@# thickness lh Thu Mar 12 12:44:33 CET 2026
#@# area and vertex vol lh Thu Mar 12 12:44:33 CET 2026
#@# Parcellation Stats lh Thu Mar 12 12:44:33 CET 2026
#@# Parcellation Stats 2 lh Thu Mar 12 12:44:52 CET 2026
#@# Parcellation Stats 3 lh Thu Mar 12 12:45:02 CET 2026
#@# BA_exvivo Labels lh Thu Mar 12 12:45:11 CET 2026
recon-all -s sub-v1s11x0050152_ses-1 finished without error at Thu Mar 12 12:47:54 CET 2026
