status file for recon-all
Thu Mar 12 12:17:03 CET 2026
#@# Tessellate rh Thu Mar 12 12:17:03 CET 2026
#@# Smooth1 rh Thu Mar 12 12:17:07 CET 2026
#@# Inflation1 rh Thu Mar 12 12:17:09 CET 2026
#@# QSphere rh Thu Mar 12 12:17:25 CET 2026
#@# Fix Topology rh Thu Mar 12 12:18:39 CET 2026
#@# Smooth2 rh Thu Mar 12 12:23:54 CET 2026
#@# Inflation2 rh Thu Mar 12 12:23:58 CET 2026
#@# Curv .H and .K rh Thu Mar 12 12:24:12 CET 2026
#@# Sphere rh Thu Mar 12 12:24:58 CET 2026
#@# Surf Reg rh Thu Mar 12 12:27:44 CET 2026
#@# Jacobian white rh Thu Mar 12 12:32:32 CET 2026
#@# AvgCurv rh Thu Mar 12 12:32:33 CET 2026
#@# Cortical Parc rh Thu Mar 12 12:32:34 CET 2026
#@# white curv rh Thu Mar 12 12:38:57 CET 2026
#@# white area rh Thu Mar 12 12:38:59 CET 2026
#@# pial curv rh Thu Mar 12 12:39:00 CET 2026
#@# pial area rh Thu Mar 12 12:39:02 CET 2026
#@# thickness rh Thu Mar 12 12:39:02 CET 2026
#@# area and vertex vol rh Thu Mar 12 12:39:31 CET 2026
#@# Curvature Stats rh Thu Mar 12 12:39:33 CET 2026
#@# Cortical Parc 2 rh Thu Mar 12 12:39:36 CET 2026
#@# Cortical Parc 3 rh Thu Mar 12 12:39:49 CET 2026
#@# WM/GM Contrast rh Thu Mar 12 12:39:59 CET 2026
recon-all -s sub-v1s11x0050152_ses-1 finished without error at Thu Mar 12 12:40:02 CET 2026



#New# invocation of recon-all 



status file for recon-all
Thu Mar 12 12:47:57 CET 2026
#@# white curv rh Thu Mar 12 12:47:57 CET 2026
#@# white area rh Thu Mar 12 12:47:57 CET 2026
#@# pial curv rh Thu Mar 12 12:47:57 CET 2026
#@# pial area rh Thu Mar 12 12:47:57 CET 2026
#@# thickness rh Thu Mar 12 12:47:57 CET 2026
#@# area and vertex vol rh Thu Mar 12 12:47:57 CET 2026
#@# Parcellation Stats rh Thu Mar 12 12:47:57 CET 2026
#@# Parcellation Stats 2 rh Thu Mar 12 12:48:16 CET 2026
#@# Parcellation Stats 3 rh Thu Mar 12 12:48:25 CET 2026
#@# BA_exvivo Labels rh Thu Mar 12 12:48:35 CET 2026
recon-all -s sub-v1s11x0050152_ses-1 finished without error at Thu Mar 12 12:51:17 CET 2026
