status file for recon-all
Thu Mar 12 10:10:48 CET 2026
#@# MotionCor Thu Mar 12 10:10:50 CET 2026
#@# Talairach Thu Mar 12 10:10:57 CET 2026
#@# Talairach Failure Detection Thu Mar 12 10:15:24 CET 2026
#@# Nu Intensity Correction Thu Mar 12 10:15:24 CET 2026
#@# Intensity Normalization Thu Mar 12 10:18:41 CET 2026
recon-all -s sub-v1s11x0050152_ses-1 finished without error at Thu Mar 12 10:20:10 CET 2026



#New# invocation of recon-all 



status file for recon-all
Thu Mar 12 10:27:11 CET 2026
#@# EM Registration Thu Mar 12 10:27:11 CET 2026
recon-all -s sub-v1s11x0050152_ses-1 finished without error at Thu Mar 12 10:29:17 CET 2026



#New# invocation of recon-all 



status file for recon-all
Thu Mar 12 10:29:20 CET 2026
#@# CA Normalize Thu Mar 12 10:29:20 CET 2026
#@# CA Reg Thu Mar 12 10:30:41 CET 2026
#@# SubCort Seg Thu Mar 12 11:22:10 CET 2026
#@# CC Seg Thu Mar 12 11:49:38 CET 2026
#@# Merge ASeg Thu Mar 12 11:50:19 CET 2026
#@# Intensity Normalization2 Thu Mar 12 11:50:19 CET 2026
#@# Mask BFS Thu Mar 12 11:52:33 CET 2026
#@# WM Segmentation Thu Mar 12 11:52:34 CET 2026
#@# Fill Thu Mar 12 11:54:31 CET 2026
recon-all -s sub-v1s11x0050152_ses-1 finished without error at Thu Mar 12 11:55:33 CET 2026



#New# invocation of recon-all 



status file for recon-all
Thu Mar 12 12:40:07 CET 2026
#@# white curv lh Thu Mar 12 12:40:07 CET 2026
#@# white area lh Thu Mar 12 12:40:07 CET 2026
#@# pial curv lh Thu Mar 12 12:40:07 CET 2026
#@# pial area lh Thu Mar 12 12:40:07 CET 2026
#@# thickness lh Thu Mar 12 12:40:07 CET 2026
#@# area and vertex vol lh Thu Mar 12 12:40:07 CET 2026
#@# white curv rh Thu Mar 12 12:40:07 CET 2026
#@# white area rh Thu Mar 12 12:40:07 CET 2026
#@# pial curv rh Thu Mar 12 12:40:07 CET 2026
#@# pial area rh Thu Mar 12 12:40:07 CET 2026
#@# thickness rh Thu Mar 12 12:40:07 CET 2026
#@# area and vertex vol rh Thu Mar 12 12:40:07 CET 2026
#@# Cortical ribbon mask Thu Mar 12 12:40:07 CET 2026
recon-all -s sub-v1s11x0050152_ses-1 finished without error at Thu Mar 12 12:44:29 CET 2026



#New# invocation of recon-all 



status file for recon-all
Thu Mar 12 12:51:21 CET 2026
#@# white curv lh Thu Mar 12 12:51:21 CET 2026
#@# white area lh Thu Mar 12 12:51:21 CET 2026
#@# pial curv lh Thu Mar 12 12:51:21 CET 2026
#@# pial area lh Thu Mar 12 12:51:21 CET 2026
#@# thickness lh Thu Mar 12 12:51:21 CET 2026
#@# area and vertex vol lh Thu Mar 12 12:51:21 CET 2026
#@# white curv rh Thu Mar 12 12:51:21 CET 2026
#@# white area rh Thu Mar 12 12:51:21 CET 2026
#@# pial curv rh Thu Mar 12 12:51:21 CET 2026
#@# pial area rh Thu Mar 12 12:51:21 CET 2026
#@# thickness rh Thu Mar 12 12:51:21 CET 2026
#@# area and vertex vol rh Thu Mar 12 12:51:21 CET 2026
#@# Curvature Stats lh Thu Mar 12 12:51:21 CET 2026
#@# Curvature Stats rh Thu Mar 12 12:51:24 CET 2026
#@# Relabel Hypointensities Thu Mar 12 12:51:27 CET 2026
#@# APas-to-ASeg Thu Mar 12 12:51:44 CET 2026
#@# AParc-to-ASeg aparc Thu Mar 12 12:51:52 CET 2026
#@# AParc-to-ASeg aparc.a2009s Thu Mar 12 12:52:40 CET 2026
#@# AParc-to-ASeg aparc.DKTatlas Thu Mar 12 12:53:22 CET 2026
#@# WMParc Thu Mar 12 12:54:15 CET 2026
#@# ASeg Stats Thu Mar 12 12:58:39 CET 2026
recon-all -s sub-v1s11x0050152_ses-1 finished without error at Thu Mar 12 12:59:22 CET 2026
