/out/sourcedata/freesurfer/sub-v1s11x0050169_ses-1/mri
/opt/freesurfer/bin/talairach_avi
--i orig_nu.mgz --xfm transforms/talairach.auto.xfm
talairach_avi 7.3.2
Linux dna071 5.14.0-427.37.1.el9_4.x86_64 #1 SMP PREEMPT_DYNAMIC Fri Sep 13 12:41:50 EDT 2024 x86_64 x86_64 x86_64 GNU/Linux
Sun Mar  8 12:45:29 CET 2026
mri_convert orig_nu.mgz talsrcimg.img 
reading from orig_nu.mgz...
TR=0.00, TE=0.00, TI=0.00, flip angle=0.00
i_ras = (-1, -5.82077e-11, 0)
j_ras = (-7.45058e-09, -4.65661e-10, -1)
k_ras = (7.50879e-09, 1, 0)
writing to talsrcimg.img...
Analyze Output Matrix
-1.00000  -0.00000   0.00000   130.52524;
-0.00000  -0.00000   1.00000  -121.63933;
 0.00000  -1.00000   0.00000   144.63860;
 0.00000   0.00000   0.00000   1.00000;
--------------------
INFO: set hdr.hist.orient to -1
mpr2mni305 talsrcimg
Sun Mar  8 12:45:29 CET 2026
/opt/freesurfer/bin/mpr2mni305 talsrcimg
mpr2mni305 7.3.2
target=711-2C_as_mni_average_305

---------------------------------------------------------------------
analyzeto4dfp talsrcimg -O0 -y
---------------------------------------------------------------------

freesurfer ifh2hdr.c
Sun Mar  8 12:45:29 2026
Writing: talsrcimg.4dfp.hdr
freesurfer analyzeto4dfp.c
Reading: talsrcimg.hdr
header size 348 bytes
hdr.dime.datatype	offset=70	value=2
hdr.dime.bitpix		offset=72	value=8
hdr.hist.orient		offset=252	value=-1
dimensionality     4
dimensions       256       256       256         1
Reading: talsrcimg.img
Writing: talsrcimg.4dfp.img
Writing: talsrcimg.4dfp.ifh
ifh2hdr talsrcimg -r0to212
ori=2

---------------------------------------------------------------------
gauss_4dfp talsrcimg 1.1
---------------------------------------------------------------------

freesurfer gauss_4dfp.c
Reading: talsrcimg.4dfp.img
Writing: talsrcimg_g11.4dfp.img
image dimensions 256 256 256 padded to 288 288 288
processing volume 1freesurfer ifh2hdr.c
Sun Mar  8 12:45:30 2026
Writing: talsrcimg_g11.4dfp.hdr

Writing: talsrcimg_g11.4dfp.ifh
including: talsrcimg.4dfp.img.rec in talsrcimg_g11.4dfp.img.rec

---------------------------------------------------------------------
imgreg_4dfp /opt/freesurfer/average/711-2C_as_mni_average_305 none talsrcimg_g11 none talsrcimg_to_711-2C_as_mni_average_305_t4 4355
---------------------------------------------------------------------

freesurfer imgreg_4dfp.c
/opt/freesurfer/average/711-2C_as_mni_average_305.4dfp.img
       256       256       256         1
  1.000000  1.000000  1.000000
orientation T byte_order littleendian
Reading image: /opt/freesurfer/average/711-2C_as_mni_average_305.4dfp.img
dimensions:      256       256       256
mmppix:       1.0000   -1.0000   -1.0000
center:     128.0000 -129.0000 -129.0000
talsrcimg_g11.4dfp.img
       256       256       256         1
  1.000000  1.000000  1.000000
orientation T byte_order littleendian
Reading image: talsrcimg_g11.4dfp.img
dimensions:      256       256       256
mmppix:       1.0000   -1.0000   -1.0000
center:     128.0000 -129.0000 -129.0000
t4_read: open error in t4_sub.f l:  41 t4_file(1:l)talsrcimg_to_711-2C_as_mni_average_305_t4 
t4_read: transform initialized to I4
rotation matrix determinant  1.000000
image alignment mode   4355 decimal     1103 hex
   -7.5000  -45.0000  -45.0000 8360.2148   14.4343
    0.0000  -45.0000  -45.0000 8761.1582   14.4140
    7.5000  -45.0000  -45.0000 8475.3584   14.3960
   -7.5000  -37.5000  -45.0000 8848.0342   14.3954
    0.0000  -37.5000  -45.0000 9289.7471   14.3712
    7.5000  -37.5000  -45.0000 8982.8369   14.3500
   -7.5000  -30.0000  -45.0000 9595.7051   14.3861
    0.0000  -30.0000  -45.000010101.7871   14.3614
    7.5000  -30.0000  -45.0000 9766.2217   14.3353
   -7.5000  -22.5000  -45.000010293.0664   14.3908
    0.0000  -22.5000  -45.000010836.7061   14.3676
    7.5000  -22.5000  -45.000010479.4814   14.3407
   -7.5000  -15.0000  -45.000010947.7686   14.4001
    0.0000  -15.0000  -45.000011537.2754   14.3803
    7.5000  -15.0000  -45.000011148.3516   14.3563
   -7.5000   -7.5000  -45.000011572.2715   14.4062
    0.0000   -7.5000  -45.000012173.8369   14.3888
    7.5000   -7.5000  -45.000011732.3779   14.3692
   -7.5000    0.0000  -45.000012066.8779   14.4041
    0.0000    0.0000  -45.000012676.2607   14.3840
    7.5000    0.0000  -45.000012199.7363   14.3662
   -7.5000    7.5000  -45.000011696.0098   14.3933
    0.0000    7.5000  -45.000012278.2637   14.3692
    7.5000    7.5000  -45.000011804.0957   14.3479
   -7.5000   15.0000  -45.000011109.1738   14.3861
    0.0000   15.0000  -45.000011646.3271   14.3614
    7.5000   15.0000  -45.000011191.9502   14.3353
   -7.5000   22.5000  -45.000010274.7080   14.3888
    0.0000   22.5000  -45.000010755.1875   14.3656
    7.5000   22.5000  -45.000010308.9844   14.3387
   -7.5000   30.0000  -45.0000 9386.4316   14.2082
    0.0000   30.0000  -45.0000 9827.9590   14.1887
    7.5000   30.0000  -45.0000 9412.4854   14.1650
   -7.5000   37.5000  -45.0000 8884.9893   14.2143
    0.0000   37.5000  -45.0000 9300.4648   14.1970
    7.5000   37.5000  -45.0000 8895.6240   14.1777
   -7.5000   45.0000  -45.0000 8067.3770   13.8530
    0.0000   45.0000  -45.0000 8454.6602   13.8336
    7.5000   45.0000  -45.0000 8075.4878   13.8165
   -7.5000  -45.0000  -37.5000 8925.0596   14.3148
    0.0000  -45.0000  -37.5000 9357.2051   14.3004
    7.5000  -45.0000  -37.5000 9043.8535   14.2869
   -7.5000  -37.5000  -37.5000 9451.8604   14.2773
    0.0000  -37.5000  -37.5000 9936.3965   14.2592
    7.5000  -37.5000  -37.5000 9587.6250   14.2419
   -7.5000  -30.0000  -37.500010247.0762   14.2646
    0.0000  -30.0000  -37.500010788.8838   14.2465
    7.5000  -30.0000  -37.500010409.0684   14.2258
   -7.5000  -22.5000  -37.500010972.4111   14.2639
    0.0000  -22.5000  -37.500011553.0195   14.2482
    7.5000  -22.5000  -37.500011157.6963   14.2286
   -7.5000  -15.0000  -37.500011654.0645   14.2721
    0.0000  -15.0000  -37.500012280.8447   14.2598
    7.5000  -15.0000  -37.500011835.5176   14.2433
   -7.5000   -7.5000  -37.500012297.1787   14.2826
    0.0000   -7.5000  -37.500012935.6836   14.2717
    7.5000   -7.5000  -37.500012437.5938   14.2582
   -7.5000    0.0000  -37.500012798.6543   14.2851
    0.0000    0.0000  -37.500013430.6035   14.2709
    7.5000    0.0000  -37.500012908.8457   14.2575
   -7.5000    7.5000  -37.500012376.1846   14.2753
    0.0000    7.5000  -37.500012982.8818   14.2572
    7.5000    7.5000  -37.500012453.3213   14.2399
   -7.5000   15.0000  -37.500011765.1709   14.2646
    0.0000   15.0000  -37.500012348.9961   14.2465
    7.5000   15.0000  -37.500011831.0713   14.2258
   -7.5000   22.5000  -37.500010840.5498   14.2620
    0.0000   22.5000  -37.500011381.5771   14.2463
    7.5000   22.5000  -37.500010895.1377   14.2267
   -7.5000   30.0000  -37.5000 9886.1475   14.0819
    0.0000   30.0000  -37.500010371.5449   14.0697
    7.5000   30.0000  -37.5000 9933.3047   14.0535
   -7.5000   37.5000  -37.5000 9343.5752   14.0923
    0.0000   37.5000  -37.5000 9781.9521   14.0815
    7.5000   37.5000  -37.5000 9353.0273   14.0682
   -7.5000   45.0000  -37.5000 8465.7441   13.7385
    0.0000   45.0000  -37.5000 8848.3291   13.7248
    7.5000   45.0000  -37.5000 8459.2910   13.7119
   -7.5000  -45.0000  -30.0000 9658.9707   14.8907
    0.0000  -45.0000  -30.000010153.3984   14.8849
    7.5000  -45.0000  -30.0000 9807.1406   14.8760
   -7.5000  -37.5000  -30.000010236.0098   14.8542
    0.0000  -37.5000  -30.000010769.4707   14.8435
    7.5000  -37.5000  -30.000010376.6582   14.8308
   -7.5000  -30.0000  -30.000011082.4824   14.8419
    0.0000  -30.0000  -30.000011667.6240   14.8297
    7.5000  -30.0000  -30.000011249.8154   14.8157
   -7.5000  -22.5000  -30.000011873.3477   14.8393
    0.0000  -22.5000  -30.000012497.9150   14.8287
    7.5000  -22.5000  -30.000012043.1279   14.8178
   -7.5000  -15.0000  -30.000012600.7871   14.8449
    0.0000  -15.0000  -30.000013254.6406   14.8385
    7.5000  -15.0000  -30.000012737.0400   14.8306
   -7.5000   -7.5000  -30.000013280.5752   14.8553
    0.0000   -7.5000  -30.000013948.0381   14.8522
    7.5000   -7.5000  -30.000013398.8525   14.8452
   -7.5000    0.0000  -30.000013797.4619   14.8598
    0.0000    0.0000  -30.000014484.3506   14.8541
    7.5000    0.0000  -30.000013923.1514   14.8453
   -7.5000    7.5000  -30.000013296.5107   14.8520
    0.0000    7.5000  -30.000013968.3760   14.8414
    7.5000    7.5000  -30.000013390.4766   14.8287
   -7.5000   15.0000  -30.000012637.8740   14.8419
    0.0000   15.0000  -30.000013281.2188   14.8297
    7.5000   15.0000  -30.000012717.7939   14.8157
   -7.5000   22.5000  -30.000011634.2041   14.8357
    0.0000   22.5000  -30.000012210.6543   14.8251
    7.5000   22.5000  -30.000011700.6162   14.8142
   -7.5000   30.0000  -30.000010593.9199   14.6485
    0.0000   30.0000  -30.000011090.3643   14.6422
    7.5000   30.0000  -30.000010644.4375   14.6344
   -7.5000   37.5000  -30.0000 9981.2686   14.6588
    0.0000   37.5000  -30.000010448.1094   14.6557
    7.5000   37.5000  -30.000010005.2051   14.6488
   -7.5000   45.0000  -30.0000 9011.2305   14.3017
    0.0000   45.0000  -30.0000 9425.7129   14.2962
    7.5000   45.0000  -30.0000 9012.5576   14.2877
   -7.5000  -45.0000  -22.500010385.4590   15.3882
    0.0000  -45.0000  -22.500010955.3887   15.3850
    7.5000  -45.0000  -22.500010560.3896   15.3770
   -7.5000  -37.5000  -22.500010988.8125   15.3506
    0.0000  -37.5000  -22.500011590.0410   15.3416
    7.5000  -37.5000  -22.500011166.1367   15.3312
   -7.5000  -30.0000  -22.500011885.8848   15.3421
    0.0000  -30.0000  -22.500012562.9971   15.3284
    7.5000  -30.0000  -22.500012109.8672   15.3180
   -7.5000  -22.5000  -22.500012737.1104   15.3438
    0.0000  -22.5000  -22.500013434.0264   15.3295
    7.5000  -22.5000  -22.500012938.9707   15.3212
   -7.5000  -15.0000  -22.500013533.3281   15.3495
    0.0000  -15.0000  -22.500014238.5410   15.3399
    7.5000  -15.0000  -22.500013686.9111   15.3333
   -7.5000   -7.5000  -22.500014255.9902   15.3556
    0.0000   -7.5000  -22.500014993.2246   15.3526
    7.5000   -7.5000  -22.500014397.5732   15.3464
   -7.5000    0.0000  -22.500014787.4863   15.3564
    0.0000    0.0000  -22.500015567.5156   15.3532
    7.5000    0.0000  -22.500014941.9766   15.3454
   -7.5000    7.5000  -22.500014165.0693   15.3484
    0.0000    7.5000  -22.500014897.7393   15.3394
    7.5000    7.5000  -22.500014273.2061   15.3290
   -7.5000   15.0000  -22.500013472.1572   15.3421
    0.0000   15.0000  -22.500014152.3340   15.3284
    7.5000   15.0000  -22.500013534.9707   15.3180
   -7.5000   22.5000  -22.500012414.1006   15.3391
    0.0000   22.5000  -22.500012995.8096   15.3247
    7.5000   22.5000  -22.500012463.9990   15.3165
   -7.5000   30.0000  -22.500011303.7051   15.1487
    0.0000   30.0000  -22.500011802.9346   15.1392
    7.5000   30.0000  -22.500011325.0537   15.1328
   -7.5000   37.5000  -22.500010631.5498   15.1548
    0.0000   37.5000  -22.500011112.4102   15.1518
    7.5000   37.5000  -22.500010638.6221   15.1456
   -7.5000   45.0000  -22.5000 9578.5586   14.7907
    0.0000   45.0000  -22.500010008.3037   14.7876
    7.5000   45.0000  -22.5000 9556.5459   14.7801
   -7.5000  -45.0000  -15.000011107.2061   15.7556
    0.0000  -45.0000  -15.000011706.6191   15.7465
    7.5000  -45.0000  -15.000011301.2119   15.7351
   -7.5000  -37.5000  -15.000011733.7686   15.7147
    0.0000  -37.5000  -15.000012382.0645   15.6995
    7.5000  -37.5000  -15.000011933.9570   15.6868
   -7.5000  -30.0000  -15.000012697.7100   15.7091
    0.0000  -30.0000  -15.000013441.7734   15.6880
    7.5000  -30.0000  -15.000012950.8008   15.6742
   -7.5000  -22.5000  -15.000013586.9844   15.7176
    0.0000  -22.5000  -15.000014354.9365   15.6944
    7.5000  -22.5000  -15.000013824.4131   15.6805
   -7.5000  -15.0000  -15.000014406.3828   15.7262
    0.0000  -15.0000  -15.000015199.6377   15.7076
    7.5000  -15.0000  -15.000014608.1963   15.6947
   -7.5000   -7.5000  -15.000015162.7852   15.7281
    0.0000   -7.5000  -15.000015996.3701   15.7179
    7.5000   -7.5000  -15.000015354.0049   15.7066
   -7.5000    0.0000  -15.000015733.0088   15.7230
    0.0000    0.0000  -15.000016623.0449   15.7139
    7.5000    0.0000  -15.000015955.0986   15.7027
   -7.5000    7.5000  -15.000015035.0781   15.7124
    0.0000    7.5000  -15.000015851.0205   15.6972
    7.5000    7.5000  -15.000015191.0293   15.6846
   -7.5000   15.0000  -15.000014287.6514   15.7091
    0.0000   15.0000  -15.000015014.2871   15.6880
    7.5000   15.0000  -15.000014360.8232   15.6742
   -7.5000   22.5000  -15.000013165.5928   15.7121
    0.0000   22.5000  -15.000013787.5000   15.6889
    7.5000   22.5000  -15.000013207.4189   15.6749
   -7.5000   30.0000  -15.000011971.3115   15.5227
    0.0000   30.0000  -15.000012505.8457   15.5043
    7.5000   30.0000  -15.000011982.3115   15.4916
   -7.5000   37.5000  -15.000011286.6299   15.5245
    0.0000   37.5000  -15.000011774.6455   15.5144
    7.5000   37.5000  -15.000011261.3662   15.5033
   -7.5000   45.0000  -15.000010173.2979   15.1530
    0.0000   45.0000  -15.000010599.0410   15.1442
    7.5000   45.0000  -15.000010098.3867   15.1333
   -7.5000  -45.0000   -7.500011835.4492   15.9530
    0.0000  -45.0000   -7.500012493.0635   15.9351
    7.5000  -45.0000   -7.500012036.2295   15.9184
   -7.5000  -37.5000   -7.500012491.2158   15.9100
    0.0000  -37.5000   -7.500013197.6279   15.8867
    7.5000  -37.5000   -7.500012699.6328   15.8679
   -7.5000  -30.0000   -7.500013527.7402   15.9040
    0.0000  -30.0000   -7.500014329.0986   15.8766
    7.5000  -30.0000   -7.500013784.9531   15.8542
   -7.5000  -22.5000   -7.500014454.3857   15.9141
    0.0000  -22.5000   -7.500015306.4014   15.8861
    7.5000  -22.5000   -7.500014713.0234   15.8621
   -7.5000  -15.0000   -7.500015307.3389   15.9246
    0.0000  -15.0000   -7.500016151.8135   15.9010
    7.5000  -15.0000   -7.500015511.5166   15.8788
   -7.5000   -7.5000   -7.500016095.9092   15.9266
    0.0000   -7.5000   -7.500016994.2461   15.9092
    7.5000   -7.5000   -7.500016287.5918   15.8910
   -7.5000    0.0000   -7.500016720.4824   15.9199
    0.0000    0.0000   -7.500017680.4824   15.9022
    7.5000    0.0000   -7.500016956.9590   15.8857
   -7.5000    7.5000   -7.500015934.4336   15.9077
    0.0000    7.5000   -7.500016838.1953   15.8845
    7.5000    7.5000   -7.500016114.8975   15.8656
   -7.5000   15.0000   -7.500015082.7695   15.9040
    0.0000   15.0000   -7.500015891.2588   15.8766
    7.5000   15.0000   -7.500015188.3105   15.8542
   -7.5000   22.5000   -7.500013918.1406   15.9068
    0.0000   22.5000   -7.500014612.2109   15.8788
    7.5000   22.5000   -7.500013995.4268   15.8548
   -7.5000   30.0000   -7.500012674.0039   15.7180
    0.0000   30.0000   -7.500013260.2236   15.6948
    7.5000   30.0000   -7.500012700.2324   15.6729
   -7.5000   37.5000   -7.500011958.0508   15.7201
    0.0000   37.5000   -7.500012473.6572   15.7029
    7.5000   37.5000   -7.500011917.6572   15.6849
   -7.5000   45.0000   -7.500010765.1045   15.3456
    0.0000   45.0000   -7.500011202.3613   15.3285
    7.5000   45.0000   -7.500010672.5176   15.3126
   -7.5000  -45.0000    0.000012530.2998   16.0002
    0.0000  -45.0000    0.000013203.3135   15.9785
    7.5000  -45.0000    0.000012715.3975   15.9595
   -7.5000  -37.5000    0.000013212.1426   15.9568
    0.0000  -37.5000    0.000013923.7939   15.9307
    7.5000  -37.5000    0.000013375.3027   15.9083
   -7.5000  -30.0000    0.000014286.7881   15.9467
    0.0000  -30.0000    0.000015118.5898   15.9196
    7.5000  -30.0000    0.000014496.7842   15.8920
   -7.5000  -22.5000    0.000015279.5762   15.9524
    0.0000  -22.5000    0.000016192.5625   15.9270
    7.5000  -22.5000    0.000015527.9248   15.8983
   -7.5000  -15.0000    0.000016192.7686   15.9634
    0.0000  -15.0000    0.000017097.3301   15.9417
    7.5000  -15.0000    0.000016381.9238   15.9161
   -7.5000   -7.5000    0.000017020.6230   15.9700
    0.0000   -7.5000    0.000017935.0312   15.9512
    7.5000   -7.5000    0.000017164.8867   15.9305
   -7.5000    0.0000    0.000017652.6621   15.9670
    0.0000    0.0000    0.000018618.9512   15.9455
    7.5000    0.0000    0.000017804.8848   15.9267
   -7.5000    7.5000    0.000016751.6562   15.9545
    0.0000    7.5000    0.000017687.3164   15.9284
    7.5000    7.5000    0.000016904.5508   15.9061
   -7.5000   15.0000    0.000015795.9102   15.9467
    0.0000   15.0000    0.000016657.8789   15.9196
    7.5000   15.0000    0.000015897.3428   15.8920
   -7.5000   22.5000    0.000014595.8916   15.9451
    0.0000   22.5000    0.000015339.6973   15.9196
    7.5000   22.5000    0.000014651.5068   15.8910
   -7.5000   30.0000    0.000013320.6348   15.7568
    0.0000   30.0000    0.000013948.3633   15.7354
    7.5000   30.0000    0.000013320.5400   15.7101
   -7.5000   37.5000    0.000012556.4170   15.7634
    0.0000   37.5000    0.000013112.9492   15.7448
    7.5000   37.5000    0.000012524.7852   15.7243
   -7.5000   45.0000    0.000011305.7051   15.3923
    0.0000   45.0000    0.000011766.4092   15.3715
    7.5000   45.0000    0.000011225.9580   15.3534
   -7.5000  -45.0000    7.500012262.9414   16.0014
    0.0000  -45.0000    7.500012904.8418   15.9855
    7.5000  -45.0000    7.500012407.7051   15.9704
   -7.5000  -37.5000    7.500012895.8809   15.9595
    0.0000  -37.5000    7.500013566.0312   15.9394
    7.5000  -37.5000    7.500013027.7910   15.9201
   -7.5000  -30.0000    7.500013952.4277   15.9456
    0.0000  -30.0000    7.500014686.8828   15.9255
    7.5000  -30.0000    7.500014095.0176   15.9023
   -7.5000  -22.5000    7.500015005.1025   15.9452
    0.0000  -22.5000    7.500015844.1680   15.9277
    7.5000  -22.5000    7.500015182.3867   15.9058
   -7.5000  -15.0000    7.500015985.3916   15.9544
    0.0000  -15.0000    7.500016882.1895   15.9407
    7.5000  -15.0000    7.500016120.8525   15.9224
   -7.5000   -7.5000    7.500016818.5273   15.9658
    0.0000   -7.5000    7.500017679.5781   15.9538
    7.5000   -7.5000    7.500016873.5215   15.9386
   -7.5000    0.0000    7.500017405.0566   15.9682
    0.0000    0.0000    7.500018251.6328   15.9525
    7.5000    0.0000    7.500017438.0820   15.9375
   -7.5000    7.5000    7.500016472.6680   15.9572
    0.0000    7.5000    7.500017311.0117   15.9371
    7.5000    7.5000    7.500016519.5859   15.9178
   -7.5000   15.0000    7.500015416.4014   15.9456
    0.0000   15.0000    7.500016249.1953   15.9255
    7.5000   15.0000    7.500015471.5000   15.9023
   -7.5000   22.5000    7.500014211.2744   15.9378
    0.0000   22.5000    7.500014979.0703   15.9204
    7.5000   22.5000    7.500014246.3945   15.8985
   -7.5000   30.0000    7.500012974.7598   15.7479
    0.0000   30.0000    7.500013629.8799   15.7344
    7.5000   30.0000    7.500012950.9756   15.7163
   -7.5000   37.5000    7.500012220.4863   15.7591
    0.0000   37.5000    7.500012826.2559   15.7473
    7.5000   37.5000    7.500012194.1006   15.7324
   -7.5000   45.0000    7.500010992.9717   15.3934
    0.0000   45.0000    7.500011496.5771   15.3782
    7.5000   45.0000    7.500010936.2080   15.3638
   -7.5000  -45.0000   15.000011866.3662   15.9896
    0.0000  -45.0000   15.000012444.5586   15.9834
    7.5000  -45.0000   15.000011975.1699   15.9738
   -7.5000  -37.5000   15.000012452.3643   15.9505
    0.0000  -37.5000   15.000013042.8604   15.9391
    7.5000  -37.5000   15.000012533.8486   15.9254
   -7.5000  -30.0000   15.000013478.9980   15.9374
    0.0000  -30.0000   15.000014088.0303   15.9243
    7.5000  -30.0000   15.000013559.0879   15.9093
   -7.5000  -22.5000   15.000014473.8311   15.9345
    0.0000  -22.5000   15.000015197.8555   15.9232
    7.5000  -22.5000   15.000014571.3008   15.9114
   -7.5000  -15.0000   15.000015373.0264   15.9404
    0.0000  -15.0000   15.000016215.9902   15.9337
    7.5000  -15.0000   15.000015519.3203   15.9252
   -7.5000   -7.5000   15.000016205.6396   15.9516
    0.0000   -7.5000   15.000017109.9590   15.9484
    7.5000   -7.5000   15.000016390.3379   15.9408
   -7.5000    0.0000   15.000016836.8828   15.9565
    0.0000    0.0000   15.000017786.5410   15.9504
    7.5000    0.0000   15.000016964.7988   15.9410
   -7.5000    7.5000   15.000015920.9531   15.9482
    0.0000    7.5000   15.000016835.0664   15.9368
    7.5000    7.5000   15.000015989.8369   15.9232
   -7.5000   15.0000   15.000014818.8506   15.9374
    0.0000   15.0000   15.000015670.3604   15.9243
    7.5000   15.0000   15.000014860.6357   15.9093
   -7.5000   22.5000   15.000013630.6113   15.9271
    0.0000   22.5000   15.000014405.2734   15.9159
    7.5000   22.5000   15.000013668.8320   15.9041
   -7.5000   30.0000   15.000012447.8965   15.7341
    0.0000   30.0000   15.000013106.7070   15.7275
    7.5000   30.0000   15.000012433.2852   15.7191
   -7.5000   37.5000   15.000011747.4023   15.7452
    0.0000   37.5000   15.000012341.7441   15.7420
    7.5000   37.5000   15.000011705.4775   15.7345
   -7.5000   45.0000   15.000010567.0332   15.3821
    0.0000   45.0000   15.000011060.1514   15.3762
    7.5000   45.0000   15.000010494.1553   15.3671
   -7.5000  -45.0000   22.500011304.6211   15.9875
    0.0000  -45.0000   22.500011847.0645   15.9842
    7.5000  -45.0000   22.500011399.0352   15.9760
   -7.5000  -37.5000   22.500011888.4668   15.9484
    0.0000  -37.5000   22.500012406.4600   15.9391
    7.5000  -37.5000   22.500011936.5078   15.9283
   -7.5000  -30.0000   22.500012890.7695   15.9395
    0.0000  -30.0000   22.500013421.6562   15.9254
    7.5000  -30.0000   22.500012915.0166   15.9146
   -7.5000  -22.5000   22.500013817.6426   15.9413
    0.0000  -22.5000   22.500014457.5342   15.9266
    7.5000  -22.5000   22.500013870.3779   15.9180
   -7.5000  -15.0000   22.500014635.6338   15.9472
    0.0000  -15.0000   22.500015377.5283   15.9374
    7.5000  -15.0000   22.500014770.6123   15.9306
   -7.5000   -7.5000   22.500015431.3604   15.9536
    0.0000   -7.5000   22.500016286.1924   15.9506
    7.5000   -7.5000   22.500015627.5225   15.9441
   -7.5000    0.0000   22.500016088.1689   15.9544
    0.0000    0.0000   22.500017017.7109   15.9511
    7.5000    0.0000   22.500016229.2549   15.9431
   -7.5000    7.5000   22.500015232.3389   15.9461
    0.0000    7.5000   22.500016124.6631   15.9368
    7.5000    7.5000   22.500015324.3408   15.9260
   -7.5000   15.0000   22.500014128.8506   15.9395
    0.0000   15.0000   22.500014921.9746   15.9254
    7.5000   15.0000   22.500014185.9180   15.9146
   -7.5000   22.5000   22.500012995.3154   15.9340
    0.0000   22.5000   22.500013712.7324   15.9192
    7.5000   22.5000   22.500013031.1621   15.9107
   -7.5000   30.0000   22.500011851.9072   15.7409
    0.0000   30.0000   22.500012461.0752   15.7311
    7.5000   30.0000   22.500011842.6992   15.7245
   -7.5000   37.5000   22.500011178.4541   15.7472
    0.0000   37.5000   22.500011740.0449   15.7442
    7.5000   37.5000   22.500011137.5918   15.7378
   -7.5000   45.0000   22.500010013.5635   15.3800
    0.0000   45.0000   22.500010492.5293   15.3769
    7.5000   45.0000   22.5000 9976.3584   15.3690
   -7.5000  -45.0000   30.000010617.2764   16.0290
    0.0000  -45.0000   30.000011141.4316   16.0196
    7.5000  -45.0000   30.000010713.4951   16.0079
   -7.5000  -37.5000   30.000011184.5029   15.9873
    0.0000  -37.5000   30.000011694.1816   15.9717
    7.5000  -37.5000   30.000011271.0977   15.9587
   -7.5000  -30.0000   30.000012153.5518   15.9818
    0.0000  -30.0000   30.000012707.9941   15.9603
    7.5000  -30.0000   30.000012213.7119   15.9462
   -7.5000  -22.5000   30.000013000.4902   15.9906
    0.0000  -22.5000   30.000013640.8721   15.9670
    7.5000  -22.5000   30.000013085.3008   15.9527
   -7.5000  -15.0000   30.000013772.8984   15.9993
    0.0000  -15.0000   30.000014429.8955   15.9804
    7.5000  -15.0000   30.000013866.9297   15.9671
   -7.5000   -7.5000   30.000014550.8330   16.0010
    0.0000   -7.5000   30.000015238.0459   15.9906
    7.5000   -7.5000   30.000014654.1768   15.9790
   -7.5000    0.0000   30.000015171.5684   15.9957
    0.0000    0.0000   30.000015892.6826   15.9864
    7.5000    0.0000   30.000015260.3389   15.9749
   -7.5000    7.5000   30.000014409.6230   15.9850
    0.0000    7.5000   30.000015074.0469   15.9695
    7.5000    7.5000   30.000014447.7217   15.9565
   -7.5000   15.0000   30.000013331.3682   15.9818
    0.0000   15.0000   30.000013961.8867   15.9603
    7.5000   15.0000   30.000013374.0752   15.9462
   -7.5000   22.5000   30.000012263.9658   15.9833
    0.0000   22.5000   30.000012869.8877   15.9596
    7.5000   22.5000   30.000012300.1748   15.9454
   -7.5000   30.0000   30.000011177.7061   15.7923
    0.0000   30.0000   30.000011710.0088   15.7735
    7.5000   30.0000   30.000011179.0771   15.7605
   -7.5000   37.5000   30.000010507.3340   15.7939
    0.0000   37.5000   30.000010985.3164   15.7836
    7.5000   37.5000   30.000010476.3594   15.7722
   -7.5000   45.0000   30.0000 9401.4238   15.4196
    0.0000   45.0000   30.0000 9813.9150   15.4107
    7.5000   45.0000   30.0000 9360.4580   15.3995
   -7.5000  -45.0000   37.500010303.1416   16.1448
    0.0000  -45.0000   37.500010795.0498   16.1262
    7.5000  -45.0000   37.500010377.9814   16.1089
   -7.5000  -37.5000   37.500010856.2520   16.1009
    0.0000  -37.5000   37.500011365.7197   16.0768
    7.5000  -37.5000   37.500010927.8545   16.0573
   -7.5000  -30.0000   37.500011772.2568   16.0951
    0.0000  -30.0000   37.500012322.9736   16.0668
    7.5000  -30.0000   37.500011834.0430   16.0437
   -7.5000  -22.5000   37.500012597.8809   16.1057
    0.0000  -22.5000   37.500013161.2734   16.0768
    7.5000  -22.5000   37.500012653.3145   16.0520
   -7.5000  -15.0000   37.500013342.2021   16.1164
    0.0000  -15.0000   37.500013898.9326   16.0919
    7.5000  -15.0000   37.500013384.6240   16.0690
   -7.5000   -7.5000   37.500014073.3330   16.1181
    0.0000   -7.5000   37.500014654.5742   16.1001
    7.5000   -7.5000   37.500014120.2979   16.0812
   -7.5000    0.0000   37.500014682.1113   16.1110
    0.0000    0.0000   37.500015298.2129   16.0926
    7.5000    0.0000   37.500014714.6846   16.0754
   -7.5000    7.5000   37.500013963.1582   16.0986
    0.0000    7.5000   37.500014564.7275   16.0745
    7.5000    7.5000   37.500013985.6973   16.0550
   -7.5000   15.0000   37.500012930.0498   16.0951
    0.0000   15.0000   37.500013511.8418   16.0668
    7.5000   15.0000   37.500012958.2305   16.0437
   -7.5000   22.5000   37.500011900.9541   16.0983
    0.0000   22.5000   37.500012472.1221   16.0693
    7.5000   22.5000   37.500011915.4922   16.0446
   -7.5000   30.0000   37.500010850.3418   15.9078
    0.0000   30.0000   37.500011359.8066   15.8837
    7.5000   30.0000   37.500010836.6631   15.8611
   -7.5000   37.5000   37.500010172.9854   15.9095
    0.0000   37.5000   37.500010617.4541   15.8917
    7.5000   37.5000   37.500010129.0332   15.8731
   -7.5000   45.0000   37.5000 9101.5391   15.5299
    0.0000   45.0000   37.5000 9482.9951   15.5122
    7.5000   45.0000   37.5000 9053.6787   15.4956
   -7.5000  -45.0000   45.0000 9494.5537   16.2753
    0.0000  -45.0000   45.0000 9967.9697   16.2513
    7.5000  -45.0000   45.0000 9558.5410   16.2309
   -7.5000  -37.5000   45.0000 9984.3066   16.2306
    0.0000  -37.5000   45.000010472.8262   16.2022
    7.5000  -37.5000   45.000010058.4346   16.1781
   -7.5000  -30.0000   45.000010814.4639   16.2202
    0.0000  -30.0000   45.000011346.0029   16.1910
    7.5000  -30.0000   45.000010896.4775   16.1615
   -7.5000  -22.5000   45.000011586.0449   16.2258
    0.0000  -22.5000   45.000012099.0332   16.1984
    7.5000  -22.5000   45.000011650.2256   16.1678
   -7.5000  -15.0000   45.000012275.5098   16.2366
    0.0000  -15.0000   45.000012764.2295   16.2131
    7.5000  -15.0000   45.000012312.2900   16.1858
   -7.5000   -7.5000   45.000012922.1143   16.2434
    0.0000   -7.5000   45.000013430.0889   16.2227
    7.5000   -7.5000   45.000012956.9121   16.2004
   -7.5000    0.0000   45.000013494.8486   16.2407
    0.0000    0.0000   45.000014034.2197   16.2170
    7.5000    0.0000   45.000013519.3350   16.1968
   -7.5000    7.5000   45.000012851.8672   16.2282
    0.0000    7.5000   45.000013383.4727   16.1999
    7.5000    7.5000   45.000012880.6660   16.1758
   -7.5000   15.0000   45.000011901.1641   16.2202
    0.0000   15.0000   45.000012422.7480   16.1910
    7.5000   15.0000   45.000011926.4316   16.1615
   -7.5000   22.5000   45.000010946.7695   16.2183
    0.0000   22.5000   45.000011468.4814   16.1909
    7.5000   22.5000   45.000010972.9600   16.1603
   -7.5000   30.0000   45.0000 9985.5449   16.0251
    0.0000   30.0000   45.000010455.8584   16.0019
    7.5000   30.0000   45.0000 9984.3262   15.9749
   -7.5000   37.5000   45.0000 9367.0000   16.0318
    0.0000   37.5000   45.0000 9778.9844   16.0113
    7.5000   37.5000   45.0000 9320.9824   15.9894
   -7.5000   45.0000   45.0000 8369.8623   15.6616
    0.0000   45.0000   45.0000 8737.3857   15.6387
    7.5000   45.0000   45.0000 8323.2998   15.6192

---------------------------------------------------------------------
imgreg_4dfp /opt/freesurfer/average/711-2C_as_mni_average_305 /opt/freesurfer/average/711-2B_as_mni_average_305_mask talsrcimg_g11 none talsrcimg_to_711-2C_as_mni_average_305_t4 4355
---------------------------------------------------------------------

freesurfer imgreg_4dfp.c
/opt/freesurfer/average/711-2C_as_mni_average_305.4dfp.img
       256       256       256         1
  1.000000  1.000000  1.000000
orientation T byte_order littleendian
Reading image: /opt/freesurfer/average/711-2C_as_mni_average_305.4dfp.img
dimensions:      256       256       256
mmppix:       1.0000   -1.0000   -1.0000
center:     128.0000 -129.0000 -129.0000
/opt/freesurfer/average/711-2B_as_mni_average_305_mask.4dfp.img
       256       256       256         1
  1.000000  1.000000  1.000000
orientation T byte_order littleendian
Reading mask: /opt/freesurfer/average/711-2B_as_mni_average_305_mask.4dfp.img (2306576 pixels)
talsrcimg_g11.4dfp.img
       256       256       256         1
  1.000000  1.000000  1.000000
orientation T byte_order littleendian
Reading image: talsrcimg_g11.4dfp.img
dimensions:      256       256       256
mmppix:       1.0000   -1.0000   -1.0000
center:     128.0000 -129.0000 -129.0000
rotation matrix determinant  1.000000
image alignment mode   4355 decimal     1103 hex
   -7.5000  -45.0000  -45.0000 2153.8030   16.6557
    0.0000  -45.0000  -45.0000 2167.0938   16.4446
    7.5000  -45.0000  -45.0000 2166.7847   16.4792
   -7.5000  -37.5000  -45.0000 2215.6724   15.5558
    0.0000  -37.5000  -45.0000 2233.4146   15.3606
    7.5000  -37.5000  -45.0000 2232.8503   15.3883
   -7.5000  -30.0000  -45.0000 2255.2878   14.8215
    0.0000  -30.0000  -45.0000 2279.8188   14.6552
    7.5000  -30.0000  -45.0000 2278.0557   14.6489
   -7.5000  -22.5000  -45.0000 2284.5215   14.3941
    0.0000  -22.5000  -45.0000 2304.2537   14.2309
    7.5000  -22.5000  -45.0000 2303.4548   14.2213
   -7.5000  -15.0000  -45.0000 2291.8435   14.3587
    0.0000  -15.0000  -45.0000 2310.5203   14.1180
    7.5000  -15.0000  -45.0000 2313.4138   14.0956
   -7.5000   -7.5000  -45.0000 2288.6907   14.5616
    0.0000   -7.5000  -45.0000 2310.1658   14.2913
    7.5000   -7.5000  -45.0000 2311.2585   14.2715
   -7.5000    0.0000  -45.0000 2270.8179   14.9739
    0.0000    0.0000  -45.0000 2296.1912   14.7068
    7.5000    0.0000  -45.0000 2293.0981   14.6764
   -7.5000    7.5000  -45.0000 2233.6150   15.5938
    0.0000    7.5000  -45.0000 2259.9124   15.3312
    7.5000    7.5000  -45.0000 2256.2249   15.3186
   -7.5000   15.0000  -45.0000 2176.6614   16.5059
    0.0000   15.0000  -45.0000 2199.1741   16.2489
    7.5000   15.0000  -45.0000 2198.0833   16.2423
   -7.5000   22.5000  -45.0000 2103.9692   17.8230
    0.0000   22.5000  -45.0000 2125.1938   17.5225
    7.5000   22.5000  -45.0000 2123.7852   17.5371
   -7.5000   30.0000  -45.0000 2014.6348   19.5984
    0.0000   30.0000  -45.0000 2034.5344   19.2286
    7.5000   30.0000  -45.0000 2031.2902   19.2559
   -7.5000   37.5000  -45.0000 1913.8750   21.8835
    0.0000   37.5000  -45.0000 1926.1202   21.4475
    7.5000   37.5000  -45.0000 1918.3600   21.4655
   -7.5000   45.0000  -45.0000 1798.2355   25.0039
    0.0000   45.0000  -45.0000 1811.9453   24.4508
    7.5000   45.0000  -45.0000 1808.3621   24.4508
   -7.5000  -45.0000  -37.5000 2247.0818   15.3676
    0.0000  -45.0000  -37.5000 2262.6882   15.1799
    7.5000  -45.0000  -37.5000 2265.0022   15.2259
   -7.5000  -37.5000  -37.5000 2320.6865   14.3166
    0.0000  -37.5000  -37.5000 2340.2485   14.1692
    7.5000  -37.5000  -37.5000 2338.8330   14.1970
   -7.5000  -30.0000  -37.5000 2367.5747   13.6197
    0.0000  -30.0000  -37.5000 2386.7808   13.4786
    7.5000  -30.0000  -37.5000 2382.8577   13.4931
   -7.5000  -22.5000  -37.5000 2388.7771   13.2578
    0.0000  -22.5000  -37.5000 2410.2068   13.1006
    7.5000  -22.5000  -37.5000 2408.6470   13.1170
   -7.5000  -15.0000  -37.5000 2393.5510   13.1870
    0.0000  -15.0000  -37.5000 2417.5742   12.9977
    7.5000  -15.0000  -37.5000 2414.8086   12.9914
   -7.5000   -7.5000  -37.5000 2389.5352   13.3382
    0.0000   -7.5000  -37.5000 2413.1426   13.1228
    7.5000   -7.5000  -37.5000 2411.9548   13.1148
   -7.5000    0.0000  -37.5000 2372.5906   13.6854
    0.0000    0.0000  -37.5000 2394.5159   13.4467
    7.5000    0.0000  -37.5000 2389.1946   13.4594
   -7.5000    7.5000  -37.5000 2337.2715   14.2741
    0.0000    7.5000  -37.5000 2359.7861   14.0347
    7.5000    7.5000  -37.5000 2352.4529   14.0354
   -7.5000   15.0000  -37.5000 2277.4197   15.1332
    0.0000   15.0000  -37.5000 2297.3481   14.8981
    7.5000   15.0000  -37.5000 2292.9500   14.9171
   -7.5000   22.5000  -37.5000 2198.2622   16.3170
    0.0000   22.5000  -37.5000 2218.0752   16.0662
    7.5000   22.5000  -37.5000 2214.6301   16.0972
   -7.5000   30.0000  -37.5000 2105.4080   17.9156
    0.0000   30.0000  -37.5000 2125.2046   17.6291
    7.5000   30.0000  -37.5000 2118.2390   17.6541
   -7.5000   37.5000  -37.5000 1996.7161   19.9890
    0.0000   37.5000  -37.5000 2010.4135   19.6722
    7.5000   37.5000  -37.5000 1996.9945   19.6775
   -7.5000   45.0000  -37.5000 1875.4166   22.7714
    0.0000   45.0000  -37.5000 1889.2214   22.3626
    7.5000   45.0000  -37.5000 1880.0310   22.3479
   -7.5000  -45.0000  -30.0000 2371.4434   14.7060
    0.0000  -45.0000  -30.0000 2390.5701   14.5889
    7.5000  -45.0000  -30.0000 2394.7031   14.6199
   -7.5000  -37.5000  -30.0000 2455.1931   13.6600
    0.0000  -37.5000  -30.0000 2476.7974   13.5584
    7.5000  -37.5000  -30.0000 2476.3997   13.5813
   -7.5000  -30.0000  -30.0000 2504.7749   12.9940
    0.0000  -30.0000  -30.0000 2526.6277   12.8505
    7.5000  -30.0000  -30.0000 2525.8000   12.8844
   -7.5000  -22.5000  -30.0000 2538.1873   12.6195
    0.0000  -22.5000  -30.0000 2561.2842   12.4602
    7.5000  -22.5000  -30.0000 2558.1189   12.5087
   -7.5000  -15.0000  -30.0000 2546.3269   12.5330
    0.0000  -15.0000  -30.0000 2570.4661   12.3628
    7.5000  -15.0000  -30.0000 2564.1719   12.3996
   -7.5000   -7.5000  -30.0000 2543.2332   12.6674
    0.0000   -7.5000  -30.0000 2566.1709   12.4792
    7.5000   -7.5000  -30.0000 2560.1045   12.5027
   -7.5000    0.0000  -30.0000 2523.4873   12.9964
    0.0000    0.0000  -30.0000 2544.3547   12.7995
    7.5000    0.0000  -30.0000 2541.3904   12.8406
   -7.5000    7.5000  -30.0000 2483.1584   13.5474
    0.0000    7.5000  -30.0000 2508.3159   13.3498
    7.5000    7.5000  -30.0000 2503.3103   13.3850
   -7.5000   15.0000  -30.0000 2419.6680   14.3866
    0.0000   15.0000  -30.0000 2442.3723   14.1895
    7.5000   15.0000  -30.0000 2435.9419   14.2401
   -7.5000   22.5000  -30.0000 2337.9329   15.5165
    0.0000   22.5000  -30.0000 2355.0024   15.3241
    7.5000   22.5000  -30.0000 2349.3970   15.3817
   -7.5000   30.0000  -30.0000 2235.6880   17.0003
    0.0000   30.0000  -30.0000 2252.5803   16.7804
    7.5000   30.0000  -30.0000 2247.8799   16.8484
   -7.5000   37.5000  -30.0000 2116.6519   18.9668
    0.0000   37.5000  -30.0000 2133.4297   18.6973
    7.5000   37.5000  -30.0000 2121.2539   18.7418
   -7.5000   45.0000  -30.0000 1986.4152   21.5242
    0.0000   45.0000  -30.0000 2000.1000   21.2064
    7.5000   45.0000  -30.0000 1990.0477   21.2632
   -7.5000  -45.0000  -22.5000 2463.2092   14.0127
    0.0000  -45.0000  -22.5000 2489.3743   13.9049
    7.5000  -45.0000  -22.5000 2488.5442   13.9188
   -7.5000  -37.5000  -22.5000 2554.8264   12.9834
    0.0000  -37.5000  -22.5000 2577.5969   12.8807
    7.5000  -37.5000  -22.5000 2578.2578   12.8890
   -7.5000  -30.0000  -22.5000 2609.1650   12.3134
    0.0000  -30.0000  -22.5000 2632.3748   12.1905
    7.5000  -30.0000  -22.5000 2636.5627   12.2207
   -7.5000  -22.5000  -22.5000 2653.3589   11.9441
    0.0000  -22.5000  -22.5000 2679.2568   11.7979
    7.5000  -22.5000  -22.5000 2676.2163   11.8309
   -7.5000  -15.0000  -22.5000 2677.3704   11.8246
    0.0000  -15.0000  -22.5000 2703.4697   11.6516
    7.5000  -15.0000  -22.5000 2694.3223   11.7004
   -7.5000   -7.5000  -22.5000 2678.9548   11.9383
    0.0000   -7.5000  -22.5000 2702.8096   11.7801
    7.5000   -7.5000  -22.5000 2693.8840   11.8279
   -7.5000    0.0000  -22.5000 2651.6731   12.2554
    0.0000    0.0000  -22.5000 2676.6313   12.0860
    7.5000    0.0000  -22.5000 2670.5183   12.1603
   -7.5000    7.5000  -22.5000 2606.0547   12.7773
    0.0000    7.5000  -22.5000 2632.8413   12.6191
    7.5000    7.5000  -22.5000 2626.3843   12.6991
   -7.5000   15.0000  -22.5000 2541.4902   13.5587
    0.0000   15.0000  -22.5000 2565.3328   13.3833
    7.5000   15.0000  -22.5000 2556.0691   13.4710
   -7.5000   22.5000  -22.5000 2448.1633   14.6592
    0.0000   22.5000  -22.5000 2468.0549   14.4681
    7.5000   22.5000  -22.5000 2461.8123   14.5413
   -7.5000   30.0000  -22.5000 2336.2329   16.0844
    0.0000   30.0000  -22.5000 2354.3091   15.8786
    7.5000   30.0000  -22.5000 2349.3462   15.9348
   -7.5000   37.5000  -22.5000 2210.8528   17.9072
    0.0000   37.5000  -22.5000 2229.9419   17.6853
    7.5000   37.5000  -22.5000 2218.5571   17.7156
   -7.5000   45.0000  -22.5000 2073.3398   20.2808
    0.0000   45.0000  -22.5000 2090.4705   20.0505
    7.5000   45.0000  -22.5000 2079.8335   20.0638
   -7.5000  -45.0000  -15.0000 2523.7329   13.4161
    0.0000  -45.0000  -15.0000 2548.1694   13.2848
    7.5000  -45.0000  -15.0000 2554.2029   13.3098
   -7.5000  -37.5000  -15.0000 2620.0227   12.4064
    0.0000  -37.5000  -15.0000 2645.0413   12.2552
    7.5000  -37.5000  -15.0000 2649.4412   12.2729
   -7.5000  -30.0000  -15.0000 2685.5015   11.7142
    0.0000  -30.0000  -15.0000 2713.7563   11.5571
    7.5000  -30.0000  -15.0000 2716.6670   11.5765
   -7.5000  -22.5000  -15.0000 2737.3157   11.3353
    0.0000  -22.5000  -15.0000 2765.0676   11.1645
    7.5000  -22.5000  -15.0000 2764.4617   11.1870
   -7.5000  -15.0000  -15.0000 2770.0208   11.1673
    0.0000  -15.0000  -15.0000 2801.9109   10.9774
    7.5000  -15.0000  -15.0000 2794.1116   11.0307
   -7.5000   -7.5000  -15.0000 2776.3003   11.2718
    0.0000   -7.5000  -15.0000 2805.9236   11.1076
    7.5000   -7.5000  -15.0000 2795.9250   11.1694
   -7.5000    0.0000  -15.0000 2751.0774   11.5667
    0.0000    0.0000  -15.0000 2784.3872   11.4110
    7.5000    0.0000  -15.0000 2779.4126   11.4904
   -7.5000    7.5000  -15.0000 2703.8875   12.0646
    0.0000    7.5000  -15.0000 2736.3591   11.8983
    7.5000    7.5000  -15.0000 2728.8369   11.9863
   -7.5000   15.0000  -15.0000 2632.9458   12.8151
    0.0000   15.0000  -15.0000 2658.5740   12.6282
    7.5000   15.0000  -15.0000 2647.5503   12.7157
   -7.5000   22.5000  -15.0000 2530.9265   13.8743
    0.0000   22.5000  -15.0000 2553.0496   13.6678
    7.5000   22.5000  -15.0000 2543.9910   13.7447
   -7.5000   30.0000  -15.0000 2411.3345   15.2418
    0.0000   30.0000  -15.0000 2431.1333   15.0110
    7.5000   30.0000  -15.0000 2425.3450   15.0774
   -7.5000   37.5000  -15.0000 2281.7271   16.9697
    0.0000   37.5000  -15.0000 2299.0176   16.7393
    7.5000   37.5000  -15.0000 2290.1250   16.7788
   -7.5000   45.0000  -15.0000 2136.7263   19.1938
    0.0000   45.0000  -15.0000 2153.8909   18.9662
    7.5000   45.0000  -15.0000 2138.0618   19.0030
   -7.5000  -45.0000   -7.5000 2559.1450   12.9102
    0.0000  -45.0000   -7.5000 2588.1936   12.7418
    7.5000  -45.0000   -7.5000 2595.3867   12.7419
   -7.5000  -37.5000   -7.5000 2664.6277   11.8993
    0.0000  -37.5000   -7.5000 2694.4724   11.7384
    7.5000  -37.5000   -7.5000 2698.2563   11.7406
   -7.5000  -30.0000   -7.5000 2743.2573   11.1997
    0.0000  -30.0000   -7.5000 2773.4714   11.0362
    7.5000  -30.0000   -7.5000 2775.4128   11.0502
   -7.5000  -22.5000   -7.5000 2803.9934   10.7911
    0.0000  -22.5000   -7.5000 2832.2161   10.6264
    7.5000  -22.5000   -7.5000 2832.9858   10.6460
   -7.5000  -15.0000   -7.5000 2846.0952   10.5947
    0.0000  -15.0000   -7.5000 2880.4377   10.3967
    7.5000  -15.0000   -7.5000 2873.5066   10.4437
   -7.5000   -7.5000   -7.5000 2856.3003   10.6799
    0.0000   -7.5000   -7.5000 2892.5798   10.4897
    7.5000   -7.5000   -7.5000 2877.8577   10.5553
   -7.5000    0.0000   -7.5000 2833.1230   10.9779
    0.0000    0.0000   -7.5000 2868.4839   10.7994
    7.5000    0.0000   -7.5000 2861.3259   10.8613
   -7.5000    7.5000   -7.5000 2783.9517   11.4503
    0.0000    7.5000   -7.5000 2816.9602   11.2673
    7.5000    7.5000   -7.5000 2806.7493   11.3528
   -7.5000   15.0000   -7.5000 2700.9746   12.1506
    0.0000   15.0000   -7.5000 2729.4170   11.9516
    7.5000   15.0000   -7.5000 2714.5876   12.0476
   -7.5000   22.5000   -7.5000 2595.0591   13.1838
    0.0000   22.5000   -7.5000 2618.1470   12.9624
    7.5000   22.5000   -7.5000 2609.7009   13.0477
   -7.5000   30.0000   -7.5000 2469.3757   14.5184
    0.0000   30.0000   -7.5000 2491.7827   14.2803
    7.5000   30.0000   -7.5000 2484.0127   14.3508
   -7.5000   37.5000   -7.5000 2332.4749   16.1681
    0.0000   37.5000   -7.5000 2350.1123   15.9083
    7.5000   37.5000   -7.5000 2339.7788   15.9789
   -7.5000   45.0000   -7.5000 2182.3352   18.2860
    0.0000   45.0000   -7.5000 2197.0632   18.0372
    7.5000   45.0000   -7.5000 2184.2119   18.0864
   -7.5000  -45.0000    0.0000 2579.7839   12.5888
    0.0000  -45.0000    0.0000 2608.7847   12.3642
    7.5000  -45.0000    0.0000 2614.2166   12.3813
   -7.5000  -37.5000    0.0000 2695.1155   11.5813
    0.0000  -37.5000    0.0000 2724.3789   11.3582
    7.5000  -37.5000    0.0000 2726.4634   11.3735
   -7.5000  -30.0000    0.0000 2785.1140   10.8504
    0.0000  -30.0000    0.0000 2817.3516   10.6536
    7.5000  -30.0000    0.0000 2817.6458   10.6572
   -7.5000  -22.5000    0.0000 2856.3098   10.4220
    0.0000  -22.5000    0.0000 2889.6416   10.2385
    7.5000  -22.5000    0.0000 2887.9248   10.2472
   -7.5000  -15.0000    0.0000 2911.0437   10.2109
    0.0000  -15.0000    0.0000 2951.7239   10.0075
    7.5000  -15.0000    0.0000 2942.2869   10.0512
   -7.5000   -7.5000    0.0000 2925.4329   10.2930
    0.0000   -7.5000    0.0000 2967.2434   10.0508
    7.5000   -7.5000    0.0000 2949.3499   10.1212
   -7.5000    0.0000    0.0000 2901.3235   10.5635
    0.0000    0.0000    0.0000 2935.1372   10.3350
    7.5000    0.0000    0.0000 2920.6104   10.4035
   -7.5000    7.5000    0.0000 2841.0181   11.0082
    0.0000    7.5000    0.0000 2873.9961   10.7925
    7.5000    7.5000    0.0000 2860.4624   10.8658
   -7.5000   15.0000    0.0000 2750.1455   11.6998
    0.0000   15.0000    0.0000 2781.0171   11.4603
    7.5000   15.0000    0.0000 2765.1992   11.5470
   -7.5000   22.5000    0.0000 2640.4333   12.7220
    0.0000   22.5000    0.0000 2662.2148   12.4531
    7.5000   22.5000    0.0000 2650.8911   12.5423
   -7.5000   30.0000    0.0000 2509.6304   14.0388
    0.0000   30.0000    0.0000 2528.8594   13.7385
    7.5000   30.0000    0.0000 2518.2505   13.8346
   -7.5000   37.5000    0.0000 2366.7690   15.6354
    0.0000   37.5000    0.0000 2385.7739   15.3192
    7.5000   37.5000    0.0000 2374.8223   15.4241
   -7.5000   45.0000    0.0000 2212.5518   17.6531
    0.0000   45.0000    0.0000 2224.0557   17.3372
    7.5000   45.0000    0.0000 2213.5801   17.4279
   -7.5000  -45.0000    7.5000 2588.2236   12.4032
    0.0000  -45.0000    7.5000 2613.1665   12.1449
    7.5000  -45.0000    7.5000 2617.6626   12.1814
   -7.5000  -37.5000    7.5000 2709.4695   11.3613
    0.0000  -37.5000    7.5000 2735.8513   11.1291
    7.5000  -37.5000    7.5000 2736.4988   11.1576
   -7.5000  -30.0000    7.5000 2808.1016   10.6152
    0.0000  -30.0000    7.5000 2841.2429   10.4056
    7.5000  -30.0000    7.5000 2837.6956   10.4302
   -7.5000  -22.5000    7.5000 2896.7925   10.1759
    0.0000  -22.5000    7.5000 2930.6497    9.9852
    7.5000  -22.5000    7.5000 2927.3154    9.9989
   -7.5000  -15.0000    7.5000 2958.1716    9.9916
    0.0000  -15.0000    7.5000 3003.5339    9.8019
    7.5000  -15.0000    7.5000 2996.8535    9.8229
   -7.5000   -7.5000    7.5000 2974.8276   10.0745
    0.0000   -7.5000    7.5000 3021.2549    9.8331
    7.5000   -7.5000    7.5000 3004.8235    9.8811
   -7.5000    0.0000    7.5000 2945.0039   10.3230
    0.0000    0.0000    7.5000 2977.7893   10.0786
    7.5000    0.0000    7.5000 2960.9800   10.1364
   -7.5000    7.5000    7.5000 2879.3640   10.7473
    0.0000    7.5000    7.5000 2907.5574   10.5092
    7.5000    7.5000    7.5000 2887.6851   10.5936
   -7.5000   15.0000    7.5000 2776.8672   11.4159
    0.0000   15.0000    7.5000 2805.7939   11.1902
    7.5000   15.0000    7.5000 2788.3140   11.2673
   -7.5000   22.5000    7.5000 2658.8071   12.4038
    0.0000   22.5000    7.5000 2683.1506   12.1776
    7.5000   22.5000    7.5000 2669.3137   12.2666
   -7.5000   30.0000    7.5000 2527.3157   13.6902
    0.0000   30.0000    7.5000 2548.9692   13.4525
    7.5000   30.0000    7.5000 2533.7026   13.5385
   -7.5000   37.5000    7.5000 2384.5525   15.2432
    0.0000   37.5000    7.5000 2403.6580   15.0212
    7.5000   37.5000    7.5000 2389.1638   15.1077
   -7.5000   45.0000    7.5000 2226.6094   17.2190
    0.0000   45.0000    7.5000 2240.4456   16.9751
    7.5000   45.0000    7.5000 2229.9800   17.0713
   -7.5000  -45.0000   15.0000 2580.4353   12.4092
    0.0000  -45.0000   15.0000 2602.9468   12.0957
    7.5000  -45.0000   15.0000 2608.1265   12.1557
   -7.5000  -37.5000   15.0000 2702.5276   11.3384
    0.0000  -37.5000   15.0000 2726.2358   11.0591
    7.5000  -37.5000   15.0000 2724.4292   11.0966
   -7.5000  -30.0000   15.0000 2809.8550   10.5589
    0.0000  -30.0000   15.0000 2836.7288   10.3046
    7.5000  -30.0000   15.0000 2833.6951   10.3562
   -7.5000  -22.5000   15.0000 2905.1277   10.0899
    0.0000  -22.5000   15.0000 2933.3840    9.8691
    7.5000  -22.5000   15.0000 2934.0522    9.9128
   -7.5000  -15.0000   15.0000 2973.8181    9.8986
    0.0000  -15.0000   15.0000 3016.7896    9.7188
    7.5000  -15.0000   15.0000 3012.8674    9.7349
   -7.5000   -7.5000   15.0000 2988.4414    9.9540
    0.0000   -7.5000   15.0000 3040.2017    9.8099
    7.5000   -7.5000   15.0000 3024.7112    9.8404
   -7.5000    0.0000   15.0000 2952.3027   10.2157
    0.0000    0.0000   15.0000 2999.1414   10.0350
    7.5000    0.0000   15.0000 2974.7483   10.0995
   -7.5000    7.5000   15.0000 2875.9768   10.6584
    0.0000    7.5000   15.0000 2911.6545   10.4649
    7.5000    7.5000   15.0000 2889.3469   10.5195
   -7.5000   15.0000   15.0000 2775.7581   11.3165
    0.0000   15.0000   15.0000 2804.1377   11.1134
    7.5000   15.0000   15.0000 2786.9167   11.1573
   -7.5000   22.5000   15.0000 2658.9521   12.2720
    0.0000   22.5000   15.0000 2680.0327   12.0601
    7.5000   22.5000   15.0000 2666.2571   12.1252
   -7.5000   30.0000   15.0000 2528.6091   13.5344
    0.0000   30.0000   15.0000 2548.7097   13.3136
    7.5000   30.0000   15.0000 2533.4609   13.4000
   -7.5000   37.5000   15.0000 2382.9126   15.0921
    0.0000   37.5000   15.0000 2400.1138   14.8633
    7.5000   37.5000   15.0000 2382.5881   14.9784
   -7.5000   45.0000   15.0000 2225.8589   17.0741
    0.0000   45.0000   15.0000 2236.2095   16.8299
    7.5000   45.0000   15.0000 2221.4070   16.9379
   -7.5000  -45.0000   22.5000 2563.6067   12.5713
    0.0000  -45.0000   22.5000 2584.9258   12.2346
    7.5000  -45.0000   22.5000 2585.2200   12.2880
   -7.5000  -37.5000   22.5000 2687.4487   11.5063
    0.0000  -37.5000   22.5000 2704.3792   11.1818
    7.5000  -37.5000   22.5000 2699.1794   11.2362
   -7.5000  -30.0000   22.5000 2792.8098   10.7333
    0.0000  -30.0000   22.5000 2812.0645   10.4247
    7.5000  -30.0000   22.5000 2807.8733   10.4942
   -7.5000  -22.5000   22.5000 2887.3022   10.2654
    0.0000  -22.5000   22.5000 2910.9404   10.0094
    7.5000  -22.5000   22.5000 2905.5654   10.0750
   -7.5000  -15.0000   22.5000 2952.7468   10.0234
    0.0000  -15.0000   22.5000 2989.5090    9.8609
    7.5000  -15.0000   22.5000 2978.6023    9.9153
   -7.5000   -7.5000   22.5000 2964.3682   10.0532
    0.0000   -7.5000   22.5000 3008.9529    9.9092
    7.5000   -7.5000   22.5000 2991.1987   10.0045
   -7.5000    0.0000   22.5000 2932.0601   10.3246
    0.0000    0.0000   22.5000 2970.7998   10.1754
    7.5000    0.0000   22.5000 2946.8064   10.2498
   -7.5000    7.5000   22.5000 2852.8398   10.8146
    0.0000    7.5000   22.5000 2880.9644   10.6548
    7.5000    7.5000   22.5000 2860.8621   10.6978
   -7.5000   15.0000   22.5000 2746.8745   11.5003
    0.0000   15.0000   22.5000 2768.8125   11.3171
    7.5000   15.0000   22.5000 2756.2935   11.3645
   -7.5000   22.5000   22.5000 2633.4092   12.4403
    0.0000   22.5000   22.5000 2653.5681   12.2410
    7.5000   22.5000   22.5000 2638.4099   12.2752
   -7.5000   30.0000   22.5000 2506.2593   13.6392
    0.0000   30.0000   22.5000 2523.2905   13.4136
    7.5000   30.0000   22.5000 2508.7275   13.4584
   -7.5000   37.5000   22.5000 2364.1331   15.1439
    0.0000   37.5000   22.5000 2379.2380   14.9057
    7.5000   37.5000   22.5000 2362.7229   14.9780
   -7.5000   45.0000   22.5000 2204.1060   17.0723
    0.0000   45.0000   22.5000 2214.7683   16.8291
    7.5000   45.0000   22.5000 2205.1685   16.9148
   -7.5000  -45.0000   30.0000 2535.6526   12.9155
    0.0000  -45.0000   30.0000 2555.3159   12.5692
    7.5000  -45.0000   30.0000 2549.4922   12.6537
   -7.5000  -37.5000   30.0000 2655.4788   11.8606
    0.0000  -37.5000   30.0000 2669.9568   11.5424
    7.5000  -37.5000   30.0000 2662.4849   11.6368
   -7.5000  -30.0000   30.0000 2761.1152   11.1141
    0.0000  -30.0000   30.0000 2774.3215   10.7993
    7.5000  -30.0000   30.0000 2765.2119   10.9079
   -7.5000  -22.5000   30.0000 2844.1941   10.6294
    0.0000  -22.5000   30.0000 2865.1672   10.3769
    7.5000  -22.5000   30.0000 2852.1733   10.4473
   -7.5000  -15.0000   30.0000 2900.9094   10.3705
    0.0000  -15.0000   30.0000 2930.6208   10.1503
    7.5000  -15.0000   30.0000 2910.7158   10.2451
   -7.5000   -7.5000   30.0000 2912.2168   10.4114
    0.0000   -7.5000   30.0000 2948.4512   10.1899
    7.5000   -7.5000   30.0000 2928.5571   10.2943
   -7.5000    0.0000   30.0000 2875.7192   10.6848
    0.0000    0.0000   30.0000 2911.3052   10.4875
    7.5000    0.0000   30.0000 2892.9922   10.5566
   -7.5000    7.5000   30.0000 2807.8228   11.1646
    0.0000    7.5000   30.0000 2832.6790   10.9747
    7.5000    7.5000   30.0000 2813.1992   11.0240
   -7.5000   15.0000   30.0000 2700.6536   11.8416
    0.0000   15.0000   30.0000 2725.2637   11.6204
    7.5000   15.0000   30.0000 2712.5569   11.6769
   -7.5000   22.5000   30.0000 2592.1687   12.7538
    0.0000   22.5000   30.0000 2610.3728   12.5440
    7.5000   22.5000   30.0000 2599.3477   12.5952
   -7.5000   30.0000   30.0000 2468.3752   13.9397
    0.0000   30.0000   30.0000 2481.4446   13.7313
    7.5000   30.0000   30.0000 2470.2678   13.7810
   -7.5000   37.5000   30.0000 2326.0781   15.4239
    0.0000   37.5000   30.0000 2336.1072   15.1884
    7.5000   37.5000   30.0000 2325.2527   15.2555
   -7.5000   45.0000   30.0000 2166.3530   17.3318
    0.0000   45.0000   30.0000 2175.9761   17.0712
    7.5000   45.0000   30.0000 2165.7869   17.1719
   -7.5000  -45.0000   37.5000 2494.3259   13.5067
    0.0000  -45.0000   37.5000 2512.6033   13.1616
    7.5000  -45.0000   37.5000 2503.4548   13.2667
   -7.5000  -37.5000   37.5000 2608.0627   12.4494
    0.0000  -37.5000   37.5000 2627.0098   12.1222
    7.5000  -37.5000   37.5000 2616.5015   12.2357
   -7.5000  -30.0000   37.5000 2707.6079   11.6777
    0.0000  -30.0000   37.5000 2723.7021   11.3585
    7.5000  -30.0000   37.5000 2713.7461   11.4579
   -7.5000  -22.5000   37.5000 2787.1895   11.1742
    0.0000  -22.5000   37.5000 2803.8013   10.8783
    7.5000  -22.5000   37.5000 2790.6909   10.9773
   -7.5000  -15.0000   37.5000 2833.4619   10.9221
    0.0000  -15.0000   37.5000 2854.3574   10.6435
    7.5000  -15.0000   37.5000 2830.6067   10.7690
   -7.5000   -7.5000   37.5000 2845.1624   10.9283
    0.0000   -7.5000   37.5000 2868.4985   10.6697
    7.5000   -7.5000   37.5000 2850.8594   10.7691
   -7.5000    0.0000   37.5000 2809.0374   11.2129
    0.0000    0.0000   37.5000 2832.2595   10.9795
    7.5000    0.0000   37.5000 2812.0137   11.0512
   -7.5000    7.5000   37.5000 2742.6853   11.6929
    0.0000    7.5000   37.5000 2762.7825   11.4846
    7.5000    7.5000   37.5000 2741.1655   11.5251
   -7.5000   15.0000   37.5000 2641.0837   12.3554
    0.0000   15.0000   37.5000 2662.8137   12.1365
    7.5000   15.0000   37.5000 2649.3354   12.1851
   -7.5000   22.5000   37.5000 2535.8157   13.2573
    0.0000   22.5000   37.5000 2557.7825   13.0362
    7.5000   22.5000   37.5000 2545.1108   13.0764
   -7.5000   30.0000   37.5000 2415.0254   14.4439
    0.0000   30.0000   37.5000 2434.9304   14.2192
    7.5000   30.0000   37.5000 2422.6567   14.2375
   -7.5000   37.5000   37.5000 2274.3457   15.9363
    0.0000   37.5000   37.5000 2287.5437   15.7046
    7.5000   37.5000   37.5000 2281.8838   15.7361
   -7.5000   45.0000   37.5000 2124.0742   17.8270
    0.0000   45.0000   37.5000 2131.7527   17.5756
    7.5000   45.0000   37.5000 2125.8953   17.6672
   -7.5000  -45.0000   45.0000 2438.1558   14.2809
    0.0000  -45.0000   45.0000 2458.0706   13.9659
    7.5000  -45.0000   45.0000 2446.3760   14.0691
   -7.5000  -37.5000   45.0000 2544.6057   13.1871
    0.0000  -37.5000   45.0000 2567.8792   12.8853
    7.5000  -37.5000   45.0000 2555.3816   12.9966
   -7.5000  -30.0000   45.0000 2638.5667   12.3771
    0.0000  -30.0000   45.0000 2657.1899   12.0828
    7.5000  -30.0000   45.0000 2644.6877   12.2004
   -7.5000  -22.5000   45.0000 2711.8831   11.8683
    0.0000  -22.5000   45.0000 2730.3560   11.5790
    7.5000  -22.5000   45.0000 2711.3208   11.7048
   -7.5000  -15.0000   45.0000 2753.9976   11.6145
    0.0000  -15.0000   45.0000 2769.1150   11.3316
    7.5000  -15.0000   45.0000 2747.5879   11.4578
   -7.5000   -7.5000   45.0000 2759.1892   11.6054
    0.0000   -7.5000   45.0000 2773.9351   11.3328
    7.5000   -7.5000   45.0000 2758.3765   11.4567
   -7.5000    0.0000   45.0000 2726.8284   11.8990
    0.0000    0.0000   45.0000 2742.8794   11.6459
    7.5000    0.0000   45.0000 2724.3232   11.7301
   -7.5000    7.5000   45.0000 2663.6355   12.3530
    0.0000    7.5000   45.0000 2680.6455   12.1070
    7.5000    7.5000   45.0000 2661.7122   12.1627
   -7.5000   15.0000   45.0000 2572.2029   13.0079
    0.0000   15.0000   45.0000 2589.2737   12.7683
    7.5000   15.0000   45.0000 2573.6968   12.8221
   -7.5000   22.5000   45.0000 2471.2078   13.8996
    0.0000   22.5000   45.0000 2491.7678   13.6895
    7.5000   22.5000   45.0000 2477.2285   13.7141
   -7.5000   30.0000   45.0000 2355.6353   15.0992
    0.0000   30.0000   45.0000 2372.2788   14.9008
    7.5000   30.0000   45.0000 2359.8276   14.9188
   -7.5000   37.5000   45.0000 2220.9001   16.6311
    0.0000   37.5000   45.0000 2231.5945   16.3974
    7.5000   37.5000   45.0000 2222.8333   16.4393
   -7.5000   45.0000   45.0000 2072.1912   18.5780
    0.0000   45.0000   45.0000 2081.8296   18.3206
    7.5000   45.0000   45.0000 2073.9653   18.3891

---------------------------------------------------------------------
imgreg_4dfp /opt/freesurfer/average/711-2C_as_mni_average_305 /opt/freesurfer/average/711-2B_as_mni_average_305_mask talsrcimg_g11 none talsrcimg_to_711-2C_as_mni_average_305_t4 1283
---------------------------------------------------------------------

freesurfer imgreg_4dfp.c
/opt/freesurfer/average/711-2C_as_mni_average_305.4dfp.img
       256       256       256         1
  1.000000  1.000000  1.000000
orientation T byte_order littleendian
Reading image: /opt/freesurfer/average/711-2C_as_mni_average_305.4dfp.img
dimensions:      256       256       256
mmppix:       1.0000   -1.0000   -1.0000
center:     128.0000 -129.0000 -129.0000
/opt/freesurfer/average/711-2B_as_mni_average_305_mask.4dfp.img
       256       256       256         1
  1.000000  1.000000  1.000000
orientation T byte_order littleendian
Reading mask: /opt/freesurfer/average/711-2B_as_mni_average_305_mask.4dfp.img (2306576 pixels)
talsrcimg_g11.4dfp.img
       256       256       256         1
  1.000000  1.000000  1.000000
orientation T byte_order littleendian
Reading image: talsrcimg_g11.4dfp.img
dimensions:      256       256       256
mmppix:       1.0000   -1.0000   -1.0000
center:     128.0000 -129.0000 -129.0000
rotation matrix determinant  1.000000
fimgreg.f
image alignment mode   1283 decimal      503 hex
parameters
    0.0000   -7.5000   15.0000    0.0000    0.0000    0.0000
eta,q 0.95459  9.78676
niter,ni,del,rscale     5    3   12.0000    1.2000
parameter  5 -1.181282 -> -0.500000 qaram    1.1500
parameter  6 -1.445053 -> -0.500000 qaram    1.1500
parameters
    2.9089   -9.1217   14.0417   -2.6926    3.4500    3.4500
eta,q 0.96052  9.56682
  0.0614  0.0487  0.0500  0.0464  0.0548  0.0498
  0.0558  0.0469  0.0484  0.0459  0.0505  0.0477
  0.0518  0.0461  0.0469  0.0457  0.0478  0.0450
  0.0483  0.0468  0.0462  0.0464  0.0456  0.0423
  0.0468  0.0479  0.0470  0.0471  0.0435  0.0403
  0.0473  0.0501  0.0499  0.0482  0.0419  0.0393
  0.0488  0.0547  0.0553  0.0506  0.0416  0.0390
niter,ni,del,rscale     6    3   12.0000    1.2000
parameter  4  0.500645 ->  0.500000 qaram    1.1500
parameters
    1.2252   -7.5102   14.1535   -6.1426    6.6134    4.9021
eta,q 0.96468  9.67847
  0.0443  0.0498  0.0443  0.0379  0.0491  0.0420
  0.0406  0.0436  0.0419  0.0376  0.0442  0.0389
  0.0386  0.0399  0.0394  0.0373  0.0402  0.0371
  0.0395  0.0385  0.0380  0.0380  0.0375  0.0358
  0.0430  0.0379  0.0383  0.0392  0.0360  0.0353
  0.0485  0.0387  0.0405  0.0417  0.0360  0.0364
  0.0566  0.0415  0.0449  0.0443  0.0382  0.0385
niter,ni,del,rscale     6    3   12.0000    1.2000
parameters
   -0.3427   -6.1178   13.2092   -7.0350    7.6518    4.0683
eta,q 0.96687  9.70381
  0.0416  0.0471  0.0386  0.0377  0.0446  0.0374
  0.0367  0.0403  0.0362  0.0345  0.0404  0.0352
  0.0345  0.0368  0.0344  0.0336  0.0362  0.0336
  0.0353  0.0344  0.0336  0.0337  0.0336  0.0332
  0.0393  0.0337  0.0350  0.0349  0.0335  0.0345
  0.0458  0.0353  0.0387  0.0367  0.0360  0.0370
  0.0539  0.0389  0.0442  0.0399  0.0402  0.0400
niter,ni,del,rscale     5    3   12.0000    1.2000
parameters
   -0.5450   -5.9792   12.8385   -7.0619    7.9505    3.9506
eta,q 0.96683  9.70555
  0.0470  0.0426  0.0389  0.0391  0.0434  0.0383
  0.0391  0.0375  0.0359  0.0347  0.0389  0.0359
  0.0342  0.0345  0.0343  0.0333  0.0349  0.0341
  0.0331  0.0331  0.0331  0.0332  0.0332  0.0331
  0.0356  0.0339  0.0335  0.0342  0.0341  0.0338
  0.0409  0.0369  0.0365  0.0358  0.0373  0.0360
  0.0484  0.0419  0.0416  0.0382  0.0422  0.0389
niter,ni,del,rscale     4    3   12.0000    1.2000
parameters
   -0.5886   -6.0478   12.7967   -7.0045    8.0308    3.9476
eta,q 0.96682  9.70468
  0.0480  0.0419  0.0396  0.0393  0.0430  0.0385
  0.0399  0.0371  0.0362  0.0348  0.0384  0.0360
  0.0346  0.0343  0.0345  0.0333  0.0346  0.0342
  0.0332  0.0332  0.0332  0.0332  0.0332  0.0332
  0.0353  0.0341  0.0332  0.0342  0.0344  0.0338
  0.0406  0.0373  0.0357  0.0358  0.0377  0.0358
  0.0480  0.0424  0.0407  0.0380  0.0428  0.0387
niter,ni,del,rscale     3    3   12.0000    1.2000
parameters
   -0.6110   -6.0815   12.8000   -6.9730    8.0588    3.9509
eta,q 0.96683  9.70443
  0.0481  0.0419  0.0397  0.0392  0.0429  0.0385
  0.0400  0.0371  0.0362  0.0347  0.0383  0.0360
  0.0346  0.0343  0.0345  0.0333  0.0345  0.0342
  0.0332  0.0332  0.0332  0.0332  0.0332  0.0332
  0.0353  0.0341  0.0331  0.0342  0.0344  0.0338
  0.0405  0.0372  0.0356  0.0358  0.0378  0.0358
  0.0479  0.0422  0.0406  0.0380  0.0430  0.0387
registration optimization eta report
parameter search radius
    6.0000    6.0000    6.0000    6.9000    6.9000    6.9000
100000*second partial in parameter space
       41.       25.       20.       11.       20.       11.
  0.0481  0.0419  0.0397  0.0392  0.0429  0.0385
  0.0400  0.0371  0.0362  0.0347  0.0383  0.0360
  0.0346  0.0343  0.0345  0.0333  0.0345  0.0342
  0.0332  0.0332  0.0332  0.0332  0.0332  0.0332
  0.0353  0.0341  0.0331  0.0342  0.0344  0.0338
  0.0405  0.0372  0.0356  0.0358  0.0378  0.0358
  0.0479  0.0422  0.0406  0.0380  0.0430  0.0387
   -0.6110   -6.0815   12.8000   -6.9730    8.0588    3.9509
eta,q 0.96683  9.70443

---------------------------------------------------------------------
imgreg_4dfp /opt/freesurfer/average/711-2C_as_mni_average_305 /opt/freesurfer/average/711-2B_as_mni_average_305_mask talsrcimg_g11 none talsrcimg_to_711-2C_as_mni_average_305_t4 3335
---------------------------------------------------------------------

freesurfer imgreg_4dfp.c
/opt/freesurfer/average/711-2C_as_mni_average_305.4dfp.img
       256       256       256         1
  1.000000  1.000000  1.000000
orientation T byte_order littleendian
Reading image: /opt/freesurfer/average/711-2C_as_mni_average_305.4dfp.img
dimensions:      256       256       256
mmppix:       1.0000   -1.0000   -1.0000
center:     128.0000 -129.0000 -129.0000
/opt/freesurfer/average/711-2B_as_mni_average_305_mask.4dfp.img
       256       256       256         1
  1.000000  1.000000  1.000000
orientation T byte_order littleendian
Reading mask: /opt/freesurfer/average/711-2B_as_mni_average_305_mask.4dfp.img (2306576 pixels)
talsrcimg_g11.4dfp.img
       256       256       256         1
  1.000000  1.000000  1.000000
orientation T byte_order littleendian
Reading image: talsrcimg_g11.4dfp.img
dimensions:      256       256       256
mmppix:       1.0000   -1.0000   -1.0000
center:     128.0000 -129.0000 -129.0000
fimgreg.f
image alignment mode   3335 decimal      D07 hex
parameters
   -0.6110   -6.0815   12.8000   -1.2228   -0.8583   -1.7199
   -5.1413  -14.7187    6.8220   11.1525   14.0190  -12.0202
eta,q 0.96792  9.75434
niter,ni,del,rscale     5    3    5.0000    1.2000
parameter  4  0.650027 ->  0.500000 qaram    1.1500
parameter  5  1.863786 ->  0.500000 qaram    1.1500
parameter  6  0.707389 ->  0.500000 qaram    1.1500
parameters
   -0.4249   -5.6096   13.3491   -5.3628   -4.9983   -5.8599
   -4.8155  -12.5395    6.2758   10.1613   11.9421  -10.0274
eta,q 0.97509  9.31206
  0.0349  0.0347  0.0341  0.0309  0.0258  0.0260  0.0279  0.0315  0.0270  0.0275  0.0255  0.0268
  0.0334  0.0335  0.0332  0.0308  0.0270  0.0257  0.0267  0.0291  0.0259  0.0261  0.0252  0.0260
  0.0325  0.0325  0.0324  0.0311  0.0288  0.0258  0.0259  0.0270  0.0253  0.0253  0.0251  0.0254
  0.0321  0.0321  0.0320  0.0319  0.0308  0.0275  0.0256  0.0256  0.0251  0.0251  0.0251  0.0250
  0.0322  0.0320  0.0319  0.0332  0.0334  0.0303  0.0258  0.0251  0.0255  0.0258  0.0254  0.0249
  0.0329  0.0324  0.0322  0.0355  0.0366  0.0334  0.0264  0.0257  0.0264  0.0272  0.0260  0.0251
  0.0342  0.0332  0.0328  0.0384  0.0397  0.0371  0.0275  0.0273  0.0277  0.0295  0.0269  0.0256
niter,ni,del,rscale     7    3    5.0000    1.2000
parameter  5  0.633123 ->  0.500000 qaram    1.3225
parameters
   -0.3738   -5.9180   12.3370   -5.3481   -9.7593   -8.8952
   -4.9665  -12.1350    6.7133    9.6729   10.7983   -9.9569
eta,q 0.97673  9.00233
  0.0277  0.0266  0.0251  0.0274  0.0237  0.0241  0.0255  0.0273  0.0254  0.0253  0.0238  0.0243
  0.0262  0.0256  0.0247  0.0260  0.0232  0.0235  0.0242  0.0253  0.0243  0.0241  0.0235  0.0238
  0.0253  0.0250  0.0246  0.0250  0.0235  0.0233  0.0235  0.0238  0.0236  0.0234  0.0233  0.0234
  0.0249  0.0249  0.0249  0.0246  0.0246  0.0232  0.0233  0.0233  0.0233  0.0233  0.0233  0.0233
  0.0252  0.0254  0.0255  0.0248  0.0265  0.0244  0.0236  0.0236  0.0234  0.0236  0.0235  0.0234
  0.0261  0.0264  0.0263  0.0258  0.0289  0.0272  0.0244  0.0247  0.0240  0.0245  0.0238  0.0237
  0.0275  0.0279  0.0275  0.0276  0.0321  0.0307  0.0256  0.0265  0.0249  0.0260  0.0244  0.0243
niter,ni,del,rscale     7    3    5.0000    1.2000
parameters
   -0.1613   -5.8491   11.4443   -3.9691  -10.7868  -10.4419
   -4.8378  -11.8737    7.1343    9.5585   10.1197  -10.4158
eta,q 0.97702  8.93985
  0.0264  0.0256  0.0235  0.0264  0.0256  0.0248  0.0252  0.0269  0.0249  0.0251  0.0236  0.0238
  0.0248  0.0243  0.0232  0.0248  0.0243  0.0236  0.0240  0.0249  0.0239  0.0238  0.0232  0.0234
  0.0237  0.0235  0.0231  0.0237  0.0234  0.0231  0.0233  0.0235  0.0233  0.0231  0.0230  0.0231
  0.0233  0.0232  0.0232  0.0231  0.0229  0.0230  0.0230  0.0230  0.0230  0.0230  0.0230  0.0230
  0.0234  0.0235  0.0236  0.0229  0.0234  0.0233  0.0232  0.0233  0.0231  0.0233  0.0231  0.0231
  0.0241  0.0242  0.0243  0.0235  0.0250  0.0250  0.0239  0.0245  0.0236  0.0240  0.0234  0.0235
  0.0255  0.0253  0.0251  0.0249  0.0274  0.0278  0.0250  0.0264  0.0245  0.0252  0.0239  0.0241
niter,ni,del,rscale     6    3    5.0000    1.2000
parameters
   -0.0746   -5.6321   11.2979   -3.7748  -10.9877  -10.6776
   -4.9231  -11.7737    7.3660    9.7804    9.7645  -10.7112
eta,q 0.97705  8.93008
  0.0258  0.0254  0.0240  0.0256  0.0259  0.0255  0.0250  0.0267  0.0247  0.0252  0.0237  0.0238
  0.0243  0.0242  0.0234  0.0243  0.0246  0.0241  0.0239  0.0247  0.0238  0.0239  0.0232  0.0234
  0.0234  0.0234  0.0230  0.0234  0.0235  0.0232  0.0232  0.0234  0.0232  0.0231  0.0230  0.0230
  0.0230  0.0230  0.0229  0.0229  0.0229  0.0229  0.0230  0.0230  0.0230  0.0230  0.0230  0.0230
  0.0232  0.0231  0.0231  0.0231  0.0231  0.0230  0.0232  0.0234  0.0231  0.0232  0.0231  0.0231
  0.0240  0.0236  0.0236  0.0238  0.0244  0.0239  0.0240  0.0246  0.0236  0.0238  0.0233  0.0234
  0.0254  0.0247  0.0243  0.0256  0.0265  0.0263  0.0251  0.0265  0.0245  0.0249  0.0238  0.0240
niter,ni,del,rscale     5    3    5.0000    1.2000
parameters
   -0.0467   -5.5517   11.2402   -3.7270  -11.0713  -10.7235
   -4.9523  -11.7375    7.4848    9.8925    9.6062  -10.8425
eta,q 0.97704  8.92709
  0.0256  0.0252  0.0241  0.0255  0.0259  0.0256  0.0250  0.0267  0.0247  0.0252  0.0237  0.0239
  0.0242  0.0240  0.0235  0.0242  0.0246  0.0242  0.0239  0.0247  0.0237  0.0239  0.0233  0.0234
  0.0233  0.0233  0.0231  0.0234  0.0236  0.0233  0.0232  0.0233  0.0232  0.0231  0.0230  0.0231
  0.0230  0.0230  0.0229  0.0229  0.0229  0.0230  0.0230  0.0230  0.0230  0.0230  0.0230  0.0230
  0.0232  0.0231  0.0231  0.0231  0.0231  0.0230  0.0232  0.0234  0.0231  0.0232  0.0231  0.0231
  0.0241  0.0238  0.0235  0.0239  0.0243  0.0238  0.0240  0.0246  0.0237  0.0238  0.0233  0.0234
  0.0255  0.0249  0.0242  0.0258  0.0264  0.0261  0.0250  0.0266  0.0246  0.0249  0.0238  0.0239
niter,ni,del,rscale     4    3    5.0000    1.2000
parameters
   -0.0380   -5.5170   11.2151   -3.7087  -11.1132  -10.7431
   -4.9639  -11.7244    7.5396    9.9431    9.5104  -10.8975
eta,q 0.97704  8.92539
  0.0256  0.0251  0.0241  0.0255  0.0259  0.0256  0.0251  0.0267  0.0246  0.0251  0.0237  0.0239
  0.0242  0.0239  0.0235  0.0242  0.0246  0.0243  0.0239  0.0247  0.0237  0.0238  0.0233  0.0234
  0.0233  0.0232  0.0231  0.0234  0.0236  0.0233  0.0232  0.0233  0.0232  0.0231  0.0230  0.0231
  0.0230  0.0230  0.0230  0.0230  0.0230  0.0230  0.0230  0.0230  0.0230  0.0230  0.0230  0.0230
  0.0232  0.0232  0.0231  0.0231  0.0231  0.0230  0.0232  0.0234  0.0231  0.0232  0.0231  0.0231
  0.0241  0.0238  0.0235  0.0239  0.0243  0.0238  0.0240  0.0247  0.0237  0.0239  0.0233  0.0234
  0.0256  0.0250  0.0242  0.0258  0.0264  0.0260  0.0250  0.0266  0.0246  0.0250  0.0237  0.0239
niter,ni,del,rscale     3    3    5.0000    1.2000
parameters
   -0.0330   -5.5015   11.2073   -3.7015  -11.1363  -10.7530
   -4.9725  -11.7170    7.5717    9.9612    9.4967  -10.9070
eta,q 0.97703  8.92450
  0.0256  0.0250  0.0241  0.0255  0.0259  0.0256  0.0251  0.0267  0.0246  0.0251  0.0237  0.0239
  0.0242  0.0239  0.0235  0.0242  0.0246  0.0243  0.0239  0.0247  0.0237  0.0238  0.0233  0.0234
  0.0233  0.0232  0.0231  0.0234  0.0236  0.0233  0.0232  0.0233  0.0232  0.0231  0.0230  0.0231
  0.0230  0.0230  0.0230  0.0230  0.0230  0.0230  0.0230  0.0230  0.0230  0.0230  0.0230  0.0230
  0.0233  0.0232  0.0231  0.0231  0.0231  0.0230  0.0232  0.0234  0.0231  0.0232  0.0231  0.0231
  0.0241  0.0239  0.0235  0.0239  0.0243  0.0238  0.0240  0.0247  0.0237  0.0239  0.0233  0.0234
  0.0256  0.0250  0.0242  0.0258  0.0264  0.0260  0.0250  0.0266  0.0246  0.0250  0.0237  0.0239
registration optimization eta report
parameter search radius
    2.4000    2.4000    2.4000    8.2800    9.5220    8.2800
    7.2000    7.2000    7.2000    7.2000    7.2000    7.2000
100000*second partial in parameter space
       46.       36.       21.        4.        3.        4.
        4.        7.        3.        4.        1.        2.
  0.0256  0.0250  0.0241  0.0255  0.0259  0.0256  0.0251  0.0267  0.0246  0.0251  0.0237  0.0239
  0.0242  0.0239  0.0235  0.0242  0.0246  0.0243  0.0239  0.0247  0.0237  0.0238  0.0233  0.0234
  0.0233  0.0232  0.0231  0.0234  0.0236  0.0233  0.0232  0.0233  0.0232  0.0231  0.0230  0.0231
  0.0230  0.0230  0.0230  0.0230  0.0230  0.0230  0.0230  0.0230  0.0230  0.0230  0.0230  0.0230
  0.0233  0.0232  0.0231  0.0231  0.0231  0.0230  0.0232  0.0234  0.0231  0.0232  0.0231  0.0231
  0.0241  0.0239  0.0235  0.0239  0.0243  0.0238  0.0240  0.0247  0.0237  0.0239  0.0233  0.0234
  0.0256  0.0250  0.0242  0.0258  0.0264  0.0260  0.0250  0.0266  0.0246  0.0250  0.0237  0.0239
   -0.0330   -5.5015   11.2073   -3.7015  -11.1363  -10.7530
   -4.9725  -11.7170    7.5717    9.9612    9.4967  -10.9070
eta,q 0.97703  8.92450

---------------------------------------------------------------------
imgreg_4dfp /opt/freesurfer/average/711-2C_as_mni_average_305 /opt/freesurfer/average/711-2B_as_mni_average_305_mask talsrcimg_g11 none talsrcimg_to_711-2C_as_mni_average_305_t4 2311
---------------------------------------------------------------------

freesurfer imgreg_4dfp.c
/opt/freesurfer/average/711-2C_as_mni_average_305.4dfp.img
       256       256       256         1
  1.000000  1.000000  1.000000
orientation T byte_order littleendian
Reading image: /opt/freesurfer/average/711-2C_as_mni_average_305.4dfp.img
dimensions:      256       256       256
mmppix:       1.0000   -1.0000   -1.0000
center:     128.0000 -129.0000 -129.0000
/opt/freesurfer/average/711-2B_as_mni_average_305_mask.4dfp.img
       256       256       256         1
  1.000000  1.000000  1.000000
orientation T byte_order littleendian
Reading mask: /opt/freesurfer/average/711-2B_as_mni_average_305_mask.4dfp.img (2306576 pixels)
talsrcimg_g11.4dfp.img
       256       256       256         1
  1.000000  1.000000  1.000000
orientation T byte_order littleendian
Reading image: talsrcimg_g11.4dfp.img
dimensions:      256       256       256
mmppix:       1.0000   -1.0000   -1.0000
center:     128.0000 -129.0000 -129.0000
fimgreg.f
image alignment mode   2311 decimal      907 hex
parameters
   -0.0330   -5.5015   11.2073   -3.7015  -11.1363  -10.7530
   -4.9725  -11.7170    7.5717    9.9612    9.4967  -10.9070
eta,q 0.97703  8.92451
niter,ni,del,rscale     5    3    5.0000    0.8000
parameters
   -0.0239   -5.4860   11.2032   -3.1599  -10.3837   -9.9769
   -4.9421  -11.5776    7.5288   10.0616    9.9018  -11.1569
eta,q 0.97711  9.00684
  0.0242  0.0239  0.0235  0.0240  0.0241  0.0239  0.0239  0.0248  0.0237  0.0239  0.0233  0.0233
  0.0235  0.0234  0.0232  0.0235  0.0236  0.0234  0.0234  0.0238  0.0232  0.0233  0.0231  0.0231
  0.0231  0.0231  0.0230  0.0232  0.0232  0.0230  0.0230  0.0231  0.0230  0.0230  0.0230  0.0229
  0.0230  0.0230  0.0230  0.0230  0.0229  0.0229  0.0229  0.0229  0.0229  0.0229  0.0229  0.0229
  0.0231  0.0231  0.0230  0.0230  0.0229  0.0229  0.0230  0.0230  0.0230  0.0230  0.0229  0.0230
  0.0235  0.0234  0.0232  0.0232  0.0231  0.0230  0.0233  0.0236  0.0233  0.0233  0.0230  0.0231
  0.0242  0.0239  0.0235  0.0236  0.0236  0.0234  0.0239  0.0246  0.0237  0.0238  0.0232  0.0234
niter,ni,del,rscale     4    3    5.0000    0.7000
parameters
   -0.0683   -5.6184   11.1417   -3.1776  -10.1466   -9.8319
   -4.9029  -11.6243    7.3937   10.0743   10.1212  -11.1273
eta,q 0.97714  9.02082
  0.0238  0.0235  0.0233  0.0236  0.0237  0.0235  0.0237  0.0243  0.0234  0.0236  0.0232  0.0232
  0.0233  0.0231  0.0230  0.0232  0.0233  0.0231  0.0232  0.0235  0.0231  0.0232  0.0230  0.0230
  0.0230  0.0229  0.0229  0.0230  0.0230  0.0229  0.0230  0.0230  0.0229  0.0229  0.0229  0.0229
  0.0229  0.0229  0.0229  0.0229  0.0229  0.0229  0.0229  0.0229  0.0229  0.0229  0.0229  0.0229
  0.0230  0.0230  0.0229  0.0230  0.0229  0.0229  0.0229  0.0230  0.0229  0.0229  0.0229  0.0229
  0.0234  0.0233  0.0231  0.0232  0.0231  0.0230  0.0232  0.0235  0.0232  0.0232  0.0230  0.0230
  0.0239  0.0238  0.0233  0.0236  0.0236  0.0235  0.0236  0.0243  0.0235  0.0236  0.0231  0.0232
niter,ni,del,rscale     3    3    5.0000    0.6000
parameters
   -0.0825   -5.6578   11.1383   -3.1923  -10.0233   -9.6675
   -4.8707  -11.6388    7.3303   10.0984   10.3132  -11.1388
eta,q 0.97715  9.03243
  0.0235  0.0234  0.0232  0.0234  0.0235  0.0233  0.0235  0.0239  0.0233  0.0234  0.0231  0.0231
  0.0232  0.0231  0.0230  0.0231  0.0232  0.0231  0.0231  0.0233  0.0231  0.0231  0.0230  0.0230
  0.0229  0.0229  0.0229  0.0229  0.0230  0.0229  0.0229  0.0230  0.0229  0.0229  0.0229  0.0229
  0.0229  0.0229  0.0229  0.0229  0.0229  0.0229  0.0229  0.0229  0.0229  0.0229  0.0229  0.0229
  0.0229  0.0229  0.0229  0.0229  0.0229  0.0228  0.0229  0.0230  0.0229  0.0229  0.0229  0.0229
  0.0232  0.0231  0.0230  0.0231  0.0231  0.0230  0.0231  0.0233  0.0231  0.0231  0.0229  0.0230
  0.0236  0.0235  0.0232  0.0234  0.0234  0.0233  0.0234  0.0239  0.0233  0.0234  0.0230  0.0231
niter,ni,del,rscale     2    3    5.0000    0.5000
parameters
   -0.0925   -5.6837   11.1328   -3.1934   -9.9293   -9.5107
   -4.8395  -11.6368    7.2569   10.1447   10.4234  -11.1531
eta,q 0.97716  9.04267
  0.0233  0.0232  0.0231  0.0232  0.0233  0.0231  0.0233  0.0236  0.0232  0.0232  0.0230  0.0230
  0.0231  0.0230  0.0229  0.0230  0.0231  0.0230  0.0230  0.0232  0.0230  0.0230  0.0229  0.0229
  0.0229  0.0229  0.0229  0.0229  0.0229  0.0229  0.0229  0.0229  0.0229  0.0229  0.0229  0.0229
  0.0229  0.0228  0.0229  0.0229  0.0229  0.0228  0.0228  0.0228  0.0228  0.0228  0.0228  0.0228
  0.0229  0.0229  0.0229  0.0229  0.0229  0.0228  0.0229  0.0229  0.0229  0.0229  0.0229  0.0229
  0.0231  0.0230  0.0230  0.0230  0.0230  0.0229  0.0230  0.0232  0.0230  0.0230  0.0229  0.0229
  0.0234  0.0233  0.0231  0.0232  0.0233  0.0231  0.0233  0.0236  0.0232  0.0232  0.0230  0.0230
niter,ni,del,rscale     1    3    5.0000    0.4000
parameters
   -0.0985   -5.7014   11.1287   -3.1886   -9.8526   -9.3313
   -4.8038  -11.6299    7.2240   10.2084   10.5293  -11.2316
eta,q 0.97716  9.05377
  0.0232  0.0231  0.0230  0.0231  0.0231  0.0230  0.0231  0.0233  0.0230  0.0231  0.0230  0.0230
  0.0230  0.0229  0.0229  0.0230  0.0230  0.0229  0.0230  0.0230  0.0229  0.0229  0.0229  0.0229
  0.0229  0.0229  0.0229  0.0229  0.0229  0.0229  0.0229  0.0229  0.0229  0.0229  0.0229  0.0228
  0.0228  0.0228  0.0228  0.0228  0.0228  0.0228  0.0228  0.0228  0.0228  0.0228  0.0228  0.0228
  0.0229  0.0229  0.0229  0.0229  0.0229  0.0228  0.0229  0.0229  0.0229  0.0229  0.0228  0.0229
  0.0230  0.0230  0.0229  0.0230  0.0229  0.0229  0.0230  0.0230  0.0229  0.0229  0.0229  0.0229
  0.0232  0.0231  0.0230  0.0231  0.0231  0.0230  0.0231  0.0233  0.0231  0.0231  0.0229  0.0230
registration optimization eta report
parameter search radius
    0.8000    0.8000    0.8000    2.4000    2.4000    2.4000
    2.4000    2.4000    2.4000    2.4000    2.4000    2.4000
100000*second partial in parameter space
       50.       39.       22.        5.        5.        3.
        5.        8.        4.        4.        2.        2.
  0.0232  0.0231  0.0230  0.0231  0.0231  0.0230  0.0231  0.0233  0.0230  0.0231  0.0230  0.0230
  0.0230  0.0229  0.0229  0.0230  0.0230  0.0229  0.0230  0.0230  0.0229  0.0229  0.0229  0.0229
  0.0229  0.0229  0.0229  0.0229  0.0229  0.0229  0.0229  0.0229  0.0229  0.0229  0.0229  0.0228
  0.0228  0.0228  0.0228  0.0228  0.0228  0.0228  0.0228  0.0228  0.0228  0.0228  0.0228  0.0228
  0.0229  0.0229  0.0229  0.0229  0.0229  0.0228  0.0229  0.0229  0.0229  0.0229  0.0228  0.0229
  0.0230  0.0230  0.0229  0.0230  0.0229  0.0229  0.0230  0.0230  0.0229  0.0229  0.0229  0.0229
  0.0232  0.0231  0.0230  0.0231  0.0231  0.0230  0.0231  0.0233  0.0231  0.0231  0.0229  0.0230
   -0.0985   -5.7014   11.1287   -3.1886   -9.8526   -9.3313
   -4.8038  -11.6299    7.2240   10.2084   10.5293  -11.2316
eta,q 0.97716  9.05377

---------------------------------------------------------------------
imgreg_4dfp /opt/freesurfer/average/711-2C_as_mni_average_305 /opt/freesurfer/average/711-2B_as_mni_average_305_mask talsrcimg_g11 none talsrcimg_to_711-2C_as_mni_average_305_t4 2311
---------------------------------------------------------------------

freesurfer imgreg_4dfp.c
/opt/freesurfer/average/711-2C_as_mni_average_305.4dfp.img
       256       256       256         1
  1.000000  1.000000  1.000000
orientation T byte_order littleendian
Reading image: /opt/freesurfer/average/711-2C_as_mni_average_305.4dfp.img
dimensions:      256       256       256
mmppix:       1.0000   -1.0000   -1.0000
center:     128.0000 -129.0000 -129.0000
/opt/freesurfer/average/711-2B_as_mni_average_305_mask.4dfp.img
       256       256       256         1
  1.000000  1.000000  1.000000
orientation T byte_order littleendian
Reading mask: /opt/freesurfer/average/711-2B_as_mni_average_305_mask.4dfp.img (2306576 pixels)
talsrcimg_g11.4dfp.img
       256       256       256         1
  1.000000  1.000000  1.000000
orientation T byte_order littleendian
Reading image: talsrcimg_g11.4dfp.img
dimensions:      256       256       256
mmppix:       1.0000   -1.0000   -1.0000
center:     128.0000 -129.0000 -129.0000
fimgreg.f
image alignment mode   2311 decimal      907 hex
parameters
   -0.0985   -5.7014   11.1287   -3.1886   -9.8526   -9.3313
   -4.8038  -11.6299    7.2240   10.2084   10.5293  -11.2316
eta,q 0.97716  9.05377
niter,ni,del,rscale     5    3    5.0000    0.8000
parameters
   -0.1009   -5.7105   11.1661   -3.3869  -10.0951   -9.8543
   -4.8475  -11.7494    7.2205   10.0327   10.2021  -11.0251
eta,q 0.97714  9.01386
  0.0241  0.0238  0.0234  0.0237  0.0238  0.0235  0.0239  0.0246  0.0237  0.0238  0.0232  0.0234
  0.0234  0.0233  0.0231  0.0233  0.0233  0.0231  0.0233  0.0236  0.0232  0.0232  0.0230  0.0231
  0.0230  0.0229  0.0229  0.0230  0.0230  0.0229  0.0230  0.0230  0.0230  0.0229  0.0229  0.0229
  0.0228  0.0228  0.0228  0.0228  0.0228  0.0229  0.0229  0.0229  0.0229  0.0229  0.0229  0.0229
  0.0230  0.0230  0.0229  0.0230  0.0230  0.0229  0.0230  0.0231  0.0230  0.0230  0.0229  0.0229
  0.0234  0.0233  0.0231  0.0233  0.0234  0.0232  0.0233  0.0237  0.0232  0.0233  0.0231  0.0230
  0.0241  0.0238  0.0234  0.0239  0.0241  0.0242  0.0239  0.0248  0.0237  0.0239  0.0233  0.0233
niter,ni,del,rscale     4    3    5.0000    0.7000
parameters
   -0.0904   -5.6714   11.1672   -3.2707  -10.0769   -9.8211
   -4.8255  -11.6796    7.2973   10.0305   10.2318  -11.0537
eta,q 0.97714  9.02046
  0.0238  0.0237  0.0233  0.0236  0.0236  0.0234  0.0237  0.0243  0.0235  0.0236  0.0231  0.0232
  0.0233  0.0232  0.0231  0.0232  0.0233  0.0231  0.0232  0.0235  0.0232  0.0232  0.0230  0.0230
  0.0230  0.0230  0.0229  0.0230  0.0230  0.0229  0.0230  0.0230  0.0229  0.0229  0.0229  0.0229
  0.0229  0.0229  0.0229  0.0229  0.0229  0.0229  0.0229  0.0229  0.0229  0.0229  0.0229  0.0229
  0.0230  0.0229  0.0229  0.0229  0.0229  0.0229  0.0229  0.0230  0.0229  0.0229  0.0229  0.0229
  0.0233  0.0232  0.0231  0.0232  0.0232  0.0230  0.0232  0.0234  0.0231  0.0232  0.0230  0.0230
  0.0238  0.0236  0.0233  0.0235  0.0237  0.0235  0.0236  0.0242  0.0235  0.0236  0.0231  0.0232
niter,ni,del,rscale     3    3    5.0000    0.6000
parameters
   -0.0885   -5.6760   11.1477   -3.2178  -10.0043   -9.6696
   -4.8390  -11.6524    7.2812   10.0908   10.3210  -11.0955
eta,q 0.97715  9.03185
  0.0236  0.0234  0.0232  0.0234  0.0235  0.0233  0.0234  0.0239  0.0233  0.0234  0.0231  0.0231
  0.0232  0.0231  0.0230  0.0231  0.0232  0.0230  0.0231  0.0233  0.0231  0.0231  0.0230  0.0230
  0.0229  0.0229  0.0229  0.0229  0.0230  0.0229  0.0229  0.0230  0.0229  0.0229  0.0229  0.0229
  0.0229  0.0229  0.0229  0.0229  0.0229  0.0229  0.0229  0.0229  0.0228  0.0228  0.0229  0.0229
  0.0229  0.0229  0.0229  0.0229  0.0229  0.0228  0.0229  0.0230  0.0229  0.0229  0.0229  0.0229
  0.0232  0.0231  0.0230  0.0231  0.0231  0.0230  0.0231  0.0233  0.0231  0.0231  0.0229  0.0230
  0.0236  0.0234  0.0232  0.0234  0.0234  0.0233  0.0235  0.0239  0.0233  0.0234  0.0231  0.0231
niter,ni,del,rscale     2    3    5.0000    0.5000
parameters
   -0.0933   -5.6889   11.1279   -3.2032   -9.9183   -9.5267
   -4.8257  -11.6365    7.2673   10.1414   10.4118  -11.1569
eta,q 0.97716  9.04197
  0.0233  0.0232  0.0231  0.0232  0.0233  0.0231  0.0233  0.0236  0.0232  0.0232  0.0230  0.0230
  0.0231  0.0230  0.0229  0.0230  0.0231  0.0230  0.0230  0.0232  0.0230  0.0230  0.0229  0.0229
  0.0229  0.0229  0.0229  0.0229  0.0229  0.0229  0.0229  0.0229  0.0229  0.0229  0.0229  0.0229
  0.0228  0.0228  0.0229  0.0229  0.0228  0.0229  0.0228  0.0229  0.0228  0.0228  0.0228  0.0228
  0.0229  0.0229  0.0229  0.0229  0.0229  0.0228  0.0229  0.0229  0.0229  0.0229  0.0229  0.0229
  0.0231  0.0230  0.0230  0.0230  0.0230  0.0229  0.0230  0.0232  0.0230  0.0230  0.0229  0.0229
  0.0233  0.0232  0.0231  0.0232  0.0233  0.0231  0.0233  0.0236  0.0232  0.0232  0.0230  0.0230
niter,ni,del,rscale     1    3    5.0000    0.4000
parameters
   -0.0990   -5.7033   11.1190   -3.1905   -9.8538   -9.3299
   -4.8029  -11.6272    7.2316   10.1966   10.5601  -11.2325
eta,q 0.97716  9.05375
  0.0232  0.0231  0.0230  0.0231  0.0231  0.0230  0.0231  0.0233  0.0230  0.0231  0.0230  0.0230
  0.0230  0.0230  0.0229  0.0230  0.0230  0.0229  0.0230  0.0230  0.0229  0.0230  0.0229  0.0229
  0.0229  0.0229  0.0229  0.0229  0.0229  0.0229  0.0229  0.0229  0.0229  0.0229  0.0229  0.0228
  0.0228  0.0228  0.0228  0.0228  0.0228  0.0228  0.0228  0.0228  0.0228  0.0228  0.0228  0.0228
  0.0229  0.0229  0.0229  0.0229  0.0229  0.0228  0.0229  0.0229  0.0229  0.0229  0.0228  0.0229
  0.0230  0.0230  0.0229  0.0230  0.0229  0.0229  0.0230  0.0230  0.0229  0.0229  0.0229  0.0229
  0.0232  0.0231  0.0230  0.0231  0.0231  0.0230  0.0231  0.0233  0.0231  0.0231  0.0229  0.0230
registration optimization eta report
parameter search radius
    0.8000    0.8000    0.8000    2.4000    2.4000    2.4000
    2.4000    2.4000    2.4000    2.4000    2.4000    2.4000
100000*second partial in parameter space
       50.       39.       22.        5.        5.        3.
        5.        8.        4.        4.        2.        2.
  0.0232  0.0231  0.0230  0.0231  0.0231  0.0230  0.0231  0.0233  0.0230  0.0231  0.0230  0.0230
  0.0230  0.0230  0.0229  0.0230  0.0230  0.0229  0.0230  0.0230  0.0229  0.0230  0.0229  0.0229
  0.0229  0.0229  0.0229  0.0229  0.0229  0.0229  0.0229  0.0229  0.0229  0.0229  0.0229  0.0228
  0.0228  0.0228  0.0228  0.0228  0.0228  0.0228  0.0228  0.0228  0.0228  0.0228  0.0228  0.0228
  0.0229  0.0229  0.0229  0.0229  0.0229  0.0228  0.0229  0.0229  0.0229  0.0229  0.0228  0.0229
  0.0230  0.0230  0.0229  0.0230  0.0229  0.0229  0.0230  0.0230  0.0229  0.0229  0.0229  0.0229
  0.0232  0.0231  0.0230  0.0231  0.0231  0.0230  0.0231  0.0233  0.0231  0.0231  0.0229  0.0230
   -0.0990   -5.7033   11.1190   -3.1905   -9.8538   -9.3299
   -4.8029  -11.6272    7.2316   10.1966   10.5601  -11.2325
eta,q 0.97716  9.05375

---------------------------------------------------------------------
compute_vox2vox talsrcimg talsrcimg_to_711-2C_as_mni_average_305_t4 /opt/freesurfer/average/711-2C_as_mni_average_305
---------------------------------------------------------------------

freesurfer compute_vox2vox.c
Reading: talsrcimg.4dfp.ifh
Reading: talsrcimg_to_711-2C_as_mni_average_305_t4
Reading: /opt/freesurfer/average/711-2C_as_mni_average_305.4dfp.ifh
Writing: talsrcimg_to_711-2C_as_mni_average_305_t4_vox2vox.txt

start time Sun Mar 8 12:45:29 CET 2026
end		time Sun Mar 8 12:45:43 CET 2026

mpr2mni305 success

avi2talxfm orig_nu.mgz /opt/freesurfer/average/mni305.cor.mgz talsrcimg_to_711-2C_as_mni_average_305_t4_vox2vox.txt transforms/talairach.auto.xfm
avi2talxfm done
mv -f /out/sourcedata/freesurfer/sub-v1s11x0050169_ses-1/mri/talsrcimg_to_711-2C_as_mni_average_305_t4_vox2vox.txt /out/sourcedata/freesurfer/sub-v1s11x0050169_ses-1/mri/transforms/talsrcimg_to_711-2C_as_mni_average_305_t4_vox2vox.txt
lta_convert --src orig_nu.mgz --trg /opt/freesurfer/average/mni305.cor.mgz --inxfm transforms/talairach.auto.xfm --outlta transforms/talairach.auto.xfm.lta --subject fsaverage
7.3.2

--src: orig_nu.mgz src image (geometry).
--trg: /opt/freesurfer/average/mni305.cor.mgz trg image (geometry).
--inmni: transforms/talairach.auto.xfm input MNI/XFM transform.
--outlta: transforms/talairach.auto.xfm.lta output LTA.
--s: fsaverage subject name
 LTA read, type : 1
 1.01444   0.12230   0.06929  -4.27294;
-0.12646   1.07241   0.12689  -20.82571;
-0.06707  -0.13111   1.08940  -8.43604;
 0.00000   0.00000   0.00000   1.00000;
setting subject to fsaverage
Writing  LTA to file transforms/talairach.auto.xfm.lta...
lta_convert successful.
 
 
Started at Sun Mar 8 12:45:29 CET 2026
Ended   at Sun Mar  8 12:45:43 CET 2026
talairach_avi done
