/out/sourcedata/freesurfer/sub-v1s11x0050156_ses-1/mri
/opt/freesurfer/bin/talairach_avi
--i orig_nu.mgz --xfm transforms/talairach.auto.xfm
talairach_avi 7.3.2
Linux dna069 5.14.0-427.37.1.el9_4.x86_64 #1 SMP PREEMPT_DYNAMIC Fri Sep 13 12:41:50 EDT 2024 x86_64 x86_64 x86_64 GNU/Linux
Thu Mar 12 10:40:58 CET 2026
mri_convert orig_nu.mgz talsrcimg.img 
reading from orig_nu.mgz...
TR=0.00, TE=0.00, TI=0.00, flip angle=0.00
i_ras = (-1, -2.64845e-09, 0)
j_ras = (7.45058e-09, 0, -1)
k_ras = (2.64845e-09, 1, -2.32831e-10)
writing to talsrcimg.img...
Analyze Output Matrix
-1.00000   0.00000   0.00000   131.75740;
-0.00000   0.00000   1.00000  -110.05443;
 0.00000  -1.00000  -0.00000   142.75288;
 0.00000   0.00000   0.00000   1.00000;
--------------------
INFO: set hdr.hist.orient to -1
mpr2mni305 talsrcimg
Thu Mar 12 10:40:58 CET 2026
/opt/freesurfer/bin/mpr2mni305 talsrcimg
mpr2mni305 7.3.2
target=711-2C_as_mni_average_305

---------------------------------------------------------------------
analyzeto4dfp talsrcimg -O0 -y
---------------------------------------------------------------------

freesurfer ifh2hdr.c
Thu Mar 12 10:40:58 2026
Writing: talsrcimg.4dfp.hdr
freesurfer analyzeto4dfp.c
Reading: talsrcimg.hdr
header size 348 bytes
hdr.dime.datatype	offset=70	value=2
hdr.dime.bitpix		offset=72	value=8
hdr.hist.orient		offset=252	value=-1
dimensionality     4
dimensions       256       256       256         1
Reading: talsrcimg.img
Writing: talsrcimg.4dfp.img
Writing: talsrcimg.4dfp.ifh
ifh2hdr talsrcimg -r0to231
ori=2

---------------------------------------------------------------------
gauss_4dfp talsrcimg 1.1
---------------------------------------------------------------------

freesurfer gauss_4dfp.c
Reading: talsrcimg.4dfp.img
Writing: talsrcimg_g11.4dfp.img
image dimensions 256 256 256 padded to 288 288 288
processing volume 1freesurfer ifh2hdr.c
Thu Mar 12 10:41:00 2026
Writing: talsrcimg_g11.4dfp.hdr

Writing: talsrcimg_g11.4dfp.ifh
including: talsrcimg.4dfp.img.rec in talsrcimg_g11.4dfp.img.rec

---------------------------------------------------------------------
imgreg_4dfp /opt/freesurfer/average/711-2C_as_mni_average_305 none talsrcimg_g11 none talsrcimg_to_711-2C_as_mni_average_305_t4 4355
---------------------------------------------------------------------

freesurfer imgreg_4dfp.c
/opt/freesurfer/average/711-2C_as_mni_average_305.4dfp.img
       256       256       256         1
  1.000000  1.000000  1.000000
orientation T byte_order littleendian
Reading image: /opt/freesurfer/average/711-2C_as_mni_average_305.4dfp.img
dimensions:      256       256       256
mmppix:       1.0000   -1.0000   -1.0000
center:     128.0000 -129.0000 -129.0000
talsrcimg_g11.4dfp.img
       256       256       256         1
  1.000000  1.000000  1.000000
orientation T byte_order littleendian
Reading image: talsrcimg_g11.4dfp.img
dimensions:      256       256       256
mmppix:       1.0000   -1.0000   -1.0000
center:     128.0000 -129.0000 -129.0000
t4_read: open error in t4_sub.f l:  41 t4_file(1:l)talsrcimg_to_711-2C_as_mni_average_305_t4 
t4_read: transform initialized to I4
rotation matrix determinant  1.000000
image alignment mode   4355 decimal     1103 hex
   -7.5000  -45.0000  -45.0000 8718.0088   11.7165
    0.0000  -45.0000  -45.0000 9060.0029   11.7069
    7.5000  -45.0000  -45.0000 8579.1543   11.6953
   -7.5000  -37.5000  -45.0000 9205.0488   11.6913
    0.0000  -37.5000  -45.0000 9564.5674   11.6805
    7.5000  -37.5000  -45.0000 9052.9824   11.6713
   -7.5000  -30.0000  -45.0000 9981.2617   11.6928
    0.0000  -30.0000  -45.000010357.9033   11.6820
    7.5000  -30.0000  -45.0000 9822.4639   11.6738
   -7.5000  -22.5000  -45.000010681.9873   11.7058
    0.0000  -22.5000  -45.000011107.0771   11.6959
    7.5000  -22.5000  -45.000010539.6035   11.6858
   -7.5000  -15.0000  -45.000011329.8223   11.7165
    0.0000  -15.0000  -45.000011787.9668   11.7073
    7.5000  -15.0000  -45.000011174.2979   11.6950
   -7.5000   -7.5000  -45.000011937.2744   11.7141
    0.0000   -7.5000  -45.000012448.5342   11.7051
    7.5000   -7.5000  -45.000011790.5244   11.6924
   -7.5000    0.0000  -45.000012561.8877   11.7014
    0.0000    0.0000  -45.000013090.8525   11.6918
    7.5000    0.0000  -45.000012404.9072   11.6802
   -7.5000    7.5000  -45.000012163.3994   11.6908
    0.0000    7.5000  -45.000012638.6953   11.6800
    7.5000    7.5000  -45.000011966.6523   11.6708
   -7.5000   15.0000  -45.000011356.5625   11.6928
    0.0000   15.0000  -45.000011804.0449   11.6820
    7.5000   15.0000  -45.000011162.4463   11.6738
   -7.5000   22.5000  -45.000010360.9961   11.7042
    0.0000   22.5000  -45.000010809.6953   11.6943
    7.5000   22.5000  -45.000010213.0312   11.6841
   -7.5000   30.0000  -45.0000 9409.4092   11.5604
    0.0000   30.0000  -45.0000 9832.6523   11.5513
    7.5000   30.0000  -45.0000 9283.0029   11.5391
   -7.5000   37.5000  -45.0000 8865.0508   11.5580
    0.0000   37.5000  -45.0000 9253.3525   11.5491
    7.5000   37.5000  -45.0000 8721.1650   11.5365
   -7.5000   45.0000  -45.0000 8029.3418   11.2524
    0.0000   45.0000  -45.0000 8374.3066   11.2431
    7.5000   45.0000  -45.0000 7891.3994   11.2320
   -7.5000  -45.0000  -37.5000 9340.2920   11.6149
    0.0000  -45.0000  -37.5000 9698.2236   11.6096
    7.5000  -45.0000  -37.5000 9182.2197   11.5968
   -7.5000  -37.5000  -37.5000 9853.2070   11.5890
    0.0000  -37.5000  -37.500010238.7627   11.5820
    7.5000  -37.5000  -37.5000 9680.6982   11.5709
   -7.5000  -30.0000  -37.500010686.5049   11.5909
    0.0000  -30.0000  -37.500011095.5664   11.5833
    7.5000  -30.0000  -37.500010489.2783   11.5728
   -7.5000  -22.5000  -37.500011430.1621   11.6052
    0.0000  -22.5000  -37.500011876.1084   11.5986
    7.5000  -22.5000  -37.500011236.3350   11.5865
   -7.5000  -15.0000  -37.500012125.4570   11.6165
    0.0000  -15.0000  -37.500012590.9824   11.6113
    7.5000  -15.0000  -37.500011908.1592   11.5976
   -7.5000   -7.5000  -37.500012753.6768   11.6135
    0.0000   -7.5000  -37.500013270.3320   11.6090
    7.5000   -7.5000  -37.500012552.3213   11.5952
   -7.5000    0.0000  -37.500013390.8809   11.5998
    0.0000    0.0000  -37.500013936.5186   11.5946
    7.5000    0.0000  -37.500013175.8721   11.5817
   -7.5000    7.5000  -37.500012918.3457   11.5885
    0.0000    7.5000  -37.500013416.1670   11.5815
    7.5000    7.5000  -37.500012673.6670   11.5704
   -7.5000   15.0000  -37.500012036.2578   11.5909
    0.0000   15.0000  -37.500012501.8662   11.5833
    7.5000   15.0000  -37.500011797.6348   11.5728
   -7.5000   22.5000  -37.500010955.1113   11.6036
    0.0000   22.5000  -37.500011408.0420   11.5970
    7.5000   22.5000  -37.500010778.6895   11.5849
   -7.5000   30.0000  -37.5000 9937.1133   11.4617
    0.0000   30.0000  -37.500010363.8809   11.4566
    7.5000   30.0000  -37.5000 9788.9629   11.4431
   -7.5000   37.5000  -37.5000 9343.2041   11.4587
    0.0000   37.5000  -37.5000 9737.8721   11.4543
    7.5000   37.5000  -37.5000 9193.5684   11.4407
   -7.5000   45.0000  -37.5000 8435.8926   11.1547
    0.0000   45.0000  -37.5000 8793.5986   11.1496
    7.5000   45.0000  -37.5000 8295.6924   11.1373
   -7.5000  -45.0000  -30.000010132.0459   12.0599
    0.0000  -45.0000  -30.000010516.1006   12.0593
    7.5000  -45.0000  -30.0000 9975.4316   12.0482
   -7.5000  -37.5000  -30.000010668.9092   12.0372
    0.0000  -37.5000  -30.000011087.4092   12.0345
    7.5000  -37.5000  -30.000010492.3584   12.0238
   -7.5000  -30.0000  -30.000011548.2529   12.0383
    0.0000  -30.0000  -30.000011990.3857   12.0347
    7.5000  -30.0000  -30.000011348.7119   12.0242
   -7.5000  -22.5000  -30.000012365.4961   12.0479
    0.0000  -22.5000  -30.000012836.0654   12.0453
    7.5000  -22.5000  -30.000012147.4883   12.0340
   -7.5000  -15.0000  -30.000013115.1133   12.0555
    0.0000  -15.0000  -30.000013621.9209   12.0546
    7.5000  -15.0000  -30.000012896.9482   12.0429
   -7.5000   -7.5000  -30.000013778.6260   12.0534
    0.0000   -7.5000  -30.000014318.1113   12.0536
    7.5000   -7.5000  -30.000013554.0156   12.0422
   -7.5000    0.0000  -30.000014421.6934   12.0442
    0.0000    0.0000  -30.000014962.5508   12.0436
    7.5000    0.0000  -30.000014159.7373   12.0324
   -7.5000    7.5000  -30.000013855.3135   12.0366
    0.0000    7.5000  -30.000014363.5586   12.0340
    7.5000    7.5000  -30.000013602.9023   12.0233
   -7.5000   15.0000  -30.000012877.5488   12.0383
    0.0000   15.0000  -30.000013376.8086   12.0347
    7.5000   15.0000  -30.000012665.8223   12.0242
   -7.5000   22.5000  -30.000011728.9629   12.0450
    0.0000   22.5000  -30.000012202.2100   12.0424
    7.5000   22.5000  -30.000011559.3623   12.0311
   -7.5000   30.0000  -30.000010639.5693   11.8959
    0.0000   30.0000  -30.000011077.5654   11.8950
    7.5000   30.0000  -30.000010470.9561   11.8835
   -7.5000   37.5000  -30.0000 9986.7773   11.8939
    0.0000   37.5000  -30.000010404.7539   11.8941
    7.5000   37.5000  -30.0000 9853.8203   11.8828
   -7.5000   45.0000  -30.0000 9000.4805   11.5905
    0.0000   45.0000  -30.0000 9379.8018   11.5899
    7.5000   45.0000  -30.0000 8870.2061   11.5792
   -7.5000  -45.0000  -22.500010929.9131   12.4772
    0.0000  -45.0000  -22.500011324.8867   12.4766
    7.5000  -45.0000  -22.500010748.1230   12.4688
   -7.5000  -37.5000  -22.500011499.2578   12.4590
    0.0000  -37.5000  -22.500011915.4844   12.4570
    7.5000  -37.5000  -22.500011306.9619   12.4489
   -7.5000  -30.0000  -22.500012430.4551   12.4596
    0.0000  -30.0000  -22.500012879.5840   12.4571
    7.5000  -30.0000  -22.500012217.7773   12.4486
   -7.5000  -22.5000  -22.500013299.7188   12.4629
    0.0000  -22.5000  -22.500013781.3965   12.4611
    7.5000  -22.5000  -22.500013051.4160   12.4523
   -7.5000  -15.0000  -22.500014102.2227   12.4652
    0.0000  -15.0000  -22.500014636.0850   12.4647
    7.5000  -15.0000  -22.500013853.3584   12.4564
   -7.5000   -7.5000  -22.500014797.0088   12.4644
    0.0000   -7.5000  -22.500015362.5352   12.4645
    7.5000   -7.5000  -22.500014528.2363   12.4568
   -7.5000    0.0000  -22.500015441.9434   12.4609
    0.0000    0.0000  -22.500016003.6465   12.4602
    7.5000    0.0000  -22.500015136.1689   12.4525
   -7.5000    7.5000  -22.500014793.8535   12.4585
    0.0000    7.5000  -22.500015319.8701   12.4565
    7.5000    7.5000  -22.500014508.8789   12.4484
   -7.5000   15.0000  -22.500013727.3740   12.4596
    0.0000   15.0000  -22.500014230.0439   12.4571
    7.5000   15.0000  -22.500013490.0830   12.4486
   -7.5000   22.5000  -22.500012491.7979   12.4591
    0.0000   22.5000  -22.500012979.8281   12.4573
    7.5000   22.5000  -22.500012318.5703   12.4485
   -7.5000   30.0000  -22.500011321.5859   12.3021
    0.0000   30.0000  -22.500011758.4951   12.3017
    7.5000   30.0000  -22.500011155.4922   12.2935
   -7.5000   37.5000  -22.500010626.3320   12.3013
    0.0000   37.5000  -22.500011051.2061   12.3015
    7.5000   37.5000  -22.500010492.8105   12.2938
   -7.5000   45.0000  -22.5000 9526.5107   12.0006
    0.0000   45.0000  -22.5000 9931.7754   11.9999
    7.5000   45.0000  -22.5000 9413.5098   11.9925
   -7.5000  -45.0000  -15.000011687.7412   12.7827
    0.0000  -45.0000  -15.000012130.3262   12.7775
    7.5000  -45.0000  -15.000011519.1270   12.7714
   -7.5000  -37.5000  -15.000012312.5684   12.7652
    0.0000  -37.5000  -15.000012774.2070   12.7596
    7.5000  -37.5000  -15.000012115.7393   12.7538
   -7.5000  -30.0000  -15.000013298.8779   12.7657
    0.0000  -30.0000  -15.000013805.2754   12.7604
    7.5000  -30.0000  -15.000013093.6816   12.7546
   -7.5000  -22.5000  -15.000014214.4404   12.7673
    0.0000  -22.5000  -15.000014761.5947   12.7629
    7.5000  -22.5000  -15.000013996.7100   12.7562
   -7.5000  -15.0000  -15.000015100.0098   12.7685
    0.0000  -15.0000  -15.000015681.2119   12.7645
    7.5000  -15.0000  -15.000014793.5635   12.7579
   -7.5000   -7.5000  -15.000015810.8955   12.7682
    0.0000   -7.5000  -15.000016412.0273   12.7639
    7.5000   -7.5000  -15.000015476.2988   12.7577
   -7.5000    0.0000  -15.000016467.7871   12.7660
    0.0000    0.0000  -15.000017081.2461   12.7609
    7.5000    0.0000  -15.000016111.2402   12.7548
   -7.5000    7.5000  -15.000015756.8984   12.7646
    0.0000    7.5000  -15.000016330.0166   12.7590
    7.5000    7.5000  -15.000015405.4424   12.7533
   -7.5000   15.0000  -15.000014605.3027   12.7657
    0.0000   15.0000  -15.000015145.2354   12.7604
    7.5000   15.0000  -15.000014321.7100   12.7546
   -7.5000   22.5000  -15.000013278.4814   12.7628
    0.0000   22.5000  -15.000013795.9404   12.7583
    7.5000   22.5000  -15.000013083.8389   12.7517
   -7.5000   30.0000  -15.000011999.2246   12.6033
    0.0000   30.0000  -15.000012464.6465   12.5993
    7.5000   30.0000  -15.000011838.1396   12.5928
   -7.5000   37.5000  -15.000011258.4209   12.6030
    0.0000   37.5000  -15.000011704.2227   12.5987
    7.5000   37.5000  -15.000011118.5049   12.5926
   -7.5000   45.0000  -15.000010072.6299   12.3018
    0.0000   45.0000  -15.000010499.0244   12.2968
    7.5000   45.0000  -15.0000 9960.8027   12.2910
   -7.5000  -45.0000   -7.500012471.5410   12.9328
    0.0000  -45.0000   -7.500012939.7832   12.9226
    7.5000  -45.0000   -7.500012294.7822   12.9144
   -7.5000  -37.5000   -7.500013139.2432   12.9102
    0.0000  -37.5000   -7.500013643.3623   12.8997
    7.5000  -37.5000   -7.500012923.7773   12.8932
   -7.5000  -30.0000   -7.500014196.9883   12.9112
    0.0000  -30.0000   -7.500014756.9189   12.9014
    7.5000  -30.0000   -7.500013987.6826   12.8955
   -7.5000  -22.5000   -7.500015183.3643   12.9187
    0.0000  -22.5000   -7.500015792.0557   12.9099
    7.5000  -22.5000   -7.500014974.3330   12.9022
   -7.5000  -15.0000   -7.500016091.7715   12.9250
    0.0000  -15.0000   -7.500016746.0879   12.9164
    7.5000  -15.0000   -7.500015770.9453   12.9074
   -7.5000   -7.5000   -7.500016803.8613   12.9237
    0.0000   -7.5000   -7.500017477.5273   12.9145
    7.5000   -7.5000   -7.500016445.3320   12.9056
   -7.5000    0.0000   -7.500017507.6348   12.9160
    0.0000    0.0000   -7.500018186.2754   12.9058
    7.5000    0.0000   -7.500017124.8555   12.8977
   -7.5000    7.5000   -7.500016744.0137   12.9097
    0.0000    7.5000   -7.500017382.1660   12.8992
    7.5000    7.5000   -7.500016375.4043   12.8928
   -7.5000   15.0000   -7.500015520.6172   12.9112
    0.0000   15.0000   -7.500016116.7266   12.9014
    7.5000   15.0000   -7.500015188.9326   12.8955
   -7.5000   22.5000   -7.500014126.2021   12.9127
    0.0000   22.5000   -7.500014685.6914   12.9039
    7.5000   22.5000   -7.500013882.9971   12.8963
   -7.5000   30.0000   -7.500012774.2480   12.7574
    0.0000   30.0000   -7.500013288.2119   12.7489
    7.5000   30.0000   -7.500012567.6201   12.7400
   -7.5000   37.5000   -7.500011942.6191   12.7561
    0.0000   37.5000   -7.500012437.8604   12.7470
    7.5000   37.5000   -7.500011773.4619   12.7382
   -7.5000   45.0000   -7.500010668.5742   12.4487
    0.0000   45.0000   -7.500011111.3672   12.4389
    7.5000   45.0000   -7.500010517.5215   12.4310
   -7.5000  -45.0000    0.000013209.8750   12.9554
    0.0000  -45.0000    0.000013714.1250   12.9446
    7.5000  -45.0000    0.000013006.5488   12.9322
   -7.5000  -37.5000    0.000013879.0410   12.9271
    0.0000  -37.5000    0.000014418.1367   12.9153
    7.5000  -37.5000    0.000013642.1582   12.9053
   -7.5000  -30.0000    0.000014975.7754   12.9288
    0.0000  -30.0000    0.000015564.5693   12.9171
    7.5000  -30.0000    0.000014742.6582   12.9082
   -7.5000  -22.5000    0.000016083.0840   12.9437
    0.0000  -22.5000    0.000016759.8066   12.9330
    7.5000  -22.5000    0.000015805.1338   12.9219
   -7.5000  -15.0000    0.000017039.5684   12.9559
    0.0000  -15.0000    0.000017813.1699   12.9459
    7.5000  -15.0000    0.000016667.8145   12.9324
   -7.5000   -7.5000    0.000017742.5762   12.9531
    0.0000   -7.5000    0.000018514.4414   12.9432
    7.5000   -7.5000    0.000017377.8301   12.9294
   -7.5000    0.0000    0.000018449.1152   12.9387
    0.0000    0.0000    0.000019173.3359   12.9279
    7.5000    0.0000    0.000018053.4824   12.9155
   -7.5000    7.5000    0.000017639.9473   12.9266
    0.0000    7.5000    0.000018329.3711   12.9147
    7.5000    7.5000    0.000017230.9727   12.9048
   -7.5000   15.0000    0.000016341.8467   12.9288
    0.0000   15.0000    0.000016996.4277   12.9171
    7.5000   15.0000    0.000015962.7363   12.9082
   -7.5000   22.5000    0.000014900.4736   12.9377
    0.0000   22.5000    0.000015496.4424   12.9270
    7.5000   22.5000    0.000014577.1670   12.9159
   -7.5000   30.0000    0.000013497.3301   12.7882
    0.0000   30.0000    0.000014029.4072   12.7784
    7.5000   30.0000    0.000013221.1191   12.7651
   -7.5000   37.5000    0.000012596.0039   12.7854
    0.0000   37.5000    0.000013110.3281   12.7757
    7.5000   37.5000    0.000012352.1787   12.7621
   -7.5000   45.0000    0.000011218.0674   12.4715
    0.0000   45.0000    0.000011665.7568   12.4611
    7.5000   45.0000    0.000011001.2158   12.4491
   -7.5000  -45.0000    7.500012907.2061   12.9516
    0.0000  -45.0000    7.500013421.8848   12.9456
    7.5000  -45.0000    7.500012710.0400   12.9314
   -7.5000  -37.5000    7.500013502.3838   12.9227
    0.0000  -37.5000    7.500014020.3369   12.9148
    7.5000  -37.5000    7.500013283.8740   12.9024
   -7.5000  -30.0000    7.500014537.3721   12.9245
    0.0000  -30.0000    7.500015121.6836   12.9161
    7.5000  -30.0000    7.500014345.0312   12.9045
   -7.5000  -22.5000    7.500015713.9238   12.9404
    0.0000  -22.5000    7.500016448.8496   12.9331
    7.5000  -22.5000    7.500015400.8047   12.9198
   -7.5000  -15.0000    7.500016795.7910   12.9532
    0.0000  -15.0000    7.500017615.8887   12.9474
    7.5000  -15.0000    7.500016321.5996   12.9324
   -7.5000   -7.5000    7.500017512.9805   12.9500
    0.0000   -7.5000    7.500018264.9043   12.9449
    7.5000   -7.5000    7.500017066.3926   12.9297
   -7.5000    0.0000    7.500018161.1367   12.9348
    0.0000    0.0000    7.500018820.3691   12.9288
    7.5000    0.0000    7.500017691.9766   12.9146
   -7.5000    7.5000    7.500017261.0117   12.9221
    0.0000    7.5000    7.500017905.6543   12.9143
    7.5000    7.5000    7.500016783.4141   12.9019
   -7.5000   15.0000    7.500015932.1270   12.9245
    0.0000   15.0000    7.500016563.4961   12.9161
    7.5000   15.0000    7.500015505.9980   12.9045
   -7.5000   22.5000    7.500014522.6279   12.9344
    0.0000   22.5000    7.500015106.2090   12.9272
    7.5000   22.5000    7.500014157.8389   12.9139
   -7.5000   30.0000    7.500013150.1367   12.7855
    0.0000   30.0000    7.500013677.2637   12.7798
    7.5000   30.0000    7.500012851.7559   12.7650
   -7.5000   37.5000    7.500012234.5029   12.7824
    0.0000   37.5000    7.500012735.8008   12.7774
    7.5000   37.5000    7.500011970.6533   12.7624
   -7.5000   45.0000    7.500010873.4297   12.4678
    0.0000   45.0000    7.500011303.7139   12.4620
    7.5000   45.0000    7.500010641.7451   12.4483
   -7.5000  -45.0000   15.000012465.5039   12.9493
    0.0000  -45.0000   15.000012978.0908   12.9486
    7.5000  -45.0000   15.000012255.8047   12.9367
   -7.5000  -37.5000   15.000013019.9951   12.9249
    0.0000  -37.5000   15.000013545.7090   12.9220
    7.5000  -37.5000   15.000012797.0332   12.9105
   -7.5000  -30.0000   15.000014044.4268   12.9262
    0.0000  -30.0000   15.000014635.7168   12.9223
    7.5000  -30.0000   15.000013825.5342   12.9109
   -7.5000  -22.5000   15.000015168.9941   12.9364
    0.0000  -22.5000   15.000015865.7217   12.9336
    7.5000  -22.5000   15.000014832.5254   12.9214
   -7.5000  -15.0000   15.000016260.0225   12.9445
    0.0000  -15.0000   15.000016969.4531   12.9435
    7.5000  -15.0000   15.000015685.7383   12.9310
   -7.5000   -7.5000   15.000017112.6230   12.9423
    0.0000   -7.5000   15.000017806.0469   12.9424
    7.5000   -7.5000   15.000016476.0957   12.9302
   -7.5000    0.0000   15.000017722.1504   12.9324
    0.0000    0.0000   15.000018368.9141   12.9317
    7.5000    0.0000   15.000017103.3711   12.9198
   -7.5000    7.5000   15.000016688.5488   12.9243
    0.0000    7.5000   15.000017291.0020   12.9214
    7.5000    7.5000   15.000016139.6318   12.9100
   -7.5000   15.0000   15.000015269.3643   12.9262
    0.0000   15.0000   15.000015861.5605   12.9223
    7.5000   15.0000   15.000014861.5518   12.9109
   -7.5000   22.5000   15.000013889.8740   12.9305
    0.0000   22.5000   15.000014463.9219   12.9276
    7.5000   22.5000   15.000013583.5244   12.9155
   -7.5000   30.0000   15.000012604.8740   12.7770
    0.0000   30.0000   15.000013123.0000   12.7760
    7.5000   30.0000   15.000012358.5645   12.7637
   -7.5000   37.5000   15.000011737.9414   12.7748
    0.0000   37.5000   15.000012209.8838   12.7749
    7.5000   37.5000   15.000011524.1816   12.7629
   -7.5000   45.0000   15.000010421.4141   12.4655
    0.0000   45.0000   15.000010823.4131   12.4648
    7.5000   45.0000   15.000010231.3057   12.4533
   -7.5000  -45.0000   22.500011852.4678   12.9656
    0.0000  -45.0000   22.500012330.7031   12.9650
    7.5000  -45.0000   22.500011638.7295   12.9570
   -7.5000  -37.5000   22.500012414.6836   12.9466
    0.0000  -37.5000   22.500012920.8291   12.9446
    7.5000  -37.5000   22.500012190.8965   12.9362
   -7.5000  -30.0000   22.500013432.0938   12.9473
    0.0000  -30.0000   22.500013982.6250   12.9447
    7.5000  -30.0000   22.500013206.6113   12.9359
   -7.5000  -22.5000   22.500014399.2715   12.9508
    0.0000  -22.5000   22.500014989.3789   12.9490
    7.5000  -22.5000   22.500014114.0322   12.9398
   -7.5000  -15.0000   22.500015286.4199   12.9532
    0.0000  -15.0000   22.500015885.4150   12.9528
    7.5000  -15.0000   22.500014926.0439   12.9441
   -7.5000   -7.5000   22.500016081.3125   12.9523
    0.0000   -7.5000   22.500016731.0820   12.9525
    7.5000   -7.5000   22.500015704.3057   12.9445
   -7.5000    0.0000   22.500016683.4102   12.9486
    0.0000    0.0000   22.500017354.6680   12.9480
    7.5000    0.0000   22.500016299.3525   12.9400
   -7.5000    7.5000   22.500015756.1455   12.9461
    0.0000    7.5000   22.500016374.7666   12.9441
    7.5000    7.5000   22.500015367.4863   12.9357
   -7.5000   15.0000   22.500014456.4570   12.9473
    0.0000   15.0000   22.500015023.5469   12.9447
    7.5000   15.0000   22.500014155.2998   12.9359
   -7.5000   22.5000   22.500013180.3066   12.9448
    0.0000   22.5000   22.500013719.9863   12.9430
    7.5000   22.5000   22.500012940.7246   12.9338
   -7.5000   30.0000   22.500011979.4141   12.7855
    0.0000   30.0000   22.500012473.8926   12.7852
    7.5000   30.0000   22.500011756.7646   12.7766
   -7.5000   37.5000   22.500011139.5283   12.7847
    0.0000   37.5000   22.500011595.0615   12.7849
    7.5000   37.5000   22.500010952.0186   12.7769
   -7.5000   45.0000   22.5000 9870.4727   12.4811
    0.0000   45.0000   22.500010249.9326   12.4805
    7.5000   45.0000   22.5000 9693.5039   12.4728
   -7.5000  -45.0000   30.000011081.5283   13.0236
    0.0000  -45.0000   30.000011556.2822   13.0184
    7.5000  -45.0000   30.000010944.1729   13.0121
   -7.5000  -37.5000   30.000011622.8652   13.0056
    0.0000  -37.5000   30.000012126.8721   13.0000
    7.5000  -37.5000   30.000011485.0498   12.9940
   -7.5000  -30.0000   30.000012563.4658   13.0062
    0.0000  -30.0000   30.000013097.8848   13.0009
    7.5000  -30.0000   30.000012426.8555   12.9948
   -7.5000  -22.5000   30.000013423.3975   13.0080
    0.0000  -22.5000   30.000013937.7148   13.0035
    7.5000  -22.5000   30.000013268.6846   12.9966
   -7.5000  -15.0000   30.000014185.7051   13.0094
    0.0000  -15.0000   30.000014715.0332   13.0053
    7.5000  -15.0000   30.000014037.5547   12.9984
   -7.5000   -7.5000   30.000014907.1377   13.0089
    0.0000   -7.5000   30.000015504.1543   13.0046
    7.5000   -7.5000   30.000014765.3076   12.9982
   -7.5000    0.0000   30.000015488.1328   13.0065
    0.0000    0.0000   30.000016101.6553   13.0014
    7.5000    0.0000   30.000015301.6631   12.9951
   -7.5000    7.5000   30.000014674.0859   13.0050
    0.0000    7.5000   30.000015234.5059   12.9994
    7.5000    7.5000   30.000014445.0713   12.9935
   -7.5000   15.0000   30.000013533.4365   13.0062
    0.0000   15.0000   30.000014043.0576   13.0009
    7.5000   15.0000   30.000013313.1816   12.9948
   -7.5000   22.5000   30.000012352.7998   13.0020
    0.0000   22.5000   30.000012844.9697   12.9975
    7.5000   22.5000   30.000012173.0078   12.9906
   -7.5000   30.0000   30.000011224.9053   12.8410
    0.0000   30.0000   30.000011667.2236   12.8370
    7.5000   30.0000   30.000011047.4189   12.8302
   -7.5000   37.5000   30.000010433.5537   12.8406
    0.0000   37.5000   30.000010840.6592   12.8363
    7.5000   37.5000   30.000010281.1963   12.8300
   -7.5000   45.0000   30.0000 9259.0576   12.5369
    0.0000   45.0000   30.0000 9611.5684   12.5319
    7.5000   45.0000   30.0000 9107.6650   12.5258
   -7.5000  -45.0000   37.500010673.6025   13.1570
    0.0000  -45.0000   37.500011139.4287   13.1467
    7.5000  -45.0000   37.500010614.7773   13.1384
   -7.5000  -37.5000   37.500011205.6133   13.1335
    0.0000  -37.5000   37.500011685.7656   13.1229
    7.5000  -37.5000   37.500011153.6074   13.1164
   -7.5000  -30.0000   37.500012118.4238   13.1344
    0.0000  -30.0000   37.500012608.2402   13.1245
    7.5000  -30.0000   37.500012051.1602   13.1187
   -7.5000  -22.5000   37.500012928.6895   13.1424
    0.0000  -22.5000   37.500013426.4395   13.1335
    7.5000  -22.5000   37.500012853.0957   13.1257
   -7.5000  -15.0000   37.500013667.1924   13.1492
    0.0000  -15.0000   37.500014193.2822   13.1404
    7.5000  -15.0000   37.500013600.6475   13.1311
   -7.5000   -7.5000   37.500014381.2354   13.1478
    0.0000   -7.5000   37.500014940.3945   13.1385
    7.5000   -7.5000   37.500014295.3096   13.1293
   -7.5000    0.0000   37.500014941.7490   13.1397
    0.0000    0.0000   37.500015500.0078   13.1294
    7.5000    0.0000   37.500014802.9453   13.1211
   -7.5000    7.5000   37.500014154.3682   13.1329
    0.0000    7.5000   37.500014681.8760   13.1224
    7.5000    7.5000   37.500013981.4307   13.1159
   -7.5000   15.0000   37.500013076.2285   13.1344
    0.0000   15.0000   37.500013573.8975   13.1245
    7.5000   15.0000   37.500012903.3311   13.1187
   -7.5000   22.5000   37.500011959.0859   13.1364
    0.0000   22.5000   37.500012429.4883   13.1274
    7.5000   22.5000   37.500011807.5498   13.1197
   -7.5000   30.0000   37.500010844.4395   12.9790
    0.0000   30.0000   37.500011261.5029   12.9703
    7.5000   30.0000   37.500010702.6621   12.9612
   -7.5000   37.5000   37.500010081.9717   12.9777
    0.0000   37.5000   37.500010462.9971   12.9685
    7.5000   37.5000   37.5000 9958.5195   12.9594
   -7.5000   45.0000   37.5000 8942.8418   12.6652
    0.0000   45.0000   37.5000 9285.9736   12.6553
    7.5000   45.0000   37.5000 8835.0596   12.6474
   -7.5000  -45.0000   45.0000 9808.7031   13.2680
    0.0000  -45.0000   45.000010227.5225   13.2572
    7.5000  -45.0000   45.0000 9764.1143   13.2439
   -7.5000  -37.5000   45.000010289.0068   13.2380
    0.0000  -37.5000   45.000010726.1475   13.2261
    7.5000  -37.5000   45.000010257.3398   13.2155
   -7.5000  -30.0000   45.000011120.0850   13.2399
    0.0000  -30.0000   45.000011578.6133   13.2282
    7.5000  -30.0000   45.000011075.0586   13.2189
   -7.5000  -22.5000   45.000011841.5977   13.2559
    0.0000  -22.5000   45.000012312.2588   13.2455
    7.5000  -22.5000   45.000011796.0791   13.2338
   -7.5000  -15.0000   45.000012525.1963   13.2690
    0.0000  -15.0000   45.000013025.1309   13.2594
    7.5000  -15.0000   45.000012473.0361   13.2451
   -7.5000   -7.5000   45.000013199.2734   13.2659
    0.0000   -7.5000   45.000013733.7920   13.2562
    7.5000   -7.5000   45.000013126.3145   13.2415
   -7.5000    0.0000   45.000013697.9980   13.2504
    0.0000    0.0000   45.000014236.5928   13.2397
    7.5000    0.0000   45.000013593.8760   13.2263
   -7.5000    7.5000   45.000012990.2764   13.2374
    0.0000    7.5000   45.000013485.4932   13.2256
    7.5000    7.5000   45.000012846.0840   13.2150
   -7.5000   15.0000   45.000011993.7168   13.2399
    0.0000   15.0000   45.000012484.4521   13.2282
    7.5000   15.0000   45.000011869.0645   13.2189
   -7.5000   22.5000   45.000011004.2012   13.2498
    0.0000   22.5000   45.000011455.7646   13.2393
    7.5000   22.5000   45.000010882.9561   13.2277
   -7.5000   30.0000   45.0000 9972.7666   13.0962
    0.0000   30.0000   45.000010392.4756   13.0866
    7.5000   30.0000   45.0000 9878.0967   13.0726
   -7.5000   37.5000   45.0000 9277.6045   13.0931
    0.0000   37.5000   45.0000 9671.3701   13.0835
    7.5000   37.5000   45.0000 9199.0557   13.0690
   -7.5000   45.0000   45.0000 8247.5469   12.7778
    0.0000   45.0000   45.0000 8578.7168   12.7674
    7.5000   45.0000   45.0000 8159.6035   12.7545

---------------------------------------------------------------------
imgreg_4dfp /opt/freesurfer/average/711-2C_as_mni_average_305 /opt/freesurfer/average/711-2B_as_mni_average_305_mask talsrcimg_g11 none talsrcimg_to_711-2C_as_mni_average_305_t4 4355
---------------------------------------------------------------------

freesurfer imgreg_4dfp.c
/opt/freesurfer/average/711-2C_as_mni_average_305.4dfp.img
       256       256       256         1
  1.000000  1.000000  1.000000
orientation T byte_order littleendian
Reading image: /opt/freesurfer/average/711-2C_as_mni_average_305.4dfp.img
dimensions:      256       256       256
mmppix:       1.0000   -1.0000   -1.0000
center:     128.0000 -129.0000 -129.0000
/opt/freesurfer/average/711-2B_as_mni_average_305_mask.4dfp.img
       256       256       256         1
  1.000000  1.000000  1.000000
orientation T byte_order littleendian
Reading mask: /opt/freesurfer/average/711-2B_as_mni_average_305_mask.4dfp.img (2306576 pixels)
talsrcimg_g11.4dfp.img
       256       256       256         1
  1.000000  1.000000  1.000000
orientation T byte_order littleendian
Reading image: talsrcimg_g11.4dfp.img
dimensions:      256       256       256
mmppix:       1.0000   -1.0000   -1.0000
center:     128.0000 -129.0000 -129.0000
rotation matrix determinant  1.000000
image alignment mode   4355 decimal     1103 hex
   -7.5000  -45.0000  -45.0000 2222.2468   13.8282
    0.0000  -45.0000  -45.0000 2230.3438   13.7702
    7.5000  -45.0000  -45.0000 2215.9321   13.7636
   -7.5000  -37.5000  -45.0000 2279.3135   13.0457
    0.0000  -37.5000  -45.0000 2289.4832   12.9735
    7.5000  -37.5000  -45.0000 2275.6204   13.0029
   -7.5000  -30.0000  -45.0000 2318.8145   12.5538
    0.0000  -30.0000  -45.0000 2326.3459   12.4692
    7.5000  -30.0000  -45.0000 2312.0825   12.5104
   -7.5000  -22.5000  -45.0000 2335.6550   12.2527
    0.0000  -22.5000  -45.0000 2342.4900   12.1975
    7.5000  -22.5000  -45.0000 2334.0547   12.2514
   -7.5000  -15.0000  -45.0000 2331.3093   12.1663
    0.0000  -15.0000  -45.0000 2338.0193   12.1290
    7.5000  -15.0000  -45.0000 2329.6587   12.1954
   -7.5000   -7.5000  -45.0000 2318.9319   12.2638
    0.0000   -7.5000  -45.0000 2330.9480   12.2315
    7.5000   -7.5000  -45.0000 2316.9368   12.3222
   -7.5000    0.0000  -45.0000 2300.3594   12.5310
    0.0000    0.0000  -45.0000 2314.3496   12.4914
    7.5000    0.0000  -45.0000 2299.7698   12.5960
   -7.5000    7.5000  -45.0000 2269.9763   13.0959
    0.0000    7.5000  -45.0000 2279.1677   13.0449
    7.5000    7.5000  -45.0000 2265.2742   13.1682
   -7.5000   15.0000  -45.0000 2215.9927   13.9268
    0.0000   15.0000  -45.0000 2226.3916   13.8901
    7.5000   15.0000  -45.0000 2213.5469   14.0274
   -7.5000   22.5000  -45.0000 2147.8591   15.0670
    0.0000   22.5000  -45.0000 2160.0491   15.0387
    7.5000   22.5000  -45.0000 2145.8457   15.1779
   -7.5000   30.0000  -45.0000 2060.1394   16.5189
    0.0000   30.0000  -45.0000 2073.8303   16.4986
    7.5000   30.0000  -45.0000 2054.5454   16.6727
   -7.5000   37.5000  -45.0000 1958.8887   18.3623
    0.0000   37.5000  -45.0000 1968.8407   18.3158
    7.5000   37.5000  -45.0000 1951.3754   18.5530
   -7.5000   45.0000  -45.0000 1852.9468   20.9488
    0.0000   45.0000  -45.0000 1855.1061   20.8109
    7.5000   45.0000  -45.0000 1840.4288   21.0983
   -7.5000  -45.0000  -37.5000 2316.4993   12.7191
    0.0000  -45.0000  -37.5000 2325.0669   12.6580
    7.5000  -45.0000  -37.5000 2309.7363   12.6514
   -7.5000  -37.5000  -37.5000 2377.1614   11.9777
    0.0000  -37.5000  -37.5000 2387.7871   11.9103
    7.5000  -37.5000  -37.5000 2371.0706   11.9338
   -7.5000  -30.0000  -37.5000 2418.7864   11.5013
    0.0000  -30.0000  -37.5000 2428.4080   11.4128
    7.5000  -30.0000  -37.5000 2411.8142   11.4632
   -7.5000  -22.5000  -37.5000 2442.1375   11.2434
    0.0000  -22.5000  -37.5000 2449.3105   11.1840
    7.5000  -22.5000  -37.5000 2433.3879   11.2478
   -7.5000  -15.0000  -37.5000 2437.7600   11.1734
    0.0000  -15.0000  -37.5000 2447.1987   11.1316
    7.5000  -15.0000  -37.5000 2432.2427   11.1965
   -7.5000   -7.5000  -37.5000 2423.6052   11.2622
    0.0000   -7.5000  -37.5000 2437.4841   11.2075
    7.5000   -7.5000  -37.5000 2424.5964   11.2823
   -7.5000    0.0000  -37.5000 2404.6892   11.5069
    0.0000    0.0000  -37.5000 2420.1238   11.4434
    7.5000    0.0000  -37.5000 2406.1392   11.5517
   -7.5000    7.5000  -37.5000 2373.9822   12.0206
    0.0000    7.5000  -37.5000 2385.0671   11.9750
    7.5000    7.5000  -37.5000 2371.8503   12.0973
   -7.5000   15.0000  -37.5000 2319.2515   12.8029
    0.0000   15.0000  -37.5000 2329.5586   12.7546
    7.5000   15.0000  -37.5000 2314.0288   12.8733
   -7.5000   22.5000  -37.5000 2244.2883   13.8563
    0.0000   22.5000  -37.5000 2254.3657   13.7942
    7.5000   22.5000  -37.5000 2238.5579   13.9328
   -7.5000   30.0000  -37.5000 2151.8267   15.1947
    0.0000   30.0000  -37.5000 2159.8125   15.1772
    7.5000   30.0000  -37.5000 2142.2529   15.2958
   -7.5000   37.5000  -37.5000 2044.3595   16.9147
    0.0000   37.5000  -37.5000 2050.1763   16.8986
    7.5000   37.5000  -37.5000 2032.2755   17.0433
   -7.5000   45.0000  -37.5000 1930.3070   19.2368
    0.0000   45.0000  -37.5000 1930.7231   19.1415
    7.5000   45.0000  -37.5000 1913.8845   19.3336
   -7.5000  -45.0000  -30.0000 2447.6436   12.1512
    0.0000  -45.0000  -30.0000 2458.4814   12.0610
    7.5000  -45.0000  -30.0000 2441.5027   12.0825
   -7.5000  -37.5000  -30.0000 2511.4956   11.4053
    0.0000  -37.5000  -30.0000 2523.9167   11.3330
    7.5000  -37.5000  -30.0000 2503.5771   11.3674
   -7.5000  -30.0000  -30.0000 2556.2566   10.9143
    0.0000  -30.0000  -30.0000 2566.9976   10.8420
    7.5000  -30.0000  -30.0000 2551.6646   10.8879
   -7.5000  -22.5000  -30.0000 2588.6768   10.6623
    0.0000  -22.5000  -30.0000 2597.0928   10.5871
    7.5000  -22.5000  -30.0000 2581.1394   10.6614
   -7.5000  -15.0000  -30.0000 2593.3987   10.6146
    0.0000  -15.0000  -30.0000 2604.2585   10.5345
    7.5000  -15.0000  -30.0000 2588.8765   10.6139
   -7.5000   -7.5000  -30.0000 2581.1079   10.6918
    0.0000   -7.5000  -30.0000 2592.4263   10.6225
    7.5000   -7.5000  -30.0000 2580.7444   10.7033
   -7.5000    0.0000  -30.0000 2560.1550   10.9683
    0.0000    0.0000  -30.0000 2570.9988   10.8823
    7.5000    0.0000  -30.0000 2555.3989   10.9896
   -7.5000    7.5000  -30.0000 2523.0583   11.4765
    0.0000    7.5000  -30.0000 2531.8813   11.3988
    7.5000    7.5000  -30.0000 2519.0432   11.5194
   -7.5000   15.0000  -30.0000 2463.0969   12.2317
    0.0000   15.0000  -30.0000 2473.0803   12.1553
    7.5000   15.0000  -30.0000 2457.9504   12.2781
   -7.5000   22.5000  -30.0000 2380.6826   13.2411
    0.0000   22.5000  -30.0000 2391.4971   13.1908
    7.5000   22.5000  -30.0000 2371.6199   13.3193
   -7.5000   30.0000  -30.0000 2280.3130   14.5394
    0.0000   30.0000  -30.0000 2291.2983   14.5190
    7.5000   30.0000  -30.0000 2267.5090   14.6333
   -7.5000   37.5000  -30.0000 2163.0881   16.1843
    0.0000   37.5000  -30.0000 2174.3174   16.1732
    7.5000   37.5000  -30.0000 2152.0728   16.2901
   -7.5000   45.0000  -30.0000 2037.6771   18.3360
    0.0000   45.0000  -30.0000 2042.5065   18.3043
    7.5000   45.0000  -30.0000 2022.6193   18.4551
   -7.5000  -45.0000  -22.5000 2548.0576   11.5233
    0.0000  -45.0000  -22.5000 2560.5042   11.4041
    7.5000  -45.0000  -22.5000 2540.5112   11.4648
   -7.5000  -37.5000  -22.5000 2618.6882   10.8041
    0.0000  -37.5000  -22.5000 2629.8303   10.7147
    7.5000  -37.5000  -22.5000 2612.5945   10.7819
   -7.5000  -30.0000  -22.5000 2668.5964   10.3163
    0.0000  -30.0000  -22.5000 2678.9480   10.2557
    7.5000  -30.0000  -22.5000 2666.5732   10.3260
   -7.5000  -22.5000  -22.5000 2707.4673   10.0306
    0.0000  -22.5000  -22.5000 2717.8464    9.9578
    7.5000  -22.5000  -22.5000 2701.6885   10.0367
   -7.5000  -15.0000  -22.5000 2722.3516    9.9576
    0.0000  -15.0000  -22.5000 2736.1277    9.8897
    7.5000  -15.0000  -22.5000 2718.2080    9.9731
   -7.5000   -7.5000  -22.5000 2717.3843   10.0449
    0.0000   -7.5000  -22.5000 2729.8958    9.9732
    7.5000   -7.5000  -22.5000 2713.3857   10.0705
   -7.5000    0.0000  -22.5000 2693.2136   10.3507
    0.0000    0.0000  -22.5000 2706.0012   10.2605
    7.5000    0.0000  -22.5000 2685.1489   10.3792
   -7.5000    7.5000  -22.5000 2650.4460   10.8768
    0.0000    7.5000  -22.5000 2661.1116   10.7920
    7.5000    7.5000  -22.5000 2641.4419   10.9256
   -7.5000   15.0000  -22.5000 2581.1050   11.6155
    0.0000   15.0000  -22.5000 2592.4302   11.5265
    7.5000   15.0000  -22.5000 2573.2190   11.6650
   -7.5000   22.5000  -22.5000 2490.2429   12.5831
    0.0000   22.5000  -22.5000 2503.2075   12.5179
    7.5000   22.5000  -22.5000 2481.0002   12.6405
   -7.5000   30.0000  -22.5000 2385.3630   13.8066
    0.0000   30.0000  -22.5000 2396.5903   13.7639
    7.5000   30.0000  -22.5000 2373.9512   13.9006
   -7.5000   37.5000  -22.5000 2261.7839   15.3718
    0.0000   37.5000  -22.5000 2271.4973   15.3308
    7.5000   37.5000  -22.5000 2248.0911   15.4774
   -7.5000   45.0000  -22.5000 2115.6812   17.3925
    0.0000   45.0000  -22.5000 2126.9241   17.3618
    7.5000   45.0000  -22.5000 2105.3499   17.4797
   -7.5000  -45.0000  -15.0000 2608.2642   10.9197
    0.0000  -45.0000  -15.0000 2621.7922   10.8375
    7.5000  -45.0000  -15.0000 2606.0886   10.9294
   -7.5000  -37.5000  -15.0000 2692.1589   10.2177
    0.0000  -37.5000  -15.0000 2704.9692   10.1537
    7.5000  -37.5000  -15.0000 2688.5391   10.2355
   -7.5000  -30.0000  -15.0000 2750.7317    9.7438
    0.0000  -30.0000  -15.0000 2765.5903    9.6846
    7.5000  -30.0000  -15.0000 2750.3406    9.7706
   -7.5000  -22.5000  -15.0000 2798.9780    9.4480
    0.0000  -22.5000  -15.0000 2813.6099    9.3942
    7.5000  -22.5000  -15.0000 2794.8728    9.4877
   -7.5000  -15.0000  -15.0000 2822.8594    9.3574
    0.0000  -15.0000  -15.0000 2841.8762    9.3056
    7.5000  -15.0000  -15.0000 2815.0942    9.4110
   -7.5000   -7.5000  -15.0000 2824.6016    9.4369
    0.0000   -7.5000  -15.0000 2838.6531    9.3849
    7.5000   -7.5000  -15.0000 2814.5488    9.4944
   -7.5000    0.0000  -15.0000 2799.0967    9.7475
    0.0000    0.0000  -15.0000 2815.3003    9.6727
    7.5000    0.0000  -15.0000 2789.7654    9.8101
   -7.5000    7.5000  -15.0000 2751.0217   10.2901
    0.0000    7.5000  -15.0000 2765.5076   10.2046
    7.5000    7.5000  -15.0000 2740.7295   10.3543
   -7.5000   15.0000  -15.0000 2672.6228   11.0307
    0.0000   15.0000  -15.0000 2684.6287   10.9333
    7.5000   15.0000  -15.0000 2662.9836   11.0880
   -7.5000   22.5000  -15.0000 2573.9050   11.9555
    0.0000   22.5000  -15.0000 2584.2690   11.8725
    7.5000   22.5000  -15.0000 2564.3740   12.0238
   -7.5000   30.0000  -15.0000 2453.1516   13.1404
    0.0000   30.0000  -15.0000 2462.0503   13.0703
    7.5000   30.0000  -15.0000 2444.1895   13.2174
   -7.5000   37.5000  -15.0000 2325.7981   14.6416
    0.0000   37.5000  -15.0000 2333.9937   14.5829
    7.5000   37.5000  -15.0000 2310.9563   14.7401
   -7.5000   45.0000  -15.0000 2172.2834   16.5347
    0.0000   45.0000  -15.0000 2183.3833   16.4801
    7.5000   45.0000  -15.0000 2158.8831   16.6463
   -7.5000  -45.0000   -7.5000 2642.3401   10.4366
    0.0000  -45.0000   -7.5000 2657.6282   10.3350
    7.5000  -45.0000   -7.5000 2645.4915   10.4597
   -7.5000  -37.5000   -7.5000 2740.2129    9.7098
    0.0000  -37.5000   -7.5000 2756.8845    9.6337
    7.5000  -37.5000   -7.5000 2739.9255    9.7469
   -7.5000  -30.0000   -7.5000 2813.2432    9.2131
    0.0000  -30.0000   -7.5000 2831.8738    9.1665
    7.5000  -30.0000   -7.5000 2816.3357    9.2643
   -7.5000  -22.5000   -7.5000 2868.5994    8.9376
    0.0000  -22.5000   -7.5000 2889.4548    8.8990
    7.5000  -22.5000   -7.5000 2871.0308    9.0148
   -7.5000  -15.0000   -7.5000 2899.7407    8.8741
    0.0000  -15.0000   -7.5000 2923.8071    8.8164
    7.5000  -15.0000   -7.5000 2893.2314    8.9359
   -7.5000   -7.5000   -7.5000 2903.7927    8.9071
    0.0000   -7.5000   -7.5000 2923.0266    8.8615
    7.5000   -7.5000   -7.5000 2888.4600    8.9941
   -7.5000    0.0000   -7.5000 2878.6421    9.2018
    0.0000    0.0000   -7.5000 2895.7188    9.1435
    7.5000    0.0000   -7.5000 2866.5239    9.2936
   -7.5000    7.5000   -7.5000 2822.9595    9.7463
    0.0000    7.5000   -7.5000 2838.8557    9.6798
    7.5000    7.5000   -7.5000 2814.9954    9.8305
   -7.5000   15.0000   -7.5000 2736.7390   10.4851
    0.0000   15.0000   -7.5000 2751.3289   10.4023
    7.5000   15.0000   -7.5000 2727.6704   10.5623
   -7.5000   22.5000   -7.5000 2629.2007   11.4176
    0.0000   22.5000   -7.5000 2640.6470   11.3374
    7.5000   22.5000   -7.5000 2618.7603   11.5000
   -7.5000   30.0000   -7.5000 2500.1453   12.5687
    0.0000   30.0000   -7.5000 2512.0930   12.5029
    7.5000   30.0000   -7.5000 2487.8484   12.6809
   -7.5000   37.5000   -7.5000 2366.2290   13.9914
    0.0000   37.5000   -7.5000 2377.9500   13.9434
    7.5000   37.5000   -7.5000 2353.2051   14.1209
   -7.5000   45.0000   -7.5000 2211.8372   15.7914
    0.0000   45.0000   -7.5000 2218.0371   15.7513
    7.5000   45.0000   -7.5000 2196.9553   15.9174
   -7.5000  -45.0000    0.0000 2662.4614   10.0951
    0.0000  -45.0000    0.0000 2680.1731   10.0068
    7.5000  -45.0000    0.0000 2671.0342   10.1506
   -7.5000  -37.5000    0.0000 2766.7363    9.3550
    0.0000  -37.5000    0.0000 2787.0730    9.2824
    7.5000  -37.5000    0.0000 2775.1301    9.4045
   -7.5000  -30.0000    0.0000 2852.0762    8.8451
    0.0000  -30.0000    0.0000 2874.2676    8.7846
    7.5000  -30.0000    0.0000 2861.3386    8.9124
   -7.5000  -22.5000    0.0000 2922.4897    8.5844
    0.0000  -22.5000    0.0000 2944.2009    8.5465
    7.5000  -22.5000    0.0000 2923.4629    8.6741
   -7.5000  -15.0000    0.0000 2965.5845    8.5401
    0.0000  -15.0000    0.0000 2992.3999    8.5070
    7.5000  -15.0000    0.0000 2954.7490    8.6054
   -7.5000   -7.5000    0.0000 2970.9629    8.5369
    0.0000   -7.5000    0.0000 2992.1995    8.5281
    7.5000   -7.5000    0.0000 2948.5071    8.6716
   -7.5000    0.0000    0.0000 2935.9368    8.8139
    0.0000    0.0000    0.0000 2950.4290    8.7836
    7.5000    0.0000    0.0000 2919.8181    8.9575
   -7.5000    7.5000    0.0000 2873.1304    9.3552
    0.0000    7.5000    0.0000 2891.5500    9.2966
    7.5000    7.5000    0.0000 2862.1086    9.4809
   -7.5000   15.0000    0.0000 2780.1404   10.1089
    0.0000   15.0000    0.0000 2797.9736   10.0475
    7.5000   15.0000    0.0000 2769.3914   10.2288
   -7.5000   22.5000    0.0000 2662.6396   11.0393
    0.0000   22.5000    0.0000 2677.5503   10.9744
    7.5000   22.5000    0.0000 2651.0352   11.1605
   -7.5000   30.0000    0.0000 2529.3640   12.1761
    0.0000   30.0000    0.0000 2541.1931   12.1013
    7.5000   30.0000    0.0000 2517.3159   12.2940
   -7.5000   37.5000    0.0000 2393.6208   13.5626
    0.0000   37.5000    0.0000 2405.2837   13.4987
    7.5000   37.5000    0.0000 2381.4031   13.6871
   -7.5000   45.0000    0.0000 2236.5198   15.2968
    0.0000   45.0000    0.0000 2241.1223   15.2315
    7.5000   45.0000    0.0000 2218.8958   15.4355
   -7.5000  -45.0000    7.5000 2670.4136    9.8958
    0.0000  -45.0000    7.5000 2692.1914    9.8147
    7.5000  -45.0000    7.5000 2686.2415    9.9585
   -7.5000  -37.5000    7.5000 2776.6399    9.1387
    0.0000  -37.5000    7.5000 2800.2346    9.0635
    7.5000  -37.5000    7.5000 2794.7324    9.2066
   -7.5000  -30.0000    7.5000 2869.5691    8.6232
    0.0000  -30.0000    7.5000 2898.1494    8.5602
    7.5000  -30.0000    7.5000 2885.1929    8.7146
   -7.5000  -22.5000    7.5000 2954.6218    8.3887
    0.0000  -22.5000    7.5000 2978.3728    8.3371
    7.5000  -22.5000    7.5000 2958.9583    8.4737
   -7.5000  -15.0000    7.5000 3008.9507    8.4200
    0.0000  -15.0000    7.5000 3037.7668    8.3916
    7.5000  -15.0000    7.5000 2999.5081    8.4524
   -7.5000   -7.5000    7.5000 3018.5120    8.4368
    0.0000   -7.5000    7.5000 3042.5762    8.4403
    7.5000   -7.5000    7.5000 2991.3518    8.5389
   -7.5000    0.0000    7.5000 2979.5244    8.6512
    0.0000    0.0000    7.5000 2995.4451    8.6164
    7.5000    0.0000    7.5000 2954.8589    8.7920
   -7.5000    7.5000    7.5000 2903.2083    9.1645
    0.0000    7.5000    7.5000 2922.1941    9.1078
    7.5000    7.5000    7.5000 2886.1926    9.2894
   -7.5000   15.0000    7.5000 2798.3066    9.8879
    0.0000   15.0000    7.5000 2818.2327    9.8310
    7.5000   15.0000    7.5000 2788.9297    9.9995
   -7.5000   22.5000    7.5000 2674.5183   10.8095
    0.0000   22.5000    7.5000 2690.1936   10.7446
    7.5000   22.5000    7.5000 2669.6846   10.9159
   -7.5000   30.0000    7.5000 2536.3538   11.9532
    0.0000   30.0000    7.5000 2550.6450   11.8725
    7.5000   30.0000    7.5000 2533.0549   12.0478
   -7.5000   37.5000    7.5000 2400.7107   13.3313
    0.0000   37.5000    7.5000 2414.2432   13.2463
    7.5000   37.5000    7.5000 2388.6912   13.4249
   -7.5000   45.0000    7.5000 2245.2664   15.0195
    0.0000   45.0000    7.5000 2252.5474   14.9577
    7.5000   45.0000    7.5000 2234.1392   15.1536
   -7.5000  -45.0000   15.0000 2672.1292    9.8840
    0.0000  -45.0000   15.0000 2691.7966    9.8058
    7.5000  -45.0000   15.0000 2688.9133    9.9560
   -7.5000  -37.5000   15.0000 2774.4878    9.1351
    0.0000  -37.5000   15.0000 2799.5344    9.0587
    7.5000  -37.5000   15.0000 2798.2290    9.1934
   -7.5000  -30.0000   15.0000 2872.4912    8.6204
    0.0000  -30.0000   15.0000 2896.9316    8.5569
    7.5000  -30.0000   15.0000 2887.6909    8.6929
   -7.5000  -22.5000   15.0000 2962.0730    8.3928
    0.0000  -22.5000   15.0000 2983.5073    8.3408
    7.5000  -22.5000   15.0000 2962.0349    8.4532
   -7.5000  -15.0000   15.0000 3019.7949    8.4070
    0.0000  -15.0000   15.0000 3045.9153    8.3869
    7.5000  -15.0000   15.0000 3001.1907    8.4417
   -7.5000   -7.5000   15.0000 3022.4541    8.5032
    0.0000   -7.5000   15.0000 3050.6118    8.4695
    7.5000   -7.5000   15.0000 2996.8289    8.5551
   -7.5000    0.0000   15.0000 2982.7595    8.7353
    0.0000    0.0000   15.0000 3003.6694    8.6993
    7.5000    0.0000   15.0000 2960.6165    8.8024
   -7.5000    7.5000   15.0000 2903.8899    9.1539
    0.0000    7.5000   15.0000 2920.6128    9.1130
    7.5000    7.5000   15.0000 2884.8467    9.2521
   -7.5000   15.0000   15.0000 2795.5281    9.7996
    0.0000   15.0000   15.0000 2812.4756    9.7619
    7.5000   15.0000   15.0000 2786.2612    9.9181
   -7.5000   22.5000   15.0000 2665.6633   10.7091
    0.0000   22.5000   15.0000 2681.8105   10.6603
    7.5000   22.5000   15.0000 2665.7520   10.8284
   -7.5000   30.0000   15.0000 2529.6555   11.8536
    0.0000   30.0000   15.0000 2542.9343   11.7983
    7.5000   30.0000   15.0000 2528.1973   11.9635
   -7.5000   37.5000   15.0000 2390.8677   13.2475
    0.0000   37.5000   15.0000 2401.0220   13.1905
    7.5000   37.5000   15.0000 2383.2788   13.3799
   -7.5000   45.0000   15.0000 2229.1206   14.9485
    0.0000   45.0000   15.0000 2236.7065   14.9195
    7.5000   45.0000   15.0000 2224.6785   15.1112
   -7.5000  -45.0000   22.5000 2661.4050   10.0736
    0.0000  -45.0000   22.5000 2682.7241    9.9907
    7.5000  -45.0000   22.5000 2676.5190   10.1162
   -7.5000  -37.5000   22.5000 2764.7517    9.3446
    0.0000  -37.5000   22.5000 2789.5005    9.2625
    7.5000  -37.5000   22.5000 2784.0173    9.3876
   -7.5000  -30.0000   22.5000 2862.1562    8.8333
    0.0000  -30.0000   22.5000 2882.0300    8.7776
    7.5000  -30.0000   22.5000 2873.6201    8.8938
   -7.5000  -22.5000   22.5000 2938.6938    8.5791
    0.0000  -22.5000   22.5000 2956.1545    8.5233
    7.5000  -22.5000   22.5000 2940.4341    8.6261
   -7.5000  -15.0000   22.5000 2981.0198    8.5259
    0.0000  -15.0000   22.5000 2999.7705    8.4688
    7.5000  -15.0000   22.5000 2968.2009    8.5914
   -7.5000   -7.5000   22.5000 2984.4114    8.6309
    0.0000   -7.5000   22.5000 3004.4487    8.5782
    7.5000   -7.5000   22.5000 2965.8354    8.7255
   -7.5000    0.0000   22.5000 2944.2083    8.8943
    0.0000    0.0000   22.5000 2962.9819    8.8503
    7.5000    0.0000   22.5000 2929.8059    8.9822
   -7.5000    7.5000   22.5000 2867.4265    9.3546
    0.0000    7.5000   22.5000 2882.8120    9.3104
    7.5000    7.5000   22.5000 2853.5769    9.4475
   -7.5000   15.0000   22.5000 2759.7649   10.0048
    0.0000   15.0000   22.5000 2775.5222    9.9597
    7.5000   15.0000   22.5000 2756.1045   10.1064
   -7.5000   22.5000   22.5000 2639.1890   10.8548
    0.0000   22.5000   22.5000 2652.0588   10.8033
    7.5000   22.5000   22.5000 2638.5618   10.9603
   -7.5000   30.0000   22.5000 2510.6555   11.9363
    0.0000   30.0000   22.5000 2520.5171   11.8808
    7.5000   30.0000   22.5000 2503.1611   12.0436
   -7.5000   37.5000   22.5000 2366.0344   13.3067
    0.0000   37.5000   22.5000 2376.0039   13.2674
    7.5000   37.5000   22.5000 2359.6367   13.4372
   -7.5000   45.0000   22.5000 2205.1978   15.0035
    0.0000   45.0000   22.5000 2210.1636   14.9573
    7.5000   45.0000   22.5000 2197.0078   15.1579
   -7.5000  -45.0000   30.0000 2639.2507   10.4210
    0.0000  -45.0000   30.0000 2661.3828   10.3304
    7.5000  -45.0000   30.0000 2649.5908   10.4721
   -7.5000  -37.5000   30.0000 2743.3970    9.7106
    0.0000  -37.5000   30.0000 2767.4270    9.6136
    7.5000  -37.5000   30.0000 2755.2390    9.7499
   -7.5000  -30.0000   30.0000 2833.2683    9.1898
    0.0000  -30.0000   30.0000 2852.0964    9.1217
    7.5000  -30.0000   30.0000 2840.1052    9.2467
   -7.5000  -22.5000   30.0000 2895.0986    8.8850
    0.0000  -22.5000   30.0000 2908.8198    8.8041
    7.5000  -22.5000   30.0000 2898.3667    8.9408
   -7.5000  -15.0000   30.0000 2920.6750    8.8024
    0.0000  -15.0000   30.0000 2936.9668    8.7124
    7.5000  -15.0000   30.0000 2920.0408    8.8855
   -7.5000   -7.5000   30.0000 2918.8604    8.8736
    0.0000   -7.5000   30.0000 2933.5645    8.8243
    7.5000   -7.5000   30.0000 2914.3755    8.9853
   -7.5000    0.0000   30.0000 2881.3281    9.1599
    0.0000    0.0000   30.0000 2892.7771    9.1064
    7.5000    0.0000   30.0000 2868.9666    9.2671
   -7.5000    7.5000   30.0000 2806.6411    9.6544
    0.0000    7.5000   30.0000 2822.1050    9.5826
    7.5000    7.5000   30.0000 2800.3291    9.7512
   -7.5000   15.0000   30.0000 2708.8313   10.3127
    0.0000   15.0000   30.0000 2722.2917   10.2401
    7.5000   15.0000   30.0000 2704.8123   10.4193
   -7.5000   22.5000   30.0000 2594.8750   11.1606
    0.0000   22.5000   30.0000 2607.6309   11.0920
    7.5000   22.5000   30.0000 2592.4712   11.2432
   -7.5000   30.0000   30.0000 2469.0308   12.2124
    0.0000   30.0000   30.0000 2481.2532   12.1402
    7.5000   30.0000   30.0000 2464.2615   12.2737
   -7.5000   37.5000   30.0000 2326.4844   13.5464
    0.0000   37.5000   30.0000 2334.2156   13.4832
    7.5000   37.5000   30.0000 2320.1777   13.6453
   -7.5000   45.0000   30.0000 2170.6445   15.2706
    0.0000   45.0000   30.0000 2174.5454   15.1965
    7.5000   45.0000   30.0000 2161.2771   15.3726
   -7.5000  -45.0000   37.5000 2602.1548   10.9009
    0.0000  -45.0000   37.5000 2625.5452   10.7908
    7.5000  -45.0000   37.5000 2612.3477   10.9817
   -7.5000  -37.5000   37.5000 2704.8730   10.1656
    0.0000  -37.5000   37.5000 2727.2700   10.0606
    7.5000  -37.5000   37.5000 2716.8440   10.2512
   -7.5000  -30.0000   37.5000 2788.0505    9.6366
    0.0000  -30.0000   37.5000 2801.2852    9.5376
    7.5000  -30.0000   37.5000 2792.8977    9.6980
   -7.5000  -22.5000   37.5000 2839.8684    9.3211
    0.0000  -22.5000   37.5000 2851.8052    9.2077
    7.5000  -22.5000   37.5000 2842.2366    9.3766
   -7.5000  -15.0000   37.5000 2854.9661    9.2268
    0.0000  -15.0000   37.5000 2870.5186    9.1343
    7.5000  -15.0000   37.5000 2857.0813    9.2949
   -7.5000   -7.5000   37.5000 2843.0745    9.2988
    0.0000   -7.5000   37.5000 2854.9998    9.2247
    7.5000   -7.5000   37.5000 2842.2297    9.3852
   -7.5000    0.0000   37.5000 2801.2375    9.5789
    0.0000    0.0000   37.5000 2806.6682    9.5162
    7.5000    0.0000   37.5000 2791.8972    9.6733
   -7.5000    7.5000   37.5000 2731.5916   10.0689
    0.0000    7.5000   37.5000 2741.8228    9.9930
    7.5000    7.5000   37.5000 2728.9351   10.1531
   -7.5000   15.0000   37.5000 2642.8542   10.7142
    0.0000   15.0000   37.5000 2654.1060   10.6364
    7.5000   15.0000   37.5000 2639.1377   10.8159
   -7.5000   22.5000   37.5000 2539.1062   11.5547
    0.0000   22.5000   37.5000 2549.7400   11.4651
    7.5000   22.5000   37.5000 2535.8752   11.6304
   -7.5000   30.0000   37.5000 2416.8447   12.6254
    0.0000   30.0000   37.5000 2422.6108   12.5463
    7.5000   30.0000   37.5000 2411.0415   12.6841
   -7.5000   37.5000   37.5000 2277.0110   13.9723
    0.0000   37.5000   37.5000 2283.1545   13.8888
    7.5000   37.5000   37.5000 2271.5601   14.0361
   -7.5000   45.0000   37.5000 2127.1162   15.6711
    0.0000   45.0000   37.5000 2134.0430   15.6019
    7.5000   45.0000   37.5000 2119.4639   15.7889
   -7.5000  -45.0000   45.0000 2556.4514   11.5257
    0.0000  -45.0000   45.0000 2576.6343   11.3997
    7.5000  -45.0000   45.0000 2562.9597   11.5852
   -7.5000  -37.5000   45.0000 2650.4292   10.7537
    0.0000  -37.5000   45.0000 2669.5156   10.6443
    7.5000  -37.5000   45.0000 2660.0864   10.8247
   -7.5000  -30.0000   45.0000 2722.1555   10.2018
    0.0000  -30.0000   45.0000 2738.4863   10.0973
    7.5000  -30.0000   45.0000 2728.5378   10.2778
   -7.5000  -22.5000   45.0000 2763.6423    9.8881
    0.0000  -22.5000   45.0000 2780.1069    9.7618
    7.5000  -22.5000   45.0000 2765.8923    9.9483
   -7.5000  -15.0000   45.0000 2774.5793    9.7744
    0.0000  -15.0000   45.0000 2791.3928    9.6765
    7.5000  -15.0000   45.0000 2773.6023    9.8399
   -7.5000   -7.5000   45.0000 2759.1519    9.8624
    0.0000   -7.5000   45.0000 2772.5872    9.7895
    7.5000   -7.5000   45.0000 2754.8779    9.9341
   -7.5000    0.0000   45.0000 2711.3567   10.1463
    0.0000    0.0000   45.0000 2721.1301   10.0865
    7.5000    0.0000   45.0000 2706.7158   10.2275
   -7.5000    7.5000   45.0000 2652.1064   10.6130
    0.0000    7.5000   45.0000 2656.9153   10.5451
    7.5000    7.5000   45.0000 2644.8645   10.7002
   -7.5000   15.0000   45.0000 2565.8760   11.2429
    0.0000   15.0000   45.0000 2580.2825   11.1817
    7.5000   15.0000   45.0000 2559.9526   11.3233
   -7.5000   22.5000   45.0000 2469.3630   12.0743
    0.0000   22.5000   45.0000 2478.8752   12.0129
    7.5000   22.5000   45.0000 2460.3906   12.1464
   -7.5000   30.0000   45.0000 2351.4495   13.1556
    0.0000   30.0000   45.0000 2359.8259   13.0913
    7.5000   30.0000   45.0000 2345.3271   13.2246
   -7.5000   37.5000   45.0000 2216.0725   14.5425
    0.0000   37.5000   45.0000 2225.1653   14.4657
    7.5000   37.5000   45.0000 2211.4795   14.6170
   -7.5000   45.0000   45.0000 2075.3035   16.3241
    0.0000   45.0000   45.0000 2078.3772   16.2519
    7.5000   45.0000   45.0000 2067.3088   16.4112

---------------------------------------------------------------------
imgreg_4dfp /opt/freesurfer/average/711-2C_as_mni_average_305 /opt/freesurfer/average/711-2B_as_mni_average_305_mask talsrcimg_g11 none talsrcimg_to_711-2C_as_mni_average_305_t4 1283
---------------------------------------------------------------------

freesurfer imgreg_4dfp.c
/opt/freesurfer/average/711-2C_as_mni_average_305.4dfp.img
       256       256       256         1
  1.000000  1.000000  1.000000
orientation T byte_order littleendian
Reading image: /opt/freesurfer/average/711-2C_as_mni_average_305.4dfp.img
dimensions:      256       256       256
mmppix:       1.0000   -1.0000   -1.0000
center:     128.0000 -129.0000 -129.0000
/opt/freesurfer/average/711-2B_as_mni_average_305_mask.4dfp.img
       256       256       256         1
  1.000000  1.000000  1.000000
orientation T byte_order littleendian
Reading mask: /opt/freesurfer/average/711-2B_as_mni_average_305_mask.4dfp.img (2306576 pixels)
talsrcimg_g11.4dfp.img
       256       256       256         1
  1.000000  1.000000  1.000000
orientation T byte_order littleendian
Reading image: talsrcimg_g11.4dfp.img
dimensions:      256       256       256
mmppix:       1.0000   -1.0000   -1.0000
center:     128.0000 -129.0000 -129.0000
rotation matrix determinant  1.000000
fimgreg.f
image alignment mode   1283 decimal      503 hex
parameters
    0.0000   -7.5000   15.0000    0.0000    0.0000    0.0000
eta,q 0.95819  8.47695
niter,ni,del,rscale     5    3   12.0000    1.2000
parameter  3  0.551363 ->  0.500000 qaram    1.1500
parameter  5  0.671186 ->  0.500000 qaram    1.1500
parameter  6  0.963028 ->  0.500000 qaram    1.1500
parameters
   -1.4712  -10.1048   11.5500    1.1031   -3.4500   -3.4500
eta,q 0.96550  8.31887
  0.0487  0.0442  0.0413  0.0449  0.0374  0.0338
  0.0446  0.0419  0.0389  0.0419  0.0362  0.0343
  0.0433  0.0414  0.0394  0.0400  0.0367  0.0350
  0.0442  0.0432  0.0414  0.0387  0.0385  0.0362
  0.0464  0.0459  0.0445  0.0388  0.0413  0.0389
  0.0509  0.0490  0.0480  0.0400  0.0445  0.0421
  0.0573  0.0533  0.0523  0.0416  0.0481  0.0450
niter,ni,del,rscale     7    3   12.0000    1.2000
parameter  6  0.595743 ->  0.500000 qaram    1.3225
parameters
   -0.5308  -10.7335   12.6428    2.3725   -3.3853   -7.4175
eta,q 0.96734  8.32214
  0.0511  0.0402  0.0467  0.0410  0.0425  0.0331
  0.0437  0.0359  0.0416  0.0374  0.0378  0.0327
  0.0379  0.0336  0.0365  0.0346  0.0350  0.0329
  0.0345  0.0341  0.0337  0.0336  0.0339  0.0339
  0.0345  0.0359  0.0344  0.0342  0.0351  0.0351
  0.0377  0.0387  0.0371  0.0352  0.0380  0.0372
  0.0438  0.0422  0.0409  0.0362  0.0418  0.0404
niter,ni,del,rscale     7    3   12.0000    1.2000
parameters
   -0.8349  -11.6219   13.3279    3.1286   -2.8788   -7.8568
eta,q 0.96799  8.29725
  0.0445  0.0377  0.0448  0.0383  0.0417  0.0365
  0.0379  0.0338  0.0390  0.0336  0.0374  0.0340
  0.0338  0.0324  0.0341  0.0326  0.0344  0.0323
  0.0327  0.0326  0.0323  0.0324  0.0323  0.0321
  0.0347  0.0342  0.0332  0.0324  0.0322  0.0333
  0.0399  0.0372  0.0359  0.0333  0.0353  0.0350
  0.0468  0.0413  0.0407  0.0350  0.0399  0.0371
niter,ni,del,rscale     6    3   12.0000    1.2000
parameters
   -1.1294  -11.8105   13.5969    3.1575   -2.6329   -8.0625
eta,q 0.96819  8.28945
  0.0438  0.0394  0.0435  0.0364  0.0410  0.0370
  0.0375  0.0346  0.0378  0.0327  0.0371  0.0341
  0.0333  0.0325  0.0334  0.0321  0.0341  0.0322
  0.0320  0.0320  0.0320  0.0320  0.0320  0.0318
  0.0342  0.0331  0.0333  0.0323  0.0323  0.0331
  0.0393  0.0358  0.0365  0.0335  0.0359  0.0349
  0.0461  0.0399  0.0419  0.0357  0.0405  0.0370
niter,ni,del,rscale     5    3   12.0000    1.2000
parameters
   -1.2582  -11.7647   13.6680    3.1061   -2.5304   -8.1408
eta,q 0.96823  8.28774
  0.0445  0.0403  0.0430  0.0363  0.0408  0.0373
  0.0379  0.0350  0.0373  0.0326  0.0370  0.0342
  0.0333  0.0326  0.0331  0.0320  0.0339  0.0322
  0.0318  0.0318  0.0318  0.0318  0.0318  0.0318
  0.0338  0.0328  0.0333  0.0322  0.0325  0.0330
  0.0388  0.0354  0.0369  0.0335  0.0363  0.0348
  0.0454  0.0395  0.0425  0.0358  0.0409  0.0369
niter,ni,del,rscale     4    3   12.0000    1.2000
parameters
   -1.2944  -11.7266   13.6811    3.0871   -2.4984   -8.1637
eta,q 0.96824  8.28759
  0.0450  0.0403  0.0428  0.0363  0.0407  0.0374
  0.0382  0.0350  0.0372  0.0326  0.0369  0.0342
  0.0335  0.0325  0.0330  0.0320  0.0338  0.0322
  0.0318  0.0318  0.0318  0.0318  0.0318  0.0318
  0.0336  0.0327  0.0334  0.0322  0.0326  0.0329
  0.0386  0.0354  0.0370  0.0335  0.0365  0.0348
  0.0451  0.0396  0.0427  0.0358  0.0411  0.0368
registration optimization eta report
parameter search radius
    6.0000    6.0000    6.9000    6.0000    6.9000    7.9350
100000*second partial in parameter space
       36.       23.       23.       12.       19.        8.
  0.0450  0.0403  0.0428  0.0363  0.0407  0.0374
  0.0382  0.0350  0.0372  0.0326  0.0369  0.0342
  0.0335  0.0325  0.0330  0.0320  0.0338  0.0322
  0.0318  0.0318  0.0318  0.0318  0.0318  0.0318
  0.0336  0.0327  0.0334  0.0322  0.0326  0.0329
  0.0386  0.0354  0.0370  0.0335  0.0365  0.0348
  0.0451  0.0396  0.0427  0.0358  0.0411  0.0368
   -1.2944  -11.7266   13.6811    3.0871   -2.4984   -8.1637
eta,q 0.96824  8.28759

---------------------------------------------------------------------
imgreg_4dfp /opt/freesurfer/average/711-2C_as_mni_average_305 /opt/freesurfer/average/711-2B_as_mni_average_305_mask talsrcimg_g11 none talsrcimg_to_711-2C_as_mni_average_305_t4 3335
---------------------------------------------------------------------

freesurfer imgreg_4dfp.c
/opt/freesurfer/average/711-2C_as_mni_average_305.4dfp.img
       256       256       256         1
  1.000000  1.000000  1.000000
orientation T byte_order littleendian
Reading image: /opt/freesurfer/average/711-2C_as_mni_average_305.4dfp.img
dimensions:      256       256       256
mmppix:       1.0000   -1.0000   -1.0000
center:     128.0000 -129.0000 -129.0000
/opt/freesurfer/average/711-2B_as_mni_average_305_mask.4dfp.img
       256       256       256         1
  1.000000  1.000000  1.000000
orientation T byte_order littleendian
Reading mask: /opt/freesurfer/average/711-2B_as_mni_average_305_mask.4dfp.img (2306576 pixels)
talsrcimg_g11.4dfp.img
       256       256       256         1
  1.000000  1.000000  1.000000
orientation T byte_order littleendian
Reading image: talsrcimg_g11.4dfp.img
dimensions:      256       256       256
mmppix:       1.0000   -1.0000   -1.0000
center:     128.0000 -129.0000 -129.0000
fimgreg.f
image alignment mode   3335 decimal      D07 hex
parameters
   -1.2944  -11.7266   13.6811   -1.1075   -1.1903   -0.2400
   14.4120    3.5439  -14.1868   -5.9489   -4.3591    5.3802
eta,q 0.96902  8.42185
niter,ni,del,rscale     5    3    5.0000    1.2000
parameter  4  0.611493 ->  0.500000 qaram    1.1500
parameter  5  1.542365 ->  0.500000 qaram    1.1500
parameter  6  0.602796 ->  0.500000 qaram    1.1500
parameters
   -1.0033  -11.0778   13.9649   -5.2475   -5.3303   -4.3800
   11.6103    3.9436  -13.3451   -6.9199   -3.4887    2.6959
eta,q 0.97431  8.07986
  0.0341  0.0338  0.0325  0.0303  0.0260  0.0263  0.0266  0.0296  0.0277  0.0281  0.0269  0.0261
  0.0325  0.0325  0.0317  0.0298  0.0267  0.0262  0.0261  0.0278  0.0268  0.0267  0.0264  0.0258
  0.0315  0.0315  0.0311  0.0299  0.0281  0.0262  0.0260  0.0265  0.0262  0.0259  0.0260  0.0257
  0.0310  0.0309  0.0308  0.0308  0.0297  0.0271  0.0262  0.0260  0.0259  0.0259  0.0258  0.0258
  0.0310  0.0308  0.0308  0.0324  0.0320  0.0289  0.0269  0.0262  0.0260  0.0266  0.0259  0.0262
  0.0317  0.0311  0.0312  0.0346  0.0347  0.0319  0.0279  0.0272  0.0264  0.0278  0.0261  0.0269
  0.0329  0.0318  0.0319  0.0368  0.0373  0.0351  0.0292  0.0290  0.0270  0.0296  0.0265  0.0278
niter,ni,del,rscale     7    3    5.0000    1.2000
parameter  5  0.511106 ->  0.500000 qaram    1.3225
parameters
   -0.8690  -11.0778   13.3496   -5.2477  -10.0913   -6.7514
   11.3794    3.8169  -14.2993   -6.1690   -3.8994    2.5261
eta,q 0.97521  7.81433
  0.0285  0.0277  0.0262  0.0278  0.0255  0.0256  0.0264  0.0277  0.0258  0.0274  0.0255  0.0257
  0.0270  0.0266  0.0258  0.0270  0.0250  0.0250  0.0256  0.0261  0.0252  0.0261  0.0251  0.0252
  0.0261  0.0259  0.0256  0.0263  0.0250  0.0248  0.0250  0.0251  0.0249  0.0252  0.0249  0.0249
  0.0257  0.0257  0.0257  0.0256  0.0256  0.0250  0.0249  0.0249  0.0249  0.0248  0.0248  0.0248
  0.0259  0.0259  0.0260  0.0256  0.0270  0.0251  0.0251  0.0252  0.0251  0.0249  0.0249  0.0249
  0.0267  0.0266  0.0265  0.0265  0.0290  0.0263  0.0257  0.0262  0.0256  0.0255  0.0252  0.0252
  0.0279  0.0277  0.0272  0.0284  0.0317  0.0292  0.0266  0.0278  0.0264  0.0265  0.0257  0.0258
niter,ni,del,rscale     7    3    5.0000    1.2000
parameters
   -0.8436  -10.6647   13.0313   -5.0983  -11.0855   -7.5540
   11.3585    3.8437  -14.3628   -5.5587   -4.0289    2.0991
eta,q 0.97532  7.75274
  0.0272  0.0272  0.0256  0.0266  0.0267  0.0261  0.0263  0.0276  0.0258  0.0270  0.0255  0.0255
  0.0259  0.0260  0.0251  0.0259  0.0257  0.0252  0.0254  0.0260  0.0252  0.0257  0.0250  0.0250
  0.0251  0.0252  0.0248  0.0253  0.0250  0.0247  0.0249  0.0250  0.0248  0.0250  0.0248  0.0248
  0.0248  0.0248  0.0248  0.0247  0.0247  0.0248  0.0247  0.0247  0.0247  0.0247  0.0247  0.0247
  0.0251  0.0248  0.0250  0.0246  0.0250  0.0250  0.0249  0.0250  0.0248  0.0248  0.0248  0.0248
  0.0259  0.0252  0.0255  0.0254  0.0262  0.0254  0.0255  0.0260  0.0252  0.0253  0.0251  0.0252
  0.0271  0.0259  0.0262  0.0270  0.0282  0.0270  0.0263  0.0275  0.0258  0.0263  0.0255  0.0257
niter,ni,del,rscale     6    3    5.0000    1.2000
parameters
   -0.7977  -10.3560   12.8265   -5.1926  -11.4392   -7.8643
   11.2790    3.9022  -14.3673   -5.0243   -4.0930    1.7643
eta,q 0.97534  7.72578
  0.0271  0.0267  0.0256  0.0264  0.0269  0.0263  0.0262  0.0275  0.0258  0.0268  0.0255  0.0255
  0.0258  0.0257  0.0251  0.0257  0.0257  0.0253  0.0253  0.0260  0.0251  0.0256  0.0250  0.0250
  0.0250  0.0250  0.0247  0.0252  0.0250  0.0247  0.0248  0.0250  0.0248  0.0249  0.0247  0.0248
  0.0247  0.0247  0.0247  0.0247  0.0247  0.0247  0.0247  0.0247  0.0247  0.0247  0.0247  0.0247
  0.0249  0.0247  0.0249  0.0246  0.0248  0.0250  0.0249  0.0250  0.0248  0.0248  0.0248  0.0248
  0.0257  0.0251  0.0253  0.0254  0.0257  0.0253  0.0254  0.0259  0.0252  0.0253  0.0251  0.0251
  0.0269  0.0259  0.0260  0.0270  0.0275  0.0266  0.0263  0.0274  0.0258  0.0262  0.0255  0.0257
niter,ni,del,rscale     5    3    5.0000    1.2000
parameters
   -0.7612  -10.1524   12.6966   -5.2520  -11.6491   -8.0614
   11.2244    3.9583  -14.3412   -4.6558   -4.1612    1.5456
eta,q 0.97535  7.70912
  0.0270  0.0265  0.0257  0.0263  0.0269  0.0263  0.0262  0.0274  0.0258  0.0266  0.0255  0.0255
  0.0257  0.0255  0.0251  0.0256  0.0257  0.0253  0.0253  0.0259  0.0251  0.0255  0.0250  0.0251
  0.0249  0.0249  0.0247  0.0252  0.0250  0.0247  0.0248  0.0250  0.0248  0.0249  0.0247  0.0248
  0.0247  0.0247  0.0246  0.0246  0.0247  0.0247  0.0247  0.0246  0.0247  0.0247  0.0247  0.0246
  0.0249  0.0248  0.0248  0.0245  0.0247  0.0250  0.0249  0.0250  0.0248  0.0248  0.0248  0.0248
  0.0256  0.0252  0.0253  0.0253  0.0256  0.0253  0.0254  0.0259  0.0251  0.0253  0.0250  0.0251
  0.0268  0.0260  0.0260  0.0268  0.0274  0.0265  0.0262  0.0273  0.0257  0.0262  0.0255  0.0256
niter,ni,del,rscale     4    3    5.0000    1.2000
parameters
   -0.7346  -10.0140   12.6028   -5.2831  -11.7881   -8.2230
   11.1778    3.9974  -14.2882   -4.4028   -4.2521    1.3859
eta,q 0.97535  7.69706
  0.0269  0.0264  0.0258  0.0263  0.0269  0.0264  0.0262  0.0274  0.0258  0.0265  0.0255  0.0255
  0.0257  0.0255  0.0251  0.0256  0.0257  0.0253  0.0253  0.0259  0.0251  0.0254  0.0250  0.0251
  0.0249  0.0249  0.0248  0.0252  0.0250  0.0247  0.0248  0.0249  0.0248  0.0248  0.0247  0.0248
  0.0247  0.0246  0.0246  0.0246  0.0246  0.0247  0.0246  0.0246  0.0246  0.0246  0.0246  0.0246
  0.0249  0.0248  0.0248  0.0245  0.0247  0.0250  0.0249  0.0250  0.0248  0.0248  0.0248  0.0248
  0.0256  0.0252  0.0253  0.0252  0.0255  0.0253  0.0254  0.0259  0.0251  0.0253  0.0250  0.0251
  0.0268  0.0260  0.0259  0.0268  0.0273  0.0265  0.0262  0.0273  0.0257  0.0262  0.0255  0.0256
niter,ni,del,rscale     3    3    5.0000    1.2000
parameters
   -0.7140   -9.9171   12.5302   -5.3115  -11.8957   -8.3396
   11.1374    4.0256  -14.2130   -4.2168   -4.3409    1.2825
eta,q 0.97535  7.68779
  0.0269  0.0263  0.0258  0.0262  0.0268  0.0264  0.0262  0.0274  0.0258  0.0264  0.0255  0.0256
  0.0257  0.0254  0.0252  0.0256  0.0257  0.0253  0.0253  0.0259  0.0251  0.0254  0.0250  0.0251
  0.0249  0.0249  0.0248  0.0251  0.0250  0.0247  0.0248  0.0249  0.0248  0.0248  0.0247  0.0248
  0.0247  0.0246  0.0246  0.0246  0.0247  0.0247  0.0246  0.0246  0.0246  0.0246  0.0247  0.0247
  0.0249  0.0248  0.0248  0.0245  0.0247  0.0250  0.0248  0.0250  0.0248  0.0248  0.0248  0.0248
  0.0256  0.0253  0.0253  0.0252  0.0255  0.0253  0.0254  0.0259  0.0251  0.0253  0.0250  0.0251
  0.0268  0.0261  0.0259  0.0267  0.0272  0.0265  0.0262  0.0273  0.0257  0.0262  0.0255  0.0256
niter,ni,del,rscale     2    3    5.0000    1.2000
parameters
   -0.6989   -9.8437   12.4752   -5.3312  -11.9726   -8.4431
   11.1008    4.0473  -14.1570   -4.0809   -4.3957    1.2113
eta,q 0.97535  7.68042
  0.0268  0.0263  0.0258  0.0262  0.0268  0.0264  0.0262  0.0273  0.0258  0.0264  0.0255  0.0256
  0.0256  0.0254  0.0252  0.0256  0.0257  0.0254  0.0253  0.0259  0.0251  0.0254  0.0250  0.0251
  0.0249  0.0248  0.0248  0.0251  0.0250  0.0247  0.0248  0.0249  0.0248  0.0248  0.0247  0.0248
  0.0247  0.0247  0.0247  0.0246  0.0246  0.0247  0.0246  0.0246  0.0246  0.0246  0.0247  0.0246
  0.0249  0.0248  0.0248  0.0245  0.0247  0.0250  0.0249  0.0250  0.0248  0.0248  0.0248  0.0248
  0.0256  0.0253  0.0253  0.0252  0.0255  0.0253  0.0254  0.0259  0.0251  0.0253  0.0250  0.0251
  0.0268  0.0261  0.0259  0.0267  0.0272  0.0265  0.0262  0.0273  0.0257  0.0262  0.0255  0.0256
niter,ni,del,rscale     1    3    5.0000    1.2000
parameters
   -0.6877   -9.7859   12.4358   -5.3472  -12.0400   -8.5221
   11.0769    4.0609  -14.1179   -3.9726   -4.4369    1.1488
eta,q 0.97535  7.67448
  0.0268  0.0263  0.0258  0.0262  0.0268  0.0264  0.0262  0.0273  0.0258  0.0264  0.0255  0.0256
  0.0256  0.0254  0.0252  0.0256  0.0257  0.0254  0.0253  0.0259  0.0251  0.0254  0.0250  0.0251
  0.0249  0.0248  0.0248  0.0251  0.0250  0.0248  0.0248  0.0249  0.0248  0.0248  0.0247  0.0248
  0.0246  0.0247  0.0246  0.0246  0.0247  0.0247  0.0246  0.0246  0.0246  0.0246  0.0246  0.0247
  0.0249  0.0248  0.0248  0.0245  0.0247  0.0250  0.0248  0.0250  0.0248  0.0248  0.0248  0.0248
  0.0256  0.0253  0.0252  0.0252  0.0255  0.0253  0.0254  0.0259  0.0251  0.0253  0.0250  0.0251
  0.0268  0.0261  0.0259  0.0267  0.0272  0.0265  0.0261  0.0273  0.0257  0.0262  0.0255  0.0256
registration optimization eta report
parameter search radius
    2.4000    2.4000    2.4000    8.2800    9.5220    8.2800
    7.2000    7.2000    7.2000    7.2000    7.2000    7.2000
100000*second partial in parameter space
       37.       26.       21.        3.        3.        3.
        3.        5.        2.        3.        2.        2.
  0.0268  0.0263  0.0258  0.0262  0.0268  0.0264  0.0262  0.0273  0.0258  0.0264  0.0255  0.0256
  0.0256  0.0254  0.0252  0.0256  0.0257  0.0254  0.0253  0.0259  0.0251  0.0254  0.0250  0.0251
  0.0249  0.0248  0.0248  0.0251  0.0250  0.0248  0.0248  0.0249  0.0248  0.0248  0.0247  0.0248
  0.0246  0.0247  0.0246  0.0246  0.0247  0.0247  0.0246  0.0246  0.0246  0.0246  0.0246  0.0247
  0.0249  0.0248  0.0248  0.0245  0.0247  0.0250  0.0248  0.0250  0.0248  0.0248  0.0248  0.0248
  0.0256  0.0253  0.0252  0.0252  0.0255  0.0253  0.0254  0.0259  0.0251  0.0253  0.0250  0.0251
  0.0268  0.0261  0.0259  0.0267  0.0272  0.0265  0.0261  0.0273  0.0257  0.0262  0.0255  0.0256
   -0.6877   -9.7859   12.4358   -5.3472  -12.0400   -8.5221
   11.0769    4.0609  -14.1179   -3.9726   -4.4369    1.1488
eta,q 0.97535  7.67448

---------------------------------------------------------------------
imgreg_4dfp /opt/freesurfer/average/711-2C_as_mni_average_305 /opt/freesurfer/average/711-2B_as_mni_average_305_mask talsrcimg_g11 none talsrcimg_to_711-2C_as_mni_average_305_t4 2311
---------------------------------------------------------------------

freesurfer imgreg_4dfp.c
/opt/freesurfer/average/711-2C_as_mni_average_305.4dfp.img
       256       256       256         1
  1.000000  1.000000  1.000000
orientation T byte_order littleendian
Reading image: /opt/freesurfer/average/711-2C_as_mni_average_305.4dfp.img
dimensions:      256       256       256
mmppix:       1.0000   -1.0000   -1.0000
center:     128.0000 -129.0000 -129.0000
/opt/freesurfer/average/711-2B_as_mni_average_305_mask.4dfp.img
       256       256       256         1
  1.000000  1.000000  1.000000
orientation T byte_order littleendian
Reading mask: /opt/freesurfer/average/711-2B_as_mni_average_305_mask.4dfp.img (2306576 pixels)
talsrcimg_g11.4dfp.img
       256       256       256         1
  1.000000  1.000000  1.000000
orientation T byte_order littleendian
Reading image: talsrcimg_g11.4dfp.img
dimensions:      256       256       256
mmppix:       1.0000   -1.0000   -1.0000
center:     128.0000 -129.0000 -129.0000
fimgreg.f
image alignment mode   2311 decimal      907 hex
parameters
   -0.6877   -9.7859   12.4358   -5.3472  -12.0400   -8.5221
   11.0769    4.0609  -14.1179   -3.9726   -4.4369    1.1488
eta,q 0.97535  7.67449
niter,ni,del,rscale     5    3    5.0000    0.8000
parameters
   -0.6796   -9.7548   12.4002   -3.6536  -11.0768   -8.2930
   11.0252    4.2133  -13.9647   -4.0296   -4.5796    1.5781
eta,q 0.97554  7.77298
  0.0256  0.0254  0.0252  0.0254  0.0252  0.0251  0.0252  0.0259  0.0250  0.0252  0.0248  0.0250
  0.0251  0.0250  0.0249  0.0252  0.0248  0.0247  0.0248  0.0251  0.0247  0.0248  0.0246  0.0247
  0.0248  0.0247  0.0247  0.0249  0.0246  0.0245  0.0246  0.0247  0.0245  0.0245  0.0245  0.0246
  0.0247  0.0246  0.0247  0.0247  0.0245  0.0245  0.0245  0.0245  0.0245  0.0245  0.0245  0.0245
  0.0248  0.0247  0.0247  0.0245  0.0245  0.0246  0.0246  0.0246  0.0245  0.0246  0.0245  0.0245
  0.0251  0.0249  0.0249  0.0246  0.0245  0.0248  0.0248  0.0250  0.0247  0.0248  0.0247  0.0246
  0.0256  0.0253  0.0252  0.0249  0.0248  0.0249  0.0253  0.0257  0.0250  0.0252  0.0249  0.0248
niter,ni,del,rscale     4    3    5.0000    0.7000
parameters
   -0.7411   -9.9063   12.2981   -3.7050  -10.7723   -8.3210
   11.0893    4.2068  -13.9573   -4.2356   -4.5915    1.7387
eta,q 0.97556  7.78003
  0.0252  0.0249  0.0248  0.0251  0.0249  0.0249  0.0251  0.0255  0.0248  0.0250  0.0247  0.0248
  0.0248  0.0246  0.0246  0.0249  0.0247  0.0246  0.0247  0.0249  0.0246  0.0247  0.0246  0.0246
  0.0245  0.0245  0.0245  0.0246  0.0245  0.0244  0.0245  0.0246  0.0245  0.0245  0.0245  0.0245
  0.0245  0.0245  0.0244  0.0244  0.0244  0.0244  0.0244  0.0244  0.0244  0.0244  0.0244  0.0244
  0.0246  0.0246  0.0245  0.0245  0.0244  0.0246  0.0245  0.0246  0.0245  0.0245  0.0245  0.0245
  0.0249  0.0248  0.0247  0.0248  0.0246  0.0247  0.0247  0.0249  0.0246  0.0247  0.0246  0.0246
  0.0254  0.0251  0.0249  0.0253  0.0248  0.0248  0.0250  0.0255  0.0248  0.0251  0.0247  0.0248
niter,ni,del,rscale     3    3    5.0000    0.6000
parameters
   -0.7631   -9.9738   12.3043   -3.5530  -10.5950   -8.4531
   11.0992    4.1765  -13.9440   -4.4387   -4.6130    1.8644
eta,q 0.97559  7.78525
  0.0250  0.0248  0.0248  0.0250  0.0248  0.0247  0.0249  0.0252  0.0247  0.0248  0.0246  0.0247
  0.0247  0.0246  0.0246  0.0248  0.0246  0.0245  0.0246  0.0248  0.0245  0.0246  0.0245  0.0246
  0.0245  0.0245  0.0245  0.0246  0.0245  0.0244  0.0245  0.0245  0.0244  0.0244  0.0244  0.0245
  0.0244  0.0244  0.0244  0.0244  0.0244  0.0244  0.0244  0.0244  0.0244  0.0244  0.0244  0.0244
  0.0245  0.0245  0.0245  0.0244  0.0244  0.0245  0.0245  0.0245  0.0245  0.0245  0.0244  0.0244
  0.0247  0.0246  0.0246  0.0246  0.0245  0.0246  0.0246  0.0248  0.0246  0.0246  0.0245  0.0245
  0.0251  0.0249  0.0247  0.0250  0.0247  0.0247  0.0249  0.0252  0.0247  0.0249  0.0246  0.0247
niter,ni,del,rscale     2    3    5.0000    0.5000
parameters
   -0.7727  -10.0246   12.2877   -3.4287  -10.4593   -8.6706
   11.0879    4.1395  -13.9524   -4.6051   -4.6656    1.9942
eta,q 0.97559  7.78503
  0.0249  0.0247  0.0246  0.0249  0.0246  0.0246  0.0247  0.0249  0.0246  0.0247  0.0245  0.0246
  0.0246  0.0245  0.0245  0.0247  0.0245  0.0245  0.0245  0.0246  0.0245  0.0245  0.0245  0.0245
  0.0245  0.0244  0.0244  0.0245  0.0245  0.0244  0.0244  0.0245  0.0244  0.0244  0.0244  0.0244
  0.0244  0.0244  0.0244  0.0244  0.0244  0.0244  0.0244  0.0244  0.0244  0.0244  0.0244  0.0244
  0.0245  0.0245  0.0244  0.0244  0.0244  0.0245  0.0244  0.0245  0.0244  0.0244  0.0244  0.0244
  0.0246  0.0246  0.0245  0.0246  0.0245  0.0246  0.0246  0.0247  0.0245  0.0246  0.0245  0.0245
  0.0249  0.0247  0.0246  0.0248  0.0246  0.0247  0.0247  0.0250  0.0246  0.0247  0.0246  0.0246
niter,ni,del,rscale     1    3    5.0000    0.4000
parameters
   -0.7820  -10.0557   12.2547   -3.3358  -10.3494   -8.8736
   11.0877    4.1090  -13.9403   -4.7093   -4.7044    2.0436
eta,q 0.97561  7.78338
  0.0247  0.0246  0.0245  0.0247  0.0245  0.0246  0.0246  0.0247  0.0245  0.0246  0.0245  0.0245
  0.0245  0.0245  0.0245  0.0246  0.0245  0.0245  0.0245  0.0245  0.0244  0.0245  0.0244  0.0244
  0.0244  0.0244  0.0244  0.0244  0.0244  0.0244  0.0244  0.0244  0.0244  0.0244  0.0244  0.0244
  0.0244  0.0244  0.0244  0.0244  0.0244  0.0244  0.0244  0.0244  0.0244  0.0244  0.0244  0.0244
  0.0244  0.0244  0.0244  0.0244  0.0244  0.0244  0.0244  0.0244  0.0244  0.0244  0.0244  0.0244
  0.0245  0.0245  0.0245  0.0245  0.0244  0.0245  0.0245  0.0246  0.0245  0.0245  0.0244  0.0244
  0.0247  0.0246  0.0246  0.0247  0.0245  0.0246  0.0246  0.0248  0.0245  0.0246  0.0245  0.0245
registration optimization eta report
parameter search radius
    0.8000    0.8000    0.8000    2.4000    2.4000    2.4000
    2.4000    2.4000    2.4000    2.4000    2.4000    2.4000
100000*second partial in parameter space
       44.       29.       23.        5.        3.        3.
        4.        6.        2.        3.        2.        2.
  0.0247  0.0246  0.0245  0.0247  0.0245  0.0246  0.0246  0.0247  0.0245  0.0246  0.0245  0.0245
  0.0245  0.0245  0.0245  0.0246  0.0245  0.0245  0.0245  0.0245  0.0244  0.0245  0.0244  0.0244
  0.0244  0.0244  0.0244  0.0244  0.0244  0.0244  0.0244  0.0244  0.0244  0.0244  0.0244  0.0244
  0.0244  0.0244  0.0244  0.0244  0.0244  0.0244  0.0244  0.0244  0.0244  0.0244  0.0244  0.0244
  0.0244  0.0244  0.0244  0.0244  0.0244  0.0244  0.0244  0.0244  0.0244  0.0244  0.0244  0.0244
  0.0245  0.0245  0.0245  0.0245  0.0244  0.0245  0.0245  0.0246  0.0245  0.0245  0.0244  0.0244
  0.0247  0.0246  0.0246  0.0247  0.0245  0.0246  0.0246  0.0248  0.0245  0.0246  0.0245  0.0245
   -0.7820  -10.0557   12.2547   -3.3358  -10.3494   -8.8736
   11.0877    4.1090  -13.9403   -4.7093   -4.7044    2.0436
eta,q 0.97561  7.78338

---------------------------------------------------------------------
imgreg_4dfp /opt/freesurfer/average/711-2C_as_mni_average_305 /opt/freesurfer/average/711-2B_as_mni_average_305_mask talsrcimg_g11 none talsrcimg_to_711-2C_as_mni_average_305_t4 2311
---------------------------------------------------------------------

freesurfer imgreg_4dfp.c
/opt/freesurfer/average/711-2C_as_mni_average_305.4dfp.img
       256       256       256         1
  1.000000  1.000000  1.000000
orientation T byte_order littleendian
Reading image: /opt/freesurfer/average/711-2C_as_mni_average_305.4dfp.img
dimensions:      256       256       256
mmppix:       1.0000   -1.0000   -1.0000
center:     128.0000 -129.0000 -129.0000
/opt/freesurfer/average/711-2B_as_mni_average_305_mask.4dfp.img
       256       256       256         1
  1.000000  1.000000  1.000000
orientation T byte_order littleendian
Reading mask: /opt/freesurfer/average/711-2B_as_mni_average_305_mask.4dfp.img (2306576 pixels)
talsrcimg_g11.4dfp.img
       256       256       256         1
  1.000000  1.000000  1.000000
orientation T byte_order littleendian
Reading image: talsrcimg_g11.4dfp.img
dimensions:      256       256       256
mmppix:       1.0000   -1.0000   -1.0000
center:     128.0000 -129.0000 -129.0000
fimgreg.f
image alignment mode   2311 decimal      907 hex
parameters
   -0.7820  -10.0557   12.2547   -3.3358  -10.3494   -8.8736
   11.0877    4.1090  -13.9403   -4.7093   -4.7044    2.0436
eta,q 0.97561  7.78338
niter,ni,del,rscale     5    3    5.0000    0.8000
parameters
   -0.7568  -10.0563   12.2152   -3.8023  -10.7889   -8.5213
   11.1067    4.1216  -13.9672   -4.5027   -4.6668    1.7935
eta,q 0.97557  7.76688
  0.0256  0.0251  0.0249  0.0252  0.0249  0.0251  0.0252  0.0258  0.0249  0.0253  0.0248  0.0248
  0.0249  0.0247  0.0246  0.0248  0.0246  0.0247  0.0248  0.0250  0.0247  0.0248  0.0246  0.0246
  0.0245  0.0245  0.0244  0.0245  0.0245  0.0245  0.0245  0.0246  0.0245  0.0245  0.0245  0.0245
  0.0244  0.0244  0.0244  0.0244  0.0244  0.0244  0.0244  0.0244  0.0244  0.0244  0.0244  0.0244
  0.0245  0.0245  0.0245  0.0245  0.0245  0.0246  0.0245  0.0246  0.0245  0.0245  0.0245  0.0245
  0.0249  0.0247  0.0247  0.0250  0.0247  0.0247  0.0248  0.0250  0.0247  0.0247  0.0246  0.0247
  0.0255  0.0251  0.0250  0.0257  0.0252  0.0249  0.0252  0.0258  0.0249  0.0251  0.0248  0.0249
niter,ni,del,rscale     4    3    5.0000    0.7000
parameters
   -0.7674  -10.0048   12.3125   -3.7121  -10.7245   -8.4337
   11.0948    4.1316  -13.9633   -4.4766   -4.6077    1.8369
eta,q 0.97557  7.77623
  0.0253  0.0250  0.0249  0.0251  0.0249  0.0249  0.0250  0.0255  0.0248  0.0250  0.0247  0.0248
  0.0248  0.0247  0.0247  0.0249  0.0246  0.0246  0.0247  0.0249  0.0246  0.0247  0.0246  0.0246
  0.0245  0.0245  0.0245  0.0246  0.0245  0.0244  0.0245  0.0245  0.0245  0.0245  0.0245  0.0245
  0.0244  0.0244  0.0244  0.0244  0.0244  0.0244  0.0244  0.0244  0.0244  0.0244  0.0244  0.0244
  0.0245  0.0245  0.0245  0.0244  0.0244  0.0245  0.0245  0.0245  0.0245  0.0245  0.0245  0.0245
  0.0248  0.0246  0.0246  0.0247  0.0246  0.0247  0.0247  0.0249  0.0246  0.0247  0.0246  0.0246
  0.0253  0.0249  0.0248  0.0252  0.0249  0.0248  0.0250  0.0255  0.0248  0.0250  0.0247  0.0248
niter,ni,del,rscale     3    3    5.0000    0.6000
parameters
   -0.7708  -10.0214   12.3239   -3.5555  -10.5542   -8.5051
   11.0938    4.1365  -13.9474   -4.5474   -4.6014    1.9055
eta,q 0.97559  7.78413
  0.0251  0.0248  0.0248  0.0250  0.0248  0.0248  0.0249  0.0252  0.0247  0.0248  0.0246  0.0247
  0.0247  0.0246  0.0246  0.0248  0.0246  0.0245  0.0246  0.0248  0.0245  0.0246  0.0245  0.0245
  0.0245  0.0245  0.0245  0.0245  0.0245  0.0244  0.0245  0.0245  0.0244  0.0245  0.0244  0.0245
  0.0244  0.0244  0.0244  0.0244  0.0244  0.0244  0.0244  0.0244  0.0244  0.0244  0.0244  0.0244
  0.0245  0.0245  0.0245  0.0244  0.0244  0.0245  0.0245  0.0245  0.0244  0.0245  0.0244  0.0244
  0.0247  0.0246  0.0246  0.0246  0.0245  0.0246  0.0246  0.0248  0.0245  0.0246  0.0245  0.0245
  0.0250  0.0248  0.0247  0.0250  0.0247  0.0247  0.0249  0.0252  0.0247  0.0249  0.0246  0.0247
niter,ni,del,rscale     2    3    5.0000    0.5000
parameters
   -0.7782  -10.0485   12.2973   -3.4266  -10.4411   -8.6878
   11.0851    4.1260  -13.9674   -4.6575   -4.6372    1.9945
eta,q 0.97560  7.78474
  0.0249  0.0247  0.0246  0.0249  0.0246  0.0247  0.0247  0.0249  0.0246  0.0247  0.0246  0.0246
  0.0246  0.0245  0.0245  0.0247  0.0245  0.0245  0.0245  0.0246  0.0245  0.0245  0.0245  0.0245
  0.0245  0.0244  0.0244  0.0245  0.0244  0.0244  0.0244  0.0245  0.0244  0.0244  0.0244  0.0244
  0.0244  0.0244  0.0244  0.0244  0.0244  0.0244  0.0244  0.0244  0.0244  0.0244  0.0244  0.0244
  0.0245  0.0244  0.0244  0.0244  0.0244  0.0245  0.0244  0.0245  0.0244  0.0244  0.0244  0.0244
  0.0246  0.0245  0.0245  0.0246  0.0245  0.0246  0.0246  0.0246  0.0245  0.0245  0.0245  0.0245
  0.0249  0.0247  0.0246  0.0248  0.0246  0.0247  0.0247  0.0249  0.0246  0.0247  0.0246  0.0246
niter,ni,del,rscale     1    3    5.0000    0.4000
parameters
   -0.7841  -10.0705   12.2531   -3.3399  -10.3242   -8.8746
   11.0924    4.0949  -13.9443   -4.7269   -4.7099    2.0605
eta,q 0.97561  7.78405
  0.0247  0.0246  0.0245  0.0247  0.0245  0.0246  0.0246  0.0247  0.0245  0.0246  0.0245  0.0245
  0.0245  0.0245  0.0245  0.0246  0.0245  0.0245  0.0245  0.0245  0.0245  0.0245  0.0244  0.0244
  0.0244  0.0244  0.0244  0.0244  0.0244  0.0244  0.0244  0.0244  0.0244  0.0244  0.0244  0.0244
  0.0244  0.0244  0.0244  0.0244  0.0244  0.0244  0.0244  0.0244  0.0244  0.0244  0.0244  0.0244
  0.0244  0.0244  0.0244  0.0244  0.0244  0.0244  0.0244  0.0244  0.0244  0.0244  0.0244  0.0244
  0.0245  0.0245  0.0245  0.0245  0.0244  0.0245  0.0245  0.0246  0.0244  0.0245  0.0244  0.0244
  0.0247  0.0246  0.0246  0.0247  0.0245  0.0246  0.0246  0.0248  0.0245  0.0246  0.0245  0.0245
registration optimization eta report
parameter search radius
    0.8000    0.8000    0.8000    2.4000    2.4000    2.4000
    2.4000    2.4000    2.4000    2.4000    2.4000    2.4000
100000*second partial in parameter space
       45.       28.       23.        5.        2.        3.
        4.        6.        2.        3.        2.        2.
  0.0247  0.0246  0.0245  0.0247  0.0245  0.0246  0.0246  0.0247  0.0245  0.0246  0.0245  0.0245
  0.0245  0.0245  0.0245  0.0246  0.0245  0.0245  0.0245  0.0245  0.0245  0.0245  0.0244  0.0244
  0.0244  0.0244  0.0244  0.0244  0.0244  0.0244  0.0244  0.0244  0.0244  0.0244  0.0244  0.0244
  0.0244  0.0244  0.0244  0.0244  0.0244  0.0244  0.0244  0.0244  0.0244  0.0244  0.0244  0.0244
  0.0244  0.0244  0.0244  0.0244  0.0244  0.0244  0.0244  0.0244  0.0244  0.0244  0.0244  0.0244
  0.0245  0.0245  0.0245  0.0245  0.0244  0.0245  0.0245  0.0246  0.0244  0.0245  0.0244  0.0244
  0.0247  0.0246  0.0246  0.0247  0.0245  0.0246  0.0246  0.0248  0.0245  0.0246  0.0245  0.0245
   -0.7841  -10.0705   12.2531   -3.3399  -10.3242   -8.8746
   11.0924    4.0949  -13.9443   -4.7269   -4.7099    2.0605
eta,q 0.97561  7.78405

---------------------------------------------------------------------
compute_vox2vox talsrcimg talsrcimg_to_711-2C_as_mni_average_305_t4 /opt/freesurfer/average/711-2C_as_mni_average_305
---------------------------------------------------------------------

freesurfer compute_vox2vox.c
Reading: talsrcimg.4dfp.ifh
Reading: talsrcimg_to_711-2C_as_mni_average_305_t4
Reading: /opt/freesurfer/average/711-2C_as_mni_average_305.4dfp.ifh
Writing: talsrcimg_to_711-2C_as_mni_average_305_t4_vox2vox.txt

start time Thu Mar 12 10:40:58 CET 2026
end		time Thu Mar 12 10:41:13 CET 2026

mpr2mni305 success

avi2talxfm orig_nu.mgz /opt/freesurfer/average/mni305.cor.mgz talsrcimg_to_711-2C_as_mni_average_305_t4_vox2vox.txt transforms/talairach.auto.xfm
avi2talxfm done
mv -f /out/sourcedata/freesurfer/sub-v1s11x0050156_ses-1/mri/talsrcimg_to_711-2C_as_mni_average_305_t4_vox2vox.txt /out/sourcedata/freesurfer/sub-v1s11x0050156_ses-1/mri/transforms/talsrcimg_to_711-2C_as_mni_average_305_t4_vox2vox.txt
lta_convert --src orig_nu.mgz --trg /opt/freesurfer/average/mni305.cor.mgz --inxfm transforms/talairach.auto.xfm --outlta transforms/talairach.auto.xfm.lta --subject fsaverage
7.3.2

--src: orig_nu.mgz src image (geometry).
--trg: /opt/freesurfer/average/mni305.cor.mgz trg image (geometry).
--inmni: transforms/talairach.auto.xfm input MNI/XFM transform.
--outlta: transforms/talairach.auto.xfm.lta output LTA.
--s: fsaverage subject name
 LTA read, type : 1
 1.01409  -0.05201  -0.12424   0.02713;
 0.04879   1.09358  -0.03116  -34.00618;
 0.16026   0.04955   1.09417  -5.84192;
 0.00000   0.00000   0.00000   1.00000;
setting subject to fsaverage
Writing  LTA to file transforms/talairach.auto.xfm.lta...
lta_convert successful.
 
 
Started at Thu Mar 12 10:40:58 CET 2026
Ended   at Thu Mar 12 10:41:13 CET 2026
talairach_avi done
