status file for recon-all
Thu Mar 12 10:46:13 CET 2026
#@# MotionCor Thu Mar 12 10:46:15 CET 2026
#@# Talairach Thu Mar 12 10:46:23 CET 2026
#@# Talairach Failure Detection Thu Mar 12 10:50:54 CET 2026
#@# Nu Intensity Correction Thu Mar 12 10:50:54 CET 2026
#@# Intensity Normalization Thu Mar 12 10:54:11 CET 2026
recon-all -s sub-v1s11x0050159_ses-1 finished without error at Thu Mar 12 10:55:29 CET 2026



#New# invocation of recon-all 



status file for recon-all
Thu Mar 12 11:02:31 CET 2026
#@# EM Registration Thu Mar 12 11:02:31 CET 2026
recon-all -s sub-v1s11x0050159_ses-1 finished without error at Thu Mar 12 11:04:17 CET 2026



#New# invocation of recon-all 



status file for recon-all
Thu Mar 12 11:04:20 CET 2026
#@# CA Normalize Thu Mar 12 11:04:20 CET 2026
#@# CA Reg Thu Mar 12 11:05:41 CET 2026
#@# SubCort Seg Thu Mar 12 12:00:05 CET 2026
#@# CC Seg Thu Mar 12 12:30:07 CET 2026
#@# Merge ASeg Thu Mar 12 12:30:44 CET 2026
#@# Intensity Normalization2 Thu Mar 12 12:30:44 CET 2026
#@# Mask BFS Thu Mar 12 12:32:54 CET 2026
#@# WM Segmentation Thu Mar 12 12:32:55 CET 2026
#@# Fill Thu Mar 12 12:34:49 CET 2026
recon-all -s sub-v1s11x0050159_ses-1 finished without error at Thu Mar 12 12:35:55 CET 2026



#New# invocation of recon-all 



status file for recon-all
Thu Mar 12 13:27:06 CET 2026
#@# white curv lh Thu Mar 12 13:27:06 CET 2026
#@# white area lh Thu Mar 12 13:27:06 CET 2026
#@# pial curv lh Thu Mar 12 13:27:06 CET 2026
#@# pial area lh Thu Mar 12 13:27:06 CET 2026
#@# thickness lh Thu Mar 12 13:27:06 CET 2026
#@# area and vertex vol lh Thu Mar 12 13:27:06 CET 2026
#@# white curv rh Thu Mar 12 13:27:06 CET 2026
#@# white area rh Thu Mar 12 13:27:06 CET 2026
#@# pial curv rh Thu Mar 12 13:27:06 CET 2026
#@# pial area rh Thu Mar 12 13:27:06 CET 2026
#@# thickness rh Thu Mar 12 13:27:06 CET 2026
#@# area and vertex vol rh Thu Mar 12 13:27:06 CET 2026
#@# Cortical ribbon mask Thu Mar 12 13:27:06 CET 2026
recon-all -s sub-v1s11x0050159_ses-1 finished without error at Thu Mar 12 13:31:18 CET 2026



#New# invocation of recon-all 



status file for recon-all
Thu Mar 12 13:38:30 CET 2026
#@# white curv lh Thu Mar 12 13:38:30 CET 2026
#@# white area lh Thu Mar 12 13:38:30 CET 2026
#@# pial curv lh Thu Mar 12 13:38:30 CET 2026
#@# pial area lh Thu Mar 12 13:38:30 CET 2026
#@# thickness lh Thu Mar 12 13:38:30 CET 2026
#@# area and vertex vol lh Thu Mar 12 13:38:30 CET 2026
#@# white curv rh Thu Mar 12 13:38:30 CET 2026
#@# white area rh Thu Mar 12 13:38:30 CET 2026
#@# pial curv rh Thu Mar 12 13:38:31 CET 2026
#@# pial area rh Thu Mar 12 13:38:31 CET 2026
#@# thickness rh Thu Mar 12 13:38:31 CET 2026
#@# area and vertex vol rh Thu Mar 12 13:38:31 CET 2026
#@# Curvature Stats lh Thu Mar 12 13:38:31 CET 2026
#@# Curvature Stats rh Thu Mar 12 13:38:33 CET 2026
#@# Relabel Hypointensities Thu Mar 12 13:38:36 CET 2026
#@# APas-to-ASeg Thu Mar 12 13:38:53 CET 2026
#@# AParc-to-ASeg aparc Thu Mar 12 13:39:02 CET 2026
#@# AParc-to-ASeg aparc.a2009s Thu Mar 12 13:39:42 CET 2026
#@# AParc-to-ASeg aparc.DKTatlas Thu Mar 12 13:40:21 CET 2026
#@# WMParc Thu Mar 12 13:41:03 CET 2026
#@# ASeg Stats Thu Mar 12 13:45:21 CET 2026
recon-all -s sub-v1s11x0050159_ses-1 finished without error at Thu Mar 12 13:46:03 CET 2026
