/out/sourcedata/freesurfer/sub-v1s11x0050162_ses-1/mri
/opt/freesurfer/bin/talairach_avi
--i orig_nu.mgz --xfm transforms/talairach.auto.xfm
talairach_avi 7.3.2
Linux dna050 5.14.0-427.37.1.el9_4.x86_64 #1 SMP PREEMPT_DYNAMIC Fri Sep 13 12:41:50 EDT 2024 x86_64 x86_64 x86_64 GNU/Linux
Thu Mar 12 11:00:31 CET 2026
mri_convert orig_nu.mgz talsrcimg.img 
reading from orig_nu.mgz...
TR=0.00, TE=0.00, TI=0.00, flip angle=0.00
i_ras = (-1, -2.09548e-09, 3.72529e-09)
j_ras = (0, -9.31323e-10, -1)
k_ras = (2.09548e-09, 1, 0)
writing to talsrcimg.img...
Analyze Output Matrix
-1.00000   0.00000   0.00000   120.93571;
-0.00000  -0.00000   1.00000  -128.62671;
 0.00000  -1.00000   0.00000   161.18741;
 0.00000   0.00000   0.00000   1.00000;
--------------------
INFO: set hdr.hist.orient to -1
mpr2mni305 talsrcimg
Thu Mar 12 11:00:31 CET 2026
/opt/freesurfer/bin/mpr2mni305 talsrcimg
mpr2mni305 7.3.2
target=711-2C_as_mni_average_305

---------------------------------------------------------------------
analyzeto4dfp talsrcimg -O0 -y
---------------------------------------------------------------------

freesurfer ifh2hdr.c
Thu Mar 12 11:00:31 2026
Writing: talsrcimg.4dfp.hdr
freesurfer analyzeto4dfp.c
Reading: talsrcimg.hdr
header size 348 bytes
hdr.dime.datatype	offset=70	value=2
hdr.dime.bitpix		offset=72	value=8
hdr.hist.orient		offset=252	value=-1
dimensionality     4
dimensions       256       256       256         1
Reading: talsrcimg.img
Writing: talsrcimg.4dfp.img
Writing: talsrcimg.4dfp.ifh
ifh2hdr talsrcimg -r0to198
ori=2

---------------------------------------------------------------------
gauss_4dfp talsrcimg 1.1
---------------------------------------------------------------------

freesurfer gauss_4dfp.c
Reading: talsrcimg.4dfp.img
Writing: talsrcimg_g11.4dfp.img
image dimensions 256 256 256 padded to 288 288 288
processing volume 1freesurfer ifh2hdr.c
Thu Mar 12 11:00:33 2026
Writing: talsrcimg_g11.4dfp.hdr

Writing: talsrcimg_g11.4dfp.ifh
including: talsrcimg.4dfp.img.rec in talsrcimg_g11.4dfp.img.rec

---------------------------------------------------------------------
imgreg_4dfp /opt/freesurfer/average/711-2C_as_mni_average_305 none talsrcimg_g11 none talsrcimg_to_711-2C_as_mni_average_305_t4 4355
---------------------------------------------------------------------

freesurfer imgreg_4dfp.c
/opt/freesurfer/average/711-2C_as_mni_average_305.4dfp.img
       256       256       256         1
  1.000000  1.000000  1.000000
orientation T byte_order littleendian
Reading image: /opt/freesurfer/average/711-2C_as_mni_average_305.4dfp.img
dimensions:      256       256       256
mmppix:       1.0000   -1.0000   -1.0000
center:     128.0000 -129.0000 -129.0000
talsrcimg_g11.4dfp.img
       256       256       256         1
  1.000000  1.000000  1.000000
orientation T byte_order littleendian
Reading image: talsrcimg_g11.4dfp.img
dimensions:      256       256       256
mmppix:       1.0000   -1.0000   -1.0000
center:     128.0000 -129.0000 -129.0000
t4_read: open error in t4_sub.f l:  41 t4_file(1:l)talsrcimg_to_711-2C_as_mni_average_305_t4 
t4_read: transform initialized to I4
rotation matrix determinant  1.000000
image alignment mode   4355 decimal     1103 hex
   -7.5000  -45.0000  -45.0000 7782.8516   19.6060
    0.0000  -45.0000  -45.0000 8176.4136   19.6145
    7.5000  -45.0000  -45.0000 7923.3345   19.6367
   -7.5000  -37.5000  -45.0000 8318.1621   19.5937
    0.0000  -37.5000  -45.0000 8744.2637   19.6066
    7.5000  -37.5000  -45.0000 8471.1250   19.6205
   -7.5000  -30.0000  -45.0000 9157.2695   19.6160
    0.0000  -30.0000  -45.0000 9622.9561   19.6260
    7.5000  -30.0000  -45.0000 9296.4424   19.6345
   -7.5000  -22.5000  -45.0000 9890.3105   19.6316
    0.0000  -22.5000  -45.000010342.6729   19.6352
    7.5000  -22.5000  -45.000010012.3584   19.6480
   -7.5000  -15.0000  -45.000010478.3340   19.6254
    0.0000  -15.0000  -45.000010971.6592   19.6249
    7.5000  -15.0000  -45.000010597.4766   19.6462
   -7.5000   -7.5000  -45.000011056.2275   19.6019
    0.0000   -7.5000  -45.000011582.4023   19.6035
    7.5000   -7.5000  -45.000011138.0908   19.6287
   -7.5000    0.0000  -45.000011565.0361   19.5852
    0.0000    0.0000  -45.000012103.5547   19.5936
    7.5000    0.0000  -45.000011660.6709   19.6157
   -7.5000    7.5000  -45.000011247.6914   19.5929
    0.0000    7.5000  -45.000011752.3350   19.6058
    7.5000    7.5000  -45.000011357.7793   19.6197
   -7.5000   15.0000  -45.000010865.2754   19.6160
    0.0000   15.0000  -45.000011313.2656   19.6260
    7.5000   15.0000  -45.000010915.5723   19.6345
   -7.5000   22.5000  -45.000010239.4600   19.6289
    0.0000   22.5000  -45.000010672.8652   19.6325
    7.5000   22.5000  -45.000010271.7021   19.6453
   -7.5000   30.0000  -45.0000 9390.7422   19.3639
    0.0000   30.0000  -45.0000 9805.0605   19.3633
    7.5000   30.0000  -45.0000 9401.1982   19.3844
   -7.5000   37.5000  -45.0000 8829.2217   19.3407
    0.0000   37.5000  -45.0000 9224.9648   19.3422
    7.5000   37.5000  -45.0000 8814.9521   19.3672
   -7.5000   45.0000  -45.0000 8024.6143   18.8335
    0.0000   45.0000  -45.0000 8407.1357   18.8416
    7.5000   45.0000  -45.0000 8030.0620   18.8628
   -7.5000  -45.0000  -37.5000 8347.6855   19.5028
    0.0000  -45.0000  -37.5000 8768.9912   19.5122
    7.5000  -45.0000  -37.5000 8477.1680   19.5320
   -7.5000  -37.5000  -37.5000 8931.9766   19.4930
    0.0000  -37.5000  -37.5000 9366.5361   19.5082
    7.5000  -37.5000  -37.5000 9032.8828   19.5231
   -7.5000  -30.0000  -37.5000 9795.2432   19.5199
    0.0000  -30.0000  -37.500010264.2646   19.5338
    7.5000  -30.0000  -37.5000 9887.9395   19.5425
   -7.5000  -22.5000  -37.500010559.0781   19.5385
    0.0000  -22.5000  -37.500011048.4668   19.5464
    7.5000  -22.5000  -37.500010632.5605   19.5543
   -7.5000  -15.0000  -37.500011150.7891   19.5308
    0.0000  -15.0000  -37.500011672.9902   19.5331
    7.5000  -15.0000  -37.500011229.0996   19.5457
   -7.5000   -7.5000  -37.500011755.0010   19.5022
    0.0000   -7.5000  -37.500012307.8213   19.5045
    7.5000   -7.5000  -37.500011812.5801   19.5228
   -7.5000    0.0000  -37.500012290.9648   19.4822
    0.0000    0.0000  -37.500012841.7852   19.4915
    7.5000    0.0000  -37.500012344.4590   19.5111
   -7.5000    7.5000  -37.500011970.7969   19.4923
    0.0000    7.5000  -37.500012478.7432   19.5074
    7.5000    7.5000  -37.500012019.4941   19.5223
   -7.5000   15.0000  -37.500011539.6406   19.5199
    0.0000   15.0000  -37.500012009.5107   19.5338
    7.5000   15.0000  -37.500011526.4336   19.5425
   -7.5000   22.5000  -37.500010835.6279   19.5358
    0.0000   22.5000  -37.500011293.3359   19.5437
    7.5000   22.5000  -37.500010825.2539   19.5516
   -7.5000   30.0000  -37.5000 9941.3896   19.2705
    0.0000   30.0000  -37.500010364.6484   19.2728
    7.5000   30.0000  -37.5000 9901.7529   19.2853
   -7.5000   37.5000  -37.5000 9302.4385   19.2423
    0.0000   37.5000  -37.5000 9712.4658   19.2446
    7.5000   37.5000  -37.5000 9269.5615   19.2626
   -7.5000   45.0000  -37.5000 8424.5596   18.7344
    0.0000   45.0000  -37.5000 8811.3799   18.7434
    7.5000   45.0000  -37.5000 8424.9082   18.7623
   -7.5000  -45.0000  -30.0000 9080.7793   20.2966
    0.0000  -45.0000  -30.0000 9524.6875   20.3048
    7.5000  -45.0000  -30.0000 9198.2598   20.3127
   -7.5000  -37.5000  -30.0000 9682.2100   20.2842
    0.0000  -37.5000  -30.000010137.2871   20.2978
    7.5000  -37.5000  -30.0000 9760.7100   20.3027
   -7.5000  -30.0000  -30.000010588.0117   20.2988
    0.0000  -30.0000  -30.000011094.3301   20.3137
    7.5000  -30.0000  -30.000010657.7393   20.3138
   -7.5000  -22.5000  -30.000011377.2900   20.3069
    0.0000  -22.5000  -30.000011930.2344   20.3188
    7.5000  -22.5000  -30.000011458.5400   20.3179
   -7.5000  -15.0000  -30.000012025.6670   20.3003
    0.0000  -15.0000  -30.000012597.8467   20.3066
    7.5000  -15.0000  -30.000012100.3096   20.3088
   -7.5000   -7.5000  -30.000012676.2168   20.2838
    0.0000   -7.5000  -30.000013239.8604   20.2875
    7.5000   -7.5000  -30.000012711.8994   20.2938
   -7.5000    0.0000  -30.000013256.0693   20.2750
    0.0000    0.0000  -30.000013828.5527   20.2832
    7.5000    0.0000  -30.000013276.8594   20.2910
   -7.5000    7.5000  -30.000012876.8115   20.2834
    0.0000    7.5000  -30.000013439.0303   20.2970
    7.5000    7.5000  -30.000012892.8154   20.3019
   -7.5000   15.0000  -30.000012363.3291   20.2988
    0.0000   15.0000  -30.000012898.6084   20.3137
    7.5000   15.0000  -30.000012342.5850   20.3138
   -7.5000   22.5000  -30.000011583.7207   20.3020
    0.0000   22.5000  -30.000012080.8926   20.3139
    7.5000   22.5000  -30.000011553.1777   20.3130
   -7.5000   30.0000  -30.000010620.4805   20.0317
    0.0000   30.0000  -30.000011068.1836   20.0379
    7.5000   30.0000  -30.000010556.8916   20.0400
   -7.5000   37.5000  -30.0000 9934.3057   20.0154
    0.0000   37.5000  -30.000010358.0879   20.0191
    7.5000   37.5000  -30.0000 9860.3330   20.0253
   -7.5000   45.0000  -30.0000 8992.6973   19.5112
    0.0000   45.0000  -30.0000 9384.2871   19.5190
    7.5000   45.0000  -30.0000 8959.2979   19.5266
   -7.5000  -45.0000  -22.5000 9761.5293   21.0117
    0.0000  -45.0000  -22.500010266.3145   21.0186
    7.5000  -45.0000  -22.5000 9892.0312   21.0163
   -7.5000  -37.5000  -22.500010369.4893   20.9947
    0.0000  -37.5000  -22.500010900.7871   21.0045
    7.5000  -37.5000  -22.500010465.2920   20.9965
   -7.5000  -30.0000  -22.500011322.5566   20.9906
    0.0000  -30.0000  -22.500011906.6631   21.0018
    7.5000  -30.0000  -22.500011427.2383   20.9912
   -7.5000  -22.5000  -22.500012140.2393   20.9829
    0.0000  -22.5000  -22.500012772.5830   20.9937
    7.5000  -22.5000  -22.500012266.8799   20.9883
   -7.5000  -15.0000  -22.500012879.5020   20.9781
    0.0000  -15.0000  -22.500013517.5586   20.9860
    7.5000  -15.0000  -22.500012957.5986   20.9873
   -7.5000   -7.5000  -22.500013588.1465   20.9814
    0.0000   -7.5000  -22.500014206.1318   20.9867
    7.5000   -7.5000  -22.500013589.5889   20.9886
   -7.5000    0.0000  -22.500014207.2295   20.9893
    0.0000    0.0000  -22.500014848.3350   20.9962
    7.5000    0.0000  -22.500014168.0723   20.9939
   -7.5000    7.5000  -22.500013772.2354   20.9939
    0.0000    7.5000  -22.500014404.5859   21.0036
    7.5000    7.5000  -22.500013751.6201   20.9956
   -7.5000   15.0000  -22.500013187.3691   20.9906
    0.0000   15.0000  -22.500013759.3506   21.0018
    7.5000   15.0000  -22.500013121.8535   20.9912
   -7.5000   22.5000  -22.500012343.9209   20.9765
    0.0000   22.5000  -22.500012882.3135   20.9873
    7.5000   22.5000  -22.500012277.3750   20.9819
   -7.5000   30.0000  -22.500011307.9502   20.7037
    0.0000   30.0000  -22.500011795.3408   20.7115
    7.5000   30.0000  -22.500011225.5811   20.7128
   -7.5000   37.5000  -22.500010570.2168   20.7069
    0.0000   37.5000  -22.500011006.9033   20.7121
    7.5000   37.5000  -22.500010463.7559   20.7141
   -7.5000   45.0000  -22.5000 9558.4521   20.2138
    0.0000   45.0000  -22.5000 9939.0996   20.2204
    7.5000   45.0000  -22.5000 9457.9268   20.2182
   -7.5000  -45.0000  -15.000010428.0000   21.5402
    0.0000  -45.0000  -15.000010962.4414   21.5460
    7.5000  -45.0000  -15.000010556.4023   21.5452
   -7.5000  -37.5000  -15.000011066.0957   21.5218
    0.0000  -37.5000  -15.000011645.4502   21.5290
    7.5000  -37.5000  -15.000011175.1621   21.5182
   -7.5000  -30.0000  -15.000012056.1309   21.5127
    0.0000  -30.0000  -15.000012682.6338   21.5197
    7.5000  -30.0000  -15.000012173.7998   21.5064
   -7.5000  -22.5000  -15.000012900.9473   21.4996
    0.0000  -22.5000  -15.000013566.4971   21.5059
    7.5000  -22.5000  -15.000013037.2627   21.5033
   -7.5000  -15.0000  -15.000013682.3301   21.4943
    0.0000  -15.0000  -15.000014356.2969   21.4991
    7.5000  -15.0000  -15.000013749.0566   21.5085
   -7.5000   -7.5000  -15.000014432.6250   21.5036
    0.0000   -7.5000  -15.000015109.1113   21.5080
    7.5000   -7.5000  -15.000014418.9229   21.5166
   -7.5000    0.0000  -15.000015105.4590   21.5173
    0.0000    0.0000  -15.000015788.8076   21.5231
    7.5000    0.0000  -15.000015028.7080   21.5223
   -7.5000    7.5000  -15.000014641.6475   21.5210
    0.0000    7.5000  -15.000015322.4326   21.5281
    7.5000    7.5000  -15.000014581.6191   21.5173
   -7.5000   15.0000  -15.000013977.9189   21.5127
    0.0000   15.0000  -15.000014611.6475   21.5197
    7.5000   15.0000  -15.000013905.4941   21.5064
   -7.5000   22.5000  -15.000013050.6230   21.4920
    0.0000   22.5000  -15.000013636.8369   21.4982
    7.5000   22.5000  -15.000012987.3340   21.4957
   -7.5000   30.0000  -15.000011941.2422   21.2161
    0.0000   30.0000  -15.000012464.6631   21.2209
    7.5000   30.0000  -15.000011841.2539   21.2301
   -7.5000   37.5000  -15.000011183.3809   21.2253
    0.0000   37.5000  -15.000011650.3291   21.2296
    7.5000   37.5000  -15.000011048.8418   21.2381
   -7.5000   45.0000  -15.000010084.5361   20.7348
    0.0000   45.0000  -15.000010486.3232   20.7403
    7.5000   45.0000  -15.0000 9955.0869   20.7395
   -7.5000  -45.0000   -7.500011143.7246   21.8000
    0.0000  -45.0000   -7.500011688.7930   21.8062
    7.5000  -45.0000   -7.500011238.1543   21.8185
   -7.5000  -37.5000   -7.500011791.8438   21.7834
    0.0000  -37.5000   -7.500012376.5605   21.7923
    7.5000  -37.5000   -7.500011904.6943   21.7935
   -7.5000  -30.0000   -7.500012836.8203   21.7888
    0.0000  -30.0000   -7.500013460.6660   21.7956
    7.5000  -30.0000   -7.500012972.5479   21.7929
   -7.5000  -22.5000   -7.500013719.7002   21.7885
    0.0000  -22.5000   -7.500014387.2070   21.7910
    7.5000  -22.5000   -7.500013887.0771   21.7982
   -7.5000  -15.0000   -7.500014504.4170   21.7820
    0.0000  -15.0000   -7.500015185.3584   21.7822
    7.5000  -15.0000   -7.500014584.2969   21.8019
   -7.5000   -7.5000   -7.500015319.5264   21.7766
    0.0000   -7.5000   -7.500015983.7959   21.7783
    7.5000   -7.5000   -7.500015295.3135   21.7992
   -7.5000    0.0000   -7.500016061.2480   21.7769
    0.0000    0.0000   -7.500016726.9180   21.7831
    7.5000    0.0000   -7.500015964.2979   21.7953
   -7.5000    7.5000   -7.500015573.4307   21.7826
    0.0000    7.5000   -7.500016224.2910   21.7915
    7.5000    7.5000   -7.500015481.5938   21.7926
   -7.5000   15.0000   -7.500014801.9404   21.7888
    0.0000   15.0000   -7.500015424.8975   21.7956
    7.5000   15.0000   -7.500014711.9883   21.7929
   -7.5000   22.5000   -7.500013770.6504   21.7784
    0.0000   22.5000   -7.500014368.8623   21.7809
    7.5000   22.5000   -7.500013691.6572   21.7882
   -7.5000   30.0000   -7.500012573.7920   21.4995
    0.0000   30.0000   -7.500013106.9482   21.4997
    7.5000   30.0000   -7.500012475.4277   21.5192
   -7.5000   37.5000   -7.500011808.4688   21.4942
    0.0000   37.5000   -7.500012277.5459   21.4959
    7.5000   37.5000   -7.500011678.3467   21.5165
   -7.5000   45.0000   -7.500010644.6797   20.9888
    0.0000   45.0000   -7.500011044.2881   20.9948
    7.5000   45.0000   -7.500010508.0928   21.0065
   -7.5000  -45.0000    0.000011756.4004   21.8271
    0.0000  -45.0000    0.000012305.4443   21.8360
    7.5000  -45.0000    0.000011854.9121   21.8603
   -7.5000  -37.5000    0.000012411.2402   21.8137
    0.0000  -37.5000    0.000013025.3799   21.8275
    7.5000  -37.5000    0.000012527.8027   21.8427
   -7.5000  -30.0000    0.000013500.5518   21.8383
    0.0000  -30.0000    0.000014146.6543   21.8490
    7.5000  -30.0000    0.000013660.2422   21.8582
   -7.5000  -22.5000    0.000014494.5762   21.8552
    0.0000  -22.5000    0.000015182.8818   21.8587
    7.5000  -22.5000    0.000014663.5381   21.8727
   -7.5000  -15.0000    0.000015355.0537   21.8480
    0.0000  -15.0000    0.000015987.8389   21.8469
    7.5000  -15.0000    0.000015363.9502   21.8705
   -7.5000   -7.5000    0.000016196.0186   21.8221
    0.0000   -7.5000    0.000016771.7129   21.8234
    7.5000   -7.5000    0.000016069.6416   21.8512
   -7.5000    0.0000    0.000016975.4238   21.8040
    0.0000    0.0000    0.000017556.2031   21.8129
    7.5000    0.0000    0.000016798.3926   21.8371
   -7.5000    7.5000    0.000016438.8477   21.8129
    0.0000    7.5000    0.000017029.2559   21.8267
    7.5000    7.5000    0.000016256.4883   21.8418
   -7.5000   15.0000    0.000015547.2373   21.8383
    0.0000   15.0000    0.000016126.6230   21.8490
    7.5000   15.0000    0.000015373.8652   21.8582
   -7.5000   22.5000    0.000014437.1641   21.8451
    0.0000   22.5000    0.000014967.1406   21.8486
    7.5000   22.5000    0.000014258.1035   21.8626
   -7.5000   30.0000    0.000013182.7012   21.5652
    0.0000   30.0000    0.000013641.1035   21.5642
    7.5000   30.0000    0.000012985.1387   21.5874
   -7.5000   37.5000    0.000012399.4873   21.5397
    0.0000   37.5000    0.000012837.3271   21.5410
    7.5000   37.5000    0.000012234.0723   21.5684
   -7.5000   45.0000    0.000011179.4736   21.0165
    0.0000   45.0000    0.000011577.7861   21.0251
    7.5000   45.0000    0.000011030.3643   21.0484
   -7.5000  -45.0000    7.500011445.3379   21.7996
    0.0000  -45.0000    7.500011985.1396   21.8098
    7.5000  -45.0000    7.500011530.0889   21.8317
   -7.5000  -37.5000    7.500012012.6670   21.7886
    0.0000  -37.5000    7.500012599.1621   21.8053
    7.5000  -37.5000    7.500012154.7480   21.8218
   -7.5000  -30.0000    7.500013053.9023   21.8185
    0.0000  -30.0000    7.500013696.5117   21.8339
    7.5000  -30.0000    7.500013270.6084   21.8434
   -7.5000  -22.5000    7.500014148.8301   21.8393
    0.0000  -22.5000    7.500014905.7393   21.8479
    7.5000  -22.5000    7.500014346.8408   21.8566
   -7.5000  -15.0000    7.500015051.9648   21.8307
    0.0000  -15.0000    7.500015679.3467   21.8331
    7.5000  -15.0000    7.500015084.2393   21.8470
   -7.5000   -7.5000    7.500015754.0547   21.7987
    0.0000   -7.5000    7.500016273.9326   21.8011
    7.5000   -7.5000    7.500015705.9902   21.8214
   -7.5000    0.0000    7.500016470.5547   21.7765
    0.0000    0.0000    7.500016969.9707   21.7867
    7.5000    0.0000    7.500016393.6777   21.8085
   -7.5000    7.5000    7.500015980.6201   21.7878
    0.0000    7.5000    7.500016497.2793   21.8045
    7.5000    7.5000    7.500015890.4043   21.8209
   -7.5000   15.0000    7.500015088.5938   21.8185
    0.0000   15.0000    7.500015625.8291   21.8339
    7.5000   15.0000    7.500014985.1699   21.8434
   -7.5000   22.5000    7.500013979.7715   21.8292
    0.0000   22.5000    7.500014496.6387   21.8378
    7.5000   22.5000    7.500013825.1250   21.8465
   -7.5000   30.0000    7.500012766.3984   21.5482
    0.0000   30.0000    7.500013230.0293   21.5505
    7.5000   30.0000    7.500012563.2598   21.5643
   -7.5000   37.5000    7.500012018.1533   21.5166
    0.0000   37.5000    7.500012487.3535   21.5190
    7.5000   37.5000    7.500011857.9258   21.5390
   -7.5000   45.0000    7.500010846.8887   20.9900
    0.0000   45.0000    7.500011297.7334   20.9999
    7.5000   45.0000    7.500010714.4229   21.0208
   -7.5000  -45.0000   15.000011034.0684   21.7993
    0.0000  -45.0000   15.000011570.4922   21.8082
    7.5000  -45.0000   15.000011133.4971   21.8167
   -7.5000  -37.5000   15.000011560.7119   21.7861
    0.0000  -37.5000   15.000012121.2695   21.8008
    7.5000  -37.5000   15.000011726.5889   21.8060
   -7.5000  -30.0000   15.000012570.2295   21.8019
    0.0000  -30.0000   15.000013145.6572   21.8179
    7.5000  -30.0000   15.000012787.3555   21.8180
   -7.5000  -22.5000   15.000013531.1309   21.8105
    0.0000  -22.5000   15.000014209.9258   21.8234
    7.5000  -22.5000   15.000013818.5840   21.8223
   -7.5000  -15.0000   15.000014349.9043   21.8033
    0.0000  -15.0000   15.000014985.9883   21.8102
    7.5000  -15.0000   15.000014610.2861   21.8124
   -7.5000   -7.5000   15.000015087.2285   21.7856
    0.0000   -7.5000   15.000015670.0791   21.7896
    7.5000   -7.5000   15.000015282.1377   21.7963
   -7.5000    0.0000   15.000015786.9287   21.7762
    0.0000    0.0000   15.000016391.1602   21.7850
    7.5000    0.0000   15.000015897.1797   21.7934
   -7.5000    7.5000   15.000015290.3613   21.7853
    0.0000    7.5000   15.000015945.6309   21.8000
    7.5000    7.5000   15.000015355.6074   21.8052
   -7.5000   15.0000   15.000014408.6367   21.8019
    0.0000   15.0000   15.000015078.9404   21.8179
    7.5000   15.0000   15.000014455.2734   21.8180
   -7.5000   22.5000   15.000013350.5811   21.8005
    0.0000   22.5000   15.000013961.5996   21.8133
    7.5000   22.5000   15.000013330.9199   21.8122
   -7.5000   30.0000   15.000012192.9482   21.5211
    0.0000   30.0000   15.000012703.2754   21.5279
    7.5000   30.0000   15.000012103.9736   21.5301
   -7.5000   37.5000   15.000011512.1709   21.5036
    0.0000   37.5000   15.000011982.4912   21.5076
    7.5000   37.5000   15.000011399.6533   21.5143
   -7.5000   45.0000   15.000010417.9131   20.9897
    0.0000   45.0000   15.000010836.4824   20.9982
    7.5000   45.0000   15.000010311.7070   21.0063
   -7.5000  -45.0000   22.500010495.4043   21.8475
    0.0000  -45.0000   22.500010995.9658   21.8549
    7.5000  -45.0000   22.500010619.8691   21.8526
   -7.5000  -37.5000   22.500011049.6885   21.8300
    0.0000  -37.5000   22.500011529.3838   21.8403
    7.5000  -37.5000   22.500011195.9287   21.8321
   -7.5000  -30.0000   22.500011990.2109   21.8257
    0.0000  -30.0000   22.500012546.7285   21.8375
    7.5000  -30.0000   22.500012201.2041   21.8266
   -7.5000  -22.5000   22.500012879.2803   21.8176
    0.0000  -22.5000   22.500013494.4902   21.8291
    7.5000  -22.5000   22.500013145.4199   21.8236
   -7.5000  -15.0000   22.500013691.5830   21.8125
    0.0000  -15.0000   22.500014313.9375   21.8209
    7.5000  -15.0000   22.500013922.9414   21.8224
   -7.5000   -7.5000   22.500014455.9268   21.8158
    0.0000   -7.5000   22.500015098.9316   21.8215
    7.5000   -7.5000   22.500014632.4170   21.8237
   -7.5000    0.0000   22.500015107.5898   21.8242
    0.0000    0.0000   22.500015804.6211   21.8316
    7.5000    0.0000   22.500015257.0312   21.8293
   -7.5000    7.5000   22.500014584.5547   21.8291
    0.0000    7.5000   22.500015262.0957   21.8394
    7.5000    7.5000   22.500014720.4199   21.8312
   -7.5000   15.0000   22.500013734.6514   21.8257
    0.0000   15.0000   22.500014358.5830   21.8375
    7.5000   15.0000   22.500013852.9893   21.8266
   -7.5000   22.5000   22.500012705.1006   21.8076
    0.0000   22.5000   22.500013257.0850   21.8190
    7.5000   22.5000   22.500012766.4268   21.8135
   -7.5000   30.0000   22.500011613.8047   21.5302
    0.0000   30.0000   22.500012074.3184   21.5385
    7.5000   30.0000   22.500011588.3027   21.5400
   -7.5000   37.5000   22.500010930.9990   21.5335
    0.0000   37.5000   22.500011365.0781   21.5391
    7.5000   37.5000   22.500010893.0430   21.5413
   -7.5000   45.0000   22.5000 9825.3809   21.0361
    0.0000   45.0000   22.500010238.1201   21.0431
    7.5000   45.0000   22.5000 9804.9717   21.0409
   -7.5000  -45.0000   30.0000 9857.4170   21.9310
    0.0000  -45.0000   30.000010352.7676   21.9372
    7.5000  -45.0000   30.0000 9958.3828   21.9366
   -7.5000  -37.5000   30.000010400.6650   21.9125
    0.0000  -37.5000   30.000010904.3076   21.9200
    7.5000  -37.5000   30.000010514.6670   21.9092
   -7.5000  -30.0000   30.000011302.0166   21.9034
    0.0000  -30.0000   30.000011880.4404   21.9107
    7.5000  -30.0000   30.000011450.9424   21.8974
   -7.5000  -22.5000   30.000012165.5146   21.8898
    0.0000  -22.5000   30.000012764.5137   21.8964
    7.5000  -22.5000   30.000012334.2842   21.8940
   -7.5000  -15.0000   30.000012891.5732   21.8840
    0.0000  -15.0000   30.000013496.3447   21.8892
    7.5000  -15.0000   30.000013030.9014   21.8990
   -7.5000   -7.5000   30.000013555.0791   21.8935
    0.0000   -7.5000   30.000014194.2197   21.8982
    7.5000   -7.5000   30.000013708.6875   21.9072
   -7.5000    0.0000   30.000014141.4326   21.9076
    0.0000    0.0000   30.000014805.3594   21.9137
    7.5000    0.0000   30.000014288.4512   21.9131
   -7.5000    7.5000   30.000013671.4219   21.9117
    0.0000    7.5000   30.000014321.4541   21.9192
    7.5000    7.5000   30.000013815.6016   21.9083
   -7.5000   15.0000   30.000012885.8613   21.9034
    0.0000   15.0000   30.000013490.0918   21.9107
    7.5000   15.0000   30.000013018.0713   21.8974
   -7.5000   22.5000   30.000011939.2803   21.8797
    0.0000   22.5000   30.000012476.3096   21.8863
    7.5000   22.5000   30.000012014.7129   21.8839
   -7.5000   30.0000   30.000010916.9082   21.6008
    0.0000   30.0000   30.000011374.8115   21.6060
    7.5000   30.0000   30.000010936.8408   21.6156
   -7.5000   37.5000   30.000010269.1836   21.6101
    0.0000   37.5000   30.000010691.4590   21.6148
    7.5000   37.5000   30.000010270.0723   21.6237
   -7.5000   45.0000   30.0000 9211.5117   21.1164
    0.0000   45.0000   30.0000 9603.9346   21.1223
    7.5000   45.0000   30.0000 9223.2998   21.1217
   -7.5000  -45.0000   37.5000 9543.3457   22.0740
    0.0000  -45.0000   37.5000 9988.0947   22.0804
    7.5000  -45.0000   37.5000 9594.4248   22.0933
   -7.5000  -37.5000   37.500010089.7139   22.0575
    0.0000  -37.5000   37.500010551.1670   22.0667
    7.5000  -37.5000   37.500010142.8838   22.0682
   -7.5000  -30.0000   37.500010945.8945   22.0632
    0.0000  -30.0000   37.500011468.5254   22.0702
    7.5000  -30.0000   37.500011049.5703   22.0678
   -7.5000  -22.5000   37.500011750.4092   22.0626
    0.0000  -22.5000   37.500012282.1895   22.0651
    7.5000  -22.5000   37.500011865.7471   22.0730
   -7.5000  -15.0000   37.500012464.2783   22.0554
    0.0000  -15.0000   37.500013012.9688   22.0556
    7.5000  -15.0000   37.500012553.7578   22.0763
   -7.5000   -7.5000   37.500013081.8418   22.0497
    0.0000   -7.5000   37.500013664.4736   22.0515
    7.5000   -7.5000   37.500013204.3291   22.0732
   -7.5000    0.0000   37.500013617.4365   22.0503
    0.0000    0.0000   37.500014230.8809   22.0567
    7.5000    0.0000   37.500013754.6416   22.0695
   -7.5000    7.5000   37.500013192.9980   22.0567
    0.0000    7.5000   37.500013796.0010   22.0658
    7.5000    7.5000   37.500013328.6279   22.0673
   -7.5000   15.0000   37.500012468.8457   22.0632
    0.0000   15.0000   37.500013044.8770   22.0702
    7.5000   15.0000   37.500012601.9727   22.0678
   -7.5000   22.5000   37.500011557.9902   22.0524
    0.0000   22.5000   37.500012093.9160   22.0549
    7.5000   22.5000   37.500011643.5723   22.0628
   -7.5000   30.0000   37.500010564.2832   21.7700
    0.0000   30.0000   37.500011037.0312   21.7702
    7.5000   30.0000   37.500010608.4111   21.7906
   -7.5000   37.5000   37.5000 9946.2070   21.7644
    0.0000   37.5000   37.500010372.5654   21.7661
    7.5000   37.5000   37.5000 9965.7783   21.7875
   -7.5000   45.0000   37.5000 8915.9346   21.2540
    0.0000   45.0000   37.5000 9307.9844   21.2601
    7.5000   45.0000   37.5000 8941.3555   21.2725
   -7.5000  -45.0000   45.0000 8746.1904   22.1913
    0.0000  -45.0000   45.0000 9146.3418   22.2004
    7.5000  -45.0000   45.0000 8777.2705   22.2269
   -7.5000  -37.5000   45.0000 9228.4238   22.1779
    0.0000  -37.5000   45.0000 9660.5967   22.1920
    7.5000  -37.5000   45.0000 9279.3994   22.2091
   -7.5000  -30.0000   45.000010036.8223   22.2042
    0.0000  -30.0000   45.000010501.7451   22.2147
    7.5000  -30.0000   45.000010101.9199   22.2254
   -7.5000  -22.5000   45.000010786.4795   22.2220
    0.0000  -22.5000   45.000011273.9053   22.2246
    7.5000  -22.5000   45.000010845.6504   22.2402
   -7.5000  -15.0000   45.000011424.5400   22.2141
    0.0000  -15.0000   45.000011931.9082   22.2119
    7.5000  -15.0000   45.000011497.6377   22.2372
   -7.5000   -7.5000   45.000011960.7783   22.1864
    0.0000   -7.5000   45.000012511.1719   22.1871
    7.5000   -7.5000   45.000012096.2607   22.2170
   -7.5000    0.0000   45.000012432.3516   22.1673
    0.0000    0.0000   45.000013035.0557   22.1763
    7.5000    0.0000   45.000012606.5684   22.2027
   -7.5000    7.5000   45.000012083.7109   22.1771
    0.0000    7.5000   45.000012653.1367   22.1912
    7.5000    7.5000   45.000012248.4033   22.2082
   -7.5000   15.0000   45.000011469.3271   22.2042
    0.0000   15.0000   45.000012007.2705   22.2147
    7.5000   15.0000   45.000011609.1240   22.2254
   -7.5000   22.5000   45.000010630.7754   22.2117
    0.0000   22.5000   45.000011120.4502   22.2143
    7.5000   22.5000   45.000010739.6201   22.2298
   -7.5000   30.0000   45.0000 9713.4580   21.9247
    0.0000   30.0000   45.000010152.1357   21.9225
    7.5000   30.0000   45.0000 9764.8193   21.9475
   -7.5000   37.5000   45.0000 9165.1240   21.8974
    0.0000   37.5000   45.0000 9569.3955   21.8980
    7.5000   37.5000   45.0000 9189.6299   21.9276
   -7.5000   45.0000   45.0000 8226.8760   21.3764
    0.0000   45.0000   45.0000 8591.2881   21.3851
    7.5000   45.0000   45.0000 8249.2588   21.4105

---------------------------------------------------------------------
imgreg_4dfp /opt/freesurfer/average/711-2C_as_mni_average_305 /opt/freesurfer/average/711-2B_as_mni_average_305_mask talsrcimg_g11 none talsrcimg_to_711-2C_as_mni_average_305_t4 4355
---------------------------------------------------------------------

freesurfer imgreg_4dfp.c
/opt/freesurfer/average/711-2C_as_mni_average_305.4dfp.img
       256       256       256         1
  1.000000  1.000000  1.000000
orientation T byte_order littleendian
Reading image: /opt/freesurfer/average/711-2C_as_mni_average_305.4dfp.img
dimensions:      256       256       256
mmppix:       1.0000   -1.0000   -1.0000
center:     128.0000 -129.0000 -129.0000
/opt/freesurfer/average/711-2B_as_mni_average_305_mask.4dfp.img
       256       256       256         1
  1.000000  1.000000  1.000000
orientation T byte_order littleendian
Reading mask: /opt/freesurfer/average/711-2B_as_mni_average_305_mask.4dfp.img (2306576 pixels)
talsrcimg_g11.4dfp.img
       256       256       256         1
  1.000000  1.000000  1.000000
orientation T byte_order littleendian
Reading image: talsrcimg_g11.4dfp.img
dimensions:      256       256       256
mmppix:       1.0000   -1.0000   -1.0000
center:     128.0000 -129.0000 -129.0000
rotation matrix determinant  1.000000
image alignment mode   4355 decimal     1103 hex
   -7.5000  -45.0000  -45.0000 2014.7091   22.3643
    0.0000  -45.0000  -45.0000 2042.0719   22.0205
    7.5000  -45.0000  -45.0000 2047.2395   22.0345
   -7.5000  -37.5000  -45.0000 2110.3259   20.6191
    0.0000  -37.5000  -45.0000 2136.1428   20.3365
    7.5000  -37.5000  -45.0000 2144.1003   20.3513
   -7.5000  -30.0000  -45.0000 2182.2788   19.4033
    0.0000  -30.0000  -45.0000 2204.5369   19.1463
    7.5000  -30.0000  -45.0000 2207.8159   19.1500
   -7.5000  -22.5000  -45.0000 2219.5015   18.5699
    0.0000  -22.5000  -45.0000 2235.9678   18.2896
    7.5000  -22.5000  -45.0000 2244.0815   18.3063
   -7.5000  -15.0000  -45.0000 2229.7354   18.1727
    0.0000  -15.0000  -45.0000 2246.6125   17.8253
    7.5000  -15.0000  -45.0000 2256.9014   17.8202
   -7.5000   -7.5000  -45.0000 2226.8467   18.1581
    0.0000   -7.5000  -45.0000 2248.0823   17.7645
    7.5000   -7.5000  -45.0000 2253.5718   17.7635
   -7.5000    0.0000  -45.0000 2207.0051   18.4565
    0.0000    0.0000  -45.0000 2236.2637   18.0532
    7.5000    0.0000  -45.0000 2242.9460   18.0299
   -7.5000    7.5000  -45.0000 2168.9988   19.2319
    0.0000    7.5000  -45.0000 2206.4912   18.7846
    7.5000    7.5000  -45.0000 2215.7952   18.7225
   -7.5000   15.0000  -45.0000 2121.2378   20.3486
    0.0000   15.0000  -45.0000 2157.4929   19.8633
    7.5000   15.0000  -45.0000 2166.5254   19.8080
   -7.5000   22.5000  -45.0000 2061.3113   21.8923
    0.0000   22.5000  -45.0000 2093.7061   21.3561
    7.5000   22.5000  -45.0000 2102.5422   21.2935
   -7.5000   30.0000  -45.0000 1974.8141   23.9421
    0.0000   30.0000  -45.0000 2007.1237   23.3618
    7.5000   30.0000  -45.0000 2015.4764   23.3265
   -7.5000   37.5000  -45.0000 1873.7805   26.6690
    0.0000   37.5000  -45.0000 1902.8096   25.9717
    7.5000   37.5000  -45.0000 1906.7958   25.9313
   -7.5000   45.0000  -45.0000 1765.6749   30.3685
    0.0000   45.0000  -45.0000 1794.8344   29.6890
    7.5000   45.0000  -45.0000 1797.2848   29.5442
   -7.5000  -45.0000  -37.5000 2106.3835   20.6372
    0.0000  -45.0000  -37.5000 2135.0371   20.3463
    7.5000  -45.0000  -37.5000 2142.1160   20.3216
   -7.5000  -37.5000  -37.5000 2208.7522   19.0125
    0.0000  -37.5000  -37.5000 2232.8335   18.7634
    7.5000  -37.5000  -37.5000 2238.0491   18.7573
   -7.5000  -30.0000  -37.5000 2278.4153   17.8577
    0.0000  -30.0000  -37.5000 2299.8491   17.6372
    7.5000  -30.0000  -37.5000 2305.4812   17.6355
   -7.5000  -22.5000  -37.5000 2320.9871   17.1049
    0.0000  -22.5000  -37.5000 2339.6533   16.8400
    7.5000  -22.5000  -37.5000 2343.0259   16.8454
   -7.5000  -15.0000  -37.5000 2332.1196   16.7438
    0.0000  -15.0000  -37.5000 2351.4272   16.4410
    7.5000  -15.0000  -37.5000 2355.5576   16.4363
   -7.5000   -7.5000  -37.5000 2330.4529   16.6939
    0.0000   -7.5000  -37.5000 2357.2720   16.3753
    7.5000   -7.5000  -37.5000 2357.8772   16.3816
   -7.5000    0.0000  -37.5000 2302.1482   16.9183
    0.0000    0.0000  -37.5000 2335.8223   16.5713
    7.5000    0.0000  -37.5000 2340.4480   16.5930
   -7.5000    7.5000  -37.5000 2270.4082   17.5779
    0.0000    7.5000  -37.5000 2307.7275   17.1922
    7.5000    7.5000  -37.5000 2316.9121   17.2274
   -7.5000   15.0000  -37.5000 2223.1997   18.6383
    0.0000   15.0000  -37.5000 2258.0767   18.2099
    7.5000   15.0000  -37.5000 2264.2344   18.2195
   -7.5000   22.5000  -37.5000 2151.0220   20.0998
    0.0000   22.5000  -37.5000 2185.1030   19.6355
    7.5000   22.5000  -37.5000 2194.9045   19.6149
   -7.5000   30.0000  -37.5000 2064.2793   21.9841
    0.0000   30.0000  -37.5000 2093.5764   21.4447
    7.5000   30.0000  -37.5000 2099.1638   21.4219
   -7.5000   37.5000  -37.5000 1956.7455   24.4936
    0.0000   37.5000  -37.5000 1985.2404   23.8968
    7.5000   37.5000  -37.5000 1988.0206   23.8080
   -7.5000   45.0000  -37.5000 1837.6631   27.7810
    0.0000   45.0000  -37.5000 1866.6066   27.1485
    7.5000   45.0000  -37.5000 1872.1694   27.1269
   -7.5000  -45.0000  -30.0000 2232.3274   19.7921
    0.0000  -45.0000  -30.0000 2258.4419   19.5054
    7.5000  -45.0000  -30.0000 2265.2539   19.4976
   -7.5000  -37.5000  -30.0000 2335.3870   18.2049
    0.0000  -37.5000  -30.0000 2360.1121   17.9326
    7.5000  -37.5000  -30.0000 2363.5110   17.9481
   -7.5000  -30.0000  -30.0000 2411.8892   17.0496
    0.0000  -30.0000  -30.0000 2435.4705   16.8088
    7.5000  -30.0000  -30.0000 2434.9736   16.8080
   -7.5000  -22.5000  -30.0000 2455.8542   16.3178
    0.0000  -22.5000  -30.0000 2483.0820   16.0671
    7.5000  -22.5000  -30.0000 2485.1111   16.0629
   -7.5000  -15.0000  -30.0000 2476.6663   15.9444
    0.0000  -15.0000  -30.0000 2500.5894   15.6757
    7.5000  -15.0000  -30.0000 2506.7834   15.6674
   -7.5000   -7.5000  -30.0000 2482.2727   15.9204
    0.0000   -7.5000  -30.0000 2506.4246   15.6223
    7.5000   -7.5000  -30.0000 2513.1414   15.6301
   -7.5000    0.0000  -30.0000 2458.9436   16.1576
    0.0000    0.0000  -30.0000 2490.5117   15.8520
    7.5000    0.0000  -30.0000 2497.7620   15.8964
   -7.5000    7.5000  -30.0000 2422.4094   16.7673
    0.0000    7.5000  -30.0000 2462.6555   16.4079
    7.5000    7.5000  -30.0000 2466.6418   16.4777
   -7.5000   15.0000  -30.0000 2368.8320   17.7600
    0.0000   15.0000  -30.0000 2408.3879   17.3537
    7.5000   15.0000  -30.0000 2410.6965   17.4009
   -7.5000   22.5000  -30.0000 2292.3113   19.1444
    0.0000   22.5000  -30.0000 2326.1140   18.7282
    7.5000   22.5000  -30.0000 2330.5745   18.7512
   -7.5000   30.0000  -30.0000 2194.7329   20.9160
    0.0000   30.0000  -30.0000 2225.0654   20.4772
    7.5000   30.0000  -30.0000 2226.7002   20.4903
   -7.5000   37.5000  -30.0000 2077.3975   23.2504
    0.0000   37.5000  -30.0000 2107.4373   22.7684
    7.5000   37.5000  -30.0000 2104.1777   22.7285
   -7.5000   45.0000  -30.0000 1947.8027   26.3972
    0.0000   45.0000  -30.0000 1979.2700   25.8684
    7.5000   45.0000  -30.0000 1980.7347   25.8479
   -7.5000  -45.0000  -22.5000 2319.9717   18.8112
    0.0000  -45.0000  -22.5000 2349.1179   18.5719
    7.5000  -45.0000  -22.5000 2355.3652   18.5611
   -7.5000  -37.5000  -22.5000 2426.4473   17.3096
    0.0000  -37.5000  -22.5000 2455.1096   17.0758
    7.5000  -37.5000  -22.5000 2455.3721   17.0665
   -7.5000  -30.0000  -22.5000 2509.4219   16.1677
    0.0000  -30.0000  -22.5000 2542.2380   15.9217
    7.5000  -30.0000  -22.5000 2540.7341   15.9121
   -7.5000  -22.5000  -22.5000 2563.5247   15.4261
    0.0000  -22.5000  -22.5000 2598.9075   15.1711
    7.5000  -22.5000  -22.5000 2602.0776   15.1846
   -7.5000  -15.0000  -22.5000 2601.3018   15.0685
    0.0000  -15.0000  -22.5000 2629.0396   14.8034
    7.5000  -15.0000  -22.5000 2634.5977   14.8101
   -7.5000   -7.5000  -22.5000 2612.3455   15.0306
    0.0000   -7.5000  -22.5000 2639.9446   14.7815
    7.5000   -7.5000  -22.5000 2644.8977   14.7807
   -7.5000    0.0000  -22.5000 2592.7031   15.2950
    0.0000    0.0000  -22.5000 2628.6262   15.0385
    7.5000    0.0000  -22.5000 2630.2507   15.0752
   -7.5000    7.5000  -22.5000 2552.2434   15.8785
    0.0000    7.5000  -22.5000 2595.7981   15.5850
    7.5000    7.5000  -22.5000 2594.2434   15.6474
   -7.5000   15.0000  -22.5000 2493.2839   16.8140
    0.0000   15.0000  -22.5000 2533.8662   16.4878
    7.5000   15.0000  -22.5000 2534.9653   16.5744
   -7.5000   22.5000  -22.5000 2409.4448   18.0903
    0.0000   22.5000  -22.5000 2443.3369   17.7144
    7.5000   22.5000  -22.5000 2448.5676   17.7915
   -7.5000   30.0000  -22.5000 2302.3489   19.7881
    0.0000   30.0000  -22.5000 2335.0945   19.3663
    7.5000   30.0000  -22.5000 2338.5227   19.4241
   -7.5000   37.5000  -22.5000 2173.4263   22.0370
    0.0000   37.5000  -22.5000 2202.1975   21.5429
    7.5000   37.5000  -22.5000 2200.9255   21.5622
   -7.5000   45.0000  -22.5000 2034.3025   25.0292
    0.0000   45.0000  -22.5000 2061.2146   24.4893
    7.5000   45.0000  -22.5000 2059.6316   24.4563
   -7.5000  -45.0000  -15.0000 2371.4741   17.9985
    0.0000  -45.0000  -15.0000 2397.1118   17.7274
    7.5000  -45.0000  -15.0000 2406.5400   17.7442
   -7.5000  -37.5000  -15.0000 2486.8174   16.5074
    0.0000  -37.5000  -15.0000 2517.2842   16.2513
    7.5000  -37.5000  -15.0000 2518.3579   16.2463
   -7.5000  -30.0000  -15.0000 2578.9373   15.3926
    0.0000  -30.0000  -15.0000 2614.5735   15.1512
    7.5000  -30.0000  -15.0000 2615.4570   15.1432
   -7.5000  -22.5000  -15.0000 2642.9470   14.6586
    0.0000  -22.5000  -15.0000 2681.6086   14.3711
    7.5000  -22.5000  -15.0000 2689.0981   14.3908
   -7.5000  -15.0000  -15.0000 2689.9316   14.2475
    0.0000  -15.0000  -15.0000 2725.4507   13.9954
    7.5000  -15.0000  -15.0000 2726.6411   14.0293
   -7.5000   -7.5000  -15.0000 2705.9302   14.2011
    0.0000   -7.5000  -15.0000 2743.9126   13.9536
    7.5000   -7.5000  -15.0000 2745.1096   13.9925
   -7.5000    0.0000  -15.0000 2695.2947   14.4395
    0.0000    0.0000  -15.0000 2735.1902   14.2242
    7.5000    0.0000  -15.0000 2731.5659   14.2689
   -7.5000    7.5000  -15.0000 2654.3406   15.0241
    0.0000    7.5000  -15.0000 2701.1675   14.7799
    7.5000    7.5000  -15.0000 2695.7256   14.8453
   -7.5000   15.0000  -15.0000 2586.3232   15.9151
    0.0000   15.0000  -15.0000 2628.3472   15.6336
    7.5000   15.0000  -15.0000 2625.4729   15.7323
   -7.5000   22.5000  -15.0000 2492.7485   17.1377
    0.0000   22.5000  -15.0000 2526.7090   16.7899
    7.5000   22.5000  -15.0000 2529.8906   16.8810
   -7.5000   30.0000  -15.0000 2378.4385   18.7564
    0.0000   30.0000  -15.0000 2409.0312   18.3417
    7.5000   30.0000  -15.0000 2408.8979   18.4096
   -7.5000   37.5000  -15.0000 2242.8599   20.9183
    0.0000   37.5000  -15.0000 2270.0627   20.4406
    7.5000   37.5000  -15.0000 2267.5281   20.4846
   -7.5000   45.0000  -15.0000 2097.5867   23.7680
    0.0000   45.0000  -15.0000 2118.1189   23.2342
    7.5000   45.0000  -15.0000 2116.2993   23.2418
   -7.5000  -45.0000   -7.5000 2406.0176   17.2881
    0.0000  -45.0000   -7.5000 2428.8176   16.9981
    7.5000  -45.0000   -7.5000 2434.5330   17.0888
   -7.5000  -37.5000   -7.5000 2525.4766   15.8106
    0.0000  -37.5000   -7.5000 2554.7944   15.5491
    7.5000  -37.5000   -7.5000 2560.3672   15.6198
   -7.5000  -30.0000   -7.5000 2626.8931   14.7295
    0.0000  -30.0000   -7.5000 2661.5151   14.4755
    7.5000  -30.0000   -7.5000 2669.2983   14.5549
   -7.5000  -22.5000   -7.5000 2707.1682   14.0244
    0.0000  -22.5000   -7.5000 2750.5789   13.7395
    7.5000  -22.5000   -7.5000 2755.5676   13.8035
   -7.5000  -15.0000   -7.5000 2758.1365   13.5843
    0.0000  -15.0000   -7.5000 2803.2673   13.3227
    7.5000  -15.0000   -7.5000 2804.8760   13.3773
   -7.5000   -7.5000   -7.5000 2789.8030   13.4929
    0.0000   -7.5000   -7.5000 2835.6289   13.2464
    7.5000   -7.5000   -7.5000 2828.2915   13.3151
   -7.5000    0.0000   -7.5000 2784.7170   13.7440
    0.0000    0.0000   -7.5000 2826.2285   13.4934
    7.5000    0.0000   -7.5000 2819.9810   13.5713
   -7.5000    7.5000   -7.5000 2737.3091   14.3288
    0.0000    7.5000   -7.5000 2779.7993   14.0617
    7.5000    7.5000   -7.5000 2774.0308   14.1593
   -7.5000   15.0000   -7.5000 2658.6375   15.1327
    0.0000   15.0000   -7.5000 2698.7859   14.8581
    7.5000   15.0000   -7.5000 2693.1487   14.9818
   -7.5000   22.5000   -7.5000 2552.5271   16.3026
    0.0000   22.5000   -7.5000 2589.7485   15.9861
    7.5000   22.5000   -7.5000 2586.2031   16.0921
   -7.5000   30.0000   -7.5000 2429.0017   17.9048
    0.0000   30.0000   -7.5000 2460.3235   17.5302
    7.5000   30.0000   -7.5000 2458.4355   17.6088
   -7.5000   37.5000   -7.5000 2292.3635   19.9851
    0.0000   37.5000   -7.5000 2318.2571   19.5317
    7.5000   37.5000   -7.5000 2317.5947   19.6086
   -7.5000   45.0000   -7.5000 2137.8242   22.6873
    0.0000   45.0000   -7.5000 2158.3135   22.1709
    7.5000   45.0000   -7.5000 2159.1260   22.2284
   -7.5000  -45.0000    0.0000 2423.1050   16.7741
    0.0000  -45.0000    0.0000 2447.7012   16.4950
    7.5000  -45.0000    0.0000 2452.5078   16.6682
   -7.5000  -37.5000    0.0000 2546.9272   15.3288
    0.0000  -37.5000    0.0000 2580.5181   15.0329
    7.5000  -37.5000    0.0000 2584.3914   15.2127
   -7.5000  -30.0000    0.0000 2657.6045   14.2904
    0.0000  -30.0000    0.0000 2693.2417   13.9967
    7.5000  -30.0000    0.0000 2700.5500   14.1509
   -7.5000  -22.5000    0.0000 2750.2107   13.6247
    0.0000  -22.5000    0.0000 2793.6755   13.3266
    7.5000  -22.5000    0.0000 2801.4890   13.4406
   -7.5000  -15.0000    0.0000 2816.3818   13.1765
    0.0000  -15.0000    0.0000 2866.0979   12.8626
    7.5000  -15.0000    0.0000 2868.3918   12.9500
   -7.5000   -7.5000    0.0000 2860.6333   13.0348
    0.0000   -7.5000    0.0000 2909.1553   12.7138
    7.5000   -7.5000    0.0000 2898.5452   12.8222
   -7.5000    0.0000    0.0000 2860.9993   13.2621
    0.0000    0.0000    0.0000 2901.3770   12.9634
    7.5000    0.0000    0.0000 2892.2695   13.0753
   -7.5000    7.5000    0.0000 2800.0400   13.8201
    0.0000    7.5000    0.0000 2840.5762   13.5382
    7.5000    7.5000    0.0000 2831.5691   13.6494
   -7.5000   15.0000    0.0000 2706.6504   14.6203
    0.0000   15.0000    0.0000 2742.7449   14.3219
    7.5000   15.0000    0.0000 2737.2698   14.4558
   -7.5000   22.5000    0.0000 2590.7971   15.8121
    0.0000   22.5000    0.0000 2623.9878   15.4358
    7.5000   22.5000    0.0000 2621.4778   15.5610
   -7.5000   30.0000    0.0000 2464.4275   17.3636
    0.0000   30.0000    0.0000 2492.6824   16.9197
    7.5000   30.0000    0.0000 2488.6846   17.0323
   -7.5000   37.5000    0.0000 2322.0715   19.3644
    0.0000   37.5000    0.0000 2348.3296   18.8704
    7.5000   37.5000    0.0000 2347.4084   18.9853
   -7.5000   45.0000    0.0000 2163.1191   21.9283
    0.0000   45.0000    0.0000 2187.2300   21.3760
    7.5000   45.0000    0.0000 2187.1704   21.4629
   -7.5000  -45.0000    7.5000 2429.4907   16.4976
    0.0000  -45.0000    7.5000 2453.4082   16.2276
    7.5000  -45.0000    7.5000 2456.8435   16.4528
   -7.5000  -37.5000    7.5000 2552.5488   15.0407
    0.0000  -37.5000    7.5000 2584.2698   14.7940
    7.5000  -37.5000    7.5000 2588.8093   14.9798
   -7.5000  -30.0000    7.5000 2671.5334   13.9917
    0.0000  -30.0000    7.5000 2705.5210   13.7196
    7.5000  -30.0000    7.5000 2713.8743   13.9283
   -7.5000  -22.5000    7.5000 2779.5703   13.3226
    0.0000  -22.5000    7.5000 2818.8137   13.0464
    7.5000  -22.5000    7.5000 2824.5842   13.2220
   -7.5000  -15.0000    7.5000 2862.5190   12.9285
    0.0000  -15.0000    7.5000 2908.3748   12.6483
    7.5000  -15.0000    7.5000 2912.7976   12.7576
   -7.5000   -7.5000    7.5000 2911.6853   12.7204
    0.0000   -7.5000    7.5000 2958.4365   12.3610
    7.5000   -7.5000    7.5000 2949.9175   12.5328
   -7.5000    0.0000    7.5000 2905.6167   12.9229
    0.0000    0.0000    7.5000 2942.5879   12.6226
    7.5000    0.0000    7.5000 2932.4453   12.8043
   -7.5000    7.5000    7.5000 2836.4800   13.5261
    0.0000    7.5000    7.5000 2873.8232   13.2713
    7.5000    7.5000    7.5000 2865.0925   13.4195
   -7.5000   15.0000    7.5000 2733.6233   14.3464
    0.0000   15.0000    7.5000 2772.1938   14.0418
    7.5000   15.0000    7.5000 2758.7996   14.1765
   -7.5000   22.5000    7.5000 2608.4907   15.4836
    0.0000   22.5000    7.5000 2646.1995   15.1465
    7.5000   22.5000    7.5000 2635.0894   15.2259
   -7.5000   30.0000    7.5000 2476.6038   17.0311
    0.0000   30.0000    7.5000 2509.3950   16.6449
    7.5000   30.0000    7.5000 2499.2324   16.6741
   -7.5000   37.5000    7.5000 2334.6033   18.9595
    0.0000   37.5000    7.5000 2362.7588   18.5482
    7.5000   37.5000    7.5000 2358.9241   18.5602
   -7.5000   45.0000    7.5000 2177.7939   21.4125
    0.0000   45.0000    7.5000 2201.7634   20.9456
    7.5000   45.0000    7.5000 2198.6902   20.9906
   -7.5000  -45.0000   15.0000 2424.1477   16.5494
    0.0000  -45.0000   15.0000 2447.6096   16.2950
    7.5000  -45.0000   15.0000 2445.4473   16.5265
   -7.5000  -37.5000   15.0000 2547.5293   15.0421
    0.0000  -37.5000   15.0000 2575.9761   14.8006
    7.5000  -37.5000   15.0000 2577.6675   15.0262
   -7.5000  -30.0000   15.0000 2670.1743   13.9502
    0.0000  -30.0000   15.0000 2702.3257   13.6822
    7.5000  -30.0000   15.0000 2705.3782   13.9338
   -7.5000  -22.5000   15.0000 2779.4792   13.2672
    0.0000  -22.5000   15.0000 2812.7483   12.9519
    7.5000  -22.5000   15.0000 2818.9751   13.2007
   -7.5000  -15.0000   15.0000 2867.3774   12.8252
    0.0000  -15.0000   15.0000 2903.0193   12.4993
    7.5000  -15.0000   15.0000 2911.2268   12.7268
   -7.5000   -7.5000   15.0000 2911.5010   12.6929
    0.0000   -7.5000   15.0000 2956.2019   12.3637
    7.5000   -7.5000   15.0000 2952.3586   12.5887
   -7.5000    0.0000   15.0000 2902.9453   12.8909
    0.0000    0.0000   15.0000 2946.8943   12.6284
    7.5000    0.0000   15.0000 2935.6643   12.8051
   -7.5000    7.5000   15.0000 2829.2239   13.4265
    0.0000    7.5000   15.0000 2876.8672   13.2151
    7.5000    7.5000   15.0000 2865.0405   13.2981
   -7.5000   15.0000   15.0000 2726.9856   14.2313
    0.0000   15.0000   15.0000 2769.5112   13.9739
    7.5000   15.0000   15.0000 2759.1111   14.0375
   -7.5000   22.5000   15.0000 2607.5251   15.4253
    0.0000   22.5000   15.0000 2643.1350   15.0881
    7.5000   22.5000   15.0000 2633.3367   15.1105
   -7.5000   30.0000   15.0000 2474.5728   16.9614
    0.0000   30.0000   15.0000 2503.5947   16.5740
    7.5000   30.0000   15.0000 2494.5469   16.5826
   -7.5000   37.5000   15.0000 2333.4778   18.8776
    0.0000   37.5000   15.0000 2356.9744   18.4131
    7.5000   37.5000   15.0000 2348.4995   18.4538
   -7.5000   45.0000   15.0000 2175.8838   21.2826
    0.0000   45.0000   15.0000 2196.0012   20.7493
    7.5000   45.0000   15.0000 2191.6680   20.8560
   -7.5000  -45.0000   22.5000 2413.4219   16.8218
    0.0000  -45.0000   22.5000 2426.5637   16.5355
    7.5000  -45.0000   22.5000 2424.4873   16.8349
   -7.5000  -37.5000   22.5000 2539.6736   15.3292
    0.0000  -37.5000   22.5000 2551.7642   15.0442
    7.5000  -37.5000   22.5000 2554.6567   15.3297
   -7.5000  -30.0000   22.5000 2656.7554   14.2598
    0.0000  -30.0000   22.5000 2682.2781   13.9413
    7.5000  -30.0000   22.5000 2681.0352   14.2206
   -7.5000  -22.5000   22.5000 2765.6748   13.5598
    0.0000  -22.5000   22.5000 2793.3474   13.2586
    7.5000  -22.5000   22.5000 2786.5403   13.4642
   -7.5000  -15.0000   22.5000 2845.2776   13.0968
    0.0000  -15.0000   22.5000 2880.5464   12.7811
    7.5000  -15.0000   22.5000 2869.9695   13.0121
   -7.5000   -7.5000   22.5000 2887.8252   12.9895
    0.0000   -7.5000   22.5000 2923.5930   12.7036
    7.5000   -7.5000   22.5000 2909.9270   12.8881
   -7.5000    0.0000   22.5000 2871.7991   13.2023
    0.0000    0.0000   22.5000 2906.0974   12.9591
    7.5000    0.0000   22.5000 2896.2419   13.0803
   -7.5000    7.5000   22.5000 2799.4448   13.6773
    0.0000    7.5000   22.5000 2836.2798   13.4434
    7.5000    7.5000   22.5000 2829.1238   13.5632
   -7.5000   15.0000   22.5000 2698.9216   14.4957
    0.0000   15.0000   22.5000 2735.8188   14.2122
    7.5000   15.0000   22.5000 2728.8545   14.3150
   -7.5000   22.5000   22.5000 2583.4314   15.6502
    0.0000   22.5000   22.5000 2616.2991   15.2682
    7.5000   22.5000   22.5000 2608.3665   15.3310
   -7.5000   30.0000   22.5000 2459.0662   17.1274
    0.0000   30.0000   22.5000 2485.1562   16.6810
    7.5000   30.0000   22.5000 2474.9912   16.7151
   -7.5000   37.5000   22.5000 2315.2051   18.9533
    0.0000   37.5000   22.5000 2336.4209   18.4528
    7.5000   37.5000   22.5000 2328.5911   18.5133
   -7.5000   45.0000   22.5000 2158.0076   21.3077
    0.0000   45.0000   22.5000 2179.7222   20.7993
    7.5000   45.0000   22.5000 2172.4790   20.8757
   -7.5000  -45.0000   30.0000 2387.3618   17.4652
    0.0000  -45.0000   30.0000 2399.6711   17.1969
    7.5000  -45.0000   30.0000 2383.9065   17.4727
   -7.5000  -37.5000   30.0000 2512.6389   15.9668
    0.0000  -37.5000   30.0000 2523.1484   15.7151
    7.5000  -37.5000   30.0000 2511.3191   15.9484
   -7.5000  -30.0000   30.0000 2625.3242   14.9242
    0.0000  -30.0000   30.0000 2644.1863   14.6414
    7.5000  -30.0000   30.0000 2631.1833   14.8360
   -7.5000  -22.5000   30.0000 2726.6475   14.1534
    0.0000  -22.5000   30.0000 2745.4307   13.8811
    7.5000  -22.5000   30.0000 2733.4958   14.0558
   -7.5000  -15.0000   30.0000 2793.1042   13.6731
    0.0000  -15.0000   30.0000 2821.5737   13.3427
    7.5000  -15.0000   30.0000 2802.8865   13.5735
   -7.5000   -7.5000   30.0000 2824.7808   13.5295
    0.0000   -7.5000   30.0000 2854.2820   13.2469
    7.5000   -7.5000   30.0000 2844.3352   13.3973
   -7.5000    0.0000   30.0000 2805.0671   13.7059
    0.0000    0.0000   30.0000 2834.0137   13.4448
    7.5000    0.0000   30.0000 2826.0664   13.5791
   -7.5000    7.5000   30.0000 2737.8525   14.2198
    0.0000    7.5000   30.0000 2769.8059   13.9549
    7.5000    7.5000   30.0000 2763.6704   14.0483
   -7.5000   15.0000   30.0000 2645.0796   14.9973
    0.0000   15.0000   30.0000 2676.6138   14.7204
    7.5000   15.0000   30.0000 2675.8982   14.7988
   -7.5000   22.5000   30.0000 2541.6462   16.1196
    0.0000   22.5000   30.0000 2567.9326   15.7747
    7.5000   22.5000   30.0000 2564.0657   15.8284
   -7.5000   30.0000   30.0000 2424.2034   17.5221
    0.0000   30.0000   30.0000 2444.2397   17.0800
    7.5000   30.0000   30.0000 2439.7466   17.1455
   -7.5000   37.5000   30.0000 2283.7434   19.3140
    0.0000   37.5000   30.0000 2301.8547   18.8078
    7.5000   37.5000   30.0000 2297.2905   18.9015
   -7.5000   45.0000   30.0000 2127.4592   21.6737
    0.0000   45.0000   30.0000 2146.0459   21.1427
    7.5000   45.0000   30.0000 2142.1919   21.2597
   -7.5000  -45.0000   37.5000 2349.2019   18.4218
    0.0000  -45.0000   37.5000 2357.1448   18.1694
    7.5000  -45.0000   37.5000 2336.4724   18.4091
   -7.5000  -37.5000   37.5000 2469.2090   16.9233
    0.0000  -37.5000   37.5000 2480.3289   16.6333
    7.5000  -37.5000   37.5000 2458.2571   16.8331
   -7.5000  -30.0000   37.5000 2572.5964   15.7730
    0.0000  -30.0000   37.5000 2591.2424   15.4805
    7.5000  -30.0000   37.5000 2570.9966   15.6531
   -7.5000  -22.5000   37.5000 2665.6528   14.9544
    0.0000  -22.5000   37.5000 2683.5098   14.6340
    7.5000  -22.5000   37.5000 2666.3210   14.8387
   -7.5000  -15.0000   37.5000 2725.6853   14.4719
    0.0000  -15.0000   37.5000 2744.5662   14.1356
    7.5000  -15.0000   37.5000 2726.8726   14.3225
   -7.5000   -7.5000   37.5000 2743.1445   14.3086
    0.0000   -7.5000   37.5000 2763.9458   13.9875
    7.5000   -7.5000   37.5000 2756.5295   14.1299
   -7.5000    0.0000   37.5000 2720.8743   14.4376
    0.0000    0.0000   37.5000 2743.4480   14.1536
    7.5000    0.0000   37.5000 2735.1782   14.2925
   -7.5000    7.5000   37.5000 2661.3794   14.9258
    0.0000    7.5000   37.5000 2685.4570   14.6577
    7.5000    7.5000   37.5000 2677.2290   14.7759
   -7.5000   15.0000   37.5000 2579.7524   15.6999
    0.0000   15.0000   37.5000 2603.1121   15.4087
    7.5000   15.0000   37.5000 2596.8557   15.4973
   -7.5000   22.5000   37.5000 2484.7744   16.7786
    0.0000   22.5000   37.5000 2506.9944   16.4825
    7.5000   22.5000   37.5000 2495.1487   16.5471
   -7.5000   30.0000   37.5000 2366.9448   18.1819
    0.0000   30.0000   37.5000 2387.2100   17.7940
    7.5000   30.0000   37.5000 2380.2063   17.8589
   -7.5000   37.5000   37.5000 2233.0652   19.9305
    0.0000   37.5000   37.5000 2250.2314   19.4881
    7.5000   37.5000   37.5000 2242.4863   19.5993
   -7.5000   45.0000   37.5000 2090.0403   22.2472
    0.0000   45.0000   37.5000 2103.3804   21.8018
    7.5000   45.0000   37.5000 2095.0996   21.9643
   -7.5000  -45.0000   45.0000 2300.8564   19.5918
    0.0000  -45.0000   45.0000 2305.5347   19.3282
    7.5000  -45.0000   45.0000 2281.3518   19.5427
   -7.5000  -37.5000   45.0000 2416.4504   17.9698
    0.0000  -37.5000   45.0000 2426.1829   17.7082
    7.5000  -37.5000   45.0000 2399.1804   17.9019
   -7.5000  -30.0000   45.0000 2516.1414   16.7929
    0.0000  -30.0000   45.0000 2527.2883   16.5081
    7.5000  -30.0000   45.0000 2501.9331   16.6790
   -7.5000  -22.5000   45.0000 2598.4512   15.9696
    0.0000  -22.5000   45.0000 2611.8008   15.6546
    7.5000  -22.5000   45.0000 2585.3784   15.8420
   -7.5000  -15.0000   45.0000 2644.1587   15.4691
    0.0000  -15.0000   45.0000 2657.2725   15.1417
    7.5000  -15.0000   45.0000 2641.6975   15.2967
   -7.5000   -7.5000   45.0000 2646.9900   15.2704
    0.0000   -7.5000   45.0000 2663.5757   14.9672
    7.5000   -7.5000   45.0000 2661.8521   15.1068
   -7.5000    0.0000   45.0000 2621.7361   15.3648
    0.0000    0.0000   45.0000 2644.5969   15.0726
    7.5000    0.0000   45.0000 2641.0872   15.2135
   -7.5000    7.5000   45.0000 2574.2129   15.8082
    0.0000    7.5000   45.0000 2592.1001   15.5469
    7.5000    7.5000   45.0000 2590.5505   15.6885
   -7.5000   15.0000   45.0000 2507.0889   16.5725
    0.0000   15.0000   45.0000 2523.4360   16.2823
    7.5000   15.0000   45.0000 2520.7759   16.4201
   -7.5000   22.5000   45.0000 2416.5317   17.6396
    0.0000   22.5000   45.0000 2433.1147   17.3198
    7.5000   22.5000   45.0000 2425.6985   17.4487
   -7.5000   30.0000   45.0000 2303.3252   19.0310
    0.0000   30.0000   45.0000 2317.6960   18.6919
    7.5000   30.0000   45.0000 2307.8914   18.7794
   -7.5000   37.5000   45.0000 2175.4414   20.8203
    0.0000   37.5000   45.0000 2189.5845   20.4380
    7.5000   37.5000   45.0000 2178.5405   20.5613
   -7.5000   45.0000   45.0000 2036.4731   23.1505
    0.0000   45.0000   45.0000 2046.9391   22.7577
    7.5000   45.0000   45.0000 2040.3903   22.9093

---------------------------------------------------------------------
imgreg_4dfp /opt/freesurfer/average/711-2C_as_mni_average_305 /opt/freesurfer/average/711-2B_as_mni_average_305_mask talsrcimg_g11 none talsrcimg_to_711-2C_as_mni_average_305_t4 1283
---------------------------------------------------------------------

freesurfer imgreg_4dfp.c
/opt/freesurfer/average/711-2C_as_mni_average_305.4dfp.img
       256       256       256         1
  1.000000  1.000000  1.000000
orientation T byte_order littleendian
Reading image: /opt/freesurfer/average/711-2C_as_mni_average_305.4dfp.img
dimensions:      256       256       256
mmppix:       1.0000   -1.0000   -1.0000
center:     128.0000 -129.0000 -129.0000
/opt/freesurfer/average/711-2B_as_mni_average_305_mask.4dfp.img
       256       256       256         1
  1.000000  1.000000  1.000000
orientation T byte_order littleendian
Reading mask: /opt/freesurfer/average/711-2B_as_mni_average_305_mask.4dfp.img (2306576 pixels)
talsrcimg_g11.4dfp.img
       256       256       256         1
  1.000000  1.000000  1.000000
orientation T byte_order littleendian
Reading image: talsrcimg_g11.4dfp.img
dimensions:      256       256       256
mmppix:       1.0000   -1.0000   -1.0000
center:     128.0000 -129.0000 -129.0000
rotation matrix determinant  1.000000
fimgreg.f
image alignment mode   1283 decimal      503 hex
parameters
    0.0000   -7.5000    7.5000    0.0000    0.0000    0.0000
eta,q 0.93024 12.33941
niter,ni,del,rscale     5    3   12.0000    1.2000
parameter  3 -0.526023 -> -0.500000 qaram    1.1500
parameter  5-12.444282 -> -0.500000 qaram    1.1500
parameters
    2.4922   -6.3631   10.9500    1.4259    3.4500   -2.2470
eta,q 0.93523 12.19688
  0.0844  0.0813  0.0796  0.0730  0.0742  0.0661
  0.0786  0.0766  0.0758  0.0714  0.0724  0.0655
  0.0750  0.0734  0.0726  0.0700  0.0709  0.0648
  0.0727  0.0705  0.0697  0.0691  0.0688  0.0652
  0.0712  0.0700  0.0689  0.0689  0.0666  0.0666
  0.0715  0.0727  0.0689  0.0693  0.0648  0.0683
  0.0736  0.0758  0.0699  0.0707  0.0638  0.0701
niter,ni,del,rscale     6    3   12.0000    1.2000
parameter  5 -1.287398 -> -0.500000 qaram    1.3225
parameters
    1.5003   -6.2697   10.8059    1.1485    7.4175   -1.8772
eta,q 0.93753 12.19718
  0.0695  0.0715  0.0709  0.0692  0.0723  0.0644
  0.0683  0.0666  0.0684  0.0664  0.0706  0.0632
  0.0665  0.0645  0.0662  0.0649  0.0684  0.0628
  0.0648  0.0651  0.0652  0.0652  0.0651  0.0625
  0.0675  0.0669  0.0665  0.0663  0.0629  0.0626
  0.0706  0.0678  0.0687  0.0674  0.0624  0.0632
  0.0738  0.0694  0.0713  0.0692  0.0625  0.0638
niter,ni,del,rscale     6    3   12.0000    1.2000
parameter  5 -0.553595 -> -0.500000 qaram    1.5209
parameter  6  0.805015 ->  0.500000 qaram    1.1500
parameters
    0.4068   -5.9898    9.9329   -1.7071   11.9801   -5.3272
eta,q 0.94238 12.29267
  0.0665  0.0691  0.0662  0.0630  0.0728  0.0586
  0.0653  0.0636  0.0650  0.0613  0.0686  0.0576
  0.0627  0.0616  0.0636  0.0613  0.0641  0.0582
  0.0625  0.0621  0.0623  0.0626  0.0611  0.0594
  0.0638  0.0635  0.0629  0.0639  0.0598  0.0604
  0.0670  0.0646  0.0660  0.0646  0.0595  0.0613
  0.0739  0.0661  0.0701  0.0658  0.0609  0.0628
niter,ni,del,rscale     7    3   12.0000    1.2000
parameters
   -1.4945   -4.3526    9.2332   -1.8701   12.0047   -4.8499
eta,q 0.94486 12.17459
  0.0628  0.0678  0.0616  0.0631  0.0668  0.0626
  0.0583  0.0647  0.0596  0.0606  0.0619  0.0602
  0.0564  0.0607  0.0566  0.0566  0.0577  0.0571
  0.0576  0.0563  0.0552  0.0553  0.0552  0.0551
  0.0630  0.0554  0.0569  0.0578  0.0565  0.0563
  0.0686  0.0578  0.0609  0.0612  0.0616  0.0588
  0.0749  0.0611  0.0656  0.0636  0.0672  0.0611
niter,ni,del,rscale     6    3   12.0000    1.2000
parameters
   -1.6196   -4.3481    9.2059   -1.9713   12.0514   -4.7095
eta,q 0.94488 12.17256
  0.0652  0.0649  0.0629  0.0630  0.0666  0.0621
  0.0609  0.0617  0.0603  0.0608  0.0620  0.0596
  0.0565  0.0571  0.0575  0.0567  0.0576  0.0566
  0.0551  0.0552  0.0552  0.0552  0.0551  0.0551
  0.0565  0.0574  0.0562  0.0577  0.0565  0.0567
  0.0610  0.0606  0.0594  0.0610  0.0615  0.0592
  0.0665  0.0655  0.0641  0.0634  0.0670  0.0616
niter,ni,del,rscale     5    3   12.0000    1.2000
parameters
   -1.6364   -4.3241    9.1904   -2.0211   12.0661   -4.6726
eta,q 0.94489 12.17378
  0.0656  0.0648  0.0630  0.0631  0.0665  0.0620
  0.0612  0.0618  0.0603  0.0609  0.0620  0.0595
  0.0567  0.0572  0.0575  0.0569  0.0576  0.0564
  0.0551  0.0551  0.0551  0.0551  0.0551  0.0551
  0.0564  0.0573  0.0562  0.0576  0.0566  0.0568
  0.0607  0.0605  0.0594  0.0608  0.0616  0.0594
  0.0662  0.0654  0.0641  0.0633  0.0670  0.0618
registration optimization eta report
parameter search radius
    6.0000    6.0000    6.9000    6.0000    9.1253    6.9000
100000*second partial in parameter space
       29.       26.       17.       20.       13.       13.
  0.0656  0.0648  0.0630  0.0631  0.0665  0.0620
  0.0612  0.0618  0.0603  0.0609  0.0620  0.0595
  0.0567  0.0572  0.0575  0.0569  0.0576  0.0564
  0.0551  0.0551  0.0551  0.0551  0.0551  0.0551
  0.0564  0.0573  0.0562  0.0576  0.0566  0.0568
  0.0607  0.0605  0.0594  0.0608  0.0616  0.0594
  0.0662  0.0654  0.0641  0.0633  0.0670  0.0618
   -1.6364   -4.3241    9.1904   -2.0211   12.0661   -4.6726
eta,q 0.94489 12.17378

---------------------------------------------------------------------
imgreg_4dfp /opt/freesurfer/average/711-2C_as_mni_average_305 /opt/freesurfer/average/711-2B_as_mni_average_305_mask talsrcimg_g11 none talsrcimg_to_711-2C_as_mni_average_305_t4 3335
---------------------------------------------------------------------

freesurfer imgreg_4dfp.c
/opt/freesurfer/average/711-2C_as_mni_average_305.4dfp.img
       256       256       256         1
  1.000000  1.000000  1.000000
orientation T byte_order littleendian
Reading image: /opt/freesurfer/average/711-2C_as_mni_average_305.4dfp.img
dimensions:      256       256       256
mmppix:       1.0000   -1.0000   -1.0000
center:     128.0000 -129.0000 -129.0000
/opt/freesurfer/average/711-2B_as_mni_average_305_mask.4dfp.img
       256       256       256         1
  1.000000  1.000000  1.000000
orientation T byte_order littleendian
Reading mask: /opt/freesurfer/average/711-2B_as_mni_average_305_mask.4dfp.img (2306576 pixels)
talsrcimg_g11.4dfp.img
       256       256       256         1
  1.000000  1.000000  1.000000
orientation T byte_order littleendian
Reading image: talsrcimg_g11.4dfp.img
dimensions:      256       256       256
mmppix:       1.0000   -1.0000   -1.0000
center:     128.0000 -129.0000 -129.0000
fimgreg.f
image alignment mode   3335 decimal      D07 hex
parameters
   -1.6364   -4.3241    9.1904   -2.5343   -0.4544   -2.2701
    8.8760  -20.5342   -7.9663    5.2169   20.9039   -3.4488
eta,q 0.94618 12.19888
niter,ni,del,rscale     5    3    5.0000    1.2000
parameter  4  2.380161 ->  0.500000 qaram    1.1500
parameter  5  4.761881 ->  0.500000 qaram    1.1500
parameter  6  1.248399 ->  0.500000 qaram    1.1500
parameter 10  0.565282 ->  0.500000 qaram    1.1500
parameters
   -1.4858   -4.2441    9.3925   -6.6743   -4.5944   -6.4101
    7.8300  -16.9807   -5.7929    1.0769   18.2248   -5.0918
eta,q 0.96510 11.65443
  0.0560  0.0557  0.0555  0.0453  0.0380  0.0368  0.0395  0.0455  0.0390  0.0363  0.0358  0.0358
  0.0549  0.0546  0.0546  0.0471  0.0414  0.0375  0.0386  0.0424  0.0379  0.0353  0.0352  0.0352
  0.0542  0.0540  0.0540  0.0501  0.0448  0.0395  0.0380  0.0398  0.0371  0.0354  0.0349  0.0349
  0.0538  0.0538  0.0538  0.0538  0.0478  0.0424  0.0380  0.0379  0.0367  0.0365  0.0352  0.0349
  0.0539  0.0541  0.0539  0.0579  0.0514  0.0461  0.0384  0.0368  0.0365  0.0383  0.0361  0.0353
  0.0545  0.0546  0.0543  0.0624  0.0558  0.0504  0.0394  0.0369  0.0367  0.0403  0.0374  0.0361
  0.0556  0.0553  0.0549  0.0669  0.0601  0.0555  0.0408  0.0382  0.0372  0.0429  0.0391  0.0372
niter,ni,del,rscale     7    3    5.0000    1.2000
parameter  4  0.677749 ->  0.500000 qaram    1.3225
parameter  5  1.785538 ->  0.500000 qaram    1.3225
parameters
   -1.9990   -3.7793    9.4988  -11.4353   -9.3554   -9.6678
    9.3089  -17.4970   -6.6688    4.3097   18.0557   -3.5322
eta,q 0.97249 11.24977
  0.0368  0.0373  0.0369  0.0328  0.0266  0.0289  0.0316  0.0317  0.0299  0.0349  0.0283  0.0293
  0.0354  0.0361  0.0357  0.0326  0.0278  0.0286  0.0302  0.0294  0.0290  0.0322  0.0279  0.0285
  0.0348  0.0352  0.0349  0.0330  0.0299  0.0286  0.0292  0.0284  0.0285  0.0300  0.0276  0.0279
  0.0349  0.0347  0.0347  0.0347  0.0326  0.0283  0.0286  0.0285  0.0284  0.0284  0.0276  0.0276
  0.0358  0.0347  0.0349  0.0380  0.0359  0.0295  0.0285  0.0292  0.0288  0.0276  0.0277  0.0275
  0.0374  0.0351  0.0355  0.0426  0.0395  0.0331  0.0290  0.0305  0.0296  0.0279  0.0279  0.0278
  0.0396  0.0359  0.0365  0.0477  0.0435  0.0382  0.0299  0.0323  0.0308  0.0294  0.0284  0.0283
niter,ni,del,rscale     7    3    5.0000    1.2000
parameter  3  0.600380 ->  0.500000 qaram    1.1500
parameter  5  0.648906 ->  0.500000 qaram    1.5209
parameters
   -1.8390   -3.8913    8.1188  -13.7234  -14.8306  -11.6222
    9.9894  -17.3094   -6.6670    4.5750   17.4985   -4.8048
eta,q 0.97451 10.75585
  0.0307  0.0297  0.0273  0.0291  0.0261  0.0271  0.0282  0.0294  0.0269  0.0289  0.0261  0.0262
  0.0291  0.0284  0.0270  0.0278  0.0255  0.0261  0.0269  0.0271  0.0261  0.0271  0.0257  0.0257
  0.0280  0.0276  0.0271  0.0271  0.0256  0.0256  0.0259  0.0258  0.0257  0.0260  0.0255  0.0255
  0.0275  0.0275  0.0275  0.0270  0.0270  0.0254  0.0255  0.0255  0.0255  0.0255  0.0255  0.0255
  0.0277  0.0279  0.0280  0.0279  0.0298  0.0259  0.0257  0.0260  0.0257  0.0257  0.0257  0.0257
  0.0285  0.0288  0.0288  0.0302  0.0335  0.0280  0.0263  0.0271  0.0261  0.0267  0.0259  0.0262
  0.0300  0.0301  0.0298  0.0344  0.0369  0.0311  0.0273  0.0287  0.0269  0.0286  0.0262  0.0270
niter,ni,del,rscale     7    3    5.0000    1.2000
parameters
   -1.5848   -3.4054    7.9977  -13.2473  -16.9515  -12.0428
   10.1666  -17.2025   -6.6845    5.7989   17.0008   -5.8578
eta,q 0.97466 10.64229
  0.0287  0.0283  0.0268  0.0285  0.0279  0.0277  0.0277  0.0291  0.0268  0.0287  0.0260  0.0261
  0.0271  0.0269  0.0260  0.0270  0.0266  0.0264  0.0265  0.0269  0.0260  0.0269  0.0256  0.0256
  0.0260  0.0259  0.0255  0.0259  0.0257  0.0256  0.0257  0.0257  0.0256  0.0259  0.0254  0.0254
  0.0255  0.0254  0.0254  0.0254  0.0253  0.0254  0.0254  0.0254  0.0255  0.0255  0.0254  0.0254
  0.0256  0.0254  0.0256  0.0253  0.0261  0.0254  0.0257  0.0260  0.0256  0.0254  0.0255  0.0256
  0.0263  0.0258  0.0262  0.0261  0.0284  0.0263  0.0264  0.0271  0.0261  0.0259  0.0258  0.0260
  0.0276  0.0267  0.0270  0.0283  0.0323  0.0286  0.0274  0.0286  0.0268  0.0272  0.0262  0.0267
niter,ni,del,rscale     6    3    5.0000    1.2000
parameters
   -1.5306   -2.8891    7.8342  -13.5230  -18.0102  -12.3590
   10.2833  -17.1274   -6.4574    7.3054   16.6589   -6.5011
eta,q 0.97472 10.55834
  0.0281  0.0279  0.0267  0.0279  0.0280  0.0277  0.0275  0.0288  0.0267  0.0284  0.0260  0.0262
  0.0266  0.0266  0.0258  0.0265  0.0267  0.0264  0.0264  0.0268  0.0260  0.0268  0.0256  0.0257
  0.0257  0.0258  0.0254  0.0257  0.0258  0.0256  0.0256  0.0256  0.0255  0.0258  0.0253  0.0253
  0.0253  0.0253  0.0253  0.0253  0.0253  0.0254  0.0254  0.0254  0.0254  0.0254  0.0253  0.0253
  0.0256  0.0253  0.0255  0.0254  0.0255  0.0254  0.0256  0.0259  0.0255  0.0253  0.0254  0.0255
  0.0264  0.0256  0.0261  0.0263  0.0270  0.0263  0.0263  0.0270  0.0259  0.0257  0.0257  0.0259
  0.0279  0.0264  0.0271  0.0287  0.0302  0.0285  0.0273  0.0284  0.0266  0.0268  0.0261  0.0265
niter,ni,del,rscale     5    3    5.0000    1.2000
parameters
   -1.4933   -2.3037    7.4993  -13.8122  -19.2382  -12.9920
   10.2794  -16.9493   -6.3238    9.1884   16.3393   -7.0328
eta,q 0.97489 10.45028
  0.0279  0.0278  0.0265  0.0276  0.0274  0.0275  0.0272  0.0287  0.0265  0.0283  0.0259  0.0260
  0.0265  0.0265  0.0257  0.0263  0.0262  0.0262  0.0261  0.0267  0.0258  0.0268  0.0254  0.0255
  0.0256  0.0257  0.0252  0.0255  0.0255  0.0255  0.0255  0.0255  0.0254  0.0258  0.0252  0.0252
  0.0253  0.0253  0.0252  0.0252  0.0252  0.0252  0.0253  0.0252  0.0253  0.0253  0.0251  0.0251
  0.0255  0.0252  0.0255  0.0253  0.0253  0.0254  0.0255  0.0257  0.0254  0.0251  0.0253  0.0253
  0.0264  0.0255  0.0262  0.0262  0.0267  0.0264  0.0262  0.0267  0.0258  0.0254  0.0256  0.0257
  0.0277  0.0261  0.0272  0.0284  0.0296  0.0288  0.0271  0.0281  0.0264  0.0264  0.0260  0.0263
niter,ni,del,rscale     4    3    5.0000    1.2000
parameters
   -1.3933   -1.4815    7.0206  -14.2742  -20.9969  -13.9518
   10.0657  -16.5295   -6.4338   11.3698   16.2629   -7.6017
eta,q 0.97528 10.29198
  0.0277  0.0278  0.0260  0.0271  0.0268  0.0269  0.0265  0.0283  0.0263  0.0284  0.0255  0.0255
  0.0263  0.0266  0.0253  0.0258  0.0256  0.0258  0.0256  0.0264  0.0255  0.0268  0.0251  0.0251
  0.0255  0.0257  0.0249  0.0251  0.0249  0.0250  0.0250  0.0252  0.0250  0.0255  0.0248  0.0248
  0.0251  0.0251  0.0249  0.0248  0.0249  0.0249  0.0249  0.0249  0.0249  0.0249  0.0247  0.0247
  0.0253  0.0249  0.0253  0.0250  0.0252  0.0251  0.0252  0.0252  0.0251  0.0247  0.0249  0.0249
  0.0261  0.0251  0.0261  0.0259  0.0265  0.0263  0.0258  0.0261  0.0256  0.0251  0.0251  0.0253
  0.0273  0.0256  0.0271  0.0279  0.0293  0.0287  0.0267  0.0274  0.0264  0.0260  0.0255  0.0258
niter,ni,del,rscale     3    3    5.0000    1.2000
parameters
   -1.1774   -0.6075    6.4505  -14.7265  -22.3043  -14.9312
    9.7473  -15.9564   -6.6627   12.9629   16.4518   -8.3348
eta,q 0.97568 10.16292
  0.0274  0.0277  0.0254  0.0266  0.0267  0.0263  0.0259  0.0279  0.0260  0.0281  0.0252  0.0251
  0.0260  0.0263  0.0248  0.0253  0.0253  0.0252  0.0250  0.0260  0.0251  0.0262  0.0247  0.0246
  0.0251  0.0253  0.0244  0.0245  0.0245  0.0245  0.0245  0.0248  0.0245  0.0249  0.0244  0.0244
  0.0247  0.0247  0.0244  0.0244  0.0244  0.0243  0.0244  0.0244  0.0244  0.0244  0.0243  0.0243
  0.0249  0.0245  0.0249  0.0246  0.0248  0.0246  0.0247  0.0246  0.0246  0.0244  0.0244  0.0245
  0.0255  0.0246  0.0257  0.0254  0.0259  0.0257  0.0253  0.0255  0.0252  0.0249  0.0247  0.0249
  0.0266  0.0252  0.0267  0.0272  0.0285  0.0280  0.0262  0.0268  0.0262  0.0259  0.0251  0.0255
niter,ni,del,rscale     2    3    5.0000    1.2000
parameters
   -0.9229   -0.0926    6.0073  -14.8590  -22.8280  -15.5624
    9.6316  -15.5577   -6.8156   13.8475   16.5160   -8.9913
eta,q 0.97581 10.11079
  0.0270  0.0269  0.0252  0.0265  0.0270  0.0261  0.0258  0.0276  0.0259  0.0275  0.0250  0.0250
  0.0256  0.0257  0.0246  0.0251  0.0254  0.0251  0.0249  0.0257  0.0250  0.0257  0.0246  0.0245
  0.0247  0.0248  0.0242  0.0243  0.0244  0.0244  0.0243  0.0246  0.0244  0.0246  0.0243  0.0243
  0.0243  0.0243  0.0242  0.0242  0.0242  0.0242  0.0242  0.0242  0.0242  0.0242  0.0242  0.0242
  0.0244  0.0242  0.0245  0.0243  0.0245  0.0243  0.0244  0.0245  0.0244  0.0244  0.0243  0.0244
  0.0250  0.0246  0.0252  0.0251  0.0255  0.0251  0.0250  0.0254  0.0251  0.0251  0.0246  0.0248
  0.0260  0.0254  0.0262  0.0267  0.0278  0.0273  0.0259  0.0267  0.0261  0.0262  0.0250  0.0254
niter,ni,del,rscale     1    3    5.0000    1.2000
parameters
   -0.7606    0.1651    5.7236  -14.8708  -23.0540  -15.9061
    9.6531  -15.3420   -6.8678   14.3471   16.5202   -9.4127
eta,q 0.97581 10.09159
  0.0267  0.0265  0.0253  0.0265  0.0271  0.0262  0.0259  0.0274  0.0260  0.0272  0.0250  0.0251
  0.0253  0.0253  0.0246  0.0251  0.0255  0.0251  0.0250  0.0255  0.0250  0.0255  0.0245  0.0246
  0.0245  0.0245  0.0242  0.0243  0.0245  0.0244  0.0244  0.0245  0.0244  0.0244  0.0243  0.0243
  0.0242  0.0242  0.0242  0.0242  0.0242  0.0242  0.0242  0.0242  0.0242  0.0242  0.0242  0.0242
  0.0244  0.0243  0.0244  0.0243  0.0245  0.0243  0.0244  0.0245  0.0244  0.0245  0.0243  0.0243
  0.0250  0.0248  0.0250  0.0250  0.0254  0.0249  0.0250  0.0255  0.0250  0.0252  0.0246  0.0247
  0.0260  0.0257  0.0260  0.0265  0.0276  0.0270  0.0258  0.0269  0.0260  0.0264  0.0249  0.0253
registration optimization eta report
parameter search radius
    2.4000    2.4000    2.7600    9.5220   10.9503    8.2800
    7.2000    7.2000    7.2000    8.2800    7.2000    7.2000
100000*second partial in parameter space
       38.       32.       20.        3.        3.        4.
        3.        6.        3.        4.        1.        2.
  0.0267  0.0265  0.0253  0.0265  0.0271  0.0262  0.0259  0.0274  0.0260  0.0272  0.0250  0.0251
  0.0253  0.0253  0.0246  0.0251  0.0255  0.0251  0.0250  0.0255  0.0250  0.0255  0.0245  0.0246
  0.0245  0.0245  0.0242  0.0243  0.0245  0.0244  0.0244  0.0245  0.0244  0.0244  0.0243  0.0243
  0.0242  0.0242  0.0242  0.0242  0.0242  0.0242  0.0242  0.0242  0.0242  0.0242  0.0242  0.0242
  0.0244  0.0243  0.0244  0.0243  0.0245  0.0243  0.0244  0.0245  0.0244  0.0245  0.0243  0.0243
  0.0250  0.0248  0.0250  0.0250  0.0254  0.0249  0.0250  0.0255  0.0250  0.0252  0.0246  0.0247
  0.0260  0.0257  0.0260  0.0265  0.0276  0.0270  0.0258  0.0269  0.0260  0.0264  0.0249  0.0253
   -0.7606    0.1651    5.7236  -14.8708  -23.0540  -15.9061
    9.6531  -15.3420   -6.8678   14.3471   16.5202   -9.4127
eta,q 0.97581 10.09159

---------------------------------------------------------------------
imgreg_4dfp /opt/freesurfer/average/711-2C_as_mni_average_305 /opt/freesurfer/average/711-2B_as_mni_average_305_mask talsrcimg_g11 none talsrcimg_to_711-2C_as_mni_average_305_t4 2311
---------------------------------------------------------------------

freesurfer imgreg_4dfp.c
/opt/freesurfer/average/711-2C_as_mni_average_305.4dfp.img
       256       256       256         1
  1.000000  1.000000  1.000000
orientation T byte_order littleendian
Reading image: /opt/freesurfer/average/711-2C_as_mni_average_305.4dfp.img
dimensions:      256       256       256
mmppix:       1.0000   -1.0000   -1.0000
center:     128.0000 -129.0000 -129.0000
/opt/freesurfer/average/711-2B_as_mni_average_305_mask.4dfp.img
       256       256       256         1
  1.000000  1.000000  1.000000
orientation T byte_order littleendian
Reading mask: /opt/freesurfer/average/711-2B_as_mni_average_305_mask.4dfp.img (2306576 pixels)
talsrcimg_g11.4dfp.img
       256       256       256         1
  1.000000  1.000000  1.000000
orientation T byte_order littleendian
Reading image: talsrcimg_g11.4dfp.img
dimensions:      256       256       256
mmppix:       1.0000   -1.0000   -1.0000
center:     128.0000 -129.0000 -129.0000
fimgreg.f
image alignment mode   2311 decimal      907 hex
parameters
   -0.7606    0.1651    5.7236  -14.8708  -23.0540  -15.9061
    9.6531  -15.3420   -6.8678   14.3471   16.5202   -9.4127
eta,q 0.97581 10.09158
niter,ni,del,rscale     5    3    5.0000    0.8000
parameters
   -0.6907    0.3005    5.5797  -14.9453  -22.8486  -15.0628
    9.6183  -15.5731   -6.9337   14.4407   16.4397   -9.6615
eta,q 0.97585 10.13912
  0.0252  0.0252  0.0246  0.0246  0.0248  0.0249  0.0250  0.0255  0.0250  0.0251  0.0245  0.0246
  0.0247  0.0247  0.0243  0.0243  0.0244  0.0246  0.0245  0.0246  0.0245  0.0245  0.0243  0.0243
  0.0243  0.0243  0.0242  0.0242  0.0242  0.0243  0.0243  0.0242  0.0242  0.0242  0.0242  0.0242
  0.0242  0.0242  0.0242  0.0242  0.0242  0.0242  0.0242  0.0242  0.0242  0.0242  0.0242  0.0242
  0.0243  0.0242  0.0243  0.0242  0.0242  0.0242  0.0243  0.0244  0.0243  0.0243  0.0242  0.0242
  0.0246  0.0245  0.0245  0.0244  0.0244  0.0243  0.0246  0.0249  0.0245  0.0246  0.0243  0.0244
  0.0251  0.0249  0.0248  0.0246  0.0247  0.0245  0.0250  0.0256  0.0250  0.0250  0.0245  0.0246
niter,ni,del,rscale     4    3    5.0000    0.7000
parameters
   -0.6648    0.2396    5.6778  -14.8762  -22.6935  -14.7658
    9.6030  -15.6355   -6.9379   14.3483   16.3937   -9.5884
eta,q 0.97585 10.16262
  0.0249  0.0247  0.0246  0.0245  0.0246  0.0247  0.0248  0.0253  0.0248  0.0248  0.0244  0.0245
  0.0245  0.0244  0.0244  0.0243  0.0243  0.0244  0.0244  0.0246  0.0244  0.0244  0.0243  0.0243
  0.0242  0.0242  0.0242  0.0242  0.0242  0.0242  0.0242  0.0242  0.0242  0.0242  0.0242  0.0242
  0.0242  0.0242  0.0242  0.0242  0.0241  0.0242  0.0242  0.0241  0.0241  0.0241  0.0241  0.0241
  0.0242  0.0242  0.0242  0.0242  0.0242  0.0242  0.0242  0.0243  0.0242  0.0243  0.0242  0.0242
  0.0245  0.0245  0.0243  0.0243  0.0243  0.0243  0.0244  0.0247  0.0244  0.0245  0.0243  0.0243
  0.0249  0.0248  0.0245  0.0245  0.0245  0.0246  0.0248  0.0253  0.0248  0.0248  0.0244  0.0245
niter,ni,del,rscale     3    3    5.0000    0.6000
parameters
   -0.6815    0.1818    5.7476  -14.9185  -22.6296  -14.5622
    9.5703  -15.7231   -6.9366   14.2240   16.4060   -9.5429
eta,q 0.97587 10.17124
  0.0247  0.0246  0.0245  0.0244  0.0244  0.0245  0.0246  0.0250  0.0246  0.0246  0.0244  0.0244
  0.0244  0.0243  0.0243  0.0242  0.0243  0.0243  0.0243  0.0245  0.0243  0.0243  0.0242  0.0242
  0.0242  0.0242  0.0242  0.0241  0.0242  0.0242  0.0242  0.0242  0.0242  0.0242  0.0242  0.0242
  0.0241  0.0241  0.0241  0.0241  0.0241  0.0241  0.0241  0.0241  0.0241  0.0241  0.0241  0.0241
  0.0242  0.0242  0.0242  0.0242  0.0242  0.0242  0.0242  0.0243  0.0242  0.0242  0.0242  0.0242
  0.0244  0.0244  0.0242  0.0242  0.0243  0.0242  0.0244  0.0246  0.0243  0.0244  0.0242  0.0242
  0.0247  0.0247  0.0244  0.0244  0.0244  0.0244  0.0246  0.0250  0.0246  0.0246  0.0243  0.0244
niter,ni,del,rscale     2    3    5.0000    0.5000
parameters
   -0.7053    0.1399    5.8072  -14.9799  -22.6102  -14.3948
    9.5527  -15.8093   -6.9451   14.1313   16.4121   -9.5008
eta,q 0.97587 10.17542
  0.0245  0.0244  0.0244  0.0243  0.0243  0.0244  0.0245  0.0247  0.0245  0.0245  0.0243  0.0243
  0.0243  0.0243  0.0242  0.0242  0.0242  0.0242  0.0243  0.0244  0.0243  0.0243  0.0242  0.0242
  0.0242  0.0242  0.0242  0.0241  0.0242  0.0242  0.0242  0.0242  0.0242  0.0241  0.0241  0.0241
  0.0241  0.0241  0.0241  0.0241  0.0241  0.0241  0.0241  0.0241  0.0241  0.0241  0.0241  0.0241
  0.0242  0.0242  0.0241  0.0242  0.0242  0.0242  0.0242  0.0242  0.0242  0.0242  0.0242  0.0241
  0.0243  0.0243  0.0242  0.0242  0.0242  0.0242  0.0243  0.0244  0.0243  0.0243  0.0242  0.0242
  0.0245  0.0245  0.0243  0.0243  0.0243  0.0243  0.0245  0.0247  0.0245  0.0245  0.0243  0.0243
niter,ni,del,rscale     1    3    5.0000    0.4000
parameters
   -0.7338    0.1033    5.8494  -15.0947  -22.5897  -14.2996
    9.5392  -15.8784   -6.9541   14.0279   16.4192   -9.4348
eta,q 0.97587 10.17331
  0.0244  0.0243  0.0243  0.0242  0.0243  0.0243  0.0243  0.0245  0.0243  0.0243  0.0242  0.0242
  0.0242  0.0242  0.0242  0.0241  0.0242  0.0242  0.0242  0.0243  0.0242  0.0242  0.0242  0.0242
  0.0241  0.0241  0.0241  0.0241  0.0241  0.0241  0.0241  0.0242  0.0241  0.0241  0.0241  0.0241
  0.0241  0.0241  0.0241  0.0241  0.0241  0.0241  0.0241  0.0241  0.0241  0.0241  0.0241  0.0241
  0.0242  0.0242  0.0241  0.0241  0.0241  0.0241  0.0242  0.0242  0.0241  0.0242  0.0241  0.0241
  0.0243  0.0242  0.0242  0.0242  0.0242  0.0242  0.0242  0.0243  0.0242  0.0242  0.0242  0.0242
  0.0244  0.0244  0.0242  0.0242  0.0242  0.0242  0.0243  0.0245  0.0243  0.0244  0.0242  0.0242
registration optimization eta report
parameter search radius
    0.8000    0.8000    0.8000    2.4000    2.4000    2.4000
    2.4000    2.4000    2.4000    2.4000    2.4000    2.4000
100000*second partial in parameter space
       39.       33.       20.        1.        2.        2.
        4.        7.        4.        4.        2.        2.
  0.0244  0.0243  0.0243  0.0242  0.0243  0.0243  0.0243  0.0245  0.0243  0.0243  0.0242  0.0242
  0.0242  0.0242  0.0242  0.0241  0.0242  0.0242  0.0242  0.0243  0.0242  0.0242  0.0242  0.0242
  0.0241  0.0241  0.0241  0.0241  0.0241  0.0241  0.0241  0.0242  0.0241  0.0241  0.0241  0.0241
  0.0241  0.0241  0.0241  0.0241  0.0241  0.0241  0.0241  0.0241  0.0241  0.0241  0.0241  0.0241
  0.0242  0.0242  0.0241  0.0241  0.0241  0.0241  0.0242  0.0242  0.0241  0.0242  0.0241  0.0241
  0.0243  0.0242  0.0242  0.0242  0.0242  0.0242  0.0242  0.0243  0.0242  0.0242  0.0242  0.0242
  0.0244  0.0244  0.0242  0.0242  0.0242  0.0242  0.0243  0.0245  0.0243  0.0244  0.0242  0.0242
   -0.7338    0.1033    5.8494  -15.0947  -22.5897  -14.2996
    9.5392  -15.8784   -6.9541   14.0279   16.4192   -9.4348
eta,q 0.97587 10.17331

---------------------------------------------------------------------
imgreg_4dfp /opt/freesurfer/average/711-2C_as_mni_average_305 /opt/freesurfer/average/711-2B_as_mni_average_305_mask talsrcimg_g11 none talsrcimg_to_711-2C_as_mni_average_305_t4 2311
---------------------------------------------------------------------

freesurfer imgreg_4dfp.c
/opt/freesurfer/average/711-2C_as_mni_average_305.4dfp.img
       256       256       256         1
  1.000000  1.000000  1.000000
orientation T byte_order littleendian
Reading image: /opt/freesurfer/average/711-2C_as_mni_average_305.4dfp.img
dimensions:      256       256       256
mmppix:       1.0000   -1.0000   -1.0000
center:     128.0000 -129.0000 -129.0000
/opt/freesurfer/average/711-2B_as_mni_average_305_mask.4dfp.img
       256       256       256         1
  1.000000  1.000000  1.000000
orientation T byte_order littleendian
Reading mask: /opt/freesurfer/average/711-2B_as_mni_average_305_mask.4dfp.img (2306576 pixels)
talsrcimg_g11.4dfp.img
       256       256       256         1
  1.000000  1.000000  1.000000
orientation T byte_order littleendian
Reading image: talsrcimg_g11.4dfp.img
dimensions:      256       256       256
mmppix:       1.0000   -1.0000   -1.0000
center:     128.0000 -129.0000 -129.0000
fimgreg.f
image alignment mode   2311 decimal      907 hex
parameters
   -0.7338    0.1033    5.8494  -15.0948  -22.5897  -14.2996
    9.5392  -15.8784   -6.9541   14.0279   16.4192   -9.4348
eta,q 0.97587 10.17331
niter,ni,del,rscale     5    3    5.0000    0.8000
parameters
   -0.7488    0.0821    5.8778  -14.8044  -22.5639  -14.7106
    9.6264  -15.6639   -6.9195   14.1184   16.3662   -9.3243
eta,q 0.97586 10.17104
  0.0251  0.0249  0.0247  0.0247  0.0247  0.0247  0.0250  0.0258  0.0250  0.0251  0.0245  0.0246
  0.0246  0.0245  0.0244  0.0243  0.0244  0.0244  0.0245  0.0248  0.0245  0.0245  0.0243  0.0243
  0.0242  0.0242  0.0242  0.0242  0.0242  0.0242  0.0242  0.0243  0.0242  0.0242  0.0242  0.0242
  0.0241  0.0241  0.0241  0.0241  0.0241  0.0241  0.0241  0.0241  0.0241  0.0241  0.0241  0.0241
  0.0242  0.0242  0.0242  0.0242  0.0242  0.0242  0.0242  0.0243  0.0242  0.0243  0.0242  0.0242
  0.0246  0.0245  0.0243  0.0243  0.0244  0.0244  0.0245  0.0248  0.0245  0.0245  0.0243  0.0243
  0.0251  0.0250  0.0246  0.0245  0.0246  0.0251  0.0249  0.0254  0.0249  0.0249  0.0245  0.0246
niter,ni,del,rscale     4    3    5.0000    0.7000
parameters
   -0.7266    0.1197    5.8080  -14.8346  -22.6137  -14.6613
    9.5694  -15.7021   -6.9132   14.1380   16.3578   -9.4072
eta,q 0.97587 10.16943
  0.0249  0.0248  0.0245  0.0245  0.0245  0.0246  0.0248  0.0253  0.0248  0.0248  0.0244  0.0245
  0.0245  0.0245  0.0243  0.0242  0.0243  0.0244  0.0244  0.0246  0.0244  0.0244  0.0243  0.0243
  0.0242  0.0242  0.0242  0.0241  0.0242  0.0242  0.0242  0.0242  0.0242  0.0242  0.0242  0.0242
  0.0241  0.0241  0.0241  0.0241  0.0241  0.0241  0.0241  0.0241  0.0241  0.0241  0.0241  0.0241
  0.0242  0.0242  0.0242  0.0242  0.0242  0.0242  0.0242  0.0243  0.0242  0.0242  0.0242  0.0242
  0.0245  0.0244  0.0243  0.0243  0.0243  0.0243  0.0244  0.0247  0.0244  0.0244  0.0243  0.0243
  0.0249  0.0248  0.0246  0.0245  0.0245  0.0246  0.0248  0.0252  0.0248  0.0248  0.0244  0.0245
niter,ni,del,rscale     3    3    5.0000    0.6000
parameters
   -0.7128    0.1306    5.8057  -14.9123  -22.6246  -14.5446
    9.5477  -15.7493   -6.9301   14.1155   16.3822   -9.4407
eta,q 0.97587 10.17012
  0.0247  0.0246  0.0244  0.0244  0.0244  0.0245  0.0246  0.0250  0.0246  0.0246  0.0244  0.0244
  0.0244  0.0244  0.0243  0.0242  0.0243  0.0243  0.0243  0.0245  0.0243  0.0243  0.0242  0.0242
  0.0242  0.0242  0.0242  0.0241  0.0242  0.0242  0.0242  0.0242  0.0242  0.0242  0.0242  0.0242
  0.0241  0.0241  0.0241  0.0241  0.0241  0.0241  0.0241  0.0241  0.0241  0.0241  0.0241  0.0241
  0.0242  0.0242  0.0242  0.0242  0.0242  0.0242  0.0242  0.0243  0.0242  0.0242  0.0242  0.0242
  0.0244  0.0243  0.0243  0.0242  0.0243  0.0242  0.0244  0.0245  0.0244  0.0244  0.0242  0.0242
  0.0247  0.0246  0.0244  0.0244  0.0244  0.0245  0.0246  0.0250  0.0246  0.0246  0.0243  0.0244
niter,ni,del,rscale     2    3    5.0000    0.5000
parameters
   -0.7245    0.1194    5.8351  -14.9933  -22.6243  -14.4037
    9.5473  -15.8245   -6.9408   14.0556   16.4070   -9.4490
eta,q 0.97588 10.17206
  0.0245  0.0245  0.0243  0.0243  0.0243  0.0244  0.0245  0.0247  0.0245  0.0245  0.0243  0.0243
  0.0243  0.0243  0.0242  0.0242  0.0242  0.0242  0.0243  0.0244  0.0243  0.0243  0.0242  0.0242
  0.0242  0.0242  0.0242  0.0241  0.0242  0.0242  0.0242  0.0242  0.0242  0.0241  0.0241  0.0241
  0.0241  0.0241  0.0241  0.0241  0.0241  0.0241  0.0241  0.0241  0.0241  0.0241  0.0241  0.0241
  0.0242  0.0242  0.0241  0.0242  0.0242  0.0241  0.0242  0.0242  0.0242  0.0242  0.0241  0.0242
  0.0243  0.0243  0.0242  0.0242  0.0242  0.0242  0.0243  0.0244  0.0243  0.0243  0.0242  0.0242
  0.0245  0.0245  0.0243  0.0243  0.0243  0.0243  0.0245  0.0247  0.0245  0.0245  0.0243  0.0243
niter,ni,del,rscale     1    3    5.0000    0.4000
parameters
   -0.7431    0.0972    5.8653  -15.0837  -22.6275  -14.3418
    9.5358  -15.8828   -6.9543   13.9848   16.4339   -9.4256
eta,q 0.97588 10.16928
  0.0244  0.0243  0.0243  0.0242  0.0243  0.0243  0.0243  0.0245  0.0243  0.0243  0.0242  0.0242
  0.0242  0.0242  0.0242  0.0241  0.0242  0.0242  0.0242  0.0243  0.0242  0.0242  0.0242  0.0242
  0.0241  0.0241  0.0241  0.0241  0.0241  0.0241  0.0242  0.0242  0.0241  0.0241  0.0241  0.0241
  0.0241  0.0241  0.0241  0.0241  0.0241  0.0241  0.0241  0.0241  0.0241  0.0241  0.0241  0.0241
  0.0242  0.0242  0.0241  0.0241  0.0241  0.0241  0.0242  0.0242  0.0241  0.0242  0.0241  0.0241
  0.0242  0.0242  0.0242  0.0242  0.0242  0.0242  0.0242  0.0243  0.0242  0.0242  0.0242  0.0242
  0.0244  0.0244  0.0242  0.0242  0.0243  0.0243  0.0243  0.0245  0.0243  0.0243  0.0242  0.0242
registration optimization eta report
parameter search radius
    0.8000    0.8000    0.8000    2.4000    2.4000    2.4000
    2.4000    2.4000    2.4000    2.4000    2.4000    2.4000
100000*second partial in parameter space
       40.       33.       20.        2.        2.        2.
        4.        7.        4.        4.        2.        2.
  0.0244  0.0243  0.0243  0.0242  0.0243  0.0243  0.0243  0.0245  0.0243  0.0243  0.0242  0.0242
  0.0242  0.0242  0.0242  0.0241  0.0242  0.0242  0.0242  0.0243  0.0242  0.0242  0.0242  0.0242
  0.0241  0.0241  0.0241  0.0241  0.0241  0.0241  0.0242  0.0242  0.0241  0.0241  0.0241  0.0241
  0.0241  0.0241  0.0241  0.0241  0.0241  0.0241  0.0241  0.0241  0.0241  0.0241  0.0241  0.0241
  0.0242  0.0242  0.0241  0.0241  0.0241  0.0241  0.0242  0.0242  0.0241  0.0242  0.0241  0.0241
  0.0242  0.0242  0.0242  0.0242  0.0242  0.0242  0.0242  0.0243  0.0242  0.0242  0.0242  0.0242
  0.0244  0.0244  0.0242  0.0242  0.0243  0.0243  0.0243  0.0245  0.0243  0.0243  0.0242  0.0242
   -0.7431    0.0972    5.8653  -15.0837  -22.6275  -14.3418
    9.5358  -15.8828   -6.9543   13.9848   16.4339   -9.4256
eta,q 0.97588 10.16928

---------------------------------------------------------------------
compute_vox2vox talsrcimg talsrcimg_to_711-2C_as_mni_average_305_t4 /opt/freesurfer/average/711-2C_as_mni_average_305
---------------------------------------------------------------------

freesurfer compute_vox2vox.c
Reading: talsrcimg.4dfp.ifh
Reading: talsrcimg_to_711-2C_as_mni_average_305_t4
Reading: /opt/freesurfer/average/711-2C_as_mni_average_305.4dfp.ifh
Writing: talsrcimg_to_711-2C_as_mni_average_305_t4_vox2vox.txt

start time Thu Mar 12 11:00:31 CET 2026
end		time Thu Mar 12 11:02:06 CET 2026

mpr2mni305 success

avi2talxfm orig_nu.mgz /opt/freesurfer/average/mni305.cor.mgz talsrcimg_to_711-2C_as_mni_average_305_t4_vox2vox.txt transforms/talairach.auto.xfm
avi2talxfm done
mv -f /out/sourcedata/freesurfer/sub-v1s11x0050162_ses-1/mri/talsrcimg_to_711-2C_as_mni_average_305_t4_vox2vox.txt /out/sourcedata/freesurfer/sub-v1s11x0050162_ses-1/mri/transforms/talsrcimg_to_711-2C_as_mni_average_305_t4_vox2vox.txt
lta_convert --src orig_nu.mgz --trg /opt/freesurfer/average/mni305.cor.mgz --inxfm transforms/talairach.auto.xfm --outlta transforms/talairach.auto.xfm.lta --subject fsaverage
7.3.2

--src: orig_nu.mgz src image (geometry).
--trg: /opt/freesurfer/average/mni305.cor.mgz trg image (geometry).
--inmni: transforms/talairach.auto.xfm input MNI/XFM transform.
--outlta: transforms/talairach.auto.xfm.lta output LTA.
--s: fsaverage subject name
 LTA read, type : 1
 1.12467   0.22666  -0.11100   12.30168;
-0.20066   1.10423   0.15925  -13.69312;
 0.13735  -0.17921   1.25369  -38.32620;
 0.00000   0.00000   0.00000   1.00000;
setting subject to fsaverage
Writing  LTA to file transforms/talairach.auto.xfm.lta...
lta_convert successful.
 
 
Started at Thu Mar 12 11:00:31 CET 2026
Ended   at Thu Mar 12 11:02:07 CET 2026
talairach_avi done
