/out/sourcedata/freesurfer/sub-v1s11x0050170_ses-1/mri
/opt/freesurfer/bin/talairach_avi
--i orig_nu.mgz --xfm transforms/talairach.auto.xfm
talairach_avi 7.3.2
Linux dna073 5.14.0-427.37.1.el9_4.x86_64 #1 SMP PREEMPT_DYNAMIC Fri Sep 13 12:41:50 EDT 2024 x86_64 x86_64 x86_64 GNU/Linux
Sun Mar  8 12:45:37 CET 2026
mri_convert orig_nu.mgz talsrcimg.img 
reading from orig_nu.mgz...
TR=0.00, TE=0.00, TI=0.00, flip angle=0.00
i_ras = (-1, 0, 0)
j_ras = (9.31323e-10, 0, -1)
k_ras = (0, 1, 0)
writing to talsrcimg.img...
Analyze Output Matrix
-1.00000   0.00000   0.00000   121.89182;
 0.00000   0.00000   1.00000  -114.80950;
 0.00000  -1.00000   0.00000   138.89128;
 0.00000   0.00000   0.00000   1.00000;
--------------------
INFO: set hdr.hist.orient to -1
mpr2mni305 talsrcimg
Sun Mar  8 12:45:38 CET 2026
/opt/freesurfer/bin/mpr2mni305 talsrcimg
mpr2mni305 7.3.2
target=711-2C_as_mni_average_305

---------------------------------------------------------------------
analyzeto4dfp talsrcimg -O0 -y
---------------------------------------------------------------------

freesurfer ifh2hdr.c
Sun Mar  8 12:45:38 2026
Writing: talsrcimg.4dfp.hdr
freesurfer analyzeto4dfp.c
Reading: talsrcimg.hdr
header size 348 bytes
hdr.dime.datatype	offset=70	value=2
hdr.dime.bitpix		offset=72	value=8
hdr.hist.orient		offset=252	value=-1
dimensionality     4
dimensions       256       256       256         1
Reading: talsrcimg.img
Writing: talsrcimg.4dfp.img
Writing: talsrcimg.4dfp.ifh
ifh2hdr talsrcimg -r0to215
ori=2

---------------------------------------------------------------------
gauss_4dfp talsrcimg 1.1
---------------------------------------------------------------------

freesurfer gauss_4dfp.c
Reading: talsrcimg.4dfp.img
Writing: talsrcimg_g11.4dfp.img
image dimensions 256 256 256 padded to 288 288 288
processing volume 1freesurfer ifh2hdr.c
Sun Mar  8 12:45:39 2026
Writing: talsrcimg_g11.4dfp.hdr

Writing: talsrcimg_g11.4dfp.ifh
including: talsrcimg.4dfp.img.rec in talsrcimg_g11.4dfp.img.rec

---------------------------------------------------------------------
imgreg_4dfp /opt/freesurfer/average/711-2C_as_mni_average_305 none talsrcimg_g11 none talsrcimg_to_711-2C_as_mni_average_305_t4 4355
---------------------------------------------------------------------

freesurfer imgreg_4dfp.c
/opt/freesurfer/average/711-2C_as_mni_average_305.4dfp.img
       256       256       256         1
  1.000000  1.000000  1.000000
orientation T byte_order littleendian
Reading image: /opt/freesurfer/average/711-2C_as_mni_average_305.4dfp.img
dimensions:      256       256       256
mmppix:       1.0000   -1.0000   -1.0000
center:     128.0000 -129.0000 -129.0000
talsrcimg_g11.4dfp.img
       256       256       256         1
  1.000000  1.000000  1.000000
orientation T byte_order littleendian
Reading image: talsrcimg_g11.4dfp.img
dimensions:      256       256       256
mmppix:       1.0000   -1.0000   -1.0000
center:     128.0000 -129.0000 -129.0000
t4_read: open error in t4_sub.f l:  41 t4_file(1:l)talsrcimg_to_711-2C_as_mni_average_305_t4 
t4_read: transform initialized to I4
rotation matrix determinant  1.000000
image alignment mode   4355 decimal     1103 hex
   -7.5000  -45.0000  -45.0000 8503.0156   13.6459
    0.0000  -45.0000  -45.0000 8876.9385   13.6655
    7.5000  -45.0000  -45.0000 8480.3564   13.6730
   -7.5000  -37.5000  -45.0000 9080.7705   13.6020
    0.0000  -37.5000  -45.0000 9474.1143   13.6271
    7.5000  -37.5000  -45.0000 9049.2295   13.6342
   -7.5000  -30.0000  -45.0000 9935.0186   13.5835
    0.0000  -30.0000  -45.000010382.9199   13.6105
    7.5000  -30.0000  -45.0000 9895.1162   13.6178
   -7.5000  -22.5000  -45.000010727.7861   13.5911
    0.0000  -22.5000  -45.000011206.0205   13.6166
    7.5000  -22.5000  -45.000010648.9854   13.6255
   -7.5000  -15.0000  -45.000011392.5498   13.5902
    0.0000  -15.0000  -45.000011905.8516   13.6117
    7.5000  -15.0000  -45.000011315.1289   13.6213
   -7.5000   -7.5000  -45.000012047.6094   13.5823
    0.0000   -7.5000  -45.000012596.6055   13.6001
    7.5000   -7.5000  -45.000011975.6846   13.6087
   -7.5000    0.0000  -45.000012580.3301   13.5738
    0.0000    0.0000  -45.000013129.0322   13.5938
    7.5000    0.0000  -45.000012513.2432   13.6020
   -7.5000    7.5000  -45.000012137.8281   13.5742
    0.0000    7.5000  -45.000012642.4453   13.5994
    7.5000    7.5000  -45.000012043.2119   13.6068
   -7.5000   15.0000  -45.000011646.3164   13.5835
    0.0000   15.0000  -45.000012157.4902   13.6105
    7.5000   15.0000  -45.000011559.4639   13.6177
   -7.5000   22.5000  -45.000010908.4365   13.5892
    0.0000   22.5000  -45.000011390.2490   13.6147
    7.5000   22.5000  -45.000010828.7109   13.6237
   -7.5000   30.0000  -45.000010019.7803   13.4091
    0.0000   30.0000  -45.000010446.3467   13.4303
    7.5000   30.0000  -45.0000 9918.7959   13.4398
   -7.5000   37.5000  -45.0000 9453.0938   13.4013
    0.0000   37.5000  -45.0000 9876.4609   13.4188
    7.5000   37.5000  -45.0000 9368.0176   13.4274
   -7.5000   45.0000  -45.0000 8653.1924   13.0543
    0.0000   45.0000  -45.0000 9035.6846   13.0736
    7.5000   45.0000  -45.0000 8575.2070   13.0814
   -7.5000  -45.0000  -37.5000 9023.8545   13.5888
    0.0000  -45.0000  -37.5000 9443.8779   13.6032
    7.5000  -45.0000  -37.5000 9008.5908   13.6081
   -7.5000  -37.5000  -37.5000 9622.0811   13.5457
    0.0000  -37.5000  -37.500010079.9541   13.5634
    7.5000  -37.5000  -37.5000 9608.9873   13.5683
   -7.5000  -30.0000  -37.500010521.3770   13.5256
    0.0000  -30.0000  -37.500011030.6963   13.5437
    7.5000  -30.0000  -37.500010502.1211   13.5490
   -7.5000  -22.5000  -37.500011346.8750   13.5314
    0.0000  -22.5000  -37.500011888.9160   13.5485
    7.5000  -22.5000  -37.500011281.0576   13.5549
   -7.5000  -15.0000  -37.500012059.8477   13.5305
    0.0000  -15.0000  -37.500012639.7139   13.5452
    7.5000  -15.0000  -37.500011982.5234   13.5518
   -7.5000   -7.5000  -37.500012743.4434   13.5239
    0.0000   -7.5000  -37.500013337.3711   13.5367
    7.5000   -7.5000  -37.500012670.2803   13.5425
   -7.5000    0.0000  -37.500013289.1270   13.5175
    0.0000    0.0000  -37.500013900.0742   13.5324
    7.5000    0.0000  -37.500013223.5234   13.5380
   -7.5000    7.5000  -37.500012809.4805   13.5183
    0.0000    7.5000  -37.500013368.3760   13.5361
    7.5000    7.5000  -37.500012713.1572   13.5413
   -7.5000   15.0000  -37.500012302.8154   13.5256
    0.0000   15.0000  -37.500012847.2656   13.5437
    7.5000   15.0000  -37.500012203.8574   13.5489
   -7.5000   22.5000  -37.500011509.3721   13.5296
    0.0000   22.5000  -37.500012032.4180   13.5467
    7.5000   22.5000  -37.500011414.4951   13.5530
   -7.5000   30.0000  -37.500010519.0439   13.3502
    0.0000   30.0000  -37.500010980.9941   13.3647
    7.5000   30.0000  -37.500010411.3047   13.3712
   -7.5000   37.5000  -37.5000 9923.8789   13.3437
    0.0000   37.5000  -37.500010364.0898   13.3563
    7.5000   37.5000  -37.5000 9829.8242   13.3621
   -7.5000   45.0000  -37.5000 9070.6934   13.0000
    0.0000   45.0000  -37.5000 9482.2676   13.0144
    7.5000   45.0000  -37.5000 8992.0352   13.0197
   -7.5000  -45.0000  -30.0000 9715.0879   14.1632
    0.0000  -45.0000  -30.000010175.7344   14.1738
    7.5000  -45.0000  -30.0000 9680.6729   14.1748
   -7.5000  -37.5000  -30.000010337.0811   14.1130
    0.0000  -37.5000  -30.000010822.4023   14.1226
    7.5000  -37.5000  -30.000010297.6895   14.1244
   -7.5000  -30.0000  -30.000011311.1855   14.0869
    0.0000  -30.0000  -30.000011845.5449   14.0941
    7.5000  -30.0000  -30.000011260.9824   14.0969
   -7.5000  -22.5000  -30.000012179.7783   14.0928
    0.0000  -22.5000  -30.000012764.3398   14.1003
    7.5000  -22.5000  -30.000012095.9434   14.1040
   -7.5000  -15.0000  -30.000012945.6182   14.0964
    0.0000  -15.0000  -30.000013567.1084   14.1052
    7.5000  -15.0000  -30.000012871.4141   14.1087
   -7.5000   -7.5000  -30.000013667.5703   14.0947
    0.0000   -7.5000  -30.000014306.5068   14.1047
    7.5000   -7.5000  -30.000013585.3066   14.1068
   -7.5000    0.0000  -30.000014255.1104   14.0888
    0.0000    0.0000  -30.000014895.0449   14.0999
    7.5000    0.0000  -30.000014152.5537   14.1016
   -7.5000    7.5000  -30.000013696.1221   14.0845
    0.0000    7.5000  -30.000014300.9854   14.0943
    7.5000    7.5000  -30.000013595.5967   14.0964
   -7.5000   15.0000  -30.000013127.1299   14.0869
    0.0000   15.0000  -30.000013702.7646   14.0941
    7.5000   15.0000  -30.000013009.5195   14.0968
   -7.5000   22.5000  -30.000012301.9590   14.0894
    0.0000   22.5000  -30.000012863.6621   14.0969
    7.5000   22.5000  -30.000012175.7627   14.1006
   -7.5000   30.0000  -30.000011223.4795   13.9099
    0.0000   30.0000  -30.000011719.5039   13.9186
    7.5000   30.0000  -30.000011096.5732   13.9220
   -7.5000   37.5000  -30.000010574.2832   13.9082
    0.0000   37.5000  -30.000011031.9160   13.9181
    7.5000   37.5000  -30.000010454.7402   13.9201
   -7.5000   45.0000  -30.0000 9631.3066   13.5591
    0.0000   45.0000  -30.000010059.2197   13.5698
    7.5000   45.0000  -30.0000 9544.0312   13.5715
   -7.5000  -45.0000  -22.500010396.8203   14.6747
    0.0000  -45.0000  -22.500010885.0244   14.6877
    7.5000  -45.0000  -22.500010364.4834   14.6870
   -7.5000  -37.5000  -22.500011042.3438   14.6159
    0.0000  -37.5000  -22.500011564.9502   14.6255
    7.5000  -37.5000  -22.500010985.5215   14.6262
   -7.5000  -30.0000  -22.500012078.1338   14.5838
    0.0000  -30.0000  -22.500012645.6123   14.5891
    7.5000  -30.0000  -22.500012006.8506   14.5917
   -7.5000  -22.5000  -22.500012998.6650   14.5907
    0.0000  -22.5000  -22.500013601.8779   14.5967
    7.5000  -22.5000  -22.500012899.0439   14.6008
   -7.5000  -15.0000  -22.500013817.6436   14.5998
    0.0000  -15.0000  -22.500014460.2100   14.6095
    7.5000  -15.0000  -22.500013701.8203   14.6129
   -7.5000   -7.5000  -22.500014552.8330   14.6037
    0.0000   -7.5000  -22.500015237.6455   14.6163
    7.5000   -7.5000  -22.500014439.9023   14.6174
   -7.5000    0.0000  -22.500015174.9336   14.5969
    0.0000    0.0000  -22.500015905.3203   14.6104
    7.5000    0.0000  -22.500015064.6328   14.6106
   -7.5000    7.5000  -22.500014530.8701   14.5862
    0.0000    7.5000  -22.500015240.2109   14.5960
    7.5000    7.5000  -22.500014444.4014   14.5970
   -7.5000   15.0000  -22.500013876.1553   14.5838
    0.0000   15.0000  -22.500014519.1924   14.5891
    7.5000   15.0000  -22.500013752.7266   14.5917
   -7.5000   22.5000  -22.500012999.9375   14.5862
    0.0000   22.5000  -22.500013624.3916   14.5922
    7.5000   22.5000  -22.500012885.4775   14.5963
   -7.5000   30.0000  -22.500011860.9941   14.4088
    0.0000   30.0000  -22.500012401.2109   14.4184
    7.5000   30.0000  -22.500011753.1807   14.4217
   -7.5000   37.5000  -22.500011180.8301   14.4127
    0.0000   37.5000  -22.500011669.4541   14.4251
    7.5000   37.5000  -22.500011076.8057   14.4262
   -7.5000   45.0000  -22.500010159.5801   14.0588
    0.0000   45.0000  -22.500010606.1709   14.0718
    7.5000   45.0000  -22.500010080.2998   14.0719
   -7.5000  -45.0000  -15.000011081.2451   15.0370
    0.0000  -45.0000  -15.000011590.1104   15.0568
    7.5000  -45.0000  -15.000011034.7334   15.0578
   -7.5000  -37.5000  -15.000011742.8574   14.9744
    0.0000  -37.5000  -15.000012291.8652   14.9926
    7.5000  -37.5000  -15.000011681.0957   14.9947
   -7.5000  -30.0000  -15.000012825.2988   14.9410
    0.0000  -30.0000  -15.000013435.1895   14.9555
    7.5000  -30.0000  -15.000012740.6816   14.9599
   -7.5000  -22.5000  -15.000013779.6475   14.9496
    0.0000  -22.5000  -15.000014441.1650   14.9639
    7.5000  -22.5000  -15.000013683.7568   14.9708
   -7.5000  -15.0000  -15.000014623.9023   14.9610
    0.0000  -15.0000  -15.000015322.1914   14.9777
    7.5000  -15.0000  -15.000014493.2803   14.9841
   -7.5000   -7.5000  -15.000015394.5762   14.9658
    0.0000   -7.5000  -15.000016145.6436   14.9844
    7.5000   -7.5000  -15.000015270.2295   14.9877
   -7.5000    0.0000  -15.000016078.4121   14.9570
    0.0000    0.0000  -15.000016884.7129   14.9772
    7.5000    0.0000  -15.000015962.5010   14.9790
   -7.5000    7.5000  -15.000015402.9805   14.9437
    0.0000    7.5000  -15.000016182.2705   14.9621
    7.5000    7.5000  -15.000015298.2041   14.9645
   -7.5000   15.0000  -15.000014639.5605   14.9410
    0.0000   15.0000  -15.000015364.7744   14.9555
    7.5000   15.0000  -15.000014513.9805   14.9599
   -7.5000   22.5000  -15.000013706.1641   14.9443
    0.0000   22.5000  -15.000014387.0996   14.9586
    7.5000   22.5000  -15.000013584.2812   14.9656
   -7.5000   30.0000  -15.000012525.0293   14.7674
    0.0000   30.0000  -15.000013123.9521   14.7839
    7.5000   30.0000  -15.000012418.9131   14.7902
   -7.5000   37.5000  -15.000011782.8135   14.7721
    0.0000   37.5000  -15.000012318.1719   14.7905
    7.5000   37.5000  -15.000011694.8047   14.7937
   -7.5000   45.0000  -15.000010697.1748   14.4144
    0.0000   45.0000  -15.000011172.5908   14.4339
    7.5000   45.0000  -15.000010629.4658   14.4356
   -7.5000  -45.0000   -7.500011795.4170   15.1946
    0.0000  -45.0000   -7.500012338.6807   15.2186
    7.5000  -45.0000   -7.500011737.8330   15.2242
   -7.5000  -37.5000   -7.500012486.1611   15.1378
    0.0000  -37.5000   -7.500013087.8027   15.1649
    7.5000  -37.5000   -7.500012417.6240   15.1705
   -7.5000  -30.0000   -7.500013616.5303   15.1106
    0.0000  -30.0000   -7.500014282.7588   15.1374
    7.5000  -30.0000   -7.500013542.3623   15.1444
   -7.5000  -22.5000   -7.500014610.7246   15.1199
    0.0000  -22.5000   -7.500015338.3623   15.1456
    7.5000  -22.5000   -7.500014534.5293   15.1553
   -7.5000  -15.0000   -7.500015497.5967   15.1260
    0.0000  -15.0000   -7.500016246.3271   15.1499
    7.5000  -15.0000   -7.500015383.9805   15.1598
   -7.5000   -7.5000   -7.500016287.2871   15.1241
    0.0000   -7.5000   -7.500017072.6738   15.1462
    7.5000   -7.5000   -7.500016178.5518   15.1539
   -7.5000    0.0000   -7.500017041.2266   15.1141
    0.0000    0.0000   -7.500017883.9395   15.1386
    7.5000    0.0000   -7.500016938.2207   15.1449
   -7.5000    7.5000   -7.500016303.2734   15.1067
    0.0000    7.5000   -7.500017142.1738   15.1340
    7.5000    7.5000   -7.500016217.7148   15.1399
   -7.5000   15.0000   -7.500015438.0459   15.1105
    0.0000   15.0000   -7.500016215.0928   15.1374
    7.5000   15.0000   -7.500015332.9150   15.1444
   -7.5000   22.5000   -7.500014447.8369   15.1129
    0.0000   22.5000   -7.500015165.6416   15.1386
    7.5000   22.5000   -7.500014328.1006   15.1483
   -7.5000   30.0000   -7.500013189.5273   14.9299
    0.0000   30.0000   -7.500013826.9795   14.9535
    7.5000   30.0000   -7.500013099.9375   14.9632
   -7.5000   37.5000   -7.500012420.5654   14.9279
    0.0000   37.5000   -7.500013002.7783   14.9498
    7.5000   37.5000   -7.500012327.3027   14.9573
   -7.5000   45.0000   -7.500011297.8848   14.5687
    0.0000   45.0000   -7.500011813.6836   14.5923
    7.5000   45.0000   -7.500011213.5830   14.5984
   -7.5000  -45.0000    0.000012422.8799   15.1994
    0.0000  -45.0000    0.000012994.9941   15.2216
    7.5000  -45.0000    0.000012367.9346   15.2298
   -7.5000  -37.5000    0.000013142.0898   15.1507
    0.0000  -37.5000    0.000013758.4697   15.1789
    7.5000  -37.5000    0.000013070.4277   15.1867
   -7.5000  -30.0000    0.000014313.1992   15.1299
    0.0000  -30.0000    0.000014977.9062   15.1603
    7.5000  -30.0000    0.000014250.8096   15.1683
   -7.5000  -22.5000    0.000015379.6680   15.1382
    0.0000  -22.5000    0.000016118.0430   15.1669
    7.5000  -22.5000    0.000015313.1426   15.1768
   -7.5000  -15.0000    0.000016347.5693   15.1373
    0.0000  -15.0000    0.000017104.1270   15.1615
    7.5000  -15.0000    0.000016232.3691   15.1721
   -7.5000   -7.5000    0.000017169.3945   15.1288
    0.0000   -7.5000    0.000017942.9121   15.1489
    7.5000   -7.5000    0.000017059.7832   15.1584
   -7.5000    0.0000    0.000017923.0078   15.1195
    0.0000    0.0000    0.000018762.8086   15.1421
    7.5000    0.0000    0.000017830.4551   15.1511
   -7.5000    7.5000    0.000017125.1191   15.1198
    0.0000    7.5000    0.000017970.5781   15.1482
    7.5000    7.5000    0.000017055.7383   15.1563
   -7.5000   15.0000    0.000016163.9023   15.1299
    0.0000   15.0000    0.000016970.3691   15.1603
    7.5000   15.0000    0.000016067.5732   15.1683
   -7.5000   22.5000    0.000015141.1396   15.1312
    0.0000   22.5000    0.000015888.6055   15.1599
    7.5000   22.5000    0.000014986.0088   15.1698
   -7.5000   30.0000    0.000013839.7920   14.9414
    0.0000   30.0000    0.000014490.4111   14.9653
    7.5000   30.0000    0.000013696.3330   14.9758
   -7.5000   37.5000    0.000013056.3223   14.9330
    0.0000   37.5000    0.000013658.8770   14.9528
    7.5000   37.5000    0.000012923.0068   14.9622
   -7.5000   45.0000    0.000011879.1289   14.5751
    0.0000   45.0000    0.000012416.8984   14.5969
    7.5000   45.0000    0.000011768.0068   14.6055
   -7.5000  -45.0000    7.500012053.8154   15.1927
    0.0000  -45.0000    7.500012600.0225   15.2090
    7.5000  -45.0000    7.500011999.4844   15.2143
   -7.5000  -37.5000    7.500012757.8770   15.1446
    0.0000  -37.5000    7.500013332.6807   15.1645
    7.5000  -37.5000    7.500012708.4434   15.1699
   -7.5000  -30.0000    7.500013861.2842   15.1226
    0.0000  -30.0000    7.500014461.5098   15.1430
    7.5000  -30.0000    7.500013841.1377   15.1487
   -7.5000  -22.5000    7.500014900.2227   15.1295
    0.0000  -22.5000    7.500015546.4023   15.1488
    7.5000  -22.5000    7.500014869.8438   15.1558
   -7.5000  -15.0000    7.500015918.1299   15.1285
    0.0000  -15.0000    7.500016652.9453   15.1450
    7.5000  -15.0000    7.500015821.0566   15.1524
   -7.5000   -7.5000    7.500016817.2051   15.1207
    0.0000   -7.5000    7.500017564.3496   15.1350
    7.5000   -7.5000    7.500016731.9473   15.1416
   -7.5000    0.0000    7.500017516.3867   15.1132
    0.0000    0.0000    7.500018277.1895   15.1299
    7.5000    0.0000    7.500017440.8691   15.1361
   -7.5000    7.5000    7.500016726.4688   15.1140
    0.0000    7.5000    7.500017490.8652   15.1340
    7.5000    7.5000    7.500016654.0996   15.1398
   -7.5000   15.0000    7.500015717.5527   15.1226
    0.0000   15.0000    7.500016455.9180   15.1430
    7.5000   15.0000    7.500015637.3623   15.1487
   -7.5000   22.5000    7.500014683.8320   15.1226
    0.0000   22.5000    7.500015350.7783   15.1418
    7.5000   22.5000    7.500014524.5908   15.1488
   -7.5000   30.0000    7.500013422.6943   14.9327
    0.0000   30.0000    7.500014020.9219   14.9490
    7.5000   30.0000    7.500013285.7422   14.9563
   -7.5000   37.5000    7.500012670.2568   14.9250
    0.0000   37.5000    7.500013250.0303   14.9392
    7.5000   37.5000    7.500012534.4131   14.9456
   -7.5000   45.0000    7.500011484.8193   14.5688
    0.0000   45.0000    7.500012024.1338   14.5849
    7.5000   45.0000    7.500011388.9473   14.5909
   -7.5000  -45.0000   15.000011543.5312   15.2195
    0.0000  -45.0000   15.000012044.7988   15.2308
    7.5000  -45.0000   15.000011488.5312   15.2318
   -7.5000  -37.5000   15.000012210.2666   15.1655
    0.0000  -37.5000   15.000012729.4443   15.1758
    7.5000  -37.5000   15.000012164.8564   15.1776
   -7.5000  -30.0000   15.000013259.9541   15.1375
    0.0000  -30.0000   15.000013782.4639   15.1451
    7.5000  -30.0000   15.000013239.8916   15.1480
   -7.5000  -22.5000   15.000014264.1357   15.1438
    0.0000  -22.5000   15.000014806.3838   15.1518
    7.5000  -22.5000   15.000014226.3467   15.1557
   -7.5000  -15.0000   15.000015245.2646   15.1477
    0.0000  -15.0000   15.000015830.6904   15.1571
    7.5000  -15.0000   15.000015154.2070   15.1607
   -7.5000   -7.5000   15.000016126.4170   15.1458
    0.0000   -7.5000   15.000016789.7109   15.1565
    7.5000   -7.5000   15.000016054.0352   15.1586
   -7.5000    0.0000   15.000016842.5508   15.1394
    0.0000    0.0000   15.000017571.8965   15.1513
    7.5000    0.0000   15.000016766.6387   15.1531
   -7.5000    7.5000   15.000016130.2832   15.1349
    0.0000    7.5000   15.000016849.1641   15.1454
    7.5000    7.5000   15.000016042.6006   15.1475
   -7.5000   15.0000   15.000015085.6885   15.1375
    0.0000   15.0000   15.000015770.7822   15.1451
    7.5000   15.0000   15.000015008.7588   15.1480
   -7.5000   22.5000   15.000014028.8887   15.1368
    0.0000   22.5000   15.000014647.5469   15.1448
    7.5000   22.5000   15.000013875.3115   15.1487
   -7.5000   30.0000   15.000012833.0020   14.9516
    0.0000   30.0000   15.000013393.1211   14.9609
    7.5000   30.0000   15.000012693.3906   14.9645
   -7.5000   37.5000   15.000012114.1846   14.9498
    0.0000   37.5000   15.000012634.8027   14.9604
    7.5000   37.5000   15.000011977.3672   14.9625
   -7.5000   45.0000   15.000011002.1602   14.5939
    0.0000   45.0000   15.000011473.6973   14.6054
    7.5000   45.0000   15.000010897.6484   14.6071
   -7.5000  -45.0000   22.500010886.7041   15.3006
    0.0000  -45.0000   22.500011389.2051   15.3137
    7.5000  -45.0000   22.500010851.1396   15.3125
   -7.5000  -37.5000   22.500011524.1992   15.2390
    0.0000  -37.5000   22.500012012.6084   15.2485
    7.5000  -37.5000   22.500011472.6504   15.2489
   -7.5000  -30.0000   22.500012534.5596   15.2051
    0.0000  -30.0000   22.500013028.0684   15.2101
    7.5000  -30.0000   22.500012483.1846   15.2124
   -7.5000  -22.5000   22.500013547.6367   15.2119
    0.0000  -22.5000   22.500014040.4502   15.2177
    7.5000  -22.5000   22.500013459.8916   15.2216
   -7.5000  -15.0000   22.500014454.7236   15.2215
    0.0000  -15.0000   22.500014978.7168   15.2311
    7.5000  -15.0000   22.500014370.2500   15.2342
   -7.5000   -7.5000   22.500015276.2285   15.2259
    0.0000   -7.5000   22.500015860.4287   15.2386
    7.5000   -7.5000   22.500015194.8926   15.2393
   -7.5000    0.0000   22.500016035.8682   15.2192
    0.0000    0.0000   22.500016656.9883   15.2328
    7.5000    0.0000   22.500015930.4629   15.2325
   -7.5000    7.5000   22.500015386.8643   15.2079
    0.0000    7.5000   22.500016023.3486   15.2176
    7.5000    7.5000   22.500015283.6787   15.2183
   -7.5000   15.0000   22.500014388.1289   15.2051
    0.0000   15.0000   22.500014984.7812   15.2101
    7.5000   15.0000   22.500014294.7061   15.2123
   -7.5000   22.5000   22.500013318.2070   15.2049
    0.0000   22.5000   22.500013865.8301   15.2107
    7.5000   22.5000   22.500013181.0693   15.2145
   -7.5000   30.0000   22.500012190.4746   15.0245
    0.0000   30.0000   22.500012691.5010   15.0340
    7.5000   30.0000   22.500012042.8350   15.0371
   -7.5000   37.5000   22.500011487.7695   15.0289
    0.0000   37.5000   22.500011957.9473   15.0414
    7.5000   37.5000   22.500011356.3926   15.0420
   -7.5000   45.0000   22.500010427.1816   14.6708
    0.0000   45.0000   22.500010848.3730   14.6839
    7.5000   45.0000   22.500010316.6992   14.6836
   -7.5000  -45.0000   30.000010147.2637   15.3991
    0.0000  -45.0000   30.000010618.6660   15.4184
    7.5000  -45.0000   30.000010112.8193   15.4184
   -7.5000  -37.5000   30.000010755.0928   15.3340
    0.0000  -37.5000   30.000011209.0781   15.3517
    7.5000  -37.5000   30.000010706.7139   15.3529
   -7.5000  -30.0000   30.000011733.3252   15.2989
    0.0000  -30.0000   30.000012194.7559   15.3127
    7.5000  -30.0000   30.000011666.3057   15.3163
   -7.5000  -22.5000   30.000012660.1475   15.3075
    0.0000  -22.5000   30.000013152.4590   15.3211
    7.5000  -22.5000   30.000012587.5361   15.3273
   -7.5000  -15.0000   30.000013489.1035   15.3196
    0.0000  -15.0000   30.000013992.5029   15.3356
    7.5000  -15.0000   30.000013422.7539   15.3413
   -7.5000   -7.5000   30.000014251.2314   15.3250
    0.0000   -7.5000   30.000014798.6816   15.3431
    7.5000   -7.5000   30.000014181.8877   15.3456
   -7.5000    0.0000   30.000014979.9727   15.3163
    0.0000    0.0000   30.000015565.2861   15.3361
    7.5000    0.0000   30.000014878.2588   15.3370
   -7.5000    7.5000   30.000014390.0723   15.3022
    0.0000    7.5000   30.000014958.2607   15.3201
    7.5000    7.5000   30.000014290.4014   15.3217
   -7.5000   15.0000   30.000013502.1094   15.2989
    0.0000   15.0000   30.000014051.5723   15.3127
    7.5000   15.0000   30.000013404.4482   15.3163
   -7.5000   22.5000   30.000012467.5381   15.3004
    0.0000   22.5000   30.000012984.3672   15.3140
    7.5000   22.5000   30.000012357.0479   15.3203
   -7.5000   30.0000   30.000011382.7363   15.1213
    0.0000   30.0000   30.000011865.8711   15.1371
    7.5000   30.0000   30.000011273.2129   15.1428
   -7.5000   37.5000   30.000010733.1670   15.1267
    0.0000   37.5000   30.000011193.9023   15.1446
    7.5000   37.5000   30.000010622.1738   15.1470
   -7.5000   45.0000   30.0000 9739.6514   14.7645
    0.0000   45.0000   30.000010136.0000   14.7836
    7.5000   45.0000   30.0000 9616.6934   14.7845
   -7.5000  -45.0000   37.5000 9769.4609   15.5560
    0.0000  -45.0000   37.500010213.1074   15.5787
    7.5000  -45.0000   37.5000 9718.9004   15.5828
   -7.5000  -37.5000   37.500010343.4346   15.4966
    0.0000  -37.5000   37.500010800.0098   15.5224
    7.5000  -37.5000   37.500010290.7109   15.5267
   -7.5000  -30.0000   37.500011288.2236   15.4689
    0.0000  -30.0000   37.500011792.9111   15.4945
    7.5000  -30.0000   37.500011230.2939   15.5003
   -7.5000  -22.5000   37.500012179.6006   15.4794
    0.0000  -22.5000   37.500012717.8633   15.5039
    7.5000  -22.5000   37.500012115.6279   15.5125
   -7.5000  -15.0000   37.500012964.2090   15.4859
    0.0000  -15.0000   37.500013496.1836   15.5086
    7.5000  -15.0000   37.500012894.9932   15.5174
   -7.5000   -7.5000   37.500013663.6406   15.4830
    0.0000   -7.5000   37.500014210.9131   15.5039
    7.5000   -7.5000   37.500013586.0049   15.5102
   -7.5000    0.0000   37.500014352.8711   15.4718
    0.0000    0.0000   37.500014917.8340   15.4950
    7.5000    0.0000   37.500014254.1279   15.4999
   -7.5000    7.5000   37.500013829.9111   15.4641
    0.0000    7.5000   37.500014366.9229   15.4901
    7.5000    7.5000   37.500013727.3555   15.4947
   -7.5000   15.0000   37.500013004.4463   15.4689
    0.0000   15.0000   37.500013538.0898   15.4945
    7.5000   15.0000   37.500012914.8975   15.5003
   -7.5000   22.5000   37.500012001.0566   15.4723
    0.0000   22.5000   37.500012479.8369   15.4968
    7.5000   22.5000   37.500011896.3760   15.5053
   -7.5000   30.0000   37.500010963.8691   15.2854
    0.0000   30.0000   37.500011406.4072   15.3079
    7.5000   30.0000   37.500010864.2080   15.3166
   -7.5000   37.5000   37.500010348.7129   15.2827
    0.0000   37.5000   37.500010768.7129   15.3032
    7.5000   37.5000   37.500010246.7061   15.3095
   -7.5000   45.0000   37.5000 9370.7148   14.9134
    0.0000   45.0000   37.5000 9754.8057   14.9357
    7.5000   45.0000   37.5000 9264.9551   14.9405
   -7.5000  -45.0000   45.0000 8939.9785   15.7424
    0.0000  -45.0000   45.0000 9393.3994   15.7620
    7.5000  -45.0000   45.0000 8901.9297   15.7682
   -7.5000  -37.5000   45.0000 9467.8516   15.6909
    0.0000  -37.5000   45.0000 9938.2070   15.7168
    7.5000  -37.5000   45.0000 9425.5352   15.7229
   -7.5000  -30.0000   45.000010353.5693   15.6703
    0.0000  -30.0000   45.000010846.1924   15.6981
    7.5000  -30.0000   45.000010288.9277   15.7044
   -7.5000  -22.5000   45.000011170.2227   15.6799
    0.0000  -22.5000   45.000011686.5332   15.7056
    7.5000  -22.5000   45.000011109.5127   15.7139
   -7.5000  -15.0000   45.000011880.2441   15.6780
    0.0000  -15.0000   45.000012393.3145   15.6990
    7.5000  -15.0000   45.000011811.5205   15.7079
   -7.5000   -7.5000   45.000012517.9961   15.6669
    0.0000   -7.5000   45.000013037.8857   15.6840
    7.5000   -7.5000   45.000012442.0869   15.6917
   -7.5000    0.0000   45.000013119.0371   15.6561
    0.0000    0.0000   45.000013637.3389   15.6762
    7.5000    0.0000   45.000013038.2900   15.6833
   -7.5000    7.5000   45.000012647.2510   15.6576
    0.0000    7.5000   45.000013142.5498   15.6836
    7.5000    7.5000   45.000012572.7920   15.6900
   -7.5000   15.0000   45.000011927.6885   15.6703
    0.0000   15.0000   45.000012431.1279   15.6980
    7.5000   15.0000   45.000011863.5088   15.7044
   -7.5000   22.5000   45.000011006.9229   15.6727
    0.0000   22.5000   45.000011462.9492   15.6983
    7.5000   22.5000   45.000010926.3525   15.7066
   -7.5000   30.0000   45.000010062.7070   15.4737
    0.0000   30.0000   45.000010489.1572   15.4945
    7.5000   30.0000   45.0000 9990.7109   15.5032
   -7.5000   37.5000   45.0000 9502.7314   15.4628
    0.0000   37.5000   45.0000 9914.6934   15.4797
    7.5000   37.5000   45.0000 9427.2568   15.4873
   -7.5000   45.0000   45.0000 8606.2588   15.0976
    0.0000   45.0000   45.0000 8990.6338   15.1170
    7.5000   45.0000   45.0000 8531.0488   15.1238

---------------------------------------------------------------------
imgreg_4dfp /opt/freesurfer/average/711-2C_as_mni_average_305 /opt/freesurfer/average/711-2B_as_mni_average_305_mask talsrcimg_g11 none talsrcimg_to_711-2C_as_mni_average_305_t4 4355
---------------------------------------------------------------------

freesurfer imgreg_4dfp.c
/opt/freesurfer/average/711-2C_as_mni_average_305.4dfp.img
       256       256       256         1
  1.000000  1.000000  1.000000
orientation T byte_order littleendian
Reading image: /opt/freesurfer/average/711-2C_as_mni_average_305.4dfp.img
dimensions:      256       256       256
mmppix:       1.0000   -1.0000   -1.0000
center:     128.0000 -129.0000 -129.0000
/opt/freesurfer/average/711-2B_as_mni_average_305_mask.4dfp.img
       256       256       256         1
  1.000000  1.000000  1.000000
orientation T byte_order littleendian
Reading mask: /opt/freesurfer/average/711-2B_as_mni_average_305_mask.4dfp.img (2306576 pixels)
talsrcimg_g11.4dfp.img
       256       256       256         1
  1.000000  1.000000  1.000000
orientation T byte_order littleendian
Reading image: talsrcimg_g11.4dfp.img
dimensions:      256       256       256
mmppix:       1.0000   -1.0000   -1.0000
center:     128.0000 -129.0000 -129.0000
rotation matrix determinant  1.000000
image alignment mode   4355 decimal     1103 hex
   -7.5000  -45.0000  -45.0000 2188.9722   15.3553
    0.0000  -45.0000  -45.0000 2198.2981   15.3232
    7.5000  -45.0000  -45.0000 2183.3066   15.4381
   -7.5000  -37.5000  -45.0000 2277.0046   14.2387
    0.0000  -37.5000  -45.0000 2284.8264   14.2062
    7.5000  -37.5000  -45.0000 2270.6426   14.3297
   -7.5000  -30.0000  -45.0000 2326.4041   13.4974
    0.0000  -30.0000  -45.0000 2339.0298   13.4749
    7.5000  -30.0000  -45.0000 2322.4480   13.5785
   -7.5000  -22.5000  -45.0000 2358.3560   13.0082
    0.0000  -22.5000  -45.0000 2370.8782   12.9716
    7.5000  -22.5000  -45.0000 2350.4380   13.0826
   -7.5000  -15.0000  -45.0000 2364.4341   12.7358
    0.0000  -15.0000  -45.0000 2378.0386   12.6752
    7.5000  -15.0000  -45.0000 2357.7002   12.8010
   -7.5000   -7.5000  -45.0000 2365.6570   12.7105
    0.0000   -7.5000  -45.0000 2378.8315   12.6153
    7.5000   -7.5000  -45.0000 2357.9856   12.7794
   -7.5000    0.0000  -45.0000 2357.8914   12.9017
    0.0000    0.0000  -45.0000 2367.7944   12.8363
    7.5000    0.0000  -45.0000 2346.8687   13.0019
   -7.5000    7.5000  -45.0000 2326.1494   13.3566
    0.0000    7.5000  -45.0000 2338.7673   13.2971
    7.5000    7.5000  -45.0000 2315.4373   13.4899
   -7.5000   15.0000  -45.0000 2275.9177   14.0145
    0.0000   15.0000  -45.0000 2287.9600   13.9870
    7.5000   15.0000  -45.0000 2265.6670   14.1825
   -7.5000   22.5000  -45.0000 2211.5742   14.9249
    0.0000   22.5000  -45.0000 2222.1116   14.8825
    7.5000   22.5000  -45.0000 2199.7505   15.0901
   -7.5000   30.0000  -45.0000 2128.0232   16.1625
    0.0000   30.0000  -45.0000 2139.4021   16.0716
    7.5000   30.0000  -45.0000 2117.4182   16.3198
   -7.5000   37.5000  -45.0000 2023.3446   17.8799
    0.0000   37.5000  -45.0000 2036.3514   17.7865
    7.5000   37.5000  -45.0000 2014.6256   18.0331
   -7.5000   45.0000  -45.0000 1912.6195   20.2479
    0.0000   45.0000  -45.0000 1922.0940   20.1324
    7.5000   45.0000  -45.0000 1903.6825   20.4044
   -7.5000  -45.0000  -37.5000 2274.7427   14.3130
    0.0000  -45.0000  -37.5000 2283.7717   14.2871
    7.5000  -45.0000  -37.5000 2270.0344   14.3822
   -7.5000  -37.5000  -37.5000 2367.4128   13.2058
    0.0000  -37.5000  -37.5000 2379.6711   13.1909
    7.5000  -37.5000  -37.5000 2366.0767   13.2901
   -7.5000  -30.0000  -37.5000 2420.6201   12.4804
    0.0000  -30.0000  -37.5000 2437.5999   12.4670
    7.5000  -30.0000  -37.5000 2418.7031   12.5587
   -7.5000  -22.5000  -37.5000 2454.5310   12.0424
    0.0000  -22.5000  -37.5000 2468.3171   11.9964
    7.5000  -22.5000  -37.5000 2445.8367   12.1087
   -7.5000  -15.0000  -37.5000 2464.4155   11.7916
    0.0000  -15.0000  -37.5000 2480.2358   11.7359
    7.5000  -15.0000  -37.5000 2458.5239   11.8511
   -7.5000   -7.5000  -37.5000 2464.7769   11.7621
    0.0000   -7.5000  -37.5000 2478.3633   11.6882
    7.5000   -7.5000  -37.5000 2458.8862   11.8269
   -7.5000    0.0000  -37.5000 2453.6399   11.9390
    0.0000    0.0000  -37.5000 2469.5759   11.8683
    7.5000    0.0000  -37.5000 2444.5708   12.0274
   -7.5000    7.5000  -37.5000 2427.4922   12.3386
    0.0000    7.5000  -37.5000 2440.7781   12.2790
    7.5000    7.5000  -37.5000 2416.3213   12.4616
   -7.5000   15.0000  -37.5000 2379.5376   12.9517
    0.0000   15.0000  -37.5000 2393.1389   12.8836
    7.5000   15.0000  -37.5000 2367.0129   13.0771
   -7.5000   22.5000  -37.5000 2307.4177   13.7736
    0.0000   22.5000  -37.5000 2319.1045   13.7112
    7.5000   22.5000  -37.5000 2293.6843   13.9108
   -7.5000   30.0000  -37.5000 2214.7000   14.8939
    0.0000   30.0000  -37.5000 2228.2581   14.8283
    7.5000   30.0000  -37.5000 2202.8931   15.0310
   -7.5000   37.5000  -37.5000 2110.2788   16.4691
    0.0000   37.5000  -37.5000 2121.5793   16.3548
    7.5000   37.5000  -37.5000 2097.5037   16.5541
   -7.5000   45.0000  -37.5000 1992.5499   18.5871
    0.0000   45.0000  -37.5000 2003.5237   18.4694
    7.5000   45.0000  -37.5000 1979.1869   18.6738
   -7.5000  -45.0000  -30.0000 2393.2087   13.8731
    0.0000  -45.0000  -30.0000 2404.0322   13.8586
    7.5000  -45.0000  -30.0000 2387.8713   13.9253
   -7.5000  -37.5000  -30.0000 2492.9263   12.7646
    0.0000  -37.5000  -30.0000 2502.9932   12.7347
    7.5000  -37.5000  -30.0000 2488.5234   12.8183
   -7.5000  -30.0000  -30.0000 2554.7310   12.0010
    0.0000  -30.0000  -30.0000 2567.3518   11.9687
    7.5000  -30.0000  -30.0000 2550.5974   12.0539
   -7.5000  -22.5000  -30.0000 2595.4707   11.5626
    0.0000  -22.5000  -30.0000 2612.6001   11.5002
    7.5000  -22.5000  -30.0000 2588.1631   11.5974
   -7.5000  -15.0000  -30.0000 2615.3801   11.3198
    0.0000  -15.0000  -30.0000 2634.4517   11.2451
    7.5000  -15.0000  -30.0000 2607.7278   11.3561
   -7.5000   -7.5000  -30.0000 2618.2673   11.3082
    0.0000   -7.5000  -30.0000 2631.9104   11.2394
    7.5000   -7.5000  -30.0000 2611.4373   11.3629
   -7.5000    0.0000  -30.0000 2604.6423   11.4851
    0.0000    0.0000  -30.0000 2619.6541   11.4048
    7.5000    0.0000  -30.0000 2592.0554   11.5603
   -7.5000    7.5000  -30.0000 2575.2280   11.8635
    0.0000    7.5000  -30.0000 2590.1338   11.7676
    7.5000    7.5000  -30.0000 2562.8218   11.9364
   -7.5000   15.0000  -30.0000 2525.6636   12.4440
    0.0000   15.0000  -30.0000 2538.3254   12.3530
    7.5000   15.0000  -30.0000 2508.4360   12.5338
   -7.5000   22.5000  -30.0000 2445.2549   13.2292
    0.0000   22.5000  -30.0000 2460.0720   13.1417
    7.5000   22.5000  -30.0000 2429.6753   13.3425
   -7.5000   30.0000  -30.0000 2342.5564   14.3044
    0.0000   30.0000  -30.0000 2355.3782   14.2071
    7.5000   30.0000  -30.0000 2329.2073   14.3916
   -7.5000   37.5000  -30.0000 2227.4736   15.8011
    0.0000   37.5000  -30.0000 2239.4285   15.6791
    7.5000   37.5000  -30.0000 2214.0569   15.8706
   -7.5000   45.0000  -30.0000 2098.6270   17.7981
    0.0000   45.0000  -30.0000 2109.7129   17.6710
    7.5000   45.0000  -30.0000 2087.9509   17.8818
   -7.5000  -45.0000  -22.5000 2475.2737   13.3432
    0.0000  -45.0000  -22.5000 2488.5000   13.3374
    7.5000  -45.0000  -22.5000 2472.4187   13.4180
   -7.5000  -37.5000  -22.5000 2576.1995   12.2590
    0.0000  -37.5000  -22.5000 2591.6736   12.2135
    7.5000  -37.5000  -22.5000 2573.1208   12.3049
   -7.5000  -30.0000  -22.5000 2653.9299   11.4704
    0.0000  -30.0000  -22.5000 2668.3230   11.4266
    7.5000  -30.0000  -22.5000 2650.7856   11.5093
   -7.5000  -22.5000  -22.5000 2707.7910   11.0228
    0.0000  -22.5000  -22.5000 2721.2683   10.9445
    7.5000  -22.5000  -22.5000 2699.9197   11.0516
   -7.5000  -15.0000  -22.5000 2736.3425   10.7779
    0.0000  -15.0000  -22.5000 2755.5376   10.6961
    7.5000  -15.0000  -22.5000 2727.2512   10.8082
   -7.5000   -7.5000  -22.5000 2740.8572   10.7698
    0.0000   -7.5000  -22.5000 2756.4250   10.7044
    7.5000   -7.5000  -22.5000 2728.7666   10.8138
   -7.5000    0.0000  -22.5000 2728.7151   10.9415
    0.0000    0.0000  -22.5000 2746.3862   10.8756
    7.5000    0.0000  -22.5000 2714.5789   11.0017
   -7.5000    7.5000  -22.5000 2696.8845   11.3007
    0.0000    7.5000  -22.5000 2717.0210   11.2154
    7.5000    7.5000  -22.5000 2684.7004   11.3629
   -7.5000   15.0000  -22.5000 2639.6572   11.8312
    0.0000   15.0000  -22.5000 2658.8867   11.7565
    7.5000   15.0000  -22.5000 2624.5002   11.9211
   -7.5000   22.5000  -22.5000 2551.1428   12.6026
    0.0000   22.5000  -22.5000 2570.9868   12.5186
    7.5000   22.5000  -22.5000 2538.3245   12.7036
   -7.5000   30.0000  -22.5000 2440.2715   13.6295
    0.0000   30.0000  -22.5000 2455.3391   13.5430
    7.5000   30.0000  -22.5000 2428.9790   13.7233
   -7.5000   37.5000  -22.5000 2318.5171   15.0798
    0.0000   37.5000  -22.5000 2332.1748   14.9721
    7.5000   37.5000  -22.5000 2307.4062   15.1390
   -7.5000   45.0000  -22.5000 2181.8340   16.9731
    0.0000   45.0000  -22.5000 2192.4836   16.8773
    7.5000   45.0000  -22.5000 2171.8843   17.0696
   -7.5000  -45.0000  -15.0000 2521.6655   12.8879
    0.0000  -45.0000  -15.0000 2535.4041   12.8560
    7.5000  -45.0000  -15.0000 2516.1462   12.9544
   -7.5000  -37.5000  -15.0000 2628.5723   11.7794
    0.0000  -37.5000  -15.0000 2642.4563   11.7491
    7.5000  -37.5000  -15.0000 2623.4434   11.8344
   -7.5000  -30.0000  -15.0000 2717.0945   10.9892
    0.0000  -30.0000  -15.0000 2731.2612   10.9532
    7.5000  -30.0000  -15.0000 2710.4749   11.0475
   -7.5000  -22.5000  -15.0000 2778.4478   10.4943
    0.0000  -22.5000  -15.0000 2795.5613   10.4377
    7.5000  -22.5000  -15.0000 2771.9231   10.5443
   -7.5000  -15.0000  -15.0000 2816.6650   10.2376
    0.0000  -15.0000  -15.0000 2838.0298   10.1690
    7.5000  -15.0000  -15.0000 2806.3445   10.2830
   -7.5000   -7.5000  -15.0000 2831.7324   10.1993
    0.0000   -7.5000  -15.0000 2851.9136   10.1553
    7.5000   -7.5000  -15.0000 2815.5947   10.2678
   -7.5000    0.0000  -15.0000 2825.0576   10.3828
    0.0000    0.0000  -15.0000 2847.3230   10.3465
    7.5000    0.0000  -15.0000 2808.6147   10.4673
   -7.5000    7.5000  -15.0000 2792.3572   10.7383
    0.0000    7.5000  -15.0000 2816.2305   10.6805
    7.5000    7.5000  -15.0000 2776.6521   10.8112
   -7.5000   15.0000  -15.0000 2727.1013   11.2602
    0.0000   15.0000  -15.0000 2749.6804   11.1882
    7.5000   15.0000  -15.0000 2712.7437   11.3441
   -7.5000   22.5000  -15.0000 2634.9009   11.9795
    0.0000   22.5000  -15.0000 2653.4688   11.9139
    7.5000   22.5000  -15.0000 2617.1206   12.0842
   -7.5000   30.0000  -15.0000 2515.8147   13.0112
    0.0000   30.0000  -15.0000 2535.9958   12.9208
    7.5000   30.0000  -15.0000 2501.5227   13.0964
   -7.5000   37.5000  -15.0000 2385.4863   14.4119
    0.0000   37.5000  -15.0000 2402.0671   14.3011
    7.5000   37.5000  -15.0000 2372.9565   14.4651
   -7.5000   45.0000  -15.0000 2244.6770   16.2286
    0.0000   45.0000  -15.0000 2253.1909   16.1267
    7.5000   45.0000  -15.0000 2231.6558   16.3099
   -7.5000  -45.0000   -7.5000 2549.2727   12.4499
    0.0000  -45.0000   -7.5000 2561.7019   12.4104
    7.5000  -45.0000   -7.5000 2541.6523   12.5459
   -7.5000  -37.5000   -7.5000 2662.7959   11.3682
    0.0000  -37.5000   -7.5000 2677.7617   11.3368
    7.5000  -37.5000   -7.5000 2656.5378   11.4535
   -7.5000  -30.0000   -7.5000 2760.5913   10.5776
    0.0000  -30.0000   -7.5000 2777.2000   10.5572
    7.5000  -30.0000   -7.5000 2752.8691   10.6668
   -7.5000  -22.5000   -7.5000 2829.9863   10.0584
    0.0000  -22.5000   -7.5000 2850.3013   10.0169
    7.5000  -22.5000   -7.5000 2826.7178   10.1404
   -7.5000  -15.0000   -7.5000 2882.9473    9.7697
    0.0000  -15.0000   -7.5000 2907.0149    9.7120
    7.5000  -15.0000   -7.5000 2872.5161    9.8371
   -7.5000   -7.5000   -7.5000 2909.6257    9.6865
    0.0000   -7.5000   -7.5000 2936.5112    9.6323
    7.5000   -7.5000   -7.5000 2890.8994    9.7865
   -7.5000    0.0000   -7.5000 2905.6719    9.8778
    0.0000    0.0000   -7.5000 2932.9641    9.8201
    7.5000    0.0000   -7.5000 2888.3013    9.9690
   -7.5000    7.5000   -7.5000 2867.8850   10.2225
    0.0000    7.5000   -7.5000 2894.1487   10.1657
    7.5000    7.5000   -7.5000 2852.2727   10.3069
   -7.5000   15.0000   -7.5000 2794.6250   10.7298
    0.0000   15.0000   -7.5000 2817.0212   10.6644
    7.5000   15.0000   -7.5000 2778.2307   10.8232
   -7.5000   22.5000   -7.5000 2693.1531   11.4490
    0.0000   22.5000   -7.5000 2712.0564   11.3778
    7.5000   22.5000   -7.5000 2673.3037   11.5576
   -7.5000   30.0000   -7.5000 2567.1482   12.4516
    0.0000   30.0000   -7.5000 2586.2249   12.3617
    7.5000   30.0000   -7.5000 2550.2520   12.5666
   -7.5000   37.5000   -7.5000 2433.4797   13.8056
    0.0000   37.5000   -7.5000 2448.8306   13.7159
    7.5000   37.5000   -7.5000 2415.5002   13.9103
   -7.5000   45.0000   -7.5000 2287.8813   15.5427
    0.0000   45.0000   -7.5000 2296.2156   15.4502
    7.5000   45.0000   -7.5000 2272.2808   15.6791
   -7.5000  -45.0000    0.0000 2553.9590   12.2341
    0.0000  -45.0000    0.0000 2567.5139   12.1227
    7.5000  -45.0000    0.0000 2549.5864   12.3441
   -7.5000  -37.5000    0.0000 2670.7935   11.1309
    0.0000  -37.5000    0.0000 2687.2393   11.0536
    7.5000  -37.5000    0.0000 2665.4460   11.2228
   -7.5000  -30.0000    0.0000 2777.4202   10.3122
    0.0000  -30.0000    0.0000 2797.3420   10.2484
    7.5000  -30.0000    0.0000 2773.7646   10.4125
   -7.5000  -22.5000    0.0000 2864.5972    9.7597
    0.0000  -22.5000    0.0000 2889.5281    9.6881
    7.5000  -22.5000    0.0000 2860.4651    9.8518
   -7.5000  -15.0000    0.0000 2933.4963    9.4625
    0.0000  -15.0000    0.0000 2961.0415    9.4025
    7.5000  -15.0000    0.0000 2920.3682    9.5328
   -7.5000   -7.5000    0.0000 2973.6426    9.3669
    0.0000   -7.5000    0.0000 3008.4080    9.2670
    7.5000   -7.5000    0.0000 2951.7573    9.4469
   -7.5000    0.0000    0.0000 2968.4084    9.5277
    0.0000    0.0000    0.0000 3003.0359    9.4234
    7.5000    0.0000    0.0000 2945.1089    9.6147
   -7.5000    7.5000    0.0000 2916.4880    9.8798
    0.0000    7.5000    0.0000 2948.5784    9.7880
    7.5000    7.5000    0.0000 2896.9707    9.9707
   -7.5000   15.0000    0.0000 2839.1167   10.3844
    0.0000   15.0000    0.0000 2863.9465   10.2859
    7.5000   15.0000    0.0000 2820.4983   10.4683
   -7.5000   22.5000    0.0000 2729.3230   11.1150
    0.0000   22.5000    0.0000 2754.4023   11.0070
    7.5000   22.5000    0.0000 2714.3030   11.1931
   -7.5000   30.0000    0.0000 2596.8794   12.1348
    0.0000   30.0000    0.0000 2615.6885   12.0250
    7.5000   30.0000    0.0000 2581.6785   12.2232
   -7.5000   37.5000    0.0000 2458.3735   13.4487
    0.0000   37.5000    0.0000 2475.9329   13.3391
    7.5000   37.5000    0.0000 2443.3450   13.5506
   -7.5000   45.0000    0.0000 2307.6348   15.1165
    0.0000   45.0000    0.0000 2319.9482   15.0065
    7.5000   45.0000    0.0000 2296.3748   15.2418
   -7.5000  -45.0000    7.5000 2539.8723   12.2293
    0.0000  -45.0000    7.5000 2554.0996   12.0843
    7.5000  -45.0000    7.5000 2535.4600   12.3098
   -7.5000  -37.5000    7.5000 2660.0291   11.0804
    0.0000  -37.5000    7.5000 2677.9016   10.9638
    7.5000  -37.5000    7.5000 2657.0981   11.1850
   -7.5000  -30.0000    7.5000 2773.1050   10.2109
    0.0000  -30.0000    7.5000 2794.3135   10.1019
    7.5000  -30.0000    7.5000 2769.6853   10.3159
   -7.5000  -22.5000    7.5000 2873.8882    9.6302
    0.0000  -22.5000    7.5000 2901.6348    9.5064
    7.5000  -22.5000    7.5000 2869.2327    9.7225
   -7.5000  -15.0000    7.5000 2956.1418    9.3268
    0.0000  -15.0000    7.5000 2991.7769    9.2030
    7.5000  -15.0000    7.5000 2945.9802    9.3820
   -7.5000   -7.5000    7.5000 3007.9846    9.2480
    0.0000   -7.5000    7.5000 3051.1802    9.1257
    7.5000   -7.5000    7.5000 2989.1187    9.2980
   -7.5000    0.0000    7.5000 2997.7327    9.3909
    0.0000    0.0000    7.5000 3041.8853    9.2758
    7.5000    0.0000    7.5000 2976.1975    9.4578
   -7.5000    7.5000    7.5000 2942.1089    9.7011
    0.0000    7.5000    7.5000 2979.5251    9.5908
    7.5000    7.5000    7.5000 2922.6570    9.7791
   -7.5000   15.0000    7.5000 2850.8479   10.2164
    0.0000   15.0000    7.5000 2879.4231   10.1003
    7.5000   15.0000    7.5000 2838.1746   10.2900
   -7.5000   22.5000    7.5000 2741.0969   10.9647
    0.0000   22.5000    7.5000 2762.3496   10.8490
    7.5000   22.5000    7.5000 2728.6731   11.0296
   -7.5000   30.0000    7.5000 2608.5942   11.9793
    0.0000   30.0000    7.5000 2626.0640   11.8769
    7.5000   30.0000    7.5000 2597.0330   12.0627
   -7.5000   37.5000    7.5000 2466.9551   13.2749
    0.0000   37.5000    7.5000 2483.5359   13.1703
    7.5000   37.5000    7.5000 2454.9500   13.3590
   -7.5000   45.0000    7.5000 2309.7549   14.9216
    0.0000   45.0000    7.5000 2321.6904   14.8364
    7.5000   45.0000    7.5000 2301.8633   15.0302
   -7.5000  -45.0000   15.0000 2515.9121   12.3595
    0.0000  -45.0000   15.0000 2533.0232   12.1567
    7.5000  -45.0000   15.0000 2513.3813   12.4363
   -7.5000  -37.5000   15.0000 2636.6472   11.1852
    0.0000  -37.5000   15.0000 2654.0142   11.0113
    7.5000  -37.5000   15.0000 2633.8215   11.2707
   -7.5000  -30.0000   15.0000 2750.2246   10.3002
    0.0000  -30.0000   15.0000 2768.0327   10.1383
    7.5000  -30.0000   15.0000 2746.3064   10.3859
   -7.5000  -22.5000   15.0000 2855.4243    9.6910
    0.0000  -22.5000   15.0000 2876.6694    9.5309
    7.5000  -22.5000   15.0000 2849.2908    9.7838
   -7.5000  -15.0000   15.0000 2942.8081    9.4031
    0.0000  -15.0000   15.0000 2975.5676    9.2474
    7.5000  -15.0000   15.0000 2930.9048    9.4658
   -7.5000   -7.5000   15.0000 2998.8677    9.2975
    0.0000   -7.5000   15.0000 3042.3723    9.1586
    7.5000   -7.5000   15.0000 2983.0603    9.3524
   -7.5000    0.0000   15.0000 2984.9521    9.4297
    0.0000    0.0000   15.0000 3026.2585    9.3082
    7.5000    0.0000   15.0000 2969.0908    9.4832
   -7.5000    7.5000   15.0000 2929.3489    9.7451
    0.0000    7.5000   15.0000 2958.7395    9.6397
    7.5000    7.5000   15.0000 2912.0178    9.8174
   -7.5000   15.0000   15.0000 2833.5652   10.2680
    0.0000   15.0000   15.0000 2856.8760   10.1677
    7.5000   15.0000   15.0000 2823.7844   10.3360
   -7.5000   22.5000   15.0000 2725.7673   11.0155
    0.0000   22.5000   15.0000 2746.1992   10.9000
    7.5000   22.5000   15.0000 2713.8611   11.0654
   -7.5000   30.0000   15.0000 2599.1079   11.9952
    0.0000   30.0000   15.0000 2613.3462   11.8927
    7.5000   30.0000   15.0000 2587.2947   12.0544
   -7.5000   37.5000   15.0000 2457.2229   13.2633
    0.0000   37.5000   15.0000 2469.2922   13.1650
    7.5000   37.5000   15.0000 2444.0024   13.3336
   -7.5000   45.0000   15.0000 2302.0728   14.8946
    0.0000   45.0000   15.0000 2311.2212   14.7911
    7.5000   45.0000   15.0000 2292.6804   14.9823
   -7.5000  -45.0000   22.5000 2483.4102   12.6112
    0.0000  -45.0000   22.5000 2503.3313   12.4024
    7.5000  -45.0000   22.5000 2484.4834   12.6849
   -7.5000  -37.5000   22.5000 2604.1716   11.4548
    0.0000  -37.5000   22.5000 2620.5913   11.2431
    7.5000  -37.5000   22.5000 2599.4260   11.5135
   -7.5000  -30.0000   22.5000 2711.8130   10.5770
    0.0000  -30.0000   22.5000 2729.4983   10.3864
    7.5000  -30.0000   22.5000 2706.8933   10.6359
   -7.5000  -22.5000   22.5000 2818.2034   10.0028
    0.0000  -22.5000   22.5000 2834.5686    9.8081
    7.5000  -22.5000   22.5000 2810.8396   10.0649
   -7.5000  -15.0000   22.5000 2902.9348    9.6773
    0.0000  -15.0000   22.5000 2930.6140    9.4949
    7.5000  -15.0000   22.5000 2891.7373    9.7186
   -7.5000   -7.5000   22.5000 2958.5708    9.5240
    0.0000   -7.5000   22.5000 2988.9824    9.3815
    7.5000   -7.5000   22.5000 2944.0588    9.5833
   -7.5000    0.0000   22.5000 2944.6687    9.6954
    0.0000    0.0000   22.5000 2974.6128    9.5685
    7.5000    0.0000   22.5000 2930.0081    9.7421
   -7.5000    7.5000   22.5000 2889.3110   10.0314
    0.0000    7.5000   22.5000 2918.3442    9.9067
    7.5000    7.5000   22.5000 2877.6584   10.0656
   -7.5000   15.0000   22.5000 2794.8684   10.5651
    0.0000   15.0000   22.5000 2818.6992   10.4273
    7.5000   15.0000   22.5000 2789.8411   10.5876
   -7.5000   22.5000   22.5000 2688.3228   11.2841
    0.0000   22.5000   22.5000 2706.6479   11.1550
    7.5000   22.5000   22.5000 2682.1550   11.3089
   -7.5000   30.0000   22.5000 2567.6206   12.2081
    0.0000   30.0000   22.5000 2582.0352   12.0942
    7.5000   30.0000   22.5000 2558.4963   12.2540
   -7.5000   37.5000   22.5000 2430.6707   13.4438
    0.0000   37.5000   22.5000 2442.5286   13.3273
    7.5000   37.5000   22.5000 2419.8418   13.5007
   -7.5000   45.0000   22.5000 2278.8901   15.0408
    0.0000   45.0000   22.5000 2288.5542   14.9381
    7.5000   45.0000   22.5000 2270.6458   15.1116
   -7.5000  -45.0000   30.0000 2445.9460   13.0976
    0.0000  -45.0000   30.0000 2462.7793   12.9069
    7.5000  -45.0000   30.0000 2441.9233   13.1757
   -7.5000  -37.5000   30.0000 2560.9084   11.9463
    0.0000  -37.5000   30.0000 2576.0205   11.7507
    7.5000  -37.5000   30.0000 2554.9053   12.0107
   -7.5000  -30.0000   30.0000 2667.3789   11.0643
    0.0000  -30.0000   30.0000 2681.6174   10.8636
    7.5000  -30.0000   30.0000 2660.8311   11.1321
   -7.5000  -22.5000   30.0000 2766.6821   10.4730
    0.0000  -22.5000   30.0000 2781.9709   10.2708
    7.5000  -22.5000   30.0000 2758.7266   10.5330
   -7.5000  -15.0000   30.0000 2844.4448   10.1144
    0.0000  -15.0000   30.0000 2865.2175    9.9320
    7.5000  -15.0000   30.0000 2833.7371   10.1688
   -7.5000   -7.5000   30.0000 2890.2600    9.9577
    0.0000   -7.5000   30.0000 2909.8596    9.8305
    7.5000   -7.5000   30.0000 2877.2698   10.0243
   -7.5000    0.0000   30.0000 2879.7524   10.1455
    0.0000    0.0000   30.0000 2900.5615   10.0179
    7.5000    0.0000   30.0000 2864.4094   10.1829
   -7.5000    7.5000   30.0000 2826.0552   10.4964
    0.0000    7.5000   30.0000 2847.4607   10.3823
    7.5000    7.5000   30.0000 2814.7097   10.5272
   -7.5000   15.0000   30.0000 2738.1760   11.0301
    0.0000   15.0000   30.0000 2759.5579   10.9145
    7.5000   15.0000   30.0000 2731.7292   11.0493
   -7.5000   22.5000   30.0000 2637.4868   11.7249
    0.0000   22.5000   30.0000 2655.3110   11.6208
    7.5000   22.5000   30.0000 2631.6477   11.7576
   -7.5000   30.0000   30.0000 2518.5364   12.6299
    0.0000   30.0000   30.0000 2532.4470   12.5274
    7.5000   30.0000   30.0000 2511.1458   12.6674
   -7.5000   37.5000   30.0000 2388.0137   13.8311
    0.0000   37.5000   30.0000 2402.8950   13.7296
    7.5000   37.5000   30.0000 2381.0491   13.8622
   -7.5000   45.0000   30.0000 2243.4355   15.3788
    0.0000   45.0000   30.0000 2252.7512   15.2587
    7.5000   45.0000   30.0000 2233.8203   15.4213
   -7.5000  -45.0000   37.5000 2396.9556   13.8198
    0.0000  -45.0000   37.5000 2414.1902   13.6590
    7.5000  -45.0000   37.5000 2392.4346   13.8935
   -7.5000  -37.5000   37.5000 2509.7285   12.6199
    0.0000  -37.5000   37.5000 2526.0525   12.4492
    7.5000  -37.5000   37.5000 2504.5938   12.6966
   -7.5000  -30.0000   37.5000 2615.0664   11.7109
    0.0000  -30.0000   37.5000 2637.2388   11.5459
    7.5000  -30.0000   37.5000 2609.8381   11.7834
   -7.5000  -22.5000   37.5000 2708.9319   11.0893
    0.0000  -22.5000   37.5000 2729.8318   10.9365
    7.5000  -22.5000   37.5000 2700.3201   11.1573
   -7.5000  -15.0000   37.5000 2774.4878   10.7150
    0.0000  -15.0000   37.5000 2794.6331   10.5491
    7.5000  -15.0000   37.5000 2765.0769   10.7770
   -7.5000   -7.5000   37.5000 2807.4663   10.5562
    0.0000   -7.5000   37.5000 2822.5603   10.4407
    7.5000   -7.5000   37.5000 2794.2656   10.6224
   -7.5000    0.0000   37.5000 2792.1685   10.7070
    0.0000    0.0000   37.5000 2810.6699   10.5883
    7.5000    0.0000   37.5000 2782.9077   10.7507
   -7.5000    7.5000   37.5000 2744.5913   11.0718
    0.0000    7.5000   37.5000 2763.3457   10.9647
    7.5000    7.5000   37.5000 2736.5300   11.1143
   -7.5000   15.0000   37.5000 2663.8340   11.6181
    0.0000   15.0000   37.5000 2684.4453   11.5111
    7.5000   15.0000   37.5000 2655.7312   11.6564
   -7.5000   22.5000   37.5000 2572.5505   12.3185
    0.0000   22.5000   37.5000 2582.3003   12.2209
    7.5000   22.5000   37.5000 2561.9880   12.3630
   -7.5000   30.0000   37.5000 2463.6411   13.2033
    0.0000   30.0000   37.5000 2470.2317   13.1253
    7.5000   30.0000   37.5000 2452.9873   13.2462
   -7.5000   37.5000   37.5000 2335.7805   14.3880
    0.0000   37.5000   37.5000 2344.3459   14.2988
    7.5000   37.5000   37.5000 2327.2075   14.4008
   -7.5000   45.0000   37.5000 2194.8784   15.8989
    0.0000   45.0000   37.5000 2203.8489   15.8110
    7.5000   45.0000   37.5000 2183.9216   15.9747
   -7.5000  -45.0000   45.0000 2337.1382   14.6908
    0.0000  -45.0000   45.0000 2357.5967   14.6030
    7.5000  -45.0000   45.0000 2332.1677   14.7874
   -7.5000  -37.5000   45.0000 2448.1135   13.4355
    0.0000  -37.5000   45.0000 2469.0527   13.3474
    7.5000  -37.5000   45.0000 2442.1396   13.5143
   -7.5000  -30.0000   45.0000 2552.6809   12.5231
    0.0000  -30.0000   45.0000 2571.3464   12.4128
    7.5000  -30.0000   45.0000 2543.5217   12.6096
   -7.5000  -22.5000   45.0000 2637.5918   11.8894
    0.0000  -22.5000   45.0000 2657.5474   11.7628
    7.5000  -22.5000   45.0000 2627.8325   11.9536
   -7.5000  -15.0000   45.0000 2694.1626   11.4700
    0.0000  -15.0000   45.0000 2711.1440   11.3641
    7.5000  -15.0000   45.0000 2683.6045   11.5511
   -7.5000   -7.5000   45.0000 2716.4309   11.3087
    0.0000   -7.5000   45.0000 2731.0645   11.2116
    7.5000   -7.5000   45.0000 2705.9470   11.3787
   -7.5000    0.0000   45.0000 2697.4175   11.4091
    0.0000    0.0000   45.0000 2713.0312   11.3116
    7.5000    0.0000   45.0000 2690.3376   11.4591
   -7.5000    7.5000   45.0000 2653.9614   11.7848
    0.0000    7.5000   45.0000 2667.5171   11.6788
    7.5000    7.5000   45.0000 2646.2036   11.8306
   -7.5000   15.0000   45.0000 2585.0073   12.3147
    0.0000   15.0000   45.0000 2602.2991   12.2340
    7.5000   15.0000   45.0000 2575.8867   12.3732
   -7.5000   22.5000   45.0000 2499.2849   13.0083
    0.0000   22.5000   45.0000 2509.6025   12.9349
    7.5000   22.5000   45.0000 2488.7085   13.0736
   -7.5000   30.0000   45.0000 2393.1545   13.8807
    0.0000   30.0000   45.0000 2401.3938   13.8253
    7.5000   30.0000   45.0000 2384.2354   13.9626
   -7.5000   37.5000   45.0000 2270.3828   15.0839
    0.0000   37.5000   45.0000 2281.2415   15.0233
    7.5000   37.5000   45.0000 2264.5991   15.1378
   -7.5000   45.0000   45.0000 2135.5618   16.6135
    0.0000   45.0000   45.0000 2149.7654   16.5481
    7.5000   45.0000   45.0000 2128.2109   16.6908

---------------------------------------------------------------------
imgreg_4dfp /opt/freesurfer/average/711-2C_as_mni_average_305 /opt/freesurfer/average/711-2B_as_mni_average_305_mask talsrcimg_g11 none talsrcimg_to_711-2C_as_mni_average_305_t4 1283
---------------------------------------------------------------------

freesurfer imgreg_4dfp.c
/opt/freesurfer/average/711-2C_as_mni_average_305.4dfp.img
       256       256       256         1
  1.000000  1.000000  1.000000
orientation T byte_order littleendian
Reading image: /opt/freesurfer/average/711-2C_as_mni_average_305.4dfp.img
dimensions:      256       256       256
mmppix:       1.0000   -1.0000   -1.0000
center:     128.0000 -129.0000 -129.0000
/opt/freesurfer/average/711-2B_as_mni_average_305_mask.4dfp.img
       256       256       256         1
  1.000000  1.000000  1.000000
orientation T byte_order littleendian
Reading mask: /opt/freesurfer/average/711-2B_as_mni_average_305_mask.4dfp.img (2306576 pixels)
talsrcimg_g11.4dfp.img
       256       256       256         1
  1.000000  1.000000  1.000000
orientation T byte_order littleendian
Reading image: talsrcimg_g11.4dfp.img
dimensions:      256       256       256
mmppix:       1.0000   -1.0000   -1.0000
center:     128.0000 -129.0000 -129.0000
rotation matrix determinant  1.000000
fimgreg.f
image alignment mode   1283 decimal      503 hex
parameters
    0.0000   -7.5000    7.5000    0.0000    0.0000    0.0000
eta,q 0.95661  9.15250
niter,ni,del,rscale     5    3   12.0000    1.2000
parameter  3 -0.534652 -> -0.500000 qaram    1.1500
parameter  4  1.002747 ->  0.500000 qaram    1.1500
parameters
   -0.9574   -5.8367   10.9500   -3.4500    0.0334    0.4757
eta,q 0.96101  9.08757
  0.0530  0.0553  0.0513  0.0380  0.0454  0.0441
  0.0468  0.0491  0.0482  0.0389  0.0422  0.0420
  0.0432  0.0449  0.0451  0.0397  0.0401  0.0401
  0.0436  0.0429  0.0427  0.0409  0.0391  0.0391
  0.0473  0.0426  0.0410  0.0427  0.0394  0.0394
  0.0531  0.0440  0.0409  0.0459  0.0419  0.0411
  0.0600  0.0461  0.0428  0.0492  0.0457  0.0429
niter,ni,del,rscale     6    3   12.0000    1.2000
parameter  4  1.571576 ->  0.500000 qaram    1.3225
parameters
   -1.4438   -3.9902    9.9569   -7.4175    0.3351    0.0234
eta,q 0.96543  9.08320
  0.0509  0.0508  0.0433  0.0340  0.0434  0.0395
  0.0437  0.0451  0.0400  0.0343  0.0396  0.0370
  0.0391  0.0410  0.0386  0.0362  0.0366  0.0351
  0.0390  0.0386  0.0381  0.0383  0.0347  0.0346
  0.0429  0.0382  0.0389  0.0401  0.0349  0.0359
  0.0480  0.0392  0.0426  0.0424  0.0378  0.0383
  0.0533  0.0414  0.0485  0.0460  0.0426  0.0409
niter,ni,del,rscale     6    3   12.0000    1.2000
parameters
   -1.4865   -2.3774    8.8707   -9.7666    0.3814    0.0932
eta,q 0.96798  9.09398
  0.0510  0.0494  0.0399  0.0378  0.0411  0.0382
  0.0425  0.0424  0.0357  0.0328  0.0372  0.0353
  0.0361  0.0373  0.0339  0.0320  0.0339  0.0330
  0.0346  0.0345  0.0338  0.0336  0.0320  0.0320
  0.0378  0.0337  0.0354  0.0372  0.0327  0.0326
  0.0438  0.0351  0.0396  0.0408  0.0362  0.0349
  0.0503  0.0391  0.0458  0.0443  0.0417  0.0382
niter,ni,del,rscale     5    3   12.0000    1.2000
parameters
   -1.4641   -1.5799    8.4134  -10.1699    0.3491    0.1406
eta,q 0.96808  9.10929
  0.0494  0.0476  0.0406  0.0414  0.0408  0.0377
  0.0406  0.0396  0.0354  0.0353  0.0368  0.0350
  0.0338  0.0341  0.0326  0.0323  0.0336  0.0329
  0.0320  0.0320  0.0320  0.0320  0.0319  0.0319
  0.0349  0.0328  0.0335  0.0339  0.0327  0.0325
  0.0412  0.0359  0.0372  0.0379  0.0363  0.0347
  0.0483  0.0406  0.0431  0.0422  0.0418  0.0378
niter,ni,del,rscale     4    3   12.0000    1.2000
parameters
   -1.4331   -1.3727    8.3629  -10.3484    0.3078    0.1710
eta,q 0.96802  9.11305
  0.0492  0.0449  0.0416  0.0417  0.0408  0.0376
  0.0406  0.0371  0.0362  0.0357  0.0368  0.0350
  0.0339  0.0329  0.0329  0.0325  0.0336  0.0329
  0.0319  0.0319  0.0320  0.0320  0.0320  0.0320
  0.0345  0.0336  0.0331  0.0335  0.0328  0.0326
  0.0409  0.0374  0.0364  0.0372  0.0364  0.0348
  0.0482  0.0420  0.0419  0.0417  0.0418  0.0377
niter,ni,del,rscale     3    3   12.0000    1.2000
parameters
   -1.4151   -1.2869    8.3419  -10.4316    0.2828    0.1869
eta,q 0.96798  9.11428
  0.0491  0.0443  0.0417  0.0418  0.0409  0.0376
  0.0406  0.0367  0.0362  0.0360  0.0369  0.0350
  0.0340  0.0327  0.0330  0.0326  0.0337  0.0329
  0.0320  0.0320  0.0320  0.0320  0.0320  0.0320
  0.0346  0.0339  0.0331  0.0334  0.0328  0.0326
  0.0410  0.0377  0.0363  0.0370  0.0364  0.0348
  0.0483  0.0422  0.0418  0.0415  0.0417  0.0377
niter,ni,del,rscale     2    3   12.0000    1.2000
parameters
   -1.4050   -1.2491    8.3335  -10.4688    0.2696    0.1938
eta,q 0.96797  9.11484
  0.0491  0.0441  0.0417  0.0419  0.0409  0.0375
  0.0406  0.0365  0.0362  0.0361  0.0369  0.0349
  0.0340  0.0326  0.0330  0.0327  0.0337  0.0329
  0.0320  0.0320  0.0320  0.0320  0.0320  0.0320
  0.0346  0.0340  0.0331  0.0333  0.0328  0.0326
  0.0410  0.0378  0.0363  0.0369  0.0363  0.0348
  0.0484  0.0423  0.0417  0.0414  0.0417  0.0377
registration optimization eta report
parameter search radius
    6.0000    6.0000    6.9000    7.9350    6.0000    6.0000
100000*second partial in parameter space
       46.       31.       20.       15.       25.       15.
  0.0491  0.0441  0.0417  0.0419  0.0409  0.0375
  0.0406  0.0365  0.0362  0.0361  0.0369  0.0349
  0.0340  0.0326  0.0330  0.0327  0.0337  0.0329
  0.0320  0.0320  0.0320  0.0320  0.0320  0.0320
  0.0346  0.0340  0.0331  0.0333  0.0328  0.0326
  0.0410  0.0378  0.0363  0.0369  0.0363  0.0348
  0.0484  0.0423  0.0417  0.0414  0.0417  0.0377
   -1.4050   -1.2491    8.3335  -10.4688    0.2696    0.1938
eta,q 0.96797  9.11484

---------------------------------------------------------------------
imgreg_4dfp /opt/freesurfer/average/711-2C_as_mni_average_305 /opt/freesurfer/average/711-2B_as_mni_average_305_mask talsrcimg_g11 none talsrcimg_to_711-2C_as_mni_average_305_t4 3335
---------------------------------------------------------------------

freesurfer imgreg_4dfp.c
/opt/freesurfer/average/711-2C_as_mni_average_305.4dfp.img
       256       256       256         1
  1.000000  1.000000  1.000000
orientation T byte_order littleendian
Reading image: /opt/freesurfer/average/711-2C_as_mni_average_305.4dfp.img
dimensions:      256       256       256
mmppix:       1.0000   -1.0000   -1.0000
center:     128.0000 -129.0000 -129.0000
/opt/freesurfer/average/711-2B_as_mni_average_305_mask.4dfp.img
       256       256       256         1
  1.000000  1.000000  1.000000
orientation T byte_order littleendian
Reading mask: /opt/freesurfer/average/711-2B_as_mni_average_305_mask.4dfp.img (2306576 pixels)
talsrcimg_g11.4dfp.img
       256       256       256         1
  1.000000  1.000000  1.000000
orientation T byte_order littleendian
Reading image: talsrcimg_g11.4dfp.img
dimensions:      256       256       256
mmppix:       1.0000   -1.0000   -1.0000
center:     128.0000 -129.0000 -129.0000
fimgreg.f
image alignment mode   3335 decimal      D07 hex
parameters
   -1.4050   -1.2491    8.3335   -0.0017   -1.6649   -1.6657
   -0.2471   -0.5241    0.3382   18.1683    0.4705  -18.1697
eta,q 0.96927  9.18065
niter,ni,del,rscale     5    3    5.0000    1.2000
parameter  4  0.664091 ->  0.500000 qaram    1.1500
parameter  5  1.786307 ->  0.500000 qaram    1.1500
parameters
   -1.2317   -0.7077    8.4745   -4.1417   -5.8049   -4.1422
   -0.9743    0.3520    1.5753   17.0043   -1.6938  -18.6662
eta,q 0.97407  8.81049
  0.0340  0.0334  0.0325  0.0295  0.0249  0.0274  0.0278  0.0305  0.0283  0.0280  0.0263  0.0268
  0.0323  0.0321  0.0315  0.0292  0.0258  0.0268  0.0269  0.0285  0.0272  0.0268  0.0260  0.0263
  0.0312  0.0312  0.0309  0.0296  0.0273  0.0261  0.0263  0.0269  0.0265  0.0261  0.0259  0.0260
  0.0307  0.0307  0.0306  0.0306  0.0293  0.0262  0.0262  0.0261  0.0261  0.0260  0.0260  0.0259
  0.0309  0.0306  0.0307  0.0326  0.0318  0.0276  0.0266  0.0262  0.0261  0.0266  0.0262  0.0261
  0.0317  0.0310  0.0312  0.0356  0.0346  0.0300  0.0274  0.0271  0.0264  0.0280  0.0266  0.0265
  0.0332  0.0318  0.0321  0.0390  0.0374  0.0331  0.0287  0.0289  0.0272  0.0301  0.0272  0.0271
niter,ni,del,rscale     6    3    5.0000    1.2000
parameter  5  0.567350 ->  0.500000 qaram    1.3225
parameters
   -1.0291   -1.0773    7.5527   -5.6393  -10.5659   -5.7798
   -1.1885    0.6460    2.4216   17.5167   -1.9641  -19.7657
eta,q 0.97528  8.51890
  0.0288  0.0273  0.0261  0.0272  0.0253  0.0258  0.0267  0.0281  0.0265  0.0270  0.0253  0.0255
  0.0274  0.0263  0.0257  0.0264  0.0247  0.0252  0.0257  0.0264  0.0257  0.0259  0.0250  0.0250
  0.0264  0.0259  0.0256  0.0259  0.0248  0.0249  0.0250  0.0252  0.0251  0.0252  0.0248  0.0247
  0.0259  0.0259  0.0258  0.0256  0.0257  0.0247  0.0248  0.0248  0.0248  0.0248  0.0248  0.0247
  0.0260  0.0264  0.0263  0.0260  0.0274  0.0250  0.0251  0.0250  0.0248  0.0248  0.0248  0.0250
  0.0267  0.0272  0.0269  0.0272  0.0298  0.0263  0.0259  0.0259  0.0252  0.0254  0.0250  0.0255
  0.0280  0.0284  0.0277  0.0298  0.0328  0.0286  0.0270  0.0277  0.0259  0.0266  0.0254  0.0261
niter,ni,del,rscale     6    3    5.0000    1.2000
parameters
   -1.0113   -0.6449    6.7971   -5.2410  -11.9208   -7.1527
   -1.3215    0.4330    2.5661   18.8013   -2.1712  -20.3265
eta,q 0.97554  8.43912
  0.0270  0.0274  0.0250  0.0265  0.0267  0.0257  0.0264  0.0274  0.0260  0.0268  0.0251  0.0254
  0.0258  0.0261  0.0246  0.0255  0.0258  0.0250  0.0255  0.0258  0.0253  0.0257  0.0248  0.0249
  0.0250  0.0252  0.0245  0.0249  0.0249  0.0246  0.0248  0.0248  0.0248  0.0250  0.0245  0.0245
  0.0247  0.0247  0.0247  0.0245  0.0245  0.0246  0.0246  0.0246  0.0246  0.0246  0.0245  0.0245
  0.0249  0.0247  0.0250  0.0244  0.0250  0.0248  0.0248  0.0250  0.0247  0.0244  0.0246  0.0247
  0.0257  0.0251  0.0255  0.0249  0.0266  0.0258  0.0255  0.0260  0.0252  0.0248  0.0248  0.0251
  0.0270  0.0260  0.0262  0.0265  0.0291  0.0277  0.0266  0.0278  0.0259  0.0257  0.0252  0.0257
niter,ni,del,rscale     5    3    5.0000    1.2000
parameters
   -1.1004   -0.1287    6.2632   -5.5441  -12.9363   -8.3331
   -1.2262    0.2051    2.6351   20.1173   -2.4655  -20.6717
eta,q 0.97571  8.35470
  0.0265  0.0271  0.0250  0.0259  0.0265  0.0256  0.0262  0.0271  0.0259  0.0265  0.0250  0.0252
  0.0254  0.0258  0.0245  0.0251  0.0255  0.0249  0.0253  0.0255  0.0251  0.0255  0.0246  0.0247
  0.0247  0.0249  0.0243  0.0246  0.0248  0.0245  0.0247  0.0246  0.0246  0.0248  0.0243  0.0244
  0.0245  0.0245  0.0244  0.0243  0.0243  0.0244  0.0244  0.0244  0.0244  0.0244  0.0243  0.0243
  0.0247  0.0244  0.0247  0.0243  0.0246  0.0246  0.0246  0.0248  0.0246  0.0243  0.0244  0.0244
  0.0256  0.0248  0.0252  0.0249  0.0260  0.0255  0.0252  0.0258  0.0250  0.0246  0.0247  0.0248
  0.0269  0.0255  0.0258  0.0266  0.0282  0.0273  0.0262  0.0275  0.0258  0.0255  0.0251  0.0254
niter,ni,del,rscale     4    3    5.0000    1.2000
parameters
   -1.1802    0.3862    5.8364   -5.7714  -13.9433   -9.3201
   -1.1402    0.0787    2.6228   21.3025   -2.5581  -20.8745
eta,q 0.97578  8.28255
  0.0263  0.0268  0.0250  0.0258  0.0261  0.0256  0.0260  0.0270  0.0257  0.0263  0.0249  0.0251
  0.0252  0.0256  0.0245  0.0249  0.0252  0.0248  0.0251  0.0254  0.0250  0.0253  0.0245  0.0246
  0.0245  0.0247  0.0242  0.0244  0.0246  0.0244  0.0245  0.0245  0.0245  0.0247  0.0243  0.0243
  0.0243  0.0243  0.0242  0.0242  0.0242  0.0243  0.0243  0.0243  0.0243  0.0243  0.0242  0.0242
  0.0246  0.0243  0.0245  0.0242  0.0243  0.0245  0.0245  0.0247  0.0245  0.0242  0.0243  0.0243
  0.0254  0.0246  0.0250  0.0247  0.0256  0.0253  0.0251  0.0256  0.0250  0.0245  0.0246  0.0247
  0.0266  0.0253  0.0257  0.0263  0.0277  0.0269  0.0260  0.0272  0.0258  0.0254  0.0250  0.0253
niter,ni,del,rscale     3    3    5.0000    1.2000
parameters
   -1.2189    0.8515    5.4935   -5.9494  -14.8076  -10.1055
   -1.1173    0.0345    2.4703   22.2336   -2.5003  -20.9925
eta,q 0.97581  8.22452
  0.0262  0.0265  0.0250  0.0257  0.0260  0.0255  0.0259  0.0270  0.0257  0.0262  0.0249  0.0251
  0.0251  0.0254  0.0245  0.0248  0.0251  0.0248  0.0250  0.0254  0.0249  0.0252  0.0245  0.0246
  0.0244  0.0246  0.0242  0.0244  0.0245  0.0243  0.0245  0.0244  0.0244  0.0245  0.0243  0.0243
  0.0242  0.0242  0.0242  0.0242  0.0242  0.0242  0.0242  0.0242  0.0242  0.0242  0.0242  0.0242
  0.0245  0.0242  0.0244  0.0242  0.0242  0.0244  0.0244  0.0246  0.0244  0.0242  0.0243  0.0243
  0.0252  0.0245  0.0249  0.0247  0.0253  0.0251  0.0250  0.0255  0.0250  0.0246  0.0245  0.0246
  0.0264  0.0252  0.0256  0.0262  0.0274  0.0266  0.0259  0.0269  0.0258  0.0254  0.0249  0.0252
niter,ni,del,rscale     2    3    5.0000    1.2000
parameters
   -1.2254    1.2151    5.2342   -6.0925  -15.4328  -10.6694
   -1.1319    0.0491    2.2725   22.9029   -2.3789  -21.0846
eta,q 0.97582  8.18294
  0.0262  0.0263  0.0250  0.0257  0.0260  0.0255  0.0258  0.0269  0.0257  0.0260  0.0249  0.0251
  0.0251  0.0252  0.0245  0.0248  0.0251  0.0248  0.0249  0.0253  0.0249  0.0251  0.0245  0.0246
  0.0244  0.0245  0.0242  0.0243  0.0245  0.0243  0.0244  0.0244  0.0243  0.0245  0.0243  0.0243
  0.0242  0.0242  0.0242  0.0242  0.0242  0.0242  0.0242  0.0242  0.0242  0.0242  0.0242  0.0242
  0.0244  0.0242  0.0244  0.0242  0.0242  0.0243  0.0244  0.0245  0.0244  0.0242  0.0243  0.0243
  0.0251  0.0246  0.0248  0.0246  0.0251  0.0249  0.0249  0.0254  0.0250  0.0246  0.0245  0.0246
  0.0262  0.0253  0.0255  0.0260  0.0270  0.0263  0.0258  0.0268  0.0259  0.0255  0.0249  0.0251
niter,ni,del,rscale     1    3    5.0000    1.2000
parameters
   -1.2109    1.4611    5.0601   -6.1936  -15.8329  -11.0165
   -1.1403    0.0913    2.1239   23.3215   -2.2970  -21.1863
eta,q 0.97581  8.15726
  0.0262  0.0261  0.0251  0.0257  0.0260  0.0256  0.0258  0.0269  0.0258  0.0259  0.0249  0.0251
  0.0251  0.0251  0.0245  0.0248  0.0251  0.0248  0.0249  0.0253  0.0249  0.0250  0.0245  0.0246
  0.0244  0.0245  0.0242  0.0243  0.0245  0.0243  0.0244  0.0244  0.0244  0.0244  0.0243  0.0243
  0.0242  0.0242  0.0242  0.0242  0.0242  0.0242  0.0242  0.0242  0.0242  0.0242  0.0242  0.0242
  0.0244  0.0243  0.0243  0.0242  0.0242  0.0243  0.0244  0.0245  0.0244  0.0243  0.0243  0.0243
  0.0250  0.0247  0.0247  0.0246  0.0250  0.0247  0.0249  0.0253  0.0250  0.0247  0.0245  0.0246
  0.0261  0.0254  0.0254  0.0259  0.0268  0.0261  0.0258  0.0267  0.0259  0.0256  0.0249  0.0252
registration optimization eta report
parameter search radius
    2.4000    2.4000    2.4000    8.2800    9.5220    7.2000
    7.2000    7.2000    7.2000    7.2000    7.2000    7.2000
100000*second partial in parameter space
       34.       27.       18.        2.        3.        3.
        3.        5.        3.        3.        1.        2.
  0.0262  0.0261  0.0251  0.0257  0.0260  0.0256  0.0258  0.0269  0.0258  0.0259  0.0249  0.0251
  0.0251  0.0251  0.0245  0.0248  0.0251  0.0248  0.0249  0.0253  0.0249  0.0250  0.0245  0.0246
  0.0244  0.0245  0.0242  0.0243  0.0245  0.0243  0.0244  0.0244  0.0244  0.0244  0.0243  0.0243
  0.0242  0.0242  0.0242  0.0242  0.0242  0.0242  0.0242  0.0242  0.0242  0.0242  0.0242  0.0242
  0.0244  0.0243  0.0243  0.0242  0.0242  0.0243  0.0244  0.0245  0.0244  0.0243  0.0243  0.0243
  0.0250  0.0247  0.0247  0.0246  0.0250  0.0247  0.0249  0.0253  0.0250  0.0247  0.0245  0.0246
  0.0261  0.0254  0.0254  0.0259  0.0268  0.0261  0.0258  0.0267  0.0259  0.0256  0.0249  0.0252
   -1.2109    1.4611    5.0601   -6.1936  -15.8329  -11.0165
   -1.1403    0.0913    2.1239   23.3215   -2.2970  -21.1863
eta,q 0.97581  8.15726

---------------------------------------------------------------------
imgreg_4dfp /opt/freesurfer/average/711-2C_as_mni_average_305 /opt/freesurfer/average/711-2B_as_mni_average_305_mask talsrcimg_g11 none talsrcimg_to_711-2C_as_mni_average_305_t4 2311
---------------------------------------------------------------------

freesurfer imgreg_4dfp.c
/opt/freesurfer/average/711-2C_as_mni_average_305.4dfp.img
       256       256       256         1
  1.000000  1.000000  1.000000
orientation T byte_order littleendian
Reading image: /opt/freesurfer/average/711-2C_as_mni_average_305.4dfp.img
dimensions:      256       256       256
mmppix:       1.0000   -1.0000   -1.0000
center:     128.0000 -129.0000 -129.0000
/opt/freesurfer/average/711-2B_as_mni_average_305_mask.4dfp.img
       256       256       256         1
  1.000000  1.000000  1.000000
orientation T byte_order littleendian
Reading mask: /opt/freesurfer/average/711-2B_as_mni_average_305_mask.4dfp.img (2306576 pixels)
talsrcimg_g11.4dfp.img
       256       256       256         1
  1.000000  1.000000  1.000000
orientation T byte_order littleendian
Reading image: talsrcimg_g11.4dfp.img
dimensions:      256       256       256
mmppix:       1.0000   -1.0000   -1.0000
center:     128.0000 -129.0000 -129.0000
fimgreg.f
image alignment mode   2311 decimal      907 hex
parameters
   -1.2109    1.4611    5.0601   -6.1936  -15.8329  -11.0165
   -1.1403    0.0913    2.1239   23.3215   -2.2970  -21.1863
eta,q 0.97581  8.15726
niter,ni,del,rscale     5    3    5.0000    0.8000
parameters
   -1.1869    1.5969    4.9763   -5.7192  -14.6634  -10.1903
   -0.8987    0.0966    2.3027   23.8230   -2.2129  -21.2079
eta,q 0.97592  8.25803
  0.0251  0.0250  0.0246  0.0246  0.0248  0.0249  0.0249  0.0254  0.0249  0.0249  0.0244  0.0245
  0.0246  0.0246  0.0244  0.0244  0.0245  0.0245  0.0245  0.0246  0.0245  0.0245  0.0242  0.0243
  0.0243  0.0243  0.0242  0.0242  0.0243  0.0242  0.0242  0.0242  0.0242  0.0242  0.0241  0.0241
  0.0242  0.0242  0.0242  0.0242  0.0242  0.0241  0.0241  0.0241  0.0241  0.0241  0.0241  0.0241
  0.0243  0.0242  0.0243  0.0242  0.0241  0.0241  0.0242  0.0243  0.0242  0.0241  0.0241  0.0241
  0.0246  0.0244  0.0244  0.0243  0.0242  0.0242  0.0244  0.0247  0.0244  0.0243  0.0242  0.0243
  0.0250  0.0248  0.0247  0.0245  0.0244  0.0245  0.0248  0.0253  0.0248  0.0247  0.0244  0.0246
niter,ni,del,rscale     4    3    5.0000    0.7000
parameters
   -1.2212    1.4194    4.8708   -5.0583  -14.2135   -9.9308
   -0.6950    0.1050    2.4920   23.7125   -2.0561  -21.1109
eta,q 0.97598  8.30773
  0.0247  0.0245  0.0244  0.0245  0.0246  0.0246  0.0247  0.0251  0.0247  0.0246  0.0243  0.0244
  0.0244  0.0242  0.0242  0.0243  0.0243  0.0243  0.0244  0.0245  0.0243  0.0243  0.0241  0.0242
  0.0242  0.0241  0.0241  0.0242  0.0242  0.0241  0.0241  0.0241  0.0241  0.0241  0.0241  0.0241
  0.0241  0.0241  0.0241  0.0241  0.0241  0.0240  0.0240  0.0240  0.0240  0.0240  0.0240  0.0240
  0.0242  0.0242  0.0241  0.0240  0.0240  0.0240  0.0241  0.0241  0.0241  0.0241  0.0240  0.0241
  0.0244  0.0244  0.0243  0.0241  0.0242  0.0241  0.0243  0.0245  0.0242  0.0243  0.0241  0.0242
  0.0248  0.0248  0.0245  0.0243  0.0244  0.0245  0.0246  0.0250  0.0245  0.0247  0.0243  0.0244
niter,ni,del,rscale     3    3    5.0000    0.6000
parameters
   -1.2476    1.3188    4.8733   -4.8197  -13.9431   -9.6124
   -0.6428    0.0672    2.5745   23.6978   -1.9288  -21.1160
eta,q 0.97602  8.33840
  0.0245  0.0244  0.0243  0.0243  0.0244  0.0244  0.0245  0.0248  0.0244  0.0245  0.0242  0.0243
  0.0242  0.0242  0.0241  0.0242  0.0242  0.0242  0.0242  0.0243  0.0242  0.0242  0.0241  0.0241
  0.0241  0.0240  0.0241  0.0241  0.0241  0.0241  0.0241  0.0241  0.0240  0.0241  0.0240  0.0240
  0.0240  0.0240  0.0240  0.0240  0.0240  0.0240  0.0240  0.0240  0.0240  0.0240  0.0240  0.0240
  0.0241  0.0241  0.0241  0.0240  0.0240  0.0240  0.0240  0.0241  0.0240  0.0240  0.0240  0.0240
  0.0243  0.0242  0.0241  0.0241  0.0241  0.0240  0.0242  0.0244  0.0242  0.0242  0.0241  0.0241
  0.0246  0.0245  0.0243  0.0243  0.0243  0.0244  0.0245  0.0248  0.0244  0.0245  0.0242  0.0243
niter,ni,del,rscale     2    3    5.0000    0.5000
parameters
   -1.2612    1.2520    4.9056   -4.6203  -13.7651   -9.2985
   -0.5847    0.0447    2.6087   23.6876   -1.8647  -21.1327
eta,q 0.97605  8.36407
  0.0244  0.0242  0.0242  0.0242  0.0243  0.0243  0.0243  0.0245  0.0243  0.0243  0.0241  0.0241
  0.0241  0.0241  0.0241  0.0241  0.0241  0.0241  0.0241  0.0242  0.0241  0.0241  0.0240  0.0240
  0.0240  0.0240  0.0240  0.0240  0.0240  0.0240  0.0240  0.0240  0.0240  0.0240  0.0240  0.0240
  0.0240  0.0240  0.0240  0.0240  0.0240  0.0240  0.0240  0.0239  0.0239  0.0240  0.0240  0.0240
  0.0240  0.0240  0.0240  0.0240  0.0240  0.0239  0.0240  0.0240  0.0240  0.0240  0.0240  0.0240
  0.0242  0.0241  0.0241  0.0240  0.0241  0.0240  0.0241  0.0242  0.0241  0.0241  0.0240  0.0240
  0.0244  0.0243  0.0242  0.0242  0.0242  0.0242  0.0243  0.0245  0.0242  0.0244  0.0241  0.0242
niter,ni,del,rscale     1    3    5.0000    0.4000
parameters
   -1.2746    1.2090    4.9626   -4.4962  -13.6240   -8.9951
   -0.5157    0.0265    2.6313   23.7037   -1.7687  -21.1705
eta,q 0.97607  8.38578
  0.0242  0.0241  0.0241  0.0241  0.0241  0.0242  0.0242  0.0243  0.0241  0.0242  0.0240  0.0241
  0.0241  0.0240  0.0240  0.0240  0.0241  0.0241  0.0241  0.0241  0.0240  0.0241  0.0240  0.0240
  0.0240  0.0240  0.0240  0.0240  0.0240  0.0240  0.0240  0.0240  0.0240  0.0240  0.0239  0.0239
  0.0240  0.0240  0.0240  0.0240  0.0239  0.0239  0.0239  0.0239  0.0239  0.0239  0.0239  0.0239
  0.0240  0.0240  0.0240  0.0240  0.0240  0.0239  0.0240  0.0240  0.0239  0.0240  0.0239  0.0239
  0.0241  0.0241  0.0240  0.0240  0.0240  0.0240  0.0240  0.0241  0.0240  0.0240  0.0240  0.0240
  0.0242  0.0242  0.0241  0.0241  0.0241  0.0241  0.0242  0.0243  0.0241  0.0242  0.0240  0.0241
registration optimization eta report
parameter search radius
    0.8000    0.8000    0.8000    2.4000    2.4000    2.4000
    2.4000    2.4000    2.4000    2.4000    2.4000    2.4000
100000*second partial in parameter space
       40.       30.       19.        3.        3.        3.
        4.        7.        3.        5.        2.        2.
  0.0242  0.0241  0.0241  0.0241  0.0241  0.0242  0.0242  0.0243  0.0241  0.0242  0.0240  0.0241
  0.0241  0.0240  0.0240  0.0240  0.0241  0.0241  0.0241  0.0241  0.0240  0.0241  0.0240  0.0240
  0.0240  0.0240  0.0240  0.0240  0.0240  0.0240  0.0240  0.0240  0.0240  0.0240  0.0239  0.0239
  0.0240  0.0240  0.0240  0.0240  0.0239  0.0239  0.0239  0.0239  0.0239  0.0239  0.0239  0.0239
  0.0240  0.0240  0.0240  0.0240  0.0240  0.0239  0.0240  0.0240  0.0239  0.0240  0.0239  0.0239
  0.0241  0.0241  0.0240  0.0240  0.0240  0.0240  0.0240  0.0241  0.0240  0.0240  0.0240  0.0240
  0.0242  0.0242  0.0241  0.0241  0.0241  0.0241  0.0242  0.0243  0.0241  0.0242  0.0240  0.0241
   -1.2746    1.2090    4.9626   -4.4962  -13.6240   -8.9951
   -0.5157    0.0265    2.6313   23.7037   -1.7687  -21.1705
eta,q 0.97607  8.38578

---------------------------------------------------------------------
imgreg_4dfp /opt/freesurfer/average/711-2C_as_mni_average_305 /opt/freesurfer/average/711-2B_as_mni_average_305_mask talsrcimg_g11 none talsrcimg_to_711-2C_as_mni_average_305_t4 2311
---------------------------------------------------------------------

freesurfer imgreg_4dfp.c
/opt/freesurfer/average/711-2C_as_mni_average_305.4dfp.img
       256       256       256         1
  1.000000  1.000000  1.000000
orientation T byte_order littleendian
Reading image: /opt/freesurfer/average/711-2C_as_mni_average_305.4dfp.img
dimensions:      256       256       256
mmppix:       1.0000   -1.0000   -1.0000
center:     128.0000 -129.0000 -129.0000
/opt/freesurfer/average/711-2B_as_mni_average_305_mask.4dfp.img
       256       256       256         1
  1.000000  1.000000  1.000000
orientation T byte_order littleendian
Reading mask: /opt/freesurfer/average/711-2B_as_mni_average_305_mask.4dfp.img (2306576 pixels)
talsrcimg_g11.4dfp.img
       256       256       256         1
  1.000000  1.000000  1.000000
orientation T byte_order littleendian
Reading image: talsrcimg_g11.4dfp.img
dimensions:      256       256       256
mmppix:       1.0000   -1.0000   -1.0000
center:     128.0000 -129.0000 -129.0000
fimgreg.f
image alignment mode   2311 decimal      907 hex
parameters
   -1.2746    1.2090    4.9626   -4.4962  -13.6240   -8.9951
   -0.5157    0.0265    2.6313   23.7037   -1.7687  -21.1705
eta,q 0.97607  8.38579
niter,ni,del,rscale     5    3    5.0000    0.8000
parameters
   -1.2970    1.1781    5.0489   -5.0604  -14.0628   -9.7318
   -0.6657   -0.0132    2.4730   23.2259   -2.0224  -21.0144
eta,q 0.97599  8.31362
  0.0249  0.0247  0.0245  0.0244  0.0245  0.0245  0.0248  0.0254  0.0247  0.0247  0.0243  0.0245
  0.0244  0.0242  0.0242  0.0242  0.0243  0.0243  0.0244  0.0246  0.0243  0.0243  0.0241  0.0243
  0.0240  0.0240  0.0240  0.0240  0.0241  0.0241  0.0241  0.0241  0.0241  0.0241  0.0240  0.0241
  0.0239  0.0239  0.0239  0.0239  0.0240  0.0240  0.0240  0.0240  0.0240  0.0240  0.0240  0.0240
  0.0241  0.0240  0.0240  0.0240  0.0240  0.0240  0.0241  0.0242  0.0241  0.0241  0.0241  0.0241
  0.0244  0.0243  0.0241  0.0243  0.0243  0.0245  0.0244  0.0246  0.0244  0.0245  0.0242  0.0242
  0.0250  0.0247  0.0244  0.0248  0.0250  0.0254  0.0249  0.0254  0.0248  0.0251  0.0244  0.0245
niter,ni,del,rscale     4    3    5.0000    0.7000
parameters
   -1.2739    1.1913    5.0018   -4.9450  -13.8706   -9.7178
   -0.6328    0.0051    2.5446   23.2946   -1.9778  -21.0178
eta,q 0.97600  8.32687
  0.0248  0.0246  0.0244  0.0244  0.0245  0.0245  0.0246  0.0251  0.0246  0.0246  0.0243  0.0244
  0.0244  0.0243  0.0242  0.0242  0.0243  0.0243  0.0243  0.0244  0.0243  0.0243  0.0241  0.0242
  0.0241  0.0241  0.0240  0.0241  0.0241  0.0241  0.0241  0.0241  0.0241  0.0241  0.0240  0.0240
  0.0240  0.0240  0.0240  0.0240  0.0240  0.0240  0.0240  0.0240  0.0240  0.0240  0.0240  0.0240
  0.0241  0.0241  0.0241  0.0240  0.0240  0.0240  0.0241  0.0241  0.0241  0.0240  0.0240  0.0240
  0.0243  0.0243  0.0242  0.0241  0.0242  0.0241  0.0243  0.0245  0.0242  0.0242  0.0241  0.0242
  0.0247  0.0246  0.0244  0.0244  0.0245  0.0246  0.0246  0.0250  0.0246  0.0247  0.0242  0.0244
niter,ni,del,rscale     3    3    5.0000    0.6000
parameters
   -1.2717    1.1834    4.9771   -4.7682  -13.7395   -9.4659
   -0.5989    0.0163    2.5986   23.4208   -1.9162  -21.0391
eta,q 0.97604  8.34943
  0.0245  0.0244  0.0243  0.0243  0.0244  0.0244  0.0245  0.0248  0.0244  0.0245  0.0242  0.0242
  0.0242  0.0242  0.0241  0.0242  0.0242  0.0242  0.0242  0.0243  0.0242  0.0242  0.0241  0.0241
  0.0241  0.0240  0.0240  0.0241  0.0241  0.0241  0.0240  0.0240  0.0240  0.0241  0.0240  0.0240
  0.0240  0.0240  0.0240  0.0240  0.0240  0.0240  0.0240  0.0240  0.0240  0.0240  0.0240  0.0240
  0.0240  0.0241  0.0240  0.0240  0.0240  0.0239  0.0240  0.0241  0.0240  0.0240  0.0240  0.0240
  0.0242  0.0242  0.0241  0.0241  0.0241  0.0240  0.0242  0.0243  0.0242  0.0241  0.0240  0.0241
  0.0245  0.0244  0.0243  0.0243  0.0244  0.0244  0.0245  0.0248  0.0244  0.0245  0.0242  0.0243
niter,ni,del,rscale     2    3    5.0000    0.5000
parameters
   -1.2794    1.1637    4.9781   -4.5989  -13.6182   -9.2134
   -0.5545    0.0157    2.6335   23.5152   -1.8511  -21.0816
eta,q 0.97606  8.37119
  0.0244  0.0243  0.0242  0.0242  0.0243  0.0243  0.0243  0.0245  0.0243  0.0243  0.0241  0.0241
  0.0241  0.0241  0.0241  0.0241  0.0241  0.0241  0.0241  0.0242  0.0241  0.0241  0.0240  0.0240
  0.0240  0.0240  0.0240  0.0240  0.0240  0.0240  0.0240  0.0240  0.0240  0.0240  0.0240  0.0240
  0.0240  0.0240  0.0240  0.0240  0.0240  0.0240  0.0239  0.0239  0.0239  0.0239  0.0239  0.0239
  0.0240  0.0240  0.0240  0.0240  0.0240  0.0239  0.0240  0.0240  0.0240  0.0240  0.0240  0.0240
  0.0241  0.0241  0.0241  0.0240  0.0241  0.0240  0.0241  0.0242  0.0241  0.0241  0.0240  0.0240
  0.0244  0.0243  0.0242  0.0242  0.0242  0.0242  0.0243  0.0245  0.0242  0.0243  0.0241  0.0242
niter,ni,del,rscale     1    3    5.0000    0.4000
parameters
   -1.2783    1.1463    5.0001   -4.4851  -13.5340   -8.9437
   -0.5157    0.0134    2.6519   23.5765   -1.7866  -21.1375
eta,q 0.97607  8.38973
  0.0242  0.0241  0.0241  0.0241  0.0241  0.0242  0.0242  0.0243  0.0241  0.0242  0.0240  0.0240
  0.0241  0.0240  0.0240  0.0240  0.0240  0.0241  0.0240  0.0241  0.0240  0.0241  0.0240  0.0240
  0.0240  0.0240  0.0240  0.0240  0.0240  0.0240  0.0240  0.0240  0.0239  0.0240  0.0239  0.0239
  0.0239  0.0239  0.0239  0.0239  0.0239  0.0239  0.0239  0.0239  0.0239  0.0239  0.0239  0.0239
  0.0240  0.0240  0.0240  0.0239  0.0240  0.0239  0.0240  0.0240  0.0239  0.0239  0.0239  0.0239
  0.0241  0.0240  0.0240  0.0240  0.0240  0.0240  0.0240  0.0241  0.0240  0.0240  0.0240  0.0240
  0.0242  0.0241  0.0241  0.0241  0.0241  0.0241  0.0242  0.0243  0.0241  0.0242  0.0240  0.0241
registration optimization eta report
parameter search radius
    0.8000    0.8000    0.8000    2.4000    2.4000    2.4000
    2.4000    2.4000    2.4000    2.4000    2.4000    2.4000
100000*second partial in parameter space
       40.       30.       20.        3.        3.        3.
        4.        7.        3.        4.        2.        2.
  0.0242  0.0241  0.0241  0.0241  0.0241  0.0242  0.0242  0.0243  0.0241  0.0242  0.0240  0.0240
  0.0241  0.0240  0.0240  0.0240  0.0240  0.0241  0.0240  0.0241  0.0240  0.0241  0.0240  0.0240
  0.0240  0.0240  0.0240  0.0240  0.0240  0.0240  0.0240  0.0240  0.0239  0.0240  0.0239  0.0239
  0.0239  0.0239  0.0239  0.0239  0.0239  0.0239  0.0239  0.0239  0.0239  0.0239  0.0239  0.0239
  0.0240  0.0240  0.0240  0.0239  0.0240  0.0239  0.0240  0.0240  0.0239  0.0239  0.0239  0.0239
  0.0241  0.0240  0.0240  0.0240  0.0240  0.0240  0.0240  0.0241  0.0240  0.0240  0.0240  0.0240
  0.0242  0.0241  0.0241  0.0241  0.0241  0.0241  0.0242  0.0243  0.0241  0.0242  0.0240  0.0241
   -1.2783    1.1463    5.0001   -4.4851  -13.5340   -8.9437
   -0.5157    0.0134    2.6519   23.5765   -1.7866  -21.1375
eta,q 0.97607  8.38973

---------------------------------------------------------------------
compute_vox2vox talsrcimg talsrcimg_to_711-2C_as_mni_average_305_t4 /opt/freesurfer/average/711-2C_as_mni_average_305
---------------------------------------------------------------------

freesurfer compute_vox2vox.c
Reading: talsrcimg.4dfp.ifh
Reading: talsrcimg_to_711-2C_as_mni_average_305_t4
Reading: /opt/freesurfer/average/711-2C_as_mni_average_305.4dfp.ifh
Writing: talsrcimg_to_711-2C_as_mni_average_305_t4_vox2vox.txt

start time Sun Mar 8 12:45:38 CET 2026
end		time Sun Mar 8 12:45:51 CET 2026

mpr2mni305 success

avi2talxfm orig_nu.mgz /opt/freesurfer/average/mni305.cor.mgz talsrcimg_to_711-2C_as_mni_average_305_t4_vox2vox.txt transforms/talairach.auto.xfm
avi2talxfm done
mv -f /out/sourcedata/freesurfer/sub-v1s11x0050170_ses-1/mri/talsrcimg_to_711-2C_as_mni_average_305_t4_vox2vox.txt /out/sourcedata/freesurfer/sub-v1s11x0050170_ses-1/mri/transforms/talsrcimg_to_711-2C_as_mni_average_305_t4_vox2vox.txt
lta_convert --src orig_nu.mgz --trg /opt/freesurfer/average/mni305.cor.mgz --inxfm transforms/talairach.auto.xfm --outlta transforms/talairach.auto.xfm.lta --subject fsaverage
7.3.2

--src: orig_nu.mgz src image (geometry).
--trg: /opt/freesurfer/average/mni305.cor.mgz trg image (geometry).
--inmni: transforms/talairach.auto.xfm input MNI/XFM transform.
--outlta: transforms/talairach.auto.xfm.lta output LTA.
--s: fsaverage subject name
 LTA read, type : 1
 1.04676  -0.00166   0.00584   8.74448;
 0.01231   1.03283   0.25256  -22.47221;
-0.03546  -0.28157   1.08748  -7.17868;
 0.00000   0.00000   0.00000   1.00000;
setting subject to fsaverage
Writing  LTA to file transforms/talairach.auto.xfm.lta...
lta_convert successful.
 
 
Started at Sun Mar 8 12:45:37 CET 2026
Ended   at Sun Mar  8 12:45:51 CET 2026
talairach_avi done
