status file for recon-all
Thu Mar 12 13:08:28 CET 2026
#@# Tessellate rh Thu Mar 12 13:08:28 CET 2026
#@# Smooth1 rh Thu Mar 12 13:08:32 CET 2026
#@# Inflation1 rh Thu Mar 12 13:08:34 CET 2026
#@# QSphere rh Thu Mar 12 13:08:49 CET 2026
#@# Fix Topology rh Thu Mar 12 13:10:00 CET 2026
#@# Smooth2 rh Thu Mar 12 13:14:26 CET 2026
#@# Inflation2 rh Thu Mar 12 13:14:29 CET 2026
#@# Curv .H and .K rh Thu Mar 12 13:14:44 CET 2026
#@# Sphere rh Thu Mar 12 13:15:25 CET 2026
#@# Surf Reg rh Thu Mar 12 13:19:11 CET 2026
#@# Jacobian white rh Thu Mar 12 13:22:56 CET 2026
#@# AvgCurv rh Thu Mar 12 13:22:57 CET 2026
#@# Cortical Parc rh Thu Mar 12 13:22:58 CET 2026
#@# white curv rh Thu Mar 12 13:28:43 CET 2026
#@# white area rh Thu Mar 12 13:28:45 CET 2026
#@# pial curv rh Thu Mar 12 13:28:46 CET 2026
#@# pial area rh Thu Mar 12 13:28:48 CET 2026
#@# thickness rh Thu Mar 12 13:28:48 CET 2026
#@# area and vertex vol rh Thu Mar 12 13:29:15 CET 2026
#@# Curvature Stats rh Thu Mar 12 13:29:16 CET 2026
#@# Cortical Parc 2 rh Thu Mar 12 13:29:19 CET 2026
#@# Cortical Parc 3 rh Thu Mar 12 13:29:31 CET 2026
#@# WM/GM Contrast rh Thu Mar 12 13:29:42 CET 2026
recon-all -s sub-v1s11x0050164_ses-1 finished without error at Thu Mar 12 13:29:45 CET 2026



#New# invocation of recon-all 



status file for recon-all
Thu Mar 12 13:36:10 CET 2026
#@# white curv rh Thu Mar 12 13:36:10 CET 2026
#@# white area rh Thu Mar 12 13:36:10 CET 2026
#@# pial curv rh Thu Mar 12 13:36:10 CET 2026
#@# pial area rh Thu Mar 12 13:36:10 CET 2026
#@# thickness rh Thu Mar 12 13:36:10 CET 2026
#@# area and vertex vol rh Thu Mar 12 13:36:10 CET 2026
#@# Parcellation Stats rh Thu Mar 12 13:36:10 CET 2026
#@# Parcellation Stats 2 rh Thu Mar 12 13:36:27 CET 2026
#@# Parcellation Stats 3 rh Thu Mar 12 13:36:34 CET 2026
#@# BA_exvivo Labels rh Thu Mar 12 13:36:42 CET 2026
recon-all -s sub-v1s11x0050164_ses-1 finished without error at Thu Mar 12 13:39:18 CET 2026
