status file for recon-all
Sun Mar  8 13:58:15 CET 2026
#@# Tessellate lh Sun Mar  8 13:58:15 CET 2026
#@# Smooth1 lh Sun Mar  8 13:58:18 CET 2026
#@# Inflation1 lh Sun Mar  8 13:58:20 CET 2026
#@# QSphere lh Sun Mar  8 13:58:26 CET 2026
#@# Fix Topology lh Sun Mar  8 13:59:08 CET 2026
#@# Smooth2 lh Sun Mar  8 14:03:18 CET 2026
#@# Inflation2 lh Sun Mar  8 14:03:20 CET 2026
#@# Curv .H and .K lh Sun Mar  8 14:03:27 CET 2026
#@# Sphere lh Sun Mar  8 14:04:07 CET 2026
#@# Surf Reg lh Sun Mar  8 14:05:37 CET 2026
#@# Jacobian white lh Sun Mar  8 14:08:27 CET 2026
#@# AvgCurv lh Sun Mar  8 14:08:27 CET 2026
#@# Cortical Parc lh Sun Mar  8 14:08:28 CET 2026
#@# white curv lh Sun Mar  8 14:13:37 CET 2026
#@# white area lh Sun Mar  8 14:13:38 CET 2026
#@# pial curv lh Sun Mar  8 14:13:39 CET 2026
#@# pial area lh Sun Mar  8 14:13:40 CET 2026
#@# thickness lh Sun Mar  8 14:13:40 CET 2026
#@# area and vertex vol lh Sun Mar  8 14:14:01 CET 2026
#@# Curvature Stats lh Sun Mar  8 14:14:02 CET 2026
#@# Cortical Parc 2 lh Sun Mar  8 14:14:04 CET 2026
#@# Cortical Parc 3 lh Sun Mar  8 14:14:14 CET 2026
#@# WM/GM Contrast lh Sun Mar  8 14:14:21 CET 2026
recon-all -s sub-v1s11x0050167_ses-1 finished without error at Sun Mar  8 14:14:23 CET 2026



#New# invocation of recon-all 



status file for recon-all
Sun Mar  8 14:36:48 CET 2026
#@# white curv lh Sun Mar  8 14:36:48 CET 2026
#@# white area lh Sun Mar  8 14:36:48 CET 2026
#@# pial curv lh Sun Mar  8 14:36:48 CET 2026
#@# pial area lh Sun Mar  8 14:36:48 CET 2026
#@# thickness lh Sun Mar  8 14:36:48 CET 2026
#@# area and vertex vol lh Sun Mar  8 14:36:48 CET 2026
#@# Parcellation Stats lh Sun Mar  8 14:36:48 CET 2026
#@# Parcellation Stats 2 lh Sun Mar  8 14:37:04 CET 2026
#@# Parcellation Stats 3 lh Sun Mar  8 14:37:12 CET 2026
#@# BA_exvivo Labels lh Sun Mar  8 14:37:20 CET 2026
recon-all -s sub-v1s11x0050167_ses-1 finished without error at Sun Mar  8 14:39:10 CET 2026
