status file for recon-all
Sun Mar  8 14:14:25 CET 2026
#@# Tessellate rh Sun Mar  8 14:14:25 CET 2026
#@# Smooth1 rh Sun Mar  8 14:14:28 CET 2026
#@# Inflation1 rh Sun Mar  8 14:14:30 CET 2026
#@# QSphere rh Sun Mar  8 14:14:37 CET 2026
#@# Fix Topology rh Sun Mar  8 14:15:27 CET 2026
#@# Smooth2 rh Sun Mar  8 14:19:28 CET 2026
#@# Inflation2 rh Sun Mar  8 14:19:30 CET 2026
#@# Curv .H and .K rh Sun Mar  8 14:19:38 CET 2026
#@# Sphere rh Sun Mar  8 14:20:18 CET 2026
#@# Surf Reg rh Sun Mar  8 14:22:38 CET 2026
#@# Jacobian white rh Sun Mar  8 14:25:20 CET 2026
#@# AvgCurv rh Sun Mar  8 14:25:21 CET 2026
#@# Cortical Parc rh Sun Mar  8 14:25:22 CET 2026
#@# white curv rh Sun Mar  8 14:30:38 CET 2026
#@# white area rh Sun Mar  8 14:30:39 CET 2026
#@# pial curv rh Sun Mar  8 14:30:40 CET 2026
#@# pial area rh Sun Mar  8 14:30:41 CET 2026
#@# thickness rh Sun Mar  8 14:30:42 CET 2026
#@# area and vertex vol rh Sun Mar  8 14:31:02 CET 2026
#@# Curvature Stats rh Sun Mar  8 14:31:03 CET 2026
#@# Cortical Parc 2 rh Sun Mar  8 14:31:05 CET 2026
#@# Cortical Parc 3 rh Sun Mar  8 14:31:15 CET 2026
#@# WM/GM Contrast rh Sun Mar  8 14:31:22 CET 2026
recon-all -s sub-v1s11x0050167_ses-1 finished without error at Sun Mar  8 14:31:24 CET 2026



#New# invocation of recon-all 



status file for recon-all
Sun Mar  8 14:39:12 CET 2026
#@# white curv rh Sun Mar  8 14:39:12 CET 2026
#@# white area rh Sun Mar  8 14:39:12 CET 2026
#@# pial curv rh Sun Mar  8 14:39:12 CET 2026
#@# pial area rh Sun Mar  8 14:39:12 CET 2026
#@# thickness rh Sun Mar  8 14:39:12 CET 2026
#@# area and vertex vol rh Sun Mar  8 14:39:12 CET 2026
#@# Parcellation Stats rh Sun Mar  8 14:39:12 CET 2026
#@# Parcellation Stats 2 rh Sun Mar  8 14:39:28 CET 2026
#@# Parcellation Stats 3 rh Sun Mar  8 14:39:36 CET 2026
#@# BA_exvivo Labels rh Sun Mar  8 14:39:44 CET 2026
recon-all -s sub-v1s11x0050167_ses-1 finished without error at Sun Mar  8 14:41:34 CET 2026
