status file for recon-all
Thu Mar 12 12:38:02 CET 2026
#@# Tessellate rh Thu Mar 12 12:38:02 CET 2026
#@# Smooth1 rh Thu Mar 12 12:38:06 CET 2026
#@# Inflation1 rh Thu Mar 12 12:38:08 CET 2026
#@# QSphere rh Thu Mar 12 12:38:19 CET 2026
#@# Fix Topology rh Thu Mar 12 12:39:22 CET 2026
#@# Smooth2 rh Thu Mar 12 12:45:16 CET 2026
#@# Inflation2 rh Thu Mar 12 12:45:19 CET 2026
#@# Curv .H and .K rh Thu Mar 12 12:45:33 CET 2026
#@# Sphere rh Thu Mar 12 12:46:13 CET 2026
#@# Surf Reg rh Thu Mar 12 12:49:23 CET 2026
#@# Jacobian white rh Thu Mar 12 12:53:01 CET 2026
#@# AvgCurv rh Thu Mar 12 12:53:02 CET 2026
#@# Cortical Parc rh Thu Mar 12 12:53:03 CET 2026
#@# white curv rh Thu Mar 12 12:58:22 CET 2026
#@# white area rh Thu Mar 12 12:58:24 CET 2026
#@# pial curv rh Thu Mar 12 12:58:25 CET 2026
#@# pial area rh Thu Mar 12 12:58:26 CET 2026
#@# thickness rh Thu Mar 12 12:58:27 CET 2026
#@# area and vertex vol rh Thu Mar 12 12:58:52 CET 2026
#@# Curvature Stats rh Thu Mar 12 12:58:53 CET 2026
#@# Cortical Parc 2 rh Thu Mar 12 12:58:55 CET 2026
#@# Cortical Parc 3 rh Thu Mar 12 12:59:07 CET 2026
#@# WM/GM Contrast rh Thu Mar 12 12:59:16 CET 2026
recon-all -s sub-v1s11x0050158_ses-1 finished without error at Thu Mar 12 12:59:19 CET 2026



#New# invocation of recon-all 



status file for recon-all
Thu Mar 12 13:06:16 CET 2026
#@# white curv rh Thu Mar 12 13:06:16 CET 2026
#@# white area rh Thu Mar 12 13:06:16 CET 2026
#@# pial curv rh Thu Mar 12 13:06:16 CET 2026
#@# pial area rh Thu Mar 12 13:06:16 CET 2026
#@# thickness rh Thu Mar 12 13:06:16 CET 2026
#@# area and vertex vol rh Thu Mar 12 13:06:16 CET 2026
#@# Parcellation Stats rh Thu Mar 12 13:06:16 CET 2026
#@# Parcellation Stats 2 rh Thu Mar 12 13:06:31 CET 2026
#@# Parcellation Stats 3 rh Thu Mar 12 13:06:39 CET 2026
#@# BA_exvivo Labels rh Thu Mar 12 13:06:48 CET 2026
recon-all -s sub-v1s11x0050158_ses-1 finished without error at Thu Mar 12 13:09:08 CET 2026
