status file for recon-all
Thu Mar 12 12:18:01 CET 2026
#@# Tessellate lh Thu Mar 12 12:18:01 CET 2026
#@# Smooth1 lh Thu Mar 12 12:18:05 CET 2026
#@# Inflation1 lh Thu Mar 12 12:18:07 CET 2026
#@# QSphere lh Thu Mar 12 12:18:20 CET 2026
#@# Fix Topology lh Thu Mar 12 12:19:20 CET 2026
#@# Smooth2 lh Thu Mar 12 12:24:37 CET 2026
#@# Inflation2 lh Thu Mar 12 12:24:40 CET 2026
#@# Curv .H and .K lh Thu Mar 12 12:24:53 CET 2026
#@# Sphere lh Thu Mar 12 12:25:32 CET 2026
#@# Surf Reg lh Thu Mar 12 12:28:08 CET 2026
#@# Jacobian white lh Thu Mar 12 12:31:33 CET 2026
#@# AvgCurv lh Thu Mar 12 12:31:34 CET 2026
#@# Cortical Parc lh Thu Mar 12 12:31:34 CET 2026
#@# white curv lh Thu Mar 12 12:37:07 CET 2026
#@# white area lh Thu Mar 12 12:37:08 CET 2026
#@# pial curv lh Thu Mar 12 12:37:09 CET 2026
#@# pial area lh Thu Mar 12 12:37:10 CET 2026
#@# thickness lh Thu Mar 12 12:37:11 CET 2026
#@# area and vertex vol lh Thu Mar 12 12:37:35 CET 2026
#@# Curvature Stats lh Thu Mar 12 12:37:36 CET 2026
#@# Cortical Parc 2 lh Thu Mar 12 12:37:39 CET 2026
#@# Cortical Parc 3 lh Thu Mar 12 12:37:50 CET 2026
#@# WM/GM Contrast lh Thu Mar 12 12:37:58 CET 2026
recon-all -s sub-v1s11x0050158_ses-1 finished without error at Thu Mar 12 12:38:01 CET 2026



#New# invocation of recon-all 



status file for recon-all
Thu Mar 12 13:03:26 CET 2026
#@# white curv lh Thu Mar 12 13:03:26 CET 2026
#@# white area lh Thu Mar 12 13:03:26 CET 2026
#@# pial curv lh Thu Mar 12 13:03:26 CET 2026
#@# pial area lh Thu Mar 12 13:03:26 CET 2026
#@# thickness lh Thu Mar 12 13:03:26 CET 2026
#@# area and vertex vol lh Thu Mar 12 13:03:26 CET 2026
#@# Parcellation Stats lh Thu Mar 12 13:03:26 CET 2026
#@# Parcellation Stats 2 lh Thu Mar 12 13:03:41 CET 2026
#@# Parcellation Stats 3 lh Thu Mar 12 13:03:48 CET 2026
#@# BA_exvivo Labels lh Thu Mar 12 13:03:55 CET 2026
recon-all -s sub-v1s11x0050158_ses-1 finished without error at Thu Mar 12 13:06:13 CET 2026
