/out/sourcedata/freesurfer/sub-v1s11x0050146_ses-1/mri
/opt/freesurfer/bin/talairach_avi
--i orig_nu.mgz --xfm transforms/talairach.auto.xfm
talairach_avi 7.3.2
Linux dna086 5.14.0-427.37.1.el9_4.x86_64 #1 SMP PREEMPT_DYNAMIC Fri Sep 13 12:41:50 EDT 2024 x86_64 x86_64 x86_64 GNU/Linux
Thu Mar 12 10:00:36 CET 2026
mri_convert orig_nu.mgz talsrcimg.img 
reading from orig_nu.mgz...
TR=0.00, TE=0.00, TI=0.00, flip angle=0.00
i_ras = (-1, -3.89991e-09, 7.45058e-09)
j_ras = (0, -4.65661e-10, -1)
k_ras = (3.84171e-09, 1, 0)
writing to talsrcimg.img...
Analyze Output Matrix
-1.00000   0.00000   0.00000   126.13908;
-0.00000  -0.00000   1.00000  -117.37014;
 0.00000  -1.00000   0.00000   138.04327;
 0.00000   0.00000   0.00000   1.00000;
--------------------
INFO: set hdr.hist.orient to -1
mpr2mni305 talsrcimg
Thu Mar 12 10:00:36 CET 2026
/opt/freesurfer/bin/mpr2mni305 talsrcimg
mpr2mni305 7.3.2
target=711-2C_as_mni_average_305

---------------------------------------------------------------------
analyzeto4dfp talsrcimg -O0 -y
---------------------------------------------------------------------

freesurfer ifh2hdr.c
Thu Mar 12 10:00:36 2026
Writing: talsrcimg.4dfp.hdr
freesurfer analyzeto4dfp.c
Reading: talsrcimg.hdr
header size 348 bytes
hdr.dime.datatype	offset=70	value=2
hdr.dime.bitpix		offset=72	value=8
hdr.hist.orient		offset=252	value=-1
dimensionality     4
dimensions       256       256       256         1
Reading: talsrcimg.img
Writing: talsrcimg.4dfp.img
Writing: talsrcimg.4dfp.ifh
ifh2hdr talsrcimg -r0to233
ori=2

---------------------------------------------------------------------
gauss_4dfp talsrcimg 1.1
---------------------------------------------------------------------

freesurfer gauss_4dfp.c
Reading: talsrcimg.4dfp.img
Writing: talsrcimg_g11.4dfp.img
image dimensions 256 256 256 padded to 288 288 288
processing volume 1freesurfer ifh2hdr.c
Thu Mar 12 10:00:37 2026
Writing: talsrcimg_g11.4dfp.hdr

Writing: talsrcimg_g11.4dfp.ifh
including: talsrcimg.4dfp.img.rec in talsrcimg_g11.4dfp.img.rec

---------------------------------------------------------------------
imgreg_4dfp /opt/freesurfer/average/711-2C_as_mni_average_305 none talsrcimg_g11 none talsrcimg_to_711-2C_as_mni_average_305_t4 4355
---------------------------------------------------------------------

freesurfer imgreg_4dfp.c
/opt/freesurfer/average/711-2C_as_mni_average_305.4dfp.img
       256       256       256         1
  1.000000  1.000000  1.000000
orientation T byte_order littleendian
Reading image: /opt/freesurfer/average/711-2C_as_mni_average_305.4dfp.img
dimensions:      256       256       256
mmppix:       1.0000   -1.0000   -1.0000
center:     128.0000 -129.0000 -129.0000
talsrcimg_g11.4dfp.img
       256       256       256         1
  1.000000  1.000000  1.000000
orientation T byte_order littleendian
Reading image: talsrcimg_g11.4dfp.img
dimensions:      256       256       256
mmppix:       1.0000   -1.0000   -1.0000
center:     128.0000 -129.0000 -129.0000
t4_read: open error in t4_sub.f l:  41 t4_file(1:l)talsrcimg_to_711-2C_as_mni_average_305_t4 
t4_read: transform initialized to I4
rotation matrix determinant  1.000000
image alignment mode   4355 decimal     1103 hex
   -7.5000  -45.0000  -45.0000 8169.7549   13.3561
    0.0000  -45.0000  -45.0000 8546.5293   13.3491
    7.5000  -45.0000  -45.0000 8186.1094   13.3395
   -7.5000  -37.5000  -45.0000 8785.3379   13.2793
    0.0000  -37.5000  -45.0000 9195.7061   13.2713
    7.5000  -37.5000  -45.0000 8812.8467   13.2621
   -7.5000  -30.0000  -45.0000 9729.7100   13.2348
    0.0000  -30.0000  -45.000010167.6514   13.2281
    7.5000  -30.0000  -45.0000 9737.5381   13.2207
   -7.5000  -22.5000  -45.000010578.7607   13.2143
    0.0000  -22.5000  -45.000011052.9561   13.2106
    7.5000  -22.5000  -45.000010593.6240   13.2045
   -7.5000  -15.0000  -45.000011352.2402   13.2020
    0.0000  -15.0000  -45.000011873.0068   13.1994
    7.5000  -15.0000  -45.000011390.2021   13.1916
   -7.5000   -7.5000  -45.000012075.2061   13.2011
    0.0000   -7.5000  -45.000012629.3789   13.1965
    7.5000   -7.5000  -45.000012091.1152   13.1872
   -7.5000    0.0000  -45.000012737.1875   13.2111
    0.0000    0.0000  -45.000013314.8125   13.2044
    7.5000    0.0000  -45.000012750.4697   13.1951
   -7.5000    7.5000  -45.000012427.4111   13.2246
    0.0000    7.5000  -45.000012970.9229   13.2169
    7.5000    7.5000  -45.000012453.7559   13.2078
   -7.5000   15.0000  -45.000011992.8359   13.2268
    0.0000   15.0000  -45.000012489.2520   13.2202
    7.5000   15.0000  -45.000011991.6230   13.2128
   -7.5000   22.5000  -45.000011437.4004   13.2124
    0.0000   22.5000  -45.000011900.2334   13.2088
    7.5000   22.5000  -45.000011410.5332   13.2027
   -7.5000   30.0000  -45.000010605.5527   13.0261
    0.0000   30.0000  -45.000011017.4902   13.0235
    7.5000   30.0000  -45.000010559.5420   13.0159
   -7.5000   37.5000  -45.000010068.9453   13.0252
    0.0000   37.5000  -45.000010468.0137   13.0206
    7.5000   37.5000  -45.000010012.6777   13.0115
   -7.5000   45.0000  -45.0000 9204.8857   12.7040
    0.0000   45.0000  -45.0000 9556.2471   12.6976
    7.5000   45.0000  -45.0000 9132.2275   12.6886
   -7.5000  -45.0000  -37.5000 8704.7031   13.2977
    0.0000  -45.0000  -37.5000 9110.9033   13.2896
    7.5000  -45.0000  -37.5000 8700.0254   13.2771
   -7.5000  -37.5000  -37.5000 9366.1133   13.2217
    0.0000  -37.5000  -37.5000 9802.3711   13.2141
    7.5000  -37.5000  -37.5000 9350.8916   13.2022
   -7.5000  -30.0000  -37.500010357.5205   13.1788
    0.0000  -30.0000  -37.500010835.0967   13.1724
    7.5000  -30.0000  -37.500010333.5527   13.1630
   -7.5000  -22.5000  -37.500011250.1377   13.1602
    0.0000  -22.5000  -37.500011775.0400   13.1552
    7.5000  -22.5000  -37.500011233.9023   13.1474
   -7.5000  -15.0000  -37.500012033.3906   13.1477
    0.0000  -15.0000  -37.500012611.5029   13.1423
    7.5000  -15.0000  -37.500012042.8193   13.1334
   -7.5000   -7.5000  -37.500012793.3994   13.1450
    0.0000   -7.5000  -37.500013384.6445   13.1379
    7.5000   -7.5000  -37.500012783.6797   13.1269
   -7.5000    0.0000  -37.500013476.1553   13.1538
    0.0000    0.0000  -37.500014084.6875   13.1462
    7.5000    0.0000  -37.500013449.7295   13.1339
   -7.5000    7.5000  -37.500013134.8809   13.1673
    0.0000    7.5000  -37.500013722.5127   13.1600
    7.5000    7.5000  -37.500013121.6572   13.1483
   -7.5000   15.0000  -37.500012681.0801   13.1710
    0.0000   15.0000  -37.500013222.3330   13.1647
    7.5000   15.0000  -37.500012630.9297   13.1553
   -7.5000   22.5000  -37.500012065.4004   13.1584
    0.0000   22.5000  -37.500012553.5303   13.1534
    7.5000   22.5000  -37.500011999.4004   13.1456
   -7.5000   30.0000  -37.500011186.0146   12.9725
    0.0000   30.0000  -37.500011634.3330   12.9671
    7.5000   30.0000  -37.500011104.4854   12.9584
   -7.5000   37.5000  -37.500010592.2705   12.9698
    0.0000   37.5000  -37.500011005.9326   12.9629
    7.5000   37.5000  -37.500010501.1465   12.9520
   -7.5000   45.0000  -37.5000 9664.6709   12.6489
    0.0000   45.0000  -37.500010031.0586   12.6416
    7.5000   45.0000  -37.5000 9573.2588   12.6299
   -7.5000  -45.0000  -30.0000 9377.2393   13.8309
    0.0000  -45.0000  -30.0000 9802.6641   13.8236
    7.5000  -45.0000  -30.0000 9361.5010   13.8085
   -7.5000  -37.5000  -30.000010081.5225   13.7527
    0.0000  -37.5000  -30.000010532.1689   13.7465
    7.5000  -37.5000  -30.000010048.6826   13.7314
   -7.5000  -30.0000  -30.000011115.2773   13.7101
    0.0000  -30.0000  -30.000011616.9805   13.7027
    7.5000  -30.0000  -30.000011072.3926   13.6902
   -7.5000  -22.5000  -30.000012060.2725   13.6912
    0.0000  -22.5000  -30.000012628.1260   13.6820
    7.5000  -22.5000  -30.000012048.0820   13.6723
   -7.5000  -15.0000  -30.000012893.4766   13.6763
    0.0000  -15.0000  -30.000013506.3418   13.6655
    7.5000  -15.0000  -30.000012899.2275   13.6562
   -7.5000   -7.5000  -30.000013716.8760   13.6723
    0.0000   -7.5000  -30.000014343.8652   13.6624
    7.5000   -7.5000  -30.000013687.1582   13.6507
   -7.5000    0.0000  -30.000014464.0088   13.6814
    0.0000    0.0000  -30.000015104.6123   13.6745
    7.5000    0.0000  -30.000014393.8213   13.6599
   -7.5000    7.5000  -30.000014064.8818   13.6962
    0.0000    7.5000  -30.000014705.7842   13.6902
    7.5000    7.5000  -30.000013991.2568   13.6753
   -7.5000   15.0000  -30.000013533.6572   13.7019
    0.0000   15.0000  -30.000014142.4854   13.6946
    7.5000   15.0000  -30.000013453.5986   13.6821
   -7.5000   22.5000  -30.000012838.3643   13.6879
    0.0000   22.5000  -30.000013398.9932   13.6787
    7.5000   22.5000  -30.000012752.7354   13.6690
   -7.5000   30.0000  -30.000011900.1250   13.4954
    0.0000   30.0000  -30.000012396.1455   13.4847
    7.5000   30.0000  -30.000011793.7744   13.4755
   -7.5000   37.5000  -30.000011259.2822   13.4913
    0.0000   37.5000  -30.000011704.4824   13.4817
    7.5000   37.5000  -30.000011157.0322   13.4700
   -7.5000   45.0000  -30.000010257.7881   13.1660
    0.0000   45.0000  -30.000010663.4336   13.1593
    7.5000   45.0000  -30.000010162.8779   13.1453
   -7.5000  -45.0000  -22.500010021.4805   14.3083
    0.0000  -45.0000  -22.500010475.6367   14.3031
    7.5000  -45.0000  -22.500010002.3877   14.2888
   -7.5000  -37.5000  -22.500010757.1836   14.2279
    0.0000  -37.5000  -22.500011241.2178   14.2225
    7.5000  -37.5000  -22.500010715.5117   14.2073
   -7.5000  -30.0000  -22.500011848.6494   14.1838
    0.0000  -30.0000  -22.500012398.7324   14.1743
    7.5000  -30.0000  -22.500011803.8125   14.1609
   -7.5000  -22.5000  -22.500012846.4385   14.1628
    0.0000  -22.5000  -22.500013454.9707   14.1495
    7.5000  -22.5000  -22.500012829.6211   14.1397
   -7.5000  -15.0000  -22.500013714.0293   14.1458
    0.0000  -15.0000  -22.500014383.0420   14.1317
    7.5000  -15.0000  -22.500013724.9531   14.1233
   -7.5000   -7.5000  -22.500014577.7852   14.1425
    0.0000   -7.5000  -22.500015255.3799   14.1326
    7.5000   -7.5000  -22.500014548.2432   14.1219
   -7.5000    0.0000  -22.500015390.9922   14.1537
    0.0000    0.0000  -22.500016081.8525   14.1488
    7.5000    0.0000  -22.500015303.0938   14.1350
   -7.5000    7.5000  -22.500014953.3408   14.1693
    0.0000    7.5000  -22.500015637.8750   14.1642
    7.5000    7.5000  -22.500014870.3301   14.1491
   -7.5000   15.0000  -22.500014353.7432   14.1752
    0.0000   15.0000  -22.500015009.5342   14.1659
    7.5000   15.0000  -22.500014257.6221   14.1525
   -7.5000   22.5000  -22.500013575.5312   14.1584
    0.0000   22.5000  -22.500014174.2998   14.1452
    7.5000   22.5000  -22.500013458.1387   14.1354
   -7.5000   30.0000  -22.500012575.0459   13.9608
    0.0000   30.0000  -22.500013109.4902   13.9468
    7.5000   30.0000  -22.500012454.0078   13.9386
   -7.5000   37.5000  -22.500011880.7471   13.9575
    0.0000   37.5000  -22.500012394.8896   13.9477
    7.5000   37.5000  -22.500011777.1953   13.9372
   -7.5000   45.0000  -22.500010820.6768   13.6307
    0.0000   45.0000  -22.500011269.2900   13.6260
    7.5000   45.0000  -22.500010710.1436   13.6127
   -7.5000  -45.0000  -15.000010650.4121   14.6700
    0.0000  -45.0000  -15.000011124.4160   14.6655
    7.5000  -45.0000  -15.000010625.9160   14.6533
   -7.5000  -37.5000  -15.000011399.9248   14.5868
    0.0000  -37.5000  -15.000011911.9844   14.5808
    7.5000  -37.5000  -15.000011371.5186   14.5668
   -7.5000  -30.0000  -15.000012563.4180   14.5399
    0.0000  -30.0000  -15.000013135.8613   14.5292
    7.5000  -30.0000  -15.000012522.7852   14.5163
   -7.5000  -22.5000  -15.000013623.0928   14.5169
    0.0000  -22.5000  -15.000014264.0352   14.5034
    7.5000  -22.5000  -15.000013588.0879   14.4940
   -7.5000  -15.0000  -15.000014523.4561   14.5001
    0.0000  -15.0000  -15.000015222.7100   14.4871
    7.5000  -15.0000  -15.000014523.3359   14.4791
   -7.5000   -7.5000  -15.000015410.1084   14.4989
    0.0000   -7.5000  -15.000016120.6914   14.4906
    7.5000   -7.5000  -15.000015377.1055   14.4808
   -7.5000    0.0000  -15.000016256.5586   14.5114
    0.0000    0.0000  -15.000016990.6367   14.5072
    7.5000    0.0000  -15.000016165.8516   14.4953
   -7.5000    7.5000  -15.000015817.8828   14.5268
    0.0000    7.5000  -15.000016546.6426   14.5209
    7.5000    7.5000  -15.000015718.7822   14.5072
   -7.5000   15.0000  -15.000015128.3457   14.5311
    0.0000   15.0000  -15.000015865.7451   14.5205
    7.5000   15.0000  -15.000015031.0068   14.5076
   -7.5000   22.5000  -15.000014284.1543   14.5118
    0.0000   22.5000  -15.000014930.0771   14.4982
    7.5000   22.5000  -15.000014146.4658   14.4889
   -7.5000   30.0000  -15.000013233.2617   14.3124
    0.0000   30.0000  -15.000013815.6328   14.2996
    7.5000   30.0000  -15.000013088.4248   14.2917
   -7.5000   37.5000  -15.000012504.5811   14.3112
    0.0000   37.5000  -15.000013061.3936   14.3031
    7.5000   37.5000  -15.000012380.9180   14.2934
   -7.5000   45.0000  -15.000011386.9424   13.9836
    0.0000   45.0000  -15.000011877.8359   13.9796
    7.5000   45.0000  -15.000011275.4971   13.9682
   -7.5000  -45.0000   -7.500011285.5312   14.8566
    0.0000  -45.0000   -7.500011794.2881   14.8509
    7.5000  -45.0000   -7.500011248.9844   14.8406
   -7.5000  -37.5000   -7.500012083.3018   14.7716
    0.0000  -37.5000   -7.500012642.9658   14.7639
    7.5000  -37.5000   -7.500012078.3574   14.7527
   -7.5000  -30.0000   -7.500013305.0996   14.7224
    0.0000  -30.0000   -7.500013924.9795   14.7132
    7.5000  -30.0000   -7.500013287.5352   14.7031
   -7.5000  -22.5000   -7.500014413.8926   14.6988
    0.0000  -22.5000   -7.500015089.8291   14.6905
    7.5000  -22.5000   -7.500014396.3809   14.6828
   -7.5000  -15.0000   -7.500015372.1387   14.6839
    0.0000  -15.0000   -7.500016094.4023   14.6769
    7.5000  -15.0000   -7.500015369.3008   14.6690
   -7.5000   -7.5000   -7.500016282.0010   14.6836
    0.0000   -7.5000   -7.500017038.2285   14.6779
    7.5000   -7.5000   -7.500016289.8975   14.6685
   -7.5000    0.0000   -7.500017148.9199   14.6959
    0.0000    0.0000   -7.500017895.0625   14.6905
    7.5000    0.0000   -7.500017077.7871   14.6805
   -7.5000    7.5000   -7.500016674.8965   14.7109
    0.0000    7.5000   -7.500017445.2422   14.7035
    7.5000    7.5000   -7.500016599.7227   14.6924
   -7.5000   15.0000   -7.500015900.4062   14.7135
    0.0000   15.0000   -7.500016641.7227   14.7044
    7.5000   15.0000   -7.500015809.4355   14.6942
   -7.5000   22.5000   -7.500014999.9580   14.6920
    0.0000   22.5000   -7.500015674.1602   14.6837
    7.5000   22.5000   -7.500014883.0527   14.6760
   -7.5000   30.0000   -7.500013871.6914   14.4934
    0.0000   30.0000   -7.500014485.5859   14.4866
    7.5000   30.0000   -7.500013747.7998   14.4787
   -7.5000   37.5000   -7.500013134.4365   14.4932
    0.0000   37.5000   -7.500013710.9629   14.4876
    7.5000   37.5000   -7.500013026.3604   14.4783
   -7.5000   45.0000   -7.500011996.5957   14.1641
    0.0000   45.0000   -7.500012513.7168   14.1589
    7.5000   45.0000   -7.500011887.3613   14.1493
   -7.5000  -45.0000    0.000011827.5605   14.8861
    0.0000  -45.0000    0.000012365.9072   14.8785
    7.5000  -45.0000    0.000011819.4521   14.8680
   -7.5000  -37.5000    0.000012662.2139   14.8008
    0.0000  -37.5000    0.000013251.7500   14.7920
    7.5000  -37.5000    0.000012679.1416   14.7820
   -7.5000  -30.0000    0.000013928.3701   14.7512
    0.0000  -30.0000    0.000014581.4277   14.7439
    7.5000  -30.0000    0.000013959.7295   14.7359
   -7.5000  -22.5000    0.000015080.3027   14.7284
    0.0000  -22.5000    0.000015760.5723   14.7246
    7.5000  -22.5000    0.000015105.0117   14.7179
   -7.5000  -15.0000    0.000016086.7412   14.7150
    0.0000  -15.0000    0.000016812.6621   14.7122
    7.5000  -15.0000    0.000016121.6240   14.7038
   -7.5000   -7.5000    0.000017117.2832   14.7140
    0.0000   -7.5000    0.000017872.0840   14.7091
    7.5000   -7.5000    0.000017122.0723   14.6989
   -7.5000    0.0000    0.000018001.5430   14.7251
    0.0000    0.0000    0.000018698.0215   14.7178
    7.5000    0.0000    0.000017939.4668   14.7076
   -7.5000    7.5000    0.000017457.7246   14.7400
    0.0000    7.5000    0.000018166.9453   14.7315
    7.5000    7.5000    0.000017402.4043   14.7216
   -7.5000   15.0000    0.000016623.0781   14.7424
    0.0000   15.0000    0.000017283.9434   14.7352
    7.5000   15.0000    0.000016539.1465   14.7272
   -7.5000   22.5000    0.000015647.4473   14.7216
    0.0000   22.5000    0.000016275.3984   14.7178
    7.5000   22.5000    0.000015546.2266   14.7111
   -7.5000   30.0000    0.000014485.0098   14.5245
    0.0000   30.0000    0.000015054.3428   14.5218
    7.5000   30.0000    0.000014334.4854   14.5135
   -7.5000   37.5000    0.000013734.6465   14.5235
    0.0000   37.5000    0.000014288.8584   14.5187
    7.5000   37.5000    0.000013578.8877   14.5087
   -7.5000   45.0000    0.000012557.1348   14.1933
    0.0000   45.0000    0.000013058.1387   14.1863
    7.5000   45.0000    0.000012414.2441   14.1764
   -7.5000  -45.0000    7.500011421.7607   14.8698
    0.0000  -45.0000    7.500011957.2090   14.8609
    7.5000  -45.0000    7.500011436.5869   14.8469
   -7.5000  -37.5000    7.500012197.5635   14.7848
    0.0000  -37.5000    7.500012768.1367   14.7765
    7.5000  -37.5000    7.500012247.6846   14.7632
   -7.5000  -30.0000    7.500013415.0264   14.7369
    0.0000  -30.0000    7.500014044.1396   14.7299
    7.5000  -30.0000    7.500013481.5039   14.7194
   -7.5000  -22.5000    7.500014517.2637   14.7161
    0.0000  -22.5000    7.500015153.7607   14.7107
    7.5000  -22.5000    7.500014598.5371   14.7021
   -7.5000  -15.0000    7.500015547.5068   14.7021
    0.0000  -15.0000    7.500016217.6025   14.6962
    7.5000  -15.0000    7.500015624.1426   14.6863
   -7.5000   -7.5000    7.500016609.1406   14.6991
    0.0000   -7.5000    7.500017280.9395   14.6914
    7.5000   -7.5000    7.500016651.4375   14.6791
   -7.5000    0.0000    7.500017513.8164   14.7090
    0.0000    0.0000    7.500018108.8945   14.7006
    7.5000    0.0000    7.500017500.6328   14.6869
   -7.5000    7.5000    7.500017004.9199   14.7241
    0.0000    7.5000    7.500017589.0859   14.7160
    7.5000    7.5000    7.500016968.9219   14.7029
   -7.5000   15.0000    7.500016160.0693   14.7282
    0.0000   15.0000    7.500016713.9727   14.7213
    7.5000   15.0000    7.500016063.1660   14.7108
   -7.5000   22.5000    7.500015153.4824   14.7093
    0.0000   22.5000    7.500015690.0850   14.7039
    7.5000   22.5000    7.500015058.4072   14.6953
   -7.5000   30.0000    7.500013983.4600   14.5119
    0.0000   30.0000    7.500014475.1836   14.5060
    7.5000   30.0000    7.500013843.3145   14.4963
   -7.5000   37.5000    7.500013272.3027   14.5089
    0.0000   37.5000    7.500013762.9385   14.5012
    7.5000   37.5000    7.500013102.0176   14.4891
   -7.5000   45.0000    7.500012129.0615   14.1777
    0.0000   45.0000    7.500012609.9951   14.1696
    7.5000   45.0000    7.500011980.1201   14.1565
   -7.5000  -45.0000   15.000010888.3936   14.8733
    0.0000  -45.0000   15.000011385.1377   14.8654
    7.5000  -45.0000   15.000010891.0557   14.8493
   -7.5000  -37.5000   15.000011622.8076   14.7895
    0.0000  -37.5000   15.000012160.6934   14.7829
    7.5000  -37.5000   15.000011671.8232   14.7666
   -7.5000  -30.0000   15.000012747.9346   14.7436
    0.0000  -30.0000   15.000013345.4756   14.7357
    7.5000  -30.0000   15.000012844.5996   14.7223
   -7.5000  -22.5000   15.000013808.7041   14.7232
    0.0000  -22.5000   15.000014442.2227   14.7134
    7.5000  -22.5000   15.000013926.5352   14.7030
   -7.5000  -15.0000   15.000014814.9912   14.7073
    0.0000  -15.0000   15.000015499.7422   14.6956
    7.5000  -15.0000   15.000014935.4990   14.6857
   -7.5000   -7.5000   15.000015825.0117   14.7029
    0.0000   -7.5000   15.000016504.6113   14.6923
    7.5000   -7.5000   15.000015931.3467   14.6797
   -7.5000    0.0000   15.000016698.1504   14.7127
    0.0000    0.0000   15.000017358.6113   14.7053
    7.5000    0.0000   15.000016759.6523   14.6896
   -7.5000    7.5000   15.000016289.8398   14.7286
    0.0000    7.5000   15.000016918.1289   14.7222
    7.5000    7.5000   15.000016272.9795   14.7062
   -7.5000   15.0000   15.000015487.9111   14.7348
    0.0000   15.0000   15.000016086.5830   14.7270
    7.5000   15.0000   15.000015413.3584   14.7136
   -7.5000   22.5000   15.000014469.5332   14.7165
    0.0000   22.5000   15.000015016.8828   14.7066
    7.5000   22.5000   15.000014404.2646   14.6962
   -7.5000   30.0000   15.000013312.1895   14.5170
    0.0000   30.0000   15.000013797.0811   14.5054
    7.5000   30.0000   15.000013206.5811   14.4957
   -7.5000   37.5000   15.000012646.1104   14.5126
    0.0000   37.5000   15.000013098.9492   14.5022
    7.5000   37.5000   15.000012494.8213   14.4897
   -7.5000   45.0000   15.000011559.4873   14.1814
    0.0000   45.0000   15.000011998.4932   14.1742
    7.5000   45.0000   15.000011444.7021   14.1591
   -7.5000  -45.0000   22.500010230.1592   14.9520
    0.0000  -45.0000   22.500010718.2412   14.9468
    7.5000  -45.0000   22.500010249.7061   14.9320
   -7.5000  -37.5000   22.500010922.4531   14.8692
    0.0000  -37.5000   22.500011452.4697   14.8639
    7.5000  -37.5000   22.500010966.5371   14.8480
   -7.5000  -30.0000   22.500011978.9365   14.8229
    0.0000  -30.0000   22.500012566.8555   14.8132
    7.5000  -30.0000   22.500012060.6748   14.7993
   -7.5000  -22.5000   22.500012999.2012   14.8009
    0.0000  -22.5000   22.500013606.7803   14.7872
    7.5000  -22.5000   22.500013094.4629   14.7770
   -7.5000  -15.0000   22.500013982.5889   14.7831
    0.0000  -15.0000   22.500014619.1289   14.7684
    7.5000  -15.0000   22.500014088.8652   14.7598
   -7.5000   -7.5000   22.500014913.4570   14.7796
    0.0000   -7.5000   22.500015554.3232   14.7693
    7.5000   -7.5000   22.500015010.2695   14.7583
   -7.5000    0.0000   22.500015747.9639   14.7913
    0.0000    0.0000   22.500016417.7168   14.7864
    7.5000    0.0000   22.500015824.4150   14.7720
   -7.5000    7.5000   22.500015412.7822   14.8077
    0.0000    7.5000   22.500016042.7324   14.8026
    7.5000    7.5000   22.500015424.9336   14.7869
   -7.5000   15.0000   22.500014665.4707   14.8139
    0.0000   15.0000   22.500015240.2783   14.8043
    7.5000   15.0000   22.500014633.0137   14.7904
   -7.5000   22.5000   22.500013682.7188   14.7941
    0.0000   22.5000   22.500014225.0820   14.7804
    7.5000   22.5000   22.500013630.8750   14.7702
   -7.5000   30.0000   22.500012553.4023   14.5918
    0.0000   30.0000   22.500013029.8379   14.5773
    7.5000   30.0000   22.500012477.9082   14.5687
   -7.5000   37.5000   22.500011917.2891   14.5883
    0.0000   37.5000   22.500012366.0879   14.5782
    7.5000   37.5000   22.500011806.9424   14.5673
   -7.5000   45.0000   22.500010872.2959   14.2571
    0.0000   45.0000   22.500011314.3281   14.2524
    7.5000   45.0000   22.500010791.0840   14.2386
   -7.5000  -45.0000   30.0000 9511.0605   15.0910
    0.0000  -45.0000   30.0000 9960.5967   15.0865
    7.5000  -45.0000   30.0000 9531.1348   15.0739
   -7.5000  -37.5000   30.000010167.3320   15.0078
    0.0000  -37.5000   30.000010657.1484   15.0017
    7.5000  -37.5000   30.000010201.6943   14.9871
   -7.5000  -30.0000   30.000011168.2314   14.9591
    0.0000  -30.0000   30.000011711.6875   14.9481
    7.5000  -30.0000   30.000011226.8438   14.9346
   -7.5000  -22.5000   30.000012136.5215   14.9351
    0.0000  -22.5000   30.000012706.3916   14.9211
    7.5000  -22.5000   30.000012216.4023   14.9114
   -7.5000  -15.0000   30.000013043.6934   14.9176
    0.0000  -15.0000   30.000013641.0479   14.9042
    7.5000  -15.0000   30.000013108.7236   14.8958
   -7.5000   -7.5000   30.000013871.0947   14.9163
    0.0000   -7.5000   30.000014484.5723   14.9077
    7.5000   -7.5000   30.000013937.8857   14.8976
   -7.5000    0.0000   30.000014629.7529   14.9293
    0.0000    0.0000   30.000015281.5449   14.9251
    7.5000    0.0000   30.000014701.3232   14.9127
   -7.5000    7.5000   30.000014328.1631   14.9454
    0.0000    7.5000   30.000014953.9648   14.9394
    7.5000    7.5000   30.000014365.7021   14.9250
   -7.5000   15.0000   30.000013649.1992   14.9498
    0.0000   15.0000   30.000014222.9736   14.9390
    7.5000   15.0000   30.000013656.2402   14.9255
   -7.5000   22.5000   30.000012750.3877   14.9282
    0.0000   22.5000   30.000013281.4541   14.9142
    7.5000   22.5000   30.000012716.9316   14.9045
   -7.5000   30.0000   30.000011697.1719   14.7245
    0.0000   30.0000   30.000012175.8516   14.7113
    7.5000   30.0000   30.000011651.9473   14.7030
   -7.5000   37.5000   30.000011110.4365   14.7232
    0.0000   37.5000   30.000011556.1504   14.7148
    7.5000   37.5000   30.000011033.7432   14.7048
   -7.5000   45.0000   30.000010124.9814   14.3901
    0.0000   45.0000   30.000010541.3145   14.3861
    7.5000   45.0000   30.000010065.2373   14.3741
   -7.5000  -45.0000   37.5000 9165.5674   15.3187
    0.0000  -45.0000   37.5000 9580.6777   15.3124
    7.5000  -45.0000   37.5000 9168.4990   15.3019
   -7.5000  -37.5000   37.5000 9808.7920   15.2335
    0.0000  -37.5000   37.500010266.0498   15.2252
    7.5000  -37.5000   37.5000 9804.4385   15.2140
   -7.5000  -30.0000   37.500010769.0332   15.1814
    0.0000  -30.0000   37.500011271.9043   15.1713
    7.5000  -30.0000   37.500010767.6299   15.1615
   -7.5000  -22.5000   37.500011694.4883   15.1567
    0.0000  -22.5000   37.500012247.2266   15.1473
    7.5000  -22.5000   37.500011721.1650   15.1401
   -7.5000  -15.0000   37.500012556.6445   15.1418
    0.0000  -15.0000   37.500013140.4033   15.1336
    7.5000  -15.0000   37.500012569.6865   15.1257
   -7.5000   -7.5000   37.500013337.5791   15.1418
    0.0000   -7.5000   37.500013937.1035   15.1352
    7.5000   -7.5000   37.500013355.1230   15.1255
   -7.5000    0.0000   37.500014030.9902   15.1546
    0.0000    0.0000   37.500014653.9473   15.1486
    7.5000    0.0000   37.500014057.8584   15.1382
   -7.5000    7.5000   37.500013722.0664   15.1696
    0.0000    7.5000   37.500014326.8271   15.1616
    7.5000    7.5000   37.500013746.6943   15.1505
   -7.5000   15.0000   37.500013076.4062   15.1719
    0.0000   15.0000   37.500013651.8105   15.1620
    7.5000   15.0000   37.500013100.9785   15.1521
   -7.5000   22.5000   37.500012215.1162   15.1498
    0.0000   22.5000   37.500012752.0400   15.1403
    7.5000   22.5000   37.500012229.2686   15.1331
   -7.5000   30.0000   37.500011228.8330   14.9458
    0.0000   30.0000   37.500011721.7305   14.9377
    7.5000   30.0000   37.500011219.9111   14.9300
   -7.5000   37.5000   37.500010676.8125   14.9459
    0.0000   37.5000   37.500011119.7812   14.9394
    7.5000   37.5000   37.500010631.4785   14.9298
   -7.5000   45.0000   37.5000 9738.4580   14.6073
    0.0000   45.0000   37.500010156.7764   14.6015
    7.5000   45.0000   37.5000 9695.0215   14.5915
   -7.5000  -45.0000   45.0000 8444.2578   15.5773
    0.0000  -45.0000   45.0000 8810.2852   15.5679
    7.5000  -45.0000   45.0000 8409.3779   15.5569
   -7.5000  -37.5000   45.0000 9025.0020   15.4914
    0.0000  -37.5000   45.0000 9424.6123   15.4809
    7.5000  -37.5000   45.0000 8983.3311   15.4707
   -7.5000  -30.0000   45.0000 9911.6250   15.4391
    0.0000  -30.0000   45.000010351.9619   15.4293
    7.5000  -30.0000   45.0000 9859.9814   15.4218
   -7.5000  -22.5000   45.000010767.9922   15.4158
    0.0000  -22.5000   45.000011271.9307   15.4089
    7.5000  -22.5000   45.000010736.3828   15.4028
   -7.5000  -15.0000   45.000011537.4502   15.4014
    0.0000  -15.0000   45.000012078.7861   15.3956
    7.5000  -15.0000   45.000011519.6758   15.3871
   -7.5000   -7.5000   45.000012229.3828   15.3989
    0.0000   -7.5000   45.000012799.5176   15.3917
    7.5000   -7.5000   45.000012241.4121   15.3809
   -7.5000    0.0000   45.000012835.6426   15.4094
    0.0000    0.0000   45.000013446.2100   15.4005
    7.5000    0.0000   45.000012887.1973   15.3897
   -7.5000    7.5000   45.000012558.6543   15.4255
    0.0000    7.5000   45.000013130.8770   15.4153
    7.5000    7.5000   45.000012586.4414   15.4052
   -7.5000   15.0000   45.000011998.3750   15.4294
    0.0000   15.0000   45.000012525.9658   15.4197
    7.5000   15.0000   45.000012017.5068   15.4122
   -7.5000   22.5000   45.000011213.7607   15.4086
    0.0000   22.5000   45.000011701.5068   15.4017
    7.5000   22.5000   45.000011225.3691   15.3957
   -7.5000   30.0000   45.000010324.8164   15.2008
    0.0000   30.0000   45.000010767.9482   15.1950
    7.5000   30.0000   45.000010313.4014   15.1867
   -7.5000   37.5000   45.0000 9812.3887   15.1983
    0.0000   37.5000   45.000010220.6953   15.1911
    7.5000   37.5000   45.0000 9777.1465   15.1805
   -7.5000   45.0000   45.0000 8964.2295   14.8597
    0.0000   45.0000   45.0000 9343.9717   14.8511
    7.5000   45.0000   45.0000 8915.4414   14.8406

---------------------------------------------------------------------
imgreg_4dfp /opt/freesurfer/average/711-2C_as_mni_average_305 /opt/freesurfer/average/711-2B_as_mni_average_305_mask talsrcimg_g11 none talsrcimg_to_711-2C_as_mni_average_305_t4 4355
---------------------------------------------------------------------

freesurfer imgreg_4dfp.c
/opt/freesurfer/average/711-2C_as_mni_average_305.4dfp.img
       256       256       256         1
  1.000000  1.000000  1.000000
orientation T byte_order littleendian
Reading image: /opt/freesurfer/average/711-2C_as_mni_average_305.4dfp.img
dimensions:      256       256       256
mmppix:       1.0000   -1.0000   -1.0000
center:     128.0000 -129.0000 -129.0000
/opt/freesurfer/average/711-2B_as_mni_average_305_mask.4dfp.img
       256       256       256         1
  1.000000  1.000000  1.000000
orientation T byte_order littleendian
Reading mask: /opt/freesurfer/average/711-2B_as_mni_average_305_mask.4dfp.img (2306576 pixels)
talsrcimg_g11.4dfp.img
       256       256       256         1
  1.000000  1.000000  1.000000
orientation T byte_order littleendian
Reading image: talsrcimg_g11.4dfp.img
dimensions:      256       256       256
mmppix:       1.0000   -1.0000   -1.0000
center:     128.0000 -129.0000 -129.0000
rotation matrix determinant  1.000000
image alignment mode   4355 decimal     1103 hex
   -7.5000  -45.0000  -45.0000 2149.6853   15.8638
    0.0000  -45.0000  -45.0000 2169.4641   15.7305
    7.5000  -45.0000  -45.0000 2153.3865   15.8117
   -7.5000  -37.5000  -45.0000 2249.2141   14.5653
    0.0000  -37.5000  -45.0000 2267.9709   14.4368
    7.5000  -37.5000  -45.0000 2253.8914   14.5304
   -7.5000  -30.0000  -45.0000 2326.0166   13.6457
    0.0000  -30.0000  -45.0000 2338.5212   13.5231
    7.5000  -30.0000  -45.0000 2324.6182   13.6277
   -7.5000  -22.5000  -45.0000 2369.3572   12.9584
    0.0000  -22.5000  -45.0000 2383.9827   12.8762
    7.5000  -22.5000  -45.0000 2370.7302   12.9656
   -7.5000  -15.0000  -45.0000 2390.0640   12.5283
    0.0000  -15.0000  -45.0000 2408.6331   12.4345
    7.5000  -15.0000  -45.0000 2397.4236   12.5281
   -7.5000   -7.5000  -45.0000 2392.2480   12.3266
    0.0000   -7.5000  -45.0000 2411.1580   12.2078
    7.5000   -7.5000  -45.0000 2401.6331   12.3115
   -7.5000    0.0000  -45.0000 2386.5803   12.3452
    0.0000    0.0000  -45.0000 2407.9900   12.1963
    7.5000    0.0000  -45.0000 2402.4705   12.2936
   -7.5000    7.5000  -45.0000 2371.4502   12.5755
    0.0000    7.5000  -45.0000 2396.4053   12.4155
    7.5000    7.5000  -45.0000 2391.7605   12.5043
   -7.5000   15.0000  -45.0000 2346.5625   13.0343
    0.0000   15.0000  -45.0000 2371.8376   12.8452
    7.5000   15.0000  -45.0000 2365.6741   12.9187
   -7.5000   22.5000  -45.0000 2307.7476   13.6839
    0.0000   22.5000  -45.0000 2332.2942   13.4659
    7.5000   22.5000  -45.0000 2327.0195   13.5633
   -7.5000   30.0000  -45.0000 2242.3220   14.5625
    0.0000   30.0000  -45.0000 2265.4888   14.3342
    7.5000   30.0000  -45.0000 2259.1289   14.4326
   -7.5000   37.5000  -45.0000 2160.7224   15.7259
    0.0000   37.5000  -45.0000 2182.6399   15.4923
    7.5000   37.5000  -45.0000 2171.9036   15.6490
   -7.5000   45.0000  -45.0000 2061.8010   17.3252
    0.0000   45.0000  -45.0000 2082.5513   17.0924
    7.5000   45.0000  -45.0000 2070.0532   17.2452
   -7.5000  -45.0000  -37.5000 2230.5222   14.8013
    0.0000  -45.0000  -37.5000 2248.6223   14.6810
    7.5000  -45.0000  -37.5000 2231.6152   14.6992
   -7.5000  -37.5000  -37.5000 2335.1165   13.5633
    0.0000  -37.5000  -37.5000 2353.9104   13.4502
    7.5000  -37.5000  -37.5000 2339.7954   13.5045
   -7.5000  -30.0000  -37.5000 2415.7559   12.6644
    0.0000  -30.0000  -37.5000 2432.3508   12.5666
    7.5000  -30.0000  -37.5000 2416.1863   12.6209
   -7.5000  -22.5000  -37.5000 2464.1284   11.9961
    0.0000  -22.5000  -37.5000 2478.2717   11.9217
    7.5000  -22.5000  -37.5000 2463.8872   11.9822
   -7.5000  -15.0000  -37.5000 2482.4548   11.5856
    0.0000  -15.0000  -37.5000 2501.4702   11.4949
    7.5000  -15.0000  -37.5000 2489.9751   11.5703
   -7.5000   -7.5000  -37.5000 2490.0293   11.3866
    0.0000   -7.5000  -37.5000 2509.9727   11.2926
    7.5000   -7.5000  -37.5000 2501.6616   11.3764
   -7.5000    0.0000  -37.5000 2484.7451   11.3983
    0.0000    0.0000  -37.5000 2504.6169   11.2799
    7.5000    0.0000  -37.5000 2499.4949   11.3369
   -7.5000    7.5000  -37.5000 2471.7156   11.6061
    0.0000    7.5000  -37.5000 2498.1965   11.4632
    7.5000    7.5000  -37.5000 2493.6921   11.5440
   -7.5000   15.0000  -37.5000 2447.8242   12.0075
    0.0000   15.0000  -37.5000 2475.7112   11.8427
    7.5000   15.0000  -37.5000 2468.3994   11.9287
   -7.5000   22.5000  -37.5000 2405.0471   12.6100
    0.0000   22.5000  -37.5000 2430.1887   12.4407
    7.5000   22.5000  -37.5000 2424.1675   12.5034
   -7.5000   30.0000  -37.5000 2337.8191   13.4223
    0.0000   30.0000  -37.5000 2362.7717   13.2426
    7.5000   30.0000  -37.5000 2353.6130   13.3382
   -7.5000   37.5000  -37.5000 2249.9036   14.5319
    0.0000   37.5000  -37.5000 2272.6746   14.3449
    7.5000   37.5000  -37.5000 2260.5972   14.4568
   -7.5000   45.0000  -37.5000 2142.0061   16.0141
    0.0000   45.0000  -37.5000 2161.7212   15.7853
    7.5000   45.0000  -37.5000 2148.8464   15.8928
   -7.5000  -45.0000  -30.0000 2347.0872   14.3821
    0.0000  -45.0000  -30.0000 2364.8320   14.2321
    7.5000  -45.0000  -30.0000 2348.6812   14.2547
   -7.5000  -37.5000  -30.0000 2459.4583   13.1181
    0.0000  -37.5000  -30.0000 2475.0989   13.0165
    7.5000  -37.5000  -30.0000 2460.2483   13.0546
   -7.5000  -30.0000  -30.0000 2539.5151   12.1804
    0.0000  -30.0000  -30.0000 2553.5588   12.1012
    7.5000  -30.0000  -30.0000 2537.8381   12.1432
   -7.5000  -22.5000  -30.0000 2590.7783   11.5117
    0.0000  -22.5000  -30.0000 2607.1438   11.4340
    7.5000  -22.5000  -30.0000 2596.9912   11.4709
   -7.5000  -15.0000  -30.0000 2619.5903   11.0962
    0.0000  -15.0000  -30.0000 2638.8020   11.0003
    7.5000  -15.0000  -30.0000 2630.6277   11.0627
   -7.5000   -7.5000  -30.0000 2640.1643   10.9081
    0.0000   -7.5000  -30.0000 2660.0581   10.8001
    7.5000   -7.5000  -30.0000 2650.2393   10.8664
   -7.5000    0.0000  -30.0000 2640.4146   10.9202
    0.0000    0.0000  -30.0000 2659.9463   10.8140
    7.5000    0.0000  -30.0000 2653.1160   10.8749
   -7.5000    7.5000  -30.0000 2623.8560   11.1291
    0.0000    7.5000  -30.0000 2654.9678   11.0110
    7.5000    7.5000  -30.0000 2644.6216   11.0724
   -7.5000   15.0000  -30.0000 2598.8459   11.5024
    0.0000   15.0000  -30.0000 2629.0903   11.3763
    7.5000   15.0000  -30.0000 2615.9766   11.4447
   -7.5000   22.5000  -30.0000 2551.4719   12.0942
    0.0000   22.5000  -30.0000 2581.2068   11.9501
    7.5000   22.5000  -30.0000 2566.6501   12.0190
   -7.5000   30.0000  -30.0000 2475.7383   12.8902
    0.0000   30.0000  -30.0000 2502.3770   12.7359
    7.5000   30.0000  -30.0000 2490.2686   12.8132
   -7.5000   37.5000  -30.0000 2378.6267   13.9606
    0.0000   37.5000  -30.0000 2398.6611   13.8050
    7.5000   37.5000  -30.0000 2388.3833   13.9060
   -7.5000   45.0000  -30.0000 2261.7546   15.4102
    0.0000   45.0000  -30.0000 2284.0886   15.2145
    7.5000   45.0000  -30.0000 2269.3008   15.3262
   -7.5000  -45.0000  -22.5000 2427.7512   13.8803
    0.0000  -45.0000  -22.5000 2444.6438   13.7587
    7.5000  -45.0000  -22.5000 2430.7661   13.8107
   -7.5000  -37.5000  -22.5000 2543.0879   12.6338
    0.0000  -37.5000  -22.5000 2559.5383   12.5353
    7.5000  -37.5000  -22.5000 2541.6648   12.5808
   -7.5000  -30.0000  -22.5000 2630.7712   11.6794
    0.0000  -30.0000  -22.5000 2648.9172   11.5863
    7.5000  -30.0000  -22.5000 2629.1023   11.6361
   -7.5000  -22.5000  -22.5000 2683.5881   10.9787
    0.0000  -22.5000  -22.5000 2705.9495   10.9095
    7.5000  -22.5000  -22.5000 2695.5537   10.9471
   -7.5000  -15.0000  -22.5000 2724.5933   10.5560
    0.0000  -15.0000  -22.5000 2748.3391   10.4849
    7.5000  -15.0000  -22.5000 2740.4714   10.5328
   -7.5000   -7.5000  -22.5000 2755.6201   10.3609
    0.0000   -7.5000  -22.5000 2780.9895   10.2633
    7.5000   -7.5000  -22.5000 2770.2856   10.3292
   -7.5000    0.0000  -22.5000 2763.5381   10.3848
    0.0000    0.0000  -22.5000 2790.2134   10.2951
    7.5000    0.0000  -22.5000 2780.0444   10.3434
   -7.5000    7.5000  -22.5000 2749.4771   10.5840
    0.0000    7.5000  -22.5000 2782.4697   10.5052
    7.5000    7.5000  -22.5000 2768.3828   10.5507
   -7.5000   15.0000  -22.5000 2719.2295   10.9791
    0.0000   15.0000  -22.5000 2754.5442   10.8780
    7.5000   15.0000  -22.5000 2737.5532   10.9473
   -7.5000   22.5000  -22.5000 2665.8926   11.5462
    0.0000   22.5000  -22.5000 2697.0476   11.4309
    7.5000   22.5000  -22.5000 2678.4309   11.5028
   -7.5000   30.0000  -22.5000 2582.1448   12.3269
    0.0000   30.0000  -22.5000 2608.8376   12.2040
    7.5000   30.0000  -22.5000 2593.9026   12.2810
   -7.5000   37.5000  -22.5000 2472.9670   13.3735
    0.0000   37.5000  -22.5000 2497.6926   13.2354
    7.5000   37.5000  -22.5000 2484.2383   13.3249
   -7.5000   45.0000  -22.5000 2346.7053   14.7596
    0.0000   45.0000  -22.5000 2371.5437   14.6327
    7.5000   45.0000  -22.5000 2357.9263   14.7171
   -7.5000  -45.0000  -15.0000 2473.4646   13.4653
    0.0000  -45.0000  -15.0000 2490.9683   13.3314
    7.5000  -45.0000  -15.0000 2473.5117   13.4406
   -7.5000  -37.5000  -15.0000 2586.3594   12.2161
    0.0000  -37.5000  -15.0000 2604.4001   12.0929
    7.5000  -37.5000  -15.0000 2588.2375   12.1987
   -7.5000  -30.0000  -15.0000 2679.5498   11.2302
    0.0000  -30.0000  -15.0000 2701.4070   11.1362
    7.5000  -30.0000  -15.0000 2683.5742   11.2154
   -7.5000  -22.5000  -15.0000 2747.0605   10.5186
    0.0000  -22.5000  -15.0000 2775.5713   10.4391
    7.5000  -22.5000  -15.0000 2760.6528   10.5040
   -7.5000  -15.0000  -15.0000 2796.6682   10.0644
    0.0000  -15.0000  -15.0000 2826.7966    9.9887
    7.5000  -15.0000  -15.0000 2816.3503   10.0614
   -7.5000   -7.5000  -15.0000 2835.5869    9.8509
    0.0000   -7.5000  -15.0000 2861.7000    9.7647
    7.5000   -7.5000  -15.0000 2849.9854    9.8388
   -7.5000    0.0000  -15.0000 2853.1985    9.8686
    0.0000    0.0000  -15.0000 2886.0864    9.7818
    7.5000    0.0000  -15.0000 2867.7070    9.8467
   -7.5000    7.5000  -15.0000 2847.9778   10.0740
    0.0000    7.5000  -15.0000 2882.2563   10.0088
    7.5000    7.5000  -15.0000 2863.0188   10.0690
   -7.5000   15.0000  -15.0000 2807.9983   10.4713
    0.0000   15.0000  -15.0000 2848.1650   10.3932
    7.5000   15.0000  -15.0000 2826.4705   10.4582
   -7.5000   22.5000  -15.0000 2744.9617   11.0218
    0.0000   22.5000  -15.0000 2778.9092   10.9441
    7.5000   22.5000  -15.0000 2758.0396   11.0204
   -7.5000   30.0000  -15.0000 2652.4023   11.8064
    0.0000   30.0000  -15.0000 2681.7852   11.7175
    7.5000   30.0000  -15.0000 2661.9792   11.7911
   -7.5000   37.5000  -15.0000 2537.0005   12.8444
    0.0000   37.5000  -15.0000 2561.8721   12.7443
    7.5000   37.5000  -15.0000 2543.7739   12.8242
   -7.5000   45.0000  -15.0000 2407.3899   14.2178
    0.0000   45.0000  -15.0000 2431.7581   14.0903
    7.5000   45.0000  -15.0000 2412.1277   14.1783
   -7.5000  -45.0000   -7.5000 2489.7798   13.1231
    0.0000  -45.0000   -7.5000 2505.6638   13.0010
    7.5000  -45.0000   -7.5000 2487.8396   13.1519
   -7.5000  -37.5000   -7.5000 2607.1794   11.8624
    0.0000  -37.5000   -7.5000 2626.6223   11.7558
    7.5000  -37.5000   -7.5000 2612.0854   11.8996
   -7.5000  -30.0000   -7.5000 2709.3010   10.8688
    0.0000  -30.0000   -7.5000 2732.4600   10.7691
    7.5000  -30.0000   -7.5000 2714.5974   10.8934
   -7.5000  -22.5000   -7.5000 2787.9534   10.1359
    0.0000  -22.5000   -7.5000 2820.0696   10.0434
    7.5000  -22.5000   -7.5000 2799.9614   10.1492
   -7.5000  -15.0000   -7.5000 2853.3752    9.6454
    0.0000  -15.0000   -7.5000 2884.6504    9.5668
    7.5000  -15.0000   -7.5000 2866.4475    9.6647
   -7.5000   -7.5000   -7.5000 2901.5784    9.4082
    0.0000   -7.5000   -7.5000 2935.6960    9.3376
    7.5000   -7.5000   -7.5000 2917.8328    9.4357
   -7.5000    0.0000   -7.5000 2930.4939    9.4060
    0.0000    0.0000   -7.5000 2969.4070    9.3159
    7.5000    0.0000   -7.5000 2939.6104    9.4147
   -7.5000    7.5000   -7.5000 2926.0176    9.6097
    0.0000    7.5000   -7.5000 2963.8918    9.5454
    7.5000    7.5000   -7.5000 2936.1118    9.6258
   -7.5000   15.0000   -7.5000 2875.5422    9.9804
    0.0000   15.0000   -7.5000 2915.7336    9.9151
    7.5000   15.0000   -7.5000 2891.5486   10.0012
   -7.5000   22.5000   -7.5000 2800.5056   10.5522
    0.0000   22.5000   -7.5000 2834.8308   10.4760
    7.5000   22.5000   -7.5000 2811.1951   10.5853
   -7.5000   30.0000   -7.5000 2698.2029   11.3470
    0.0000   30.0000   -7.5000 2729.3118   11.2682
    7.5000   30.0000   -7.5000 2706.7432   11.3731
   -7.5000   37.5000   -7.5000 2577.1472   12.4046
    0.0000   37.5000   -7.5000 2601.0391   12.3218
    7.5000   37.5000   -7.5000 2577.8018   12.4346
   -7.5000   45.0000   -7.5000 2444.2344   13.7537
    0.0000   45.0000   -7.5000 2466.7070   13.6422
    7.5000   45.0000   -7.5000 2444.7322   13.7519
   -7.5000  -45.0000    0.0000 2491.1660   12.9256
    0.0000  -45.0000    0.0000 2508.0527   12.7986
    7.5000  -45.0000    0.0000 2489.1277   13.0060
   -7.5000  -37.5000    0.0000 2610.4351   11.6487
    0.0000  -37.5000    0.0000 2629.7051   11.5264
    7.5000  -37.5000    0.0000 2614.4253   11.7421
   -7.5000  -30.0000    0.0000 2718.3369   10.6492
    0.0000  -30.0000    0.0000 2741.9248   10.5200
    7.5000  -30.0000    0.0000 2726.6697   10.7089
   -7.5000  -22.5000    0.0000 2810.8369    9.8943
    0.0000  -22.5000    0.0000 2838.2563    9.7710
    7.5000  -22.5000    0.0000 2818.3330    9.9359
   -7.5000  -15.0000    0.0000 2886.3181    9.3757
    0.0000  -15.0000    0.0000 2919.6807    9.2672
    7.5000  -15.0000    0.0000 2895.4031    9.4210
   -7.5000   -7.5000    0.0000 2953.1626    9.1259
    0.0000   -7.5000    0.0000 2992.1619    9.0327
    7.5000   -7.5000    0.0000 2962.2085    9.1706
   -7.5000    0.0000    0.0000 2989.9277    9.1245
    0.0000    0.0000    0.0000 3035.0239    8.9908
    7.5000    0.0000    0.0000 2997.1960    9.1601
   -7.5000    7.5000    0.0000 2980.1125    9.3199
    0.0000    7.5000    0.0000 3019.3840    9.1993
    7.5000    7.5000    0.0000 2983.2300    9.3520
   -7.5000   15.0000    0.0000 2919.1318    9.7034
    0.0000   15.0000    0.0000 2950.0928    9.6067
    7.5000   15.0000    0.0000 2926.0208    9.7242
   -7.5000   22.5000    0.0000 2832.6497   10.2579
    0.0000   22.5000    0.0000 2866.3030   10.1562
    7.5000   22.5000    0.0000 2841.6797   10.2845
   -7.5000   30.0000    0.0000 2727.0291   11.0840
    0.0000   30.0000    0.0000 2752.8716   10.9769
    7.5000   30.0000    0.0000 2730.7258   11.0955
   -7.5000   37.5000    0.0000 2600.7412   12.1584
    0.0000   37.5000    0.0000 2622.8921   12.0541
    7.5000   37.5000    0.0000 2600.5098   12.1668
   -7.5000   45.0000    0.0000 2462.3218   13.4783
    0.0000   45.0000    0.0000 2481.4895   13.3579
    7.5000   45.0000    0.0000 2460.6528   13.4838
   -7.5000  -45.0000    7.5000 2484.3328   12.9169
    0.0000  -45.0000    7.5000 2498.1177   12.8003
    7.5000  -45.0000    7.5000 2480.8123   13.0324
   -7.5000  -37.5000    7.5000 2598.1072   11.6210
    0.0000  -37.5000    7.5000 2618.4807   11.4837
    7.5000  -37.5000    7.5000 2604.0623   11.7391
   -7.5000  -30.0000    7.5000 2709.1184   10.5929
    0.0000  -30.0000    7.5000 2734.6602   10.4485
    7.5000  -30.0000    7.5000 2718.2490   10.6804
   -7.5000  -22.5000    7.5000 2809.4275    9.8326
    0.0000  -22.5000    7.5000 2838.3806    9.6699
    7.5000  -22.5000    7.5000 2816.5061    9.8880
   -7.5000  -15.0000    7.5000 2898.5911    9.2819
    0.0000  -15.0000    7.5000 2932.4248    9.1239
    7.5000  -15.0000    7.5000 2905.0898    9.3448
   -7.5000   -7.5000    7.5000 2982.1553    9.0273
    0.0000   -7.5000    7.5000 3021.6541    8.8730
    7.5000   -7.5000    7.5000 2981.0291    9.0822
   -7.5000    0.0000    7.5000 3022.2473    9.0283
    0.0000    0.0000    7.5000 3067.9995    8.8645
    7.5000    0.0000    7.5000 3017.8242    9.0738
   -7.5000    7.5000    7.5000 2998.4329    9.2522
    0.0000    7.5000    7.5000 3043.9370    9.0884
    7.5000    7.5000    7.5000 3000.9028    9.2785
   -7.5000   15.0000    7.5000 2931.0232    9.6177
    0.0000   15.0000    7.5000 2967.0210    9.4742
    7.5000   15.0000    7.5000 2936.0659    9.6311
   -7.5000   22.5000    7.5000 2840.0947   10.1771
    0.0000   22.5000    7.5000 2871.9714   10.0332
    7.5000   22.5000    7.5000 2851.4563   10.1716
   -7.5000   30.0000    7.5000 2734.0325   10.9959
    0.0000   30.0000    7.5000 2756.9189   10.8589
    7.5000   30.0000    7.5000 2737.1489   10.9717
   -7.5000   37.5000    7.5000 2605.7927   12.0505
    0.0000   37.5000    7.5000 2627.1079   11.9303
    7.5000   37.5000    7.5000 2604.3582   12.0415
   -7.5000   45.0000    7.5000 2461.9485   13.3589
    0.0000   45.0000    7.5000 2482.2083   13.2408
    7.5000   45.0000    7.5000 2462.2454   13.3511
   -7.5000  -45.0000   15.0000 2470.7854   13.0652
    0.0000  -45.0000   15.0000 2484.9402   12.9254
    7.5000  -45.0000   15.0000 2464.9639   13.1957
   -7.5000  -37.5000   15.0000 2583.3044   11.7566
    0.0000  -37.5000   15.0000 2602.8931   11.6255
    7.5000  -37.5000   15.0000 2588.5945   11.8691
   -7.5000  -30.0000   15.0000 2688.8359   10.7254
    0.0000  -30.0000   15.0000 2715.3904   10.5755
    7.5000  -30.0000   15.0000 2701.8420   10.8120
   -7.5000  -22.5000   15.0000 2787.0291    9.9439
    0.0000  -22.5000   15.0000 2818.8640    9.7862
    7.5000  -22.5000   15.0000 2800.6055   10.0210
   -7.5000  -15.0000   15.0000 2880.2815    9.3988
    0.0000  -15.0000   15.0000 2915.1389    9.2434
    7.5000  -15.0000   15.0000 2889.2134    9.4697
   -7.5000   -7.5000   15.0000 2962.3018    9.1618
    0.0000   -7.5000   15.0000 3001.1003    9.0070
    7.5000   -7.5000   15.0000 2962.8188    9.2260
   -7.5000    0.0000   15.0000 2998.3235    9.1261
    0.0000    0.0000   15.0000 3035.0532    8.9795
    7.5000    0.0000   15.0000 2996.3552    9.2045
   -7.5000    7.5000   15.0000 2974.7444    9.3423
    0.0000    7.5000   15.0000 3010.8086    9.2174
    7.5000    7.5000   15.0000 2981.1997    9.3766
   -7.5000   15.0000   15.0000 2907.0647    9.7454
    0.0000   15.0000   15.0000 2940.2820    9.6265
    7.5000   15.0000   15.0000 2914.7495    9.7426
   -7.5000   22.5000   15.0000 2817.7410   10.3076
    0.0000   22.5000   15.0000 2845.7134   10.1819
    7.5000   22.5000   15.0000 2829.5508   10.2853
   -7.5000   30.0000   15.0000 2713.2537   11.0995
    0.0000   30.0000   15.0000 2734.5408   10.9559
    7.5000   30.0000   15.0000 2719.6863   11.0508
   -7.5000   37.5000   15.0000 2589.8743   12.1161
    0.0000   37.5000   15.0000 2607.9480   11.9779
    7.5000   37.5000   15.0000 2589.9626   12.0641
   -7.5000   45.0000   15.0000 2450.3037   13.3948
    0.0000   45.0000   15.0000 2468.2095   13.2566
    7.5000   45.0000   15.0000 2453.2002   13.3612
   -7.5000  -45.0000   22.5000 2446.9587   13.3751
    0.0000  -45.0000   22.5000 2459.9346   13.2535
    7.5000  -45.0000   22.5000 2441.8582   13.5086
   -7.5000  -37.5000   22.5000 2560.3108   12.0535
    0.0000  -37.5000   22.5000 2577.9299   11.9189
    7.5000  -37.5000   22.5000 2560.0569   12.1570
   -7.5000  -30.0000   22.5000 2661.1880   11.0165
    0.0000  -30.0000   22.5000 2687.4292   10.8818
    7.5000  -30.0000   22.5000 2669.8677   11.1048
   -7.5000  -22.5000   22.5000 2757.9009   10.2426
    0.0000  -22.5000   22.5000 2785.4707   10.1061
    7.5000  -22.5000   22.5000 2767.1345   10.3227
   -7.5000  -15.0000   22.5000 2847.4563    9.7352
    0.0000  -15.0000   22.5000 2878.0317    9.5808
    7.5000  -15.0000   22.5000 2856.3923    9.8038
   -7.5000   -7.5000   22.5000 2917.6755    9.4828
    0.0000   -7.5000   22.5000 2952.2852    9.3178
    7.5000   -7.5000   22.5000 2921.9207    9.5430
   -7.5000    0.0000   22.5000 2941.9478    9.4445
    0.0000    0.0000   22.5000 2975.4766    9.2997
    7.5000    0.0000   22.5000 2948.0134    9.4967
   -7.5000    7.5000   22.5000 2921.0747    9.6811
    0.0000    7.5000   22.5000 2951.6367    9.5553
    7.5000    7.5000   22.5000 2929.5137    9.7059
   -7.5000   15.0000   22.5000 2862.1909   10.0793
    0.0000   15.0000   22.5000 2885.7231    9.9601
    7.5000   15.0000   22.5000 2869.0049   10.0747
   -7.5000   22.5000   22.5000 2775.0276   10.6414
    0.0000   22.5000   22.5000 2800.4927   10.4986
    7.5000   22.5000   22.5000 2783.8411   10.6103
   -7.5000   30.0000   22.5000 2671.2500   11.3837
    0.0000   30.0000   22.5000 2693.2227   11.2467
    7.5000   30.0000   22.5000 2677.6506   11.3307
   -7.5000   37.5000   22.5000 2554.9404   12.3523
    0.0000   37.5000   22.5000 2574.7695   12.2159
    7.5000   37.5000   22.5000 2556.1677   12.2888
   -7.5000   45.0000   22.5000 2422.6912   13.5936
    0.0000   45.0000   22.5000 2440.0686   13.4472
    7.5000   45.0000   22.5000 2422.6277   13.5415
   -7.5000  -45.0000   30.0000 2409.2231   13.8682
    0.0000  -45.0000   30.0000 2422.7974   13.7300
    7.5000  -45.0000   30.0000 2402.4402   13.9756
   -7.5000  -37.5000   30.0000 2523.7922   12.5553
    0.0000  -37.5000   30.0000 2541.3530   12.4197
    7.5000  -37.5000   30.0000 2518.3386   12.6411
   -7.5000  -30.0000   30.0000 2624.2385   11.5299
    0.0000  -30.0000   30.0000 2647.2336   11.3826
    7.5000  -30.0000   30.0000 2623.5688   11.6111
   -7.5000  -22.5000   30.0000 2715.8748   10.7577
    0.0000  -22.5000   30.0000 2741.4358   10.6134
    7.5000  -22.5000   30.0000 2719.9309   10.8262
   -7.5000  -15.0000   30.0000 2798.8230   10.2470
    0.0000  -15.0000   30.0000 2826.1960   10.0854
    7.5000  -15.0000   30.0000 2799.8582   10.2834
   -7.5000   -7.5000   30.0000 2850.5369    9.9773
    0.0000   -7.5000   30.0000 2881.6189    9.8013
    7.5000   -7.5000   30.0000 2854.0820    9.9946
   -7.5000    0.0000   30.0000 2869.1670    9.9315
    0.0000    0.0000   30.0000 2896.3120    9.7836
    7.5000    0.0000   30.0000 2877.1741    9.9399
   -7.5000    7.5000   30.0000 2848.0879   10.1843
    0.0000    7.5000   30.0000 2872.8867   10.0460
    7.5000    7.5000   30.0000 2857.4946   10.1798
   -7.5000   15.0000   30.0000 2791.6782   10.5781
    0.0000   15.0000   30.0000 2812.7822   10.4535
    7.5000   15.0000   30.0000 2800.2683   10.5702
   -7.5000   22.5000   30.0000 2711.3320   11.1359
    0.0000   22.5000   30.0000 2734.5557   10.9926
    7.5000   22.5000   30.0000 2720.3689   11.0892
   -7.5000   30.0000   30.0000 2611.3425   11.8499
    0.0000   30.0000   30.0000 2635.7739   11.7013
    7.5000   30.0000   30.0000 2620.5383   11.7769
   -7.5000   37.5000   30.0000 2500.8337   12.7940
    0.0000   37.5000   30.0000 2520.6799   12.6465
    7.5000   37.5000   30.0000 2505.8062   12.7152
   -7.5000   45.0000   30.0000 2371.6182   14.0021
    0.0000   45.0000   30.0000 2390.8459   13.8557
    7.5000   45.0000   30.0000 2379.9282   13.9318
   -7.5000  -45.0000   37.5000 2359.1746   14.6334
    0.0000  -45.0000   37.5000 2369.1250   14.4816
    7.5000  -45.0000   37.5000 2350.2998   14.6679
   -7.5000  -37.5000   37.5000 2472.5603   13.3127
    0.0000  -37.5000   37.5000 2485.6877   13.1608
    7.5000  -37.5000   37.5000 2462.4348   13.3284
   -7.5000  -30.0000   37.5000 2572.1475   12.2458
    0.0000  -30.0000   37.5000 2589.4316   12.1008
    7.5000  -30.0000   37.5000 2563.2830   12.2765
   -7.5000  -22.5000   37.5000 2661.2571   11.4415
    0.0000  -22.5000   37.5000 2684.6130   11.3043
    7.5000  -22.5000   37.5000 2660.8726   11.4765
   -7.5000  -15.0000   37.5000 2734.5303   10.9078
    0.0000  -15.0000   37.5000 2763.0854   10.7388
    7.5000  -15.0000   37.5000 2732.2922   10.9218
   -7.5000   -7.5000   37.5000 2778.3267   10.6172
    0.0000   -7.5000   37.5000 2805.5103   10.4676
    7.5000   -7.5000   37.5000 2779.1040   10.6093
   -7.5000    0.0000   37.5000 2785.1445   10.5743
    0.0000    0.0000   37.5000 2807.5957   10.4317
    7.5000    0.0000   37.5000 2792.4844   10.5449
   -7.5000    7.5000   37.5000 2759.3323   10.8151
    0.0000    7.5000   37.5000 2779.9468   10.6723
    7.5000    7.5000   37.5000 2769.8342   10.7886
   -7.5000   15.0000   37.5000 2707.2202   11.1896
    0.0000   15.0000   37.5000 2727.5342   11.0634
    7.5000   15.0000   37.5000 2714.9612   11.1755
   -7.5000   22.5000   37.5000 2632.8196   11.7458
    0.0000   22.5000   37.5000 2653.2173   11.6230
    7.5000   22.5000   37.5000 2641.7458   11.7018
   -7.5000   30.0000   37.5000 2541.4373   12.4429
    0.0000   30.0000   37.5000 2562.0674   12.3127
    7.5000   30.0000   37.5000 2547.1907   12.3780
   -7.5000   37.5000   37.5000 2437.5588   13.3676
    0.0000   37.5000   37.5000 2453.2791   13.2366
    7.5000   37.5000   37.5000 2441.5186   13.3103
   -7.5000   45.0000   37.5000 2307.8909   14.5847
    0.0000   45.0000   37.5000 2328.6934   14.4537
    7.5000   45.0000   37.5000 2316.4863   14.5256
   -7.5000  -45.0000   45.0000 2300.2761   15.6238
    0.0000  -45.0000   45.0000 2306.3472   15.4668
    7.5000  -45.0000   45.0000 2288.0691   15.5848
   -7.5000  -37.5000   45.0000 2409.9385   14.2425
    0.0000  -37.5000   45.0000 2419.8127   14.0925
    7.5000  -37.5000   45.0000 2397.2952   14.1794
   -7.5000  -30.0000   45.0000 2508.1931   13.1317
    0.0000  -30.0000   45.0000 2522.4534   12.9804
    7.5000  -30.0000   45.0000 2496.1079   13.0950
   -7.5000  -22.5000   45.0000 2592.9294   12.2997
    0.0000  -22.5000   45.0000 2614.9138   12.1545
    7.5000  -22.5000   45.0000 2589.3665   12.2774
   -7.5000  -15.0000   45.0000 2656.3586   11.7371
    0.0000  -15.0000   45.0000 2684.5825   11.5791
    7.5000  -15.0000   45.0000 2656.5012   11.7080
   -7.5000   -7.5000   45.0000 2690.4412   11.4204
    0.0000   -7.5000   45.0000 2715.1641   11.2958
    7.5000   -7.5000   45.0000 2695.6631   11.3836
   -7.5000    0.0000   45.0000 2685.8384   11.3740
    0.0000    0.0000   45.0000 2713.5115   11.2505
    7.5000    0.0000   45.0000 2699.8096   11.3303
   -7.5000    7.5000   45.0000 2661.7393   11.5687
    0.0000    7.5000   45.0000 2681.1489   11.4575
    7.5000    7.5000   45.0000 2672.1758   11.5468
   -7.5000   15.0000   45.0000 2618.5798   11.9268
    0.0000   15.0000   45.0000 2634.4126   11.8236
    7.5000   15.0000   45.0000 2625.4070   11.9123
   -7.5000   22.5000   45.0000 2551.6731   12.4652
    0.0000   22.5000   45.0000 2567.8801   12.3509
    7.5000   22.5000   45.0000 2558.6025   12.4219
   -7.5000   30.0000   45.0000 2466.8977   13.1772
    0.0000   30.0000   45.0000 2480.9761   13.0326
    7.5000   30.0000   45.0000 2468.5640   13.1118
   -7.5000   37.5000   45.0000 2364.3333   14.1158
    0.0000   37.5000   45.0000 2378.6096   13.9784
    7.5000   37.5000   45.0000 2363.9021   14.0512
   -7.5000   45.0000   45.0000 2238.6597   15.3737
    0.0000   45.0000   45.0000 2255.3621   15.2420
    7.5000   45.0000   45.0000 2240.6980   15.2883

---------------------------------------------------------------------
imgreg_4dfp /opt/freesurfer/average/711-2C_as_mni_average_305 /opt/freesurfer/average/711-2B_as_mni_average_305_mask talsrcimg_g11 none talsrcimg_to_711-2C_as_mni_average_305_t4 1283
---------------------------------------------------------------------

freesurfer imgreg_4dfp.c
/opt/freesurfer/average/711-2C_as_mni_average_305.4dfp.img
       256       256       256         1
  1.000000  1.000000  1.000000
orientation T byte_order littleendian
Reading image: /opt/freesurfer/average/711-2C_as_mni_average_305.4dfp.img
dimensions:      256       256       256
mmppix:       1.0000   -1.0000   -1.0000
center:     128.0000 -129.0000 -129.0000
/opt/freesurfer/average/711-2B_as_mni_average_305_mask.4dfp.img
       256       256       256         1
  1.000000  1.000000  1.000000
orientation T byte_order littleendian
Reading mask: /opt/freesurfer/average/711-2B_as_mni_average_305_mask.4dfp.img (2306576 pixels)
talsrcimg_g11.4dfp.img
       256       256       256         1
  1.000000  1.000000  1.000000
orientation T byte_order littleendian
Reading image: talsrcimg_g11.4dfp.img
dimensions:      256       256       256
mmppix:       1.0000   -1.0000   -1.0000
center:     128.0000 -129.0000 -129.0000
rotation matrix determinant  1.000000
fimgreg.f
image alignment mode   1283 decimal      503 hex
parameters
    0.0000    0.0000    7.5000    0.0000    0.0000    0.0000
eta,q 0.96333  8.87932
niter,ni,del,rscale     5    3   12.0000    1.2000
parameter  4  0.843871 ->  0.500000 qaram    1.1500
parameter  6  1.073253 ->  0.500000 qaram    1.1500
parameters
    0.7045    1.5403    7.1534   -3.4500    1.7018   -3.4500
eta,q 0.96396  8.91398
  0.0528  0.0506  0.0464  0.0386  0.0444  0.0361
  0.0477  0.0459  0.0426  0.0383  0.0415  0.0359
  0.0440  0.0426  0.0403  0.0389  0.0394  0.0367
  0.0413  0.0407  0.0402  0.0401  0.0383  0.0382
  0.0410  0.0404  0.0417  0.0420  0.0382  0.0403
  0.0438  0.0416  0.0441  0.0442  0.0387  0.0426
  0.0493  0.0439  0.0473  0.0467  0.0400  0.0446
niter,ni,del,rscale     6    3   12.0000    1.2000
parameters
   -0.5392    2.7617    6.6967   -5.9160    4.0787   -5.2662
eta,q 0.96752  8.85741
  0.0425  0.0470  0.0409  0.0362  0.0415  0.0364
  0.0377  0.0426  0.0376  0.0347  0.0383  0.0341
  0.0355  0.0384  0.0355  0.0344  0.0359  0.0325
  0.0360  0.0355  0.0346  0.0346  0.0344  0.0331
  0.0384  0.0345  0.0361  0.0366  0.0332  0.0356
  0.0439  0.0366  0.0390  0.0395  0.0333  0.0390
  0.0526  0.0413  0.0432  0.0430  0.0354  0.0418
niter,ni,del,rscale     5    3   12.0000    1.2000
parameters
   -1.2358    3.2852    6.0880   -5.9303    4.3399   -5.6108
eta,q 0.96785  8.87471
  0.0431  0.0442  0.0384  0.0379  0.0381  0.0375
  0.0372  0.0392  0.0345  0.0340  0.0353  0.0352
  0.0333  0.0347  0.0325  0.0323  0.0331  0.0331
  0.0325  0.0324  0.0323  0.0321  0.0321  0.0321
  0.0352  0.0331  0.0342  0.0325  0.0326  0.0330
  0.0413  0.0363  0.0371  0.0344  0.0344  0.0357
  0.0498  0.0412  0.0405  0.0377  0.0374  0.0390
niter,ni,del,rscale     4    3   12.0000    1.2000
parameters
   -1.3524    3.3333    6.0441   -5.8832    4.4749   -5.6928
eta,q 0.96781  8.87630
  0.0452  0.0424  0.0397  0.0379  0.0379  0.0377
  0.0389  0.0375  0.0355  0.0341  0.0351  0.0355
  0.0341  0.0336  0.0329  0.0325  0.0329  0.0333
  0.0321  0.0322  0.0322  0.0322  0.0322  0.0322
  0.0336  0.0335  0.0335  0.0324  0.0328  0.0328
  0.0388  0.0373  0.0362  0.0342  0.0346  0.0352
  0.0471  0.0420  0.0394  0.0375  0.0375  0.0385
niter,ni,del,rscale     3    3   12.0000    1.2000
parameters
   -1.4022    3.3228    6.0503   -5.8475    4.5310   -5.7167
eta,q 0.96779  8.87606
  0.0455  0.0422  0.0399  0.0378  0.0378  0.0377
  0.0391  0.0373  0.0356  0.0341  0.0349  0.0355
  0.0342  0.0336  0.0329  0.0326  0.0328  0.0334
  0.0322  0.0322  0.0322  0.0322  0.0322  0.0322
  0.0334  0.0336  0.0335  0.0325  0.0329  0.0328
  0.0386  0.0374  0.0362  0.0343  0.0347  0.0351
  0.0469  0.0422  0.0393  0.0376  0.0375  0.0384
registration optimization eta report
parameter search radius
    6.0000    6.0000    6.0000    6.9000    6.0000    6.9000
100000*second partial in parameter space
       39.       27.       20.       12.       15.       12.
  0.0455  0.0422  0.0399  0.0378  0.0378  0.0377
  0.0391  0.0373  0.0356  0.0341  0.0349  0.0355
  0.0342  0.0336  0.0329  0.0326  0.0328  0.0334
  0.0322  0.0322  0.0322  0.0322  0.0322  0.0322
  0.0334  0.0336  0.0335  0.0325  0.0329  0.0328
  0.0386  0.0374  0.0362  0.0343  0.0347  0.0351
  0.0469  0.0422  0.0393  0.0376  0.0375  0.0384
   -1.4022    3.3228    6.0503   -5.8475    4.5310   -5.7167
eta,q 0.96779  8.87606

---------------------------------------------------------------------
imgreg_4dfp /opt/freesurfer/average/711-2C_as_mni_average_305 /opt/freesurfer/average/711-2B_as_mni_average_305_mask talsrcimg_g11 none talsrcimg_to_711-2C_as_mni_average_305_t4 3335
---------------------------------------------------------------------

freesurfer imgreg_4dfp.c
/opt/freesurfer/average/711-2C_as_mni_average_305.4dfp.img
       256       256       256         1
  1.000000  1.000000  1.000000
orientation T byte_order littleendian
Reading image: /opt/freesurfer/average/711-2C_as_mni_average_305.4dfp.img
dimensions:      256       256       256
mmppix:       1.0000   -1.0000   -1.0000
center:     128.0000 -129.0000 -129.0000
/opt/freesurfer/average/711-2B_as_mni_average_305_mask.4dfp.img
       256       256       256         1
  1.000000  1.000000  1.000000
orientation T byte_order littleendian
Reading mask: /opt/freesurfer/average/711-2B_as_mni_average_305_mask.4dfp.img (2306576 pixels)
talsrcimg_g11.4dfp.img
       256       256       256         1
  1.000000  1.000000  1.000000
orientation T byte_order littleendian
Reading image: talsrcimg_g11.4dfp.img
dimensions:      256       256       256
mmppix:       1.0000   -1.0000   -1.0000
center:     128.0000 -129.0000 -129.0000
fimgreg.f
image alignment mode   3335 decimal      D07 hex
parameters
   -1.4022    3.3228    6.0503   -0.8083   -1.0953   -0.8312
   10.7100   -6.8048   -9.9298   10.9203    7.8998  -10.1563
eta,q 0.97222  8.88751
niter,ni,del,rscale     5    3    5.0000    1.2000
parameter  4  1.285480 ->  0.500000 qaram    1.1500
parameter  5  0.622959 ->  0.500000 qaram    1.1500
parameter 12  0.591480 ->  0.500000 qaram    1.1500
parameters
   -1.6204    3.9183    6.1273   -4.9483   -5.2353   -3.2874
    9.9883   -5.7683   -8.8126    8.5044    7.6685  -14.2963
eta,q 0.97799  8.53005
  0.0301  0.0308  0.0295  0.0231  0.0234  0.0241  0.0248  0.0281  0.0247  0.0234  0.0231  0.0222
  0.0287  0.0293  0.0285  0.0238  0.0229  0.0235  0.0237  0.0256  0.0237  0.0227  0.0227  0.0220
  0.0279  0.0283  0.0279  0.0253  0.0231  0.0228  0.0230  0.0238  0.0230  0.0224  0.0224  0.0221
  0.0278  0.0278  0.0276  0.0276  0.0241  0.0229  0.0228  0.0228  0.0227  0.0226  0.0224  0.0224
  0.0283  0.0277  0.0278  0.0307  0.0254  0.0243  0.0233  0.0228  0.0227  0.0235  0.0225  0.0229
  0.0294  0.0280  0.0283  0.0341  0.0274  0.0267  0.0243  0.0239  0.0230  0.0249  0.0228  0.0236
  0.0311  0.0288  0.0293  0.0380  0.0300  0.0299  0.0259  0.0259  0.0237  0.0267  0.0232  0.0244
niter,ni,del,rscale     7    3    5.0000    1.2000
parameters
   -1.3780    4.2740    5.1693   -8.1743   -4.4035   -3.6792
   10.1989   -5.5580   -8.7861    9.3359    8.0908  -15.5775
eta,q 0.97877  8.44663
  0.0258  0.0250  0.0222  0.0227  0.0251  0.0233  0.0240  0.0255  0.0230  0.0240  0.0220  0.0222
  0.0239  0.0235  0.0218  0.0217  0.0235  0.0224  0.0226  0.0233  0.0221  0.0227  0.0216  0.0216
  0.0226  0.0225  0.0217  0.0213  0.0221  0.0219  0.0217  0.0219  0.0215  0.0218  0.0214  0.0213
  0.0220  0.0220  0.0219  0.0217  0.0213  0.0212  0.0213  0.0213  0.0213  0.0213  0.0213  0.0213
  0.0222  0.0220  0.0224  0.0233  0.0214  0.0211  0.0215  0.0217  0.0215  0.0214  0.0213  0.0215
  0.0230  0.0226  0.0231  0.0261  0.0224  0.0223  0.0224  0.0230  0.0221  0.0220  0.0215  0.0221
  0.0245  0.0236  0.0239  0.0295  0.0240  0.0245  0.0237  0.0251  0.0230  0.0231  0.0218  0.0229
niter,ni,del,rscale     6    3    5.0000    1.2000
parameters
   -1.1864    4.4454    4.6560   -8.8788   -4.3898   -4.0390
   10.2473   -5.3720   -8.8929    9.9391    8.2443  -16.0847
eta,q 0.97877  8.41485
  0.0247  0.0239  0.0219  0.0239  0.0245  0.0233  0.0238  0.0254  0.0229  0.0238  0.0219  0.0224
  0.0229  0.0225  0.0213  0.0226  0.0230  0.0225  0.0225  0.0232  0.0220  0.0226  0.0215  0.0217
  0.0217  0.0216  0.0211  0.0216  0.0217  0.0218  0.0216  0.0218  0.0215  0.0217  0.0213  0.0213
  0.0212  0.0212  0.0212  0.0211  0.0212  0.0212  0.0213  0.0213  0.0213  0.0213  0.0212  0.0212
  0.0214  0.0214  0.0215  0.0215  0.0216  0.0211  0.0215  0.0216  0.0215  0.0214  0.0213  0.0214
  0.0222  0.0221  0.0221  0.0230  0.0228  0.0223  0.0224  0.0229  0.0221  0.0220  0.0215  0.0219
  0.0237  0.0232  0.0228  0.0256  0.0246  0.0245  0.0238  0.0250  0.0230  0.0232  0.0219  0.0227
niter,ni,del,rscale     5    3    5.0000    1.2000
parameters
   -1.1088    4.5984    4.4069   -8.9347   -4.5451   -4.2887
   10.2677   -5.2618   -8.9623   10.3724    8.3202  -16.3602
eta,q 0.97875  8.40283
  0.0243  0.0238  0.0222  0.0242  0.0243  0.0234  0.0237  0.0253  0.0228  0.0237  0.0219  0.0224
  0.0227  0.0224  0.0215  0.0230  0.0229  0.0225  0.0225  0.0232  0.0220  0.0225  0.0216  0.0217
  0.0216  0.0216  0.0212  0.0219  0.0217  0.0219  0.0216  0.0218  0.0215  0.0217  0.0213  0.0213
  0.0212  0.0212  0.0212  0.0212  0.0212  0.0212  0.0213  0.0213  0.0213  0.0213  0.0213  0.0212
  0.0215  0.0214  0.0215  0.0213  0.0217  0.0211  0.0215  0.0217  0.0214  0.0214  0.0213  0.0214
  0.0224  0.0221  0.0220  0.0225  0.0229  0.0222  0.0224  0.0230  0.0220  0.0221  0.0215  0.0219
  0.0240  0.0232  0.0226  0.0249  0.0247  0.0244  0.0238  0.0251  0.0229  0.0232  0.0219  0.0226
niter,ni,del,rscale     4    3    5.0000    1.2000
parameters
   -1.0718    4.7235    4.2513   -8.9082   -4.7080   -4.4787
   10.2751   -5.1927   -9.0008   10.7107    8.3849  -16.5216
eta,q 0.97874  8.39477
  0.0243  0.0237  0.0223  0.0242  0.0243  0.0234  0.0237  0.0253  0.0228  0.0236  0.0219  0.0225
  0.0226  0.0224  0.0216  0.0230  0.0229  0.0226  0.0225  0.0231  0.0220  0.0224  0.0216  0.0218
  0.0216  0.0215  0.0213  0.0219  0.0217  0.0219  0.0216  0.0218  0.0215  0.0217  0.0214  0.0213
  0.0212  0.0212  0.0212  0.0212  0.0212  0.0212  0.0213  0.0213  0.0213  0.0213  0.0213  0.0213
  0.0215  0.0215  0.0215  0.0213  0.0217  0.0211  0.0215  0.0217  0.0214  0.0214  0.0213  0.0214
  0.0225  0.0221  0.0219  0.0224  0.0229  0.0222  0.0224  0.0230  0.0220  0.0221  0.0215  0.0218
  0.0241  0.0232  0.0225  0.0248  0.0247  0.0244  0.0238  0.0251  0.0229  0.0233  0.0219  0.0226
niter,ni,del,rscale     3    3    5.0000    1.2000
parameters
   -1.0470    4.8243    4.1369   -8.8824   -4.8487   -4.6317
   10.2800   -5.1424   -9.0343   10.9801    8.4537  -16.6565
eta,q 0.97873  8.38831
  0.0242  0.0236  0.0224  0.0243  0.0243  0.0234  0.0237  0.0253  0.0228  0.0235  0.0219  0.0225
  0.0226  0.0223  0.0217  0.0230  0.0229  0.0226  0.0225  0.0231  0.0220  0.0224  0.0216  0.0218
  0.0216  0.0215  0.0213  0.0220  0.0217  0.0220  0.0216  0.0218  0.0215  0.0216  0.0214  0.0214
  0.0213  0.0213  0.0213  0.0212  0.0212  0.0212  0.0213  0.0213  0.0213  0.0213  0.0213  0.0213
  0.0216  0.0215  0.0215  0.0213  0.0217  0.0211  0.0215  0.0217  0.0215  0.0214  0.0213  0.0214
  0.0225  0.0221  0.0219  0.0225  0.0229  0.0221  0.0224  0.0230  0.0220  0.0221  0.0216  0.0218
  0.0241  0.0232  0.0225  0.0248  0.0247  0.0243  0.0238  0.0252  0.0228  0.0233  0.0219  0.0225
niter,ni,del,rscale     2    3    5.0000    1.2000
parameters
   -1.0279    4.9071    4.0421   -8.8691   -4.9690   -4.7611
   10.2847   -5.1095   -9.0620   11.2181    8.5160  -16.7423
eta,q 0.97871  8.38260
  0.0242  0.0236  0.0224  0.0243  0.0243  0.0234  0.0237  0.0252  0.0228  0.0234  0.0220  0.0225
  0.0226  0.0223  0.0217  0.0231  0.0229  0.0226  0.0225  0.0231  0.0220  0.0224  0.0216  0.0218
  0.0216  0.0215  0.0213  0.0220  0.0218  0.0220  0.0216  0.0218  0.0215  0.0217  0.0214  0.0214
  0.0213  0.0213  0.0213  0.0213  0.0213  0.0213  0.0213  0.0213  0.0213  0.0213  0.0213  0.0213
  0.0216  0.0215  0.0215  0.0213  0.0217  0.0211  0.0215  0.0217  0.0215  0.0214  0.0214  0.0214
  0.0226  0.0222  0.0219  0.0225  0.0229  0.0221  0.0224  0.0231  0.0220  0.0221  0.0216  0.0218
  0.0241  0.0232  0.0225  0.0248  0.0246  0.0243  0.0238  0.0252  0.0228  0.0233  0.0220  0.0225
niter,ni,del,rscale     1    3    5.0000    1.2000
parameters
   -1.0132    4.9801    3.9614   -8.8506   -5.0761   -4.8794
   10.2760   -5.0801   -9.0743   11.4229    8.5482  -16.8131
eta,q 0.97870  8.37737
  0.0242  0.0235  0.0225  0.0243  0.0243  0.0234  0.0237  0.0252  0.0228  0.0234  0.0220  0.0225
  0.0226  0.0223  0.0217  0.0231  0.0229  0.0226  0.0225  0.0231  0.0220  0.0224  0.0216  0.0218
  0.0216  0.0216  0.0213  0.0220  0.0218  0.0220  0.0216  0.0218  0.0215  0.0217  0.0214  0.0214
  0.0213  0.0213  0.0213  0.0213  0.0213  0.0213  0.0213  0.0213  0.0213  0.0213  0.0213  0.0213
  0.0216  0.0215  0.0215  0.0213  0.0217  0.0211  0.0216  0.0217  0.0215  0.0214  0.0214  0.0215
  0.0226  0.0222  0.0219  0.0225  0.0228  0.0222  0.0224  0.0231  0.0220  0.0221  0.0216  0.0218
  0.0242  0.0233  0.0225  0.0248  0.0246  0.0243  0.0238  0.0252  0.0228  0.0233  0.0220  0.0225
registration optimization eta report
parameter search radius
    2.4000    2.4000    2.4000    8.2800    8.2800    7.2000
    7.2000    7.2000    7.2000    7.2000    7.2000    8.2800
100000*second partial in parameter space
       50.       37.       21.        5.        5.        5.
        5.        7.        3.        4.        1.        2.
  0.0242  0.0235  0.0225  0.0243  0.0243  0.0234  0.0237  0.0252  0.0228  0.0234  0.0220  0.0225
  0.0226  0.0223  0.0217  0.0231  0.0229  0.0226  0.0225  0.0231  0.0220  0.0224  0.0216  0.0218
  0.0216  0.0216  0.0213  0.0220  0.0218  0.0220  0.0216  0.0218  0.0215  0.0217  0.0214  0.0214
  0.0213  0.0213  0.0213  0.0213  0.0213  0.0213  0.0213  0.0213  0.0213  0.0213  0.0213  0.0213
  0.0216  0.0215  0.0215  0.0213  0.0217  0.0211  0.0216  0.0217  0.0215  0.0214  0.0214  0.0215
  0.0226  0.0222  0.0219  0.0225  0.0228  0.0222  0.0224  0.0231  0.0220  0.0221  0.0216  0.0218
  0.0242  0.0233  0.0225  0.0248  0.0246  0.0243  0.0238  0.0252  0.0228  0.0233  0.0220  0.0225
   -1.0132    4.9801    3.9614   -8.8506   -5.0761   -4.8794
   10.2760   -5.0801   -9.0743   11.4229    8.5482  -16.8131
eta,q 0.97870  8.37737

---------------------------------------------------------------------
imgreg_4dfp /opt/freesurfer/average/711-2C_as_mni_average_305 /opt/freesurfer/average/711-2B_as_mni_average_305_mask talsrcimg_g11 none talsrcimg_to_711-2C_as_mni_average_305_t4 2311
---------------------------------------------------------------------

freesurfer imgreg_4dfp.c
/opt/freesurfer/average/711-2C_as_mni_average_305.4dfp.img
       256       256       256         1
  1.000000  1.000000  1.000000
orientation T byte_order littleendian
Reading image: /opt/freesurfer/average/711-2C_as_mni_average_305.4dfp.img
dimensions:      256       256       256
mmppix:       1.0000   -1.0000   -1.0000
center:     128.0000 -129.0000 -129.0000
/opt/freesurfer/average/711-2B_as_mni_average_305_mask.4dfp.img
       256       256       256         1
  1.000000  1.000000  1.000000
orientation T byte_order littleendian
Reading mask: /opt/freesurfer/average/711-2B_as_mni_average_305_mask.4dfp.img (2306576 pixels)
talsrcimg_g11.4dfp.img
       256       256       256         1
  1.000000  1.000000  1.000000
orientation T byte_order littleendian
Reading image: talsrcimg_g11.4dfp.img
dimensions:      256       256       256
mmppix:       1.0000   -1.0000   -1.0000
center:     128.0000 -129.0000 -129.0000
fimgreg.f
image alignment mode   2311 decimal      907 hex
parameters
   -1.0132    4.9801    3.9614   -8.8506   -5.0761   -4.8794
   10.2760   -5.0801   -9.0743   11.4229    8.5482  -16.8131
eta,q 0.97870  8.37737
niter,ni,del,rscale     5    3    5.0000    0.8000
parameters
   -0.9947    5.0262    3.7987   -7.9822   -5.0755   -4.2983
   10.2449   -4.8787   -8.9902   11.7182    8.7240  -17.4758
eta,q 0.97894  8.42636
  0.0226  0.0223  0.0218  0.0228  0.0225  0.0225  0.0223  0.0233  0.0218  0.0222  0.0215  0.0214
  0.0219  0.0218  0.0215  0.0221  0.0218  0.0221  0.0216  0.0222  0.0214  0.0217  0.0213  0.0212
  0.0215  0.0214  0.0213  0.0216  0.0214  0.0217  0.0212  0.0214  0.0212  0.0213  0.0211  0.0211
  0.0213  0.0213  0.0213  0.0213  0.0212  0.0212  0.0211  0.0211  0.0211  0.0211  0.0211  0.0211
  0.0214  0.0214  0.0214  0.0212  0.0213  0.0210  0.0212  0.0213  0.0212  0.0211  0.0211  0.0212
  0.0219  0.0217  0.0216  0.0215  0.0218  0.0214  0.0216  0.0219  0.0214  0.0214  0.0212  0.0214
  0.0226  0.0222  0.0220  0.0221  0.0225  0.0223  0.0223  0.0230  0.0218  0.0220  0.0215  0.0216
niter,ni,del,rscale     4    3    5.0000    0.7000
parameters
   -0.9996    5.0869    3.9179   -7.9707   -5.1938   -3.8486
   10.2545   -4.8388   -8.9631   11.8966    8.7671  -17.7337
eta,q 0.97902  8.44117
  0.0221  0.0219  0.0217  0.0221  0.0220  0.0223  0.0219  0.0226  0.0215  0.0219  0.0213  0.0213
  0.0215  0.0214  0.0213  0.0216  0.0215  0.0219  0.0214  0.0218  0.0213  0.0214  0.0212  0.0211
  0.0212  0.0212  0.0211  0.0212  0.0212  0.0214  0.0211  0.0212  0.0211  0.0211  0.0210  0.0210
  0.0211  0.0211  0.0211  0.0211  0.0211  0.0211  0.0210  0.0210  0.0210  0.0210  0.0210  0.0210
  0.0212  0.0211  0.0211  0.0211  0.0212  0.0210  0.0211  0.0212  0.0210  0.0210  0.0210  0.0211
  0.0215  0.0214  0.0212  0.0215  0.0216  0.0213  0.0214  0.0217  0.0212  0.0213  0.0211  0.0212
  0.0221  0.0218  0.0215  0.0221  0.0222  0.0221  0.0219  0.0226  0.0215  0.0218  0.0213  0.0214
niter,ni,del,rscale     3    3    5.0000    0.6000
parameters
   -1.0028    5.1108    4.0621   -7.9239   -5.2778   -3.4579
   10.2520   -4.8032   -8.9166   11.9433    8.7608  -17.9160
eta,q 0.97907  8.45490
  0.0218  0.0216  0.0215  0.0218  0.0217  0.0220  0.0216  0.0222  0.0214  0.0216  0.0212  0.0212
  0.0213  0.0212  0.0212  0.0214  0.0213  0.0217  0.0213  0.0215  0.0211  0.0212  0.0211  0.0210
  0.0211  0.0210  0.0211  0.0211  0.0211  0.0213  0.0210  0.0211  0.0210  0.0210  0.0210  0.0209
  0.0210  0.0210  0.0210  0.0210  0.0210  0.0210  0.0209  0.0209  0.0209  0.0209  0.0209  0.0209
  0.0211  0.0210  0.0210  0.0210  0.0211  0.0209  0.0210  0.0211  0.0210  0.0210  0.0210  0.0210
  0.0213  0.0212  0.0211  0.0213  0.0214  0.0212  0.0212  0.0215  0.0211  0.0212  0.0211  0.0211
  0.0218  0.0215  0.0213  0.0218  0.0218  0.0218  0.0216  0.0222  0.0213  0.0216  0.0212  0.0212
niter,ni,del,rscale     2    3    5.0000    0.5000
parameters
   -1.0098    5.0972    4.2195   -7.8891   -5.2846   -3.0905
   10.2668   -4.7844   -8.8664   11.8775    8.7064  -18.0043
eta,q 0.97910  8.46872
  0.0215  0.0213  0.0213  0.0215  0.0215  0.0218  0.0214  0.0218  0.0212  0.0213  0.0211  0.0211
  0.0212  0.0211  0.0211  0.0212  0.0212  0.0214  0.0211  0.0213  0.0210  0.0211  0.0210  0.0210
  0.0210  0.0210  0.0210  0.0210  0.0210  0.0211  0.0210  0.0210  0.0209  0.0209  0.0209  0.0209
  0.0209  0.0209  0.0209  0.0209  0.0209  0.0209  0.0209  0.0209  0.0209  0.0209  0.0209  0.0209
  0.0210  0.0210  0.0209  0.0210  0.0210  0.0209  0.0209  0.0210  0.0209  0.0210  0.0209  0.0209
  0.0212  0.0211  0.0210  0.0211  0.0212  0.0211  0.0211  0.0213  0.0210  0.0211  0.0210  0.0210
  0.0215  0.0213  0.0211  0.0215  0.0215  0.0215  0.0214  0.0218  0.0212  0.0214  0.0211  0.0211
niter,ni,del,rscale     1    3    5.0000    0.4000
parameters
   -1.0221    5.0531    4.3850   -7.8639   -5.2469   -2.7462
   10.2620   -4.7786   -8.8040   11.7318    8.6655  -18.0135
eta,q 0.97913  8.48174
  0.0212  0.0211  0.0212  0.0212  0.0213  0.0215  0.0212  0.0215  0.0211  0.0211  0.0210  0.0210
  0.0210  0.0210  0.0210  0.0211  0.0211  0.0213  0.0210  0.0211  0.0210  0.0210  0.0209  0.0209
  0.0209  0.0209  0.0209  0.0209  0.0209  0.0210  0.0209  0.0209  0.0209  0.0209  0.0209  0.0209
  0.0209  0.0209  0.0209  0.0209  0.0209  0.0209  0.0209  0.0209  0.0209  0.0209  0.0209  0.0209
  0.0209  0.0209  0.0209  0.0209  0.0209  0.0209  0.0209  0.0209  0.0209  0.0209  0.0209  0.0209
  0.0211  0.0210  0.0209  0.0210  0.0211  0.0210  0.0210  0.0211  0.0209  0.0210  0.0209  0.0209
  0.0213  0.0212  0.0210  0.0213  0.0213  0.0213  0.0212  0.0215  0.0210  0.0212  0.0210  0.0210
registration optimization eta report
parameter search radius
    0.8000    0.8000    0.8000    2.4000    2.4000    2.4000
    2.4000    2.4000    2.4000    2.4000    2.4000    2.4000
100000*second partial in parameter space
       57.       40.       28.        6.        7.        9.
        5.       10.        3.        5.        2.        2.
  0.0212  0.0211  0.0212  0.0212  0.0213  0.0215  0.0212  0.0215  0.0211  0.0211  0.0210  0.0210
  0.0210  0.0210  0.0210  0.0211  0.0211  0.0213  0.0210  0.0211  0.0210  0.0210  0.0209  0.0209
  0.0209  0.0209  0.0209  0.0209  0.0209  0.0210  0.0209  0.0209  0.0209  0.0209  0.0209  0.0209
  0.0209  0.0209  0.0209  0.0209  0.0209  0.0209  0.0209  0.0209  0.0209  0.0209  0.0209  0.0209
  0.0209  0.0209  0.0209  0.0209  0.0209  0.0209  0.0209  0.0209  0.0209  0.0209  0.0209  0.0209
  0.0211  0.0210  0.0209  0.0210  0.0211  0.0210  0.0210  0.0211  0.0209  0.0210  0.0209  0.0209
  0.0213  0.0212  0.0210  0.0213  0.0213  0.0213  0.0212  0.0215  0.0210  0.0212  0.0210  0.0210
   -1.0221    5.0531    4.3850   -7.8639   -5.2469   -2.7462
   10.2620   -4.7786   -8.8040   11.7318    8.6655  -18.0135
eta,q 0.97913  8.48174

---------------------------------------------------------------------
imgreg_4dfp /opt/freesurfer/average/711-2C_as_mni_average_305 /opt/freesurfer/average/711-2B_as_mni_average_305_mask talsrcimg_g11 none talsrcimg_to_711-2C_as_mni_average_305_t4 2311
---------------------------------------------------------------------

freesurfer imgreg_4dfp.c
/opt/freesurfer/average/711-2C_as_mni_average_305.4dfp.img
       256       256       256         1
  1.000000  1.000000  1.000000
orientation T byte_order littleendian
Reading image: /opt/freesurfer/average/711-2C_as_mni_average_305.4dfp.img
dimensions:      256       256       256
mmppix:       1.0000   -1.0000   -1.0000
center:     128.0000 -129.0000 -129.0000
/opt/freesurfer/average/711-2B_as_mni_average_305_mask.4dfp.img
       256       256       256         1
  1.000000  1.000000  1.000000
orientation T byte_order littleendian
Reading mask: /opt/freesurfer/average/711-2B_as_mni_average_305_mask.4dfp.img (2306576 pixels)
talsrcimg_g11.4dfp.img
       256       256       256         1
  1.000000  1.000000  1.000000
orientation T byte_order littleendian
Reading image: talsrcimg_g11.4dfp.img
dimensions:      256       256       256
mmppix:       1.0000   -1.0000   -1.0000
center:     128.0000 -129.0000 -129.0000
fimgreg.f
image alignment mode   2311 decimal      907 hex
parameters
   -1.0221    5.0531    4.3850   -7.8639   -5.2469   -2.7462
   10.2620   -4.7786   -8.8040   11.7318    8.6655  -18.0135
eta,q 0.97913  8.48174
niter,ni,del,rscale     5    3    5.0000    0.8000
parameters
   -1.0454    5.0155    4.5738   -8.1682   -5.2215   -3.0507
   10.2737   -4.9149   -8.8590   11.5301    8.5963  -17.5095
eta,q 0.97910  8.46176
  0.0223  0.0218  0.0218  0.0220  0.0222  0.0223  0.0221  0.0229  0.0216  0.0219  0.0213  0.0215
  0.0215  0.0213  0.0213  0.0214  0.0216  0.0218  0.0215  0.0218  0.0212  0.0213  0.0211  0.0212
  0.0210  0.0210  0.0210  0.0210  0.0211  0.0212  0.0210  0.0211  0.0210  0.0210  0.0210  0.0210
  0.0209  0.0209  0.0209  0.0209  0.0209  0.0209  0.0209  0.0209  0.0209  0.0209  0.0209  0.0209
  0.0210  0.0210  0.0209  0.0210  0.0210  0.0210  0.0210  0.0212  0.0210  0.0210  0.0209  0.0209
  0.0215  0.0214  0.0211  0.0216  0.0215  0.0217  0.0214  0.0219  0.0212  0.0214  0.0211  0.0211
  0.0223  0.0219  0.0214  0.0225  0.0222  0.0231  0.0221  0.0231  0.0217  0.0221  0.0214  0.0213
niter,ni,del,rscale     4    3    5.0000    0.7000
parameters
   -1.0515    4.9447    4.4856   -8.0564   -5.1279   -3.0623
   10.2777   -4.9066   -8.8534   11.3628    8.6266  -17.5272
eta,q 0.97911  8.46553
  0.0220  0.0216  0.0214  0.0220  0.0220  0.0221  0.0218  0.0225  0.0215  0.0216  0.0212  0.0213
  0.0214  0.0212  0.0211  0.0214  0.0214  0.0217  0.0213  0.0216  0.0211  0.0212  0.0211  0.0210
  0.0210  0.0210  0.0209  0.0211  0.0211  0.0212  0.0210  0.0211  0.0210  0.0210  0.0209  0.0209
  0.0209  0.0209  0.0209  0.0209  0.0209  0.0209  0.0209  0.0209  0.0209  0.0209  0.0209  0.0209
  0.0210  0.0210  0.0210  0.0209  0.0210  0.0209  0.0210  0.0211  0.0209  0.0210  0.0209  0.0209
  0.0214  0.0213  0.0212  0.0213  0.0214  0.0214  0.0213  0.0216  0.0211  0.0213  0.0210  0.0211
  0.0220  0.0217  0.0215  0.0219  0.0219  0.0224  0.0218  0.0225  0.0215  0.0218  0.0212  0.0213
niter,ni,del,rscale     3    3    5.0000    0.6000
parameters
   -1.0542    4.9073    4.4828   -7.9866   -5.0571   -2.8766
   10.2712   -4.8919   -8.8325   11.2794    8.6637  -17.6257
eta,q 0.97913  8.47534
  0.0217  0.0214  0.0213  0.0217  0.0217  0.0219  0.0216  0.0221  0.0213  0.0215  0.0211  0.0211
  0.0212  0.0211  0.0211  0.0213  0.0213  0.0215  0.0212  0.0214  0.0211  0.0211  0.0210  0.0210
  0.0210  0.0209  0.0209  0.0210  0.0210  0.0211  0.0210  0.0210  0.0209  0.0209  0.0209  0.0209
  0.0209  0.0209  0.0209  0.0209  0.0209  0.0209  0.0209  0.0209  0.0209  0.0209  0.0209  0.0209
  0.0210  0.0210  0.0209  0.0209  0.0210  0.0209  0.0209  0.0210  0.0209  0.0209  0.0209  0.0209
  0.0212  0.0212  0.0211  0.0212  0.0212  0.0212  0.0212  0.0214  0.0210  0.0212  0.0210  0.0210
  0.0217  0.0215  0.0213  0.0217  0.0217  0.0219  0.0216  0.0221  0.0213  0.0215  0.0211  0.0212
niter,ni,del,rscale     2    3    5.0000    0.5000
parameters
   -1.0624    4.8827    4.5531   -7.9457   -5.0223   -2.6144
   10.2759   -4.8907   -8.8034   11.2079    8.6579  -17.7261
eta,q 0.97916  8.48636
  0.0214  0.0213  0.0212  0.0214  0.0215  0.0217  0.0213  0.0217  0.0211  0.0213  0.0210  0.0210
  0.0211  0.0210  0.0210  0.0211  0.0212  0.0214  0.0211  0.0212  0.0210  0.0210  0.0209  0.0209
  0.0209  0.0209  0.0209  0.0209  0.0209  0.0211  0.0209  0.0209  0.0209  0.0209  0.0209  0.0209
  0.0209  0.0209  0.0209  0.0209  0.0209  0.0209  0.0208  0.0208  0.0208  0.0208  0.0208  0.0208
  0.0209  0.0209  0.0209  0.0209  0.0209  0.0209  0.0209  0.0209  0.0209  0.0209  0.0209  0.0209
  0.0211  0.0211  0.0210  0.0211  0.0211  0.0211  0.0211  0.0212  0.0210  0.0211  0.0209  0.0210
  0.0214  0.0213  0.0211  0.0214  0.0214  0.0216  0.0213  0.0217  0.0211  0.0213  0.0210  0.0211
niter,ni,del,rscale     1    3    5.0000    0.4000
parameters
   -1.0750    4.8525    4.6684   -7.9324   -4.9933   -2.3432
   10.2915   -4.8904   -8.7532   11.1171    8.6080  -17.7511
eta,q 0.97919  8.49646
  0.0212  0.0211  0.0211  0.0212  0.0212  0.0215  0.0211  0.0214  0.0210  0.0211  0.0209  0.0210
  0.0210  0.0209  0.0210  0.0210  0.0210  0.0212  0.0210  0.0211  0.0209  0.0209  0.0209  0.0209
  0.0209  0.0209  0.0209  0.0209  0.0209  0.0210  0.0209  0.0209  0.0208  0.0208  0.0208  0.0208
  0.0208  0.0208  0.0208  0.0208  0.0208  0.0208  0.0208  0.0208  0.0208  0.0208  0.0208  0.0208
  0.0209  0.0209  0.0208  0.0209  0.0209  0.0208  0.0209  0.0209  0.0208  0.0209  0.0208  0.0208
  0.0210  0.0210  0.0209  0.0210  0.0210  0.0210  0.0210  0.0211  0.0209  0.0210  0.0209  0.0209
  0.0212  0.0211  0.0210  0.0212  0.0212  0.0213  0.0211  0.0214  0.0210  0.0211  0.0209  0.0210
registration optimization eta report
parameter search radius
    0.8000    0.8000    0.8000    2.4000    2.4000    2.4000
    2.4000    2.4000    2.4000    2.4000    2.4000    2.4000
100000*second partial in parameter space
       57.       42.       29.        6.        7.        9.
        6.       10.        3.        5.        2.        2.
  0.0212  0.0211  0.0211  0.0212  0.0212  0.0215  0.0211  0.0214  0.0210  0.0211  0.0209  0.0210
  0.0210  0.0209  0.0210  0.0210  0.0210  0.0212  0.0210  0.0211  0.0209  0.0209  0.0209  0.0209
  0.0209  0.0209  0.0209  0.0209  0.0209  0.0210  0.0209  0.0209  0.0208  0.0208  0.0208  0.0208
  0.0208  0.0208  0.0208  0.0208  0.0208  0.0208  0.0208  0.0208  0.0208  0.0208  0.0208  0.0208
  0.0209  0.0209  0.0208  0.0209  0.0209  0.0208  0.0209  0.0209  0.0208  0.0209  0.0208  0.0208
  0.0210  0.0210  0.0209  0.0210  0.0210  0.0210  0.0210  0.0211  0.0209  0.0210  0.0209  0.0209
  0.0212  0.0211  0.0210  0.0212  0.0212  0.0213  0.0211  0.0214  0.0210  0.0211  0.0209  0.0210
   -1.0750    4.8525    4.6684   -7.9324   -4.9933   -2.3432
   10.2915   -4.8904   -8.7532   11.1171    8.6080  -17.7511
eta,q 0.97919  8.49646

---------------------------------------------------------------------
compute_vox2vox talsrcimg talsrcimg_to_711-2C_as_mni_average_305_t4 /opt/freesurfer/average/711-2C_as_mni_average_305
---------------------------------------------------------------------

freesurfer compute_vox2vox.c
Reading: talsrcimg.4dfp.ifh
Reading: talsrcimg_to_711-2C_as_mni_average_305_t4
Reading: /opt/freesurfer/average/711-2C_as_mni_average_305.4dfp.ifh
Writing: talsrcimg_to_711-2C_as_mni_average_305_t4_vox2vox.txt

start time Thu Mar 12 10:00:36 CET 2026
end		time Thu Mar 12 10:00:50 CET 2026

mpr2mni305 success

avi2talxfm orig_nu.mgz /opt/freesurfer/average/mni305.cor.mgz talsrcimg_to_711-2C_as_mni_average_305_t4_vox2vox.txt transforms/talairach.auto.xfm
avi2talxfm done
mv -f /out/sourcedata/freesurfer/sub-v1s11x0050146_ses-1/mri/talsrcimg_to_711-2C_as_mni_average_305_t4_vox2vox.txt /out/sourcedata/freesurfer/sub-v1s11x0050146_ses-1/mri/transforms/talsrcimg_to_711-2C_as_mni_average_305_t4_vox2vox.txt
lta_convert --src orig_nu.mgz --trg /opt/freesurfer/average/mni305.cor.mgz --inxfm transforms/talairach.auto.xfm --outlta transforms/talairach.auto.xfm.lta --subject fsaverage
7.3.2

--src: orig_nu.mgz src image (geometry).
--trg: /opt/freesurfer/average/mni305.cor.mgz trg image (geometry).
--inmni: transforms/talairach.auto.xfm input MNI/XFM transform.
--outlta: transforms/talairach.auto.xfm.lta output LTA.
--s: fsaverage subject name
 LTA read, type : 1
 1.07018   0.06540  -0.10371   4.65275;
-0.07482   0.99810   0.19459  -19.26759;
 0.10735  -0.11077   1.02023  -12.05989;
 0.00000   0.00000   0.00000   1.00000;
setting subject to fsaverage
Writing  LTA to file transforms/talairach.auto.xfm.lta...
lta_convert successful.
 
 
Started at Thu Mar 12 10:00:36 CET 2026
Ended   at Thu Mar 12 10:00:50 CET 2026
talairach_avi done
