status file for recon-all
Thu Mar 12 12:29:15 CET 2026
#@# Tessellate lh Thu Mar 12 12:29:15 CET 2026
#@# Smooth1 lh Thu Mar 12 12:29:18 CET 2026
#@# Inflation1 lh Thu Mar 12 12:29:20 CET 2026
#@# QSphere lh Thu Mar 12 12:29:34 CET 2026
#@# Fix Topology lh Thu Mar 12 12:30:55 CET 2026
#@# Smooth2 lh Thu Mar 12 12:35:46 CET 2026
#@# Inflation2 lh Thu Mar 12 12:35:49 CET 2026
#@# Curv .H and .K lh Thu Mar 12 12:36:02 CET 2026
#@# Sphere lh Thu Mar 12 12:36:38 CET 2026
#@# Surf Reg lh Thu Mar 12 12:40:28 CET 2026
#@# Jacobian white lh Thu Mar 12 12:44:19 CET 2026
#@# AvgCurv lh Thu Mar 12 12:44:20 CET 2026
#@# Cortical Parc lh Thu Mar 12 12:44:21 CET 2026
#@# white curv lh Thu Mar 12 12:50:02 CET 2026
#@# white area lh Thu Mar 12 12:50:03 CET 2026
#@# pial curv lh Thu Mar 12 12:50:04 CET 2026
#@# pial area lh Thu Mar 12 12:50:05 CET 2026
#@# thickness lh Thu Mar 12 12:50:06 CET 2026
#@# area and vertex vol lh Thu Mar 12 12:50:25 CET 2026
#@# Curvature Stats lh Thu Mar 12 12:50:26 CET 2026
#@# Cortical Parc 2 lh Thu Mar 12 12:50:28 CET 2026
#@# Cortical Parc 3 lh Thu Mar 12 12:50:38 CET 2026
#@# WM/GM Contrast lh Thu Mar 12 12:50:45 CET 2026
recon-all -s sub-v1s11x0050163_ses-1 finished without error at Thu Mar 12 12:50:48 CET 2026



#New# invocation of recon-all 



status file for recon-all
Thu Mar 12 13:13:59 CET 2026
#@# white curv lh Thu Mar 12 13:13:59 CET 2026
#@# white area lh Thu Mar 12 13:13:59 CET 2026
#@# pial curv lh Thu Mar 12 13:14:00 CET 2026
#@# pial area lh Thu Mar 12 13:14:00 CET 2026
#@# thickness lh Thu Mar 12 13:14:00 CET 2026
#@# area and vertex vol lh Thu Mar 12 13:14:00 CET 2026
#@# Parcellation Stats lh Thu Mar 12 13:14:00 CET 2026
#@# Parcellation Stats 2 lh Thu Mar 12 13:14:14 CET 2026
#@# Parcellation Stats 3 lh Thu Mar 12 13:14:22 CET 2026
#@# BA_exvivo Labels lh Thu Mar 12 13:14:30 CET 2026
recon-all -s sub-v1s11x0050163_ses-1 finished without error at Thu Mar 12 13:16:35 CET 2026
