/out/sourcedata/freesurfer/sub-v1s11x0050167_ses-1/mri
/opt/freesurfer/bin/talairach_avi
--i orig_nu.mgz --xfm transforms/talairach.auto.xfm
talairach_avi 7.3.2
Linux dna070 5.14.0-427.37.1.el9_4.x86_64 #1 SMP PREEMPT_DYNAMIC Fri Sep 13 12:41:50 EDT 2024 x86_64 x86_64 x86_64 GNU/Linux
Sun Mar  8 12:45:42 CET 2026
mri_convert orig_nu.mgz talsrcimg.img 
reading from orig_nu.mgz...
TR=0.00, TE=0.00, TI=0.00, flip angle=0.00
i_ras = (-1, 0, 0)
j_ras = (0, 0, -1)
k_ras = (0, 1, 0)
writing to talsrcimg.img...
Analyze Output Matrix
-1.00000   0.00000   0.00000   128.93173;
 0.00000   0.00000   1.00000  -124.30104;
 0.00000  -1.00000   0.00000   144.20786;
 0.00000   0.00000   0.00000   1.00000;
--------------------
INFO: set hdr.hist.orient to -1
mpr2mni305 talsrcimg
Sun Mar  8 12:45:42 CET 2026
/opt/freesurfer/bin/mpr2mni305 talsrcimg
mpr2mni305 7.3.2
target=711-2C_as_mni_average_305

---------------------------------------------------------------------
analyzeto4dfp talsrcimg -O0 -y
---------------------------------------------------------------------

freesurfer ifh2hdr.c
Sun Mar  8 12:45:42 2026
Writing: talsrcimg.4dfp.hdr
freesurfer analyzeto4dfp.c
Reading: talsrcimg.hdr
header size 348 bytes
hdr.dime.datatype	offset=70	value=2
hdr.dime.bitpix		offset=72	value=8
hdr.hist.orient		offset=252	value=-1
dimensionality     4
dimensions       256       256       256         1
Reading: talsrcimg.img
Writing: talsrcimg.4dfp.img
Writing: talsrcimg.4dfp.ifh
ifh2hdr talsrcimg -r0to225
ori=2

---------------------------------------------------------------------
gauss_4dfp talsrcimg 1.1
---------------------------------------------------------------------

freesurfer gauss_4dfp.c
Reading: talsrcimg.4dfp.img
Writing: talsrcimg_g11.4dfp.img
image dimensions 256 256 256 padded to 288 288 288
processing volume 1freesurfer ifh2hdr.c
Sun Mar  8 12:45:44 2026
Writing: talsrcimg_g11.4dfp.hdr

Writing: talsrcimg_g11.4dfp.ifh
including: talsrcimg.4dfp.img.rec in talsrcimg_g11.4dfp.img.rec

---------------------------------------------------------------------
imgreg_4dfp /opt/freesurfer/average/711-2C_as_mni_average_305 none talsrcimg_g11 none talsrcimg_to_711-2C_as_mni_average_305_t4 4355
---------------------------------------------------------------------

freesurfer imgreg_4dfp.c
/opt/freesurfer/average/711-2C_as_mni_average_305.4dfp.img
       256       256       256         1
  1.000000  1.000000  1.000000
orientation T byte_order littleendian
Reading image: /opt/freesurfer/average/711-2C_as_mni_average_305.4dfp.img
dimensions:      256       256       256
mmppix:       1.0000   -1.0000   -1.0000
center:     128.0000 -129.0000 -129.0000
talsrcimg_g11.4dfp.img
       256       256       256         1
  1.000000  1.000000  1.000000
orientation T byte_order littleendian
Reading image: talsrcimg_g11.4dfp.img
dimensions:      256       256       256
mmppix:       1.0000   -1.0000   -1.0000
center:     128.0000 -129.0000 -129.0000
t4_read: open error in t4_sub.f l:  41 t4_file(1:l)talsrcimg_to_711-2C_as_mni_average_305_t4 
t4_read: transform initialized to I4
rotation matrix determinant  1.000000
image alignment mode   4355 decimal     1103 hex
   -7.5000  -45.0000  -45.0000 7594.7544   14.0650
    0.0000  -45.0000  -45.0000 7881.5791   14.0475
    7.5000  -45.0000  -45.0000 7524.1577   14.0381
   -7.5000  -37.5000  -45.0000 8174.1499   13.9759
    0.0000  -37.5000  -45.0000 8489.4395   13.9631
    7.5000  -37.5000  -45.0000 8096.0059   13.9551
   -7.5000  -30.0000  -45.0000 9069.8809   13.9243
    0.0000  -30.0000  -45.0000 9427.4736   13.9162
    7.5000  -30.0000  -45.0000 8996.6904   13.9095
   -7.5000  -22.5000  -45.0000 9914.9941   13.9203
    0.0000  -22.5000  -45.000010303.4658   13.9132
    7.5000  -22.5000  -45.0000 9831.5381   13.9067
   -7.5000  -15.0000  -45.000010647.7852   13.9304
    0.0000  -15.0000  -45.000011075.7520   13.9194
    7.5000  -15.0000  -45.000010577.5225   13.9122
   -7.5000   -7.5000  -45.000011292.3760   13.9450
    0.0000   -7.5000  -45.000011759.1768   13.9286
    7.5000   -7.5000  -45.000011215.8066   13.9199
   -7.5000    0.0000  -45.000011922.0596   13.9502
    0.0000    0.0000  -45.000012418.2373   13.9333
    7.5000    0.0000  -45.000011841.2695   13.9243
   -7.5000    7.5000  -45.000011606.3301   13.9377
    0.0000    7.5000  -45.000012085.0381   13.9252
    7.5000    7.5000  -45.000011546.9062   13.9174
   -7.5000   15.0000  -45.000011161.9902   13.9224
    0.0000   15.0000  -45.000011630.7588   13.9143
    7.5000   15.0000  -45.000011133.1270   13.9076
   -7.5000   22.5000  -45.000010736.5293   13.9184
    0.0000   22.5000  -45.000011190.5732   13.9113
    7.5000   22.5000  -45.000010702.5449   13.9048
   -7.5000   30.0000  -45.000010111.0293   13.7448
    0.0000   30.0000  -45.000010505.8086   13.7339
    7.5000   30.0000  -45.000010046.3086   13.7268
   -7.5000   37.5000  -45.0000 9635.3154   13.7592
    0.0000   37.5000  -45.0000 9987.1797   13.7430
    7.5000   37.5000  -45.0000 9542.6533   13.7344
   -7.5000   45.0000  -45.0000 8797.7754   13.4148
    0.0000   45.0000  -45.0000 9115.9404   13.3985
    7.5000   45.0000  -45.0000 8705.8945   13.3899
   -7.5000  -45.0000  -37.5000 8087.1587   14.0385
    0.0000  -45.0000  -37.5000 8388.8926   14.0295
    7.5000  -45.0000  -37.5000 8001.4619   14.0264
   -7.5000  -37.5000  -37.5000 8718.9316   13.9489
    0.0000  -37.5000  -37.5000 9060.2988   13.9445
    7.5000  -37.5000  -37.5000 8626.3184   13.9399
   -7.5000  -30.0000  -37.5000 9663.4043   13.8931
    0.0000  -30.0000  -37.500010047.1650   13.8913
    7.5000  -30.0000  -37.5000 9582.7129   13.8855
   -7.5000  -22.5000  -37.500010548.7197   13.8859
    0.0000  -22.5000  -37.500010986.3086   13.8827
    7.5000  -22.5000  -37.500010469.5654   13.8777
   -7.5000  -15.0000  -37.500011300.8760   13.8964
    0.0000  -15.0000  -37.500011784.1025   13.8888
    7.5000  -15.0000  -37.500011230.4844   13.8855
   -7.5000   -7.5000  -37.500011966.8564   13.9147
    0.0000   -7.5000  -37.500012478.7314   13.9041
    7.5000   -7.5000  -37.500011901.8672   13.9016
   -7.5000    0.0000  -37.500012616.9648   13.9237
    0.0000    0.0000  -37.500013155.6152   13.9151
    7.5000    0.0000  -37.500012545.0146   13.9123
   -7.5000    7.5000  -37.500012286.2100   13.9105
    0.0000    7.5000  -37.500012803.1387   13.9064
    7.5000    7.5000  -37.500012221.4199   13.9020
   -7.5000   15.0000  -37.500011817.5029   13.8912
    0.0000   15.0000  -37.500012322.8740   13.8894
    7.5000   15.0000  -37.500011774.8037   13.8836
   -7.5000   22.5000  -37.500011358.9893   13.8840
    0.0000   22.5000  -37.500011833.6025   13.8808
    7.5000   22.5000  -37.500011293.4658   13.8758
   -7.5000   30.0000  -37.500010691.3564   13.7112
    0.0000   30.0000  -37.500011106.5928   13.7037
    7.5000   30.0000  -37.500010598.1787   13.7004
   -7.5000   37.5000  -37.500010135.9473   13.7293
    0.0000   37.5000  -37.500010510.6338   13.7188
    7.5000   37.5000  -37.500010034.1602   13.7163
   -7.5000   45.0000  -37.5000 9226.2334   13.3893
    0.0000   45.0000  -37.5000 9557.4883   13.3810
    7.5000   45.0000  -37.5000 9126.5352   13.3784
   -7.5000  -45.0000  -30.0000 8731.9102   14.6157
    0.0000  -45.0000  -30.0000 9074.8760   14.6138
    7.5000  -45.0000  -30.0000 8652.1143   14.6189
   -7.5000  -37.5000  -30.0000 9412.1875   14.5227
    0.0000  -37.5000  -30.0000 9794.5889   14.5254
    7.5000  -37.5000  -30.0000 9326.3887   14.5252
   -7.5000  -30.0000  -30.000010429.5625   14.4618
    0.0000  -30.0000  -30.000010857.1777   14.4655
    7.5000  -30.0000  -30.000010352.0811   14.4629
   -7.5000  -22.5000  -30.000011377.8701   14.4516
    0.0000  -22.5000  -30.000011853.3721   14.4522
    7.5000  -22.5000  -30.000011290.2021   14.4528
   -7.5000  -15.0000  -30.000012156.4004   14.4628
    0.0000  -15.0000  -30.000012677.8975   14.4587
    7.5000  -15.0000  -30.000012079.4492   14.4646
   -7.5000   -7.5000  -30.000012867.8037   14.4842
    0.0000   -7.5000  -30.000013428.5859   14.4788
    7.5000   -7.5000  -30.000012797.6719   14.4866
   -7.5000    0.0000  -30.000013541.9424   14.4960
    0.0000    0.0000  -30.000014136.2207   14.4945
    7.5000    0.0000  -30.000013477.1221   14.4997
   -7.5000    7.5000  -30.000013189.4746   14.4827
    0.0000    7.5000  -30.000013772.4424   14.4857
    7.5000    7.5000  -30.000013136.9795   14.4856
   -7.5000   15.0000  -30.000012683.3057   14.4597
    0.0000   15.0000  -30.000013231.0664   14.4635
    7.5000   15.0000  -30.000012638.5312   14.4608
   -7.5000   22.5000  -30.000012162.9912   14.4482
    0.0000   22.5000  -30.000012645.2568   14.4487
    7.5000   22.5000  -30.000012065.9326   14.4493
   -7.5000   30.0000  -30.000011428.7607   14.2714
    0.0000   30.0000  -30.000011878.8652   14.2674
    7.5000   30.0000  -30.000011316.9775   14.2732
   -7.5000   37.5000  -30.000010803.6338   14.2926
    0.0000   37.5000  -30.000011217.5215   14.2872
    7.5000   37.5000  -30.000010695.2803   14.2949
   -7.5000   45.0000  -30.0000 9811.7656   13.9499
    0.0000   45.0000  -30.000010174.8223   13.9484
    7.5000   45.0000  -30.0000 9722.4561   13.9535
   -7.5000  -45.0000  -22.5000 9377.7832   15.1002
    0.0000  -45.0000  -22.5000 9760.3066   15.0967
    7.5000  -45.0000  -22.5000 9320.8408   15.1028
   -7.5000  -37.5000  -22.500010098.7617   15.0046
    0.0000  -37.5000  -22.500010508.7363   15.0055
    7.5000  -37.5000  -22.500010028.6660   15.0055
   -7.5000  -30.0000  -22.500011156.9551   14.9432
    0.0000  -30.0000  -22.500011613.1396   14.9454
    7.5000  -30.0000  -22.500011083.6357   14.9440
   -7.5000  -22.5000  -22.500012153.3535   14.9338
    0.0000  -22.5000  -22.500012670.5713   14.9333
    7.5000  -22.5000  -22.500012084.6807   14.9376
   -7.5000  -15.0000  -22.500012980.4434   14.9460
    0.0000  -15.0000  -22.500013546.1250   14.9413
    7.5000  -15.0000  -22.500012912.4863   14.9523
   -7.5000   -7.5000  -22.500013743.6680   14.9667
    0.0000   -7.5000  -22.500014356.3447   14.9606
    7.5000   -7.5000  -22.500013674.3750   14.9719
   -7.5000    0.0000  -22.500014456.7441   14.9769
    0.0000    0.0000  -22.500015107.2617   14.9739
    7.5000    0.0000  -22.500014403.5264   14.9802
   -7.5000    7.5000  -22.500014082.1084   14.9635
    0.0000    7.5000  -22.500014731.0107   14.9647
    7.5000    7.5000  -22.500014029.3379   14.9648
   -7.5000   15.0000  -22.500013519.1738   14.9411
    0.0000   15.0000  -22.500014131.6729   14.9433
    7.5000   15.0000  -22.500013460.8193   14.9419
   -7.5000   22.5000  -22.500012889.2695   14.9292
    0.0000   22.5000  -22.500013433.3506   14.9287
    7.5000   22.5000  -22.500012790.8115   14.9330
   -7.5000   30.0000  -22.500012124.2695   14.7505
    0.0000   30.0000  -22.500012611.1299   14.7459
    7.5000   30.0000  -22.500011994.8955   14.7567
   -7.5000   37.5000  -22.500011468.8252   14.7710
    0.0000   37.5000  -22.500011913.4492   14.7649
    7.5000   37.5000  -22.500011334.5293   14.7761
   -7.5000   45.0000  -22.500010399.5752   14.4235
    0.0000   45.0000  -22.500010786.5225   14.4206
    7.5000   45.0000  -22.500010290.2773   14.4266
   -7.5000  -45.0000  -15.000010042.9238   15.4398
    0.0000  -45.0000  -15.000010447.9512   15.4275
    7.5000  -45.0000  -15.0000 9991.1328   15.4273
   -7.5000  -37.5000  -15.000010796.4463   15.3431
    0.0000  -37.5000  -15.000011229.5205   15.3353
    7.5000  -37.5000  -15.000010732.7344   15.3314
   -7.5000  -30.0000  -15.000011898.5479   15.2859
    0.0000  -30.0000  -15.000012395.7139   15.2812
    7.5000  -30.0000  -15.000011843.1348   15.2781
   -7.5000  -22.5000  -15.000012947.6396   15.2806
    0.0000  -22.5000  -15.000013502.4268   15.2755
    7.5000  -22.5000  -15.000012890.3672   15.2779
   -7.5000  -15.0000  -15.000013812.4111   15.2927
    0.0000  -15.0000  -15.000014419.8047   15.2840
    7.5000  -15.0000  -15.000013766.7539   15.2912
   -7.5000   -7.5000  -15.000014620.6514   15.3088
    0.0000   -7.5000  -15.000015264.8105   15.2964
    7.5000   -7.5000  -15.000014550.1387   15.3019
   -7.5000    0.0000  -15.000015357.6377   15.3145
    0.0000    0.0000  -15.000016046.4355   15.3027
    7.5000    0.0000  -15.000015294.2754   15.3028
   -7.5000    7.5000  -15.000014979.4824   15.3015
    0.0000    7.5000  -15.000015673.8740   15.2939
    7.5000    7.5000  -15.000014900.1865   15.2902
   -7.5000   15.0000  -15.000014379.4365   15.2837
    0.0000   15.0000  -15.000015048.2617   15.2792
    7.5000   15.0000  -15.000014295.2588   15.2760
   -7.5000   22.5000  -15.000013660.4316   15.2752
    0.0000   22.5000  -15.000014239.3271   15.2701
    7.5000   22.5000  -15.000013534.3633   15.2725
   -7.5000   30.0000  -15.000012826.1309   15.0948
    0.0000   30.0000  -15.000013349.4932   15.0862
    7.5000   30.0000  -15.000012696.6406   15.0933
   -7.5000   37.5000  -15.000012116.0635   15.1107
    0.0000   37.5000  -15.000012605.3965   15.0984
    7.5000   37.5000  -15.000011990.0498   15.1039
   -7.5000   45.0000  -15.000010989.7725   14.7575
    0.0000   45.0000  -15.000011427.9756   14.7462
    7.5000   45.0000  -15.000010899.0742   14.7463
   -7.5000  -45.0000   -7.500010743.1172   15.6144
    0.0000  -45.0000   -7.500011183.1504   15.5943
    7.5000  -45.0000   -7.500010675.3467   15.5860
   -7.5000  -37.5000   -7.500011538.8379   15.5169
    0.0000  -37.5000   -7.500012010.7568   15.5019
    7.5000  -37.5000   -7.500011476.6924   15.4939
   -7.5000  -30.0000   -7.500012683.0146   15.4626
    0.0000  -30.0000   -7.500013227.7520   15.4530
    7.5000  -30.0000   -7.500012647.6514   15.4472
   -7.5000  -22.5000   -7.500013781.6660   15.4600
    0.0000  -22.5000   -7.500014374.9033   15.4519
    7.5000  -22.5000   -7.500013747.4297   15.4489
   -7.5000  -15.0000   -7.500014669.5488   15.4714
    0.0000  -15.0000   -7.500015313.5127   15.4595
    7.5000  -15.0000   -7.500014648.3828   15.4574
   -7.5000   -7.5000   -7.500015479.4951   15.4848
    0.0000   -7.5000   -7.500016145.7051   15.4667
    7.5000   -7.5000   -7.500015449.1924   15.4616
   -7.5000    0.0000   -7.500016248.6074   15.4879
    0.0000    0.0000   -7.500016971.2422   15.4685
    7.5000    0.0000   -7.500016217.6357   15.4606
   -7.5000    7.5000   -7.500015884.9170   15.4749
    0.0000    7.5000   -7.500016595.9707   15.4602
    7.5000    7.5000   -7.500015825.1865   15.4523
   -7.5000   15.0000   -7.500015240.2676   15.4604
    0.0000   15.0000   -7.500015929.8711   15.4509
    7.5000   15.0000   -7.500015184.3594   15.4451
   -7.5000   22.5000   -7.500014441.5117   15.4529
    0.0000   22.5000   -7.500015050.7559   15.4448
    7.5000   22.5000   -7.500014337.6523   15.4418
   -7.5000   30.0000   -7.500013536.2881   15.2708
    0.0000   30.0000   -7.500014101.1025   15.2590
    7.5000   30.0000   -7.500013431.1104   15.2569
   -7.5000   37.5000   -7.500012781.8438   15.2839
    0.0000   37.5000   -7.500013305.9951   15.2661
    7.5000   37.5000   -7.500012694.1582   15.2611
   -7.5000   45.0000   -7.500011584.2881   14.9274
    0.0000   45.0000   -7.500012068.9531   14.9087
    7.5000   45.0000   -7.500011534.5938   14.9011
   -7.5000  -45.0000    0.000011353.5137   15.6638
    0.0000  -45.0000    0.000011822.4688   15.6447
    7.5000  -45.0000    0.000011293.1191   15.6340
   -7.5000  -37.5000    0.000012181.6025   15.5652
    0.0000  -37.5000    0.000012692.6494   15.5514
    7.5000  -37.5000    0.000012146.2520   15.5423
   -7.5000  -30.0000    0.000013377.3721   15.5084
    0.0000  -30.0000    0.000013971.9209   15.4999
    7.5000  -30.0000    0.000013365.4453   15.4922
   -7.5000  -22.5000    0.000014506.4316   15.5041
    0.0000  -22.5000    0.000015124.7354   15.4966
    7.5000  -22.5000    0.000014505.9189   15.4892
   -7.5000  -15.0000    0.000015449.6201   15.5151
    0.0000  -15.0000    0.000016100.0049   15.5033
    7.5000  -15.0000    0.000015451.8555   15.4951
   -7.5000   -7.5000    0.000016238.2305   15.5310
    0.0000   -7.5000    0.000016894.3027   15.5132
    7.5000   -7.5000    0.000016266.2148   15.5032
   -7.5000    0.0000    0.000017036.3711   15.5366
    0.0000    0.0000    0.000017755.4648   15.5181
    7.5000    0.0000    0.000017053.7598   15.5079
   -7.5000    7.5000    0.000016657.8633   15.5229
    0.0000    7.5000    0.000017383.6270   15.5094
    7.5000    7.5000    0.000016663.3672   15.5005
   -7.5000   15.0000    0.000015988.3701   15.5063
    0.0000   15.0000    0.000016682.1387   15.4977
    7.5000   15.0000    0.000015994.3477   15.4900
   -7.5000   22.5000    0.000015091.5928   15.4970
    0.0000   22.5000    0.000015737.5225   15.4895
    7.5000   22.5000    0.000015059.2422   15.4821
   -7.5000   30.0000    0.000014109.3457   15.3144
    0.0000   30.0000    0.000014709.4893   15.3027
    7.5000   30.0000    0.000014049.2285   15.2946
   -7.5000   37.5000    0.000013343.7275   15.3300
    0.0000   37.5000    0.000013911.0781   15.3124
    7.5000   37.5000    0.000013312.4141   15.3026
   -7.5000   45.0000    0.000012141.6133   14.9755
    0.0000   45.0000    0.000012650.6826   14.9577
    7.5000   45.0000    0.000012114.9805   14.9478
   -7.5000  -45.0000    7.500011024.3574   15.6886
    0.0000  -45.0000    7.500011488.6494   15.6786
    7.5000  -45.0000    7.500010984.8369   15.6751
   -7.5000  -37.5000    7.500011829.4941   15.5889
    0.0000  -37.5000    7.500012341.8369   15.5842
    7.5000  -37.5000    7.500011814.3535   15.5790
   -7.5000  -30.0000    7.500013011.2051   15.5268
    0.0000  -30.0000    7.500013576.4785   15.5249
    7.5000  -30.0000    7.500012993.3887   15.5184
   -7.5000  -22.5000    7.500014081.7227   15.5184
    0.0000  -22.5000    7.500014667.2715   15.5150
    7.5000  -22.5000    7.500014090.0820   15.5094
   -7.5000  -15.0000    7.500015016.8643   15.5297
    0.0000  -15.0000    7.500015621.0039   15.5214
    7.5000  -15.0000    7.500015000.6436   15.5177
   -7.5000   -7.5000    7.500015820.3389   15.5501
    0.0000   -7.5000    7.500016443.7344   15.5384
    7.5000   -7.5000    7.500015834.4160   15.5356
   -7.5000    0.0000    7.500016540.9277   15.5604
    0.0000    0.0000    7.500017246.8105   15.5510
    7.5000    0.0000    7.500016631.7266   15.5478
   -7.5000    7.5000    7.500016163.6045   15.5461
    0.0000    7.5000    7.500016853.8418   15.5417
    7.5000    7.5000    7.500016262.1152   15.5367
   -7.5000   15.0000    7.500015517.4414   15.5246
    0.0000   15.0000    7.500016186.0713   15.5227
    7.5000   15.0000    7.500015613.2773   15.5162
   -7.5000   22.5000    7.500014586.2012   15.5113
    0.0000   22.5000    7.500015213.0771   15.5079
    7.5000   22.5000    7.500014649.6348   15.5022
   -7.5000   30.0000    7.500013620.4375   15.3287
    0.0000   30.0000    7.500014154.8066   15.3206
    7.5000   30.0000    7.500013600.8379   15.3168
   -7.5000   37.5000    7.500012918.9316   15.3488
    0.0000   37.5000    7.500013412.2754   15.3373
    7.5000   37.5000    7.500012900.5684   15.3345
   -7.5000   45.0000    7.500011749.5889   14.9984
    0.0000   45.0000    7.500012222.6074   14.9893
    7.5000   45.0000    7.500011751.2686   14.9863
   -7.5000  -45.0000   15.000010593.0908   15.6973
    0.0000  -45.0000   15.000011051.3604   15.6953
    7.5000  -45.0000   15.000010550.8789   15.7007
   -7.5000  -37.5000   15.000011363.2803   15.5973
    0.0000  -37.5000   15.000011873.0254   15.6003
    7.5000  -37.5000   15.000011342.4531   15.6000
   -7.5000  -30.0000   15.000012506.2646   15.5318
    0.0000  -30.0000   15.000013033.6865   15.5358
    7.5000  -30.0000   15.000012472.0303   15.5330
   -7.5000  -22.5000   15.000013539.9004   15.5209
    0.0000  -22.5000   15.000014080.2422   15.5215
    7.5000  -22.5000   15.000013507.4805   15.5221
   -7.5000  -15.0000   15.000014418.3672   15.5329
    0.0000  -15.0000   15.000014991.9863   15.5285
    7.5000  -15.0000   15.000014401.3887   15.5348
   -7.5000   -7.5000   15.000015213.0840   15.5561
    0.0000   -7.5000   15.000015750.9775   15.5502
    7.5000   -7.5000   15.000015211.2207   15.5585
   -7.5000    0.0000   15.000015968.1094   15.5688
    0.0000    0.0000   15.000016590.6094   15.5671
    7.5000    0.0000   15.000015997.4248   15.5727
   -7.5000    7.5000   15.000015587.1260   15.5544
    0.0000    7.5000   15.000016235.4111   15.5576
    7.5000    7.5000   15.000015674.2305   15.5575
   -7.5000   15.0000   15.000014961.5166   15.5296
    0.0000   15.0000   15.000015579.7148   15.5336
    7.5000   15.0000   15.000015050.8721   15.5308
   -7.5000   22.5000   15.000014019.8008   15.5137
    0.0000   22.5000   15.000014576.9561   15.5143
    7.5000   22.5000   15.000014087.1426   15.5150
   -7.5000   30.0000   15.000013042.7432   15.3319
    0.0000   30.0000   15.000013520.2451   15.3275
    7.5000   30.0000   15.000013036.2256   15.3338
   -7.5000   37.5000   15.000012397.4678   15.3547
    0.0000   37.5000   15.000012831.2002   15.3490
    7.5000   37.5000   15.000012358.7012   15.3572
   -7.5000   45.0000   15.000011278.3340   15.0065
    0.0000   45.0000   15.000011694.0371   15.0049
    7.5000   45.0000   15.000011255.6152   15.0103
   -7.5000  -45.0000   22.500010047.5234   15.7220
    0.0000  -45.0000   22.500010502.5322   15.7181
    7.5000  -45.0000   22.500010017.5391   15.7244
   -7.5000  -37.5000   22.500010768.8779   15.6223
    0.0000  -37.5000   22.500011260.7168   15.6229
    7.5000  -37.5000   22.500010746.5078   15.6227
   -7.5000  -30.0000   22.500011846.7959   15.5580
    0.0000  -30.0000   22.500012355.4375   15.5599
    7.5000  -30.0000   22.500011800.6328   15.5584
   -7.5000  -22.5000   22.500012834.3486   15.5480
    0.0000  -22.5000   22.500013371.9521   15.5472
    7.5000  -22.5000   22.500012797.5791   15.5515
   -7.5000  -15.0000   22.500013703.2461   15.5607
    0.0000  -15.0000   22.500014229.1074   15.5555
    7.5000  -15.0000   22.500013675.9512   15.5668
   -7.5000   -7.5000   22.500014490.1572   15.5824
    0.0000   -7.5000   22.500015016.6631   15.5758
    7.5000   -7.5000   22.500014469.9072   15.5875
   -7.5000    0.0000   22.500015279.7988   15.5933
    0.0000    0.0000   22.500015847.5469   15.5898
    7.5000    0.0000   22.500015265.7832   15.5963
   -7.5000    7.5000   22.500014964.4424   15.5794
    0.0000    7.5000   22.500015556.4189   15.5803
    7.5000    7.5000   22.500014967.8076   15.5802
   -7.5000   15.0000   22.500014391.8379   15.5558
    0.0000   15.0000   22.500014954.1836   15.5578
    7.5000   15.0000   22.500014396.4219   15.5563
   -7.5000   22.5000   22.500013459.6455   15.5409
    0.0000   22.5000   22.500013954.5977   15.5400
    7.5000   22.5000   22.500013461.2520   15.5444
   -7.5000   30.0000   22.500012486.1416   15.3593
    0.0000   30.0000   22.500012897.6680   15.3542
    7.5000   30.0000   22.500012421.4443   15.3654
   -7.5000   37.5000   22.500011853.8545   15.3808
    0.0000   37.5000   22.500012223.3691   15.3742
    7.5000   37.5000   22.500011743.1133   15.3858
   -7.5000   45.0000   22.500010763.9424   15.0302
    0.0000   45.0000   22.500011118.4346   15.0268
    7.5000   45.0000   22.500010680.6709   15.0330
   -7.5000  -45.0000   30.0000 9397.6660   15.7685
    0.0000  -45.0000   30.0000 9811.0840   15.7552
    7.5000  -45.0000   30.0000 9377.9678   15.7546
   -7.5000  -37.5000   30.000010073.4297   15.6687
    0.0000  -37.5000   30.000010522.2510   15.6599
    7.5000  -37.5000   30.000010052.6387   15.6556
   -7.5000  -30.0000   30.000011066.7246   15.6093
    0.0000  -30.0000   30.000011550.5322   15.6038
    7.5000  -30.0000   30.000011047.2021   15.6003
   -7.5000  -22.5000   30.000012001.6465   15.6036
    0.0000  -22.5000   30.000012528.7812   15.5977
    7.5000  -22.5000   30.000011994.2539   15.5998
   -7.5000  -15.0000   30.000012861.2842   15.6164
    0.0000  -15.0000   30.000013380.4170   15.6067
    7.5000  -15.0000   30.000012836.0225   15.6138
   -7.5000   -7.5000   30.000013642.6211   15.6335
    0.0000   -7.5000   30.000014166.1260   15.6201
    7.5000   -7.5000   30.000013599.9023   15.6254
   -7.5000    0.0000   30.000014411.9912   15.6396
    0.0000    0.0000   30.000014959.2383   15.6268
    7.5000    0.0000   30.000014362.1875   15.6266
   -7.5000    7.5000   30.000014116.2666   15.6258
    0.0000    7.5000   30.000014682.6484   15.6173
    7.5000    7.5000   30.000014069.0557   15.6132
   -7.5000   15.0000   30.000013588.3506   15.6071
    0.0000   15.0000   30.000014125.9092   15.6017
    7.5000   15.0000   30.000013533.4326   15.5981
   -7.5000   22.5000   30.000012727.3467   15.5964
    0.0000   22.5000   30.000013217.5088   15.5905
    7.5000   22.5000   30.000012674.2676   15.5927
   -7.5000   30.0000   30.000011777.0352   15.4143
    0.0000   30.0000   30.000012189.4521   15.4048
    7.5000   30.0000   30.000011668.4697   15.4117
   -7.5000   37.5000   30.000011160.0469   15.4312
    0.0000   37.5000   30.000011539.5801   15.4179
    7.5000   37.5000   30.000011035.0869   15.4232
   -7.5000   45.0000   30.000010124.8037   15.0747
    0.0000   45.0000   30.000010478.5264   15.0624
    7.5000   45.0000   30.000010016.1953   15.0622
   -7.5000  -45.0000   37.5000 9066.3096   15.9144
    0.0000  -45.0000   37.5000 9464.3066   15.8928
    7.5000  -45.0000   37.5000 9053.6367   15.8839
   -7.5000  -37.5000   37.5000 9717.3008   15.8124
    0.0000  -37.5000   37.500010150.1689   15.7961
    7.5000  -37.5000   37.5000 9713.4707   15.7875
   -7.5000  -30.0000   37.500010669.8018   15.7546
    0.0000  -30.0000   37.500011160.8408   15.7439
    7.5000  -30.0000   37.500010664.4541   15.7378
   -7.5000  -22.5000   37.500011611.3232   15.7516
    0.0000  -22.5000   37.500012136.6553   15.7423
    7.5000  -22.5000   37.500011598.9912   15.7392
   -7.5000  -15.0000   37.500012477.3857   15.7642
    0.0000  -15.0000   37.500013001.9307   15.7511
    7.5000  -15.0000   37.500012436.4883   15.7488
   -7.5000   -7.5000   37.500013205.1426   15.7794
    0.0000   -7.5000   37.500013759.4150   15.7600
    7.5000   -7.5000   37.500013166.8584   15.7545
   -7.5000    0.0000   37.500013932.6729   15.7833
    0.0000    0.0000   37.500014499.2744   15.7624
    7.5000    0.0000   37.500013884.0908   15.7540
   -7.5000    7.5000   37.500013638.2197   15.7689
    0.0000    7.5000   37.500014212.1973   15.7529
    7.5000    7.5000   37.500013567.6260   15.7445
   -7.5000   15.0000   37.500013143.7666   15.7524
    0.0000   15.0000   37.500013677.6621   15.7417
    7.5000   15.0000   37.500013064.1738   15.7356
   -7.5000   22.5000   37.500012357.9980   15.7443
    0.0000   22.5000   37.500012832.5986   15.7350
    7.5000   22.5000   37.500012284.1719   15.7319
   -7.5000   30.0000   37.500011397.0811   15.5602
    0.0000   30.0000   37.500011801.2988   15.5472
    7.5000   30.0000   37.500011296.0146   15.5450
   -7.5000   37.5000   37.500010792.0928   15.5752
    0.0000   37.5000   37.500011170.5459   15.5560
    7.5000   37.5000   37.500010684.1738   15.5506
   -7.5000   45.0000   37.5000 9812.0811   15.2133
    0.0000   45.0000   37.500010165.1650   15.1932
    7.5000   45.0000   37.5000 9708.9873   15.1850
   -7.5000  -45.0000   45.0000 8341.5859   16.0636
    0.0000  -45.0000   45.0000 8709.1436   16.0418
    7.5000  -45.0000   45.0000 8339.9365   16.0292
   -7.5000  -37.5000   45.0000 8940.0518   15.9581
    0.0000  -37.5000   45.0000 9351.8135   15.9420
    7.5000  -37.5000   45.0000 8943.1504   15.9312
   -7.5000  -30.0000   45.0000 9839.6904   15.8972
    0.0000  -30.0000   45.000010284.1641   15.8866
    7.5000  -30.0000   45.0000 9825.4893   15.8776
   -7.5000  -22.5000   45.000010708.3809   15.8930
    0.0000  -22.5000   45.000011189.6387   15.8835
    7.5000  -22.5000   45.000010684.8633   15.8749
   -7.5000  -15.0000   45.000011488.9160   15.9057
    0.0000  -15.0000   45.000012001.6006   15.8916
    7.5000  -15.0000   45.000011453.5420   15.8820
   -7.5000   -7.5000   45.000012167.6260   15.9231
    0.0000   -7.5000   45.000012698.5215   15.9027
    7.5000   -7.5000   45.000012114.3633   15.8912
   -7.5000    0.0000   45.000012800.2461   15.9289
    0.0000    0.0000   45.000013345.0605   15.9078
    7.5000    0.0000   45.000012739.4072   15.8958
   -7.5000    7.5000   45.000012490.4004   15.9132
    0.0000    7.5000   45.000013025.2070   15.8975
    7.5000    7.5000   45.000012431.0029   15.8869
   -7.5000   15.0000   45.000012074.8281   15.8948
    0.0000   15.0000   45.000012566.2402   15.8844
    7.5000   15.0000   45.000012006.6279   15.8753
   -7.5000   22.5000   45.000011395.5068   15.8856
    0.0000   22.5000   45.000011851.0254   15.8762
    7.5000   22.5000   45.000011330.9072   15.8675
   -7.5000   30.0000   45.000010493.8340   15.6984
    0.0000   30.0000   45.000010876.6162   15.6846
    7.5000   30.0000   45.000010405.9814   15.6751
   -7.5000   37.5000   45.0000 9945.2949   15.7157
    0.0000   37.5000   45.000010307.4248   15.6956
    7.5000   37.5000   45.0000 9854.1387   15.6841
   -7.5000   45.0000   45.0000 9042.5605   15.3606
    0.0000   45.0000   45.0000 9395.7168   15.3403
    7.5000   45.0000   45.0000 8974.4180   15.3287

---------------------------------------------------------------------
imgreg_4dfp /opt/freesurfer/average/711-2C_as_mni_average_305 /opt/freesurfer/average/711-2B_as_mni_average_305_mask talsrcimg_g11 none talsrcimg_to_711-2C_as_mni_average_305_t4 4355
---------------------------------------------------------------------

freesurfer imgreg_4dfp.c
/opt/freesurfer/average/711-2C_as_mni_average_305.4dfp.img
       256       256       256         1
  1.000000  1.000000  1.000000
orientation T byte_order littleendian
Reading image: /opt/freesurfer/average/711-2C_as_mni_average_305.4dfp.img
dimensions:      256       256       256
mmppix:       1.0000   -1.0000   -1.0000
center:     128.0000 -129.0000 -129.0000
/opt/freesurfer/average/711-2B_as_mni_average_305_mask.4dfp.img
       256       256       256         1
  1.000000  1.000000  1.000000
orientation T byte_order littleendian
Reading mask: /opt/freesurfer/average/711-2B_as_mni_average_305_mask.4dfp.img (2306576 pixels)
talsrcimg_g11.4dfp.img
       256       256       256         1
  1.000000  1.000000  1.000000
orientation T byte_order littleendian
Reading image: talsrcimg_g11.4dfp.img
dimensions:      256       256       256
mmppix:       1.0000   -1.0000   -1.0000
center:     128.0000 -129.0000 -129.0000
rotation matrix determinant  1.000000
image alignment mode   4355 decimal     1103 hex
   -7.5000  -45.0000  -45.0000 1997.5142   17.2004
    0.0000  -45.0000  -45.0000 1999.3871   17.1387
    7.5000  -45.0000  -45.0000 1982.7202   17.3717
   -7.5000  -37.5000  -45.0000 2099.9292   15.5967
    0.0000  -37.5000  -45.0000 2101.3901   15.5526
    7.5000  -37.5000  -45.0000 2082.4265   15.7653
   -7.5000  -30.0000  -45.0000 2184.5566   14.4226
    0.0000  -30.0000  -45.0000 2190.2358   14.4003
    7.5000  -30.0000  -45.0000 2171.3931   14.5918
   -7.5000  -22.5000  -45.0000 2243.0740   13.6111
    0.0000  -22.5000  -45.0000 2247.2012   13.5651
    7.5000  -22.5000  -45.0000 2223.7297   13.7534
   -7.5000  -15.0000  -45.0000 2282.1157   13.0697
    0.0000  -15.0000  -45.0000 2286.7527   13.0297
    7.5000  -15.0000  -45.0000 2262.2539   13.2002
   -7.5000   -7.5000  -45.0000 2298.7200   12.7560
    0.0000   -7.5000  -45.0000 2305.6006   12.6878
    7.5000   -7.5000  -45.0000 2282.0608   12.8668
   -7.5000    0.0000  -45.0000 2297.8149   12.7208
    0.0000    0.0000  -45.0000 2307.7161   12.6326
    7.5000    0.0000  -45.0000 2283.8323   12.8429
   -7.5000    7.5000  -45.0000 2288.6343   12.8852
    0.0000    7.5000  -45.0000 2296.3604   12.8313
    7.5000    7.5000  -45.0000 2270.2551   13.0294
   -7.5000   15.0000  -45.0000 2254.7529   13.3781
    0.0000   15.0000  -45.0000 2265.8660   13.2831
    7.5000   15.0000  -45.0000 2239.0002   13.4998
   -7.5000   22.5000  -45.0000 2206.9958   14.0869
    0.0000   22.5000  -45.0000 2219.7588   13.9830
    7.5000   22.5000  -45.0000 2194.2861   14.2148
   -7.5000   30.0000  -45.0000 2139.8188   15.0764
    0.0000   30.0000  -45.0000 2150.3088   14.9792
    7.5000   30.0000  -45.0000 2126.3401   15.2054
   -7.5000   37.5000  -45.0000 2056.7756   16.3951
    0.0000   37.5000  -45.0000 2064.0801   16.2932
    7.5000   37.5000  -45.0000 2039.8412   16.5532
   -7.5000   45.0000  -45.0000 1948.7393   18.1262
    0.0000   45.0000  -45.0000 1958.5850   18.0230
    7.5000   45.0000  -45.0000 1936.2242   18.3719
   -7.5000  -45.0000  -37.5000 2075.9592   15.9830
    0.0000  -45.0000  -37.5000 2076.9988   15.9358
    7.5000  -45.0000  -37.5000 2055.4863   16.1701
   -7.5000  -37.5000  -37.5000 2187.6768   14.4804
    0.0000  -37.5000  -37.5000 2190.3816   14.4549
    7.5000  -37.5000  -37.5000 2166.9834   14.6391
   -7.5000  -30.0000  -37.5000 2275.6138   13.3534
    0.0000  -30.0000  -37.5000 2282.0996   13.3323
    7.5000  -30.0000  -37.5000 2259.7456   13.5031
   -7.5000  -22.5000  -37.5000 2339.4224   12.5713
    0.0000  -22.5000  -37.5000 2346.7532   12.5385
    7.5000  -22.5000  -37.5000 2320.6362   12.6943
   -7.5000  -15.0000  -37.5000 2375.1638   12.0621
    0.0000  -15.0000  -37.5000 2383.8115   12.0187
    7.5000  -15.0000  -37.5000 2359.5527   12.1823
   -7.5000   -7.5000  -37.5000 2391.7493   11.7945
    0.0000   -7.5000  -37.5000 2402.4087   11.7473
    7.5000   -7.5000  -37.5000 2379.9194   11.9027
   -7.5000    0.0000  -37.5000 2394.9717   11.8018
    0.0000    0.0000  -37.5000 2405.2571   11.7115
    7.5000    0.0000  -37.5000 2380.4094   11.8730
   -7.5000    7.5000  -37.5000 2383.5815   11.9461
    0.0000    7.5000  -37.5000 2391.1575   11.8744
    7.5000    7.5000  -37.5000 2365.1777   12.0431
   -7.5000   15.0000  -37.5000 2350.5588   12.3593
    0.0000   15.0000  -37.5000 2364.9114   12.2626
    7.5000   15.0000  -37.5000 2337.5886   12.4601
   -7.5000   22.5000  -37.5000 2303.9827   13.0058
    0.0000   22.5000  -37.5000 2318.0559   12.9073
    7.5000   22.5000  -37.5000 2291.6169   13.1115
   -7.5000   30.0000  -37.5000 2231.5259   13.9206
    0.0000   30.0000  -37.5000 2243.4895   13.8204
    7.5000   30.0000  -37.5000 2216.8630   14.0173
   -7.5000   37.5000  -37.5000 2138.8489   15.1390
    0.0000   37.5000  -37.5000 2149.2959   15.0150
    7.5000   37.5000  -37.5000 2123.2793   15.2516
   -7.5000   45.0000  -37.5000 2027.1304   16.7720
    0.0000   45.0000  -37.5000 2037.6044   16.6340
    7.5000   45.0000  -37.5000 2011.6743   16.8901
   -7.5000  -45.0000  -30.0000 2186.5906   15.4539
    0.0000  -45.0000  -30.0000 2192.7825   15.4241
    7.5000  -45.0000  -30.0000 2168.0474   15.6518
   -7.5000  -37.5000  -30.0000 2305.6355   13.9784
    0.0000  -37.5000  -30.0000 2311.7551   13.9501
    7.5000  -37.5000  -30.0000 2286.3892   14.1424
   -7.5000  -30.0000  -30.0000 2406.8223   12.8314
    0.0000  -30.0000  -30.0000 2411.4019   12.8035
    7.5000  -30.0000  -30.0000 2386.4607   12.9707
   -7.5000  -22.5000  -30.0000 2478.5381   12.0390
    0.0000  -22.5000  -30.0000 2482.9834   12.0116
    7.5000  -22.5000  -30.0000 2454.7644   12.1515
   -7.5000  -15.0000  -30.0000 2518.3611   11.5672
    0.0000  -15.0000  -30.0000 2521.8203   11.5289
    7.5000  -15.0000  -30.0000 2498.2954   11.6490
   -7.5000   -7.5000  -30.0000 2539.3911   11.3127
    0.0000   -7.5000  -30.0000 2548.9309   11.2710
    7.5000   -7.5000  -30.0000 2520.8176   11.4062
   -7.5000    0.0000  -30.0000 2540.2202   11.3267
    0.0000    0.0000  -30.0000 2549.8801   11.2644
    7.5000    0.0000  -30.0000 2524.5669   11.3961
   -7.5000    7.5000  -30.0000 2528.9246   11.4761
    0.0000    7.5000  -30.0000 2540.6045   11.4043
    7.5000    7.5000  -30.0000 2512.9639   11.5432
   -7.5000   15.0000  -30.0000 2500.7471   11.8363
    0.0000   15.0000  -30.0000 2514.4026   11.7597
    7.5000   15.0000  -30.0000 2485.1982   11.9246
   -7.5000   22.5000  -30.0000 2449.6497   12.4595
    0.0000   22.5000  -30.0000 2462.3848   12.3562
    7.5000   22.5000  -30.0000 2433.1328   12.5365
   -7.5000   30.0000  -30.0000 2366.3279   13.3371
    0.0000   30.0000  -30.0000 2379.3479   13.2223
    7.5000   30.0000  -30.0000 2350.3708   13.4158
   -7.5000   37.5000  -30.0000 2261.1074   14.4808
    0.0000   37.5000  -30.0000 2274.0286   14.3759
    7.5000   37.5000  -30.0000 2246.9553   14.5849
   -7.5000   45.0000  -30.0000 2138.6533   16.0354
    0.0000   45.0000  -30.0000 2150.7839   15.9125
    7.5000   45.0000  -30.0000 2126.1880   16.1417
   -7.5000  -45.0000  -22.5000 2271.9634   14.8098
    0.0000  -45.0000  -22.5000 2277.2791   14.7811
    7.5000  -45.0000  -22.5000 2257.3474   15.0203
   -7.5000  -37.5000  -22.5000 2396.4929   13.3385
    0.0000  -37.5000  -22.5000 2401.4956   13.3177
    7.5000  -37.5000  -22.5000 2378.4431   13.5089
   -7.5000  -30.0000  -22.5000 2502.6765   12.2134
    0.0000  -30.0000  -22.5000 2505.8867   12.1741
    7.5000  -30.0000  -22.5000 2479.6187   12.3469
   -7.5000  -22.5000  -22.5000 2581.4387   11.4333
    0.0000  -22.5000  -22.5000 2585.1392   11.3853
    7.5000  -22.5000  -22.5000 2560.7258   11.5232
   -7.5000  -15.0000  -22.5000 2633.0391   10.9485
    0.0000  -15.0000  -22.5000 2637.5725   10.9059
    7.5000  -15.0000  -22.5000 2613.8823   11.0266
   -7.5000   -7.5000  -22.5000 2664.5730   10.7141
    0.0000   -7.5000  -22.5000 2675.1184   10.6712
    7.5000   -7.5000  -22.5000 2639.6948   10.7985
   -7.5000    0.0000  -22.5000 2670.8357   10.7213
    0.0000    0.0000  -22.5000 2682.7161   10.6706
    7.5000    0.0000  -22.5000 2650.0938   10.7836
   -7.5000    7.5000  -22.5000 2662.1113   10.8909
    0.0000    7.5000  -22.5000 2674.6809   10.8317
    7.5000    7.5000  -22.5000 2641.6501   10.9396
   -7.5000   15.0000  -22.5000 2627.3232   11.2637
    0.0000   15.0000  -22.5000 2641.7686   11.1855
    7.5000   15.0000  -22.5000 2608.5381   11.3088
   -7.5000   22.5000  -22.5000 2566.2312   11.8414
    0.0000   22.5000  -22.5000 2582.8657   11.7513
    7.5000   22.5000  -22.5000 2550.6284   11.8889
   -7.5000   30.0000  -22.5000 2475.7539   12.6608
    0.0000   30.0000  -22.5000 2491.0259   12.5528
    7.5000   30.0000  -22.5000 2459.0059   12.7124
   -7.5000   37.5000  -22.5000 2361.6838   13.7456
    0.0000   37.5000  -22.5000 2375.7754   13.6427
    7.5000   37.5000  -22.5000 2347.0920   13.8156
   -7.5000   45.0000  -22.5000 2232.0244   15.2095
    0.0000   45.0000  -22.5000 2242.5088   15.1058
    7.5000   45.0000  -22.5000 2216.1660   15.3162
   -7.5000  -45.0000  -15.0000 2327.7170   14.2230
    0.0000  -45.0000  -15.0000 2334.0454   14.1466
    7.5000  -45.0000  -15.0000 2313.6702   14.4023
   -7.5000  -37.5000  -15.0000 2456.3047   12.7672
    0.0000  -37.5000  -15.0000 2461.8164   12.7072
    7.5000  -37.5000  -15.0000 2435.4822   12.9211
   -7.5000  -30.0000  -15.0000 2566.7295   11.6411
    0.0000  -30.0000  -15.0000 2570.8184   11.6013
    7.5000  -30.0000  -15.0000 2544.9424   11.7855
   -7.5000  -22.5000  -15.0000 2656.6394   10.8650
    0.0000  -22.5000  -15.0000 2661.5708   10.8288
    7.5000  -22.5000  -15.0000 2636.0815   10.9602
   -7.5000  -15.0000  -15.0000 2715.0432   10.3686
    0.0000  -15.0000  -15.0000 2724.3308   10.3267
    7.5000  -15.0000  -15.0000 2699.1594   10.4532
   -7.5000   -7.5000  -15.0000 2760.1726   10.1250
    0.0000   -7.5000  -15.0000 2773.1956   10.0713
    7.5000   -7.5000  -15.0000 2734.7432   10.1912
   -7.5000    0.0000  -15.0000 2775.5828   10.1021
    0.0000    0.0000  -15.0000 2790.6799   10.0402
    7.5000    0.0000  -15.0000 2750.7866   10.1504
   -7.5000    7.5000  -15.0000 2766.7346   10.3075
    0.0000    7.5000  -15.0000 2785.0564   10.2487
    7.5000    7.5000  -15.0000 2746.5859   10.3334
   -7.5000   15.0000  -15.0000 2726.9561   10.7017
    0.0000   15.0000  -15.0000 2745.2275   10.6246
    7.5000   15.0000  -15.0000 2707.6311   10.7018
   -7.5000   22.5000  -15.0000 2659.9534   11.2433
    0.0000   22.5000  -15.0000 2678.4568   11.1523
    7.5000   22.5000  -15.0000 2640.4277   11.2660
   -7.5000   30.0000  -15.0000 2561.4355   12.0049
    0.0000   30.0000  -15.0000 2576.6218   11.9075
    7.5000   30.0000  -15.0000 2544.2009   12.0488
   -7.5000   37.5000  -15.0000 2437.8884   13.0563
    0.0000   37.5000  -15.0000 2450.9478   12.9665
    7.5000   37.5000  -15.0000 2420.2737   13.1247
   -7.5000   45.0000  -15.0000 2298.3884   14.4704
    0.0000   45.0000  -15.0000 2309.6885   14.3749
    7.5000   45.0000  -15.0000 2285.6741   14.5686
   -7.5000  -45.0000   -7.5000 2362.0098   13.7349
    0.0000  -45.0000   -7.5000 2370.1272   13.6461
    7.5000  -45.0000   -7.5000 2344.6028   13.9057
   -7.5000  -37.5000   -7.5000 2493.6965   12.2955
    0.0000  -37.5000   -7.5000 2498.3081   12.2232
    7.5000  -37.5000   -7.5000 2471.2134   12.4519
   -7.5000  -30.0000   -7.5000 2610.3972   11.1778
    0.0000  -30.0000   -7.5000 2617.5151   11.1278
    7.5000  -30.0000   -7.5000 2590.9443   11.3205
   -7.5000  -22.5000   -7.5000 2709.7617   10.3785
    0.0000  -22.5000   -7.5000 2719.9553   10.3377
    7.5000  -22.5000   -7.5000 2691.0999   10.4958
   -7.5000  -15.0000   -7.5000 2780.1606    9.8732
    0.0000  -15.0000   -7.5000 2792.4084    9.8149
    7.5000  -15.0000   -7.5000 2761.2827    9.9680
   -7.5000   -7.5000   -7.5000 2834.9092    9.6046
    0.0000   -7.5000   -7.5000 2848.8186    9.5390
    7.5000   -7.5000   -7.5000 2807.5891    9.6883
   -7.5000    0.0000   -7.5000 2859.5706    9.5551
    0.0000    0.0000   -7.5000 2881.4880    9.4945
    7.5000    0.0000   -7.5000 2836.9668    9.6172
   -7.5000    7.5000   -7.5000 2854.5222    9.7985
    0.0000    7.5000   -7.5000 2876.1230    9.7283
    7.5000    7.5000   -7.5000 2832.0952    9.8165
   -7.5000   15.0000   -7.5000 2806.2419   10.1736
    0.0000   15.0000   -7.5000 2827.5613   10.0995
    7.5000   15.0000   -7.5000 2787.7910   10.1855
   -7.5000   22.5000   -7.5000 2729.2695   10.7006
    0.0000   22.5000   -7.5000 2747.9866   10.6182
    7.5000   22.5000   -7.5000 2712.0549   10.7206
   -7.5000   30.0000   -7.5000 2620.9863   11.4449
    0.0000   30.0000   -7.5000 2635.3235   11.3557
    7.5000   30.0000   -7.5000 2604.7532   11.4962
   -7.5000   37.5000   -7.5000 2489.5566   12.4774
    0.0000   37.5000   -7.5000 2503.8303   12.3947
    7.5000   37.5000   -7.5000 2470.5728   12.5652
   -7.5000   45.0000   -7.5000 2344.8550   13.8570
    0.0000   45.0000   -7.5000 2357.4407   13.7677
    7.5000   45.0000   -7.5000 2327.4688   13.9603
   -7.5000  -45.0000    0.0000 2376.5264   13.4517
    0.0000  -45.0000    0.0000 2381.9297   13.3894
    7.5000  -45.0000    0.0000 2358.2097   13.6621
   -7.5000  -37.5000    0.0000 2506.3323   12.0329
    0.0000  -37.5000    0.0000 2513.7043   11.9553
    7.5000  -37.5000    0.0000 2489.0549   12.2114
   -7.5000  -30.0000    0.0000 2627.8428   10.9000
    0.0000  -30.0000    0.0000 2641.1104   10.8296
    7.5000  -30.0000    0.0000 2610.6685   11.0448
   -7.5000  -22.5000    0.0000 2739.7263   10.0735
    0.0000  -22.5000    0.0000 2750.3235   10.0047
    7.5000  -22.5000    0.0000 2721.7559   10.1930
   -7.5000  -15.0000    0.0000 2826.8545    9.5356
    0.0000  -15.0000    0.0000 2842.2202    9.4535
    7.5000  -15.0000    0.0000 2807.5352    9.6357
   -7.5000   -7.5000    0.0000 2892.4502    9.2477
    0.0000   -7.5000    0.0000 2912.4187    9.1690
    7.5000   -7.5000    0.0000 2868.9050    9.3351
   -7.5000    0.0000    0.0000 2935.1365    9.1755
    0.0000    0.0000    0.0000 2963.1526    9.1042
    7.5000    0.0000    0.0000 2906.9548    9.2630
   -7.5000    7.5000    0.0000 2926.3103    9.4153
    0.0000    7.5000    0.0000 2956.3159    9.3392
    7.5000    7.5000    0.0000 2901.2307    9.4800
   -7.5000   15.0000    0.0000 2868.0437    9.7625
    0.0000   15.0000    0.0000 2891.4338    9.6980
    7.5000   15.0000    0.0000 2848.0947    9.8289
   -7.5000   22.5000    0.0000 2777.8311   10.2940
    0.0000   22.5000    0.0000 2802.3230   10.2210
    7.5000   22.5000    0.0000 2759.8335   10.3670
   -7.5000   30.0000    0.0000 2658.9924   11.0549
    0.0000   30.0000    0.0000 2679.7231   10.9838
    7.5000   30.0000    0.0000 2641.1021   11.1450
   -7.5000   37.5000    0.0000 2521.4509   12.1117
    0.0000   37.5000    0.0000 2534.2190   12.0472
    7.5000   37.5000    0.0000 2502.1157   12.2291
   -7.5000   45.0000    0.0000 2374.7097   13.4601
    0.0000   45.0000    0.0000 2385.9243   13.3980
    7.5000   45.0000    0.0000 2355.1790   13.6015
   -7.5000  -45.0000    7.5000 2374.1138   13.3827
    0.0000  -45.0000    7.5000 2383.9917   13.2954
    7.5000  -45.0000    7.5000 2359.8611   13.5868
   -7.5000  -37.5000    7.5000 2504.2996   11.9287
    0.0000  -37.5000    7.5000 2516.0015   11.8525
    7.5000  -37.5000    7.5000 2490.2986   12.1123
   -7.5000  -30.0000    7.5000 2630.6697   10.7933
    0.0000  -30.0000    7.5000 2642.7634   10.6989
    7.5000  -30.0000    7.5000 2612.1677   10.9342
   -7.5000  -22.5000    7.5000 2746.5498    9.9328
    0.0000  -22.5000    7.5000 2761.5286    9.8447
    7.5000  -22.5000    7.5000 2731.3533   10.0735
   -7.5000  -15.0000    7.5000 2846.9702    9.3738
    0.0000  -15.0000    7.5000 2868.0322    9.2626
    7.5000  -15.0000    7.5000 2827.9802    9.4799
   -7.5000   -7.5000    7.5000 2932.7053    9.0724
    0.0000   -7.5000    7.5000 2958.7747    8.9568
    7.5000   -7.5000    7.5000 2907.1511    9.1572
   -7.5000    0.0000    7.5000 2985.7961    8.9634
    0.0000    0.0000    7.5000 3023.1594    8.8886
    7.5000    0.0000    7.5000 2956.5476    9.0834
   -7.5000    7.5000    7.5000 2974.5642    9.1606
    0.0000    7.5000    7.5000 3010.2275    9.1048
    7.5000    7.5000    7.5000 2945.7036    9.3077
   -7.5000   15.0000    7.5000 2898.2871    9.5378
    0.0000   15.0000    7.5000 2925.3818    9.4865
    7.5000   15.0000    7.5000 2877.5591    9.6739
   -7.5000   22.5000    7.5000 2799.0942   10.0622
    0.0000   22.5000    7.5000 2824.9568   10.0028
    7.5000   22.5000    7.5000 2784.7129   10.1882
   -7.5000   30.0000    7.5000 2675.3232   10.8473
    0.0000   30.0000    7.5000 2696.3774   10.7873
    7.5000   30.0000    7.5000 2661.3413   10.9809
   -7.5000   37.5000    7.5000 2536.4370   11.9081
    0.0000   37.5000    7.5000 2550.5977   11.8498
    7.5000   37.5000    7.5000 2522.3296   12.0509
   -7.5000   45.0000    7.5000 2381.4644   13.2296
    0.0000   45.0000    7.5000 2397.4951   13.1687
    7.5000   45.0000    7.5000 2369.3015   13.3949
   -7.5000  -45.0000   15.0000 2360.0020   13.4901
    0.0000  -45.0000   15.0000 2376.8728   13.3940
    7.5000  -45.0000   15.0000 2349.8599   13.6770
   -7.5000  -37.5000   15.0000 2489.7722   11.9940
    0.0000  -37.5000   15.0000 2505.4719   11.9161
    7.5000  -37.5000   15.0000 2477.8887   12.1659
   -7.5000  -30.0000   15.0000 2616.6226   10.8390
    0.0000  -30.0000   15.0000 2628.1455   10.7399
    7.5000  -30.0000   15.0000 2600.1416   10.9819
   -7.5000  -22.5000   15.0000 2737.5720    9.9534
    0.0000  -22.5000   15.0000 2753.4937    9.8594
    7.5000  -22.5000   15.0000 2722.1116   10.0915
   -7.5000  -15.0000   15.0000 2844.8413    9.3598
    0.0000  -15.0000   15.0000 2865.6321    9.2477
    7.5000  -15.0000   15.0000 2829.1877    9.4894
   -7.5000   -7.5000   15.0000 2938.4023    9.0064
    0.0000   -7.5000   15.0000 2967.3408    8.9022
    7.5000   -7.5000   15.0000 2919.8569    9.1439
   -7.5000    0.0000   15.0000 2993.5928    8.9185
    0.0000    0.0000   15.0000 3032.8057    8.8216
    7.5000    0.0000   15.0000 2971.6782    9.0664
   -7.5000    7.5000   15.0000 2974.6621    9.1195
    0.0000    7.5000   15.0000 3012.4719    9.0424
    7.5000    7.5000   15.0000 2956.3652    9.2821
   -7.5000   15.0000   15.0000 2898.9285    9.4586
    0.0000   15.0000   15.0000 2927.2627    9.4046
    7.5000   15.0000   15.0000 2884.5569    9.6186
   -7.5000   22.5000   15.0000 2795.2058    9.9982
    0.0000   22.5000   15.0000 2819.5190    9.9357
    7.5000   22.5000   15.0000 2785.9778   10.1605
   -7.5000   30.0000   15.0000 2670.5688   10.7838
    0.0000   30.0000   15.0000 2691.5457   10.7195
    7.5000   30.0000   15.0000 2661.5676   10.9378
   -7.5000   37.5000   15.0000 2533.8882   11.8141
    0.0000   37.5000   15.0000 2550.9399   11.7657
    7.5000   37.5000   15.0000 2523.6313   11.9957
   -7.5000   45.0000   15.0000 2377.5044   13.1303
    0.0000   45.0000   15.0000 2394.1943   13.0920
    7.5000   45.0000   15.0000 2370.5752   13.3319
   -7.5000  -45.0000   22.5000 2345.8459   13.7184
    0.0000  -45.0000   22.5000 2364.4097   13.6114
    7.5000  -45.0000   22.5000 2338.1643   13.8439
   -7.5000  -37.5000   22.5000 2469.7815   12.2013
    0.0000  -37.5000   22.5000 2489.0542   12.1173
    7.5000  -37.5000   22.5000 2461.5020   12.3223
   -7.5000  -30.0000   22.5000 2592.0012   11.0353
    0.0000  -30.0000   22.5000 2609.0811   10.9242
    7.5000  -30.0000   22.5000 2581.4292   11.1403
   -7.5000  -22.5000   22.5000 2708.5493   10.1479
    0.0000  -22.5000   22.5000 2731.0686   10.0423
    7.5000  -22.5000   22.5000 2700.9812   10.2640
   -7.5000  -15.0000   22.5000 2814.6440    9.5446
    0.0000  -15.0000   22.5000 2838.4419    9.4369
    7.5000  -15.0000   22.5000 2810.3845    9.6577
   -7.5000   -7.5000   22.5000 2902.3042    9.1826
    0.0000   -7.5000   22.5000 2939.6453    9.0749
    7.5000   -7.5000   22.5000 2898.8350    9.3042
   -7.5000    0.0000   22.5000 2954.7847    9.1144
    0.0000    0.0000   22.5000 2989.4109    9.0191
    7.5000    0.0000   22.5000 2944.6221    9.2556
   -7.5000    7.5000   22.5000 2934.5962    9.2898
    0.0000    7.5000   22.5000 2974.0247    9.2191
    7.5000    7.5000   22.5000 2928.7869    9.4361
   -7.5000   15.0000   22.5000 2864.8049    9.6158
    0.0000   15.0000   22.5000 2899.8193    9.5493
    7.5000   15.0000   22.5000 2864.3003    9.7667
   -7.5000   22.5000   22.5000 2762.4980   10.1695
    0.0000   22.5000   22.5000 2788.1301   10.0972
    7.5000   22.5000   22.5000 2762.7773   10.3096
   -7.5000   30.0000   22.5000 2644.9116   10.9188
    0.0000   30.0000   22.5000 2665.6438   10.8369
    7.5000   30.0000   22.5000 2643.2825   11.0587
   -7.5000   37.5000   22.5000 2512.6655   11.9098
    0.0000   37.5000   22.5000 2527.3582   11.8497
    7.5000   37.5000   22.5000 2507.5625   12.0770
   -7.5000   45.0000   22.5000 2360.8381   13.1984
    0.0000   45.0000   22.5000 2375.1543   13.1415
    7.5000   45.0000   22.5000 2354.5010   13.3710
   -7.5000  -45.0000   30.0000 2321.0044   14.1016
    0.0000  -45.0000   30.0000 2338.8711   13.9773
    7.5000  -45.0000   30.0000 2316.4785   14.1750
   -7.5000  -37.5000   30.0000 2444.8599   12.5627
    0.0000  -37.5000   30.0000 2463.2261   12.4502
    7.5000  -37.5000   30.0000 2439.5830   12.6388
   -7.5000  -30.0000   30.0000 2558.1448   11.3965
    0.0000  -30.0000   30.0000 2579.5403   11.2892
    7.5000  -30.0000   30.0000 2553.9341   11.4707
   -7.5000  -22.5000   30.0000 2667.9531   10.5283
    0.0000  -22.5000   30.0000 2694.9326   10.4218
    7.5000  -22.5000   30.0000 2672.8191   10.6202
   -7.5000  -15.0000   30.0000 2764.6802    9.9400
    0.0000  -15.0000   30.0000 2792.5005    9.8456
    7.5000  -15.0000   30.0000 2774.1274   10.0264
   -7.5000   -7.5000   30.0000 2842.1299    9.5993
    0.0000   -7.5000   30.0000 2878.4895    9.4617
    7.5000   -7.5000   30.0000 2850.6104    9.6749
   -7.5000    0.0000   30.0000 2881.3811    9.5323
    0.0000    0.0000   30.0000 2911.2590    9.4379
    7.5000    0.0000   30.0000 2885.1221    9.6243
   -7.5000    7.5000   30.0000 2859.6433    9.6830
    0.0000    7.5000   30.0000 2894.2603    9.6149
    7.5000    7.5000   30.0000 2865.7388    9.7799
   -7.5000   15.0000   30.0000 2797.5513   10.0189
    0.0000   15.0000   30.0000 2831.5396    9.9315
    7.5000   15.0000   30.0000 2805.5342   10.1134
   -7.5000   22.5000   30.0000 2705.5574   10.5553
    0.0000   22.5000   30.0000 2732.5166   10.4657
    7.5000   22.5000   30.0000 2712.4580   10.6445
   -7.5000   30.0000   30.0000 2594.9348   11.2750
    0.0000   30.0000   30.0000 2616.4880   11.1904
    7.5000   30.0000   30.0000 2597.9565   11.3653
   -7.5000   37.5000   30.0000 2467.8000   12.2449
    0.0000   37.5000   30.0000 2487.1575   12.1463
    7.5000   37.5000   30.0000 2468.3535   12.3457
   -7.5000   45.0000   30.0000 2322.2327   13.4684
    0.0000   45.0000   30.0000 2337.3271   13.3839
    7.5000   45.0000   30.0000 2319.9932   13.5920
   -7.5000  -45.0000   37.5000 2284.9592   14.6730
    0.0000  -45.0000   37.5000 2301.9780   14.5104
    7.5000  -45.0000   37.5000 2282.4402   14.7084
   -7.5000  -37.5000   37.5000 2405.7053   13.1232
    0.0000  -37.5000   37.5000 2423.9336   12.9910
    7.5000  -37.5000   37.5000 2404.5752   13.1844
   -7.5000  -30.0000   37.5000 2509.3967   11.9769
    0.0000  -30.0000   37.5000 2534.7971   11.8574
    7.5000  -30.0000   37.5000 2512.3611   12.0334
   -7.5000  -22.5000   37.5000 2615.5369   11.1238
    0.0000  -22.5000   37.5000 2645.9639   11.0180
    7.5000  -22.5000   37.5000 2625.2898   11.1765
   -7.5000  -15.0000   37.5000 2708.3926   10.5330
    0.0000  -15.0000   37.5000 2740.4968   10.4178
    7.5000  -15.0000   37.5000 2719.7627   10.5729
   -7.5000   -7.5000   37.5000 2764.1572   10.1813
    0.0000   -7.5000   37.5000 2801.4075   10.0595
    7.5000   -7.5000   37.5000 2777.8674   10.2262
   -7.5000    0.0000   37.5000 2788.3806   10.1034
    0.0000    0.0000   37.5000 2818.0791   10.0076
    7.5000    0.0000   37.5000 2802.8694   10.1556
   -7.5000    7.5000   37.5000 2770.1399   10.2149
    0.0000    7.5000   37.5000 2804.2410   10.1387
    7.5000    7.5000   37.5000 2782.7693   10.2693
   -7.5000   15.0000   37.5000 2712.6045   10.5694
    0.0000   15.0000   37.5000 2744.6133   10.4563
    7.5000   15.0000   37.5000 2722.2153   10.6117
   -7.5000   22.5000   37.5000 2625.8394   11.1206
    0.0000   22.5000   37.5000 2651.6541   11.0244
    7.5000   22.5000   37.5000 2635.6980   11.1658
   -7.5000   30.0000   37.5000 2523.7710   11.8401
    0.0000   30.0000   37.5000 2545.6064   11.7514
    7.5000   30.0000   37.5000 2530.9636   11.9024
   -7.5000   37.5000   37.5000 2406.2676   12.7661
    0.0000   37.5000   37.5000 2424.8862   12.6585
    7.5000   37.5000   37.5000 2412.5647   12.8173
   -7.5000   45.0000   37.5000 2269.1045   13.9487
    0.0000   45.0000   37.5000 2286.2322   13.8621
    7.5000   45.0000   37.5000 2273.5322   14.0161
   -7.5000  -45.0000   45.0000 2229.5764   15.5066
    0.0000  -45.0000   45.0000 2246.2280   15.3073
    7.5000  -45.0000   45.0000 2230.1396   15.5064
   -7.5000  -37.5000   45.0000 2342.7759   13.9521
    0.0000  -37.5000   45.0000 2366.8389   13.7946
    7.5000  -37.5000   45.0000 2348.6155   13.9687
   -7.5000  -30.0000   45.0000 2448.7415   12.7757
    0.0000  -30.0000   45.0000 2474.4885   12.6431
    7.5000  -30.0000   45.0000 2454.6331   12.7713
   -7.5000  -22.5000   45.0000 2551.0305   11.8830
    0.0000  -22.5000   45.0000 2580.3359   11.7676
    7.5000  -22.5000   45.0000 2563.0911   11.8962
   -7.5000  -15.0000   45.0000 2630.9229   11.2635
    0.0000  -15.0000   45.0000 2666.5959   11.1649
    7.5000  -15.0000   45.0000 2646.4817   11.2825
   -7.5000   -7.5000   45.0000 2678.2915   10.9200
    0.0000   -7.5000   45.0000 2713.0854   10.8238
    7.5000   -7.5000   45.0000 2694.6555   10.9306
   -7.5000    0.0000   45.0000 2686.6575   10.8339
    0.0000    0.0000   45.0000 2718.4121   10.7417
    7.5000    0.0000   45.0000 2702.8848   10.8369
   -7.5000    7.5000   45.0000 2666.9680   10.8828
    0.0000    7.5000   45.0000 2694.8040   10.8067
    7.5000    7.5000   45.0000 2681.6880   10.9031
   -7.5000   15.0000   45.0000 2618.7112   11.2293
    0.0000   15.0000   45.0000 2640.5833   11.1339
    7.5000   15.0000   45.0000 2628.1782   11.2520
   -7.5000   22.5000   45.0000 2543.9343   11.7725
    0.0000   22.5000   45.0000 2566.0256   11.6980
    7.5000   22.5000   45.0000 2553.0325   11.8166
   -7.5000   30.0000   45.0000 2446.1804   12.5075
    0.0000   30.0000   45.0000 2462.5200   12.4125
    7.5000   30.0000   45.0000 2452.8411   12.5452
   -7.5000   37.5000   45.0000 2339.6926   13.4157
    0.0000   37.5000   45.0000 2354.8672   13.3237
    7.5000   37.5000   45.0000 2345.4233   13.4448
   -7.5000   45.0000   45.0000 2208.3865   14.6056
    0.0000   45.0000   45.0000 2226.1123   14.5173
    7.5000   45.0000   45.0000 2212.8567   14.6488

---------------------------------------------------------------------
imgreg_4dfp /opt/freesurfer/average/711-2C_as_mni_average_305 /opt/freesurfer/average/711-2B_as_mni_average_305_mask talsrcimg_g11 none talsrcimg_to_711-2C_as_mni_average_305_t4 1283
---------------------------------------------------------------------

freesurfer imgreg_4dfp.c
/opt/freesurfer/average/711-2C_as_mni_average_305.4dfp.img
       256       256       256         1
  1.000000  1.000000  1.000000
orientation T byte_order littleendian
Reading image: /opt/freesurfer/average/711-2C_as_mni_average_305.4dfp.img
dimensions:      256       256       256
mmppix:       1.0000   -1.0000   -1.0000
center:     128.0000 -129.0000 -129.0000
/opt/freesurfer/average/711-2B_as_mni_average_305_mask.4dfp.img
       256       256       256         1
  1.000000  1.000000  1.000000
orientation T byte_order littleendian
Reading mask: /opt/freesurfer/average/711-2B_as_mni_average_305_mask.4dfp.img (2306576 pixels)
talsrcimg_g11.4dfp.img
       256       256       256         1
  1.000000  1.000000  1.000000
orientation T byte_order littleendian
Reading image: talsrcimg_g11.4dfp.img
dimensions:      256       256       256
mmppix:       1.0000   -1.0000   -1.0000
center:     128.0000 -129.0000 -129.0000
rotation matrix determinant  1.000000
fimgreg.f
image alignment mode   1283 decimal      503 hex
parameters
    0.0000    0.0000   15.0000    0.0000    0.0000    0.0000
eta,q 0.95196  8.79421
niter,ni,del,rscale     5    3   12.0000    1.2000
parameter  4  0.875929 ->  0.500000 qaram    1.1500
parameters
   -1.0884    1.0598   12.8272   -3.4500   -1.5212   -2.6152
eta,q 0.95649  8.69687
  0.0569  0.0606  0.0506  0.0450  0.0481  0.0451
  0.0511  0.0532  0.0479  0.0446  0.0458  0.0437
  0.0479  0.0487  0.0470  0.0455  0.0445  0.0436
  0.0485  0.0477  0.0479  0.0469  0.0448  0.0445
  0.0519  0.0483  0.0512  0.0484  0.0466  0.0462
  0.0580  0.0497  0.0568  0.0508  0.0504  0.0487
  0.0649  0.0530  0.0621  0.0535  0.0546  0.0518
niter,ni,del,rscale     5    3   12.0000    1.2000
parameters
   -1.1741    2.8728   12.2183   -6.3789   -1.8783   -2.6202
eta,q 0.95873  8.76450
  0.0564  0.0577  0.0504  0.0448  0.0480  0.0464
  0.0494  0.0504  0.0475  0.0410  0.0444  0.0441
  0.0451  0.0450  0.0449  0.0419  0.0419  0.0420
  0.0435  0.0435  0.0439  0.0440  0.0413  0.0413
  0.0448  0.0439  0.0449  0.0454  0.0426  0.0420
  0.0501  0.0441  0.0488  0.0473  0.0456  0.0439
  0.0571  0.0463  0.0552  0.0508  0.0497  0.0466
niter,ni,del,rscale     4    3   12.0000    1.2000
parameters
   -0.8730    4.1401   11.7886   -6.8870   -1.8712   -2.7564
eta,q 0.95969  8.77673
  0.0571  0.0547  0.0489  0.0479  0.0475  0.0454
  0.0496  0.0494  0.0449  0.0429  0.0442  0.0430
  0.0439  0.0440  0.0418  0.0395  0.0415  0.0409
  0.0413  0.0412  0.0409  0.0409  0.0403  0.0403
  0.0425  0.0410  0.0423  0.0434  0.0411  0.0414
  0.0477  0.0429  0.0463  0.0456  0.0438  0.0433
  0.0545  0.0473  0.0521  0.0481  0.0478  0.0457
niter,ni,del,rscale     3    3   12.0000    1.2000
parameters
   -0.7771    4.4239   11.6643   -7.1432   -1.8634   -2.7733
eta,q 0.95990  8.78228
  0.0553  0.0521  0.0493  0.0484  0.0472  0.0455
  0.0482  0.0466  0.0451  0.0434  0.0440  0.0430
  0.0426  0.0418  0.0416  0.0395  0.0413  0.0408
  0.0403  0.0403  0.0403  0.0403  0.0401  0.0401
  0.0422  0.0414  0.0415  0.0428  0.0409  0.0411
  0.0476  0.0448  0.0452  0.0452  0.0436  0.0431
  0.0544  0.0503  0.0505  0.0479  0.0476  0.0454
niter,ni,del,rscale     2    3   12.0000    1.2000
parameters
   -0.7565    4.5528   11.6163   -7.2573   -1.8589   -2.7744
eta,q 0.95997  8.78446
  0.0548  0.0517  0.0494  0.0487  0.0471  0.0455
  0.0478  0.0463  0.0451  0.0438  0.0439  0.0430
  0.0422  0.0413  0.0415  0.0396  0.0413  0.0407
  0.0401  0.0401  0.0401  0.0401  0.0400  0.0400
  0.0422  0.0415  0.0413  0.0425  0.0408  0.0411
  0.0477  0.0453  0.0449  0.0450  0.0435  0.0430
  0.0545  0.0508  0.0501  0.0478  0.0475  0.0453
niter,ni,del,rscale     1    3   12.0000    1.2000
parameters
   -0.7478    4.6121   11.5969   -7.3087   -1.8591   -2.7739
eta,q 0.96000  8.78537
  0.0547  0.0516  0.0494  0.0488  0.0471  0.0455
  0.0477  0.0461  0.0451  0.0440  0.0438  0.0429
  0.0421  0.0411  0.0415  0.0397  0.0412  0.0407
  0.0400  0.0400  0.0400  0.0400  0.0400  0.0400
  0.0422  0.0416  0.0413  0.0424  0.0408  0.0410
  0.0476  0.0455  0.0448  0.0449  0.0435  0.0430
  0.0545  0.0511  0.0499  0.0477  0.0474  0.0453
registration optimization eta report
parameter search radius
    6.0000    6.0000    6.0000    6.9000    6.0000    6.0000
100000*second partial in parameter space
       40.       31.       26.       17.       20.       14.
  0.0547  0.0516  0.0494  0.0488  0.0471  0.0455
  0.0477  0.0461  0.0451  0.0440  0.0438  0.0429
  0.0421  0.0411  0.0415  0.0397  0.0412  0.0407
  0.0400  0.0400  0.0400  0.0400  0.0400  0.0400
  0.0422  0.0416  0.0413  0.0424  0.0408  0.0410
  0.0476  0.0455  0.0448  0.0449  0.0435  0.0430
  0.0545  0.0511  0.0499  0.0477  0.0474  0.0453
   -0.7478    4.6121   11.5969   -7.3087   -1.8591   -2.7739
eta,q 0.96000  8.78537

---------------------------------------------------------------------
imgreg_4dfp /opt/freesurfer/average/711-2C_as_mni_average_305 /opt/freesurfer/average/711-2B_as_mni_average_305_mask talsrcimg_g11 none talsrcimg_to_711-2C_as_mni_average_305_t4 3335
---------------------------------------------------------------------

freesurfer imgreg_4dfp.c
/opt/freesurfer/average/711-2C_as_mni_average_305.4dfp.img
       256       256       256         1
  1.000000  1.000000  1.000000
orientation T byte_order littleendian
Reading image: /opt/freesurfer/average/711-2C_as_mni_average_305.4dfp.img
dimensions:      256       256       256
mmppix:       1.0000   -1.0000   -1.0000
center:     128.0000 -129.0000 -129.0000
/opt/freesurfer/average/711-2B_as_mni_average_305_mask.4dfp.img
       256       256       256         1
  1.000000  1.000000  1.000000
orientation T byte_order littleendian
Reading mask: /opt/freesurfer/average/711-2B_as_mni_average_305_mask.4dfp.img (2306576 pixels)
talsrcimg_g11.4dfp.img
       256       256       256         1
  1.000000  1.000000  1.000000
orientation T byte_order littleendian
Reading image: talsrcimg_g11.4dfp.img
dimensions:      256       256       256
mmppix:       1.0000   -1.0000   -1.0000
center:     128.0000 -129.0000 -129.0000
fimgreg.f
image alignment mode   3335 decimal      D07 hex
parameters
   -0.7478    4.6121   11.5969   -0.1697   -0.9087   -0.8647
    4.3879    3.8297   -4.8369   12.5508   -3.2441  -12.7148
eta,q 0.96139  8.82295
niter,ni,del,rscale     5    3    5.0000    1.2000
parameter  4  1.476762 ->  0.500000 qaram    1.1500
parameter  5  1.900069 ->  0.500000 qaram    1.1500
parameter  6  0.686627 ->  0.500000 qaram    1.1500
parameter 10  0.566343 ->  0.500000 qaram    1.1500
parameter 12  0.675936 ->  0.500000 qaram    1.1500
parameters
   -0.6422    4.8037   11.2544   -4.3097   -5.0487   -5.0047
    3.0242    5.6106   -1.8434    8.4108   -1.3160  -16.8548
eta,q 0.97367  8.23541
  0.0416  0.0404  0.0398  0.0325  0.0284  0.0284  0.0298  0.0344  0.0309  0.0276  0.0286  0.0265
  0.0401  0.0394  0.0391  0.0336  0.0295  0.0284  0.0289  0.0317  0.0297  0.0270  0.0278  0.0263
  0.0391  0.0389  0.0386  0.0356  0.0315  0.0288  0.0284  0.0296  0.0287  0.0270  0.0272  0.0264
  0.0386  0.0386  0.0386  0.0385  0.0341  0.0300  0.0285  0.0284  0.0280  0.0277  0.0269  0.0268
  0.0388  0.0387  0.0390  0.0423  0.0369  0.0326  0.0290  0.0281  0.0278  0.0295  0.0268  0.0275
  0.0397  0.0391  0.0397  0.0466  0.0401  0.0362  0.0299  0.0288  0.0279  0.0317  0.0270  0.0282
  0.0411  0.0399  0.0408  0.0511  0.0438  0.0406  0.0313  0.0305  0.0284  0.0340  0.0274  0.0292
niter,ni,del,rscale     7    3    5.0000    1.2000
parameter  4  0.605041 ->  0.500000 qaram    1.3225
parameter  5  0.633510 ->  0.500000 qaram    1.3225
parameters
   -0.2623    5.1095   10.7587   -9.0707   -9.8097   -6.2850
    2.4880    5.4527   -2.2469   10.0169   -1.2310  -18.4002
eta,q 0.97704  7.86347
  0.0302  0.0290  0.0270  0.0251  0.0238  0.0250  0.0249  0.0267  0.0249  0.0281  0.0238  0.0239
  0.0284  0.0276  0.0265  0.0248  0.0232  0.0240  0.0239  0.0248  0.0239  0.0259  0.0234  0.0233
  0.0270  0.0267  0.0262  0.0251  0.0236  0.0233  0.0233  0.0236  0.0233  0.0241  0.0231  0.0230
  0.0263  0.0262  0.0262  0.0262  0.0248  0.0232  0.0232  0.0231  0.0231  0.0231  0.0230  0.0230
  0.0263  0.0263  0.0266  0.0284  0.0267  0.0234  0.0235  0.0236  0.0234  0.0231  0.0231  0.0233
  0.0270  0.0269  0.0272  0.0318  0.0298  0.0246  0.0243  0.0250  0.0242  0.0239  0.0234  0.0240
  0.0284  0.0279  0.0282  0.0363  0.0333  0.0279  0.0255  0.0272  0.0253  0.0254  0.0238  0.0249
niter,ni,del,rscale     7    3    5.0000    1.2000
parameters
   -0.0189    5.5945   10.7119   -9.9726  -11.1893   -5.9829
    2.4168    5.6987   -2.2927   11.1137   -1.5146  -19.4074
eta,q 0.97727  7.80959
  0.0262  0.0262  0.0241  0.0259  0.0258  0.0254  0.0248  0.0267  0.0247  0.0270  0.0235  0.0238
  0.0246  0.0246  0.0234  0.0243  0.0243  0.0242  0.0238  0.0247  0.0236  0.0250  0.0231  0.0232
  0.0235  0.0235  0.0230  0.0232  0.0232  0.0233  0.0231  0.0234  0.0230  0.0236  0.0228  0.0228
  0.0230  0.0229  0.0228  0.0228  0.0228  0.0228  0.0228  0.0228  0.0228  0.0228  0.0228  0.0228
  0.0231  0.0229  0.0230  0.0233  0.0238  0.0229  0.0231  0.0231  0.0231  0.0229  0.0229  0.0230
  0.0238  0.0233  0.0234  0.0248  0.0255  0.0233  0.0238  0.0243  0.0237  0.0238  0.0232  0.0236
  0.0252  0.0243  0.0242  0.0279  0.0287  0.0256  0.0249  0.0263  0.0247  0.0253  0.0236  0.0245
niter,ni,del,rscale     6    3    5.0000    1.2000
parameters
    0.0188    5.8272   10.7404   -9.9175  -11.5954   -5.8280
    2.3824    5.7729   -2.2066   11.5898   -1.6152  -19.7665
eta,q 0.97729  7.80933
  0.0256  0.0254  0.0240  0.0263  0.0262  0.0253  0.0247  0.0265  0.0246  0.0263  0.0235  0.0240
  0.0240  0.0240  0.0233  0.0247  0.0247  0.0241  0.0237  0.0245  0.0236  0.0245  0.0231  0.0233
  0.0231  0.0231  0.0229  0.0234  0.0234  0.0232  0.0230  0.0232  0.0229  0.0233  0.0228  0.0228
  0.0227  0.0227  0.0227  0.0227  0.0227  0.0227  0.0227  0.0227  0.0227  0.0227  0.0227  0.0227
  0.0230  0.0229  0.0229  0.0229  0.0232  0.0227  0.0230  0.0231  0.0229  0.0229  0.0228  0.0229
  0.0239  0.0235  0.0233  0.0241  0.0247  0.0233  0.0237  0.0243  0.0235  0.0239  0.0231  0.0234
  0.0254  0.0245  0.0240  0.0267  0.0273  0.0257  0.0248  0.0264  0.0245  0.0256  0.0236  0.0242
niter,ni,del,rscale     5    3    5.0000    1.2000
parameters
    0.0284    5.9312   10.7215   -9.9177  -11.7387   -5.8290
    2.3417    5.7972   -2.1674   11.7899   -1.6501  -19.9261
eta,q 0.97728  7.80713
  0.0255  0.0251  0.0239  0.0263  0.0263  0.0253  0.0247  0.0264  0.0245  0.0260  0.0236  0.0240
  0.0240  0.0238  0.0233  0.0246  0.0248  0.0241  0.0237  0.0245  0.0235  0.0243  0.0231  0.0233
  0.0230  0.0230  0.0229  0.0233  0.0235  0.0232  0.0230  0.0232  0.0229  0.0232  0.0228  0.0229
  0.0227  0.0227  0.0227  0.0227  0.0227  0.0227  0.0227  0.0227  0.0227  0.0227  0.0227  0.0227
  0.0230  0.0229  0.0229  0.0229  0.0231  0.0227  0.0230  0.0231  0.0229  0.0230  0.0228  0.0229
  0.0239  0.0236  0.0233  0.0241  0.0245  0.0233  0.0237  0.0244  0.0235  0.0240  0.0231  0.0234
  0.0254  0.0247  0.0240  0.0268  0.0270  0.0259  0.0248  0.0264  0.0245  0.0258  0.0236  0.0242
niter,ni,del,rscale     4    3    5.0000    1.2000
parameters
    0.0326    5.9806   10.6983   -9.9178  -11.8057   -5.8415
    2.3226    5.8037   -2.1522   11.8947   -1.6487  -20.0018
eta,q 0.97728  7.80566
  0.0255  0.0250  0.0239  0.0263  0.0264  0.0253  0.0247  0.0264  0.0245  0.0259  0.0236  0.0241
  0.0240  0.0237  0.0233  0.0247  0.0249  0.0241  0.0237  0.0244  0.0235  0.0243  0.0231  0.0233
  0.0230  0.0230  0.0229  0.0234  0.0235  0.0232  0.0230  0.0232  0.0229  0.0232  0.0228  0.0229
  0.0227  0.0227  0.0227  0.0227  0.0227  0.0227  0.0227  0.0227  0.0227  0.0227  0.0227  0.0227
  0.0230  0.0230  0.0229  0.0229  0.0231  0.0227  0.0230  0.0231  0.0229  0.0230  0.0228  0.0229
  0.0240  0.0237  0.0233  0.0242  0.0245  0.0233  0.0236  0.0244  0.0235  0.0241  0.0231  0.0234
  0.0255  0.0248  0.0240  0.0268  0.0269  0.0259  0.0247  0.0264  0.0245  0.0259  0.0236  0.0241
niter,ni,del,rscale     3    3    5.0000    1.2000
parameters
    0.0340    6.0065   10.6842   -9.9220  -11.8413   -5.8557
    2.3169    5.8048   -2.1446   11.9494   -1.6509  -20.0380
eta,q 0.97727  7.80448
  0.0255  0.0250  0.0240  0.0263  0.0264  0.0253  0.0247  0.0264  0.0245  0.0259  0.0236  0.0241
  0.0240  0.0237  0.0233  0.0247  0.0249  0.0241  0.0237  0.0244  0.0235  0.0242  0.0231  0.0234
  0.0230  0.0230  0.0229  0.0234  0.0235  0.0232  0.0230  0.0232  0.0229  0.0232  0.0228  0.0229
  0.0227  0.0227  0.0227  0.0227  0.0227  0.0227  0.0227  0.0227  0.0227  0.0227  0.0227  0.0227
  0.0230  0.0230  0.0229  0.0229  0.0231  0.0227  0.0230  0.0231  0.0229  0.0230  0.0228  0.0229
  0.0240  0.0237  0.0233  0.0242  0.0244  0.0233  0.0236  0.0244  0.0235  0.0241  0.0231  0.0234
  0.0255  0.0248  0.0240  0.0268  0.0269  0.0260  0.0247  0.0264  0.0245  0.0259  0.0236  0.0241
niter,ni,del,rscale     2    3    5.0000    1.2000
parameters
    0.0334    6.0212   10.6755   -9.9202  -11.8617   -5.8630
    2.3123    5.8057   -2.1422   11.9806   -1.6385  -20.0666
eta,q 0.97726  7.80397
  0.0255  0.0249  0.0240  0.0263  0.0264  0.0253  0.0247  0.0264  0.0245  0.0258  0.0236  0.0241
  0.0240  0.0237  0.0233  0.0247  0.0249  0.0241  0.0237  0.0244  0.0235  0.0242  0.0231  0.0234
  0.0230  0.0230  0.0229  0.0234  0.0235  0.0232  0.0230  0.0232  0.0229  0.0232  0.0228  0.0229
  0.0227  0.0227  0.0227  0.0227  0.0227  0.0227  0.0227  0.0227  0.0227  0.0227  0.0227  0.0227
  0.0230  0.0230  0.0229  0.0229  0.0231  0.0227  0.0230  0.0231  0.0229  0.0230  0.0228  0.0229
  0.0240  0.0237  0.0233  0.0242  0.0244  0.0233  0.0236  0.0244  0.0235  0.0241  0.0231  0.0234
  0.0255  0.0248  0.0240  0.0268  0.0269  0.0259  0.0247  0.0264  0.0245  0.0259  0.0236  0.0241
registration optimization eta report
parameter search radius
    2.4000    2.4000    2.4000    9.5220    9.5220    8.2800
    7.2000    7.2000    7.2000    8.2800    7.2000    8.2800
100000*second partial in parameter space
       47.       37.       21.        4.        4.        4.
        4.        7.        3.        5.        2.        2.
  0.0255  0.0249  0.0240  0.0263  0.0264  0.0253  0.0247  0.0264  0.0245  0.0258  0.0236  0.0241
  0.0240  0.0237  0.0233  0.0247  0.0249  0.0241  0.0237  0.0244  0.0235  0.0242  0.0231  0.0234
  0.0230  0.0230  0.0229  0.0234  0.0235  0.0232  0.0230  0.0232  0.0229  0.0232  0.0228  0.0229
  0.0227  0.0227  0.0227  0.0227  0.0227  0.0227  0.0227  0.0227  0.0227  0.0227  0.0227  0.0227
  0.0230  0.0230  0.0229  0.0229  0.0231  0.0227  0.0230  0.0231  0.0229  0.0230  0.0228  0.0229
  0.0240  0.0237  0.0233  0.0242  0.0244  0.0233  0.0236  0.0244  0.0235  0.0241  0.0231  0.0234
  0.0255  0.0248  0.0240  0.0268  0.0269  0.0259  0.0247  0.0264  0.0245  0.0259  0.0236  0.0241
    0.0334    6.0212   10.6755   -9.9202  -11.8617   -5.8630
    2.3123    5.8057   -2.1422   11.9806   -1.6385  -20.0666
eta,q 0.97726  7.80397

---------------------------------------------------------------------
imgreg_4dfp /opt/freesurfer/average/711-2C_as_mni_average_305 /opt/freesurfer/average/711-2B_as_mni_average_305_mask talsrcimg_g11 none talsrcimg_to_711-2C_as_mni_average_305_t4 2311
---------------------------------------------------------------------

freesurfer imgreg_4dfp.c
/opt/freesurfer/average/711-2C_as_mni_average_305.4dfp.img
       256       256       256         1
  1.000000  1.000000  1.000000
orientation T byte_order littleendian
Reading image: /opt/freesurfer/average/711-2C_as_mni_average_305.4dfp.img
dimensions:      256       256       256
mmppix:       1.0000   -1.0000   -1.0000
center:     128.0000 -129.0000 -129.0000
/opt/freesurfer/average/711-2B_as_mni_average_305_mask.4dfp.img
       256       256       256         1
  1.000000  1.000000  1.000000
orientation T byte_order littleendian
Reading mask: /opt/freesurfer/average/711-2B_as_mni_average_305_mask.4dfp.img (2306576 pixels)
talsrcimg_g11.4dfp.img
       256       256       256         1
  1.000000  1.000000  1.000000
orientation T byte_order littleendian
Reading image: talsrcimg_g11.4dfp.img
dimensions:      256       256       256
mmppix:       1.0000   -1.0000   -1.0000
center:     128.0000 -129.0000 -129.0000
fimgreg.f
image alignment mode   2311 decimal      907 hex
parameters
    0.0334    6.0212   10.6755   -9.9202  -11.8617   -5.8630
    2.3123    5.8057   -2.1422   11.9806   -1.6385  -20.0666
eta,q 0.97726  7.80396
niter,ni,del,rscale     5    3    5.0000    0.8000
parameters
    0.0339    5.9956   10.6899   -9.1926  -11.3029   -4.4040
    2.5265    5.8742   -1.8894   12.0633   -1.9324  -20.2708
eta,q 0.97737  7.90137
  0.0240  0.0237  0.0233  0.0240  0.0242  0.0238  0.0237  0.0246  0.0235  0.0239  0.0230  0.0231
  0.0233  0.0231  0.0230  0.0234  0.0235  0.0233  0.0231  0.0236  0.0230  0.0232  0.0228  0.0228
  0.0229  0.0228  0.0228  0.0230  0.0230  0.0229  0.0228  0.0229  0.0227  0.0228  0.0227  0.0227
  0.0227  0.0227  0.0227  0.0227  0.0227  0.0227  0.0226  0.0226  0.0226  0.0226  0.0226  0.0226
  0.0229  0.0229  0.0228  0.0227  0.0227  0.0226  0.0227  0.0228  0.0227  0.0227  0.0227  0.0227
  0.0233  0.0232  0.0230  0.0229  0.0231  0.0226  0.0230  0.0235  0.0229  0.0231  0.0229  0.0229
  0.0240  0.0237  0.0233  0.0234  0.0237  0.0230  0.0235  0.0245  0.0234  0.0238  0.0231  0.0232
niter,ni,del,rscale     4    3    5.0000    0.7000
parameters
    0.0073    5.9801   10.7813   -9.2007  -11.2458   -4.4578
    2.4575    5.8605   -1.7940   12.0258   -2.0463  -20.1950
eta,q 0.97738  7.90060
  0.0236  0.0234  0.0231  0.0234  0.0237  0.0232  0.0233  0.0241  0.0233  0.0236  0.0229  0.0231
  0.0231  0.0230  0.0228  0.0230  0.0232  0.0229  0.0229  0.0233  0.0229  0.0230  0.0228  0.0228
  0.0227  0.0227  0.0227  0.0227  0.0228  0.0227  0.0227  0.0228  0.0227  0.0227  0.0227  0.0227
  0.0226  0.0226  0.0226  0.0226  0.0226  0.0226  0.0226  0.0226  0.0226  0.0226  0.0226  0.0226
  0.0228  0.0227  0.0227  0.0227  0.0227  0.0226  0.0227  0.0228  0.0227  0.0227  0.0227  0.0227
  0.0231  0.0230  0.0228  0.0230  0.0231  0.0227  0.0230  0.0233  0.0229  0.0231  0.0228  0.0228
  0.0237  0.0234  0.0230  0.0235  0.0237  0.0233  0.0234  0.0241  0.0232  0.0236  0.0230  0.0230
niter,ni,del,rscale     3    3    5.0000    0.6000
parameters
    0.0134    5.9618   10.7849   -9.1571  -11.2157   -4.2446
    2.4450    5.8909   -1.7307   12.0230   -2.1020  -20.2294
eta,q 0.97739  7.91049
  0.0234  0.0232  0.0229  0.0232  0.0234  0.0230  0.0232  0.0238  0.0231  0.0233  0.0229  0.0229
  0.0230  0.0229  0.0228  0.0229  0.0230  0.0228  0.0229  0.0231  0.0228  0.0229  0.0227  0.0228
  0.0227  0.0227  0.0227  0.0227  0.0227  0.0227  0.0227  0.0228  0.0227  0.0227  0.0226  0.0226
  0.0226  0.0226  0.0226  0.0226  0.0226  0.0226  0.0226  0.0226  0.0226  0.0226  0.0226  0.0226
  0.0227  0.0227  0.0227  0.0227  0.0227  0.0226  0.0227  0.0227  0.0227  0.0227  0.0226  0.0227
  0.0230  0.0229  0.0228  0.0229  0.0230  0.0227  0.0229  0.0231  0.0228  0.0229  0.0227  0.0228
  0.0234  0.0232  0.0229  0.0232  0.0234  0.0230  0.0232  0.0237  0.0231  0.0233  0.0229  0.0229
niter,ni,del,rscale     2    3    5.0000    0.5000
parameters
    0.0096    5.9524   10.7988   -9.1401  -11.2014   -4.0267
    2.4319    5.9127   -1.6657   12.0402   -2.2082  -20.2500
eta,q 0.97739  7.91932
  0.0231  0.0230  0.0228  0.0231  0.0232  0.0229  0.0230  0.0234  0.0229  0.0231  0.0228  0.0228
  0.0228  0.0228  0.0227  0.0228  0.0229  0.0227  0.0228  0.0230  0.0228  0.0228  0.0227  0.0227
  0.0227  0.0227  0.0226  0.0227  0.0227  0.0226  0.0227  0.0227  0.0227  0.0227  0.0226  0.0226
  0.0226  0.0226  0.0226  0.0226  0.0226  0.0226  0.0226  0.0226  0.0226  0.0226  0.0226  0.0226
  0.0227  0.0227  0.0226  0.0227  0.0227  0.0226  0.0227  0.0227  0.0226  0.0227  0.0226  0.0226
  0.0229  0.0228  0.0227  0.0228  0.0229  0.0226  0.0228  0.0230  0.0227  0.0228  0.0227  0.0227
  0.0231  0.0230  0.0228  0.0231  0.0232  0.0228  0.0230  0.0234  0.0229  0.0231  0.0228  0.0228
niter,ni,del,rscale     1    3    5.0000    0.4000
parameters
    0.0070    5.9478   10.8139   -9.1310  -11.2002   -3.8130
    2.4273    5.9434   -1.6074   12.0650   -2.2841  -20.2582
eta,q 0.97739  7.92721
  0.0229  0.0229  0.0228  0.0229  0.0230  0.0227  0.0229  0.0231  0.0228  0.0230  0.0227  0.0228
  0.0228  0.0227  0.0227  0.0227  0.0228  0.0227  0.0227  0.0229  0.0227  0.0228  0.0227  0.0227
  0.0226  0.0226  0.0226  0.0226  0.0227  0.0226  0.0226  0.0227  0.0226  0.0227  0.0226  0.0226
  0.0226  0.0226  0.0226  0.0226  0.0226  0.0226  0.0226  0.0226  0.0226  0.0226  0.0226  0.0226
  0.0227  0.0226  0.0226  0.0226  0.0227  0.0226  0.0226  0.0227  0.0226  0.0226  0.0226  0.0226
  0.0228  0.0227  0.0227  0.0227  0.0228  0.0226  0.0227  0.0228  0.0227  0.0227  0.0227  0.0227
  0.0229  0.0229  0.0227  0.0229  0.0230  0.0227  0.0229  0.0231  0.0228  0.0229  0.0227  0.0228
registration optimization eta report
parameter search radius
    0.8000    0.8000    0.8000    2.4000    2.4000    2.4000
    2.4000    2.4000    2.4000    2.4000    2.4000    2.4000
100000*second partial in parameter space
       52.       42.       22.        5.        7.        2.
        4.        9.        4.        6.        2.        3.
  0.0229  0.0229  0.0228  0.0229  0.0230  0.0227  0.0229  0.0231  0.0228  0.0230  0.0227  0.0228
  0.0228  0.0227  0.0227  0.0227  0.0228  0.0227  0.0227  0.0229  0.0227  0.0228  0.0227  0.0227
  0.0226  0.0226  0.0226  0.0226  0.0227  0.0226  0.0226  0.0227  0.0226  0.0227  0.0226  0.0226
  0.0226  0.0226  0.0226  0.0226  0.0226  0.0226  0.0226  0.0226  0.0226  0.0226  0.0226  0.0226
  0.0227  0.0226  0.0226  0.0226  0.0227  0.0226  0.0226  0.0227  0.0226  0.0226  0.0226  0.0226
  0.0228  0.0227  0.0227  0.0227  0.0228  0.0226  0.0227  0.0228  0.0227  0.0227  0.0227  0.0227
  0.0229  0.0229  0.0227  0.0229  0.0230  0.0227  0.0229  0.0231  0.0228  0.0229  0.0227  0.0228
    0.0070    5.9478   10.8139   -9.1310  -11.2002   -3.8130
    2.4273    5.9434   -1.6074   12.0650   -2.2841  -20.2582
eta,q 0.97739  7.92721

---------------------------------------------------------------------
imgreg_4dfp /opt/freesurfer/average/711-2C_as_mni_average_305 /opt/freesurfer/average/711-2B_as_mni_average_305_mask talsrcimg_g11 none talsrcimg_to_711-2C_as_mni_average_305_t4 2311
---------------------------------------------------------------------

freesurfer imgreg_4dfp.c
/opt/freesurfer/average/711-2C_as_mni_average_305.4dfp.img
       256       256       256         1
  1.000000  1.000000  1.000000
orientation T byte_order littleendian
Reading image: /opt/freesurfer/average/711-2C_as_mni_average_305.4dfp.img
dimensions:      256       256       256
mmppix:       1.0000   -1.0000   -1.0000
center:     128.0000 -129.0000 -129.0000
/opt/freesurfer/average/711-2B_as_mni_average_305_mask.4dfp.img
       256       256       256         1
  1.000000  1.000000  1.000000
orientation T byte_order littleendian
Reading mask: /opt/freesurfer/average/711-2B_as_mni_average_305_mask.4dfp.img (2306576 pixels)
talsrcimg_g11.4dfp.img
       256       256       256         1
  1.000000  1.000000  1.000000
orientation T byte_order littleendian
Reading image: talsrcimg_g11.4dfp.img
dimensions:      256       256       256
mmppix:       1.0000   -1.0000   -1.0000
center:     128.0000 -129.0000 -129.0000
fimgreg.f
image alignment mode   2311 decimal      907 hex
parameters
    0.0070    5.9478   10.8139   -9.1310  -11.2002   -3.8130
    2.4273    5.9434   -1.6074   12.0650   -2.2841  -20.2582
eta,q 0.97739  7.92721
niter,ni,del,rscale     5    3    5.0000    0.8000
parameters
    0.0004    5.9668   10.8496   -9.2983  -11.2555   -4.5687
    2.3736    5.8514   -1.7312   11.9467   -2.1139  -20.0838
eta,q 0.97737  7.89201
  0.0239  0.0237  0.0232  0.0237  0.0239  0.0232  0.0236  0.0244  0.0234  0.0238  0.0231  0.0232
  0.0232  0.0231  0.0229  0.0231  0.0233  0.0228  0.0231  0.0235  0.0230  0.0232  0.0228  0.0229
  0.0228  0.0227  0.0227  0.0227  0.0228  0.0227  0.0227  0.0228  0.0227  0.0228  0.0227  0.0227
  0.0226  0.0226  0.0226  0.0226  0.0226  0.0226  0.0226  0.0226  0.0226  0.0226  0.0226  0.0226
  0.0228  0.0227  0.0227  0.0227  0.0228  0.0226  0.0228  0.0229  0.0227  0.0228  0.0227  0.0227
  0.0232  0.0231  0.0229  0.0231  0.0233  0.0231  0.0231  0.0235  0.0230  0.0232  0.0228  0.0229
  0.0240  0.0236  0.0232  0.0239  0.0240  0.0242  0.0236  0.0246  0.0235  0.0239  0.0230  0.0231
niter,ni,del,rscale     4    3    5.0000    0.7000
parameters
    0.0203    5.9459   10.7961   -9.1956  -11.2046   -4.4328
    2.4156    5.8754   -1.7417   11.9220   -2.0716  -20.1300
eta,q 0.97738  7.90185
  0.0237  0.0234  0.0230  0.0235  0.0237  0.0232  0.0234  0.0241  0.0232  0.0236  0.0230  0.0230
  0.0231  0.0230  0.0228  0.0230  0.0232  0.0229  0.0230  0.0233  0.0229  0.0231  0.0228  0.0228
  0.0228  0.0227  0.0227  0.0228  0.0228  0.0227  0.0227  0.0228  0.0227  0.0227  0.0227  0.0227
  0.0226  0.0226  0.0226  0.0226  0.0226  0.0226  0.0226  0.0226  0.0226  0.0226  0.0226  0.0226
  0.0227  0.0227  0.0227  0.0227  0.0227  0.0226  0.0227  0.0228  0.0227  0.0227  0.0227  0.0227
  0.0231  0.0230  0.0228  0.0230  0.0231  0.0227  0.0230  0.0233  0.0229  0.0231  0.0228  0.0228
  0.0236  0.0235  0.0231  0.0234  0.0237  0.0232  0.0233  0.0241  0.0232  0.0236  0.0230  0.0231
niter,ni,del,rscale     3    3    5.0000    0.6000
parameters
    0.0169    5.9357   10.8014   -9.1570  -11.1853   -4.2430
    2.4406    5.8917   -1.7244   11.9659   -2.0919  -20.1633
eta,q 0.97739  7.91071
  0.0234  0.0232  0.0229  0.0232  0.0234  0.0230  0.0232  0.0237  0.0231  0.0234  0.0229  0.0229
  0.0230  0.0229  0.0228  0.0229  0.0230  0.0228  0.0229  0.0231  0.0228  0.0230  0.0227  0.0228
  0.0227  0.0227  0.0227  0.0227  0.0227  0.0227  0.0227  0.0227  0.0227  0.0227  0.0226  0.0226
  0.0226  0.0226  0.0226  0.0226  0.0226  0.0226  0.0226  0.0226  0.0226  0.0226  0.0226  0.0226
  0.0227  0.0227  0.0227  0.0227  0.0227  0.0226  0.0227  0.0227  0.0227  0.0227  0.0226  0.0227
  0.0230  0.0229  0.0228  0.0229  0.0230  0.0227  0.0229  0.0231  0.0228  0.0229  0.0227  0.0228
  0.0234  0.0232  0.0229  0.0232  0.0234  0.0230  0.0232  0.0237  0.0231  0.0233  0.0229  0.0229
niter,ni,del,rscale     2    3    5.0000    0.5000
parameters
    0.0111    5.9344   10.8109   -9.1376  -11.1862   -4.0072
    2.4367    5.9059   -1.6580   12.0005   -2.2044  -20.2028
eta,q 0.97739  7.91997
  0.0231  0.0230  0.0228  0.0231  0.0232  0.0229  0.0230  0.0234  0.0229  0.0231  0.0228  0.0228
  0.0228  0.0228  0.0227  0.0228  0.0229  0.0227  0.0228  0.0230  0.0228  0.0229  0.0227  0.0227
  0.0227  0.0227  0.0226  0.0227  0.0227  0.0226  0.0227  0.0227  0.0227  0.0227  0.0226  0.0226
  0.0226  0.0226  0.0226  0.0226  0.0226  0.0226  0.0226  0.0226  0.0226  0.0226  0.0226  0.0226
  0.0227  0.0227  0.0226  0.0227  0.0227  0.0226  0.0227  0.0227  0.0226  0.0227  0.0226  0.0226
  0.0229  0.0228  0.0227  0.0228  0.0229  0.0226  0.0228  0.0230  0.0227  0.0228  0.0227  0.0227
  0.0231  0.0230  0.0228  0.0231  0.0232  0.0228  0.0230  0.0234  0.0229  0.0231  0.0228  0.0228
niter,ni,del,rscale     1    3    5.0000    0.4000
parameters
    0.0056    5.9394   10.8186   -9.1334  -11.1908   -3.8068
    2.4194    5.9417   -1.6123   12.0459   -2.2662  -20.2327
eta,q 0.97739  7.92733
  0.0229  0.0229  0.0228  0.0229  0.0230  0.0227  0.0229  0.0232  0.0228  0.0230  0.0227  0.0228
  0.0228  0.0227  0.0227  0.0227  0.0228  0.0227  0.0227  0.0229  0.0227  0.0228  0.0227  0.0227
  0.0227  0.0226  0.0226  0.0226  0.0227  0.0226  0.0226  0.0227  0.0226  0.0227  0.0226  0.0226
  0.0226  0.0226  0.0226  0.0226  0.0226  0.0226  0.0226  0.0226  0.0226  0.0226  0.0226  0.0226
  0.0227  0.0226  0.0226  0.0226  0.0227  0.0226  0.0226  0.0227  0.0226  0.0226  0.0226  0.0226
  0.0228  0.0227  0.0227  0.0227  0.0228  0.0226  0.0227  0.0228  0.0227  0.0227  0.0227  0.0227
  0.0230  0.0229  0.0227  0.0229  0.0230  0.0227  0.0229  0.0231  0.0228  0.0229  0.0227  0.0228
registration optimization eta report
parameter search radius
    0.8000    0.8000    0.8000    2.4000    2.4000    2.4000
    2.4000    2.4000    2.4000    2.4000    2.4000    2.4000
100000*second partial in parameter space
       52.       42.       21.        5.        7.        2.
        4.        9.        4.        6.        2.        3.
  0.0229  0.0229  0.0228  0.0229  0.0230  0.0227  0.0229  0.0232  0.0228  0.0230  0.0227  0.0228
  0.0228  0.0227  0.0227  0.0227  0.0228  0.0227  0.0227  0.0229  0.0227  0.0228  0.0227  0.0227
  0.0227  0.0226  0.0226  0.0226  0.0227  0.0226  0.0226  0.0227  0.0226  0.0227  0.0226  0.0226
  0.0226  0.0226  0.0226  0.0226  0.0226  0.0226  0.0226  0.0226  0.0226  0.0226  0.0226  0.0226
  0.0227  0.0226  0.0226  0.0226  0.0227  0.0226  0.0226  0.0227  0.0226  0.0226  0.0226  0.0226
  0.0228  0.0227  0.0227  0.0227  0.0228  0.0226  0.0227  0.0228  0.0227  0.0227  0.0227  0.0227
  0.0230  0.0229  0.0227  0.0229  0.0230  0.0227  0.0229  0.0231  0.0228  0.0229  0.0227  0.0228
    0.0056    5.9394   10.8186   -9.1334  -11.1908   -3.8068
    2.4194    5.9417   -1.6123   12.0459   -2.2662  -20.2327
eta,q 0.97739  7.92733

---------------------------------------------------------------------
compute_vox2vox talsrcimg talsrcimg_to_711-2C_as_mni_average_305_t4 /opt/freesurfer/average/711-2C_as_mni_average_305
---------------------------------------------------------------------

freesurfer compute_vox2vox.c
Reading: talsrcimg.4dfp.ifh
Reading: talsrcimg_to_711-2C_as_mni_average_305_t4
Reading: /opt/freesurfer/average/711-2C_as_mni_average_305.4dfp.ifh
Writing: talsrcimg_to_711-2C_as_mni_average_305_t4_vox2vox.txt

start time Sun Mar 8 12:45:42 CET 2026
end		time Sun Mar 8 12:45:56 CET 2026

mpr2mni305 success

avi2talxfm orig_nu.mgz /opt/freesurfer/average/mni305.cor.mgz talsrcimg_to_711-2C_as_mni_average_305_t4_vox2vox.txt transforms/talairach.auto.xfm
avi2talxfm done
mv -f /out/sourcedata/freesurfer/sub-v1s11x0050167_ses-1/mri/talsrcimg_to_711-2C_as_mni_average_305_t4_vox2vox.txt /out/sourcedata/freesurfer/sub-v1s11x0050167_ses-1/mri/transforms/talsrcimg_to_711-2C_as_mni_average_305_t4_vox2vox.txt
lta_convert --src orig_nu.mgz --trg /opt/freesurfer/average/mni305.cor.mgz --inxfm transforms/talairach.auto.xfm --outlta transforms/talairach.auto.xfm.lta --subject fsaverage
7.3.2

--src: orig_nu.mgz src image (geometry).
--trg: /opt/freesurfer/average/mni305.cor.mgz trg image (geometry).
--inmni: transforms/talairach.auto.xfm input MNI/XFM transform.
--outlta: transforms/talairach.auto.xfm.lta output LTA.
--s: fsaverage subject name
 LTA read, type : 1
 1.09818  -0.06231  -0.04411   1.90627;
 0.02923   1.00908   0.22909  -20.49223;
 0.01597  -0.13800   1.09414  -21.13347;
 0.00000   0.00000   0.00000   1.00000;
setting subject to fsaverage
Writing  LTA to file transforms/talairach.auto.xfm.lta...
lta_convert successful.
 
 
Started at Sun Mar 8 12:45:42 CET 2026
Ended   at Sun Mar  8 12:45:56 CET 2026
talairach_avi done
