/out/sourcedata/freesurfer/sub-v1s11x0050166_ses-1/mri
/opt/freesurfer/bin/talairach_avi
--i orig_nu.mgz --xfm transforms/talairach.auto.xfm
talairach_avi 7.3.2
Linux dna003 5.14.0-427.37.1.el9_4.x86_64 #1 SMP PREEMPT_DYNAMIC Fri Sep 13 12:41:50 EDT 2024 x86_64 x86_64 x86_64 GNU/Linux
Thu Mar 12 11:06:53 CET 2026
mri_convert orig_nu.mgz talsrcimg.img 
reading from orig_nu.mgz...
TR=0.00, TE=0.00, TI=0.00, flip angle=0.00
i_ras = (-1, 0, 0)
j_ras = (0, 0, -1)
k_ras = (0, 1, 0)
writing to talsrcimg.img...
Analyze Output Matrix
-1.00000   0.00000   0.00000   123.41143;
 0.00000   0.00000   1.00000  -127.01288;
 0.00000  -1.00000   0.00000   158.85461;
 0.00000   0.00000   0.00000   1.00000;
--------------------
INFO: set hdr.hist.orient to -1
mpr2mni305 talsrcimg
Thu Mar 12 11:06:54 CET 2026
/opt/freesurfer/bin/mpr2mni305 talsrcimg
mpr2mni305 7.3.2
target=711-2C_as_mni_average_305

---------------------------------------------------------------------
analyzeto4dfp talsrcimg -O0 -y
---------------------------------------------------------------------

freesurfer ifh2hdr.c
Thu Mar 12 11:06:54 2026
Writing: talsrcimg.4dfp.hdr
freesurfer analyzeto4dfp.c
Reading: talsrcimg.hdr
header size 348 bytes
hdr.dime.datatype	offset=70	value=2
hdr.dime.bitpix		offset=72	value=8
hdr.hist.orient		offset=252	value=-1
dimensionality     4
dimensions       256       256       256         1
Reading: talsrcimg.img
Writing: talsrcimg.4dfp.img
Writing: talsrcimg.4dfp.ifh
ifh2hdr talsrcimg -r0to208
ori=2

---------------------------------------------------------------------
gauss_4dfp talsrcimg 1.1
---------------------------------------------------------------------

freesurfer gauss_4dfp.c
Reading: talsrcimg.4dfp.img
Writing: talsrcimg_g11.4dfp.img
image dimensions 256 256 256 padded to 288 288 288
processing volume 1freesurfer ifh2hdr.c
Thu Mar 12 11:06:56 2026
Writing: talsrcimg_g11.4dfp.hdr

Writing: talsrcimg_g11.4dfp.ifh
including: talsrcimg.4dfp.img.rec in talsrcimg_g11.4dfp.img.rec

---------------------------------------------------------------------
imgreg_4dfp /opt/freesurfer/average/711-2C_as_mni_average_305 none talsrcimg_g11 none talsrcimg_to_711-2C_as_mni_average_305_t4 4355
---------------------------------------------------------------------

freesurfer imgreg_4dfp.c
/opt/freesurfer/average/711-2C_as_mni_average_305.4dfp.img
       256       256       256         1
  1.000000  1.000000  1.000000
orientation T byte_order littleendian
Reading image: /opt/freesurfer/average/711-2C_as_mni_average_305.4dfp.img
dimensions:      256       256       256
mmppix:       1.0000   -1.0000   -1.0000
center:     128.0000 -129.0000 -129.0000
talsrcimg_g11.4dfp.img
       256       256       256         1
  1.000000  1.000000  1.000000
orientation T byte_order littleendian
Reading image: talsrcimg_g11.4dfp.img
dimensions:      256       256       256
mmppix:       1.0000   -1.0000   -1.0000
center:     128.0000 -129.0000 -129.0000
t4_read: open error in t4_sub.f l:  41 t4_file(1:l)talsrcimg_to_711-2C_as_mni_average_305_t4 
t4_read: transform initialized to I4
rotation matrix determinant  1.000000
image alignment mode   4355 decimal     1103 hex
   -7.5000  -45.0000  -45.0000 9531.3223   17.0868
    0.0000  -45.0000  -45.000010047.1553   17.1123
    7.5000  -45.0000  -45.0000 9692.0566   17.1050
   -7.5000  -37.5000  -45.0000 9799.5361   17.0989
    0.0000  -37.5000  -45.000010341.8477   17.1231
    7.5000  -37.5000  -45.0000 9946.4268   17.1150
   -7.5000  -30.0000  -45.000010397.9248   17.0977
    0.0000  -30.0000  -45.000010962.7041   17.1193
    7.5000  -30.0000  -45.000010546.0088   17.1106
   -7.5000  -22.5000  -45.000010960.7773   17.0801
    0.0000  -22.5000  -45.000011556.4453   17.1014
    7.5000  -22.5000  -45.000011106.4355   17.0924
   -7.5000  -15.0000  -45.000011384.5186   17.0635
    0.0000  -15.0000  -45.000011988.2148   17.0880
    7.5000  -15.0000  -45.000011511.8799   17.0805
   -7.5000   -7.5000  -45.000011775.9775   17.0675
    0.0000   -7.5000  -45.000012375.2793   17.0939
    7.5000   -7.5000  -45.000011899.0186   17.0874
   -7.5000    0.0000  -45.000012040.1279   17.0854
    0.0000    0.0000  -45.000012640.1592   17.1110
    7.5000    0.0000  -45.000012157.6709   17.1036
   -7.5000    7.5000  -45.000011246.2861   17.0989
    0.0000    7.5000  -45.000011818.7812   17.1231
    7.5000    7.5000  -45.000011354.4229   17.1150
   -7.5000   15.0000  -45.000010265.7324   17.0977
    0.0000   15.0000  -45.000010772.9814   17.1193
    7.5000   15.0000  -45.000010346.6816   17.1106
   -7.5000   22.5000  -45.0000 9311.0850   17.0778
    0.0000   22.5000  -45.0000 9768.0537   17.0990
    7.5000   22.5000  -45.0000 9378.4941   17.0900
   -7.5000   30.0000  -45.0000 8392.2295   16.8428
    0.0000   30.0000  -45.0000 8783.0020   16.8673
    7.5000   30.0000  -45.0000 8425.5449   16.8601
   -7.5000   37.5000  -45.0000 7747.3574   16.9571
    0.0000   37.5000  -45.0000 8089.9639   16.9834
    7.5000   37.5000  -45.0000 7766.9658   16.9774
   -7.5000   45.0000  -45.0000 6821.6699   16.7953
    0.0000   45.0000  -45.0000 7127.2412   16.8241
    7.5000   45.0000  -45.0000 6831.3711   16.8190
   -7.5000  -45.0000  -37.500010048.4072   17.1087
    0.0000  -45.0000  -37.500010610.0176   17.1414
    7.5000  -45.0000  -37.500010226.3223   17.1393
   -7.5000  -37.5000  -37.500010333.2041   17.1279
    0.0000  -37.5000  -37.500010887.2617   17.1592
    7.5000  -37.5000  -37.500010487.5488   17.1560
   -7.5000  -30.0000  -37.500010962.5049   17.1256
    0.0000  -30.0000  -37.500011554.6484   17.1558
    7.5000  -30.0000  -37.500011123.3906   17.1539
   -7.5000  -22.5000  -37.500011533.7197   17.1009
    0.0000  -22.5000  -37.500012165.5234   17.1324
    7.5000  -22.5000  -37.500011695.8945   17.1316
   -7.5000  -15.0000  -37.500011948.7109   17.0778
    0.0000  -15.0000  -37.500012606.8135   17.1122
    7.5000  -15.0000  -37.500012108.5820   17.1126
   -7.5000   -7.5000  -37.500012327.2324   17.0818
    0.0000   -7.5000  -37.500012981.5254   17.1165
    7.5000   -7.5000  -37.500012471.0928   17.1168
   -7.5000    0.0000  -37.500012593.2500   17.1073
    0.0000    0.0000  -37.500013261.5723   17.1400
    7.5000    0.0000  -37.500012718.4365   17.1379
   -7.5000    7.5000  -37.500011764.6406   17.1279
    0.0000    7.5000  -37.500012364.2100   17.1592
    7.5000    7.5000  -37.500011864.1963   17.1560
   -7.5000   15.0000  -37.500010709.0547   17.1256
    0.0000   15.0000  -37.500011254.3271   17.1558
    7.5000   15.0000  -37.500010802.4053   17.1539
   -7.5000   22.5000  -37.5000 9672.3145   17.0986
    0.0000   22.5000  -37.500010176.8408   17.1300
    7.5000   22.5000  -37.5000 9749.0283   17.1293
   -7.5000   30.0000  -37.5000 8711.6250   16.8568
    0.0000   30.0000  -37.5000 9124.2686   16.8910
    7.5000   30.0000  -37.5000 8760.5098   16.8916
   -7.5000   37.5000  -37.5000 8054.6445   16.9747
    0.0000   37.5000  -37.5000 8412.2119   17.0100
    7.5000   37.5000  -37.5000 8070.1196   17.0117
   -7.5000   45.0000  -37.5000 7085.0273   16.8239
    0.0000   45.0000  -37.5000 7396.2847   16.8599
    7.5000   45.0000  -37.5000 7094.7065   16.8600
   -7.5000  -45.0000  -30.000010680.3555   17.8370
    0.0000  -45.0000  -30.000011292.8809   17.8783
    7.5000  -45.0000  -30.000010867.2539   17.8822
   -7.5000  -37.5000  -30.000010964.8037   17.8553
    0.0000  -37.5000  -30.000011570.1934   17.8947
    7.5000  -37.5000  -30.000011141.1582   17.8979
   -7.5000  -30.0000  -30.000011652.9023   17.8488
    0.0000  -30.0000  -30.000012300.6436   17.8864
    7.5000  -30.0000  -30.000011813.2295   17.8926
   -7.5000  -22.5000  -30.000012262.9932   17.8216
    0.0000  -22.5000  -30.000012941.4541   17.8606
    7.5000  -22.5000  -30.000012442.4268   17.8687
   -7.5000  -15.0000  -30.000012685.6748   17.7998
    0.0000  -15.0000  -30.000013386.0049   17.8418
    7.5000  -15.0000  -30.000012883.4053   17.8500
   -7.5000   -7.5000  -30.000013022.8066   17.8071
    0.0000   -7.5000  -30.000013740.1387   17.8496
    7.5000   -7.5000  -30.000013212.8633   17.8567
   -7.5000    0.0000  -30.000013272.5479   17.8355
    0.0000    0.0000  -30.000013980.2607   17.8769
    7.5000    0.0000  -30.000013421.0811   17.8807
   -7.5000    7.5000  -30.000012405.1367   17.8553
    0.0000    7.5000  -30.000013056.2305   17.8947
    7.5000    7.5000  -30.000012526.8193   17.8979
   -7.5000   15.0000  -30.000011305.9746   17.8488
    0.0000   15.0000  -30.000011883.0205   17.8864
    7.5000   15.0000  -30.000011408.3809   17.8926
   -7.5000   22.5000  -30.000010210.4756   17.8174
    0.0000   22.5000  -30.000010710.8555   17.8563
    7.5000   22.5000  -30.000010276.0020   17.8644
   -7.5000   30.0000  -30.0000 9169.3916   17.5710
    0.0000   30.0000  -30.0000 9610.0039   17.6126
    7.5000   30.0000  -30.0000 9213.0996   17.6209
   -7.5000   37.5000  -30.0000 8459.9971   17.7020
    0.0000   37.5000  -30.0000 8844.0674   17.7455
    7.5000   37.5000  -30.0000 8477.0537   17.7539
   -7.5000   45.0000  -30.0000 7435.5459   17.5580
    0.0000   45.0000  -30.0000 7774.3750   17.6019
    7.5000   45.0000  -30.0000 7441.5156   17.6073
   -7.5000  -45.0000  -22.500011297.3535   18.4306
    0.0000  -45.0000  -22.500011920.1729   18.4730
    7.5000  -45.0000  -22.500011479.9424   18.4776
   -7.5000  -37.5000  -22.500011581.4570   18.4382
    0.0000  -37.5000  -22.500012199.5322   18.4785
    7.5000  -37.5000  -22.500011729.4219   18.4834
   -7.5000  -30.0000  -22.500012289.3936   18.4274
    0.0000  -30.0000  -22.500012958.3838   18.4635
    7.5000  -30.0000  -22.500012427.5508   18.4709
   -7.5000  -22.5000  -22.500012944.9336   18.4065
    0.0000  -22.5000  -22.500013644.1963   18.4422
    7.5000  -22.5000  -22.500013102.4883   18.4508
   -7.5000  -15.0000  -22.500013388.4980   18.3950
    0.0000  -15.0000  -22.500014139.0840   18.4338
    7.5000  -15.0000  -22.500013576.2773   18.4419
   -7.5000   -7.5000  -22.500013679.3965   18.4069
    0.0000   -7.5000  -22.500014437.4912   18.4481
    7.5000   -7.5000  -22.500013861.2793   18.4547
   -7.5000    0.0000  -22.500013918.6035   18.4291
    0.0000    0.0000  -22.500014645.6836   18.4716
    7.5000    0.0000  -22.500014042.1006   18.4761
   -7.5000    7.5000  -22.500012992.2500   18.4382
    0.0000    7.5000  -22.500013677.3193   18.4785
    7.5000    7.5000  -22.500013110.4502   18.4834
   -7.5000   15.0000  -22.500011850.9453   18.4274
    0.0000   15.0000  -22.500012465.5303   18.4635
    7.5000   15.0000  -22.500011962.8027   18.4709
   -7.5000   22.5000  -22.500010683.9863   18.4009
    0.0000   22.5000  -22.500011213.4062   18.4366
    7.5000   22.5000  -22.500010781.6963   18.4451
   -7.5000   30.0000  -22.5000 9584.5410   18.1613
    0.0000   30.0000  -22.500010036.9492   18.1998
    7.5000   30.0000  -22.5000 9644.2949   18.2081
   -7.5000   37.5000  -22.5000 8823.5850   18.3022
    0.0000   37.5000  -22.5000 9229.6670   18.3439
    7.5000   37.5000  -22.5000 8861.2393   18.3508
   -7.5000   45.0000  -22.5000 7749.0483   18.1528
    0.0000   45.0000  -22.5000 8093.1479   18.1968
    7.5000   45.0000  -22.5000 7765.4497   18.2020
   -7.5000  -45.0000  -15.000011912.6504   18.8440
    0.0000  -45.0000  -15.000012535.7432   18.8802
    7.5000  -45.0000  -15.000012058.5225   18.8798
   -7.5000  -37.5000  -15.000012175.8799   18.8429
    0.0000  -37.5000  -15.000012786.8652   18.8773
    7.5000  -37.5000  -15.000012283.4668   18.8774
   -7.5000  -30.0000  -15.000012904.5898   18.8324
    0.0000  -30.0000  -15.000013565.6846   18.8608
    7.5000  -30.0000  -15.000012998.3984   18.8613
   -7.5000  -22.5000  -15.000013585.3428   18.8191
    0.0000  -22.5000  -15.000014315.0674   18.8453
    7.5000  -22.5000  -15.000013717.3457   18.8462
   -7.5000  -15.0000  -15.000014070.4463   18.8157
    0.0000  -15.0000  -15.000014848.0205   18.8453
    7.5000  -15.0000  -15.000014226.9834   18.8464
   -7.5000   -7.5000  -15.000014335.7080   18.8286
    0.0000   -7.5000  -15.000015142.5918   18.8622
    7.5000   -7.5000  -15.000014516.5312   18.8626
   -7.5000    0.0000  -15.000014519.0547   18.8425
    0.0000    0.0000  -15.000015332.8477   18.8787
    7.5000    0.0000  -15.000014684.7969   18.8782
   -7.5000    7.5000  -15.000013535.5146   18.8429
    0.0000    7.5000  -15.000014271.6504   18.8773
    7.5000    7.5000  -15.000013662.3467   18.8774
   -7.5000   15.0000  -15.000012351.0322   18.8324
    0.0000   15.0000  -15.000013014.5479   18.8608
    7.5000   15.0000  -15.000012459.0918   18.8613
   -7.5000   22.5000  -15.000011126.6514   18.8125
    0.0000   22.5000  -15.000011700.2998   18.8386
    7.5000   22.5000  -15.000011236.1924   18.8395
   -7.5000   30.0000  -15.0000 9953.7148   18.5793
    0.0000   30.0000  -15.000010447.2598   18.6088
    7.5000   30.0000  -15.000010038.0781   18.6102
   -7.5000   37.5000  -15.0000 9158.5557   18.7207
    0.0000   37.5000  -15.0000 9583.6504   18.7538
    7.5000   37.5000  -15.0000 9209.2061   18.7537
   -7.5000   45.0000  -15.0000 8023.6460   18.5630
    0.0000   45.0000  -15.0000 8376.1006   18.6004
    7.5000   45.0000  -15.0000 8039.6108   18.6006
   -7.5000  -45.0000   -7.500012579.1279   19.0594
    0.0000  -45.0000   -7.500013167.3135   19.0883
    7.5000  -45.0000   -7.500012674.5566   19.0815
   -7.5000  -37.5000   -7.500012814.2354   19.0620
    0.0000  -37.5000   -7.500013396.5273   19.0894
    7.5000  -37.5000   -7.500012874.8809   19.0824
   -7.5000  -30.0000   -7.500013581.2266   19.0568
    0.0000  -30.0000   -7.500014203.1465   19.0788
    7.5000  -30.0000   -7.500013607.6191   19.0707
   -7.5000  -22.5000   -7.500014311.5273   19.0439
    0.0000  -22.5000   -7.500015011.1270   19.0639
    7.5000  -22.5000   -7.500014383.2910   19.0552
   -7.5000  -15.0000   -7.500014852.0293   19.0362
    0.0000  -15.0000   -7.500015607.6494   19.0599
    7.5000  -15.0000   -7.500014949.4941   19.0527
   -7.5000   -7.5000   -7.500015122.9844   19.0448
    0.0000   -7.5000   -7.500015922.5947   19.0723
    7.5000   -7.5000   -7.500015261.5664   19.0658
   -7.5000    0.0000   -7.500015219.1074   19.0578
    0.0000    0.0000   -7.500016070.7539   19.0868
    7.5000    0.0000   -7.500015379.6201   19.0800
   -7.5000    7.5000   -7.500014145.3916   19.0620
    0.0000    7.5000   -7.500014919.6963   19.0894
    7.5000    7.5000   -7.500014280.7256   19.0824
   -7.5000   15.0000   -7.500012899.0303   19.0568
    0.0000   15.0000   -7.500013560.4014   19.0788
    7.5000   15.0000   -7.500012989.8965   19.0707
   -7.5000   22.5000   -7.500011623.1270   19.0352
    0.0000   22.5000   -7.500012202.6221   19.0551
    7.5000   22.5000   -7.500011701.9922   19.0464
   -7.5000   30.0000   -7.500010382.8135   18.7968
    0.0000   30.0000   -7.500010885.3340   18.8204
    7.5000   30.0000   -7.500010443.1143   18.8136
   -7.5000   37.5000   -7.5000 9528.7686   18.9302
    0.0000   37.5000   -7.5000 9965.8467   18.9569
    7.5000   37.5000   -7.5000 9570.9150   18.9499
   -7.5000   45.0000   -7.5000 8322.4707   18.7741
    0.0000   45.0000   -7.5000 8673.1338   18.8054
    7.5000   45.0000   -7.5000 8335.0186   18.8001
   -7.5000  -45.0000    0.000013171.5977   19.1188
    0.0000  -45.0000    0.000013744.7949   19.1474
    7.5000  -45.0000    0.000013195.6035   19.1392
   -7.5000  -37.5000    0.000013382.2842   19.1323
    0.0000  -37.5000    0.000013926.4082   19.1594
    7.5000  -37.5000    0.000013386.5996   19.1504
   -7.5000  -30.0000    0.000014115.6904   19.1309
    0.0000  -30.0000    0.000014683.7686   19.1551
    7.5000  -30.0000    0.000014102.1543   19.1453
   -7.5000  -22.5000    0.000014886.8379   19.1113
    0.0000  -22.5000    0.000015534.2959   19.1351
    7.5000  -22.5000    0.000014904.0518   19.1250
   -7.5000  -15.0000    0.000015413.2637   19.0927
    0.0000  -15.0000    0.000016116.0684   19.1202
    7.5000  -15.0000    0.000015462.5371   19.1117
   -7.5000   -7.5000    0.000015711.6436   19.0972
    0.0000   -7.5000    0.000016416.8652   19.1268
    7.5000   -7.5000    0.000015782.7305   19.1195
   -7.5000    0.0000    0.000015760.4141   19.1173
    0.0000    0.0000    0.000016465.8730   19.1459
    7.5000    0.0000    0.000015837.7881   19.1377
   -7.5000    7.5000    0.000014664.5410   19.1323
    0.0000    7.5000    0.000015310.7891   19.1594
    7.5000    7.5000    0.000014696.8047   19.1504
   -7.5000   15.0000    0.000013364.0967   19.1309
    0.0000   15.0000    0.000013941.6992   19.1551
    7.5000   15.0000    0.000013388.5010   19.1453
   -7.5000   22.5000    0.000012024.6963   19.1025
    0.0000   22.5000    0.000012537.8760   19.1262
    7.5000   22.5000    0.000012062.9053   19.1162
   -7.5000   30.0000    0.000010734.0898   18.8531
    0.0000   30.0000    0.000011204.5176   18.8805
    7.5000   30.0000    0.000010779.4482   18.8724
   -7.5000   37.5000    0.0000 9854.5664   18.9810
    0.0000   37.5000    0.000010271.9492   19.0105
    7.5000   37.5000    0.0000 9875.5850   19.0038
   -7.5000   45.0000    0.0000 8590.7246   18.8369
    0.0000   45.0000    0.0000 8933.1904   18.8692
    7.5000   45.0000    0.0000 8572.5801   18.8635
   -7.5000  -45.0000    7.500012730.2012   19.1451
    0.0000  -45.0000    7.500013290.7031   19.1817
    7.5000  -45.0000    7.500012752.3037   19.1793
   -7.5000  -37.5000    7.500012931.2168   19.1666
    0.0000  -37.5000    7.500013449.2070   19.2016
    7.5000  -37.5000    7.500012924.9443   19.1980
   -7.5000  -30.0000    7.500013615.6797   19.1640
    0.0000  -30.0000    7.500014121.6445   19.1978
    7.5000  -30.0000    7.500013590.6875   19.1957
   -7.5000  -22.5000    7.500014346.0762   19.1364
    0.0000  -22.5000    7.500014902.6230   19.1716
    7.5000  -22.5000    7.500014365.8496   19.1708
   -7.5000  -15.0000    7.500014892.4209   19.1105
    0.0000  -15.0000    7.500015455.3555   19.1490
    7.5000  -15.0000    7.500014927.7764   19.1495
   -7.5000   -7.5000    7.500015182.0508   19.1150
    0.0000   -7.5000    7.500015772.8975   19.1538
    7.5000   -7.5000    7.500015203.5039   19.1542
   -7.5000    0.0000    7.500015209.7617   19.1436
    0.0000    0.0000    7.500015780.8193   19.1801
    7.5000    0.0000    7.500015188.0840   19.1778
   -7.5000    7.5000    7.500014097.9746   19.1666
    0.0000    7.5000    7.500014630.0459   19.2016
    7.5000    7.5000    7.500014041.5039   19.1980
   -7.5000   15.0000    7.500012864.0342   19.1640
    0.0000   15.0000    7.500013343.7529   19.1978
    7.5000   15.0000    7.500012800.5352   19.1957
   -7.5000   22.5000    7.500011567.1816   19.1276
    0.0000   22.5000    7.500012003.7676   19.1627
    7.5000   22.5000    7.500011525.4102   19.1619
   -7.5000   30.0000    7.500010315.6543   18.8706
    0.0000   30.0000    7.500010740.7744   18.9089
    7.5000   30.0000    7.500010286.6123   18.9095
   -7.5000   37.5000    7.5000 9438.5850   19.0025
    0.0000   37.5000    7.5000 9810.6172   19.0421
    7.5000   37.5000    7.5000 9409.0801   19.0439
   -7.5000   45.0000    7.5000 8243.8809   18.8708
    0.0000   45.0000    7.5000 8550.0967   18.9111
    7.5000   45.0000    7.5000 8193.6582   18.9112
   -7.5000  -45.0000   15.000012170.1465   19.1657
    0.0000  -45.0000   15.000012679.9258   19.2102
    7.5000  -45.0000   15.000012210.6611   19.2144
   -7.5000  -37.5000   15.000012396.6396   19.1854
    0.0000  -37.5000   15.000012854.5469   19.2278
    7.5000  -37.5000   15.000012392.7480   19.2313
   -7.5000  -30.0000   15.000013072.9258   19.1784
    0.0000  -30.0000   15.000013553.6729   19.2189
    7.5000  -30.0000   15.000013053.9258   19.2256
   -7.5000  -22.5000   15.000013815.8047   19.1493
    0.0000  -22.5000   15.000014356.7051   19.1912
    7.5000  -22.5000   15.000013811.9844   19.2000
   -7.5000  -15.0000   15.000014331.1201   19.1259
    0.0000  -15.0000   15.000014871.3936   19.1710
    7.5000  -15.0000   15.000014321.0215   19.1799
   -7.5000   -7.5000   15.000014625.5664   19.1337
    0.0000   -7.5000   15.000015165.2734   19.1795
    7.5000   -7.5000   15.000014585.4414   19.1871
   -7.5000    0.0000   15.000014642.0889   19.1642
    0.0000    0.0000   15.000015170.7607   19.2087
    7.5000    0.0000   15.000014581.2207   19.2129
   -7.5000    7.5000   15.000013522.5049   19.1854
    0.0000    7.5000   15.000013994.2080   19.2278
    7.5000    7.5000   15.000013415.7363   19.2313
   -7.5000   15.0000   15.000012330.9229   19.1784
    0.0000   15.0000   15.000012772.1289   19.2189
    7.5000   15.0000   15.000012237.0312   19.2256
   -7.5000   22.5000   15.000011082.7109   19.1405
    0.0000   22.5000   15.000011476.2617   19.1824
    7.5000   22.5000   15.000011002.5410   19.1911
   -7.5000   30.0000   15.0000 9863.8115   18.8856
    0.0000   30.0000   15.000010233.2754   18.9304
    7.5000   30.0000   15.0000 9790.2900   18.9394
   -7.5000   37.5000   15.0000 9002.7451   19.0264
    0.0000   37.5000   15.0000 9327.2539   19.0732
    7.5000   37.5000   15.0000 8932.5674   19.0823
   -7.5000   45.0000   15.0000 7838.8462   18.8968
    0.0000   45.0000   15.0000 8117.9668   18.9441
    7.5000   45.0000   15.0000 7768.4478   18.9500
   -7.5000  -45.0000   22.500011506.4912   19.1983
    0.0000  -45.0000   22.500012035.4961   19.2428
    7.5000  -45.0000   22.500011574.8857   19.2476
   -7.5000  -37.5000   22.500011775.1445   19.2062
    0.0000  -37.5000   22.500012246.4521   19.2484
    7.5000  -37.5000   22.500011778.2783   19.2536
   -7.5000  -30.0000   22.500012462.8066   19.1949
    0.0000  -30.0000   22.500012966.9209   19.2327
    7.5000  -30.0000   22.500012464.9990   19.2405
   -7.5000  -22.5000   22.500013183.6875   19.1732
    0.0000  -22.5000   22.500013708.0039   19.2106
    7.5000  -22.5000   22.500013168.6230   19.2196
   -7.5000  -15.0000   22.500013698.2305   19.1611
    0.0000  -15.0000   22.500014228.6787   19.2018
    7.5000  -15.0000   22.500013656.8467   19.2104
   -7.5000   -7.5000   22.500013995.0459   19.1736
    0.0000   -7.5000   22.500014524.1533   19.2168
    7.5000   -7.5000   22.500013948.4756   19.2238
   -7.5000    0.0000   22.500014016.8662   19.1967
    0.0000    0.0000   22.500014531.7725   19.2413
    7.5000    0.0000   22.500013947.6074   19.2461
   -7.5000    7.5000   22.500012877.4229   19.2062
    0.0000    7.5000   22.500013333.1963   19.2484
    7.5000    7.5000   22.500012769.4160   19.2536
   -7.5000   15.0000   22.500011706.4209   19.1949
    0.0000   15.0000   22.500012157.4395   19.2327
    7.5000   15.0000   22.500011629.9307   19.2405
   -7.5000   22.5000   22.500010511.0752   19.1643
    0.0000   22.5000   22.500010915.9629   19.2017
    7.5000   22.5000   22.500010442.1045   19.2107
   -7.5000   30.0000   22.5000 9329.5410   18.9204
    0.0000   30.0000   22.5000 9702.1777   18.9608
    7.5000   30.0000   22.5000 9265.3398   18.9695
   -7.5000   37.5000   22.5000 8490.6533   19.0677
    0.0000   37.5000   22.5000 8813.4365   19.1114
    7.5000   37.5000   22.5000 8421.9609   19.1188
   -7.5000   45.0000   22.5000 7386.4517   18.9268
    0.0000   45.0000   22.5000 7663.4170   18.9730
    7.5000   45.0000   22.5000 7321.5215   18.9785
   -7.5000  -45.0000   30.000010713.9521   19.2515
    0.0000  -45.0000   30.000011234.4785   19.2889
    7.5000  -45.0000   30.000010808.6846   19.2886
   -7.5000  -37.5000   30.000011004.8281   19.2503
    0.0000  -37.5000   30.000011500.1045   19.2858
    7.5000  -37.5000   30.000011058.6504   19.2860
   -7.5000  -30.0000   30.000011683.4600   19.2395
    0.0000  -30.0000   30.000012207.2100   19.2689
    7.5000  -30.0000   30.000011720.3184   19.2696
   -7.5000  -22.5000   30.000012366.7471   19.2260
    0.0000  -22.5000   30.000012905.3965   19.2532
    7.5000  -22.5000   30.000012354.0459   19.2541
   -7.5000  -15.0000   30.000012839.3916   19.2225
    0.0000  -15.0000   30.000013377.8174   19.2532
    7.5000  -15.0000   30.000012816.9238   19.2545
   -7.5000   -7.5000   30.000013135.9482   19.2357
    0.0000   -7.5000   30.000013660.9609   19.2705
    7.5000   -7.5000   30.000013107.8350   19.2710
   -7.5000    0.0000   30.000013166.3887   19.2499
    0.0000    0.0000   30.000013693.3242   19.2874
    7.5000    0.0000   30.000013121.7275   19.2870
   -7.5000    7.5000   30.000012068.7070   19.2503
    0.0000    7.5000   30.000012531.3398   19.2858
    7.5000    7.5000   30.000012008.5859   19.2860
   -7.5000   15.0000   30.000010960.7783   19.2395
    0.0000   15.0000   30.000011401.2471   19.2689
    7.5000   15.0000   30.000010909.2930   19.2696
   -7.5000   22.5000   30.0000 9841.4258   19.2172
    0.0000   22.5000   30.000010252.5547   19.2443
    7.5000   22.5000   30.0000 9805.3711   19.2452
   -7.5000   30.0000   30.0000 8718.7705   18.9811
    0.0000   30.0000   30.0000 9102.0674   19.0116
    7.5000   30.0000   30.0000 8693.5020   19.0132
   -7.5000   37.5000   30.0000 7924.3140   19.1265
    0.0000   37.5000   30.0000 8256.9785   19.1609
    7.5000   37.5000   30.0000 7896.8936   19.1608
   -7.5000   45.0000   30.0000 6892.6831   18.9726
    0.0000   45.0000   30.0000 7179.9121   19.0114
    7.5000   45.0000   30.0000 6864.6514   19.0117
   -7.5000  -45.0000   37.500010279.8193   19.4126
    0.0000  -45.0000   37.500010818.5342   19.4426
    7.5000  -45.0000   37.500010406.1221   19.4358
   -7.5000  -37.5000   37.500010563.6875   19.4152
    0.0000  -37.5000   37.500011099.2930   19.4435
    7.5000  -37.5000   37.500010676.0889   19.4365
   -7.5000  -30.0000   37.500011227.1064   19.4095
    0.0000  -30.0000   37.500011779.4277   19.4323
    7.5000  -30.0000   37.500011302.2178   19.4242
   -7.5000  -22.5000   37.500011863.7266   19.3961
    0.0000  -22.5000   37.500012420.5879   19.4167
    7.5000  -22.5000   37.500011887.1328   19.4081
   -7.5000  -15.0000   37.500012331.6279   19.3883
    0.0000  -15.0000   37.500012884.6182   19.4128
    7.5000  -15.0000   37.500012342.6875   19.4058
   -7.5000   -7.5000   37.500012637.6582   19.3975
    0.0000   -7.5000   37.500013180.5693   19.4259
    7.5000   -7.5000   37.500012637.5820   19.4196
   -7.5000    0.0000   37.500012693.5059   19.4110
    0.0000    0.0000   37.500013251.7178   19.4410
    7.5000    0.0000   37.500012711.4590   19.4343
   -7.5000    7.5000   37.500011648.5859   19.4152
    0.0000    7.5000   37.500012135.4004   19.4435
    7.5000    7.5000   37.500011651.6328   19.4365
   -7.5000   15.0000   37.500010567.8594   19.4095
    0.0000   15.0000   37.500011032.2178   19.4323
    7.5000   15.0000   37.500010572.2578   19.4242
   -7.5000   22.5000   37.5000 9502.0352   19.3872
    0.0000   22.5000   37.5000 9933.6885   19.4078
    7.5000   22.5000   37.5000 9511.0332   19.3992
   -7.5000   30.0000   37.5000 8422.4727   19.1451
    0.0000   30.0000   37.5000 8800.3633   19.1695
    7.5000   30.0000   37.5000 8420.3809   19.1629
   -7.5000   37.5000   37.5000 7654.0830   19.2834
    0.0000   37.5000   37.5000 7990.0225   19.3110
    7.5000   37.5000   37.5000 7654.9609   19.3042
   -7.5000   45.0000   37.5000 6676.3789   19.1290
    0.0000   45.0000   37.5000 6957.9717   19.1614
    7.5000   45.0000   37.5000 6658.9619   19.1563
   -7.5000  -45.0000   45.0000 9358.3330   19.6063
    0.0000  -45.0000   45.0000 9894.7148   19.6362
    7.5000  -45.0000   45.0000 9529.6104   19.6280
   -7.5000  -37.5000   45.0000 9633.8408   19.6194
    0.0000  -37.5000   45.000010163.6396   19.6479
    7.5000  -37.5000   45.0000 9773.7129   19.6389
   -7.5000  -30.0000   45.000010229.7627   19.6176
    0.0000  -30.0000   45.000010767.1309   19.6435
    7.5000  -30.0000   45.000010355.5107   19.6339
   -7.5000  -22.5000   45.000010793.4688   19.5977
    0.0000  -22.5000   45.000011335.6094   19.6236
    7.5000  -22.5000   45.000010876.6543   19.6137
   -7.5000  -15.0000   45.000011231.0625   19.5791
    0.0000  -15.0000   45.000011778.3213   19.6088
    7.5000  -15.0000   45.000011288.6250   19.6007
   -7.5000   -7.5000   45.000011529.2598   19.5841
    0.0000   -7.5000   45.000012081.0361   19.6156
    7.5000   -7.5000   45.000011589.2129   19.6084
   -7.5000    0.0000   45.000011615.2051   19.6046
    0.0000    0.0000   45.000012162.8633   19.6346
    7.5000    0.0000   45.000011671.2432   19.6264
   -7.5000    7.5000   45.000010673.4170   19.6194
    0.0000    7.5000   45.000011182.3105   19.6479
    7.5000    7.5000   45.000010732.6670   19.6389
   -7.5000   15.0000   45.0000 9694.3252   19.6176
    0.0000   15.0000   45.000010158.4404   19.6435
    7.5000   15.0000   45.0000 9744.0615   19.6339
   -7.5000   22.5000   45.0000 8734.5908   19.5886
    0.0000   22.5000   45.0000 9162.2158   19.6145
    7.5000   22.5000   45.0000 8771.1602   19.6046
   -7.5000   30.0000   45.0000 7760.5547   19.3310
    0.0000   30.0000   45.0000 8119.7046   19.3606
    7.5000   30.0000   45.0000 7780.5093   19.3528
   -7.5000   37.5000   45.0000 7067.9365   19.4583
    0.0000   37.5000   45.0000 7380.7271   19.4895
    7.5000   37.5000   45.0000 7074.2539   19.4829
   -7.5000   45.0000   45.0000 6175.5337   19.3188
    0.0000   45.0000   45.0000 6431.4878   19.3524
    7.5000   45.0000   45.0000 6162.5420   19.3468

---------------------------------------------------------------------
imgreg_4dfp /opt/freesurfer/average/711-2C_as_mni_average_305 /opt/freesurfer/average/711-2B_as_mni_average_305_mask talsrcimg_g11 none talsrcimg_to_711-2C_as_mni_average_305_t4 4355
---------------------------------------------------------------------

freesurfer imgreg_4dfp.c
/opt/freesurfer/average/711-2C_as_mni_average_305.4dfp.img
       256       256       256         1
  1.000000  1.000000  1.000000
orientation T byte_order littleendian
Reading image: /opt/freesurfer/average/711-2C_as_mni_average_305.4dfp.img
dimensions:      256       256       256
mmppix:       1.0000   -1.0000   -1.0000
center:     128.0000 -129.0000 -129.0000
/opt/freesurfer/average/711-2B_as_mni_average_305_mask.4dfp.img
       256       256       256         1
  1.000000  1.000000  1.000000
orientation T byte_order littleendian
Reading mask: /opt/freesurfer/average/711-2B_as_mni_average_305_mask.4dfp.img (2306576 pixels)
talsrcimg_g11.4dfp.img
       256       256       256         1
  1.000000  1.000000  1.000000
orientation T byte_order littleendian
Reading image: talsrcimg_g11.4dfp.img
dimensions:      256       256       256
mmppix:       1.0000   -1.0000   -1.0000
center:     128.0000 -129.0000 -129.0000
rotation matrix determinant  1.000000
image alignment mode   4355 decimal     1103 hex
   -7.5000  -45.0000  -45.0000 2269.2476   14.8974
    0.0000  -45.0000  -45.0000 2290.5544   14.6565
    7.5000  -45.0000  -45.0000 2288.4836   14.6759
   -7.5000  -37.5000  -45.0000 2289.3369   14.5137
    0.0000  -37.5000  -45.0000 2314.5193   14.2571
    7.5000  -37.5000  -45.0000 2307.5510   14.2625
   -7.5000  -30.0000  -45.0000 2291.1030   14.4513
    0.0000  -30.0000  -45.0000 2314.3757   14.1667
    7.5000  -30.0000  -45.0000 2303.3193   14.1812
   -7.5000  -22.5000  -45.0000 2282.5437   14.6271
    0.0000  -22.5000  -45.0000 2307.1270   14.3157
    7.5000  -22.5000  -45.0000 2293.2461   14.3337
   -7.5000  -15.0000  -45.0000 2251.9700   15.0880
    0.0000  -15.0000  -45.0000 2280.2920   14.7787
    7.5000  -15.0000  -45.0000 2268.0129   14.7981
   -7.5000   -7.5000  -45.0000 2204.5879   15.8161
    0.0000   -7.5000  -45.0000 2232.5994   15.5159
    7.5000   -7.5000  -45.0000 2220.9446   15.5635
   -7.5000    0.0000  -45.0000 2135.5154   16.8406
    0.0000    0.0000  -45.0000 2164.4028   16.5401
    7.5000    0.0000  -45.0000 2154.6692   16.6152
   -7.5000    7.5000  -45.0000 2050.9070   18.2280
    0.0000    7.5000  -45.0000 2079.0698   17.8850
    7.5000    7.5000  -45.0000 2066.3198   17.9807
   -7.5000   15.0000  -45.0000 1950.5831   20.0819
    0.0000   15.0000  -45.0000 1977.1132   19.6919
    7.5000   15.0000  -45.0000 1963.9812   19.7569
   -7.5000   22.5000  -45.0000 1845.9945   22.5782
    0.0000   22.5000  -45.0000 1871.1193   22.1793
    7.5000   22.5000  -45.0000 1854.6847   22.2266
   -7.5000   30.0000  -45.0000 1725.8568   25.9691
    0.0000   30.0000  -45.0000 1745.0729   25.5653
    7.5000   30.0000  -45.0000 1734.2090   25.6221
   -7.5000   37.5000  -45.0000 1593.4197   30.6875
    0.0000   37.5000  -45.0000 1613.8828   30.2193
    7.5000   37.5000  -45.0000 1606.1028   30.2926
   -7.5000   45.0000  -45.0000 1452.8516   37.3204
    0.0000   45.0000  -45.0000 1470.7965   36.7660
    7.5000   45.0000  -45.0000 1465.1340   36.8797
   -7.5000  -45.0000  -37.5000 2362.9966   13.8043
    0.0000  -45.0000  -37.5000 2389.0232   13.5782
    7.5000  -45.0000  -37.5000 2385.5337   13.5811
   -7.5000  -37.5000  -37.5000 2389.9597   13.4636
    0.0000  -37.5000  -37.5000 2411.2410   13.2308
    7.5000  -37.5000  -37.5000 2407.0857   13.2178
   -7.5000  -30.0000  -37.5000 2390.5400   13.4136
    0.0000  -30.0000  -37.5000 2416.0840   13.1619
    7.5000  -30.0000  -37.5000 2407.2410   13.1490
   -7.5000  -22.5000  -37.5000 2375.6218   13.5594
    0.0000  -22.5000  -37.5000 2406.5737   13.2901
    7.5000  -22.5000  -37.5000 2395.8853   13.2990
   -7.5000  -15.0000  -37.5000 2348.7690   13.9534
    0.0000  -15.0000  -37.5000 2380.5798   13.6868
    7.5000  -15.0000  -37.5000 2366.6294   13.6968
   -7.5000   -7.5000  -37.5000 2300.7036   14.5913
    0.0000   -7.5000  -37.5000 2332.4629   14.3290
    7.5000   -7.5000  -37.5000 2320.3467   14.3820
   -7.5000    0.0000  -37.5000 2227.6528   15.5500
    0.0000    0.0000  -37.5000 2261.7080   15.2778
    7.5000    0.0000  -37.5000 2249.8735   15.3372
   -7.5000    7.5000  -37.5000 2137.1208   16.8106
    0.0000    7.5000  -37.5000 2167.3867   16.5218
    7.5000    7.5000  -37.5000 2153.7927   16.5965
   -7.5000   15.0000  -37.5000 2028.6680   18.5145
    0.0000   15.0000  -37.5000 2055.8513   18.1649
    7.5000   15.0000  -37.5000 2043.0250   18.2156
   -7.5000   22.5000  -37.5000 1913.9304   20.7500
    0.0000   22.5000  -37.5000 1941.1898   20.3962
    7.5000   22.5000  -37.5000 1926.1416   20.4407
   -7.5000   30.0000  -37.5000 1795.2760   23.8227
    0.0000   30.0000  -37.5000 1817.5198   23.4769
    7.5000   30.0000  -37.5000 1804.6467   23.5023
   -7.5000   37.5000  -37.5000 1659.9583   28.0289
    0.0000   37.5000  -37.5000 1679.9608   27.6533
    7.5000   37.5000  -37.5000 1668.7732   27.6747
   -7.5000   45.0000  -37.5000 1510.8883   33.8426
    0.0000   45.0000  -37.5000 1532.5457   33.4159
    7.5000   45.0000  -37.5000 1527.7750   33.4723
   -7.5000  -45.0000  -30.0000 2498.8909   13.2486
    0.0000  -45.0000  -30.0000 2528.8213   13.0467
    7.5000  -45.0000  -30.0000 2520.3694   13.0500
   -7.5000  -37.5000  -30.0000 2531.3960   12.9370
    0.0000  -37.5000  -30.0000 2561.2600   12.7149
    7.5000  -37.5000  -30.0000 2551.7744   12.7012
   -7.5000  -30.0000  -30.0000 2537.7290   12.8844
    0.0000  -30.0000  -30.0000 2573.1714   12.6578
    7.5000  -30.0000  -30.0000 2560.7163   12.6462
   -7.5000  -22.5000  -30.0000 2524.7588   13.0491
    0.0000  -22.5000  -30.0000 2561.8171   12.8211
    7.5000  -22.5000  -30.0000 2551.9421   12.8050
   -7.5000  -15.0000  -30.0000 2498.4116   13.4177
    0.0000  -15.0000  -30.0000 2531.6794   13.1842
    7.5000  -15.0000  -30.0000 2521.4019   13.1976
   -7.5000   -7.5000  -30.0000 2444.3237   14.0164
    0.0000   -7.5000  -30.0000 2480.8535   13.7880
    7.5000   -7.5000  -30.0000 2468.4536   13.8174
   -7.5000    0.0000  -30.0000 2368.1321   14.9250
    0.0000    0.0000  -30.0000 2402.8640   14.6697
    7.5000    0.0000  -30.0000 2387.6260   14.7259
   -7.5000    7.5000  -30.0000 2268.5696   16.1307
    0.0000    7.5000  -30.0000 2298.5933   15.8594
    7.5000    7.5000  -30.0000 2285.3667   15.9096
   -7.5000   15.0000  -30.0000 2150.9124   17.7588
    0.0000   15.0000  -30.0000 2176.4900   17.4407
    7.5000   15.0000  -30.0000 2167.5259   17.4780
   -7.5000   22.5000  -30.0000 2028.1626   19.8866
    0.0000   22.5000  -30.0000 2048.0977   19.5734
    7.5000   22.5000  -30.0000 2039.0338   19.6157
   -7.5000   30.0000  -30.0000 1896.5068   22.7338
    0.0000   30.0000  -30.0000 1918.0647   22.3959
    7.5000   30.0000  -30.0000 1904.7704   22.4702
   -7.5000   37.5000  -30.0000 1755.2581   26.7178
    0.0000   37.5000  -30.0000 1777.7865   26.3404
    7.5000   37.5000  -30.0000 1761.6709   26.3715
   -7.5000   45.0000  -30.0000 1601.1970   32.0964
    0.0000   45.0000  -30.0000 1623.5624   31.5827
    7.5000   45.0000  -30.0000 1612.5988   31.6958
   -7.5000  -45.0000  -22.5000 2605.7239   12.6604
    0.0000  -45.0000  -22.5000 2634.0547   12.4756
    7.5000  -45.0000  -22.5000 2626.5955   12.4884
   -7.5000  -37.5000  -22.5000 2649.4482   12.3180
    0.0000  -37.5000  -22.5000 2679.7446   12.1050
    7.5000  -37.5000  -22.5000 2665.5613   12.1076
   -7.5000  -30.0000  -22.5000 2663.7998   12.2713
    0.0000  -30.0000  -22.5000 2704.3752   12.0511
    7.5000  -30.0000  -22.5000 2685.0764   12.0293
   -7.5000  -22.5000  -22.5000 2655.1570   12.4516
    0.0000  -22.5000  -22.5000 2697.1147   12.2180
    7.5000  -22.5000  -22.5000 2681.6294   12.2015
   -7.5000  -15.0000  -22.5000 2624.8169   12.8349
    0.0000  -15.0000  -22.5000 2664.8970   12.6234
    7.5000  -15.0000  -22.5000 2651.7683   12.6185
   -7.5000   -7.5000  -22.5000 2566.2156   13.4173
    0.0000   -7.5000  -22.5000 2607.7539   13.2158
    7.5000   -7.5000  -22.5000 2593.0149   13.2210
   -7.5000    0.0000  -22.5000 2483.2002   14.2606
    0.0000    0.0000  -22.5000 2519.1797   14.0355
    7.5000    0.0000  -22.5000 2501.6902   14.0719
   -7.5000    7.5000  -22.5000 2373.3584   15.4017
    0.0000    7.5000  -22.5000 2404.1077   15.1567
    7.5000    7.5000  -22.5000 2391.2815   15.1757
   -7.5000   15.0000  -22.5000 2247.9487   16.9085
    0.0000   15.0000  -22.5000 2274.8079   16.6342
    7.5000   15.0000  -22.5000 2263.9060   16.6715
   -7.5000   22.5000  -22.5000 2114.1782   18.9436
    0.0000   22.5000  -22.5000 2133.8025   18.6480
    7.5000   22.5000  -22.5000 2124.8345   18.6993
   -7.5000   30.0000  -22.5000 1978.1935   21.6347
    0.0000   30.0000  -22.5000 1996.0070   21.3380
    7.5000   30.0000  -22.5000 1985.4100   21.3871
   -7.5000   37.5000  -22.5000 1826.6102   25.2900
    0.0000   37.5000  -22.5000 1852.1063   24.9526
    7.5000   37.5000  -22.5000 1838.5312   25.0116
   -7.5000   45.0000  -22.5000 1668.1256   30.2632
    0.0000   45.0000  -22.5000 1689.8326   29.8505
    7.5000   45.0000  -22.5000 1679.9009   29.9033
   -7.5000  -45.0000  -15.0000 2680.0171   12.1894
    0.0000  -45.0000  -15.0000 2709.7271   11.9729
    7.5000  -45.0000  -15.0000 2698.2839   11.9779
   -7.5000  -37.5000  -15.0000 2736.2832   11.7864
    0.0000  -37.5000  -15.0000 2770.2173   11.5477
    7.5000  -37.5000  -15.0000 2754.9595   11.5543
   -7.5000  -30.0000  -15.0000 2757.7415   11.7221
    0.0000  -30.0000  -15.0000 2802.9072   11.4867
    7.5000  -30.0000  -15.0000 2781.4695   11.4705
   -7.5000  -22.5000  -15.0000 2752.4529   11.9163
    0.0000  -22.5000  -15.0000 2804.6482   11.6748
    7.5000  -22.5000  -15.0000 2787.5862   11.6529
   -7.5000  -15.0000  -15.0000 2721.8064   12.3029
    0.0000  -15.0000  -15.0000 2772.8601   12.1014
    7.5000  -15.0000  -15.0000 2756.0901   12.0841
   -7.5000   -7.5000  -15.0000 2657.5144   12.8794
    0.0000   -7.5000  -15.0000 2706.1648   12.6904
    7.5000   -7.5000  -15.0000 2691.0957   12.6776
   -7.5000    0.0000  -15.0000 2563.8792   13.6698
    0.0000    0.0000  -15.0000 2607.2649   13.4507
    7.5000    0.0000  -15.0000 2589.4878   13.4744
   -7.5000    7.5000  -15.0000 2447.0532   14.7514
    0.0000    7.5000  -15.0000 2481.0161   14.4991
    7.5000    7.5000  -15.0000 2466.3098   14.5266
   -7.5000   15.0000  -15.0000 2313.9211   16.1915
    0.0000   15.0000  -15.0000 2347.0632   15.9397
    7.5000   15.0000  -15.0000 2329.5322   15.9517
   -7.5000   22.5000  -15.0000 2170.6938   18.1339
    0.0000   22.5000  -15.0000 2199.0793   17.8503
    7.5000   22.5000  -15.0000 2184.5618   17.8681
   -7.5000   30.0000  -15.0000 2025.7109   20.6777
    0.0000   30.0000  -15.0000 2050.6914   20.3586
    7.5000   30.0000  -15.0000 2041.0409   20.4179
   -7.5000   37.5000  -15.0000 1870.7111   24.0821
    0.0000   37.5000  -15.0000 1896.4226   23.7027
    7.5000   37.5000  -15.0000 1885.4586   23.8278
   -7.5000   45.0000  -15.0000 1709.9185   28.6828
    0.0000   45.0000  -15.0000 1731.2887   28.2582
    7.5000   45.0000  -15.0000 1723.5386   28.3784
   -7.5000  -45.0000   -7.5000 2723.1885   11.8464
    0.0000  -45.0000   -7.5000 2757.5303   11.5491
    7.5000  -45.0000   -7.5000 2743.0217   11.5676
   -7.5000  -37.5000   -7.5000 2793.4666   11.3726
    0.0000  -37.5000   -7.5000 2837.6160   11.0960
    7.5000  -37.5000   -7.5000 2818.0264   11.1084
   -7.5000  -30.0000   -7.5000 2829.8613   11.2682
    0.0000  -30.0000   -7.5000 2881.2576   11.0016
    7.5000  -30.0000   -7.5000 2859.0173   10.9984
   -7.5000  -22.5000   -7.5000 2826.8301   11.4636
    0.0000  -22.5000   -7.5000 2886.9060   11.2208
    7.5000  -22.5000   -7.5000 2870.3491   11.2028
   -7.5000  -15.0000   -7.5000 2793.1843   11.8477
    0.0000  -15.0000   -7.5000 2855.0559   11.6375
    7.5000  -15.0000   -7.5000 2835.0361   11.6349
   -7.5000   -7.5000   -7.5000 2721.3806   12.4171
    0.0000   -7.5000   -7.5000 2777.0759   12.2055
    7.5000   -7.5000   -7.5000 2757.9456   12.2162
   -7.5000    0.0000   -7.5000 2617.1475   13.1800
    0.0000    0.0000   -7.5000 2666.5295   12.9637
    7.5000    0.0000   -7.5000 2645.8506   12.9749
   -7.5000    7.5000   -7.5000 2493.2180   14.2170
    0.0000    7.5000   -7.5000 2533.5979   13.9749
    7.5000    7.5000   -7.5000 2514.5415   13.9863
   -7.5000   15.0000   -7.5000 2356.0879   15.6096
    0.0000   15.0000   -7.5000 2389.2605   15.3496
    7.5000   15.0000   -7.5000 2371.1921   15.3657
   -7.5000   22.5000   -7.5000 2210.4138   17.4707
    0.0000   22.5000   -7.5000 2241.3884   17.1979
    7.5000   22.5000   -7.5000 2225.4773   17.2161
   -7.5000   30.0000   -7.5000 2058.4653   19.8570
    0.0000   30.0000   -7.5000 2084.1245   19.5918
    7.5000   30.0000   -7.5000 2071.5378   19.6543
   -7.5000   37.5000   -7.5000 1896.9772   23.0536
    0.0000   37.5000   -7.5000 1923.6169   22.7074
    7.5000   37.5000   -7.5000 1915.3445   22.7936
   -7.5000   45.0000   -7.5000 1730.3741   27.2754
    0.0000   45.0000   -7.5000 1750.0024   26.8844
    7.5000   45.0000   -7.5000 1747.8242   27.0793
   -7.5000  -45.0000    0.0000 2734.9248   11.6538
    0.0000  -45.0000    0.0000 2777.2007   11.3311
    7.5000  -45.0000    0.0000 2760.2654   11.3401
   -7.5000  -37.5000    0.0000 2817.1768   11.1574
    0.0000  -37.5000    0.0000 2869.7156   10.8561
    7.5000  -37.5000    0.0000 2851.3030   10.8645
   -7.5000  -30.0000    0.0000 2865.1067   10.9960
    0.0000  -30.0000    0.0000 2934.9729   10.6929
    7.5000  -30.0000    0.0000 2908.8262   10.7202
   -7.5000  -22.5000    0.0000 2876.4622   11.1277
    0.0000  -22.5000    0.0000 2948.6008   10.8659
    7.5000  -22.5000    0.0000 2928.7480   10.8686
   -7.5000  -15.0000    0.0000 2834.8735   11.4963
    0.0000  -15.0000    0.0000 2901.6201   11.2597
    7.5000  -15.0000    0.0000 2881.5154   11.2609
   -7.5000   -7.5000    0.0000 2757.6033   12.0695
    0.0000   -7.5000    0.0000 2807.8406   11.8535
    7.5000   -7.5000    0.0000 2793.5537   11.8612
   -7.5000    0.0000    0.0000 2646.7026   12.8474
    0.0000    0.0000    0.0000 2688.6729   12.6218
    7.5000    0.0000    0.0000 2673.5732   12.6443
   -7.5000    7.5000    0.0000 2519.5405   13.8881
    0.0000    7.5000    0.0000 2556.6157   13.6274
    7.5000    7.5000    0.0000 2538.6194   13.6619
   -7.5000   15.0000    0.0000 2375.5750   15.2518
    0.0000   15.0000    0.0000 2409.1040   14.9564
    7.5000   15.0000    0.0000 2392.6013   15.0100
   -7.5000   22.5000    0.0000 2225.2896   17.0148
    0.0000   22.5000    0.0000 2254.7456   16.7120
    7.5000   22.5000    0.0000 2239.9355   16.7845
   -7.5000   30.0000    0.0000 2072.1802   19.3078
    0.0000   30.0000    0.0000 2098.8723   19.0319
    7.5000   30.0000    0.0000 2086.3311   19.1208
   -7.5000   37.5000    0.0000 1914.8844   22.3227
    0.0000   37.5000    0.0000 1939.0706   22.0258
    7.5000   37.5000    0.0000 1928.5575   22.1253
   -7.5000   45.0000    0.0000 1743.1594   26.3020
    0.0000   45.0000    0.0000 1766.6023   25.9582
    7.5000   45.0000    0.0000 1757.2117   26.1337
   -7.5000  -45.0000    7.5000 2723.7322   11.6414
    0.0000  -45.0000    7.5000 2771.7542   11.3040
    7.5000  -45.0000    7.5000 2757.0781   11.3405
   -7.5000  -37.5000    7.5000 2816.9868   11.1174
    0.0000  -37.5000    7.5000 2875.5920   10.8059
    7.5000  -37.5000    7.5000 2858.3079   10.8322
   -7.5000  -30.0000    7.5000 2872.2144   10.9068
    0.0000  -30.0000    7.5000 2948.1230   10.5847
    7.5000  -30.0000    7.5000 2926.4722   10.6141
   -7.5000  -22.5000    7.5000 2889.5881   10.9868
    0.0000  -22.5000    7.5000 2965.3469   10.6988
    7.5000  -22.5000    7.5000 2948.1086   10.7431
   -7.5000  -15.0000    7.5000 2849.0483   11.3514
    0.0000  -15.0000    7.5000 2908.9333   11.1040
    7.5000  -15.0000    7.5000 2896.4912   11.1408
   -7.5000   -7.5000    7.5000 2765.4707   11.9228
    0.0000   -7.5000    7.5000 2814.9021   11.6819
    7.5000   -7.5000    7.5000 2798.7214   11.7258
   -7.5000    0.0000    7.5000 2649.7822   12.7302
    0.0000    0.0000    7.5000 2690.2185   12.4883
    7.5000    0.0000    7.5000 2674.9932   12.5215
   -7.5000    7.5000    7.5000 2517.4827   13.7811
    0.0000    7.5000    7.5000 2552.6538   13.5300
    7.5000    7.5000    7.5000 2537.3499   13.5518
   -7.5000   15.0000    7.5000 2376.0554   15.1022
    0.0000   15.0000    7.5000 2405.1899   14.8393
    7.5000   15.0000    7.5000 2393.3943   14.8746
   -7.5000   22.5000    7.5000 2227.3618   16.7898
    0.0000   22.5000    7.5000 2253.2122   16.5433
    7.5000   22.5000    7.5000 2243.6716   16.5733
   -7.5000   30.0000    7.5000 2072.8979   18.9753
    0.0000   30.0000    7.5000 2097.7827   18.7314
    7.5000   30.0000    7.5000 2086.1233   18.7815
   -7.5000   37.5000    7.5000 1913.0665   21.9042
    0.0000   37.5000    7.5000 1936.5453   21.5968
    7.5000   37.5000    7.5000 1928.1909   21.7047
   -7.5000   45.0000    7.5000 1745.0386   25.8340
    0.0000   45.0000    7.5000 1768.0077   25.4854
    7.5000   45.0000    7.5000 1759.1074   25.6588
   -7.5000  -45.0000   15.0000 2689.2390   11.8451
    0.0000  -45.0000   15.0000 2737.7949   11.4768
    7.5000  -45.0000   15.0000 2725.8748   11.5405
   -7.5000  -37.5000   15.0000 2785.3962   11.2816
    0.0000  -37.5000   15.0000 2840.4587   10.9416
    7.5000  -37.5000   15.0000 2828.3801   11.0014
   -7.5000  -30.0000   15.0000 2841.8496   11.0359
    0.0000  -30.0000   15.0000 2910.0859   10.6927
    7.5000  -30.0000   15.0000 2895.7322   10.7401
   -7.5000  -22.5000   15.0000 2857.9502   11.1229
    0.0000  -22.5000   15.0000 2927.5959   10.8359
    7.5000  -22.5000   15.0000 2917.4128   10.8586
   -7.5000  -15.0000   15.0000 2818.6885   11.4206
    0.0000  -15.0000   15.0000 2878.1023   11.1786
    7.5000  -15.0000   15.0000 2869.2090   11.1932
   -7.5000   -7.5000   15.0000 2738.7158   11.9822
    0.0000   -7.5000   15.0000 2786.1455   11.7319
    7.5000   -7.5000   15.0000 2775.7627   11.7519
   -7.5000    0.0000   15.0000 2627.1621   12.8106
    0.0000    0.0000   15.0000 2665.5967   12.5303
    7.5000    0.0000   15.0000 2658.3032   12.5516
   -7.5000    7.5000   15.0000 2498.3486   13.8986
    0.0000    7.5000   15.0000 2530.5847   13.6147
    7.5000    7.5000   15.0000 2521.3311   13.6308
   -7.5000   15.0000   15.0000 2358.1687   15.2077
    0.0000   15.0000   15.0000 2386.2170   14.9137
    7.5000   15.0000   15.0000 2376.5911   14.9680
   -7.5000   22.5000   15.0000 2210.0801   16.9010
    0.0000   22.5000   15.0000 2234.6453   16.6015
    7.5000   22.5000   15.0000 2224.1270   16.6610
   -7.5000   30.0000   15.0000 2055.3262   19.0662
    0.0000   30.0000   15.0000 2078.9050   18.7617
    7.5000   30.0000   15.0000 2070.4829   18.8305
   -7.5000   37.5000   15.0000 1899.2169   21.9096
    0.0000   37.5000   15.0000 1919.9291   21.6023
    7.5000   37.5000   15.0000 1915.0850   21.6843
   -7.5000   45.0000   15.0000 1734.5289   25.6947
    0.0000   45.0000   15.0000 1754.5133   25.3370
    7.5000   45.0000   15.0000 1747.8453   25.4955
   -7.5000  -45.0000   22.5000 2644.3728   12.2647
    0.0000  -45.0000   22.5000 2689.4907   11.8986
    7.5000  -45.0000   22.5000 2682.9668   11.9495
   -7.5000  -37.5000   22.5000 2729.6694   11.6859
    0.0000  -37.5000   22.5000 2776.8655   11.3329
    7.5000  -37.5000   22.5000 2769.6970   11.3772
   -7.5000  -30.0000   22.5000 2781.8467   11.4273
    0.0000  -30.0000   22.5000 2838.5615   11.0919
    7.5000  -30.0000   22.5000 2830.7991   11.1258
   -7.5000  -22.5000   22.5000 2797.2959   11.5052
    0.0000  -22.5000   22.5000 2854.0525   11.2018
    7.5000  -22.5000   22.5000 2844.6541   11.2184
   -7.5000  -15.0000   22.5000 2761.0083   11.8020
    0.0000  -15.0000   22.5000 2809.3562   11.5143
    7.5000  -15.0000   22.5000 2802.2712   11.5267
   -7.5000   -7.5000   22.5000 2683.1807   12.3681
    0.0000   -7.5000   22.5000 2724.3306   12.0756
    7.5000   -7.5000   22.5000 2719.9524   12.0913
   -7.5000    0.0000   22.5000 2582.0879   13.1845
    0.0000    0.0000   22.5000 2616.4746   12.8762
    7.5000    0.0000   22.5000 2611.9409   12.8734
   -7.5000    7.5000   22.5000 2462.2690   14.2199
    0.0000    7.5000   22.5000 2490.2678   13.9110
    7.5000    7.5000   22.5000 2483.2644   13.9184
   -7.5000   15.0000   22.5000 2323.4019   15.5256
    0.0000   15.0000   22.5000 2350.4900   15.2138
    7.5000   15.0000   22.5000 2346.7634   15.2298
   -7.5000   22.5000   22.5000 2180.1445   17.1998
    0.0000   22.5000   22.5000 2203.6235   16.8965
    7.5000   22.5000   22.5000 2197.3120   16.8976
   -7.5000   30.0000   22.5000 2031.5741   19.3530
    0.0000   30.0000   22.5000 2051.0190   19.0619
    7.5000   30.0000   22.5000 2044.0933   19.0907
   -7.5000   37.5000   22.5000 1875.5153   22.1836
    0.0000   37.5000   22.5000 1892.5378   21.8269
    7.5000   37.5000   22.5000 1884.7145   21.9086
   -7.5000   45.0000   22.5000 1711.5563   25.9183
    0.0000   45.0000   22.5000 1727.3677   25.5557
    7.5000   45.0000   22.5000 1721.0459   25.6590
   -7.5000  -45.0000   30.0000 2577.6299   12.9108
    0.0000  -45.0000   30.0000 2620.5710   12.5450
    7.5000  -45.0000   30.0000 2618.8999   12.5644
   -7.5000  -37.5000   30.0000 2655.2261   12.3385
    0.0000  -37.5000   30.0000 2699.9229   11.9859
    7.5000  -37.5000   30.0000 2696.4771   11.9947
   -7.5000  -30.0000   30.0000 2702.5806   12.0854
    0.0000  -30.0000   30.0000 2747.8264   11.7534
    7.5000  -30.0000   30.0000 2742.6345   11.7467
   -7.5000  -22.5000   30.0000 2713.2854   12.1252
    0.0000  -22.5000   30.0000 2756.2061   11.8249
    7.5000  -22.5000   30.0000 2744.8958   11.7972
   -7.5000  -15.0000   30.0000 2677.5291   12.4079
    0.0000  -15.0000   30.0000 2714.3528   12.1342
    7.5000  -15.0000   30.0000 2707.0869   12.1203
   -7.5000   -7.5000   30.0000 2607.8586   12.9647
    0.0000   -7.5000   30.0000 2641.0811   12.6832
    7.5000   -7.5000   30.0000 2638.7437   12.6610
   -7.5000    0.0000   30.0000 2514.9233   13.7561
    0.0000    0.0000   30.0000 2547.1277   13.4542
    7.5000    0.0000   30.0000 2540.9155   13.4274
   -7.5000    7.5000   30.0000 2406.9724   14.7640
    0.0000    7.5000   30.0000 2431.8223   14.4522
    7.5000    7.5000   30.0000 2425.8003   14.4381
   -7.5000   15.0000   30.0000 2276.4070   16.0462
    0.0000   15.0000   30.0000 2299.0181   15.7285
    7.5000   15.0000   30.0000 2296.2615   15.7074
   -7.5000   22.5000   30.0000 2138.9170   17.7346
    0.0000   22.5000   30.0000 2159.3582   17.4028
    7.5000   22.5000   30.0000 2153.4753   17.3862
   -7.5000   30.0000   30.0000 1993.5061   19.8886
    0.0000   30.0000   30.0000 2013.3827   19.5608
    7.5000   30.0000   30.0000 2006.2072   19.5676
   -7.5000   37.5000   30.0000 1839.9171   22.7342
    0.0000   37.5000   30.0000 1855.4858   22.3543
    7.5000   37.5000   30.0000 1850.8717   22.4141
   -7.5000   45.0000   30.0000 1680.6106   26.5091
    0.0000   45.0000   30.0000 1696.2070   26.1333
    7.5000   45.0000   30.0000 1691.8613   26.2040
   -7.5000  -45.0000   37.5000 2500.2651   13.8103
    0.0000  -45.0000   37.5000 2542.4602   13.4679
    7.5000  -45.0000   37.5000 2542.7263   13.4493
   -7.5000  -37.5000   37.5000 2570.4370   13.2143
    0.0000  -37.5000   37.5000 2613.7681   12.9012
    7.5000  -37.5000   37.5000 2612.6101   12.8781
   -7.5000  -30.0000   37.5000 2610.9556   12.9415
    0.0000  -30.0000   37.5000 2647.5042   12.6339
    7.5000  -30.0000   37.5000 2642.5857   12.5976
   -7.5000  -22.5000   37.5000 2618.2378   12.9375
    0.0000  -22.5000   37.5000 2651.3008   12.6476
    7.5000  -22.5000   37.5000 2641.8376   12.5804
   -7.5000  -15.0000   37.5000 2581.9802   13.2315
    0.0000  -15.0000   37.5000 2610.4333   12.9315
    7.5000  -15.0000   37.5000 2603.4407   12.8894
   -7.5000   -7.5000   37.5000 2522.2620   13.7685
    0.0000   -7.5000   37.5000 2545.8723   13.4816
    7.5000   -7.5000   37.5000 2541.6873   13.4305
   -7.5000    0.0000   37.5000 2439.1792   14.5260
    0.0000    0.0000   37.5000 2466.6626   14.2492
    7.5000    0.0000   37.5000 2462.0476   14.1917
   -7.5000    7.5000   37.5000 2344.8301   15.5119
    0.0000    7.5000   37.5000 2362.6504   15.2369
    7.5000    7.5000   37.5000 2359.6421   15.1930
   -7.5000   15.0000   37.5000 2220.2681   16.7909
    0.0000   15.0000   37.5000 2240.3384   16.5012
    7.5000   15.0000   37.5000 2235.3828   16.4597
   -7.5000   22.5000   37.5000 2090.6965   18.4744
    0.0000   22.5000   37.5000 2112.1782   18.1700
    7.5000   22.5000   37.5000 2105.1221   18.1269
   -7.5000   30.0000   37.5000 1950.5807   20.6643
    0.0000   30.0000   37.5000 1968.6666   20.3302
    7.5000   30.0000   37.5000 1960.0380   20.3225
   -7.5000   37.5000   37.5000 1799.4462   23.5321
    0.0000   37.5000   37.5000 1814.3591   23.1987
    7.5000   37.5000   37.5000 1810.3457   23.1798
   -7.5000   45.0000   37.5000 1645.5760   27.5106
    0.0000   45.0000   37.5000 1658.7168   27.0492
    7.5000   45.0000   37.5000 1656.0740   27.0922
   -7.5000  -45.0000   45.0000 2408.3022   14.9898
    0.0000  -45.0000   45.0000 2452.2192   14.6799
    7.5000  -45.0000   45.0000 2451.6960   14.6527
   -7.5000  -37.5000   45.0000 2475.3347   14.3597
    0.0000  -37.5000   45.0000 2515.1035   14.0647
    7.5000  -37.5000   45.0000 2510.5967   14.0380
   -7.5000  -30.0000   45.0000 2505.5984   14.0091
    0.0000  -30.0000   45.0000 2539.2571   13.7371
    7.5000  -30.0000   45.0000 2535.8198   13.7127
   -7.5000  -22.5000   45.0000 2511.9885   13.9374
    0.0000  -22.5000   45.0000 2541.8994   13.6756
    7.5000  -22.5000   45.0000 2532.4309   13.6294
   -7.5000  -15.0000   45.0000 2478.6089   14.2124
    0.0000  -15.0000   45.0000 2503.0142   13.9263
    7.5000  -15.0000   45.0000 2493.9453   13.8791
   -7.5000   -7.5000   45.0000 2426.7571   14.7527
    0.0000   -7.5000   45.0000 2449.3516   14.4842
    7.5000   -7.5000   45.0000 2441.8994   14.4179
   -7.5000    0.0000   45.0000 2354.7119   15.4896
    0.0000    0.0000   45.0000 2376.5786   15.2239
    7.5000    0.0000   45.0000 2371.7319   15.1654
   -7.5000    7.5000   45.0000 2263.4346   16.4719
    0.0000    7.5000   45.0000 2288.0161   16.2076
    7.5000    7.5000   45.0000 2282.8945   16.1333
   -7.5000   15.0000   45.0000 2150.7844   17.7459
    0.0000   15.0000   45.0000 2173.8035   17.4627
    7.5000   15.0000   45.0000 2167.4299   17.4178
   -7.5000   22.5000   45.0000 2031.4363   19.4531
    0.0000   22.5000   45.0000 2053.6003   19.1503
    7.5000   22.5000   45.0000 2043.9247   19.1268
   -7.5000   30.0000   45.0000 1895.9268   21.6772
    0.0000   30.0000   45.0000 1914.6422   21.3743
    7.5000   30.0000   45.0000 1908.3090   21.3475
   -7.5000   37.5000   45.0000 1755.7018   24.6864
    0.0000   37.5000   45.0000 1767.4399   24.3403
    7.5000   37.5000   45.0000 1760.3367   24.3302
   -7.5000   45.0000   45.0000 1607.3774   28.8321
    0.0000   45.0000   45.0000 1617.7798   28.4412
    7.5000   45.0000   45.0000 1611.3481   28.4684

---------------------------------------------------------------------
imgreg_4dfp /opt/freesurfer/average/711-2C_as_mni_average_305 /opt/freesurfer/average/711-2B_as_mni_average_305_mask talsrcimg_g11 none talsrcimg_to_711-2C_as_mni_average_305_t4 1283
---------------------------------------------------------------------

freesurfer imgreg_4dfp.c
/opt/freesurfer/average/711-2C_as_mni_average_305.4dfp.img
       256       256       256         1
  1.000000  1.000000  1.000000
orientation T byte_order littleendian
Reading image: /opt/freesurfer/average/711-2C_as_mni_average_305.4dfp.img
dimensions:      256       256       256
mmppix:       1.0000   -1.0000   -1.0000
center:     128.0000 -129.0000 -129.0000
/opt/freesurfer/average/711-2B_as_mni_average_305_mask.4dfp.img
       256       256       256         1
  1.000000  1.000000  1.000000
orientation T byte_order littleendian
Reading mask: /opt/freesurfer/average/711-2B_as_mni_average_305_mask.4dfp.img (2306576 pixels)
talsrcimg_g11.4dfp.img
       256       256       256         1
  1.000000  1.000000  1.000000
orientation T byte_order littleendian
Reading image: talsrcimg_g11.4dfp.img
dimensions:      256       256       256
mmppix:       1.0000   -1.0000   -1.0000
center:     128.0000 -129.0000 -129.0000
rotation matrix determinant  1.000000
fimgreg.f
image alignment mode   1283 decimal      503 hex
parameters
    0.0000  -22.5000    7.5000    0.0000    0.0000    0.0000
eta,q 0.93172 10.64912
niter,ni,del,rscale     5    3   12.0000    1.2000
parameter  4  1.816493 ->  0.500000 qaram    1.1500
parameter  6 -1.043711 -> -0.500000 qaram    1.1500
parameters
    2.1126  -24.4672    5.2729   -3.4500   -0.1253    3.4500
eta,q 0.93872 10.43606
  0.0860  0.0721  0.0685  0.0618  0.0681  0.0703
  0.0774  0.0688  0.0670  0.0632  0.0655  0.0678
  0.0723  0.0675  0.0667  0.0649  0.0638  0.0656
  0.0696  0.0684  0.0675  0.0667  0.0636  0.0636
  0.0685  0.0721  0.0688  0.0690  0.0645  0.0620
  0.0691  0.0776  0.0716  0.0718  0.0662  0.0611
  0.0719  0.0837  0.0758  0.0753  0.0679  0.0613
niter,ni,del,rscale     6    3   12.0000    1.2000
parameter  4  1.143861 ->  0.500000 qaram    1.3225
parameters
    2.7772  -23.6506    5.1820   -7.4175   -1.6614    4.8146
eta,q 0.94178 10.40235
  0.0744  0.0727  0.0664  0.0569  0.0605  0.0638
  0.0679  0.0674  0.0621  0.0582  0.0588  0.0610
  0.0633  0.0637  0.0606  0.0591  0.0581  0.0589
  0.0613  0.0612  0.0605  0.0605  0.0585  0.0581
  0.0618  0.0604  0.0617  0.0624  0.0598  0.0585
  0.0643  0.0631  0.0636  0.0653  0.0618  0.0592
  0.0698  0.0686  0.0655  0.0692  0.0638  0.0603
niter,ni,del,rscale     6    3   12.0000    1.2000
parameter  4  0.612236 ->  0.500000 qaram    1.5209
parameters
    3.2520  -21.9952    5.1617  -11.9801   -1.4856    4.8255
eta,q 0.94702 10.37277
  0.0707  0.0706  0.0628  0.0555  0.0603  0.0598
  0.0644  0.0648  0.0585  0.0528  0.0573  0.0566
  0.0602  0.0609  0.0565  0.0545  0.0544  0.0542
  0.0582  0.0580  0.0568  0.0568  0.0530  0.0530
  0.0582  0.0568  0.0585  0.0584  0.0542  0.0538
  0.0615  0.0580  0.0599  0.0619  0.0569  0.0564
  0.0678  0.0621  0.0614  0.0670  0.0595  0.0600
niter,ni,del,rscale     6    3   12.0000    1.2000
parameters
    3.0616  -20.5766    4.5010  -13.1222   -1.3059    4.8803
eta,q 0.94878 10.38239
  0.0665  0.0690  0.0593  0.0596  0.0583  0.0586
  0.0606  0.0625  0.0552  0.0560  0.0553  0.0553
  0.0557  0.0565  0.0532  0.0507  0.0525  0.0525
  0.0530  0.0531  0.0524  0.0524  0.0512  0.0512
  0.0547  0.0524  0.0545  0.0559  0.0523  0.0521
  0.0612  0.0546  0.0584  0.0583  0.0548  0.0548
  0.0693  0.0595  0.0622  0.0634  0.0575  0.0587
niter,ni,del,rscale     5    3   12.0000    1.2000
parameters
    2.9226  -20.1517    4.1978  -13.8274   -1.1227    4.9527
eta,q 0.94937 10.38768
  0.0650  0.0650  0.0599  0.0598  0.0575  0.0582
  0.0588  0.0588  0.0550  0.0565  0.0545  0.0548
  0.0538  0.0534  0.0522  0.0506  0.0517  0.0519
  0.0512  0.0513  0.0512  0.0512  0.0506  0.0506
  0.0528  0.0521  0.0531  0.0551  0.0516  0.0516
  0.0591  0.0561  0.0569  0.0577  0.0540  0.0543
  0.0673  0.0620  0.0612  0.0621  0.0567  0.0582
niter,ni,del,rscale     4    3   12.0000    1.2000
parameters
    2.8309  -19.8771    3.9936  -14.2817   -0.9681    5.0080
eta,q 0.94970 10.39371
  0.0647  0.0642  0.0600  0.0601  0.0570  0.0580
  0.0584  0.0583  0.0547  0.0568  0.0540  0.0545
  0.0532  0.0526  0.0515  0.0508  0.0513  0.0516
  0.0506  0.0507  0.0507  0.0506  0.0503  0.0503
  0.0521  0.0518  0.0525  0.0545  0.0514  0.0513
  0.0583  0.0562  0.0562  0.0575  0.0537  0.0541
  0.0665  0.0623  0.0607  0.0613  0.0562  0.0580
niter,ni,del,rscale     3    3   12.0000    1.2000
parameters
    2.7612  -19.6996    3.8572  -14.5752   -0.8556    5.0387
eta,q 0.94990 10.39691
  0.0646  0.0638  0.0601  0.0603  0.0567  0.0579
  0.0581  0.0580  0.0545  0.0570  0.0536  0.0543
  0.0529  0.0522  0.0511  0.0510  0.0510  0.0513
  0.0503  0.0503  0.0503  0.0503  0.0501  0.0501
  0.0517  0.0518  0.0522  0.0541  0.0513  0.0512
  0.0579  0.0564  0.0558  0.0574  0.0535  0.0541
  0.0662  0.0626  0.0603  0.0609  0.0560  0.0579
niter,ni,del,rscale     2    3   12.0000    1.2000
parameters
    2.7142  -19.5843    3.7657  -14.7765   -0.7763    5.0622
eta,q 0.95002 10.39886
  0.0646  0.0635  0.0603  0.0604  0.0565  0.0578
  0.0581  0.0578  0.0544  0.0572  0.0534  0.0542
  0.0528  0.0519  0.0508  0.0512  0.0508  0.0512
  0.0501  0.0501  0.0501  0.0501  0.0500  0.0500
  0.0515  0.0518  0.0519  0.0538  0.0512  0.0511
  0.0576  0.0565  0.0556  0.0574  0.0533  0.0540
  0.0660  0.0629  0.0601  0.0607  0.0560  0.0578
niter,ni,del,rscale     1    3   12.0000    1.2000
parameters
    2.6800  -19.5058    3.7032  -14.9208   -0.7165    5.0758
eta,q 0.95009 10.40040
  0.0646  0.0634  0.0604  0.0605  0.0564  0.0578
  0.0581  0.0577  0.0544  0.0574  0.0533  0.0541
  0.0527  0.0517  0.0507  0.0514  0.0507  0.0511
  0.0500  0.0500  0.0500  0.0500  0.0499  0.0499
  0.0513  0.0519  0.0518  0.0536  0.0511  0.0511
  0.0575  0.0566  0.0554  0.0574  0.0532  0.0540
  0.0660  0.0630  0.0600  0.0607  0.0559  0.0578
registration optimization eta report
parameter search radius
    6.0000    6.0000    6.0000    9.1253    6.0000    6.9000
100000*second partial in parameter space
       42.       36.       28.       12.       17.       16.
  0.0646  0.0634  0.0604  0.0605  0.0564  0.0578
  0.0581  0.0577  0.0544  0.0574  0.0533  0.0541
  0.0527  0.0517  0.0507  0.0514  0.0507  0.0511
  0.0500  0.0500  0.0500  0.0500  0.0499  0.0499
  0.0513  0.0519  0.0518  0.0536  0.0511  0.0511
  0.0575  0.0566  0.0554  0.0574  0.0532  0.0540
  0.0660  0.0630  0.0600  0.0607  0.0559  0.0578
    2.6800  -19.5058    3.7032  -14.9208   -0.7165    5.0758
eta,q 0.95009 10.40040

---------------------------------------------------------------------
imgreg_4dfp /opt/freesurfer/average/711-2C_as_mni_average_305 /opt/freesurfer/average/711-2B_as_mni_average_305_mask talsrcimg_g11 none talsrcimg_to_711-2C_as_mni_average_305_t4 3335
---------------------------------------------------------------------

freesurfer imgreg_4dfp.c
/opt/freesurfer/average/711-2C_as_mni_average_305.4dfp.img
       256       256       256         1
  1.000000  1.000000  1.000000
orientation T byte_order littleendian
Reading image: /opt/freesurfer/average/711-2C_as_mni_average_305.4dfp.img
dimensions:      256       256       256
mmppix:       1.0000   -1.0000   -1.0000
center:     128.0000 -129.0000 -129.0000
/opt/freesurfer/average/711-2B_as_mni_average_305_mask.4dfp.img
       256       256       256         1
  1.000000  1.000000  1.000000
orientation T byte_order littleendian
Reading mask: /opt/freesurfer/average/711-2B_as_mni_average_305_mask.4dfp.img (2306576 pixels)
talsrcimg_g11.4dfp.img
       256       256       256         1
  1.000000  1.000000  1.000000
orientation T byte_order littleendian
Reading image: talsrcimg_g11.4dfp.img
dimensions:      256       256       256
mmppix:       1.0000   -1.0000   -1.0000
center:     128.0000 -129.0000 -129.0000
fimgreg.f
image alignment mode   3335 decimal      D07 hex
parameters
    2.6800  -19.5058    3.7032   -0.3999   -3.7791   -3.3793
   -8.8698   -1.0745    8.8467   25.7543   -1.2504  -25.7463
eta,q 0.94816 10.53470
niter,ni,del,rscale     5    3    5.0000    1.2000
parameter  4  2.316017 ->  0.500000 qaram    1.1500
parameter  5  2.589327 ->  0.500000 qaram    1.1500
parameter  6  1.662784 ->  0.500000 qaram    1.1500
parameter 10  1.149617 ->  0.500000 qaram    1.1500
parameters
    2.2923  -19.0744    3.8399   -4.5399   -7.9191   -7.5193
   -7.9968    0.2760    6.9466   21.6143    0.5506  -24.9364
eta,q 0.96868  9.62665
  0.0535  0.0535  0.0533  0.0427  0.0375  0.0317  0.0372  0.0401  0.0349  0.0311  0.0339  0.0335
  0.0524  0.0525  0.0525  0.0447  0.0394  0.0336  0.0358  0.0372  0.0342  0.0312  0.0327  0.0323
  0.0518  0.0520  0.0520  0.0478  0.0422  0.0364  0.0348  0.0352  0.0339  0.0322  0.0319  0.0316
  0.0518  0.0518  0.0518  0.0518  0.0455  0.0400  0.0342  0.0342  0.0341  0.0339  0.0314  0.0313
  0.0524  0.0518  0.0519  0.0562  0.0487  0.0447  0.0343  0.0342  0.0346  0.0363  0.0313  0.0314
  0.0534  0.0520  0.0523  0.0609  0.0524  0.0500  0.0349  0.0351  0.0354  0.0388  0.0316  0.0319
  0.0550  0.0525  0.0530  0.0659  0.0569  0.0557  0.0361  0.0369  0.0366  0.0416  0.0323  0.0326
niter,ni,del,rscale     7    3    5.0000    1.2000
parameter  4  0.800390 ->  0.500000 qaram    1.3225
parameter  5  0.874190 ->  0.500000 qaram    1.3225
parameter  6  0.573275 ->  0.500000 qaram    1.3225
parameters
    2.5695  -18.2466    3.1124   -9.3009  -12.6801  -12.2803
   -7.0573   -0.3305    7.8863   21.1453   -0.5162  -25.7485
eta,q 0.97664  9.02846
  0.0354  0.0351  0.0319  0.0278  0.0251  0.0242  0.0264  0.0270  0.0260  0.0268  0.0242  0.0244
  0.0333  0.0333  0.0311  0.0278  0.0250  0.0236  0.0251  0.0250  0.0248  0.0251  0.0237  0.0238
  0.0320  0.0320  0.0308  0.0287  0.0260  0.0235  0.0241  0.0237  0.0239  0.0239  0.0234  0.0234
  0.0313  0.0313  0.0310  0.0308  0.0280  0.0251  0.0235  0.0235  0.0235  0.0234  0.0234  0.0234
  0.0314  0.0310  0.0317  0.0344  0.0306  0.0287  0.0236  0.0242  0.0235  0.0240  0.0236  0.0236
  0.0323  0.0312  0.0328  0.0392  0.0342  0.0337  0.0242  0.0259  0.0240  0.0254  0.0241  0.0242
  0.0339  0.0320  0.0342  0.0445  0.0385  0.0398  0.0253  0.0284  0.0250  0.0278  0.0248  0.0250
niter,ni,del,rscale     7    3    5.0000    1.2000
parameter  3  0.545584 ->  0.500000 qaram    1.1500
parameters
    2.4392  -17.8004    1.7324  -10.9330  -14.4732  -14.9164
   -7.5125   -0.4405    7.9830   21.8887   -0.2990  -27.8844
eta,q 0.97710  8.81550
  0.0262  0.0269  0.0232  0.0259  0.0259  0.0250  0.0250  0.0266  0.0249  0.0265  0.0238  0.0235
  0.0245  0.0252  0.0228  0.0243  0.0242  0.0237  0.0239  0.0247  0.0239  0.0247  0.0234  0.0231
  0.0236  0.0240  0.0229  0.0232  0.0231  0.0231  0.0232  0.0235  0.0233  0.0236  0.0231  0.0229
  0.0234  0.0233  0.0233  0.0228  0.0229  0.0229  0.0231  0.0230  0.0230  0.0230  0.0230  0.0230
  0.0238  0.0233  0.0240  0.0236  0.0241  0.0239  0.0234  0.0235  0.0232  0.0231  0.0231  0.0233
  0.0250  0.0239  0.0249  0.0260  0.0265  0.0274  0.0243  0.0248  0.0238  0.0239  0.0233  0.0240
  0.0268  0.0250  0.0262  0.0304  0.0297  0.0331  0.0256  0.0268  0.0248  0.0255  0.0237  0.0248
niter,ni,del,rscale     7    3    5.0000    1.2000
parameters
    2.4481  -17.5684    1.0583  -10.6564  -15.0947  -15.9322
   -7.5585   -0.5634    8.1275   22.7557   -0.2622  -28.7025
eta,q 0.97722  8.77989
  0.0258  0.0257  0.0237  0.0266  0.0265  0.0260  0.0250  0.0263  0.0247  0.0261  0.0236  0.0236
  0.0242  0.0243  0.0230  0.0250  0.0247  0.0243  0.0239  0.0244  0.0237  0.0243  0.0231  0.0231
  0.0233  0.0233  0.0228  0.0236  0.0233  0.0232  0.0231  0.0232  0.0231  0.0233  0.0229  0.0228
  0.0229  0.0229  0.0229  0.0228  0.0227  0.0228  0.0229  0.0229  0.0228  0.0228  0.0228  0.0228
  0.0232  0.0230  0.0233  0.0227  0.0233  0.0228  0.0231  0.0233  0.0230  0.0229  0.0229  0.0230
  0.0242  0.0237  0.0241  0.0239  0.0252  0.0247  0.0239  0.0246  0.0236  0.0236  0.0231  0.0234
  0.0258  0.0248  0.0252  0.0269  0.0279  0.0291  0.0251  0.0265  0.0246  0.0249  0.0236  0.0241
niter,ni,del,rscale     6    3    5.0000    1.2000
parameters
    2.3924  -17.3563    0.7629  -10.5979  -15.5207  -16.3239
   -7.5286   -0.6950    8.2142   23.4100   -0.2090  -29.0368
eta,q 0.97723  8.76252
  0.0255  0.0255  0.0240  0.0264  0.0265  0.0263  0.0250  0.0262  0.0246  0.0257  0.0235  0.0237
  0.0240  0.0241  0.0232  0.0248  0.0247  0.0246  0.0239  0.0244  0.0237  0.0241  0.0231  0.0232
  0.0231  0.0232  0.0228  0.0235  0.0234  0.0233  0.0231  0.0232  0.0230  0.0232  0.0229  0.0229
  0.0228  0.0228  0.0228  0.0227  0.0227  0.0228  0.0228  0.0228  0.0228  0.0228  0.0228  0.0228
  0.0231  0.0229  0.0231  0.0228  0.0232  0.0226  0.0231  0.0233  0.0230  0.0229  0.0228  0.0229
  0.0242  0.0236  0.0237  0.0240  0.0249  0.0241  0.0238  0.0245  0.0236  0.0236  0.0231  0.0233
  0.0258  0.0246  0.0247  0.0270  0.0276  0.0280  0.0250  0.0264  0.0245  0.0249  0.0235  0.0239
niter,ni,del,rscale     5    3    5.0000    1.2000
parameters
    2.3436  -17.1829    0.5798  -10.5682  -15.8428  -16.6194
   -7.4765   -0.8032    8.2412   23.9061   -0.1511  -29.2108
eta,q 0.97721  8.74801
  0.0255  0.0253  0.0242  0.0264  0.0265  0.0263  0.0250  0.0261  0.0246  0.0255  0.0235  0.0238
  0.0240  0.0240  0.0233  0.0248  0.0248  0.0246  0.0239  0.0243  0.0236  0.0240  0.0231  0.0232
  0.0231  0.0231  0.0229  0.0235  0.0234  0.0233  0.0231  0.0232  0.0230  0.0232  0.0229  0.0229
  0.0228  0.0228  0.0228  0.0228  0.0228  0.0228  0.0228  0.0228  0.0228  0.0228  0.0228  0.0228
  0.0231  0.0229  0.0230  0.0228  0.0232  0.0226  0.0230  0.0232  0.0230  0.0229  0.0229  0.0229
  0.0241  0.0236  0.0236  0.0240  0.0248  0.0240  0.0238  0.0244  0.0236  0.0236  0.0231  0.0233
  0.0257  0.0246  0.0246  0.0270  0.0275  0.0278  0.0249  0.0264  0.0246  0.0249  0.0235  0.0239
niter,ni,del,rscale     4    3    5.0000    1.2000
parameters
    2.3072  -17.0352    0.4308  -10.5593  -16.1185  -16.9028
   -7.4275   -0.8936    8.2263   24.3373   -0.0982  -29.3024
eta,q 0.97719  8.73277
  0.0255  0.0252  0.0242  0.0263  0.0265  0.0262  0.0249  0.0261  0.0245  0.0253  0.0235  0.0238
  0.0240  0.0239  0.0234  0.0248  0.0248  0.0246  0.0239  0.0243  0.0236  0.0240  0.0231  0.0233
  0.0231  0.0231  0.0229  0.0235  0.0235  0.0234  0.0231  0.0232  0.0230  0.0232  0.0229  0.0229
  0.0228  0.0228  0.0228  0.0228  0.0228  0.0228  0.0228  0.0228  0.0228  0.0228  0.0228  0.0228
  0.0231  0.0230  0.0230  0.0228  0.0232  0.0226  0.0231  0.0233  0.0230  0.0229  0.0229  0.0229
  0.0241  0.0236  0.0236  0.0241  0.0248  0.0240  0.0238  0.0244  0.0236  0.0236  0.0231  0.0233
  0.0257  0.0247  0.0245  0.0270  0.0274  0.0277  0.0249  0.0263  0.0246  0.0249  0.0235  0.0239
niter,ni,del,rscale     3    3    5.0000    1.2000
parameters
    2.2728  -16.8976    0.2940  -10.5478  -16.3809  -17.1903
   -7.3688   -0.9766    8.2084   24.7573   -0.0361  -29.3514
eta,q 0.97717  8.71735
  0.0255  0.0252  0.0242  0.0263  0.0265  0.0261  0.0250  0.0261  0.0245  0.0253  0.0235  0.0238
  0.0240  0.0239  0.0234  0.0248  0.0248  0.0246  0.0239  0.0244  0.0236  0.0239  0.0232  0.0233
  0.0231  0.0231  0.0229  0.0236  0.0235  0.0234  0.0231  0.0232  0.0231  0.0232  0.0229  0.0230
  0.0228  0.0228  0.0228  0.0228  0.0228  0.0228  0.0229  0.0228  0.0229  0.0229  0.0228  0.0228
  0.0231  0.0230  0.0230  0.0228  0.0232  0.0227  0.0231  0.0233  0.0231  0.0229  0.0229  0.0230
  0.0241  0.0236  0.0236  0.0241  0.0248  0.0240  0.0238  0.0244  0.0236  0.0236  0.0231  0.0233
  0.0257  0.0247  0.0245  0.0270  0.0273  0.0276  0.0249  0.0263  0.0246  0.0249  0.0235  0.0239
niter,ni,del,rscale     2    3    5.0000    1.2000
parameters
    2.2426  -16.7586    0.1484  -10.5439  -16.6625  -17.5137
   -7.3257   -1.0535    8.1787   25.1971    0.0386  -29.3581
eta,q 0.97714  8.69923
  0.0255  0.0252  0.0242  0.0263  0.0264  0.0261  0.0249  0.0261  0.0246  0.0252  0.0236  0.0238
  0.0240  0.0239  0.0234  0.0248  0.0248  0.0246  0.0239  0.0244  0.0237  0.0240  0.0232  0.0233
  0.0231  0.0231  0.0230  0.0236  0.0235  0.0234  0.0232  0.0232  0.0231  0.0232  0.0230  0.0230
  0.0228  0.0228  0.0228  0.0228  0.0228  0.0229  0.0229  0.0229  0.0229  0.0229  0.0229  0.0229
  0.0232  0.0230  0.0231  0.0229  0.0232  0.0227  0.0231  0.0233  0.0231  0.0229  0.0229  0.0230
  0.0241  0.0236  0.0237  0.0241  0.0248  0.0240  0.0238  0.0244  0.0237  0.0235  0.0232  0.0233
  0.0256  0.0247  0.0246  0.0270  0.0273  0.0275  0.0249  0.0263  0.0246  0.0249  0.0235  0.0239
niter,ni,del,rscale     1    3    5.0000    1.2000
parameters
    2.2130  -16.6033   -0.0181  -10.5485  -16.9828  -17.8948
   -7.2721   -1.1376    8.1333   25.7197    0.1161  -29.3534
eta,q 0.97712  8.67796
  0.0255  0.0252  0.0242  0.0263  0.0263  0.0260  0.0249  0.0261  0.0246  0.0252  0.0236  0.0238
  0.0240  0.0239  0.0234  0.0248  0.0247  0.0245  0.0239  0.0244  0.0237  0.0240  0.0232  0.0233
  0.0232  0.0232  0.0230  0.0236  0.0235  0.0234  0.0232  0.0233  0.0231  0.0233  0.0230  0.0230
  0.0229  0.0229  0.0228  0.0228  0.0228  0.0229  0.0229  0.0229  0.0229  0.0229  0.0229  0.0229
  0.0232  0.0230  0.0231  0.0229  0.0232  0.0228  0.0231  0.0233  0.0231  0.0229  0.0229  0.0230
  0.0241  0.0236  0.0237  0.0241  0.0248  0.0240  0.0238  0.0244  0.0237  0.0235  0.0232  0.0233
  0.0256  0.0246  0.0246  0.0270  0.0273  0.0275  0.0249  0.0263  0.0246  0.0248  0.0236  0.0238
registration optimization eta report
parameter search radius
    2.4000    2.4000    2.7600    9.5220    9.5220    9.5220
    7.2000    7.2000    7.2000    8.2800    7.2000    7.2000
100000*second partial in parameter space
       47.       35.       21.        4.        4.        4.
        4.        6.        3.        3.        1.        2.
  0.0255  0.0252  0.0242  0.0263  0.0263  0.0260  0.0249  0.0261  0.0246  0.0252  0.0236  0.0238
  0.0240  0.0239  0.0234  0.0248  0.0247  0.0245  0.0239  0.0244  0.0237  0.0240  0.0232  0.0233
  0.0232  0.0232  0.0230  0.0236  0.0235  0.0234  0.0232  0.0233  0.0231  0.0233  0.0230  0.0230
  0.0229  0.0229  0.0228  0.0228  0.0228  0.0229  0.0229  0.0229  0.0229  0.0229  0.0229  0.0229
  0.0232  0.0230  0.0231  0.0229  0.0232  0.0228  0.0231  0.0233  0.0231  0.0229  0.0229  0.0230
  0.0241  0.0236  0.0237  0.0241  0.0248  0.0240  0.0238  0.0244  0.0237  0.0235  0.0232  0.0233
  0.0256  0.0246  0.0246  0.0270  0.0273  0.0275  0.0249  0.0263  0.0246  0.0248  0.0236  0.0238
    2.2130  -16.6033   -0.0181  -10.5485  -16.9828  -17.8948
   -7.2721   -1.1376    8.1333   25.7197    0.1161  -29.3534
eta,q 0.97712  8.67796

---------------------------------------------------------------------
imgreg_4dfp /opt/freesurfer/average/711-2C_as_mni_average_305 /opt/freesurfer/average/711-2B_as_mni_average_305_mask talsrcimg_g11 none talsrcimg_to_711-2C_as_mni_average_305_t4 2311
---------------------------------------------------------------------

freesurfer imgreg_4dfp.c
/opt/freesurfer/average/711-2C_as_mni_average_305.4dfp.img
       256       256       256         1
  1.000000  1.000000  1.000000
orientation T byte_order littleendian
Reading image: /opt/freesurfer/average/711-2C_as_mni_average_305.4dfp.img
dimensions:      256       256       256
mmppix:       1.0000   -1.0000   -1.0000
center:     128.0000 -129.0000 -129.0000
/opt/freesurfer/average/711-2B_as_mni_average_305_mask.4dfp.img
       256       256       256         1
  1.000000  1.000000  1.000000
orientation T byte_order littleendian
Reading mask: /opt/freesurfer/average/711-2B_as_mni_average_305_mask.4dfp.img (2306576 pixels)
talsrcimg_g11.4dfp.img
       256       256       256         1
  1.000000  1.000000  1.000000
orientation T byte_order littleendian
Reading image: talsrcimg_g11.4dfp.img
dimensions:      256       256       256
mmppix:       1.0000   -1.0000   -1.0000
center:     128.0000 -129.0000 -129.0000
fimgreg.f
image alignment mode   2311 decimal      907 hex
parameters
    2.2130  -16.6033   -0.0181  -10.5485  -16.9828  -17.8948
   -7.2721   -1.1376    8.1333   25.7197    0.1161  -29.3534
eta,q 0.97712  8.67796
niter,ni,del,rscale     5    3    5.0000    0.8000
parameters
    2.1859  -16.4304   -0.1941   -9.3593  -16.6852  -16.5678
   -6.9475   -1.0473    8.2570   26.5521    0.6772  -29.7909
eta,q 0.97742  8.81257
  0.0240  0.0240  0.0233  0.0241  0.0240  0.0238  0.0238  0.0244  0.0235  0.0236  0.0230  0.0230
  0.0234  0.0234  0.0230  0.0236  0.0234  0.0233  0.0232  0.0235  0.0231  0.0232  0.0228  0.0228
  0.0230  0.0230  0.0229  0.0231  0.0230  0.0229  0.0228  0.0229  0.0228  0.0229  0.0227  0.0226
  0.0229  0.0229  0.0229  0.0229  0.0228  0.0227  0.0227  0.0226  0.0226  0.0226  0.0226  0.0226
  0.0230  0.0229  0.0230  0.0228  0.0228  0.0226  0.0227  0.0228  0.0227  0.0226  0.0226  0.0227
  0.0234  0.0232  0.0232  0.0229  0.0231  0.0227  0.0230  0.0234  0.0230  0.0227  0.0227  0.0229
  0.0241  0.0236  0.0235  0.0233  0.0238  0.0231  0.0235  0.0243  0.0234  0.0232  0.0229  0.0232
niter,ni,del,rscale     4    3    5.0000    0.7000
parameters
    2.1375  -16.4415   -0.1221   -9.3425  -16.6824  -16.5520
   -6.9104   -1.1608    8.1615   26.6425    0.7319  -29.8039
eta,q 0.97743  8.81477
  0.0235  0.0233  0.0231  0.0234  0.0235  0.0232  0.0234  0.0238  0.0232  0.0232  0.0229  0.0230
  0.0230  0.0229  0.0228  0.0230  0.0231  0.0229  0.0229  0.0231  0.0228  0.0229  0.0227  0.0227
  0.0227  0.0227  0.0226  0.0227  0.0227  0.0227  0.0227  0.0227  0.0226  0.0227  0.0226  0.0226
  0.0226  0.0226  0.0226  0.0226  0.0226  0.0226  0.0226  0.0226  0.0226  0.0226  0.0226  0.0226
  0.0227  0.0227  0.0226  0.0226  0.0226  0.0225  0.0227  0.0228  0.0227  0.0226  0.0226  0.0226
  0.0231  0.0229  0.0228  0.0229  0.0230  0.0228  0.0229  0.0232  0.0229  0.0228  0.0227  0.0227
  0.0236  0.0233  0.0230  0.0235  0.0236  0.0234  0.0233  0.0240  0.0233  0.0232  0.0229  0.0230
niter,ni,del,rscale     3    3    5.0000    0.6000
parameters
    2.1190  -16.4254   -0.1308   -9.2602  -16.6541  -16.3908
   -6.8237   -1.1604    8.1571   26.7610    0.7968  -29.8529
eta,q 0.97745  8.82836
  0.0233  0.0231  0.0229  0.0232  0.0233  0.0230  0.0232  0.0236  0.0230  0.0231  0.0228  0.0228
  0.0229  0.0228  0.0227  0.0229  0.0229  0.0228  0.0228  0.0230  0.0228  0.0228  0.0227  0.0227
  0.0226  0.0226  0.0226  0.0227  0.0227  0.0227  0.0226  0.0227  0.0226  0.0226  0.0226  0.0226
  0.0226  0.0226  0.0226  0.0226  0.0226  0.0226  0.0226  0.0226  0.0226  0.0226  0.0225  0.0225
  0.0227  0.0226  0.0226  0.0226  0.0226  0.0225  0.0226  0.0227  0.0226  0.0226  0.0226  0.0226
  0.0229  0.0228  0.0227  0.0228  0.0229  0.0227  0.0228  0.0230  0.0228  0.0227  0.0226  0.0227
  0.0233  0.0231  0.0229  0.0232  0.0233  0.0231  0.0231  0.0236  0.0230  0.0231  0.0228  0.0229
niter,ni,del,rscale     2    3    5.0000    0.5000
parameters
    2.1132  -16.4164   -0.1097   -9.1821  -16.6231  -16.1641
   -6.7996   -1.1478    8.1404   26.8161    0.8755  -29.9242
eta,q 0.97747  8.84421
  0.0231  0.0230  0.0228  0.0230  0.0231  0.0229  0.0229  0.0233  0.0229  0.0229  0.0227  0.0227
  0.0228  0.0227  0.0227  0.0228  0.0228  0.0228  0.0227  0.0229  0.0227  0.0227  0.0226  0.0226
  0.0226  0.0226  0.0226  0.0226  0.0226  0.0226  0.0226  0.0226  0.0226  0.0226  0.0226  0.0226
  0.0225  0.0225  0.0226  0.0226  0.0226  0.0225  0.0225  0.0225  0.0225  0.0225  0.0225  0.0225
  0.0226  0.0226  0.0226  0.0226  0.0226  0.0225  0.0226  0.0226  0.0226  0.0226  0.0225  0.0226
  0.0228  0.0227  0.0226  0.0227  0.0228  0.0226  0.0227  0.0229  0.0227  0.0227  0.0226  0.0226
  0.0231  0.0229  0.0228  0.0230  0.0231  0.0229  0.0229  0.0233  0.0229  0.0229  0.0227  0.0228
niter,ni,del,rscale     1    3    5.0000    0.4000
parameters
    2.1112  -16.4172   -0.0625   -9.1159  -16.5667  -15.8717
   -6.7743   -1.1407    8.1337   26.8044    0.9194  -29.9856
eta,q 0.97749  8.86237
  0.0229  0.0228  0.0227  0.0228  0.0229  0.0228  0.0228  0.0230  0.0227  0.0228  0.0226  0.0226
  0.0227  0.0226  0.0226  0.0227  0.0227  0.0227  0.0226  0.0227  0.0226  0.0226  0.0226  0.0226
  0.0226  0.0226  0.0226  0.0226  0.0226  0.0226  0.0225  0.0226  0.0225  0.0226  0.0225  0.0225
  0.0225  0.0225  0.0225  0.0225  0.0225  0.0225  0.0225  0.0225  0.0225  0.0225  0.0225  0.0225
  0.0226  0.0226  0.0225  0.0225  0.0225  0.0225  0.0225  0.0226  0.0225  0.0225  0.0225  0.0225
  0.0227  0.0226  0.0226  0.0226  0.0227  0.0226  0.0226  0.0227  0.0226  0.0226  0.0226  0.0226
  0.0229  0.0228  0.0227  0.0228  0.0229  0.0227  0.0228  0.0230  0.0227  0.0228  0.0226  0.0227
registration optimization eta report
parameter search radius
    0.8000    0.8000    0.8000    2.4000    2.4000    2.4000
    2.4000    2.4000    2.4000    2.4000    2.4000    2.4000
100000*second partial in parameter space
       53.       40.       24.        5.        6.        4.
        4.        8.        4.        4.        2.        2.
  0.0229  0.0228  0.0227  0.0228  0.0229  0.0228  0.0228  0.0230  0.0227  0.0228  0.0226  0.0226
  0.0227  0.0226  0.0226  0.0227  0.0227  0.0227  0.0226  0.0227  0.0226  0.0226  0.0226  0.0226
  0.0226  0.0226  0.0226  0.0226  0.0226  0.0226  0.0225  0.0226  0.0225  0.0226  0.0225  0.0225
  0.0225  0.0225  0.0225  0.0225  0.0225  0.0225  0.0225  0.0225  0.0225  0.0225  0.0225  0.0225
  0.0226  0.0226  0.0225  0.0225  0.0225  0.0225  0.0225  0.0226  0.0225  0.0225  0.0225  0.0225
  0.0227  0.0226  0.0226  0.0226  0.0227  0.0226  0.0226  0.0227  0.0226  0.0226  0.0226  0.0226
  0.0229  0.0228  0.0227  0.0228  0.0229  0.0227  0.0228  0.0230  0.0227  0.0228  0.0226  0.0227
    2.1112  -16.4172   -0.0625   -9.1159  -16.5667  -15.8717
   -6.7743   -1.1407    8.1337   26.8044    0.9194  -29.9856
eta,q 0.97749  8.86237

---------------------------------------------------------------------
imgreg_4dfp /opt/freesurfer/average/711-2C_as_mni_average_305 /opt/freesurfer/average/711-2B_as_mni_average_305_mask talsrcimg_g11 none talsrcimg_to_711-2C_as_mni_average_305_t4 2311
---------------------------------------------------------------------

freesurfer imgreg_4dfp.c
/opt/freesurfer/average/711-2C_as_mni_average_305.4dfp.img
       256       256       256         1
  1.000000  1.000000  1.000000
orientation T byte_order littleendian
Reading image: /opt/freesurfer/average/711-2C_as_mni_average_305.4dfp.img
dimensions:      256       256       256
mmppix:       1.0000   -1.0000   -1.0000
center:     128.0000 -129.0000 -129.0000
/opt/freesurfer/average/711-2B_as_mni_average_305_mask.4dfp.img
       256       256       256         1
  1.000000  1.000000  1.000000
orientation T byte_order littleendian
Reading mask: /opt/freesurfer/average/711-2B_as_mni_average_305_mask.4dfp.img (2306576 pixels)
talsrcimg_g11.4dfp.img
       256       256       256         1
  1.000000  1.000000  1.000000
orientation T byte_order littleendian
Reading image: talsrcimg_g11.4dfp.img
dimensions:      256       256       256
mmppix:       1.0000   -1.0000   -1.0000
center:     128.0000 -129.0000 -129.0000
fimgreg.f
image alignment mode   2311 decimal      907 hex
parameters
    2.1112  -16.4172   -0.0625   -9.1159  -16.5667  -15.8717
   -6.7743   -1.1407    8.1337   26.8044    0.9194  -29.9856
eta,q 0.97749  8.86237
niter,ni,del,rscale     5    3    5.0000    0.8000
parameters
    2.1030  -16.4389    0.0307   -9.4750  -16.7749  -16.5259
   -6.8590   -1.2407    8.0761   26.5319    0.6498  -29.7584
eta,q 0.97741  8.80450
  0.0238  0.0235  0.0232  0.0235  0.0237  0.0233  0.0235  0.0242  0.0234  0.0233  0.0229  0.0231
  0.0231  0.0229  0.0229  0.0230  0.0231  0.0229  0.0230  0.0233  0.0229  0.0229  0.0227  0.0229
  0.0227  0.0226  0.0226  0.0227  0.0227  0.0227  0.0227  0.0228  0.0227  0.0227  0.0226  0.0227
  0.0225  0.0225  0.0225  0.0225  0.0225  0.0225  0.0226  0.0226  0.0226  0.0226  0.0226  0.0226
  0.0227  0.0226  0.0226  0.0226  0.0227  0.0226  0.0227  0.0228  0.0227  0.0226  0.0226  0.0226
  0.0231  0.0230  0.0228  0.0231  0.0232  0.0231  0.0230  0.0234  0.0230  0.0230  0.0228  0.0228
  0.0239  0.0235  0.0231  0.0239  0.0240  0.0242  0.0236  0.0244  0.0234  0.0236  0.0230  0.0230
niter,ni,del,rscale     4    3    5.0000    0.7000
parameters
    2.1164  -16.4483   -0.0976   -9.3384  -16.6738  -16.5580
   -6.8153   -1.1706    8.1477   26.6066    0.7381  -29.7895
eta,q 0.97743  8.81416
  0.0236  0.0233  0.0230  0.0234  0.0236  0.0232  0.0234  0.0240  0.0232  0.0232  0.0229  0.0230
  0.0230  0.0229  0.0227  0.0230  0.0231  0.0229  0.0229  0.0232  0.0229  0.0229  0.0227  0.0227
  0.0227  0.0227  0.0226  0.0227  0.0228  0.0227  0.0227  0.0227  0.0227  0.0227  0.0226  0.0226
  0.0226  0.0226  0.0226  0.0226  0.0226  0.0226  0.0226  0.0226  0.0226  0.0226  0.0226  0.0226
  0.0227  0.0227  0.0227  0.0226  0.0226  0.0225  0.0227  0.0227  0.0226  0.0226  0.0226  0.0226
  0.0230  0.0229  0.0228  0.0229  0.0230  0.0228  0.0229  0.0231  0.0229  0.0228  0.0227  0.0228
  0.0236  0.0233  0.0231  0.0234  0.0236  0.0234  0.0233  0.0239  0.0232  0.0232  0.0228  0.0230
niter,ni,del,rscale     3    3    5.0000    0.6000
parameters
    2.1169  -16.4374   -0.1295   -9.2506  -16.6425  -16.3787
   -6.8249   -1.1606    8.1617   26.7163    0.8115  -29.8483
eta,q 0.97745  8.82908
  0.0233  0.0231  0.0229  0.0232  0.0233  0.0231  0.0231  0.0236  0.0230  0.0231  0.0228  0.0228
  0.0229  0.0228  0.0227  0.0229  0.0229  0.0228  0.0228  0.0230  0.0228  0.0228  0.0227  0.0227
  0.0227  0.0226  0.0226  0.0227  0.0227  0.0227  0.0226  0.0227  0.0226  0.0226  0.0226  0.0226
  0.0226  0.0226  0.0226  0.0226  0.0226  0.0226  0.0226  0.0226  0.0226  0.0226  0.0225  0.0225
  0.0227  0.0226  0.0226  0.0226  0.0226  0.0225  0.0226  0.0227  0.0226  0.0226  0.0226  0.0226
  0.0229  0.0228  0.0227  0.0228  0.0229  0.0227  0.0228  0.0230  0.0228  0.0227  0.0226  0.0227
  0.0233  0.0231  0.0229  0.0232  0.0233  0.0231  0.0231  0.0236  0.0230  0.0231  0.0228  0.0229
niter,ni,del,rscale     2    3    5.0000    0.5000
parameters
    2.1105  -16.4259   -0.0995   -9.1767  -16.6083  -16.1275
   -6.7910   -1.1524    8.1432   26.7939    0.9070  -29.9229
eta,q 0.97747  8.84622
  0.0231  0.0230  0.0228  0.0230  0.0231  0.0229  0.0229  0.0233  0.0229  0.0229  0.0227  0.0227
  0.0228  0.0227  0.0227  0.0228  0.0228  0.0228  0.0227  0.0229  0.0227  0.0227  0.0226  0.0226
  0.0226  0.0226  0.0226  0.0226  0.0226  0.0226  0.0226  0.0226  0.0226  0.0226  0.0226  0.0226
  0.0226  0.0226  0.0226  0.0225  0.0226  0.0225  0.0225  0.0225  0.0225  0.0225  0.0225  0.0225
  0.0226  0.0226  0.0226  0.0226  0.0226  0.0225  0.0226  0.0226  0.0226  0.0225  0.0225  0.0225
  0.0228  0.0227  0.0227  0.0227  0.0228  0.0226  0.0227  0.0229  0.0227  0.0227  0.0226  0.0226
  0.0231  0.0229  0.0228  0.0230  0.0231  0.0229  0.0229  0.0233  0.0229  0.0229  0.0227  0.0227
niter,ni,del,rscale     1    3    5.0000    0.4000
parameters
    2.1071  -16.4286   -0.0477   -9.1165  -16.5493  -15.8504
   -6.7702   -1.1441    8.1332   26.7688    0.9318  -29.9813
eta,q 0.97749  8.86337
  0.0229  0.0228  0.0227  0.0228  0.0229  0.0228  0.0228  0.0230  0.0227  0.0227  0.0226  0.0226
  0.0227  0.0226  0.0226  0.0227  0.0227  0.0227  0.0226  0.0227  0.0226  0.0226  0.0226  0.0226
  0.0226  0.0226  0.0226  0.0226  0.0226  0.0226  0.0225  0.0226  0.0225  0.0225  0.0225  0.0225
  0.0225  0.0225  0.0225  0.0225  0.0225  0.0225  0.0225  0.0225  0.0225  0.0225  0.0225  0.0225
  0.0226  0.0226  0.0225  0.0225  0.0226  0.0225  0.0225  0.0226  0.0225  0.0225  0.0225  0.0225
  0.0227  0.0226  0.0226  0.0226  0.0227  0.0226  0.0226  0.0227  0.0226  0.0226  0.0226  0.0226
  0.0229  0.0228  0.0227  0.0228  0.0229  0.0227  0.0228  0.0230  0.0227  0.0228  0.0226  0.0227
registration optimization eta report
parameter search radius
    0.8000    0.8000    0.8000    2.4000    2.4000    2.4000
    2.4000    2.4000    2.4000    2.4000    2.4000    2.4000
100000*second partial in parameter space
       52.       40.       25.        5.        6.        4.
        4.        8.        4.        4.        2.        2.
  0.0229  0.0228  0.0227  0.0228  0.0229  0.0228  0.0228  0.0230  0.0227  0.0227  0.0226  0.0226
  0.0227  0.0226  0.0226  0.0227  0.0227  0.0227  0.0226  0.0227  0.0226  0.0226  0.0226  0.0226
  0.0226  0.0226  0.0226  0.0226  0.0226  0.0226  0.0225  0.0226  0.0225  0.0225  0.0225  0.0225
  0.0225  0.0225  0.0225  0.0225  0.0225  0.0225  0.0225  0.0225  0.0225  0.0225  0.0225  0.0225
  0.0226  0.0226  0.0225  0.0225  0.0226  0.0225  0.0225  0.0226  0.0225  0.0225  0.0225  0.0225
  0.0227  0.0226  0.0226  0.0226  0.0227  0.0226  0.0226  0.0227  0.0226  0.0226  0.0226  0.0226
  0.0229  0.0228  0.0227  0.0228  0.0229  0.0227  0.0228  0.0230  0.0227  0.0228  0.0226  0.0227
    2.1071  -16.4286   -0.0477   -9.1165  -16.5493  -15.8504
   -6.7702   -1.1441    8.1332   26.7688    0.9318  -29.9813
eta,q 0.97749  8.86337

---------------------------------------------------------------------
compute_vox2vox talsrcimg talsrcimg_to_711-2C_as_mni_average_305_t4 /opt/freesurfer/average/711-2C_as_mni_average_305
---------------------------------------------------------------------

freesurfer compute_vox2vox.c
Reading: talsrcimg.4dfp.ifh
Reading: talsrcimg_to_711-2C_as_mni_average_305_t4
Reading: /opt/freesurfer/average/711-2C_as_mni_average_305.4dfp.ifh
Writing: talsrcimg_to_711-2C_as_mni_average_305_t4_vox2vox.txt

start time Thu Mar 12 11:06:54 CET 2026
end		time Thu Mar 12 11:08:20 CET 2026

mpr2mni305 success

avi2talxfm orig_nu.mgz /opt/freesurfer/average/mni305.cor.mgz talsrcimg_to_711-2C_as_mni_average_305_t4_vox2vox.txt transforms/talairach.auto.xfm
avi2talxfm done
mv -f /out/sourcedata/freesurfer/sub-v1s11x0050166_ses-1/mri/talsrcimg_to_711-2C_as_mni_average_305_t4_vox2vox.txt /out/sourcedata/freesurfer/sub-v1s11x0050166_ses-1/mri/transforms/talsrcimg_to_711-2C_as_mni_average_305_t4_vox2vox.txt
lta_convert --src orig_nu.mgz --trg /opt/freesurfer/average/mni305.cor.mgz --inxfm transforms/talairach.auto.xfm --outlta transforms/talairach.auto.xfm.lta --subject fsaverage
7.3.2

--src: orig_nu.mgz src image (geometry).
--trg: /opt/freesurfer/average/mni305.cor.mgz trg image (geometry).
--inmni: transforms/talairach.auto.xfm input MNI/XFM transform.
--outlta: transforms/talairach.auto.xfm.lta output LTA.
--s: fsaverage subject name
 LTA read, type : 1
 1.09288  -0.01198   0.08436   2.68350;
-0.04492   1.06697   0.37969  -7.25642;
-0.09211  -0.34109   1.06830  -14.34317;
 0.00000   0.00000   0.00000   1.00000;
setting subject to fsaverage
Writing  LTA to file transforms/talairach.auto.xfm.lta...
lta_convert successful.
 
 
Started at Thu Mar 12 11:06:53 CET 2026
Ended   at Thu Mar 12 11:08:20 CET 2026
talairach_avi done
