status file for recon-all
Thu Mar 12 12:22:35 CET 2026
#@# Tessellate rh Thu Mar 12 12:22:35 CET 2026
#@# Smooth1 rh Thu Mar 12 12:22:37 CET 2026
#@# Inflation1 rh Thu Mar 12 12:22:40 CET 2026
#@# QSphere rh Thu Mar 12 12:22:52 CET 2026
#@# Fix Topology rh Thu Mar 12 12:23:52 CET 2026
#@# Smooth2 rh Thu Mar 12 12:29:40 CET 2026
#@# Inflation2 rh Thu Mar 12 12:29:43 CET 2026
#@# Curv .H and .K rh Thu Mar 12 12:29:56 CET 2026
#@# Sphere rh Thu Mar 12 12:30:44 CET 2026
#@# Surf Reg rh Thu Mar 12 12:33:55 CET 2026
#@# Jacobian white rh Thu Mar 12 12:39:12 CET 2026
#@# AvgCurv rh Thu Mar 12 12:39:13 CET 2026
#@# Cortical Parc rh Thu Mar 12 12:39:13 CET 2026
#@# white curv rh Thu Mar 12 12:46:31 CET 2026
#@# white area rh Thu Mar 12 12:46:32 CET 2026
#@# pial curv rh Thu Mar 12 12:46:33 CET 2026
#@# pial area rh Thu Mar 12 12:46:34 CET 2026
#@# thickness rh Thu Mar 12 12:46:35 CET 2026
#@# area and vertex vol rh Thu Mar 12 12:47:03 CET 2026
#@# Curvature Stats rh Thu Mar 12 12:47:05 CET 2026
#@# Cortical Parc 2 rh Thu Mar 12 12:47:07 CET 2026
#@# Cortical Parc 3 rh Thu Mar 12 12:47:21 CET 2026
#@# WM/GM Contrast rh Thu Mar 12 12:47:31 CET 2026
recon-all -s sub-v1s11x0050155_ses-1 finished without error at Thu Mar 12 12:47:34 CET 2026



#New# invocation of recon-all 



status file for recon-all
Thu Mar 12 12:56:31 CET 2026
#@# white curv rh Thu Mar 12 12:56:31 CET 2026
#@# white area rh Thu Mar 12 12:56:31 CET 2026
#@# pial curv rh Thu Mar 12 12:56:31 CET 2026
#@# pial area rh Thu Mar 12 12:56:31 CET 2026
#@# thickness rh Thu Mar 12 12:56:31 CET 2026
#@# area and vertex vol rh Thu Mar 12 12:56:31 CET 2026
#@# Parcellation Stats rh Thu Mar 12 12:56:31 CET 2026
#@# Parcellation Stats 2 rh Thu Mar 12 12:56:52 CET 2026
#@# Parcellation Stats 3 rh Thu Mar 12 12:57:03 CET 2026
#@# BA_exvivo Labels rh Thu Mar 12 12:57:13 CET 2026
recon-all -s sub-v1s11x0050155_ses-1 finished without error at Thu Mar 12 12:59:55 CET 2026
