status file for recon-all
Thu Mar 12 10:18:33 CET 2026
#@# MotionCor Thu Mar 12 10:18:35 CET 2026
#@# Talairach Thu Mar 12 10:18:40 CET 2026
#@# Talairach Failure Detection Thu Mar 12 10:21:35 CET 2026
#@# Nu Intensity Correction Thu Mar 12 10:21:35 CET 2026
#@# Intensity Normalization Thu Mar 12 10:24:26 CET 2026
recon-all -s sub-v1s11x0050155_ses-1 finished without error at Thu Mar 12 10:25:25 CET 2026



#New# invocation of recon-all 



status file for recon-all
Thu Mar 12 10:31:28 CET 2026
#@# EM Registration Thu Mar 12 10:31:28 CET 2026
recon-all -s sub-v1s11x0050155_ses-1 finished without error at Thu Mar 12 10:33:11 CET 2026



#New# invocation of recon-all 



status file for recon-all
Thu Mar 12 10:33:12 CET 2026
#@# CA Normalize Thu Mar 12 10:33:12 CET 2026
#@# CA Reg Thu Mar 12 10:33:54 CET 2026
#@# SubCort Seg Thu Mar 12 11:21:53 CET 2026
#@# CC Seg Thu Mar 12 11:49:42 CET 2026
#@# Merge ASeg Thu Mar 12 11:50:10 CET 2026
#@# Intensity Normalization2 Thu Mar 12 11:50:10 CET 2026
#@# Mask BFS Thu Mar 12 11:51:36 CET 2026
#@# WM Segmentation Thu Mar 12 11:51:37 CET 2026
#@# Fill Thu Mar 12 11:53:20 CET 2026
recon-all -s sub-v1s11x0050155_ses-1 finished without error at Thu Mar 12 11:54:04 CET 2026



#New# invocation of recon-all 



status file for recon-all
Thu Mar 12 12:47:39 CET 2026
#@# white curv lh Thu Mar 12 12:47:39 CET 2026
#@# white area lh Thu Mar 12 12:47:39 CET 2026
#@# pial curv lh Thu Mar 12 12:47:39 CET 2026
#@# pial area lh Thu Mar 12 12:47:39 CET 2026
#@# thickness lh Thu Mar 12 12:47:39 CET 2026
#@# area and vertex vol lh Thu Mar 12 12:47:39 CET 2026
#@# white curv rh Thu Mar 12 12:47:39 CET 2026
#@# white area rh Thu Mar 12 12:47:39 CET 2026
#@# pial curv rh Thu Mar 12 12:47:39 CET 2026
#@# pial area rh Thu Mar 12 12:47:39 CET 2026
#@# thickness rh Thu Mar 12 12:47:39 CET 2026
#@# area and vertex vol rh Thu Mar 12 12:47:39 CET 2026
#@# Cortical ribbon mask Thu Mar 12 12:47:39 CET 2026
recon-all -s sub-v1s11x0050155_ses-1 finished without error at Thu Mar 12 12:53:01 CET 2026



#New# invocation of recon-all 



status file for recon-all
Thu Mar 12 12:59:59 CET 2026
#@# white curv lh Thu Mar 12 12:59:59 CET 2026
#@# white area lh Thu Mar 12 12:59:59 CET 2026
#@# pial curv lh Thu Mar 12 12:59:59 CET 2026
#@# pial area lh Thu Mar 12 12:59:59 CET 2026
#@# thickness lh Thu Mar 12 12:59:59 CET 2026
#@# area and vertex vol lh Thu Mar 12 12:59:59 CET 2026
#@# white curv rh Thu Mar 12 12:59:59 CET 2026
#@# white area rh Thu Mar 12 12:59:59 CET 2026
#@# pial curv rh Thu Mar 12 12:59:59 CET 2026
#@# pial area rh Thu Mar 12 12:59:59 CET 2026
#@# thickness rh Thu Mar 12 12:59:59 CET 2026
#@# area and vertex vol rh Thu Mar 12 12:59:59 CET 2026
#@# Curvature Stats lh Thu Mar 12 12:59:59 CET 2026
#@# Curvature Stats rh Thu Mar 12 13:00:01 CET 2026
#@# Relabel Hypointensities Thu Mar 12 13:00:03 CET 2026
#@# APas-to-ASeg Thu Mar 12 13:00:18 CET 2026
#@# AParc-to-ASeg aparc Thu Mar 12 13:00:26 CET 2026
#@# AParc-to-ASeg aparc.a2009s Thu Mar 12 13:01:16 CET 2026
#@# AParc-to-ASeg aparc.DKTatlas Thu Mar 12 13:02:09 CET 2026
#@# WMParc Thu Mar 12 13:02:51 CET 2026
#@# ASeg Stats Thu Mar 12 13:05:02 CET 2026
recon-all -s sub-v1s11x0050155_ses-1 finished without error at Thu Mar 12 13:05:25 CET 2026
