status file for recon-all
Thu Mar 12 12:43:51 CET 2026
#@# Tessellate lh Thu Mar 12 12:43:51 CET 2026
#@# Smooth1 lh Thu Mar 12 12:43:54 CET 2026
#@# Inflation1 lh Thu Mar 12 12:43:57 CET 2026
#@# QSphere lh Thu Mar 12 12:44:09 CET 2026
#@# Fix Topology lh Thu Mar 12 12:45:18 CET 2026
#@# Smooth2 lh Thu Mar 12 12:50:06 CET 2026
#@# Inflation2 lh Thu Mar 12 12:50:08 CET 2026
#@# Curv .H and .K lh Thu Mar 12 12:50:22 CET 2026
#@# Sphere lh Thu Mar 12 12:51:03 CET 2026
#@# Surf Reg lh Thu Mar 12 12:54:22 CET 2026
#@# Jacobian white lh Thu Mar 12 12:58:04 CET 2026
#@# AvgCurv lh Thu Mar 12 12:58:04 CET 2026
#@# Cortical Parc lh Thu Mar 12 12:58:05 CET 2026
#@# white curv lh Thu Mar 12 13:03:56 CET 2026
#@# white area lh Thu Mar 12 13:03:57 CET 2026
#@# pial curv lh Thu Mar 12 13:03:58 CET 2026
#@# pial area lh Thu Mar 12 13:03:59 CET 2026
#@# thickness lh Thu Mar 12 13:04:00 CET 2026
#@# area and vertex vol lh Thu Mar 12 13:04:25 CET 2026
#@# Curvature Stats lh Thu Mar 12 13:04:26 CET 2026
#@# Cortical Parc 2 lh Thu Mar 12 13:04:29 CET 2026
#@# Cortical Parc 3 lh Thu Mar 12 13:04:40 CET 2026
#@# WM/GM Contrast lh Thu Mar 12 13:04:49 CET 2026
recon-all -s sub-v1s11x0050166_ses-1 finished without error at Thu Mar 12 13:04:51 CET 2026



#New# invocation of recon-all 



status file for recon-all
Thu Mar 12 13:31:11 CET 2026
#@# white curv lh Thu Mar 12 13:31:12 CET 2026
#@# white area lh Thu Mar 12 13:31:12 CET 2026
#@# pial curv lh Thu Mar 12 13:31:12 CET 2026
#@# pial area lh Thu Mar 12 13:31:12 CET 2026
#@# thickness lh Thu Mar 12 13:31:12 CET 2026
#@# area and vertex vol lh Thu Mar 12 13:31:12 CET 2026
#@# Parcellation Stats lh Thu Mar 12 13:31:12 CET 2026
#@# Parcellation Stats 2 lh Thu Mar 12 13:31:27 CET 2026
#@# Parcellation Stats 3 lh Thu Mar 12 13:31:34 CET 2026
#@# BA_exvivo Labels lh Thu Mar 12 13:31:42 CET 2026
recon-all -s sub-v1s11x0050166_ses-1 finished without error at Thu Mar 12 13:33:59 CET 2026
