status file for recon-all
Thu Mar 12 12:02:13 CET 2026
#@# Tessellate lh Thu Mar 12 12:02:13 CET 2026
#@# Smooth1 lh Thu Mar 12 12:02:17 CET 2026
#@# Inflation1 lh Thu Mar 12 12:02:20 CET 2026
#@# QSphere lh Thu Mar 12 12:02:34 CET 2026
#@# Fix Topology lh Thu Mar 12 12:03:42 CET 2026
#@# Smooth2 lh Thu Mar 12 12:09:36 CET 2026
#@# Inflation2 lh Thu Mar 12 12:09:38 CET 2026
#@# Curv .H and .K lh Thu Mar 12 12:09:52 CET 2026
#@# Sphere lh Thu Mar 12 12:10:32 CET 2026
#@# Surf Reg lh Thu Mar 12 12:14:20 CET 2026
#@# Jacobian white lh Thu Mar 12 12:17:59 CET 2026
#@# AvgCurv lh Thu Mar 12 12:18:00 CET 2026
#@# Cortical Parc lh Thu Mar 12 12:18:01 CET 2026
#@# white curv lh Thu Mar 12 12:23:39 CET 2026
#@# white area lh Thu Mar 12 12:23:41 CET 2026
#@# pial curv lh Thu Mar 12 12:23:42 CET 2026
#@# pial area lh Thu Mar 12 12:23:44 CET 2026
#@# thickness lh Thu Mar 12 12:23:44 CET 2026
#@# area and vertex vol lh Thu Mar 12 12:24:11 CET 2026
#@# Curvature Stats lh Thu Mar 12 12:24:12 CET 2026
#@# Cortical Parc 2 lh Thu Mar 12 12:24:15 CET 2026
#@# Cortical Parc 3 lh Thu Mar 12 12:24:26 CET 2026
#@# WM/GM Contrast lh Thu Mar 12 12:24:36 CET 2026
recon-all -s sub-v1s11x0050153_ses-1 finished without error at Thu Mar 12 12:24:39 CET 2026



#New# invocation of recon-all 



status file for recon-all
Thu Mar 12 12:51:22 CET 2026
#@# white curv lh Thu Mar 12 12:51:22 CET 2026
#@# white area lh Thu Mar 12 12:51:22 CET 2026
#@# pial curv lh Thu Mar 12 12:51:22 CET 2026
#@# pial area lh Thu Mar 12 12:51:22 CET 2026
#@# thickness lh Thu Mar 12 12:51:22 CET 2026
#@# area and vertex vol lh Thu Mar 12 12:51:22 CET 2026
#@# Parcellation Stats lh Thu Mar 12 12:51:22 CET 2026
#@# Parcellation Stats 2 lh Thu Mar 12 12:51:37 CET 2026
#@# Parcellation Stats 3 lh Thu Mar 12 12:51:46 CET 2026
#@# BA_exvivo Labels lh Thu Mar 12 12:51:53 CET 2026
recon-all -s sub-v1s11x0050153_ses-1 finished without error at Thu Mar 12 12:54:30 CET 2026
