status file for recon-all
Thu Mar 12 12:24:42 CET 2026
#@# Tessellate rh Thu Mar 12 12:24:42 CET 2026
#@# Smooth1 rh Thu Mar 12 12:24:45 CET 2026
#@# Inflation1 rh Thu Mar 12 12:24:48 CET 2026
#@# QSphere rh Thu Mar 12 12:25:01 CET 2026
#@# Fix Topology rh Thu Mar 12 12:26:14 CET 2026
#@# Smooth2 rh Thu Mar 12 12:31:05 CET 2026
#@# Inflation2 rh Thu Mar 12 12:31:08 CET 2026
#@# Curv .H and .K rh Thu Mar 12 12:31:22 CET 2026
#@# Sphere rh Thu Mar 12 12:32:04 CET 2026
#@# Surf Reg rh Thu Mar 12 12:35:54 CET 2026
#@# Jacobian white rh Thu Mar 12 12:39:57 CET 2026
#@# AvgCurv rh Thu Mar 12 12:39:58 CET 2026
#@# Cortical Parc rh Thu Mar 12 12:39:59 CET 2026
#@# white curv rh Thu Mar 12 12:46:16 CET 2026
#@# white area rh Thu Mar 12 12:46:18 CET 2026
#@# pial curv rh Thu Mar 12 12:46:19 CET 2026
#@# pial area rh Thu Mar 12 12:46:21 CET 2026
#@# thickness rh Thu Mar 12 12:46:22 CET 2026
#@# area and vertex vol rh Thu Mar 12 12:46:50 CET 2026
#@# Curvature Stats rh Thu Mar 12 12:46:52 CET 2026
#@# Cortical Parc 2 rh Thu Mar 12 12:46:55 CET 2026
#@# Cortical Parc 3 rh Thu Mar 12 12:47:07 CET 2026
#@# WM/GM Contrast rh Thu Mar 12 12:47:17 CET 2026
recon-all -s sub-v1s11x0050153_ses-1 finished without error at Thu Mar 12 12:47:20 CET 2026



#New# invocation of recon-all 



status file for recon-all
Thu Mar 12 12:54:32 CET 2026
#@# white curv rh Thu Mar 12 12:54:32 CET 2026
#@# white area rh Thu Mar 12 12:54:32 CET 2026
#@# pial curv rh Thu Mar 12 12:54:32 CET 2026
#@# pial area rh Thu Mar 12 12:54:32 CET 2026
#@# thickness rh Thu Mar 12 12:54:32 CET 2026
#@# area and vertex vol rh Thu Mar 12 12:54:32 CET 2026
#@# Parcellation Stats rh Thu Mar 12 12:54:32 CET 2026
#@# Parcellation Stats 2 rh Thu Mar 12 12:54:49 CET 2026
#@# Parcellation Stats 3 rh Thu Mar 12 12:54:57 CET 2026
#@# BA_exvivo Labels rh Thu Mar 12 12:55:05 CET 2026
recon-all -s sub-v1s11x0050153_ses-1 finished without error at Thu Mar 12 12:57:43 CET 2026
