/out/sourcedata/freesurfer/sub-v1s11x0050149_ses-1/mri
/opt/freesurfer/bin/talairach_avi
--i orig_nu.mgz --xfm transforms/talairach.auto.xfm
talairach_avi 7.3.2
Linux dna030 5.14.0-427.37.1.el9_4.x86_64 #1 SMP PREEMPT_DYNAMIC Fri Sep 13 12:41:50 EDT 2024 x86_64 x86_64 x86_64 GNU/Linux
Thu Mar 12 10:12:07 CET 2026
mri_convert orig_nu.mgz talsrcimg.img 
reading from orig_nu.mgz...
TR=0.00, TE=0.00, TI=0.00, flip angle=0.00
i_ras = (-1, 7.45058e-09, 0)
j_ras = (0, 0, -1)
k_ras = (0, 1, 0)
writing to talsrcimg.img...
Analyze Output Matrix
-1.00000   0.00000   0.00000   133.75294;
 0.00000   0.00000   1.00000  -123.56831;
 0.00000  -1.00000   0.00000   151.76768;
 0.00000   0.00000   0.00000   1.00000;
--------------------
INFO: set hdr.hist.orient to -1
mpr2mni305 talsrcimg
Thu Mar 12 10:12:07 CET 2026
/opt/freesurfer/bin/mpr2mni305 talsrcimg
mpr2mni305 7.3.2
target=711-2C_as_mni_average_305

---------------------------------------------------------------------
analyzeto4dfp talsrcimg -O0 -y
---------------------------------------------------------------------

freesurfer ifh2hdr.c
Thu Mar 12 10:12:07 2026
Writing: talsrcimg.4dfp.hdr
freesurfer analyzeto4dfp.c
Reading: talsrcimg.hdr
header size 348 bytes
hdr.dime.datatype	offset=70	value=2
hdr.dime.bitpix		offset=72	value=8
hdr.hist.orient		offset=252	value=-1
dimensionality     4
dimensions       256       256       256         1
Reading: talsrcimg.img
Writing: talsrcimg.4dfp.img
Writing: talsrcimg.4dfp.ifh
ifh2hdr talsrcimg -r0to225
ori=2

---------------------------------------------------------------------
gauss_4dfp talsrcimg 1.1
---------------------------------------------------------------------

freesurfer gauss_4dfp.c
Reading: talsrcimg.4dfp.img
Writing: talsrcimg_g11.4dfp.img
image dimensions 256 256 256 padded to 288 288 288
processing volume 1freesurfer ifh2hdr.c
Thu Mar 12 10:12:09 2026
Writing: talsrcimg_g11.4dfp.hdr

Writing: talsrcimg_g11.4dfp.ifh
including: talsrcimg.4dfp.img.rec in talsrcimg_g11.4dfp.img.rec

---------------------------------------------------------------------
imgreg_4dfp /opt/freesurfer/average/711-2C_as_mni_average_305 none talsrcimg_g11 none talsrcimg_to_711-2C_as_mni_average_305_t4 4355
---------------------------------------------------------------------

freesurfer imgreg_4dfp.c
/opt/freesurfer/average/711-2C_as_mni_average_305.4dfp.img
       256       256       256         1
  1.000000  1.000000  1.000000
orientation T byte_order littleendian
Reading image: /opt/freesurfer/average/711-2C_as_mni_average_305.4dfp.img
dimensions:      256       256       256
mmppix:       1.0000   -1.0000   -1.0000
center:     128.0000 -129.0000 -129.0000
talsrcimg_g11.4dfp.img
       256       256       256         1
  1.000000  1.000000  1.000000
orientation T byte_order littleendian
Reading image: talsrcimg_g11.4dfp.img
dimensions:      256       256       256
mmppix:       1.0000   -1.0000   -1.0000
center:     128.0000 -129.0000 -129.0000
t4_read: open error in t4_sub.f l:  41 t4_file(1:l)talsrcimg_to_711-2C_as_mni_average_305_t4 
t4_read: transform initialized to I4
rotation matrix determinant  1.000000
image alignment mode   4355 decimal     1103 hex
   -7.5000  -45.0000  -45.0000 7936.0112   13.1481
    0.0000  -45.0000  -45.0000 8326.9404   13.1568
    7.5000  -45.0000  -45.0000 8012.4438   13.1724
   -7.5000  -37.5000  -45.0000 8409.2891   13.1136
    0.0000  -37.5000  -45.0000 8821.9834   13.1219
    7.5000  -37.5000  -45.0000 8498.9736   13.1427
   -7.5000  -30.0000  -45.0000 9174.1562   13.1085
    0.0000  -30.0000  -45.0000 9628.4297   13.1179
    7.5000  -30.0000  -45.0000 9262.0068   13.1473
   -7.5000  -22.5000  -45.0000 9913.4033   13.1118
    0.0000  -22.5000  -45.000010393.5732   13.1233
    7.5000  -22.5000  -45.0000 9977.0723   13.1550
   -7.5000  -15.0000  -45.000010596.1250   13.0984
    0.0000  -15.0000  -45.000011116.4766   13.1103
    7.5000  -15.0000  -45.000010647.0029   13.1369
   -7.5000   -7.5000  -45.000011233.2949   13.0810
    0.0000   -7.5000  -45.000011763.3789   13.0912
    7.5000   -7.5000  -45.000011291.2324   13.1101
   -7.5000    0.0000  -45.000011748.6523   13.0755
    0.0000    0.0000  -45.000012291.1035   13.0841
    7.5000    0.0000  -45.000011828.8281   13.0995
   -7.5000    7.5000  -45.000011380.5195   13.0896
    0.0000    7.5000  -45.000011880.1660   13.0978
    7.5000    7.5000  -45.000011421.1025   13.1186
   -7.5000   15.0000  -45.000010756.1328   13.1085
    0.0000   15.0000  -45.000011216.0059   13.1179
    7.5000   15.0000  -45.000010782.7900   13.1473
   -7.5000   22.5000  -45.0000 9962.9736   13.1100
    0.0000   22.5000  -45.000010392.3184   13.1215
    7.5000   22.5000  -45.0000 9967.3174   13.1532
   -7.5000   30.0000  -45.0000 9158.5146   12.9238
    0.0000   30.0000  -45.0000 9556.7881   12.9356
    7.5000   30.0000  -45.0000 9138.3740   12.9618
   -7.5000   37.5000  -45.0000 8738.7627   12.9067
    0.0000   37.5000  -45.0000 9092.3857   12.9168
    7.5000   37.5000  -45.0000 8681.8633   12.9354
   -7.5000   45.0000  -45.0000 8000.2148   12.5748
    0.0000   45.0000  -45.0000 8326.7949   12.5830
    7.5000   45.0000  -45.0000 7936.2314   12.5979
   -7.5000  -45.0000  -37.5000 8526.4932   13.0339
    0.0000  -45.0000  -37.5000 8955.8223   13.0472
    7.5000  -45.0000  -37.5000 8588.5928   13.0741
   -7.5000  -37.5000  -37.5000 9059.8506   13.0013
    0.0000  -37.5000  -37.5000 9512.6377   13.0141
    7.5000  -37.5000  -37.5000 9119.7568   13.0454
   -7.5000  -30.0000  -37.5000 9851.0342   12.9981
    0.0000  -30.0000  -37.500010342.4678   13.0110
    7.5000  -30.0000  -37.5000 9897.2490   13.0500
   -7.5000  -22.5000  -37.500010603.8604   13.0020
    0.0000  -22.5000  -37.500011142.8613   13.0164
    7.5000  -22.5000  -37.500010647.4023   13.0581
   -7.5000  -15.0000  -37.500011316.7178   12.9887
    0.0000  -15.0000  -37.500011905.8574   13.0036
    7.5000  -15.0000  -37.500011356.6270   13.0410
   -7.5000   -7.5000  -37.500011976.7021   12.9697
    0.0000   -7.5000  -37.500012576.5684   12.9837
    7.5000   -7.5000  -37.500012033.8408   13.0137
   -7.5000    0.0000  -37.500012534.0791   12.9627
    0.0000    0.0000  -37.500013104.5889   12.9759
    7.5000    0.0000  -37.500012566.5664   13.0026
   -7.5000    7.5000  -37.500012130.3154   12.9778
    0.0000    7.5000  -37.500012646.9521   12.9906
    7.5000    7.5000  -37.500012116.7744   13.0218
   -7.5000   15.0000  -37.500011494.7070   12.9981
    0.0000   15.0000  -37.500011998.6846   13.0110
    7.5000   15.0000  -37.500011470.7822   13.0500
   -7.5000   22.5000  -37.500010600.9258   13.0002
    0.0000   22.5000  -37.500011068.0537   13.0146
    7.5000   22.5000  -37.500010580.4893   13.0563
   -7.5000   30.0000  -37.5000 9705.4072   12.8156
    0.0000   30.0000  -37.500010138.8623   12.8304
    7.5000   30.0000  -37.5000 9666.4414   12.8672
   -7.5000   37.5000  -37.5000 9227.9619   12.7969
    0.0000   37.5000  -37.5000 9623.2031   12.8107
    7.5000   37.5000  -37.5000 9163.0322   12.8403
   -7.5000   45.0000  -37.5000 8435.9570   12.4663
    0.0000   45.0000  -37.5000 8791.1094   12.4789
    7.5000   45.0000  -37.5000 8374.2188   12.5045
   -7.5000  -45.0000  -30.0000 9299.4990   13.5455
    0.0000  -45.0000  -30.0000 9765.6211   13.5633
    7.5000  -45.0000  -30.0000 9346.8711   13.5993
   -7.5000  -37.5000  -30.0000 9886.0645   13.5116
    0.0000  -37.5000  -30.000010369.2480   13.5284
    7.5000  -37.5000  -30.0000 9901.9453   13.5680
   -7.5000  -30.0000  -30.000010739.1143   13.5042
    0.0000  -30.0000  -30.000011265.8047   13.5208
    7.5000  -30.0000  -30.000010750.5381   13.5670
   -7.5000  -22.5000  -30.000011524.5039   13.5046
    0.0000  -22.5000  -30.000012116.5449   13.5226
    7.5000  -22.5000  -30.000011546.0654   13.5711
   -7.5000  -15.0000  -30.000012291.8496   13.4902
    0.0000  -15.0000  -30.000012927.0273   13.5093
    7.5000  -15.0000  -30.000012316.6982   13.5539
   -7.5000   -7.5000  -30.000012994.7363   13.4742
    0.0000   -7.5000  -30.000013638.7568   13.4927
    7.5000   -7.5000  -30.000013014.3701   13.5312
   -7.5000    0.0000  -30.000013562.7871   13.4717
    0.0000    0.0000  -30.000014208.2305   13.4893
    7.5000    0.0000  -30.000013566.4189   13.5250
   -7.5000    7.5000  -30.000013088.9062   13.4874
    0.0000    7.5000  -30.000013681.6328   13.5042
    7.5000    7.5000  -30.000013049.9287   13.5435
   -7.5000   15.0000  -30.000012426.7617   13.5042
    0.0000   15.0000  -30.000012990.8770   13.5208
    7.5000   15.0000  -30.000012376.8438   13.5670
   -7.5000   22.5000  -30.000011447.4609   13.5013
    0.0000   22.5000  -30.000011950.0215   13.5193
    7.5000   22.5000  -30.000011382.5303   13.5679
   -7.5000   30.0000  -30.000010437.9268   13.3117
    0.0000   30.0000  -30.000010899.7686   13.3305
    7.5000   30.0000  -30.000010362.9062   13.3746
   -7.5000   37.5000  -30.0000 9869.1836   13.2959
    0.0000   37.5000  -30.000010316.0156   13.3141
    7.5000   37.5000  -30.0000 9815.5625   13.3522
   -7.5000   45.0000  -30.0000 9008.9102   12.9651
    0.0000   45.0000  -30.0000 9404.5078   12.9821
    7.5000   45.0000  -30.0000 8954.4180   13.0164
   -7.5000  -45.0000  -22.500010068.7100   14.0132
    0.0000  -45.0000  -22.500010560.2754   14.0311
    7.5000  -45.0000  -22.500010099.3076   14.0643
   -7.5000  -37.5000  -22.500010678.0664   13.9762
    0.0000  -37.5000  -22.500011199.9561   13.9924
    7.5000  -37.5000  -22.500010686.6172   14.0292
   -7.5000  -30.0000  -22.500011605.9473   13.9614
    0.0000  -30.0000  -22.500012187.7490   13.9778
    7.5000  -30.0000  -22.500011600.6396   14.0208
   -7.5000  -22.5000  -22.500012455.2480   13.9568
    0.0000  -22.5000  -22.500013091.9561   13.9757
    7.5000  -22.5000  -22.500012445.4062   14.0197
   -7.5000  -15.0000  -22.500013305.8955   13.9419
    0.0000  -15.0000  -22.500013960.3457   13.9623
    7.5000  -15.0000  -22.500013266.1943   14.0022
   -7.5000   -7.5000  -22.500014032.5557   13.9319
    0.0000   -7.5000  -22.500014707.1465   13.9515
    7.5000   -7.5000  -22.500013962.6777   13.9863
   -7.5000    0.0000  -22.500014604.9385   13.9364
    0.0000    0.0000  -22.500015299.2715   13.9542
    7.5000    0.0000  -22.500014533.6299   13.9870
   -7.5000    7.5000  -22.500014061.1123   13.9511
    0.0000    7.5000  -22.500014710.6162   13.9672
    7.5000    7.5000  -22.500013962.3174   14.0039
   -7.5000   15.0000  -22.500013351.9941   13.9614
    0.0000   15.0000  -22.500013970.5830   13.9778
    7.5000   15.0000  -22.500013248.8135   14.0208
   -7.5000   22.5000  -22.500012284.5195   13.9525
    0.0000   22.5000  -22.500012855.5869   13.9714
    7.5000   22.5000  -22.500012177.5039   14.0154
   -7.5000   30.0000  -22.500011178.3252   13.7595
    0.0000   30.0000  -22.500011689.2139   13.7797
    7.5000   30.0000  -22.500011083.7246   13.8190
   -7.5000   37.5000  -22.500010553.8828   13.7496
    0.0000   37.5000  -22.500011028.6387   13.7690
    7.5000   37.5000  -22.500010482.6221   13.8034
   -7.5000   45.0000  -22.5000 9603.1230   13.4225
    0.0000   45.0000  -22.500010018.1455   13.4396
    7.5000   45.0000  -22.5000 9530.1162   13.4712
   -7.5000  -45.0000  -15.000010859.7686   14.3545
    0.0000  -45.0000  -15.000011371.1318   14.3684
    7.5000  -45.0000  -15.000010863.2432   14.3909
   -7.5000  -37.5000  -15.000011491.1562   14.3148
    0.0000  -37.5000  -15.000012033.8682   14.3268
    7.5000  -37.5000  -15.000011475.3213   14.3541
   -7.5000  -30.0000  -15.000012495.9326   14.2957
    0.0000  -30.0000  -15.000013089.8789   14.3094
    7.5000  -30.0000  -15.000012463.3760   14.3433
   -7.5000  -22.5000  -15.000013412.7354   14.2889
    0.0000  -22.5000  -15.000014065.5273   14.3061
    7.5000  -22.5000  -15.000013364.3154   14.3407
   -7.5000  -15.0000  -15.000014298.9531   14.2741
    0.0000  -15.0000  -15.000014981.4736   14.2925
    7.5000  -15.0000  -15.000014193.9082   14.3222
   -7.5000   -7.5000  -15.000015066.9922   14.2677
    0.0000   -7.5000  -15.000015764.5273   14.2843
    7.5000   -7.5000  -15.000014911.1836   14.3085
   -7.5000    0.0000  -15.000015655.6807   14.2756
    0.0000    0.0000  -15.000016387.6680   14.2892
    7.5000    0.0000  -15.000015512.6953   14.3116
   -7.5000    7.5000  -15.000015046.5488   14.2889
    0.0000    7.5000  -15.000015741.0068   14.3009
    7.5000    7.5000  -15.000014901.1104   14.3280
   -7.5000   15.0000  -15.000014246.7275   14.2957
    0.0000   15.0000  -15.000014906.6084   14.3094
    7.5000   15.0000  -15.000014112.0332   14.3433
   -7.5000   22.5000  -15.000013099.1211   14.2839
    0.0000   22.5000  -15.000013712.3281   14.3010
    7.5000   22.5000  -15.000012977.7598   14.3356
   -7.5000   30.0000  -15.000011919.1953   14.0894
    0.0000   30.0000  -15.000012468.8896   14.1075
    7.5000   30.0000  -15.000011797.2148   14.1368
   -7.5000   37.5000  -15.000011262.7139   14.0830
    0.0000   37.5000  -15.000011768.3027   14.0994
    7.5000   37.5000  -15.000011138.2490   14.1233
   -7.5000   45.0000  -15.000010215.5068   13.7575
    0.0000   45.0000  -15.000010647.5869   13.7707
    7.5000   45.0000  -15.000010105.1074   13.7922
   -7.5000  -45.0000   -7.500011663.3125   14.5212
    0.0000  -45.0000   -7.500012193.1592   14.5308
    7.5000  -45.0000   -7.500011656.1738   14.5454
   -7.5000  -37.5000   -7.500012342.5400   14.4822
    0.0000  -37.5000   -7.500012901.5703   14.4906
    7.5000  -37.5000   -7.500012306.4209   14.5108
   -7.5000  -30.0000   -7.500013403.5811   14.4690
    0.0000  -30.0000   -7.500014034.0215   14.4794
    7.5000  -30.0000   -7.500013362.4561   14.5078
   -7.5000  -22.5000   -7.500014375.6064   14.4666
    0.0000  -22.5000   -7.500015067.4854   14.4802
    7.5000  -22.5000   -7.500014321.9307   14.5101
   -7.5000  -15.0000   -7.500015285.7227   14.4512
    0.0000  -15.0000   -7.500016009.3896   14.4656
    7.5000  -15.0000   -7.500015170.0156   14.4900
   -7.5000   -7.5000   -7.500016110.5781   14.4393
    0.0000   -7.5000   -7.500016843.8672   14.4515
    7.5000   -7.5000   -7.500015904.8809   14.4688
   -7.5000    0.0000   -7.500016773.5254   14.4415
    0.0000    0.0000   -7.500017536.0957   14.4509
    7.5000    0.0000   -7.500016557.0664   14.4654
   -7.5000    7.5000   -7.500016095.6699   14.4559
    0.0000    7.5000   -7.500016836.0898   14.4643
    7.5000    7.5000   -7.500015875.3574   14.4844
   -7.5000   15.0000   -7.500015196.9102   14.4690
    0.0000   15.0000   -7.500015890.7354   14.4794
    7.5000   15.0000   -7.500014983.5527   14.5078
   -7.5000   22.5000   -7.500013972.9844   14.4599
    0.0000   22.5000   -7.500014630.2070   14.4735
    7.5000   22.5000   -7.500013812.0723   14.5034
   -7.5000   30.0000   -7.500012686.6436   14.2638
    0.0000   30.0000   -7.500013277.3623   14.2780
    7.5000   30.0000   -7.500012549.1797   14.3021
   -7.5000   37.5000   -7.500011989.8271   14.2521
    0.0000   37.5000   -7.500012523.6445   14.2641
    7.5000   37.5000   -7.500011838.9062   14.2812
   -7.5000   45.0000   -7.500010859.7402   13.9202
    0.0000   45.0000   -7.500011315.3164   13.9292
    7.5000   45.0000   -7.500010713.2891   13.9431
   -7.5000  -45.0000    0.000012451.7666   14.5468
    0.0000  -45.0000    0.000013004.8877   14.5566
    7.5000  -45.0000    0.000012418.4844   14.5742
   -7.5000  -37.5000    0.000013147.6816   14.5097
    0.0000  -37.5000    0.000013745.3271   14.5189
    7.5000  -37.5000    0.000013108.3193   14.5423
   -7.5000  -30.0000    0.000014245.8291   14.5047
    0.0000  -30.0000    0.000014905.2246   14.5151
    7.5000  -30.0000    0.000014206.2041   14.5476
   -7.5000  -22.5000    0.000015249.3408   14.5083
    0.0000  -22.5000    0.000015974.4824   14.5210
    7.5000  -22.5000    0.000015211.7812   14.5559
   -7.5000  -15.0000    0.000016195.8721   14.4931
    0.0000  -15.0000    0.000016928.2324   14.5062
    7.5000  -15.0000    0.000016089.7871   14.5356
   -7.5000   -7.5000    0.000017098.9746   14.4735
    0.0000   -7.5000    0.000017806.9648   14.4848
    7.5000   -7.5000    0.000016871.8848   14.5059
   -7.5000    0.0000    0.000017803.4766   14.4673
    0.0000    0.0000    0.000018531.4316   14.4770
    7.5000    0.0000    0.000017507.7773   14.4945
   -7.5000    7.5000    0.000017044.3086   14.4834
    0.0000    7.5000    0.000017767.9609   14.4926
    7.5000    7.5000    0.000016757.9746   14.5159
   -7.5000   15.0000    0.000016042.9238   14.5047
    0.0000   15.0000    0.000016700.3086   14.5151
    7.5000   15.0000    0.000015751.5869   14.5476
   -7.5000   22.5000    0.000014745.5205   14.5016
    0.0000   22.5000    0.000015379.1484   14.5143
    7.5000   22.5000    0.000014505.2148   14.5492
   -7.5000   30.0000    0.000013384.3145   14.3055
    0.0000   30.0000    0.000013992.8105   14.3185
    7.5000   30.0000    0.000013204.5605   14.3474
   -7.5000   37.5000    0.000012651.2793   14.2862
    0.0000   37.5000    0.000013217.1006   14.2974
    7.5000   37.5000    0.000012482.0371   14.3181
   -7.5000   45.0000    0.000011438.6387   13.9461
    0.0000   45.0000    0.000011934.2012   13.9554
    7.5000   45.0000    0.000011285.2354   13.9722
   -7.5000  -45.0000    7.500012234.7344   14.5445
    0.0000  -45.0000    7.500012790.1631   14.5594
    7.5000  -45.0000    7.500012214.8740   14.5894
   -7.5000  -37.5000    7.500012905.0723   14.5083
    0.0000  -37.5000    7.500013499.8643   14.5227
    7.5000  -37.5000    7.500012890.0039   14.5576
   -7.5000  -30.0000    7.500013977.9180   14.5047
    0.0000  -30.0000    7.500014596.0469   14.5192
    7.5000  -30.0000    7.500013954.1592   14.5627
   -7.5000  -22.5000    7.500014939.3770   14.5090
    0.0000  -22.5000    7.500015625.7480   14.5251
    7.5000  -22.5000    7.500014919.0986   14.5716
   -7.5000  -15.0000    7.500015928.6182   14.4941
    0.0000  -15.0000    7.500016634.1406   14.5108
    7.5000  -15.0000    7.500015812.9082   14.5524
   -7.5000   -7.5000    7.500016862.5059   14.4730
    0.0000   -7.5000    7.500017479.4453   14.4887
    7.5000   -7.5000    7.500016583.6328   14.5221
   -7.5000    0.0000    7.500017531.9961   14.4653
    0.0000    0.0000    7.500018129.4902   14.4801
    7.5000    0.0000    7.500017179.1133   14.5098
   -7.5000    7.5000    7.500016695.3477   14.4822
    0.0000    7.5000    7.500017269.0332   14.4965
    7.5000    7.5000    7.500016360.4746   14.5313
   -7.5000   15.0000    7.500015646.1191   14.5047
    0.0000   15.0000    7.500016200.0518   14.5192
    7.5000   15.0000    7.500015322.3027   14.5627
   -7.5000   22.5000    7.500014381.4395   14.5023
    0.0000   22.5000    7.500014934.5146   14.5184
    7.5000   22.5000    7.500014098.8018   14.5649
   -7.5000   30.0000    7.500013077.8125   14.3065
    0.0000   30.0000    7.500013638.3955   14.3230
    7.5000   30.0000    7.500012878.1455   14.3641
   -7.5000   37.5000    7.500012341.5732   14.2857
    0.0000   37.5000    7.500012914.5996   14.3012
    7.5000   37.5000    7.500012201.8223   14.3342
   -7.5000   45.0000    7.500011145.0947   13.9441
    0.0000   45.0000    7.500011636.1816   13.9583
    7.5000   45.0000    7.500011001.0703   13.9869
   -7.5000  -45.0000   15.000011839.6826   14.5435
    0.0000  -45.0000   15.000012390.2744   14.5627
    7.5000  -45.0000   15.000011856.1055   14.6013
   -7.5000  -37.5000   15.000012479.8799   14.5072
    0.0000  -37.5000   15.000013062.0303   14.5253
    7.5000  -37.5000   15.000012501.2119   14.5677
   -7.5000  -30.0000   15.000013507.3311   14.4993
    0.0000  -30.0000   15.000014111.9941   14.5171
    7.5000  -30.0000   15.000013526.0430   14.5667
   -7.5000  -22.5000   15.000014481.6797   14.4997
    0.0000  -22.5000   15.000015130.2305   14.5190
    7.5000  -22.5000   15.000014463.4824   14.5711
   -7.5000  -15.0000   15.000015487.8662   14.4842
    0.0000  -15.0000   15.000016168.7627   14.5047
    7.5000  -15.0000   15.000015416.7744   14.5526
   -7.5000   -7.5000   15.000016389.7715   14.4670
    0.0000   -7.5000   15.000016974.1895   14.4868
    7.5000   -7.5000   15.000016215.9238   14.5282
   -7.5000    0.0000   15.000017018.7148   14.4643
    0.0000    0.0000   15.000017567.6621   14.4833
    7.5000    0.0000   15.000016760.6309   14.5216
   -7.5000    7.5000   15.000016117.1006   14.4812
    0.0000    7.5000   15.000016667.9629   14.4992
    7.5000    7.5000   15.000015884.4639   14.5415
   -7.5000   15.0000   15.000015067.2578   14.4993
    0.0000   15.0000   15.000015595.6924   14.5171
    7.5000   15.0000   15.000014834.2695   14.5667
   -7.5000   22.5000   15.000013817.9717   14.4930
    0.0000   22.5000   15.000014347.5664   14.5123
    7.5000   22.5000   15.000013615.5430   14.5644
   -7.5000   30.0000   15.000012594.9092   14.2968
    0.0000   30.0000   15.000013138.8320   14.3169
    7.5000   30.0000   15.000012456.7734   14.3643
   -7.5000   37.5000   15.000011885.7480   14.2798
    0.0000   37.5000   15.000012421.6924   14.2993
    7.5000   37.5000   15.000011777.4805   14.3402
   -7.5000   45.0000   15.000010707.8057   13.9430
    0.0000   45.0000   15.000011187.6348   13.9612
    7.5000   45.0000   15.000010603.9004   13.9981
   -7.5000  -45.0000   22.500011325.5967   14.5471
    0.0000  -45.0000   22.500011859.4707   14.5657
    7.5000  -45.0000   22.500011358.0596   14.6001
   -7.5000  -37.5000   22.500011904.3848   14.5087
    0.0000  -37.5000   22.500012477.8154   14.5255
    7.5000  -37.5000   22.500011980.2266   14.5637
   -7.5000  -30.0000   22.500012891.8828   14.4932
    0.0000  -30.0000   22.500013478.5967   14.5104
    7.5000  -30.0000   22.500012965.6357   14.5549
   -7.5000  -22.5000   22.500013845.8311   14.4885
    0.0000  -22.5000   22.500014466.5469   14.5081
    7.5000  -22.5000   22.500013902.7930   14.5538
   -7.5000  -15.0000   22.500014791.6729   14.4731
    0.0000  -15.0000   22.500015476.3672   14.4942
    7.5000  -15.0000   22.500014867.7803   14.5356
   -7.5000   -7.5000   22.500015681.9404   14.4627
    0.0000   -7.5000   22.500016382.1387   14.4830
    7.5000   -7.5000   22.500015752.8096   14.5192
   -7.5000    0.0000   22.500016329.0537   14.4674
    0.0000    0.0000   22.500017018.5312   14.4858
    7.5000    0.0000   22.500016312.2158   14.5199
   -7.5000    7.5000   22.500015403.5869   14.4826
    0.0000    7.5000   22.500016039.6719   14.4993
    7.5000    7.5000   22.500015321.0635   14.5374
   -7.5000   15.0000   22.500014345.9561   14.4932
    0.0000   15.0000   22.500014919.8994   14.5104
    7.5000   15.0000   22.500014230.2852   14.5549
   -7.5000   22.5000   22.500013144.5293   14.4818
    0.0000   22.5000   22.500013688.4268   14.5014
    7.5000   22.5000   22.500013018.3652   14.5471
   -7.5000   30.0000   22.500012017.8359   14.2858
    0.0000   30.0000   22.500012549.4531   14.3067
    7.5000   30.0000   22.500011912.0996   14.3475
   -7.5000   37.5000   22.500011355.5000   14.2755
    0.0000   37.5000   22.500011878.6162   14.2956
    7.5000   37.5000   22.500011273.3477   14.3313
   -7.5000   45.0000   22.500010229.9346   13.9460
    0.0000   45.0000   22.500010687.2500   13.9637
    7.5000   45.0000   22.500010147.8232   13.9965
   -7.5000  -45.0000   30.000010682.8564   14.5725
    0.0000  -45.0000   30.000011203.9873   14.5867
    7.5000  -45.0000   30.000010735.7959   14.6096
   -7.5000  -37.5000   30.000011247.5879   14.5323
    0.0000  -37.5000   30.000011802.2588   14.5445
    7.5000  -37.5000   30.000011352.3760   14.5721
   -7.5000  -30.0000   30.000012211.2041   14.5129
    0.0000  -30.0000   30.000012804.7139   14.5268
    7.5000  -30.0000   30.000012326.8447   14.5612
   -7.5000  -22.5000   30.000013160.0566   14.5059
    0.0000  -22.5000   30.000013805.1758   14.5233
    7.5000  -22.5000   30.000013241.8760   14.5585
   -7.5000  -15.0000   30.000014032.8965   14.4908
    0.0000  -15.0000   30.000014700.3184   14.5095
    7.5000  -15.0000   30.000014101.5488   14.5396
   -7.5000   -7.5000   30.000014841.1992   14.4842
    0.0000   -7.5000   30.000015522.5098   14.5011
    7.5000   -7.5000   30.000014877.1602   14.5257
   -7.5000    0.0000   30.000015467.1523   14.4923
    0.0000    0.0000   30.000016141.2793   14.5062
    7.5000    0.0000   30.000015435.1191   14.5289
   -7.5000    7.5000   30.000014622.4365   14.5059
    0.0000    7.5000   30.000015253.4385   14.5181
    7.5000    7.5000   30.000014572.5410   14.5456
   -7.5000   15.0000   30.000013594.0811   14.5129
    0.0000   15.0000   30.000014156.8252   14.5268
    7.5000   15.0000   30.000013513.0498   14.5612
   -7.5000   22.5000   30.000012466.3184   14.4992
    0.0000   22.5000   30.000012971.8203   14.5167
    7.5000   22.5000   30.000012375.2881   14.5517
   -7.5000   30.0000   30.000011384.0732   14.3033
    0.0000   30.0000   30.000011876.1807   14.3217
    7.5000   30.0000   30.000011332.3926   14.3515
   -7.5000   37.5000   30.000010731.6201   14.2968
    0.0000   37.5000   30.000011211.9062   14.3135
    7.5000   37.5000   30.000010696.7734   14.3377
   -7.5000   45.0000   30.0000 9651.8115   13.9701
    0.0000   45.0000   30.000010072.2139   13.9834
    7.5000   45.0000   30.0000 9618.9160   14.0053
   -7.5000  -45.0000   37.500010404.3994   14.6313
    0.0000  -45.0000   37.500010954.3750   14.6410
    7.5000  -45.0000   37.500010451.0762   14.6558
   -7.5000  -37.5000   37.500010986.9775   14.5918
    0.0000  -37.5000   37.500011569.7021   14.6004
    7.5000  -37.5000   37.500011050.4385   14.6208
   -7.5000  -30.0000   37.500011943.8281   14.5785
    0.0000  -30.0000   37.500012552.7715   14.5890
    7.5000  -30.0000   37.500011994.1982   14.6178
   -7.5000  -22.5000   37.500012832.9980   14.5761
    0.0000  -22.5000   37.500013474.3408   14.5898
    7.5000  -22.5000   37.500012881.2910   14.6201
   -7.5000  -15.0000   37.500013660.8496   14.5605
    0.0000  -15.0000   37.500014288.7393   14.5750
    7.5000  -15.0000   37.500013716.0098   14.5997
   -7.5000   -7.5000   37.500014433.1572   14.5484
    0.0000   -7.5000   37.500015078.4746   14.5607
    7.5000   -7.5000   37.500014476.1494   14.5783
   -7.5000    0.0000   37.500015053.6357   14.5506
    0.0000    0.0000   37.500015698.6953   14.5601
    7.5000    0.0000   37.500015045.9434   14.5749
   -7.5000    7.5000   37.500014275.2500   14.5652
    0.0000    7.5000   37.500014858.0078   14.5737
    7.5000    7.5000   37.500014226.2080   14.5941
   -7.5000   15.0000   37.500013280.1709   14.5785
    0.0000   15.0000   37.500013817.3340   14.5890
    7.5000   15.0000   37.500013204.9297   14.6178
   -7.5000   22.5000   37.500012172.4912   14.5693
    0.0000   22.5000   37.500012674.1865   14.5831
    7.5000   22.5000   37.500012103.7959   14.6133
   -7.5000   30.0000   37.500011129.9658   14.3721
    0.0000   30.0000   37.500011618.1846   14.3864
    7.5000   30.0000   37.500011073.1582   14.4108
   -7.5000   37.5000   37.500010459.2959   14.3601
    0.0000   37.5000   37.500010939.2168   14.3723
    7.5000   37.5000   37.500010428.4248   14.3896
   -7.5000   45.0000   37.5000 9382.8604   14.0264
    0.0000   45.0000   37.5000 9825.1348   14.0355
    7.5000   45.0000   37.5000 9380.7305   14.0497
   -7.5000  -45.0000   45.0000 9663.0127   14.6750
    0.0000  -45.0000   45.000010138.6250   14.6848
    7.5000  -45.0000   45.0000 9643.8525   14.7028
   -7.5000  -37.5000   45.000010184.5342   14.6372
    0.0000  -37.5000   45.000010691.9355   14.6465
    7.5000  -37.5000   45.000010179.7041   14.6703
   -7.5000  -30.0000   45.000011057.0850   14.6323
    0.0000  -30.0000   45.000011600.6025   14.6427
    7.5000  -30.0000   45.000011061.1924   14.6760
   -7.5000  -22.5000   45.000011867.2822   14.6361
    0.0000  -22.5000   45.000012451.8574   14.6489
    7.5000  -22.5000   45.000011868.7402   14.6845
   -7.5000  -15.0000   45.000012597.9492   14.6204
    0.0000  -15.0000   45.000013185.7305   14.6337
    7.5000  -15.0000   45.000012612.4912   14.6637
   -7.5000   -7.5000   45.000013287.3262   14.6002
    0.0000   -7.5000   45.000013899.9854   14.6116
    7.5000   -7.5000   45.000013315.3525   14.6331
   -7.5000    0.0000   45.000013886.1719   14.5938
    0.0000    0.0000   45.000014517.5723   14.6035
    7.5000    0.0000   45.000013888.0107   14.6213
   -7.5000    7.5000   45.000013208.2129   14.6103
    0.0000    7.5000   45.000013798.4180   14.6196
    7.5000    7.5000   45.000013196.9141   14.6433
   -7.5000   15.0000   45.000012278.8633   14.6323
    0.0000   15.0000   45.000012831.6436   14.6427
    7.5000   15.0000   45.000012259.6572   14.6760
   -7.5000   22.5000   45.000011269.2588   14.6293
    0.0000   22.5000   45.000011770.1768   14.6421
    7.5000   22.5000   45.000011233.7598   14.6777
   -7.5000   30.0000   45.000010326.8203   14.4299
    0.0000   30.0000   45.000010796.1914   14.4431
    7.5000   30.0000   45.000010286.9980   14.4726
   -7.5000   37.5000   45.0000 9709.7314   14.4099
    0.0000   37.5000   45.000010171.6104   14.4212
    7.5000   37.5000   45.0000 9688.8896   14.4425
   -7.5000   45.0000   45.0000 8703.2861   14.0738
    0.0000   45.0000   45.0000 9134.5527   14.0831
    7.5000   45.0000   45.0000 8706.5059   14.1003

---------------------------------------------------------------------
imgreg_4dfp /opt/freesurfer/average/711-2C_as_mni_average_305 /opt/freesurfer/average/711-2B_as_mni_average_305_mask talsrcimg_g11 none talsrcimg_to_711-2C_as_mni_average_305_t4 4355
---------------------------------------------------------------------

freesurfer imgreg_4dfp.c
/opt/freesurfer/average/711-2C_as_mni_average_305.4dfp.img
       256       256       256         1
  1.000000  1.000000  1.000000
orientation T byte_order littleendian
Reading image: /opt/freesurfer/average/711-2C_as_mni_average_305.4dfp.img
dimensions:      256       256       256
mmppix:       1.0000   -1.0000   -1.0000
center:     128.0000 -129.0000 -129.0000
/opt/freesurfer/average/711-2B_as_mni_average_305_mask.4dfp.img
       256       256       256         1
  1.000000  1.000000  1.000000
orientation T byte_order littleendian
Reading mask: /opt/freesurfer/average/711-2B_as_mni_average_305_mask.4dfp.img (2306576 pixels)
talsrcimg_g11.4dfp.img
       256       256       256         1
  1.000000  1.000000  1.000000
orientation T byte_order littleendian
Reading image: talsrcimg_g11.4dfp.img
dimensions:      256       256       256
mmppix:       1.0000   -1.0000   -1.0000
center:     128.0000 -129.0000 -129.0000
rotation matrix determinant  1.000000
image alignment mode   4355 decimal     1103 hex
   -7.5000  -45.0000  -45.0000 2093.7266   16.0120
    0.0000  -45.0000  -45.0000 2112.2129   15.8497
    7.5000  -45.0000  -45.0000 2110.4324   15.8992
   -7.5000  -37.5000  -45.0000 2146.3464   15.0746
    0.0000  -37.5000  -45.0000 2163.4316   14.9645
    7.5000  -37.5000  -45.0000 2166.5593   14.9982
   -7.5000  -30.0000  -45.0000 2186.6355   14.4407
    0.0000  -30.0000  -45.0000 2205.2451   14.3046
    7.5000  -30.0000  -45.0000 2205.5642   14.3609
   -7.5000  -22.5000  -45.0000 2209.0208   14.0636
    0.0000  -22.5000  -45.0000 2226.4973   13.8707
    7.5000  -22.5000  -45.0000 2227.0879   13.9291
   -7.5000  -15.0000  -45.0000 2211.4597   13.8940
    0.0000  -15.0000  -45.0000 2228.1807   13.6830
    7.5000  -15.0000  -45.0000 2227.6311   13.7613
   -7.5000   -7.5000  -45.0000 2206.1521   13.9369
    0.0000   -7.5000  -45.0000 2227.1155   13.7071
    7.5000   -7.5000  -45.0000 2226.2815   13.7896
   -7.5000    0.0000  -45.0000 2189.5317   14.1958
    0.0000    0.0000  -45.0000 2209.9282   13.9886
    7.5000    0.0000  -45.0000 2209.4426   14.0553
   -7.5000    7.5000  -45.0000 2162.4192   14.7426
    0.0000    7.5000  -45.0000 2183.9304   14.4901
    7.5000    7.5000  -45.0000 2185.6216   14.5238
   -7.5000   15.0000  -45.0000 2120.3948   15.4785
    0.0000   15.0000  -45.0000 2143.0969   15.1997
    7.5000   15.0000  -45.0000 2144.7388   15.2417
   -7.5000   22.5000  -45.0000 2063.9756   16.4677
    0.0000   22.5000  -45.0000 2091.4351   16.1985
    7.5000   22.5000  -45.0000 2089.8784   16.2405
   -7.5000   30.0000  -45.0000 1992.0060   17.8682
    0.0000   30.0000  -45.0000 2019.3503   17.5586
    7.5000   30.0000  -45.0000 2012.1041   17.6322
   -7.5000   37.5000  -45.0000 1906.2814   19.7930
    0.0000   37.5000  -45.0000 1925.9012   19.4166
    7.5000   37.5000  -45.0000 1921.5498   19.5182
   -7.5000   45.0000  -45.0000 1808.0413   22.4452
    0.0000   45.0000  -45.0000 1828.4034   21.9743
    7.5000   45.0000  -45.0000 1824.1251   22.0592
   -7.5000  -45.0000  -37.5000 2192.4756   14.7219
    0.0000  -45.0000  -37.5000 2211.4573   14.6051
    7.5000  -45.0000  -37.5000 2210.6084   14.6335
   -7.5000  -37.5000  -37.5000 2253.0298   13.8542
    0.0000  -37.5000  -37.5000 2269.4709   13.7578
    7.5000  -37.5000  -37.5000 2272.6846   13.7719
   -7.5000  -30.0000  -37.5000 2288.6160   13.2420
    0.0000  -30.0000  -37.5000 2302.3831   13.1314
    7.5000  -30.0000  -37.5000 2302.7446   13.1788
   -7.5000  -22.5000  -37.5000 2307.4016   12.8666
    0.0000  -22.5000  -37.5000 2326.9285   12.7325
    7.5000  -22.5000  -37.5000 2324.6531   12.7860
   -7.5000  -15.0000  -37.5000 2307.9846   12.6861
    0.0000  -15.0000  -37.5000 2329.9583   12.5411
    7.5000  -15.0000  -37.5000 2326.0229   12.6101
   -7.5000   -7.5000  -37.5000 2309.4229   12.6629
    0.0000   -7.5000  -37.5000 2329.2397   12.4985
    7.5000   -7.5000  -37.5000 2327.5549   12.5677
   -7.5000    0.0000  -37.5000 2294.9331   12.9109
    0.0000    0.0000  -37.5000 2314.6279   12.7213
    7.5000    0.0000  -37.5000 2317.1833   12.7750
   -7.5000    7.5000  -37.5000 2268.4922   13.3850
    0.0000    7.5000  -37.5000 2294.5657   13.1596
    7.5000    7.5000  -37.5000 2297.7012   13.2254
   -7.5000   15.0000  -37.5000 2224.8142   14.0738
    0.0000   15.0000  -37.5000 2255.0808   13.8410
    7.5000   15.0000  -37.5000 2253.4353   13.9196
   -7.5000   22.5000  -37.5000 2167.4919   15.0233
    0.0000   22.5000  -37.5000 2194.1191   14.7872
    7.5000   22.5000  -37.5000 2191.2253   14.8446
   -7.5000   30.0000  -37.5000 2088.0906   16.2981
    0.0000   30.0000  -37.5000 2114.1924   16.0352
    7.5000   30.0000  -37.5000 2108.3682   16.1085
   -7.5000   37.5000  -37.5000 1995.6074   18.0355
    0.0000   37.5000  -37.5000 2017.3295   17.7538
    7.5000   37.5000  -37.5000 2012.7244   17.8315
   -7.5000   45.0000  -37.5000 1885.5553   20.3906
    0.0000   45.0000  -37.5000 1907.4922   20.0731
    7.5000   45.0000  -37.5000 1901.5262   20.1198
   -7.5000  -45.0000  -30.0000 2328.6326   14.0314
    0.0000  -45.0000  -30.0000 2350.7021   13.9519
    7.5000  -45.0000  -30.0000 2351.8765   13.9752
   -7.5000  -37.5000  -30.0000 2399.1621   13.1993
    0.0000  -37.5000  -30.0000 2417.8955   13.1183
    7.5000  -37.5000  -30.0000 2415.1184   13.1184
   -7.5000  -30.0000  -30.0000 2431.0249   12.5832
    0.0000  -30.0000  -30.0000 2451.9324   12.5071
    7.5000  -30.0000  -30.0000 2448.5408   12.5177
   -7.5000  -22.5000  -30.0000 2448.9956   12.1876
    0.0000  -22.5000  -30.0000 2470.1914   12.0998
    7.5000  -22.5000  -30.0000 2470.9910   12.1436
   -7.5000  -15.0000  -30.0000 2455.3650   11.9901
    0.0000  -15.0000  -30.0000 2478.5652   11.8827
    7.5000  -15.0000  -30.0000 2477.2854   11.9424
   -7.5000   -7.5000  -30.0000 2455.8347   11.9595
    0.0000   -7.5000  -30.0000 2479.0930   11.8139
    7.5000   -7.5000  -30.0000 2480.3347   11.8854
   -7.5000    0.0000  -30.0000 2440.6819   12.1879
    0.0000    0.0000  -30.0000 2470.1575   12.0226
    7.5000    0.0000  -30.0000 2471.7964   12.0984
   -7.5000    7.5000  -30.0000 2413.5859   12.6398
    0.0000    7.5000  -30.0000 2446.3064   12.4453
    7.5000    7.5000  -30.0000 2449.8337   12.5267
   -7.5000   15.0000  -30.0000 2371.0151   13.3109
    0.0000   15.0000  -30.0000 2402.5286   13.1125
    7.5000   15.0000  -30.0000 2403.8821   13.2143
   -7.5000   22.5000  -30.0000 2307.8870   14.2420
    0.0000   22.5000  -30.0000 2334.4041   14.0287
    7.5000   22.5000  -30.0000 2334.3821   14.1084
   -7.5000   30.0000  -30.0000 2222.3254   15.4536
    0.0000   30.0000  -30.0000 2244.4541   15.2411
    7.5000   30.0000  -30.0000 2238.7129   15.3239
   -7.5000   37.5000  -30.0000 2116.9661   17.1021
    0.0000   37.5000  -30.0000 2139.5537   16.8440
    7.5000   37.5000  -30.0000 2134.9880   16.9114
   -7.5000   45.0000  -30.0000 1996.6624   19.3052
    0.0000   45.0000  -30.0000 2019.4801   19.0196
    7.5000   45.0000  -30.0000 2016.9537   19.0790
   -7.5000  -45.0000  -22.5000 2432.3438   13.2957
    0.0000  -45.0000  -22.5000 2452.2478   13.2193
    7.5000  -45.0000  -22.5000 2453.4868   13.2531
   -7.5000  -37.5000  -22.5000 2503.0486   12.4444
    0.0000  -37.5000  -22.5000 2523.4856   12.3739
    7.5000  -37.5000  -22.5000 2522.0911   12.3817
   -7.5000  -30.0000  -22.5000 2546.6133   11.8297
    0.0000  -30.0000  -22.5000 2570.1567   11.7580
    7.5000  -30.0000  -22.5000 2560.7375   11.7697
   -7.5000  -22.5000  -22.5000 2572.7661   11.4348
    0.0000  -22.5000  -22.5000 2595.0283   11.3652
    7.5000  -22.5000  -22.5000 2590.5513   11.3889
   -7.5000  -15.0000  -22.5000 2590.5647   11.2448
    0.0000  -15.0000  -22.5000 2612.5962   11.1500
    7.5000  -15.0000  -22.5000 2608.7427   11.1965
   -7.5000   -7.5000  -22.5000 2588.7896   11.2258
    0.0000   -7.5000  -22.5000 2610.9055   11.1050
    7.5000   -7.5000  -22.5000 2612.4917   11.1692
   -7.5000    0.0000  -22.5000 2572.2898   11.4358
    0.0000    0.0000  -22.5000 2603.2432   11.2998
    7.5000    0.0000  -22.5000 2605.4089   11.3596
   -7.5000    7.5000  -22.5000 2545.7637   11.8568
    0.0000    7.5000  -22.5000 2577.7068   11.7145
    7.5000    7.5000  -22.5000 2578.1499   11.7949
   -7.5000   15.0000  -22.5000 2498.8682   12.5087
    0.0000   15.0000  -22.5000 2531.0044   12.3540
    7.5000   15.0000  -22.5000 2530.4246   12.4565
   -7.5000   22.5000  -22.5000 2429.0913   13.3765
    0.0000   22.5000  -22.5000 2457.9026   13.2091
    7.5000   22.5000  -22.5000 2454.5168   13.3070
   -7.5000   30.0000  -22.5000 2332.4832   14.5117
    0.0000   30.0000  -22.5000 2357.0876   14.3434
    7.5000   30.0000  -22.5000 2351.4165   14.4340
   -7.5000   37.5000  -22.5000 2219.6689   16.0691
    0.0000   37.5000  -22.5000 2242.0283   15.8565
    7.5000   37.5000  -22.5000 2236.6870   15.9480
   -7.5000   45.0000  -22.5000 2091.8459   18.1420
    0.0000   45.0000  -22.5000 2112.2280   17.8997
    7.5000   45.0000  -22.5000 2108.4065   17.9670
   -7.5000  -45.0000  -15.0000 2507.1943   12.6021
    0.0000  -45.0000  -15.0000 2529.5276   12.5037
    7.5000  -45.0000  -15.0000 2524.7017   12.5520
   -7.5000  -37.5000  -15.0000 2585.3540   11.7292
    0.0000  -37.5000  -15.0000 2606.4612   11.6315
    7.5000  -37.5000  -15.0000 2599.7690   11.6667
   -7.5000  -30.0000  -15.0000 2635.5505   11.1188
    0.0000  -30.0000  -15.0000 2657.4893   11.0318
    7.5000  -30.0000  -15.0000 2650.1335   11.0692
   -7.5000  -22.5000  -15.0000 2669.7673   10.7235
    0.0000  -22.5000  -15.0000 2692.6479   10.6453
    7.5000  -22.5000  -15.0000 2688.3945   10.6606
   -7.5000  -15.0000  -15.0000 2698.4426   10.5186
    0.0000  -15.0000  -15.0000 2720.8918   10.4177
    7.5000  -15.0000  -15.0000 2714.9275   10.4594
   -7.5000   -7.5000  -15.0000 2701.7522   10.5038
    0.0000   -7.5000  -15.0000 2724.9717   10.4226
    7.5000   -7.5000  -15.0000 2719.9282   10.4582
   -7.5000    0.0000  -15.0000 2685.1204   10.7145
    0.0000    0.0000  -15.0000 2717.6399   10.6286
    7.5000    0.0000  -15.0000 2713.5833   10.6896
   -7.5000    7.5000  -15.0000 2659.2605   11.1401
    0.0000    7.5000  -15.0000 2693.9082   11.0350
    7.5000    7.5000  -15.0000 2689.9604   11.1214
   -7.5000   15.0000  -15.0000 2608.2373   11.7649
    0.0000   15.0000  -15.0000 2641.3755   11.6365
    7.5000   15.0000  -15.0000 2634.7520   11.7334
   -7.5000   22.5000  -15.0000 2527.9180   12.6046
    0.0000   22.5000  -15.0000 2556.5386   12.4563
    7.5000   22.5000  -15.0000 2546.3264   12.5526
   -7.5000   30.0000  -15.0000 2421.8625   13.6979
    0.0000   30.0000  -15.0000 2446.1030   13.5398
    7.5000   30.0000  -15.0000 2438.8218   13.6168
   -7.5000   37.5000  -15.0000 2300.8760   15.1522
    0.0000   37.5000  -15.0000 2324.2109   14.9734
    7.5000   37.5000  -15.0000 2316.0042   15.0317
   -7.5000   45.0000  -15.0000 2166.8833   17.0805
    0.0000   45.0000  -15.0000 2183.4172   16.8774
    7.5000   45.0000  -15.0000 2178.3396   16.9285
   -7.5000  -45.0000   -7.5000 2559.5103   11.9839
    0.0000  -45.0000   -7.5000 2583.1169   11.8742
    7.5000  -45.0000   -7.5000 2578.4824   11.9360
   -7.5000  -37.5000   -7.5000 2647.3132   11.1020
    0.0000  -37.5000   -7.5000 2670.2222   10.9917
    7.5000  -37.5000   -7.5000 2666.4778   11.0423
   -7.5000  -30.0000   -7.5000 2709.1809   10.4749
    0.0000  -30.0000   -7.5000 2735.4736   10.3799
    7.5000  -30.0000   -7.5000 2730.6685   10.4269
   -7.5000  -22.5000   -7.5000 2751.7427   10.0697
    0.0000  -22.5000   -7.5000 2778.1628    9.9897
    7.5000  -22.5000   -7.5000 2774.9919   10.0303
   -7.5000  -15.0000   -7.5000 2783.5471    9.8558
    0.0000  -15.0000   -7.5000 2813.2698    9.7751
    7.5000  -15.0000   -7.5000 2806.2771    9.8197
   -7.5000   -7.5000   -7.5000 2795.7529    9.8682
    0.0000   -7.5000   -7.5000 2829.8005    9.7781
    7.5000   -7.5000   -7.5000 2815.6851    9.8172
   -7.5000    0.0000   -7.5000 2787.4971   10.0844
    0.0000    0.0000   -7.5000 2824.5898    9.9993
    7.5000    0.0000   -7.5000 2812.5017   10.0496
   -7.5000    7.5000   -7.5000 2755.6482   10.5022
    0.0000    7.5000   -7.5000 2797.2224   10.4108
    7.5000    7.5000   -7.5000 2784.1592   10.4852
   -7.5000   15.0000   -7.5000 2696.3406   11.1024
    0.0000   15.0000   -7.5000 2732.1409   10.9940
    7.5000   15.0000   -7.5000 2716.5474   11.0852
   -7.5000   22.5000   -7.5000 2605.3711   11.9113
    0.0000   22.5000   -7.5000 2637.3083   11.8016
    7.5000   22.5000   -7.5000 2624.4822   11.8782
   -7.5000   30.0000   -7.5000 2488.5315   12.9752
    0.0000   30.0000   -7.5000 2515.3914   12.8389
    7.5000   30.0000   -7.5000 2506.2744   12.9194
   -7.5000   37.5000   -7.5000 2361.2209   14.3698
    0.0000   37.5000   -7.5000 2385.3367   14.2148
    7.5000   37.5000   -7.5000 2375.5603   14.2804
   -7.5000   45.0000   -7.5000 2224.0562   16.2035
    0.0000   45.0000   -7.5000 2240.9182   16.0134
    7.5000   45.0000   -7.5000 2231.9177   16.0621
   -7.5000  -45.0000    0.0000 2595.8943   11.5439
    0.0000  -45.0000    0.0000 2619.4939   11.4030
    7.5000  -45.0000    0.0000 2612.0198   11.5088
   -7.5000  -37.5000    0.0000 2692.6733   10.6484
    0.0000  -37.5000    0.0000 2721.3713   10.5283
    7.5000  -37.5000    0.0000 2712.8008   10.6222
   -7.5000  -30.0000    0.0000 2765.5762   10.0047
    0.0000  -30.0000    0.0000 2796.0566    9.8985
    7.5000  -30.0000    0.0000 2791.2026    9.9807
   -7.5000  -22.5000    0.0000 2818.2358    9.5873
    0.0000  -22.5000    0.0000 2851.8340    9.4816
    7.5000  -22.5000    0.0000 2848.2219    9.5564
   -7.5000  -15.0000    0.0000 2861.8674    9.3661
    0.0000  -15.0000    0.0000 2892.8416    9.2724
    7.5000  -15.0000    0.0000 2886.2837    9.3385
   -7.5000   -7.5000    0.0000 2882.1455    9.3839
    0.0000   -7.5000    0.0000 2921.0071    9.2751
    7.5000   -7.5000    0.0000 2901.3474    9.3494
   -7.5000    0.0000    0.0000 2878.3235    9.5928
    0.0000    0.0000    0.0000 2917.2893    9.4946
    7.5000    0.0000    0.0000 2894.5557    9.5708
   -7.5000    7.5000    0.0000 2835.4045   10.0061
    0.0000    7.5000    0.0000 2879.5674    9.9141
    7.5000    7.5000    0.0000 2860.5916    9.9878
   -7.5000   15.0000    0.0000 2760.4048   10.6039
    0.0000   15.0000    0.0000 2797.5254   10.4897
    7.5000   15.0000    0.0000 2780.2144   10.5827
   -7.5000   22.5000    0.0000 2661.2881   11.4193
    0.0000   22.5000    0.0000 2694.7737   11.2966
    7.5000   22.5000    0.0000 2678.4104   11.3934
   -7.5000   30.0000    0.0000 2537.7671   12.4622
    0.0000   30.0000    0.0000 2566.3440   12.3308
    7.5000   30.0000    0.0000 2553.2522   12.4350
   -7.5000   37.5000    0.0000 2404.5344   13.8332
    0.0000   37.5000    0.0000 2430.9451   13.6676
    7.5000   37.5000    0.0000 2419.3843   13.7600
   -7.5000   45.0000    0.0000 2260.2886   15.5719
    0.0000   45.0000    0.0000 2280.9375   15.3767
    7.5000   45.0000    0.0000 2272.0774   15.4380
   -7.5000  -45.0000    7.5000 2613.6775   11.2610
    0.0000  -45.0000    7.5000 2637.2996   11.1119
    7.5000  -45.0000    7.5000 2626.0322   11.2771
   -7.5000  -37.5000    7.5000 2716.0933   10.3513
    0.0000  -37.5000    7.5000 2744.5935   10.2225
    7.5000  -37.5000    7.5000 2737.5137   10.3683
   -7.5000  -30.0000    7.5000 2800.7327    9.7055
    0.0000  -30.0000    7.5000 2833.7480    9.5676
    7.5000  -30.0000    7.5000 2828.1558    9.6959
   -7.5000  -22.5000    7.5000 2867.0698    9.2643
    0.0000  -22.5000    7.5000 2905.5510    9.1355
    7.5000  -22.5000    7.5000 2895.3132    9.2547
   -7.5000  -15.0000    7.5000 2925.8020    9.0528
    0.0000  -15.0000    7.5000 2962.6616    8.9359
    7.5000  -15.0000    7.5000 2952.6511    9.0283
   -7.5000   -7.5000    7.5000 2953.4822    9.0861
    0.0000   -7.5000    7.5000 3000.8398    8.9312
    7.5000   -7.5000    7.5000 2974.6101    9.0444
   -7.5000    0.0000    7.5000 2945.0254    9.2990
    0.0000    0.0000    7.5000 2988.2747    9.1483
    7.5000    0.0000    7.5000 2959.2070    9.2540
   -7.5000    7.5000    7.5000 2891.6599    9.6881
    0.0000    7.5000    7.5000 2931.4661    9.5486
    7.5000    7.5000    7.5000 2910.9114    9.6510
   -7.5000   15.0000    7.5000 2806.4080   10.2705
    0.0000   15.0000    7.5000 2840.9368   10.1346
    7.5000   15.0000    7.5000 2823.2388   10.2544
   -7.5000   22.5000    7.5000 2700.4368   11.0767
    0.0000   22.5000    7.5000 2732.2419   10.9480
    7.5000   22.5000    7.5000 2716.7644   11.0589
   -7.5000   30.0000    7.5000 2567.5623   12.1509
    0.0000   30.0000    7.5000 2595.6289   12.0083
    7.5000   30.0000    7.5000 2583.0591   12.1101
   -7.5000   37.5000    7.5000 2430.6560   13.4848
    0.0000   37.5000    7.5000 2458.9761   13.3231
    7.5000   37.5000    7.5000 2445.9917   13.3983
   -7.5000   45.0000    7.5000 2281.2249   15.1690
    0.0000   45.0000    7.5000 2301.9021   14.9630
    7.5000   45.0000    7.5000 2295.2686   15.0171
   -7.5000  -45.0000   15.0000 2607.7449   11.1075
    0.0000  -45.0000   15.0000 2631.5896   10.9656
    7.5000  -45.0000   15.0000 2622.1433   11.2018
   -7.5000  -37.5000   15.0000 2720.4937   10.1941
    0.0000  -37.5000   15.0000 2744.2703   10.0605
    7.5000  -37.5000   15.0000 2736.9609   10.2656
   -7.5000  -30.0000   15.0000 2817.0137    9.5356
    0.0000  -30.0000   15.0000 2847.6626    9.3974
    7.5000  -30.0000   15.0000 2834.5466    9.5712
   -7.5000  -22.5000   15.0000 2902.0579    9.0738
    0.0000  -22.5000   15.0000 2935.9937    8.9371
    7.5000  -22.5000   15.0000 2916.4126    9.1045
   -7.5000  -15.0000   15.0000 2971.1172    8.8859
    0.0000  -15.0000   15.0000 3007.8042    8.7521
    7.5000  -15.0000   15.0000 2987.4565    8.8999
   -7.5000   -7.5000   15.0000 3001.2390    8.9406
    0.0000   -7.5000   15.0000 3045.5244    8.7964
    7.5000   -7.5000   15.0000 3009.0264    8.9396
   -7.5000    0.0000   15.0000 2978.8708    9.1391
    0.0000    0.0000   15.0000 3020.5837    8.9925
    7.5000    0.0000   15.0000 2984.3792    9.1444
   -7.5000    7.5000   15.0000 2909.9626    9.5166
    0.0000    7.5000   15.0000 2948.4900    9.3751
    7.5000    7.5000   15.0000 2923.9915    9.5223
   -7.5000   15.0000   15.0000 2822.2190   10.0759
    0.0000   15.0000   15.0000 2853.2935    9.9483
    7.5000   15.0000   15.0000 2835.5518   10.0823
   -7.5000   22.5000   15.0000 2713.5020   10.9017
    0.0000   22.5000   15.0000 2739.9712   10.7745
    7.5000   22.5000   15.0000 2725.1658   10.8877
   -7.5000   30.0000   15.0000 2580.2505   11.9548
    0.0000   30.0000   15.0000 2606.3870   11.8244
    7.5000   30.0000   15.0000 2594.3762   11.9234
   -7.5000   37.5000   15.0000 2435.5972   13.2457
    0.0000   37.5000   15.0000 2460.9651   13.1043
    7.5000   37.5000   15.0000 2451.4363   13.1909
   -7.5000   45.0000   15.0000 2288.6741   14.8760
    0.0000   45.0000   15.0000 2308.4326   14.7131
    7.5000   45.0000   15.0000 2302.9805   14.7968
   -7.5000  -45.0000   22.5000 2591.8552   11.1450
    0.0000  -45.0000   22.5000 2612.6353   11.0065
    7.5000  -45.0000   22.5000 2601.6489   11.2528
   -7.5000  -37.5000   22.5000 2704.1709   10.2158
    0.0000  -37.5000   22.5000 2728.2512   10.0801
    7.5000  -37.5000   22.5000 2717.2556   10.3068
   -7.5000  -30.0000   22.5000 2805.3809    9.5379
    0.0000  -30.0000   22.5000 2834.5183    9.3915
    7.5000  -30.0000   22.5000 2817.9724    9.6126
   -7.5000  -22.5000   22.5000 2899.8040    9.0875
    0.0000  -22.5000   22.5000 2929.7368    8.9481
    7.5000  -22.5000   22.5000 2908.2720    9.1642
   -7.5000  -15.0000   22.5000 2973.9609    8.9185
    0.0000  -15.0000   22.5000 3010.9487    8.7958
    7.5000  -15.0000   22.5000 2980.8267    8.9767
   -7.5000   -7.5000   22.5000 3003.5681    8.9322
    0.0000   -7.5000   22.5000 3041.6211    8.8227
    7.5000   -7.5000   22.5000 3001.1011    9.0135
   -7.5000    0.0000   22.5000 2971.7324    9.1469
    0.0000    0.0000   22.5000 3007.3040    9.0361
    7.5000    0.0000   22.5000 2974.4290    9.1987
   -7.5000    7.5000   22.5000 2898.3225    9.5187
    0.0000    7.5000   22.5000 2933.3159    9.3863
    7.5000    7.5000   22.5000 2909.0000    9.5328
   -7.5000   15.0000   22.5000 2807.2927   10.0832
    0.0000   15.0000   22.5000 2837.8542    9.9441
    7.5000   15.0000   22.5000 2821.4268   10.0638
   -7.5000   22.5000   22.5000 2700.1797   10.8824
    0.0000   22.5000   22.5000 2724.2041   10.7555
    7.5000   22.5000   22.5000 2708.6123   10.8449
   -7.5000   30.0000   22.5000 2574.4719   11.9084
    0.0000   30.0000   22.5000 2594.3259   11.7866
    7.5000   30.0000   22.5000 2584.2043   11.8565
   -7.5000   37.5000   22.5000 2433.1704   13.1921
    0.0000   37.5000   22.5000 2453.1172   13.0521
    7.5000   37.5000   22.5000 2443.9539   13.1130
   -7.5000   45.0000   22.5000 2280.3188   14.7966
    0.0000   45.0000   22.5000 2298.5518   14.6498
    7.5000   45.0000   22.5000 2292.2539   14.7002
   -7.5000  -45.0000   30.0000 2565.2334   11.3877
    0.0000  -45.0000   30.0000 2583.7651   11.2461
    7.5000  -45.0000   30.0000 2565.7166   11.5117
   -7.5000  -37.5000   30.0000 2677.7178   10.4493
    0.0000  -37.5000   30.0000 2699.6184   10.3251
    7.5000  -37.5000   30.0000 2681.1262   10.5667
   -7.5000  -30.0000   30.0000 2775.4824    9.7846
    0.0000  -30.0000   30.0000 2800.7434    9.6484
    7.5000  -30.0000   30.0000 2779.6484    9.8919
   -7.5000  -22.5000   30.0000 2868.6011    9.3474
    0.0000  -22.5000   30.0000 2896.4858    9.2201
    7.5000  -22.5000   30.0000 2870.7986    9.4198
   -7.5000  -15.0000   30.0000 2932.7932    9.1587
    0.0000  -15.0000   30.0000 2966.9561    9.0282
    7.5000  -15.0000   30.0000 2934.7976    9.1918
   -7.5000   -7.5000   30.0000 2957.2659    9.1414
    0.0000   -7.5000   30.0000 2989.9099    9.0200
    7.5000   -7.5000   30.0000 2954.7732    9.1871
   -7.5000    0.0000   30.0000 2931.5815    9.3422
    0.0000    0.0000   30.0000 2957.0500    9.2282
    7.5000    0.0000   30.0000 2928.5022    9.3695
   -7.5000    7.5000   30.0000 2860.1011    9.7605
    0.0000    7.5000   30.0000 2883.7195    9.6445
    7.5000    7.5000   30.0000 2862.1958    9.7555
   -7.5000   15.0000   30.0000 2765.4104   10.3149
    0.0000   15.0000   30.0000 2788.9963   10.1775
    7.5000   15.0000   30.0000 2772.1980   10.2946
   -7.5000   22.5000   30.0000 2665.8411   11.0701
    0.0000   22.5000   30.0000 2684.1775   10.9367
    7.5000   22.5000   30.0000 2668.1497   11.0308
   -7.5000   30.0000   30.0000 2546.8872   12.0457
    0.0000   30.0000   30.0000 2565.2969   11.9179
    7.5000   30.0000   30.0000 2552.0435   11.9811
   -7.5000   37.5000   30.0000 2410.9338   13.2857
    0.0000   37.5000   30.0000 2429.4036   13.1429
    7.5000   37.5000   30.0000 2416.7217   13.2002
   -7.5000   45.0000   30.0000 2256.9316   14.8735
    0.0000   45.0000   30.0000 2273.4197   14.7121
    7.5000   45.0000   30.0000 2266.5466   14.7552
   -7.5000  -45.0000   37.5000 2535.0852   11.8613
    0.0000  -45.0000   37.5000 2550.9778   11.7751
    7.5000  -45.0000   37.5000 2526.0510   11.9962
   -7.5000  -37.5000   37.5000 2644.3940   10.9325
    0.0000  -37.5000   37.5000 2662.4043   10.8334
    7.5000  -37.5000   37.5000 2635.1511   11.0632
   -7.5000  -30.0000   37.5000 2737.4014   10.2553
    0.0000  -30.0000   37.5000 2757.3167   10.1307
    7.5000  -30.0000   37.5000 2726.6855   10.3456
   -7.5000  -22.5000   37.5000 2817.8232    9.8038
    0.0000  -22.5000   37.5000 2838.8418    9.6666
    7.5000  -22.5000   37.5000 2811.1597    9.8516
   -7.5000  -15.0000   37.5000 2873.6731    9.5722
    0.0000  -15.0000   37.5000 2897.7373    9.4226
    7.5000  -15.0000   37.5000 2868.2454    9.6024
   -7.5000   -7.5000   37.5000 2892.4739    9.5446
    0.0000   -7.5000   37.5000 2913.4392    9.4046
    7.5000   -7.5000   37.5000 2884.6877    9.5766
   -7.5000    0.0000   37.5000 2862.7051    9.7706
    0.0000    0.0000   37.5000 2883.2419    9.6346
    7.5000    0.0000   37.5000 2858.0051    9.7678
   -7.5000    7.5000   37.5000 2796.2383   10.1789
    0.0000    7.5000   37.5000 2815.7527   10.0439
    7.5000    7.5000   37.5000 2794.2312   10.1527
   -7.5000   15.0000   37.5000 2705.6831   10.7308
    0.0000   15.0000   37.5000 2729.7668   10.5665
    7.5000   15.0000   37.5000 2711.6548   10.6759
   -7.5000   22.5000   37.5000 2611.5410   11.4531
    0.0000   22.5000   37.5000 2631.2722   11.2926
    7.5000   22.5000   37.5000 2615.4214   11.3852
   -7.5000   30.0000   37.5000 2498.8865   12.3772
    0.0000   30.0000   37.5000 2518.0203   12.2496
    7.5000   30.0000   37.5000 2501.8191   12.3016
   -7.5000   37.5000   37.5000 2370.1560   13.5684
    0.0000   37.5000   37.5000 2387.2537   13.4360
    7.5000   37.5000   37.5000 2374.2163   13.4886
   -7.5000   45.0000   37.5000 2221.2126   15.1269
    0.0000   45.0000   37.5000 2237.5688   14.9933
    7.5000   45.0000   37.5000 2226.9121   15.0428
   -7.5000  -45.0000   45.0000 2488.2527   12.5480
    0.0000  -45.0000   45.0000 2500.1538   12.4756
    7.5000  -45.0000   45.0000 2471.2146   12.6808
   -7.5000  -37.5000   45.0000 2593.8022   11.5947
    0.0000  -37.5000   45.0000 2609.8699   11.4944
    7.5000  -37.5000   45.0000 2577.8926   11.6988
   -7.5000  -30.0000   45.0000 2683.7102   10.8803
    0.0000  -30.0000   45.0000 2701.4263   10.7673
    7.5000  -30.0000   45.0000 2665.7913   10.9777
   -7.5000  -22.5000   45.0000 2754.7964   10.4157
    0.0000  -22.5000   45.0000 2774.1904   10.2857
    7.5000  -22.5000   45.0000 2737.1079   10.4696
   -7.5000  -15.0000   45.0000 2796.6521   10.1590
    0.0000  -15.0000   45.0000 2815.6128   10.0227
    7.5000  -15.0000   45.0000 2782.4690   10.1918
   -7.5000   -7.5000   45.0000 2806.2747   10.1063
    0.0000   -7.5000   45.0000 2819.8789    9.9731
    7.5000   -7.5000   45.0000 2795.8813   10.1422
   -7.5000    0.0000   45.0000 2772.2180   10.3352
    0.0000    0.0000   45.0000 2790.5349   10.2048
    7.5000    0.0000   45.0000 2764.2673   10.3501
   -7.5000    7.5000   45.0000 2712.5867   10.7393
    0.0000    7.5000   45.0000 2730.1052   10.6213
    7.5000    7.5000   45.0000 2706.8574   10.7414
   -7.5000   15.0000   45.0000 2631.2629   11.2894
    0.0000   15.0000   45.0000 2649.0044   11.1537
    7.5000   15.0000   45.0000 2629.9192   11.2668
   -7.5000   22.5000   45.0000 2545.0725   11.9677
    0.0000   22.5000   45.0000 2559.1216   11.8387
    7.5000   22.5000   45.0000 2539.8450   11.9370
   -7.5000   30.0000   45.0000 2437.3352   12.8924
    0.0000   30.0000   45.0000 2452.0020   12.7688
    7.5000   30.0000   45.0000 2436.9062   12.8382
   -7.5000   37.5000   45.0000 2309.3484   14.0895
    0.0000   37.5000   45.0000 2326.7485   13.9711
    7.5000   37.5000   45.0000 2314.7434   14.0277
   -7.5000   45.0000   45.0000 2167.6943   15.6436
    0.0000   45.0000   45.0000 2187.3135   15.5241
    7.5000   45.0000   45.0000 2172.4839   15.5677

---------------------------------------------------------------------
imgreg_4dfp /opt/freesurfer/average/711-2C_as_mni_average_305 /opt/freesurfer/average/711-2B_as_mni_average_305_mask talsrcimg_g11 none talsrcimg_to_711-2C_as_mni_average_305_t4 1283
---------------------------------------------------------------------

freesurfer imgreg_4dfp.c
/opt/freesurfer/average/711-2C_as_mni_average_305.4dfp.img
       256       256       256         1
  1.000000  1.000000  1.000000
orientation T byte_order littleendian
Reading image: /opt/freesurfer/average/711-2C_as_mni_average_305.4dfp.img
dimensions:      256       256       256
mmppix:       1.0000   -1.0000   -1.0000
center:     128.0000 -129.0000 -129.0000
/opt/freesurfer/average/711-2B_as_mni_average_305_mask.4dfp.img
       256       256       256         1
  1.000000  1.000000  1.000000
orientation T byte_order littleendian
Reading mask: /opt/freesurfer/average/711-2B_as_mni_average_305_mask.4dfp.img (2306576 pixels)
talsrcimg_g11.4dfp.img
       256       256       256         1
  1.000000  1.000000  1.000000
orientation T byte_order littleendian
Reading image: talsrcimg_g11.4dfp.img
dimensions:      256       256       256
mmppix:       1.0000   -1.0000   -1.0000
center:     128.0000 -129.0000 -129.0000
rotation matrix determinant  1.000000
fimgreg.f
image alignment mode   1283 decimal      503 hex
parameters
    0.0000   -7.5000   15.0000    0.0000    0.0000    0.0000
eta,q 0.95645  8.81213
niter,ni,del,rscale     5    3   12.0000    1.2000
parameter  3 -0.613037 -> -0.500000 qaram    1.1500
parameter  4  1.554333 ->  0.500000 qaram    1.1500
parameter  5 -0.545029 -> -0.500000 qaram    1.1500
parameter  6  0.716254 ->  0.500000 qaram    1.1500
parameters
    0.6280   -6.4173   18.4500   -3.4500    3.4500   -3.4500
eta,q 0.96084  8.79120
  0.0586  0.0531  0.0542  0.0408  0.0509  0.0397
  0.0545  0.0502  0.0521  0.0418  0.0474  0.0392
  0.0504  0.0482  0.0491  0.0428  0.0441  0.0394
  0.0475  0.0469  0.0465  0.0435  0.0421  0.0405
  0.0470  0.0463  0.0442  0.0444  0.0408  0.0422
  0.0496  0.0472  0.0439  0.0463  0.0406  0.0438
  0.0564  0.0502  0.0463  0.0486  0.0418  0.0460
niter,ni,del,rscale     7    3   12.0000    1.2000
parameters
   -1.1046   -5.5072   17.7244   -5.5287    4.6126   -4.8090
eta,q 0.96370  8.79286
  0.0455  0.0477  0.0450  0.0392  0.0477  0.0394
  0.0400  0.0437  0.0412  0.0374  0.0426  0.0375
  0.0378  0.0403  0.0386  0.0367  0.0392  0.0365
  0.0392  0.0378  0.0375  0.0375  0.0368  0.0364
  0.0441  0.0377  0.0397  0.0391  0.0365  0.0377
  0.0514  0.0394  0.0436  0.0406  0.0384  0.0402
  0.0583  0.0440  0.0491  0.0430  0.0427  0.0428
niter,ni,del,rscale     6    3   12.0000    1.2000
parameters
   -1.5206   -5.1298   17.3345   -5.3044    4.9057   -5.0811
eta,q 0.96383  8.80660
  0.0498  0.0463  0.0446  0.0407  0.0459  0.0408
  0.0420  0.0414  0.0401  0.0382  0.0409  0.0381
  0.0370  0.0378  0.0374  0.0368  0.0376  0.0367
  0.0363  0.0362  0.0361  0.0362  0.0362  0.0362
  0.0393  0.0370  0.0375  0.0368  0.0367  0.0369
  0.0460  0.0398  0.0415  0.0380  0.0395  0.0388
  0.0527  0.0441  0.0470  0.0400  0.0447  0.0415
niter,ni,del,rscale     5    3   12.0000    1.2000
parameters
   -1.6375   -5.1646   17.3348   -5.1742    4.9811   -5.1538
eta,q 0.96386  8.80679
  0.0514  0.0452  0.0456  0.0404  0.0454  0.0412
  0.0432  0.0406  0.0408  0.0381  0.0404  0.0383
  0.0374  0.0374  0.0377  0.0367  0.0373  0.0368
  0.0362  0.0361  0.0361  0.0361  0.0361  0.0361
  0.0384  0.0376  0.0370  0.0367  0.0368  0.0368
  0.0447  0.0407  0.0407  0.0380  0.0399  0.0387
  0.0519  0.0454  0.0459  0.0400  0.0453  0.0413
niter,ni,del,rscale     4    3   12.0000    1.2000
parameters
   -1.6762   -5.1934   17.3470   -5.1113    5.0049   -5.1792
eta,q 0.96387  8.80653
  0.0518  0.0453  0.0457  0.0403  0.0453  0.0413
  0.0435  0.0408  0.0408  0.0380  0.0403  0.0384
  0.0376  0.0375  0.0377  0.0367  0.0372  0.0368
  0.0361  0.0361  0.0361  0.0361  0.0361  0.0361
  0.0383  0.0376  0.0370  0.0367  0.0369  0.0368
  0.0444  0.0407  0.0407  0.0380  0.0400  0.0386
  0.0516  0.0456  0.0459  0.0401  0.0454  0.0412
registration optimization eta report
parameter search radius
    6.0000    6.0000    6.9000    6.9000    6.9000    6.9000
100000*second partial in parameter space
       43.       25.       20.        8.       20.       11.
  0.0518  0.0453  0.0457  0.0403  0.0453  0.0413
  0.0435  0.0408  0.0408  0.0380  0.0403  0.0384
  0.0376  0.0375  0.0377  0.0367  0.0372  0.0368
  0.0361  0.0361  0.0361  0.0361  0.0361  0.0361
  0.0383  0.0376  0.0370  0.0367  0.0369  0.0368
  0.0444  0.0407  0.0407  0.0380  0.0400  0.0386
  0.0516  0.0456  0.0459  0.0401  0.0454  0.0412
   -1.6762   -5.1934   17.3470   -5.1113    5.0049   -5.1792
eta,q 0.96387  8.80653

---------------------------------------------------------------------
imgreg_4dfp /opt/freesurfer/average/711-2C_as_mni_average_305 /opt/freesurfer/average/711-2B_as_mni_average_305_mask talsrcimg_g11 none talsrcimg_to_711-2C_as_mni_average_305_t4 3335
---------------------------------------------------------------------

freesurfer imgreg_4dfp.c
/opt/freesurfer/average/711-2C_as_mni_average_305.4dfp.img
       256       256       256         1
  1.000000  1.000000  1.000000
orientation T byte_order littleendian
Reading image: /opt/freesurfer/average/711-2C_as_mni_average_305.4dfp.img
dimensions:      256       256       256
mmppix:       1.0000   -1.0000   -1.0000
center:     128.0000 -129.0000 -129.0000
/opt/freesurfer/average/711-2B_as_mni_average_305_mask.4dfp.img
       256       256       256         1
  1.000000  1.000000  1.000000
orientation T byte_order littleendian
Reading mask: /opt/freesurfer/average/711-2B_as_mni_average_305_mask.4dfp.img (2306576 pixels)
talsrcimg_g11.4dfp.img
       256       256       256         1
  1.000000  1.000000  1.000000
orientation T byte_order littleendian
Reading image: talsrcimg_g11.4dfp.img
dimensions:      256       256       256
mmppix:       1.0000   -1.0000   -1.0000
center:     128.0000 -129.0000 -129.0000
fimgreg.f
image alignment mode   3335 decimal      D07 hex
parameters
   -1.6762   -5.1934   17.3470   -0.7880   -0.8745   -0.7774
    9.7653   -7.8498   -8.9927    9.6572    8.7242   -8.8752
eta,q 0.96592  8.80437
niter,ni,del,rscale     5    3    5.0000    1.2000
parameter  4  1.179771 ->  0.500000 qaram    1.1500
parameter  5  0.502258 ->  0.500000 qaram    1.1500
parameter  6  0.999916 ->  0.500000 qaram    1.1500
parameter 11  0.832125 ->  0.500000 qaram    1.1500
parameter 12  0.630477 ->  0.500000 qaram    1.1500
parameters
   -1.4418   -4.7151   16.8523   -4.9280   -5.0145   -4.9174
    8.8252   -7.9407   -7.1595    8.4108    4.5842  -13.0152
eta,q 0.97329  8.40983
  0.0369  0.0362  0.0349  0.0306  0.0313  0.0273  0.0294  0.0314  0.0292  0.0292  0.0271  0.0268
  0.0355  0.0352  0.0342  0.0311  0.0309  0.0277  0.0285  0.0295  0.0285  0.0283  0.0271  0.0267
  0.0345  0.0344  0.0339  0.0321  0.0309  0.0288  0.0280  0.0283  0.0281  0.0278  0.0273  0.0268
  0.0341  0.0340  0.0340  0.0339  0.0313  0.0308  0.0279  0.0279  0.0279  0.0278  0.0278  0.0271
  0.0342  0.0340  0.0344  0.0362  0.0323  0.0337  0.0284  0.0284  0.0278  0.0283  0.0285  0.0277
  0.0348  0.0343  0.0350  0.0389  0.0337  0.0373  0.0292  0.0296  0.0280  0.0292  0.0295  0.0285
  0.0360  0.0350  0.0360  0.0422  0.0356  0.0416  0.0304  0.0315  0.0283  0.0306  0.0306  0.0295
niter,ni,del,rscale     7    3    5.0000    1.2000
parameters
   -1.2567   -4.1640   16.3675   -7.2802   -3.1500   -8.5049
    8.9106   -6.3711   -5.4977    9.4375    2.6850  -13.8444
eta,q 0.97451  8.23897
  0.0296  0.0290  0.0274  0.0279  0.0298  0.0261  0.0280  0.0295  0.0273  0.0279  0.0261  0.0267
  0.0282  0.0278  0.0268  0.0270  0.0285  0.0258  0.0268  0.0279  0.0265  0.0269  0.0257  0.0260
  0.0272  0.0271  0.0266  0.0265  0.0272  0.0260  0.0261  0.0267  0.0260  0.0261  0.0255  0.0256
  0.0267  0.0267  0.0266  0.0266  0.0264  0.0262  0.0259  0.0259  0.0257  0.0256  0.0255  0.0255
  0.0268  0.0267  0.0270  0.0274  0.0262  0.0268  0.0261  0.0256  0.0256  0.0256  0.0258  0.0258
  0.0276  0.0269  0.0275  0.0294  0.0268  0.0294  0.0268  0.0262  0.0258  0.0261  0.0263  0.0264
  0.0289  0.0275  0.0283  0.0319  0.0279  0.0336  0.0278  0.0275  0.0263  0.0270  0.0272  0.0273
niter,ni,del,rscale     6    3    5.0000    1.2000
parameters
   -1.0991   -3.7658   15.8263   -8.0860   -3.5213  -10.2295
    8.2958   -6.2347   -4.9620   10.1509    2.1953  -14.4589
eta,q 0.97493  8.12346
  0.0282  0.0276  0.0260  0.0273  0.0278  0.0264  0.0269  0.0279  0.0264  0.0272  0.0260  0.0263
  0.0268  0.0266  0.0256  0.0264  0.0266  0.0255  0.0259  0.0265  0.0258  0.0263  0.0255  0.0256
  0.0259  0.0259  0.0254  0.0257  0.0258  0.0251  0.0253  0.0255  0.0253  0.0256  0.0252  0.0252
  0.0255  0.0255  0.0254  0.0254  0.0254  0.0254  0.0252  0.0251  0.0251  0.0251  0.0251  0.0251
  0.0257  0.0255  0.0257  0.0257  0.0258  0.0258  0.0256  0.0254  0.0252  0.0252  0.0252  0.0253
  0.0264  0.0258  0.0262  0.0266  0.0268  0.0263  0.0264  0.0263  0.0255  0.0257  0.0256  0.0259
  0.0276  0.0266  0.0270  0.0286  0.0284  0.0284  0.0275  0.0278  0.0261  0.0266  0.0262  0.0267
niter,ni,del,rscale     5    3    5.0000    1.2000
parameters
   -1.0235   -3.3289   15.2854   -8.3381   -3.9226  -11.0632
    8.1072   -6.2154   -4.9103   11.3864    2.1525  -15.0066
eta,q 0.97528  8.07460
  0.0276  0.0272  0.0257  0.0269  0.0272  0.0266  0.0268  0.0275  0.0261  0.0271  0.0258  0.0260
  0.0263  0.0262  0.0252  0.0260  0.0261  0.0255  0.0257  0.0261  0.0254  0.0262  0.0253  0.0253
  0.0254  0.0255  0.0249  0.0253  0.0253  0.0249  0.0250  0.0252  0.0250  0.0254  0.0249  0.0248
  0.0251  0.0251  0.0250  0.0249  0.0249  0.0250  0.0248  0.0248  0.0248  0.0248  0.0247  0.0247
  0.0253  0.0250  0.0253  0.0251  0.0253  0.0256  0.0252  0.0251  0.0249  0.0248  0.0248  0.0250
  0.0261  0.0254  0.0259  0.0259  0.0263  0.0260  0.0259  0.0260  0.0254  0.0252  0.0252  0.0255
  0.0273  0.0261  0.0267  0.0275  0.0278  0.0272  0.0270  0.0275  0.0261  0.0261  0.0259  0.0264
niter,ni,del,rscale     4    3    5.0000    1.2000
parameters
   -0.9949   -2.8530   14.8872   -8.5229   -4.5912  -11.7678
    8.1152   -6.1861   -5.1088   12.7563    2.3234  -15.5337
eta,q 0.97558  8.02944
  0.0272  0.0269  0.0256  0.0266  0.0266  0.0265  0.0266  0.0272  0.0258  0.0269  0.0257  0.0257
  0.0258  0.0259  0.0249  0.0257  0.0257  0.0254  0.0255  0.0258  0.0251  0.0259  0.0250  0.0250
  0.0250  0.0251  0.0246  0.0250  0.0249  0.0247  0.0248  0.0249  0.0247  0.0251  0.0246  0.0245
  0.0247  0.0247  0.0246  0.0246  0.0246  0.0246  0.0246  0.0246  0.0246  0.0246  0.0244  0.0244
  0.0250  0.0247  0.0250  0.0248  0.0250  0.0254  0.0248  0.0249  0.0247  0.0245  0.0245  0.0247
  0.0258  0.0250  0.0256  0.0255  0.0260  0.0259  0.0255  0.0258  0.0252  0.0249  0.0249  0.0252
  0.0270  0.0257  0.0264  0.0271  0.0276  0.0270  0.0265  0.0272  0.0260  0.0257  0.0256  0.0261
niter,ni,del,rscale     3    3    5.0000    1.2000
parameters
   -0.9840   -2.3380   14.5385   -8.7487   -5.4495  -12.3981
    8.2386   -6.1524   -5.3431   14.1419    2.4436  -16.1872
eta,q 0.97587  7.98253
  0.0268  0.0267  0.0253  0.0263  0.0262  0.0263  0.0263  0.0269  0.0256  0.0267  0.0254  0.0253
  0.0255  0.0256  0.0247  0.0253  0.0253  0.0253  0.0252  0.0255  0.0249  0.0256  0.0248  0.0246
  0.0247  0.0249  0.0243  0.0247  0.0246  0.0245  0.0245  0.0246  0.0244  0.0248  0.0243  0.0242
  0.0244  0.0244  0.0243  0.0243  0.0243  0.0243  0.0243  0.0243  0.0243  0.0243  0.0241  0.0241
  0.0247  0.0244  0.0247  0.0245  0.0248  0.0250  0.0245  0.0246  0.0245  0.0241  0.0243  0.0244
  0.0255  0.0247  0.0253  0.0252  0.0258  0.0257  0.0252  0.0255  0.0250  0.0245  0.0247  0.0249
  0.0267  0.0254  0.0261  0.0268  0.0273  0.0268  0.0261  0.0269  0.0258  0.0255  0.0254  0.0258
niter,ni,del,rscale     2    3    5.0000    1.2000
parameters
   -0.9713   -1.8569   14.2431   -8.9509   -6.2740  -12.8131
    8.3393   -6.0759   -5.5224   15.3114    2.4283  -16.8692
eta,q 0.97609  7.94539
  0.0265  0.0265  0.0251  0.0260  0.0259  0.0262  0.0260  0.0267  0.0254  0.0264  0.0252  0.0251
  0.0252  0.0253  0.0244  0.0250  0.0250  0.0251  0.0250  0.0253  0.0247  0.0254  0.0245  0.0244
  0.0244  0.0245  0.0241  0.0244  0.0243  0.0243  0.0243  0.0244  0.0242  0.0246  0.0241  0.0240
  0.0241  0.0241  0.0241  0.0240  0.0240  0.0241  0.0241  0.0241  0.0241  0.0241  0.0239  0.0239
  0.0244  0.0241  0.0244  0.0242  0.0244  0.0247  0.0243  0.0244  0.0242  0.0239  0.0241  0.0242
  0.0252  0.0244  0.0249  0.0249  0.0255  0.0255  0.0249  0.0252  0.0248  0.0244  0.0245  0.0247
  0.0264  0.0251  0.0257  0.0264  0.0270  0.0265  0.0259  0.0266  0.0256  0.0254  0.0252  0.0255
niter,ni,del,rscale     1    3    5.0000    1.2000
parameters
   -0.9365   -1.5061   14.0467   -9.0812   -6.8438  -12.9975
    8.3696   -5.9539   -5.6352   16.1072    2.3338  -17.3473
eta,q 0.97619  7.92387
  0.0263  0.0262  0.0250  0.0258  0.0259  0.0262  0.0258  0.0266  0.0253  0.0262  0.0250  0.0250
  0.0250  0.0250  0.0243  0.0249  0.0250  0.0250  0.0248  0.0252  0.0245  0.0252  0.0244  0.0243
  0.0242  0.0243  0.0239  0.0242  0.0242  0.0242  0.0241  0.0242  0.0241  0.0244  0.0240  0.0239
  0.0239  0.0239  0.0239  0.0239  0.0239  0.0239  0.0239  0.0239  0.0239  0.0239  0.0238  0.0238
  0.0242  0.0239  0.0241  0.0240  0.0242  0.0244  0.0242  0.0242  0.0241  0.0238  0.0240  0.0240
  0.0249  0.0244  0.0247  0.0247  0.0252  0.0252  0.0248  0.0251  0.0246  0.0244  0.0244  0.0245
  0.0261  0.0251  0.0254  0.0261  0.0267  0.0263  0.0257  0.0264  0.0254  0.0256  0.0251  0.0253
registration optimization eta report
parameter search radius
    2.4000    2.4000    2.4000    8.2800    8.2800    8.2800
    7.2000    7.2000    7.2000    7.2000    8.2800    8.2800
100000*second partial in parameter space
       39.       30.       23.        3.        4.        3.
        4.        5.        3.        4.        2.        2.
  0.0263  0.0262  0.0250  0.0258  0.0259  0.0262  0.0258  0.0266  0.0253  0.0262  0.0250  0.0250
  0.0250  0.0250  0.0243  0.0249  0.0250  0.0250  0.0248  0.0252  0.0245  0.0252  0.0244  0.0243
  0.0242  0.0243  0.0239  0.0242  0.0242  0.0242  0.0241  0.0242  0.0241  0.0244  0.0240  0.0239
  0.0239  0.0239  0.0239  0.0239  0.0239  0.0239  0.0239  0.0239  0.0239  0.0239  0.0238  0.0238
  0.0242  0.0239  0.0241  0.0240  0.0242  0.0244  0.0242  0.0242  0.0241  0.0238  0.0240  0.0240
  0.0249  0.0244  0.0247  0.0247  0.0252  0.0252  0.0248  0.0251  0.0246  0.0244  0.0244  0.0245
  0.0261  0.0251  0.0254  0.0261  0.0267  0.0263  0.0257  0.0264  0.0254  0.0256  0.0251  0.0253
   -0.9365   -1.5061   14.0467   -9.0812   -6.8438  -12.9975
    8.3696   -5.9539   -5.6352   16.1072    2.3338  -17.3473
eta,q 0.97619  7.92387

---------------------------------------------------------------------
imgreg_4dfp /opt/freesurfer/average/711-2C_as_mni_average_305 /opt/freesurfer/average/711-2B_as_mni_average_305_mask talsrcimg_g11 none talsrcimg_to_711-2C_as_mni_average_305_t4 2311
---------------------------------------------------------------------

freesurfer imgreg_4dfp.c
/opt/freesurfer/average/711-2C_as_mni_average_305.4dfp.img
       256       256       256         1
  1.000000  1.000000  1.000000
orientation T byte_order littleendian
Reading image: /opt/freesurfer/average/711-2C_as_mni_average_305.4dfp.img
dimensions:      256       256       256
mmppix:       1.0000   -1.0000   -1.0000
center:     128.0000 -129.0000 -129.0000
/opt/freesurfer/average/711-2B_as_mni_average_305_mask.4dfp.img
       256       256       256         1
  1.000000  1.000000  1.000000
orientation T byte_order littleendian
Reading mask: /opt/freesurfer/average/711-2B_as_mni_average_305_mask.4dfp.img (2306576 pixels)
talsrcimg_g11.4dfp.img
       256       256       256         1
  1.000000  1.000000  1.000000
orientation T byte_order littleendian
Reading image: talsrcimg_g11.4dfp.img
dimensions:      256       256       256
mmppix:       1.0000   -1.0000   -1.0000
center:     128.0000 -129.0000 -129.0000
fimgreg.f
image alignment mode   2311 decimal      907 hex
parameters
   -0.9365   -1.5061   14.0467   -9.0812   -6.8438  -12.9975
    8.3696   -5.9539   -5.6352   16.1072    2.3338  -17.3473
eta,q 0.97619  7.92388
niter,ni,del,rscale     5    3    5.0000    0.8000
parameters
   -0.8952   -1.3149   13.9190   -8.5776   -6.6480  -13.1662
    8.3139   -5.8496   -5.5288   16.7158    2.2381  -17.5410
eta,q 0.97627  7.94999
  0.0249  0.0248  0.0243  0.0246  0.0247  0.0247  0.0246  0.0251  0.0245  0.0250  0.0242  0.0242
  0.0243  0.0243  0.0240  0.0242  0.0243  0.0242  0.0242  0.0244  0.0241  0.0244  0.0239  0.0239
  0.0239  0.0240  0.0238  0.0240  0.0239  0.0239  0.0239  0.0239  0.0239  0.0240  0.0238  0.0238
  0.0238  0.0238  0.0238  0.0238  0.0238  0.0238  0.0238  0.0238  0.0238  0.0238  0.0237  0.0237
  0.0239  0.0238  0.0239  0.0238  0.0238  0.0239  0.0239  0.0239  0.0238  0.0238  0.0238  0.0238
  0.0242  0.0240  0.0242  0.0240  0.0241  0.0244  0.0242  0.0243  0.0240  0.0240  0.0240  0.0240
  0.0248  0.0244  0.0245  0.0244  0.0247  0.0248  0.0247  0.0250  0.0244  0.0246  0.0242  0.0242
niter,ni,del,rscale     4    3    5.0000    0.7000
parameters
   -0.8589   -1.2091   13.7721   -8.5388   -6.7214  -13.2708
    8.2410   -5.7517   -5.4818   17.0146    2.1259  -17.6751
eta,q 0.97629  7.94813
  0.0246  0.0245  0.0241  0.0243  0.0244  0.0245  0.0244  0.0247  0.0243  0.0246  0.0240  0.0241
  0.0241  0.0241  0.0239  0.0240  0.0241  0.0241  0.0240  0.0242  0.0240  0.0242  0.0239  0.0239
  0.0238  0.0238  0.0237  0.0238  0.0238  0.0238  0.0238  0.0238  0.0238  0.0239  0.0237  0.0237
  0.0237  0.0237  0.0237  0.0237  0.0237  0.0237  0.0237  0.0237  0.0237  0.0237  0.0237  0.0237
  0.0238  0.0238  0.0238  0.0238  0.0238  0.0239  0.0238  0.0238  0.0238  0.0237  0.0238  0.0238
  0.0241  0.0240  0.0240  0.0240  0.0240  0.0242  0.0241  0.0241  0.0239  0.0240  0.0239  0.0239
  0.0245  0.0243  0.0243  0.0243  0.0245  0.0246  0.0244  0.0246  0.0242  0.0244  0.0241  0.0241
niter,ni,del,rscale     3    3    5.0000    0.6000
parameters
   -0.8293   -1.1396   13.7084   -8.4855   -6.7482  -13.3211
    8.1859   -5.6950   -5.4145   17.2054    2.0132  -17.7733
eta,q 0.97630  7.94927
  0.0243  0.0242  0.0240  0.0241  0.0242  0.0243  0.0242  0.0244  0.0241  0.0244  0.0239  0.0240
  0.0240  0.0239  0.0238  0.0239  0.0240  0.0240  0.0239  0.0240  0.0239  0.0240  0.0238  0.0238
  0.0238  0.0238  0.0237  0.0238  0.0238  0.0238  0.0238  0.0238  0.0238  0.0238  0.0237  0.0237
  0.0237  0.0237  0.0237  0.0237  0.0237  0.0237  0.0237  0.0237  0.0237  0.0237  0.0237  0.0237
  0.0238  0.0237  0.0238  0.0237  0.0238  0.0238  0.0238  0.0238  0.0237  0.0237  0.0237  0.0237
  0.0240  0.0239  0.0239  0.0239  0.0239  0.0240  0.0240  0.0240  0.0239  0.0239  0.0238  0.0238
  0.0243  0.0241  0.0241  0.0241  0.0243  0.0244  0.0242  0.0244  0.0241  0.0243  0.0240  0.0240
niter,ni,del,rscale     2    3    5.0000    0.5000
parameters
   -0.8129   -1.1053   13.6706   -8.4464   -6.7622  -13.3491
    8.1480   -5.6599   -5.3536   17.3148    1.9489  -17.8161
eta,q 0.97630  7.95017
  0.0241  0.0240  0.0239  0.0240  0.0241  0.0242  0.0240  0.0242  0.0240  0.0242  0.0239  0.0239
  0.0239  0.0239  0.0238  0.0239  0.0239  0.0239  0.0239  0.0239  0.0238  0.0239  0.0238  0.0238
  0.0238  0.0237  0.0237  0.0238  0.0237  0.0238  0.0237  0.0238  0.0237  0.0238  0.0237  0.0237
  0.0237  0.0237  0.0237  0.0237  0.0237  0.0237  0.0237  0.0237  0.0237  0.0237  0.0237  0.0237
  0.0237  0.0237  0.0237  0.0237  0.0237  0.0238  0.0237  0.0238  0.0237  0.0237  0.0237  0.0237
  0.0239  0.0238  0.0238  0.0238  0.0239  0.0239  0.0239  0.0239  0.0238  0.0239  0.0238  0.0238
  0.0241  0.0240  0.0240  0.0240  0.0241  0.0242  0.0241  0.0242  0.0240  0.0241  0.0239  0.0239
niter,ni,del,rscale     1    3    5.0000    0.4000
parameters
   -0.8000   -1.0827   13.6495   -8.3920   -6.7788  -13.3495
    8.1260   -5.6482   -5.3059   17.4009    1.9184  -17.8695
eta,q 0.97631  7.95257
  0.0240  0.0239  0.0238  0.0239  0.0239  0.0240  0.0239  0.0240  0.0239  0.0240  0.0238  0.0238
  0.0238  0.0238  0.0238  0.0238  0.0238  0.0239  0.0238  0.0238  0.0238  0.0238  0.0237  0.0237
  0.0237  0.0237  0.0237  0.0237  0.0237  0.0237  0.0237  0.0237  0.0237  0.0237  0.0237  0.0237
  0.0237  0.0237  0.0237  0.0237  0.0237  0.0237  0.0237  0.0237  0.0237  0.0237  0.0237  0.0237
  0.0237  0.0237  0.0237  0.0237  0.0237  0.0237  0.0237  0.0237  0.0237  0.0237  0.0237  0.0237
  0.0238  0.0238  0.0238  0.0238  0.0238  0.0238  0.0238  0.0238  0.0238  0.0238  0.0238  0.0238
  0.0240  0.0239  0.0239  0.0239  0.0240  0.0240  0.0239  0.0240  0.0239  0.0240  0.0238  0.0238
registration optimization eta report
parameter search radius
    0.8000    0.8000    0.8000    2.4000    2.4000    2.4000
    2.4000    2.4000    2.4000    2.4000    2.4000    2.4000
100000*second partial in parameter space
       41.       34.       24.        3.        4.        5.
        4.        5.        3.        5.        2.        2.
  0.0240  0.0239  0.0238  0.0239  0.0239  0.0240  0.0239  0.0240  0.0239  0.0240  0.0238  0.0238
  0.0238  0.0238  0.0238  0.0238  0.0238  0.0239  0.0238  0.0238  0.0238  0.0238  0.0237  0.0237
  0.0237  0.0237  0.0237  0.0237  0.0237  0.0237  0.0237  0.0237  0.0237  0.0237  0.0237  0.0237
  0.0237  0.0237  0.0237  0.0237  0.0237  0.0237  0.0237  0.0237  0.0237  0.0237  0.0237  0.0237
  0.0237  0.0237  0.0237  0.0237  0.0237  0.0237  0.0237  0.0237  0.0237  0.0237  0.0237  0.0237
  0.0238  0.0238  0.0238  0.0238  0.0238  0.0238  0.0238  0.0238  0.0238  0.0238  0.0238  0.0238
  0.0240  0.0239  0.0239  0.0239  0.0240  0.0240  0.0239  0.0240  0.0239  0.0240  0.0238  0.0238
   -0.8000   -1.0827   13.6495   -8.3920   -6.7788  -13.3495
    8.1260   -5.6482   -5.3059   17.4009    1.9184  -17.8695
eta,q 0.97631  7.95257

---------------------------------------------------------------------
imgreg_4dfp /opt/freesurfer/average/711-2C_as_mni_average_305 /opt/freesurfer/average/711-2B_as_mni_average_305_mask talsrcimg_g11 none talsrcimg_to_711-2C_as_mni_average_305_t4 2311
---------------------------------------------------------------------

freesurfer imgreg_4dfp.c
/opt/freesurfer/average/711-2C_as_mni_average_305.4dfp.img
       256       256       256         1
  1.000000  1.000000  1.000000
orientation T byte_order littleendian
Reading image: /opt/freesurfer/average/711-2C_as_mni_average_305.4dfp.img
dimensions:      256       256       256
mmppix:       1.0000   -1.0000   -1.0000
center:     128.0000 -129.0000 -129.0000
/opt/freesurfer/average/711-2B_as_mni_average_305_mask.4dfp.img
       256       256       256         1
  1.000000  1.000000  1.000000
orientation T byte_order littleendian
Reading mask: /opt/freesurfer/average/711-2B_as_mni_average_305_mask.4dfp.img (2306576 pixels)
talsrcimg_g11.4dfp.img
       256       256       256         1
  1.000000  1.000000  1.000000
orientation T byte_order littleendian
Reading image: talsrcimg_g11.4dfp.img
dimensions:      256       256       256
mmppix:       1.0000   -1.0000   -1.0000
center:     128.0000 -129.0000 -129.0000
fimgreg.f
image alignment mode   2311 decimal      907 hex
parameters
   -0.8000   -1.0827   13.6495   -8.3920   -6.7788  -13.3495
    8.1260   -5.6482   -5.3059   17.4009    1.9184  -17.8695
eta,q 0.97631  7.95257
niter,ni,del,rscale     5    3    5.0000    0.8000
parameters
   -0.7922   -1.0420   13.6379   -8.6327   -6.9824  -13.3569
    8.1189   -5.6194   -5.4005   17.3246    1.9380  -17.8734
eta,q 0.97630  7.93579
  0.0247  0.0246  0.0243  0.0243  0.0246  0.0247  0.0246  0.0250  0.0243  0.0247  0.0241  0.0242
  0.0242  0.0241  0.0240  0.0240  0.0241  0.0242  0.0241  0.0243  0.0240  0.0242  0.0239  0.0239
  0.0238  0.0238  0.0238  0.0238  0.0238  0.0239  0.0238  0.0238  0.0238  0.0239  0.0238  0.0237
  0.0237  0.0237  0.0237  0.0237  0.0237  0.0237  0.0237  0.0237  0.0237  0.0237  0.0237  0.0237
  0.0238  0.0238  0.0238  0.0238  0.0238  0.0238  0.0238  0.0238  0.0238  0.0238  0.0238  0.0238
  0.0242  0.0240  0.0240  0.0241  0.0242  0.0242  0.0241  0.0243  0.0240  0.0242  0.0239  0.0239
  0.0247  0.0245  0.0243  0.0245  0.0248  0.0247  0.0246  0.0249  0.0244  0.0248  0.0241  0.0242
niter,ni,del,rscale     4    3    5.0000    0.7000
parameters
   -0.7864   -1.0471   13.6640   -8.5699   -6.9056  -13.3720
    8.1240   -5.6252   -5.3894   17.3409    1.9239  -17.8588
eta,q 0.97630  7.94035
  0.0245  0.0243  0.0242  0.0242  0.0245  0.0245  0.0244  0.0247  0.0242  0.0245  0.0240  0.0241
  0.0241  0.0240  0.0239  0.0240  0.0241  0.0241  0.0240  0.0241  0.0239  0.0241  0.0239  0.0239
  0.0238  0.0238  0.0238  0.0238  0.0238  0.0238  0.0238  0.0238  0.0238  0.0238  0.0237  0.0237
  0.0237  0.0237  0.0237  0.0237  0.0237  0.0237  0.0237  0.0237  0.0237  0.0237  0.0237  0.0237
  0.0238  0.0238  0.0238  0.0237  0.0238  0.0238  0.0238  0.0238  0.0238  0.0238  0.0237  0.0237
  0.0241  0.0240  0.0239  0.0239  0.0240  0.0241  0.0240  0.0241  0.0239  0.0241  0.0239  0.0239
  0.0245  0.0243  0.0241  0.0243  0.0244  0.0245  0.0244  0.0247  0.0242  0.0245  0.0240  0.0241
niter,ni,del,rscale     3    3    5.0000    0.6000
parameters
   -0.7907   -1.0569   13.6550   -8.4916   -6.8509  -13.3769
    8.1207   -5.6268   -5.3622   17.3699    1.9066  -17.8683
eta,q 0.97630  7.94519
  0.0243  0.0242  0.0240  0.0241  0.0243  0.0243  0.0242  0.0244  0.0241  0.0243  0.0239  0.0240
  0.0240  0.0239  0.0239  0.0239  0.0240  0.0240  0.0239  0.0240  0.0239  0.0240  0.0238  0.0238
  0.0238  0.0238  0.0237  0.0238  0.0238  0.0238  0.0238  0.0238  0.0237  0.0238  0.0237  0.0237
  0.0237  0.0237  0.0237  0.0237  0.0237  0.0237  0.0237  0.0237  0.0237  0.0237  0.0237  0.0237
  0.0238  0.0238  0.0237  0.0237  0.0237  0.0238  0.0238  0.0238  0.0237  0.0238  0.0237  0.0237
  0.0240  0.0239  0.0239  0.0239  0.0239  0.0240  0.0239  0.0240  0.0239  0.0240  0.0238  0.0238
  0.0243  0.0242  0.0240  0.0241  0.0243  0.0243  0.0242  0.0244  0.0241  0.0243  0.0240  0.0240
niter,ni,del,rscale     2    3    5.0000    0.5000
parameters
   -0.7909   -1.0588   13.6406   -8.4440   -6.8150  -13.3833
    8.1093   -5.6211   -5.3301   17.4065    1.9096  -17.8378
eta,q 0.97630  7.94811
  0.0241  0.0240  0.0239  0.0240  0.0241  0.0242  0.0241  0.0242  0.0240  0.0241  0.0239  0.0239
  0.0239  0.0238  0.0238  0.0239  0.0239  0.0239  0.0239  0.0239  0.0238  0.0239  0.0238  0.0238
  0.0237  0.0237  0.0237  0.0237  0.0237  0.0238  0.0237  0.0237  0.0237  0.0238  0.0237  0.0237
  0.0237  0.0237  0.0237  0.0237  0.0237  0.0237  0.0237  0.0237  0.0237  0.0237  0.0237  0.0237
  0.0237  0.0237  0.0237  0.0237  0.0237  0.0238  0.0237  0.0238  0.0237  0.0237  0.0237  0.0237
  0.0239  0.0238  0.0238  0.0238  0.0239  0.0239  0.0239  0.0239  0.0238  0.0239  0.0238  0.0238
  0.0241  0.0240  0.0239  0.0240  0.0241  0.0242  0.0241  0.0242  0.0240  0.0241  0.0239  0.0239
niter,ni,del,rscale     1    3    5.0000    0.4000
parameters
   -0.7913   -1.0582   13.6284   -8.3972   -6.8105  -13.3719
    8.1140   -5.6246   -5.2986   17.4401    1.8746  -17.8905
eta,q 0.97631  7.95083
  0.0240  0.0239  0.0238  0.0239  0.0240  0.0240  0.0239  0.0240  0.0239  0.0240  0.0238  0.0238
  0.0238  0.0238  0.0238  0.0238  0.0238  0.0238  0.0238  0.0238  0.0238  0.0238  0.0237  0.0237
  0.0237  0.0237  0.0237  0.0237  0.0237  0.0237  0.0237  0.0237  0.0237  0.0237  0.0237  0.0237
  0.0237  0.0237  0.0237  0.0237  0.0237  0.0237  0.0237  0.0237  0.0237  0.0237  0.0237  0.0237
  0.0237  0.0237  0.0237  0.0237  0.0237  0.0237  0.0237  0.0237  0.0237  0.0237  0.0237  0.0237
  0.0238  0.0238  0.0238  0.0238  0.0238  0.0238  0.0238  0.0238  0.0238  0.0238  0.0238  0.0238
  0.0240  0.0239  0.0239  0.0239  0.0240  0.0240  0.0239  0.0240  0.0239  0.0240  0.0238  0.0238
registration optimization eta report
parameter search radius
    0.8000    0.8000    0.8000    2.4000    2.4000    2.4000
    2.4000    2.4000    2.4000    2.4000    2.4000    2.4000
100000*second partial in parameter space
       41.       33.       23.        3.        4.        5.
        4.        5.        3.        5.        2.        2.
  0.0240  0.0239  0.0238  0.0239  0.0240  0.0240  0.0239  0.0240  0.0239  0.0240  0.0238  0.0238
  0.0238  0.0238  0.0238  0.0238  0.0238  0.0238  0.0238  0.0238  0.0238  0.0238  0.0237  0.0237
  0.0237  0.0237  0.0237  0.0237  0.0237  0.0237  0.0237  0.0237  0.0237  0.0237  0.0237  0.0237
  0.0237  0.0237  0.0237  0.0237  0.0237  0.0237  0.0237  0.0237  0.0237  0.0237  0.0237  0.0237
  0.0237  0.0237  0.0237  0.0237  0.0237  0.0237  0.0237  0.0237  0.0237  0.0237  0.0237  0.0237
  0.0238  0.0238  0.0238  0.0238  0.0238  0.0238  0.0238  0.0238  0.0238  0.0238  0.0238  0.0238
  0.0240  0.0239  0.0239  0.0239  0.0240  0.0240  0.0239  0.0240  0.0239  0.0240  0.0238  0.0238
   -0.7913   -1.0582   13.6284   -8.3972   -6.8105  -13.3719
    8.1140   -5.6246   -5.2986   17.4401    1.8746  -17.8905
eta,q 0.97631  7.95083

---------------------------------------------------------------------
compute_vox2vox talsrcimg talsrcimg_to_711-2C_as_mni_average_305_t4 /opt/freesurfer/average/711-2C_as_mni_average_305
---------------------------------------------------------------------

freesurfer compute_vox2vox.c
Reading: talsrcimg.4dfp.ifh
Reading: talsrcimg_to_711-2C_as_mni_average_305_t4
Reading: /opt/freesurfer/average/711-2C_as_mni_average_305.4dfp.ifh
Writing: talsrcimg_to_711-2C_as_mni_average_305_t4_vox2vox.txt

start time Thu Mar 12 10:12:07 CET 2026
end		time Thu Mar 12 10:13:34 CET 2026

mpr2mni305 success

avi2talxfm orig_nu.mgz /opt/freesurfer/average/mni305.cor.mgz talsrcimg_to_711-2C_as_mni_average_305_t4_vox2vox.txt transforms/talairach.auto.xfm
avi2talxfm done
mv -f /out/sourcedata/freesurfer/sub-v1s11x0050149_ses-1/mri/talsrcimg_to_711-2C_as_mni_average_305_t4_vox2vox.txt /out/sourcedata/freesurfer/sub-v1s11x0050149_ses-1/mri/transforms/talsrcimg_to_711-2C_as_mni_average_305_t4_vox2vox.txt
lta_convert --src orig_nu.mgz --trg /opt/freesurfer/average/mni305.cor.mgz --inxfm transforms/talairach.auto.xfm --outlta transforms/talairach.auto.xfm.lta --subject fsaverage
7.3.2

--src: orig_nu.mgz src image (geometry).
--trg: /opt/freesurfer/average/mni305.cor.mgz trg image (geometry).
--inmni: transforms/talairach.auto.xfm input MNI/XFM transform.
--outlta: transforms/talairach.auto.xfm.lta output LTA.
--s: fsaverage subject name
 LTA read, type : 1
 1.08540   0.08617  -0.07796  -4.16358;
-0.01034   1.11058   0.21411  -25.66453;
 0.06365  -0.20294   1.02858  -18.91685;
 0.00000   0.00000   0.00000   1.00000;
setting subject to fsaverage
Writing  LTA to file transforms/talairach.auto.xfm.lta...
lta_convert successful.
 
 
Started at Thu Mar 12 10:12:07 CET 2026
Ended   at Thu Mar 12 10:13:35 CET 2026
talairach_avi done
