/out/sourcedata/freesurfer/sub-v1s11x0050155_ses-1/mri
/opt/freesurfer/bin/talairach_avi
--i orig_nu.mgz --xfm transforms/talairach.auto.xfm
talairach_avi 7.3.2
Linux dna085 5.14.0-427.37.1.el9_4.x86_64 #1 SMP PREEMPT_DYNAMIC Fri Sep 13 12:41:50 EDT 2024 x86_64 x86_64 x86_64 GNU/Linux
Thu Mar 12 10:21:17 CET 2026
mri_convert orig_nu.mgz talsrcimg.img 
reading from orig_nu.mgz...
TR=0.00, TE=0.00, TI=0.00, flip angle=0.00
i_ras = (-1, 0, 0)
j_ras = (0, 0, -1)
k_ras = (0, 1, 0)
writing to talsrcimg.img...
Analyze Output Matrix
-1.00000   0.00000   0.00000   136.79230;
 0.00000   0.00000   1.00000  -111.33474;
 0.00000  -1.00000   0.00000   133.47119;
 0.00000   0.00000   0.00000   1.00000;
--------------------
INFO: set hdr.hist.orient to -1
mpr2mni305 talsrcimg
Thu Mar 12 10:21:17 CET 2026
/opt/freesurfer/bin/mpr2mni305 talsrcimg
mpr2mni305 7.3.2
target=711-2C_as_mni_average_305

---------------------------------------------------------------------
analyzeto4dfp talsrcimg -O0 -y
---------------------------------------------------------------------

freesurfer ifh2hdr.c
Thu Mar 12 10:21:18 2026
Writing: talsrcimg.4dfp.hdr
freesurfer analyzeto4dfp.c
Reading: talsrcimg.hdr
header size 348 bytes
hdr.dime.datatype	offset=70	value=2
hdr.dime.bitpix		offset=72	value=8
hdr.hist.orient		offset=252	value=-1
dimensionality     4
dimensions       256       256       256         1
Reading: talsrcimg.img
Writing: talsrcimg.4dfp.img
Writing: talsrcimg.4dfp.ifh
ifh2hdr talsrcimg -r0to246
ori=2

---------------------------------------------------------------------
gauss_4dfp talsrcimg 1.1
---------------------------------------------------------------------

freesurfer gauss_4dfp.c
Reading: talsrcimg.4dfp.img
Writing: talsrcimg_g11.4dfp.img
image dimensions 256 256 256 padded to 288 288 288
processing volume 1freesurfer ifh2hdr.c
Thu Mar 12 10:21:19 2026
Writing: talsrcimg_g11.4dfp.hdr

Writing: talsrcimg_g11.4dfp.ifh
including: talsrcimg.4dfp.img.rec in talsrcimg_g11.4dfp.img.rec

---------------------------------------------------------------------
imgreg_4dfp /opt/freesurfer/average/711-2C_as_mni_average_305 none talsrcimg_g11 none talsrcimg_to_711-2C_as_mni_average_305_t4 4355
---------------------------------------------------------------------

freesurfer imgreg_4dfp.c
/opt/freesurfer/average/711-2C_as_mni_average_305.4dfp.img
       256       256       256         1
  1.000000  1.000000  1.000000
orientation T byte_order littleendian
Reading image: /opt/freesurfer/average/711-2C_as_mni_average_305.4dfp.img
dimensions:      256       256       256
mmppix:       1.0000   -1.0000   -1.0000
center:     128.0000 -129.0000 -129.0000
talsrcimg_g11.4dfp.img
       256       256       256         1
  1.000000  1.000000  1.000000
orientation T byte_order littleendian
Reading image: talsrcimg_g11.4dfp.img
dimensions:      256       256       256
mmppix:       1.0000   -1.0000   -1.0000
center:     128.0000 -129.0000 -129.0000
t4_read: open error in t4_sub.f l:  41 t4_file(1:l)talsrcimg_to_711-2C_as_mni_average_305_t4 
t4_read: transform initialized to I4
rotation matrix determinant  1.000000
image alignment mode   4355 decimal     1103 hex
   -7.5000  -45.0000  -45.0000 9085.7197    9.7615
    0.0000  -45.0000  -45.0000 9489.1025    9.7473
    7.5000  -45.0000  -45.0000 9052.3887    9.7464
   -7.5000  -37.5000  -45.0000 9603.3535    9.7146
    0.0000  -37.5000  -45.000010010.5664    9.7025
    7.5000  -37.5000  -45.0000 9540.8623    9.7046
   -7.5000  -30.0000  -45.000010431.4199    9.6981
    0.0000  -30.0000  -45.000010885.6709    9.6854
    7.5000  -30.0000  -45.000010366.6514    9.6902
   -7.5000  -22.5000  -45.000011263.3643    9.7044
    0.0000  -22.5000  -45.000011752.5225    9.6888
    7.5000  -22.5000  -45.000011185.8066    9.6929
   -7.5000  -15.0000  -45.000012058.7646    9.7184
    0.0000  -15.0000  -45.000012579.3516    9.7004
    7.5000  -15.0000  -45.000011956.0498    9.7015
   -7.5000   -7.5000  -45.000012710.1680    9.7273
    0.0000   -7.5000  -45.000013244.7402    9.7101
    7.5000   -7.5000  -45.000012590.5352    9.7092
   -7.5000    0.0000  -45.000013180.3584    9.7231
    0.0000    0.0000  -45.000013727.3984    9.7091
    7.5000    0.0000  -45.000013051.7266    9.7086
   -7.5000    7.5000  -45.000012562.6396    9.7079
    0.0000    7.5000  -45.000013107.4785    9.6959
    7.5000    7.5000  -45.000012470.6572    9.6982
   -7.5000   15.0000  -45.000011839.7715    9.6981
    0.0000   15.0000  -45.000012376.9717    9.6854
    7.5000   15.0000  -45.000011761.1514    9.6902
   -7.5000   22.5000  -45.000010925.4199    9.7031
    0.0000   22.5000  -45.000011437.9395    9.6875
    7.5000   22.5000  -45.000010855.4004    9.6916
   -7.5000   30.0000  -45.000010005.2822    9.5889
    0.0000   30.0000  -45.000010473.0635    9.5711
    7.5000   30.0000  -45.0000 9943.6201    9.5722
   -7.5000   37.5000  -45.0000 9518.1064    9.5993
    0.0000   37.5000  -45.0000 9953.1436    9.5824
    7.5000   37.5000  -45.0000 9451.0303    9.5815
   -7.5000   45.0000  -45.0000 8680.4131    9.3882
    0.0000   45.0000  -45.0000 9085.2158    9.3748
    7.5000   45.0000  -45.0000 8626.0498    9.3744
   -7.5000  -45.0000  -37.5000 9656.9707    9.6970
    0.0000  -45.0000  -37.500010065.1094    9.6842
    7.5000  -45.0000  -37.5000 9592.3896    9.6861
   -7.5000  -37.5000  -37.500010202.7939    9.6534
    0.0000  -37.5000  -37.500010625.4824    9.6422
    7.5000  -37.5000  -37.500010117.8721    9.6468
   -7.5000  -30.0000  -37.500011067.7432    9.6394
    0.0000  -30.0000  -37.500011533.7217    9.6280
    7.5000  -30.0000  -37.500010974.3262    9.6349
   -7.5000  -22.5000  -37.500011924.5195    9.6453
    0.0000  -22.5000  -37.500012435.0068    9.6320
    7.5000  -22.5000  -37.500011838.8320    9.6384
   -7.5000  -15.0000  -37.500012761.2383    9.6569
    0.0000  -15.0000  -37.500013316.4355    9.6418
    7.5000  -15.0000  -37.500012651.7080    9.6456
   -7.5000   -7.5000  -37.500013454.7451    9.6635
    0.0000   -7.5000  -37.500014013.4463    9.6486
    7.5000   -7.5000  -37.500013306.8535    9.6507
   -7.5000    0.0000  -37.500013926.0850    9.6592
    0.0000    0.0000  -37.500014498.8408    9.6465
    7.5000    0.0000  -37.500013766.2900    9.6489
   -7.5000    7.5000  -37.500013296.8574    9.6467
    0.0000    7.5000  -37.500013860.0186    9.6356
    7.5000    7.5000  -37.500013156.0254    9.6404
   -7.5000   15.0000  -37.500012524.4678    9.6394
    0.0000   15.0000  -37.500013075.5391    9.6280
    7.5000   15.0000  -37.500012429.3809    9.6349
   -7.5000   22.5000  -37.500011530.4551    9.6440
    0.0000   22.5000  -37.500012053.4219    9.6307
    7.5000   22.5000  -37.500011459.3604    9.6371
   -7.5000   30.0000  -37.500010534.9463    9.5282
    0.0000   30.0000  -37.500011007.8428    9.5133
    7.5000   30.0000  -37.500010466.5645    9.5171
   -7.5000   37.5000  -37.5000 9995.8154    9.5363
    0.0000   37.5000  -37.500010446.7871    9.5216
    7.5000   37.5000  -37.5000 9944.2080    9.5237
   -7.5000   45.0000  -37.5000 9123.2031    9.3273
    0.0000   45.0000  -37.5000 9538.0420    9.3151
    7.5000   45.0000  -37.5000 9058.8906    9.3176
   -7.5000  -45.0000  -30.000010403.8291   10.0700
    0.0000  -45.0000  -30.000010842.1992   10.0542
    7.5000  -45.0000  -30.000010293.9531   10.0571
   -7.5000  -37.5000  -30.000010993.1162   10.0278
    0.0000  -37.5000  -30.000011437.3760   10.0137
    7.5000  -37.5000  -30.000010862.5332   10.0186
   -7.5000  -30.0000  -30.000011924.3701   10.0171
    0.0000  -30.0000  -30.000012405.4785   10.0032
    7.5000  -30.0000  -30.000011790.8906   10.0107
   -7.5000  -22.5000  -30.000012858.0869   10.0247
    0.0000  -22.5000  -30.000013403.1924   10.0093
    7.5000  -22.5000  -30.000012738.1875   10.0172
   -7.5000  -15.0000  -30.000013740.2354   10.0347
    0.0000  -15.0000  -30.000014318.0342   10.0177
    7.5000  -15.0000  -30.000013586.9307   10.0237
   -7.5000   -7.5000  -30.000014460.6279   10.0375
    0.0000   -7.5000  -30.000015039.3193   10.0203
    7.5000   -7.5000  -30.000014269.8760   10.0241
   -7.5000    0.0000  -30.000014927.4932   10.0311
    0.0000    0.0000  -30.000015524.8506   10.0155
    7.5000    0.0000  -30.000014720.7012   10.0188
   -7.5000    7.5000  -30.000014260.3135   10.0208
    0.0000    7.5000  -30.000014833.6895   10.0068
    7.5000    7.5000  -30.000014069.6025   10.0119
   -7.5000   15.0000  -30.000013430.0479   10.0171
    0.0000   15.0000  -30.000013996.0957   10.0032
    7.5000   15.0000  -30.000013307.6953   10.0107
   -7.5000   22.5000  -30.000012385.7900   10.0223
    0.0000   22.5000  -30.000012907.4424   10.0069
    7.5000   22.5000  -30.000012278.6426   10.0148
   -7.5000   30.0000  -30.000011274.7744    9.9019
    0.0000   30.0000  -30.000011746.3242    9.8851
    7.5000   30.0000  -30.000011187.3760    9.8911
   -7.5000   37.5000  -30.000010680.2783    9.9060
    0.0000   37.5000  -30.000011125.1250    9.8891
    7.5000   37.5000  -30.000010611.0781    9.8929
   -7.5000   45.0000  -30.0000 9729.9521    9.6933
    0.0000   45.0000  -30.000010145.2891    9.6784
    7.5000   45.0000  -30.0000 9654.2754    9.6817
   -7.5000  -45.0000  -22.500011114.8740   10.4052
    0.0000  -45.0000  -22.500011576.7334   10.3850
    7.5000  -45.0000  -22.500010996.3525   10.3857
   -7.5000  -37.5000  -22.500011753.7383   10.3623
    0.0000  -37.5000  -22.500012221.5566   10.3440
    7.5000  -37.5000  -22.500011591.9463   10.3464
   -7.5000  -30.0000  -22.500012761.0020   10.3535
    0.0000  -30.0000  -22.500013268.7256   10.3355
    7.5000  -30.0000  -22.500012617.5215   10.3410
   -7.5000  -22.5000  -22.500013763.9648   10.3634
    0.0000  -22.5000  -22.500014332.7852   10.3435
    7.5000  -22.5000  -22.500013625.0742   10.3500
   -7.5000  -15.0000  -22.500014708.7900   10.3739
    0.0000  -15.0000  -22.500015320.6465   10.3517
    7.5000  -15.0000  -22.500014516.9004   10.3566
   -7.5000   -7.5000  -22.500015473.1318   10.3743
    0.0000   -7.5000  -22.500016082.2100   10.3520
    7.5000   -7.5000  -22.500015232.9189   10.3544
   -7.5000    0.0000  -22.500015947.5586   10.3653
    0.0000    0.0000  -22.500016563.7402   10.3453
    7.5000    0.0000  -22.500015664.6807   10.3464
   -7.5000    7.5000  -22.500015200.5830   10.3552
    0.0000    7.5000  -22.500015795.0146   10.3370
    7.5000    7.5000  -22.500014956.1318   10.3396
   -7.5000   15.0000  -22.500014321.2129   10.3535
    0.0000   15.0000  -22.500014909.4902   10.3355
    7.5000   15.0000  -22.500014162.7891   10.3410
   -7.5000   22.5000  -22.500013218.1240   10.3602
    0.0000   22.5000  -22.500013750.5234   10.3403
    7.5000   22.5000  -22.500013078.2236   10.3468
   -7.5000   30.0000  -22.500012012.3184   10.2382
    0.0000   30.0000  -22.500012483.7188   10.2163
    7.5000   30.0000  -22.500011898.5938   10.2212
   -7.5000   37.5000  -22.500011343.6064   10.2399
    0.0000   37.5000  -22.500011799.9990   10.2179
    7.5000   37.5000  -22.500011261.0244   10.2203
   -7.5000   45.0000  -22.500010342.8945   10.0223
    0.0000   45.0000  -22.500010756.2402   10.0031
    7.5000   45.0000  -22.500010241.3555   10.0044
   -7.5000  -45.0000  -15.000011807.5938   10.6612
    0.0000  -45.0000  -15.000012292.4902   10.6394
    7.5000  -45.0000  -15.000011682.9590   10.6369
   -7.5000  -37.5000  -15.000012489.4453   10.6158
    0.0000  -37.5000  -15.000012977.2539   10.5962
    7.5000  -37.5000  -15.000012309.3203   10.5958
   -7.5000  -30.0000  -15.000013572.1533   10.6056
    0.0000  -30.0000  -15.000014109.2803   10.5858
    7.5000  -30.0000  -15.000013400.1270   10.5889
   -7.5000  -22.5000  -15.000014648.1768   10.6159
    0.0000  -22.5000  -15.000015255.1768   10.5932
    7.5000  -22.5000  -15.000014482.5811   10.5972
   -7.5000  -15.0000  -15.000015662.5781   10.6279
    0.0000  -15.0000  -15.000016343.3135   10.6025
    7.5000  -15.0000  -15.000015441.4199   10.6043
   -7.5000   -7.5000  -15.000016487.5039   10.6293
    0.0000   -7.5000  -15.000017156.4355   10.6046
    7.5000   -7.5000  -15.000016204.1270   10.6037
   -7.5000    0.0000  -15.000016953.5449   10.6202
    0.0000    0.0000  -15.000017605.1875   10.5986
    7.5000    0.0000  -15.000016612.0410   10.5967
   -7.5000    7.5000  -15.000016122.0576   10.6085
    0.0000    7.5000  -15.000016741.9062   10.5890
    7.5000    7.5000  -15.000015837.4609   10.5889
   -7.5000   15.0000  -15.000015137.7979   10.6056
    0.0000   15.0000  -15.000015765.7900   10.5858
    7.5000   15.0000  -15.000014953.5957   10.5889
   -7.5000   22.5000  -15.000014000.3154   10.6121
    0.0000   22.5000  -15.000014548.9336   10.5895
    7.5000   22.5000  -15.000013825.4922   10.5935
   -7.5000   30.0000  -15.000012733.2490   10.4903
    0.0000   30.0000  -15.000013218.0244   10.4653
    7.5000   30.0000  -15.000012578.9971   10.4671
   -7.5000   37.5000  -15.000012047.0957   10.4932
    0.0000   37.5000  -15.000012507.3574   10.4688
    7.5000   37.5000  -15.000011929.9824   10.4679
   -7.5000   45.0000  -15.000010953.9873   10.2737
    0.0000   45.0000  -15.000011370.5967   10.2530
    7.5000   45.0000  -15.000010827.3887   10.2513
   -7.5000  -45.0000   -7.500012512.3301   10.8041
    0.0000  -45.0000   -7.500013022.3115   10.7850
    7.5000  -45.0000   -7.500012397.3457   10.7817
   -7.5000  -37.5000   -7.500013214.8057   10.7550
    0.0000  -37.5000   -7.500013730.6250   10.7382
    7.5000  -37.5000   -7.500013057.4717   10.7377
   -7.5000  -30.0000   -7.500014361.1924   10.7398
    0.0000  -30.0000   -7.500014934.3242   10.7223
    7.5000  -30.0000   -7.500014189.9766   10.7254
   -7.5000  -22.5000   -7.500015484.8369   10.7477
    0.0000  -22.5000   -7.500016140.9502   10.7270
    7.5000  -22.5000   -7.500015294.1221   10.7301
   -7.5000  -15.0000   -7.500016598.3398   10.7617
    0.0000  -15.0000   -7.500017353.0293   10.7381
    7.5000  -15.0000   -7.500016378.3096   10.7382
   -7.5000   -7.5000   -7.500017485.8945   10.7684
    0.0000   -7.5000   -7.500018252.7773   10.7458
    7.5000   -7.5000   -7.500017194.5352   10.7432
   -7.5000    0.0000   -7.500017984.4980   10.7623
    0.0000    0.0000   -7.500018683.5957   10.7433
    7.5000    0.0000   -7.500017590.6289   10.7405
   -7.5000    7.5000   -7.500017078.6094   10.7477
    0.0000    7.5000   -7.500017725.5020   10.7309
    7.5000    7.5000   -7.500016739.5547   10.7307
   -7.5000   15.0000   -7.500016015.1494   10.7398
    0.0000   15.0000   -7.500016661.8379   10.7223
    7.5000   15.0000   -7.500015751.1221   10.7254
   -7.5000   22.5000   -7.500014832.5439   10.7427
    0.0000   22.5000   -7.500015425.1914   10.7220
    7.5000   22.5000   -7.500014600.3867   10.7251
   -7.5000   30.0000   -7.500013509.6377   10.6221
    0.0000   30.0000   -7.500014049.6953   10.5988
    7.5000   30.0000   -7.500013328.5273   10.5990
   -7.5000   37.5000   -7.500012795.9854   10.6304
    0.0000   37.5000   -7.500013303.1445   10.6081
    7.5000   37.5000   -7.500012620.4932   10.6056
   -7.5000   45.0000   -7.500011611.0811   10.4135
    0.0000   45.0000   -7.500012079.7422   10.3953
    7.5000   45.0000   -7.500011440.0898   10.3928
   -7.5000  -45.0000    0.000013154.7578   10.8380
    0.0000  -45.0000    0.000013707.7891   10.8223
    7.5000  -45.0000    0.000013041.3896   10.8212
   -7.5000  -37.5000    0.000013883.8184   10.7868
    0.0000  -37.5000    0.000014456.6396   10.7735
    7.5000  -37.5000    0.000013728.2822   10.7757
   -7.5000  -30.0000    0.000015089.1680   10.7684
    0.0000  -30.0000    0.000015694.4932   10.7545
    7.5000  -30.0000    0.000014889.1582   10.7599
   -7.5000  -22.5000    0.000016255.3750   10.7747
    0.0000  -22.5000    0.000016918.1133   10.7578
    7.5000  -22.5000    0.000016029.8115   10.7624
   -7.5000  -15.0000    0.000017466.5391   10.7896
    0.0000  -15.0000    0.000018285.2188   10.7701
    7.5000  -15.0000    0.000017253.6523   10.7713
   -7.5000   -7.5000    0.000018479.5059   10.7996
    0.0000   -7.5000    0.000019366.9375   10.7808
    7.5000   -7.5000    0.000018156.2090   10.7798
   -7.5000    0.0000    0.000019026.3438   10.7957
    0.0000    0.0000    0.000019799.4941   10.7802
    7.5000    0.0000    0.000018533.0527   10.7796
   -7.5000    7.5000    0.000018020.2734   10.7794
    0.0000    7.5000    0.000018706.7891   10.7661
    7.5000    7.5000    0.000017527.7988   10.7686
   -7.5000   15.0000    0.000016858.9922   10.7684
    0.0000   15.0000    0.000017544.9629   10.7545
    7.5000   15.0000    0.000016429.8906   10.7599
   -7.5000   22.5000    0.000015585.9092   10.7697
    0.0000   22.5000    0.000016252.0391   10.7529
    7.5000   22.5000    0.000015237.8271   10.7574
   -7.5000   30.0000    0.000014204.6602   10.6499
    0.0000   30.0000    0.000014825.3438   10.6307
    7.5000   30.0000    0.000013944.1602   10.6319
   -7.5000   37.5000    0.000013434.8760   10.6617
    0.0000   37.5000    0.000014021.2764   10.6431
    7.5000   37.5000    0.000013218.8867   10.6422
   -7.5000   45.0000    0.000012182.3242   10.4480
    0.0000   45.0000    0.000012706.9600   10.4332
    7.5000   45.0000    0.000011973.1934   10.4328
   -7.5000  -45.0000    7.500012828.0908   10.8301
    0.0000  -45.0000    7.500013332.3262   10.8157
    7.5000  -45.0000    7.500012685.5820   10.8178
   -7.5000  -37.5000    7.500013512.5762   10.7814
    0.0000  -37.5000    7.500014047.8828   10.7690
    7.5000  -37.5000    7.500013362.4531   10.7740
   -7.5000  -30.0000    7.500014683.1045   10.7657
    0.0000  -30.0000    7.500015246.0908   10.7530
    7.5000  -30.0000    7.500014480.6436   10.7607
   -7.5000  -22.5000    7.500015835.8887   10.7722
    0.0000  -22.5000    7.500016428.8340   10.7574
    7.5000  -22.5000    7.500015558.2490   10.7645
   -7.5000  -15.0000    7.500017061.2207   10.7851
    0.0000  -15.0000    7.500017924.7852   10.7683
    7.5000  -15.0000    7.500016746.3828   10.7726
   -7.5000   -7.5000    7.500018141.2832   10.7926
    0.0000   -7.5000    7.500019165.4961   10.7760
    7.5000   -7.5000    7.500017724.4355   10.7783
   -7.5000    0.0000    7.500018688.5176   10.7880
    0.0000    0.0000    7.500019660.0664   10.7737
    7.5000    0.0000    7.500018123.7676   10.7763
   -7.5000    7.5000    7.500017608.1406   10.7739
    0.0000    7.5000    7.500018438.6523   10.7615
    7.5000    7.5000    7.500017052.6367   10.7668
   -7.5000   15.0000    7.500016401.7734   10.7657
    0.0000   15.0000    7.500017169.0293   10.7530
    7.5000   15.0000    7.500015937.7852   10.7607
   -7.5000   22.5000    7.500015116.5166   10.7673
    0.0000   22.5000    7.500015803.1279   10.7525
    7.5000   22.5000    7.500014753.3125   10.7596
   -7.5000   30.0000    7.500013778.8574   10.6455
    0.0000   30.0000    7.500014387.9375   10.6289
    7.5000   30.0000    7.500013511.3584   10.6332
   -7.5000   37.5000    7.500013035.1904   10.6547
    0.0000   37.5000    7.500013612.3398   10.6383
    7.5000   37.5000    7.500012821.3223   10.6406
   -7.5000   45.0000    7.500011800.6318   10.4417
    0.0000   45.0000    7.500012313.5449   10.4280
    7.5000   45.0000    7.500011605.9160   10.4307
   -7.5000  -45.0000   15.000012282.9521   10.8204
    0.0000  -45.0000   15.000012785.3057   10.8035
    7.5000  -45.0000   15.000012134.8936   10.8066
   -7.5000  -37.5000   15.000012971.5791   10.7751
    0.0000  -37.5000   15.000013518.3213   10.7600
    7.5000  -37.5000   15.000012787.7031   10.7652
   -7.5000  -30.0000   15.000014153.0410   10.7636
    0.0000  -30.0000   15.000014732.7529   10.7486
    7.5000  -30.0000   15.000013886.2480   10.7566
   -7.5000  -22.5000   15.000015300.6904   10.7717
    0.0000  -22.5000   15.000015934.6572   10.7552
    7.5000  -22.5000   15.000014947.0635   10.7636
   -7.5000  -15.0000   15.000016448.9414   10.7824
    0.0000  -15.0000   15.000017259.6680   10.7641
    7.5000  -15.0000   15.000016049.7959   10.7705
   -7.5000   -7.5000   15.000017389.8027   10.7854
    0.0000   -7.5000   15.000018268.5703   10.7669
    7.5000   -7.5000   15.000016941.7402   10.7711
   -7.5000    0.0000   15.000017856.1758   10.7787
    0.0000    0.0000   15.000018715.1055   10.7619
    7.5000    0.0000   15.000017369.1289   10.7654
   -7.5000    7.5000   15.000016872.6855   10.7676
    0.0000    7.5000   15.000017634.1992   10.7526
    7.5000    7.5000   15.000016423.9355   10.7580
   -7.5000   15.0000   15.000015696.5605   10.7636
    0.0000   15.0000   15.000016436.3906   10.7486
    7.5000   15.0000   15.000015356.7100   10.7566
   -7.5000   22.5000   15.000014440.4023   10.7667
    0.0000   22.5000   15.000015074.2930   10.7502
    7.5000   22.5000   15.000014158.0820   10.7586
   -7.5000   30.0000   15.000013161.3682   10.6429
    0.0000   30.0000   15.000013721.5449   10.6248
    7.5000   30.0000   15.000012928.9053   10.6311
   -7.5000   37.5000   15.000012444.0752   10.6473
    0.0000   37.5000   15.000012994.9688   10.6291
    7.5000   37.5000   15.000012240.7549   10.6332
   -7.5000   45.0000   15.000011253.5391   10.4326
    0.0000   45.0000   15.000011737.9062   10.4165
    7.5000   45.0000   15.000011080.0645   10.4200
   -7.5000  -45.0000   22.500011655.6289   10.8468
    0.0000  -45.0000   22.500012149.8887   10.8256
    7.5000  -45.0000   22.500011487.1426   10.8264
   -7.5000  -37.5000   22.500012329.1035   10.8019
    0.0000  -37.5000   22.500012851.1260   10.7829
    7.5000  -37.5000   22.500012125.8740   10.7855
   -7.5000  -30.0000   22.500013421.8457   10.7928
    0.0000  -30.0000   22.500013957.8301   10.7741
    7.5000  -30.0000   22.500013148.9834   10.7798
   -7.5000  -22.5000   22.500014486.1309   10.8030
    0.0000  -22.5000   22.500015098.5146   10.7823
    7.5000  -22.5000   22.500014183.4980   10.7892
   -7.5000  -15.0000   22.500015499.1357   10.8139
    0.0000  -15.0000   22.500016233.4756   10.7908
    7.5000  -15.0000   22.500015196.5146   10.7960
   -7.5000   -7.5000   22.500016368.6465   10.8143
    0.0000   -7.5000   22.500017075.9219   10.7911
    7.5000   -7.5000   22.500016020.9023   10.7936
   -7.5000    0.0000   22.500016819.9648   10.8050
    0.0000    0.0000   22.500017498.1328   10.7841
    7.5000    0.0000   22.500016449.3945   10.7853
   -7.5000    7.5000   22.500015912.4092   10.7945
    0.0000    7.5000   22.500016528.6367   10.7755
    7.5000    7.5000   22.500015540.5605   10.7783
   -7.5000   15.0000   22.500014806.7480   10.7928
    0.0000   15.0000   22.500015393.3867   10.7741
    7.5000   15.0000   22.500014514.6602   10.7798
   -7.5000   22.5000   22.500013621.2637   10.7980
    0.0000   22.5000   22.500014157.6602   10.7774
    7.5000   22.5000   22.500013353.7607   10.7842
   -7.5000   30.0000   22.500012430.7910   10.6740
    0.0000   30.0000   22.500012926.6816   10.6512
    7.5000   30.0000   22.500012201.7852   10.6563
   -7.5000   37.5000   22.500011765.2119   10.6757
    0.0000   37.5000   22.500012241.7246   10.6528
    7.5000   37.5000   22.500011555.1953   10.6553
   -7.5000   45.0000   22.500010597.4775   10.4567
    0.0000   45.0000   22.500011058.8672   10.4366
    7.5000   45.0000   22.500010455.4336   10.4380
   -7.5000  -45.0000   30.000010917.5898   10.9573
    0.0000  -45.0000   30.000011378.4424   10.9347
    7.5000  -45.0000   30.000010740.2500   10.9323
   -7.5000  -37.5000   30.000011499.0225   10.9102
    0.0000  -37.5000   30.000011994.3438   10.8899
    7.5000  -37.5000   30.000011328.9023   10.8896
   -7.5000  -30.0000   30.000012478.9336   10.8996
    0.0000  -30.0000   30.000012999.7422   10.8790
    7.5000  -30.0000   30.000012296.0908   10.8823
   -7.5000  -22.5000   30.000013447.1602   10.9101
    0.0000  -22.5000   30.000014038.8301   10.8866
    7.5000  -22.5000   30.000013254.1572   10.8907
   -7.5000  -15.0000   30.000014375.7432   10.9223
    0.0000  -15.0000   30.000015025.4678   10.8960
    7.5000  -15.0000   30.000014160.2686   10.8979
   -7.5000   -7.5000   30.000015187.7773   10.9239
    0.0000   -7.5000   30.000015818.4971   10.8982
    7.5000   -7.5000   30.000014936.6035   10.8973
   -7.5000    0.0000   30.000015677.8027   10.9147
    0.0000    0.0000   30.000016295.3184   10.8922
    7.5000    0.0000   30.000015390.2393   10.8903
   -7.5000    7.5000   30.000014865.5039   10.9027
    0.0000    7.5000   30.000015428.0928   10.8825
    7.5000    7.5000   30.000014578.1377   10.8824
   -7.5000   15.0000   30.000013830.5508   10.8996
    0.0000   15.0000   30.000014368.4482   10.8790
    7.5000   15.0000   30.000013585.2012   10.8823
   -7.5000   22.5000   30.000012708.0088   10.9050
    0.0000   22.5000   30.000013200.4834   10.8816
    7.5000   22.5000   30.000012467.7568   10.8857
   -7.5000   30.0000   30.000011592.8799   10.7810
    0.0000   30.0000   30.000012042.3770   10.7550
    7.5000   30.0000   30.000011380.0020   10.7569
   -7.5000   37.5000   30.000010959.2646   10.7840
    0.0000   37.5000   30.000011406.5137   10.7587
    7.5000   37.5000   30.000010782.4346   10.7578
   -7.5000   45.0000   30.0000 9865.8105   10.5619
    0.0000   45.0000   30.000010296.1357   10.5403
    7.5000   45.0000   30.0000 9740.6621   10.5387
   -7.5000  -45.0000   37.500010476.1943   11.1326
    0.0000  -45.0000   37.500010919.8477   11.1123
    7.5000  -45.0000   37.500010315.7783   11.1093
   -7.5000  -37.5000   37.500011018.0371   11.0802
    0.0000  -37.5000   37.500011486.5742   11.0625
    7.5000  -37.5000   37.500010872.4092   11.0626
   -7.5000  -30.0000   37.500011960.2109   11.0637
    0.0000  -30.0000   37.500012464.0342   11.0453
    7.5000  -30.0000   37.500011816.7646   11.0491
   -7.5000  -22.5000   37.500012890.4717   11.0720
    0.0000  -22.5000   37.500013447.1328   11.0501
    7.5000  -22.5000   37.500012752.7803   11.0537
   -7.5000  -15.0000   37.500013730.9033   11.0871
    0.0000  -15.0000   37.500014320.1855   11.0620
    7.5000  -15.0000   37.500013583.9053   11.0625
   -7.5000   -7.5000   37.500014482.8213   11.0946
    0.0000   -7.5000   37.500015062.2344   11.0706
    7.5000   -7.5000   37.500014330.5693   11.0683
   -7.5000    0.0000   37.500015012.4004   11.0882
    0.0000    0.0000   37.500015592.9551   11.0681
    7.5000    0.0000   37.500014822.0107   11.0657
   -7.5000    7.5000   37.500014272.3057   11.0725
    0.0000    7.5000   37.500014803.7061   11.0548
    7.5000    7.5000   37.500014068.0244   11.0551
   -7.5000   15.0000   37.500013290.2373   11.0637
    0.0000   15.0000   37.500013798.1836   11.0453
    7.5000   15.0000   37.500013099.9746   11.0491
   -7.5000   22.5000   37.500012209.3604   11.0669
    0.0000   22.5000   37.500012667.1709   11.0450
    7.5000   22.5000   37.500012014.0576   11.0487
   -7.5000   30.0000   37.500011162.5137   10.9436
    0.0000   30.0000   37.500011597.5088   10.9189
    7.5000   30.0000   37.500010977.1553   10.9193
   -7.5000   37.5000   37.500010546.5820   10.9527
    0.0000   37.5000   37.500010969.8584   10.9290
    7.5000   37.5000   37.500010385.0049   10.9268
   -7.5000   45.0000   37.5000 9468.7842   10.7305
    0.0000   45.0000   37.5000 9858.9922   10.7111
    7.5000   45.0000   37.5000 9352.9414   10.7090
   -7.5000  -45.0000   45.0000 9581.4473   11.3357
    0.0000  -45.0000   45.0000 9989.9395   11.3195
    7.5000  -45.0000   45.0000 9452.6865   11.3212
   -7.5000  -37.5000   45.000010097.0186   11.2801
    0.0000  -37.5000   45.000010518.7480   11.2667
    7.5000  -37.5000   45.0000 9981.5703   11.2720
   -7.5000  -30.0000   45.000010969.7578   11.2607
    0.0000  -30.0000   45.000011432.8662   11.2470
    7.5000  -30.0000   45.000010861.2617   11.2555
   -7.5000  -22.5000   45.000011811.7998   11.2675
    0.0000  -22.5000   45.000012316.5400   11.2507
    7.5000  -22.5000   45.000011701.6406   11.2580
   -7.5000  -15.0000   45.000012555.1475   11.2832
    0.0000  -15.0000   45.000013078.0566   11.2632
    7.5000  -15.0000   45.000012432.1738   11.2670
   -7.5000   -7.5000   45.000013207.1738   11.2935
    0.0000   -7.5000   45.000013729.7461   11.2740
    7.5000   -7.5000   45.000013099.5166   11.2755
   -7.5000    0.0000   45.000013699.4717   11.2891
    0.0000    0.0000   45.000014226.9814   11.2731
    7.5000    0.0000   45.000013575.6699   11.2753
   -7.5000    7.5000   45.000013081.3223   11.2720
    0.0000    7.5000   45.000013575.0957   11.2586
    7.5000    7.5000   45.000012932.1523   11.2642
   -7.5000   15.0000   45.000012194.3818   11.2607
    0.0000   15.0000   45.000012659.4238   11.2470
    7.5000   15.0000   45.000012043.2910   11.2555
   -7.5000   22.5000   45.000011200.0420   11.2623
    0.0000   22.5000   45.000011632.3955   11.2454
    7.5000   22.5000   45.000011054.7295   11.2528
   -7.5000   30.0000   45.000010253.9561   11.1362
    0.0000   30.0000   45.000010665.8379   11.1165
    7.5000   30.0000   45.000010132.9121   11.1202
   -7.5000   37.5000   45.0000 9692.1152   11.1470
    0.0000   37.5000   45.000010094.4453   11.1278
    7.5000   37.5000   45.0000 9578.7559   11.1293
   -7.5000   45.0000   45.0000 8682.7588   10.9249
    0.0000   45.0000   45.0000 9065.3984   10.9095
    7.5000   45.0000   45.0000 8591.6504   10.9118

---------------------------------------------------------------------
imgreg_4dfp /opt/freesurfer/average/711-2C_as_mni_average_305 /opt/freesurfer/average/711-2B_as_mni_average_305_mask talsrcimg_g11 none talsrcimg_to_711-2C_as_mni_average_305_t4 4355
---------------------------------------------------------------------

freesurfer imgreg_4dfp.c
/opt/freesurfer/average/711-2C_as_mni_average_305.4dfp.img
       256       256       256         1
  1.000000  1.000000  1.000000
orientation T byte_order littleendian
Reading image: /opt/freesurfer/average/711-2C_as_mni_average_305.4dfp.img
dimensions:      256       256       256
mmppix:       1.0000   -1.0000   -1.0000
center:     128.0000 -129.0000 -129.0000
/opt/freesurfer/average/711-2B_as_mni_average_305_mask.4dfp.img
       256       256       256         1
  1.000000  1.000000  1.000000
orientation T byte_order littleendian
Reading mask: /opt/freesurfer/average/711-2B_as_mni_average_305_mask.4dfp.img (2306576 pixels)
talsrcimg_g11.4dfp.img
       256       256       256         1
  1.000000  1.000000  1.000000
orientation T byte_order littleendian
Reading image: talsrcimg_g11.4dfp.img
dimensions:      256       256       256
mmppix:       1.0000   -1.0000   -1.0000
center:     128.0000 -129.0000 -129.0000
rotation matrix determinant  1.000000
image alignment mode   4355 decimal     1103 hex
   -7.5000  -45.0000  -45.0000 2347.8074   11.3898
    0.0000  -45.0000  -45.0000 2364.1958   11.3402
    7.5000  -45.0000  -45.0000 2357.5430   11.3433
   -7.5000  -37.5000  -45.0000 2397.7725   10.7972
    0.0000  -37.5000  -45.0000 2409.3579   10.7262
    7.5000  -37.5000  -45.0000 2402.2920   10.7542
   -7.5000  -30.0000  -45.0000 2428.0115   10.4473
    0.0000  -30.0000  -45.0000 2440.6807   10.3714
    7.5000  -30.0000  -45.0000 2431.7881   10.4165
   -7.5000  -22.5000  -45.0000 2447.8511   10.2954
    0.0000  -22.5000  -45.0000 2458.0640   10.1987
    7.5000  -22.5000  -45.0000 2447.1746   10.2544
   -7.5000  -15.0000  -45.0000 2453.7429   10.2655
    0.0000  -15.0000  -45.0000 2465.2903   10.1568
    7.5000  -15.0000  -45.0000 2454.1062   10.2182
   -7.5000   -7.5000  -45.0000 2455.7432   10.3365
    0.0000   -7.5000  -45.0000 2469.4028   10.2161
    7.5000   -7.5000  -45.0000 2456.3250   10.2812
   -7.5000    0.0000  -45.0000 2439.0083   10.5738
    0.0000    0.0000  -45.0000 2454.9578   10.4515
    7.5000    0.0000  -45.0000 2443.4509   10.5020
   -7.5000    7.5000  -45.0000 2405.2107   10.9456
    0.0000    7.5000  -45.0000 2423.7878   10.8108
    7.5000    7.5000  -45.0000 2415.6421   10.8460
   -7.5000   15.0000  -45.0000 2363.8347   11.4872
    0.0000   15.0000  -45.0000 2382.2476   11.3529
    7.5000   15.0000  -45.0000 2374.3457   11.3965
   -7.5000   22.5000  -45.0000 2304.3311   12.2277
    0.0000   22.5000  -45.0000 2321.6428   12.0850
    7.5000   22.5000  -45.0000 2312.2581   12.1157
   -7.5000   30.0000  -45.0000 2229.4277   13.2252
    0.0000   30.0000  -45.0000 2242.3716   13.0826
    7.5000   30.0000  -45.0000 2232.4277   13.0938
   -7.5000   37.5000  -45.0000 2138.3450   14.5163
    0.0000   37.5000  -45.0000 2148.6399   14.3663
    7.5000   37.5000  -45.0000 2138.3655   14.3921
   -7.5000   45.0000  -45.0000 2027.3134   16.3144
    0.0000   45.0000  -45.0000 2041.1842   16.1522
    7.5000   45.0000  -45.0000 2031.1279   16.1421
   -7.5000  -45.0000  -37.5000 2433.4663   10.6350
    0.0000  -45.0000  -37.5000 2449.6501   10.5671
    7.5000  -45.0000  -37.5000 2442.3884   10.5948
   -7.5000  -37.5000  -37.5000 2491.1470   10.0393
    0.0000  -37.5000  -37.5000 2506.7690    9.9823
    7.5000  -37.5000  -37.5000 2496.3569   10.0011
   -7.5000  -30.0000  -37.5000 2521.9546    9.6759
    0.0000  -30.0000  -37.5000 2537.2124    9.6133
    7.5000  -30.0000  -37.5000 2524.8953    9.6559
   -7.5000  -22.5000  -37.5000 2540.5562    9.5148
    0.0000  -22.5000  -37.5000 2557.8699    9.4144
    7.5000  -22.5000  -37.5000 2544.3647    9.4854
   -7.5000  -15.0000  -37.5000 2548.8118    9.4629
    0.0000  -15.0000  -37.5000 2563.7878    9.3625
    7.5000  -15.0000  -37.5000 2553.3203    9.4308
   -7.5000   -7.5000  -37.5000 2552.8274    9.5201
    0.0000   -7.5000  -37.5000 2569.9788    9.3984
    7.5000   -7.5000  -37.5000 2557.4690    9.4766
   -7.5000    0.0000  -37.5000 2538.3484    9.7288
    0.0000    0.0000  -37.5000 2558.1521    9.6040
    7.5000    0.0000  -37.5000 2547.4424    9.6715
   -7.5000    7.5000  -37.5000 2507.1682   10.0670
    0.0000    7.5000  -37.5000 2529.4219    9.9489
    7.5000    7.5000  -37.5000 2519.8708   10.0144
   -7.5000   15.0000  -37.5000 2464.0469   10.5772
    0.0000   15.0000  -37.5000 2482.0876   10.4412
    7.5000   15.0000  -37.5000 2474.7170   10.5072
   -7.5000   22.5000  -37.5000 2398.0464   11.2351
    0.0000   22.5000  -37.5000 2417.5693   11.0998
    7.5000   22.5000  -37.5000 2405.9307   11.1682
   -7.5000   30.0000  -37.5000 2317.2297   12.1447
    0.0000   30.0000  -37.5000 2335.0879   12.0068
    7.5000   30.0000  -37.5000 2324.6189   12.0592
   -7.5000   37.5000  -37.5000 2220.1042   13.3630
    0.0000   37.5000  -37.5000 2238.4146   13.2087
    7.5000   37.5000  -37.5000 2227.2432   13.2639
   -7.5000   45.0000  -37.5000 2109.0503   15.0183
    0.0000   45.0000  -37.5000 2129.5425   14.8751
    7.5000   45.0000  -37.5000 2111.6760   14.8881
   -7.5000  -45.0000  -30.0000 2562.2073   10.2811
    0.0000  -45.0000  -30.0000 2581.7866   10.2058
    7.5000  -45.0000  -30.0000 2566.8350   10.2462
   -7.5000  -37.5000  -30.0000 2626.1462    9.6807
    0.0000  -37.5000  -30.0000 2646.8967    9.6084
    7.5000  -37.5000  -30.0000 2630.7419    9.6460
   -7.5000  -30.0000  -30.0000 2660.8840    9.3176
    0.0000  -30.0000  -30.0000 2679.8716    9.2358
    7.5000  -30.0000  -30.0000 2665.5024    9.2816
   -7.5000  -22.5000  -30.0000 2687.4937    9.1209
    0.0000  -22.5000  -30.0000 2706.4253    9.0240
    7.5000  -22.5000  -30.0000 2694.9001    9.0872
   -7.5000  -15.0000  -30.0000 2696.7744    9.0606
    0.0000  -15.0000  -30.0000 2714.4741    8.9485
    7.5000  -15.0000  -30.0000 2704.2529    9.0270
   -7.5000   -7.5000  -30.0000 2695.7151    9.1072
    0.0000   -7.5000  -30.0000 2714.6931    8.9882
    7.5000   -7.5000  -30.0000 2702.8528    9.0715
   -7.5000    0.0000  -30.0000 2683.6519    9.2659
    0.0000    0.0000  -30.0000 2704.0771    9.1544
    7.5000    0.0000  -30.0000 2693.8887    9.2350
   -7.5000    7.5000  -30.0000 2658.7153    9.5800
    0.0000    7.5000  -30.0000 2680.9558    9.4550
    7.5000    7.5000  -30.0000 2668.8604    9.5320
   -7.5000   15.0000  -30.0000 2608.4780   10.0679
    0.0000   15.0000  -30.0000 2630.5762    9.9362
    7.5000   15.0000  -30.0000 2620.9526   10.0274
   -7.5000   22.5000  -30.0000 2537.0112   10.7160
    0.0000   22.5000  -30.0000 2558.4307   10.5792
    7.5000   22.5000  -30.0000 2546.8184   10.6807
   -7.5000   30.0000  -30.0000 2447.1206   11.6019
    0.0000   30.0000  -30.0000 2463.7310   11.4640
    7.5000   30.0000  -30.0000 2453.3198   11.5430
   -7.5000   37.5000  -30.0000 2344.7317   12.7729
    0.0000   37.5000  -30.0000 2359.7190   12.6111
    7.5000   37.5000  -30.0000 2348.5715   12.6895
   -7.5000   45.0000  -30.0000 2222.8145   14.3138
    0.0000   45.0000  -30.0000 2243.2283   14.1648
    7.5000   45.0000  -30.0000 2226.8376   14.2100
   -7.5000  -45.0000  -22.5000 2648.9641    9.8988
    0.0000  -45.0000  -22.5000 2666.8765    9.8120
    7.5000  -45.0000  -22.5000 2653.8767    9.8767
   -7.5000  -37.5000  -22.5000 2724.5288    9.2850
    0.0000  -37.5000  -22.5000 2743.6230    9.1818
    7.5000  -37.5000  -22.5000 2725.7424    9.2525
   -7.5000  -30.0000  -22.5000 2766.6741    8.8782
    0.0000  -30.0000  -22.5000 2785.9324    8.7854
    7.5000  -30.0000  -22.5000 2773.5537    8.8453
   -7.5000  -22.5000  -22.5000 2801.4595    8.6577
    0.0000  -22.5000  -22.5000 2817.4363    8.5641
    7.5000  -22.5000  -22.5000 2810.2014    8.6269
   -7.5000  -15.0000  -22.5000 2815.8940    8.6081
    0.0000  -15.0000  -22.5000 2831.6033    8.5154
    7.5000  -15.0000  -22.5000 2821.6570    8.5836
   -7.5000   -7.5000  -22.5000 2815.3884    8.6392
    0.0000   -7.5000  -22.5000 2834.5110    8.5283
    7.5000   -7.5000  -22.5000 2821.9705    8.6107
   -7.5000    0.0000  -22.5000 2803.6462    8.7926
    0.0000    0.0000  -22.5000 2824.0027    8.6690
    7.5000    0.0000  -22.5000 2811.6179    8.7522
   -7.5000    7.5000  -22.5000 2777.2224    9.0938
    0.0000    7.5000  -22.5000 2799.3696    8.9584
    7.5000    7.5000  -22.5000 2785.8513    9.0486
   -7.5000   15.0000  -22.5000 2725.2527    9.5495
    0.0000   15.0000  -22.5000 2750.0957    9.4194
    7.5000   15.0000  -22.5000 2736.6299    9.5302
   -7.5000   22.5000  -22.5000 2646.2458   10.1938
    0.0000   22.5000  -22.5000 2667.1050   10.0619
    7.5000   22.5000  -22.5000 2657.5125   10.1600
   -7.5000   30.0000  -22.5000 2549.0750   11.0469
    0.0000   30.0000  -22.5000 2564.8103   10.9014
    7.5000   30.0000  -22.5000 2554.5696   11.0079
   -7.5000   37.5000  -22.5000 2435.7014   12.1686
    0.0000   37.5000  -22.5000 2449.4844   12.0228
    7.5000   37.5000  -22.5000 2436.9609   12.1050
   -7.5000   45.0000  -22.5000 2312.1707   13.6202
    0.0000   45.0000  -22.5000 2327.7974   13.4679
    7.5000   45.0000  -22.5000 2313.2236   13.5402
   -7.5000  -45.0000  -15.0000 2697.6187    9.5699
    0.0000  -45.0000  -15.0000 2714.9504    9.4773
    7.5000  -45.0000  -15.0000 2705.2476    9.5490
   -7.5000  -37.5000  -15.0000 2781.5559    8.9200
    0.0000  -37.5000  -15.0000 2798.4978    8.8229
    7.5000  -37.5000  -15.0000 2782.2925    8.8982
   -7.5000  -30.0000  -15.0000 2832.0896    8.4673
    0.0000  -30.0000  -15.0000 2849.0056    8.3766
    7.5000  -30.0000  -15.0000 2838.5327    8.4573
   -7.5000  -22.5000  -15.0000 2872.0352    8.2406
    0.0000  -22.5000  -15.0000 2890.5693    8.1431
    7.5000  -22.5000  -15.0000 2881.0864    8.2106
   -7.5000  -15.0000  -15.0000 2895.2004    8.1888
    0.0000  -15.0000  -15.0000 2913.2993    8.0874
    7.5000  -15.0000  -15.0000 2898.0469    8.1502
   -7.5000   -7.5000  -15.0000 2902.3511    8.2277
    0.0000   -7.5000  -15.0000 2922.5879    8.1145
    7.5000   -7.5000  -15.0000 2909.8867    8.1883
   -7.5000    0.0000  -15.0000 2892.4978    8.3656
    0.0000    0.0000  -15.0000 2913.3711    8.2422
    7.5000    0.0000  -15.0000 2895.1067    8.3234
   -7.5000    7.5000  -15.0000 2860.9504    8.6632
    0.0000    7.5000  -15.0000 2882.5376    8.5186
    7.5000    7.5000  -15.0000 2870.2000    8.6138
   -7.5000   15.0000  -15.0000 2801.8833    9.1067
    0.0000   15.0000  -15.0000 2826.6794    8.9638
    7.5000   15.0000  -15.0000 2814.8938    9.0783
   -7.5000   22.5000  -15.0000 2720.5232    9.7413
    0.0000   22.5000  -15.0000 2740.1284    9.6060
    7.5000   22.5000  -15.0000 2725.6970    9.7116
   -7.5000   30.0000  -15.0000 2615.8318   10.5949
    0.0000   30.0000  -15.0000 2630.4053   10.4515
    7.5000   30.0000  -15.0000 2620.1865   10.5436
   -7.5000   37.5000  -15.0000 2500.2166   11.6932
    0.0000   37.5000  -15.0000 2514.9316   11.5388
    7.5000   37.5000  -15.0000 2500.7544   11.6302
   -7.5000   45.0000  -15.0000 2368.4131   13.0768
    0.0000   45.0000  -15.0000 2381.2515   12.9227
    7.5000   45.0000  -15.0000 2365.9663   13.0125
   -7.5000  -45.0000   -7.5000 2721.9309    9.2985
    0.0000  -45.0000   -7.5000 2739.2075    9.1891
    7.5000  -45.0000   -7.5000 2730.6545    9.2891
   -7.5000  -37.5000   -7.5000 2808.4634    8.6227
    0.0000  -37.5000   -7.5000 2823.8611    8.5198
    7.5000  -37.5000   -7.5000 2816.2063    8.6087
   -7.5000  -30.0000   -7.5000 2868.0793    8.1403
    0.0000  -30.0000   -7.5000 2887.3342    8.0511
    7.5000  -30.0000   -7.5000 2880.6111    8.1178
   -7.5000  -22.5000   -7.5000 2913.3989    7.8719
    0.0000  -22.5000   -7.5000 2934.6106    7.7869
    7.5000  -22.5000   -7.5000 2923.5471    7.8544
   -7.5000  -15.0000   -7.5000 2940.5413    7.8106
    0.0000  -15.0000   -7.5000 2963.6870    7.7243
    7.5000  -15.0000   -7.5000 2950.8660    7.7857
   -7.5000   -7.5000   -7.5000 2956.8247    7.8722
    0.0000   -7.5000   -7.5000 2980.1438    7.7882
    7.5000   -7.5000   -7.5000 2963.3030    7.8326
   -7.5000    0.0000   -7.5000 2951.8701    8.0148
    0.0000    0.0000   -7.5000 2978.9036    7.8822
    7.5000    0.0000   -7.5000 2950.9202    7.9799
   -7.5000    7.5000   -7.5000 2914.1301    8.3038
    0.0000    7.5000   -7.5000 2939.3325    8.1620
    7.5000    7.5000   -7.5000 2921.8025    8.2651
   -7.5000   15.0000   -7.5000 2852.2046    8.7432
    0.0000   15.0000   -7.5000 2878.9473    8.6053
    7.5000   15.0000   -7.5000 2861.5024    8.7179
   -7.5000   22.5000   -7.5000 2769.1667    9.3798
    0.0000   22.5000   -7.5000 2789.9646    9.2419
    7.5000   22.5000   -7.5000 2772.6663    9.3559
   -7.5000   30.0000   -7.5000 2659.7583   10.2391
    0.0000   30.0000   -7.5000 2677.0979   10.0951
    7.5000   30.0000   -7.5000 2663.0288   10.1929
   -7.5000   37.5000   -7.5000 2538.3223   11.3291
    0.0000   37.5000   -7.5000 2556.9055   11.1766
    7.5000   37.5000   -7.5000 2539.7566   11.2782
   -7.5000   45.0000   -7.5000 2403.2415   12.6948
    0.0000   45.0000   -7.5000 2419.6655   12.5342
    7.5000   45.0000   -7.5000 2401.3430   12.6243
   -7.5000  -45.0000    0.0000 2724.4856    9.1352
    0.0000  -45.0000    0.0000 2741.8569    9.0402
    7.5000  -45.0000    0.0000 2738.0352    9.1485
   -7.5000  -37.5000    0.0000 2815.1284    8.4399
    0.0000  -37.5000    0.0000 2833.4712    8.3464
    7.5000  -37.5000    0.0000 2826.2698    8.4357
   -7.5000  -30.0000    0.0000 2887.6252    7.9364
    0.0000  -30.0000    0.0000 2910.2578    7.8495
    7.5000  -30.0000    0.0000 2901.0645    7.9183
   -7.5000  -22.5000    0.0000 2941.4482    7.6425
    0.0000  -22.5000    0.0000 2963.6763    7.5474
    7.5000  -22.5000    0.0000 2953.2756    7.6208
   -7.5000  -15.0000    0.0000 2976.6704    7.5782
    0.0000  -15.0000    0.0000 3001.8176    7.5086
    7.5000  -15.0000    0.0000 2988.5806    7.5666
   -7.5000   -7.5000    0.0000 2997.1028    7.6616
    0.0000   -7.5000    0.0000 3025.9006    7.6097
    7.5000   -7.5000    0.0000 3002.2927    7.6479
   -7.5000    0.0000    0.0000 2993.5344    7.8085
    0.0000    0.0000    0.0000 3024.1111    7.7199
    7.5000    0.0000    0.0000 2987.8464    7.7805
   -7.5000    7.5000    0.0000 2953.6633    8.0692
    0.0000    7.5000    0.0000 2980.9751    7.9640
    7.5000    7.5000    0.0000 2949.5520    8.0437
   -7.5000   15.0000    0.0000 2885.1360    8.4824
    0.0000   15.0000    0.0000 2910.3289    8.3892
    7.5000   15.0000    0.0000 2886.5295    8.4693
   -7.5000   22.5000    0.0000 2792.5281    9.1337
    0.0000   22.5000    0.0000 2818.0042    9.0367
    7.5000   22.5000    0.0000 2795.6443    9.1166
   -7.5000   30.0000    0.0000 2680.5283   10.0023
    0.0000   30.0000    0.0000 2699.9487    9.8953
    7.5000   30.0000    0.0000 2681.5759    9.9633
   -7.5000   37.5000    0.0000 2556.3708   11.0862
    0.0000   37.5000    0.0000 2574.5513   10.9639
    7.5000   37.5000    0.0000 2558.5574   11.0364
   -7.5000   45.0000    0.0000 2422.0137   12.4263
    0.0000   45.0000    0.0000 2439.8374   12.3134
    7.5000   45.0000    0.0000 2421.8003   12.3757
   -7.5000  -45.0000    7.5000 2710.9949    9.0967
    0.0000  -45.0000    7.5000 2727.5127    8.9973
    7.5000  -45.0000    7.5000 2720.3594    9.1335
   -7.5000  -37.5000    7.5000 2803.9597    8.3667
    0.0000  -37.5000    7.5000 2822.0642    8.2688
    7.5000  -37.5000    7.5000 2817.9707    8.3901
   -7.5000  -30.0000    7.5000 2888.2263    7.8495
    0.0000  -30.0000    7.5000 2910.6472    7.7507
    7.5000  -30.0000    7.5000 2902.0425    7.8493
   -7.5000  -22.5000    7.5000 2954.9658    7.5513
    0.0000  -22.5000    7.5000 2977.2334    7.4610
    7.5000  -22.5000    7.5000 2961.5608    7.5455
   -7.5000  -15.0000    7.5000 3000.5581    7.4912
    0.0000  -15.0000    7.5000 3028.7661    7.4286
    7.5000  -15.0000    7.5000 3008.5981    7.4747
   -7.5000   -7.5000    7.5000 3025.9158    7.5869
    0.0000   -7.5000    7.5000 3059.3933    7.5762
    7.5000   -7.5000    7.5000 3025.8076    7.5705
   -7.5000    0.0000    7.5000 3016.6819    7.7409
    0.0000    0.0000    7.5000 3052.3535    7.7152
    7.5000    0.0000    7.5000 3001.7756    7.7224
   -7.5000    7.5000    7.5000 2973.0852    7.9607
    0.0000    7.5000    7.5000 2999.7026    7.9170
    7.5000    7.5000    7.5000 2960.4023    7.9497
   -7.5000   15.0000    7.5000 2898.5974    8.3624
    0.0000   15.0000    7.5000 2925.9658    8.3026
    7.5000   15.0000    7.5000 2895.5391    8.3790
   -7.5000   22.5000    7.5000 2804.3779    9.0076
    0.0000   22.5000    7.5000 2824.2402    8.9355
    7.5000   22.5000    7.5000 2803.2615    9.0286
   -7.5000   30.0000    7.5000 2689.2410    9.8770
    0.0000   30.0000    7.5000 2704.1494    9.7811
    7.5000   30.0000    7.5000 2688.1775    9.8759
   -7.5000   37.5000    7.5000 2563.8123   10.9599
    0.0000   37.5000    7.5000 2577.5369   10.8458
    7.5000   37.5000    7.5000 2561.4231   10.9431
   -7.5000   45.0000    7.5000 2421.5164   12.3000
    0.0000   45.0000    7.5000 2438.0989   12.1815
    7.5000   45.0000    7.5000 2420.9893   12.2920
   -7.5000  -45.0000   15.0000 2677.5850    9.2129
    0.0000  -45.0000   15.0000 2690.0554    9.1150
    7.5000  -45.0000   15.0000 2684.1392    9.2603
   -7.5000  -37.5000   15.0000 2775.0090    8.4609
    0.0000  -37.5000   15.0000 2789.7092    8.3926
    7.5000  -37.5000   15.0000 2782.7278    8.5078
   -7.5000  -30.0000   15.0000 2869.3826    7.9369
    0.0000  -30.0000   15.0000 2886.7622    7.8684
    7.5000  -30.0000   15.0000 2872.6531    7.9539
   -7.5000  -22.5000   15.0000 2947.9238    7.6223
    0.0000  -22.5000   15.0000 2966.7766    7.5575
    7.5000  -22.5000   15.0000 2945.4297    7.6288
   -7.5000  -15.0000   15.0000 3009.1829    7.5258
    0.0000  -15.0000   15.0000 3031.8438    7.4684
    7.5000  -15.0000   15.0000 3001.9578    7.5173
   -7.5000   -7.5000   15.0000 3035.3291    7.5726
    0.0000   -7.5000   15.0000 3070.1687    7.5497
    7.5000   -7.5000   15.0000 3023.8591    7.5814
   -7.5000    0.0000   15.0000 3013.8220    7.7085
    0.0000    0.0000   15.0000 3046.1484    7.6590
    7.5000    0.0000   15.0000 2996.7000    7.7270
   -7.5000    7.5000   15.0000 2961.7822    7.9950
    0.0000    7.5000   15.0000 2985.1248    7.9358
    7.5000    7.5000   15.0000 2948.9192    8.0207
   -7.5000   15.0000   15.0000 2885.5127    8.4295
    0.0000   15.0000   15.0000 2905.6060    8.3817
    7.5000   15.0000   15.0000 2881.6177    8.4726
   -7.5000   22.5000   15.0000 2787.6353    9.0777
    0.0000   22.5000   15.0000 2800.1667    9.0081
    7.5000   22.5000   15.0000 2785.8384    9.1182
   -7.5000   30.0000   15.0000 2676.9512    9.9183
    0.0000   30.0000   15.0000 2684.7402    9.8305
    7.5000   30.0000   15.0000 2669.9395    9.9295
   -7.5000   37.5000   15.0000 2550.6357   10.9783
    0.0000   37.5000   15.0000 2560.3923   10.8602
    7.5000   37.5000   15.0000 2545.2043   10.9632
   -7.5000   45.0000   15.0000 2406.6572   12.2640
    0.0000   45.0000   15.0000 2413.5505   12.1530
    7.5000   45.0000   15.0000 2405.5881   12.2557
   -7.5000  -45.0000   22.5000 2641.4177    9.4779
    0.0000  -45.0000   22.5000 2652.4263    9.3966
    7.5000  -45.0000   22.5000 2644.4465    9.5404
   -7.5000  -37.5000   22.5000 2737.5420    8.7292
    0.0000  -37.5000   22.5000 2754.9365    8.6567
    7.5000  -37.5000   22.5000 2745.3479    8.7654
   -7.5000  -30.0000   22.5000 2833.6462    8.1781
    0.0000  -30.0000   22.5000 2850.1758    8.1015
    7.5000  -30.0000   22.5000 2836.6746    8.1969
   -7.5000  -22.5000   22.5000 2917.5264    7.8219
    0.0000  -22.5000   22.5000 2936.2488    7.7532
    7.5000  -22.5000   22.5000 2915.3220    7.8401
   -7.5000  -15.0000   22.5000 2989.0815    7.6728
    0.0000  -15.0000   22.5000 3008.0283    7.6294
    7.5000  -15.0000   22.5000 2975.0852    7.6970
   -7.5000   -7.5000   22.5000 3018.2141    7.6846
    0.0000   -7.5000   22.5000 3039.8970    7.6440
    7.5000   -7.5000   22.5000 2997.6675    7.7414
   -7.5000    0.0000   22.5000 2991.5720    7.8280
    0.0000    0.0000   22.5000 3011.5569    7.7546
    7.5000    0.0000   22.5000 2974.7922    7.8900
   -7.5000    7.5000   22.5000 2938.3833    8.1364
    0.0000    7.5000   22.5000 2954.5881    8.0560
    7.5000    7.5000   22.5000 2925.9592    8.1739
   -7.5000   15.0000   22.5000 2854.6174    8.6159
    0.0000   15.0000   22.5000 2869.5762    8.5262
    7.5000   15.0000   22.5000 2851.7812    8.6444
   -7.5000   22.5000   22.5000 2755.6638    9.2742
    0.0000   22.5000   22.5000 2767.7163    9.1784
    7.5000   22.5000   22.5000 2753.8701    9.2845
   -7.5000   30.0000   22.5000 2643.9121   10.1188
    0.0000   30.0000   22.5000 2649.8159   10.0353
    7.5000   30.0000   22.5000 2639.4229   10.1259
   -7.5000   37.5000   22.5000 2523.4866   11.1548
    0.0000   37.5000   22.5000 2525.5508   11.0417
    7.5000   37.5000   22.5000 2515.9319   11.1426
   -7.5000   45.0000   22.5000 2375.9966   12.3832
    0.0000   45.0000   22.5000 2382.1401   12.2911
    7.5000   45.0000   22.5000 2374.7737   12.3862
   -7.5000  -45.0000   30.0000 2600.2168    9.8987
    0.0000  -45.0000   30.0000 2611.3550    9.8232
    7.5000  -45.0000   30.0000 2597.4968    9.9703
   -7.5000  -37.5000   30.0000 2697.7883    9.1041
    0.0000  -37.5000   30.0000 2712.8083    9.0249
    7.5000  -37.5000   30.0000 2701.8638    9.1577
   -7.5000  -30.0000   30.0000 2787.5369    8.5102
    0.0000  -30.0000   30.0000 2803.0122    8.4327
    7.5000  -30.0000   30.0000 2790.6912    8.5789
   -7.5000  -22.5000   30.0000 2872.2476    8.1244
    0.0000  -22.5000   30.0000 2889.3320    8.0497
    7.5000  -22.5000   30.0000 2867.4023    8.1844
   -7.5000  -15.0000   30.0000 2940.8901    7.9687
    0.0000  -15.0000   30.0000 2955.5623    7.9140
    7.5000  -15.0000   30.0000 2927.4407    8.0178
   -7.5000   -7.5000   30.0000 2967.2856    7.9747
    0.0000   -7.5000   30.0000 2984.2646    7.9022
    7.5000   -7.5000   30.0000 2946.7546    8.0409
   -7.5000    0.0000   30.0000 2943.0908    8.1326
    0.0000    0.0000   30.0000 2954.6731    8.0660
    7.5000    0.0000   30.0000 2924.4348    8.1936
   -7.5000    7.5000   30.0000 2889.2251    8.4543
    0.0000    7.5000   30.0000 2902.6489    8.3784
    7.5000    7.5000   30.0000 2878.1113    8.4965
   -7.5000   15.0000   30.0000 2806.3933    8.9190
    0.0000   15.0000   30.0000 2820.8530    8.8190
    7.5000   15.0000   30.0000 2803.6948    8.9431
   -7.5000   22.5000   30.0000 2707.6956    9.5538
    0.0000   22.5000   30.0000 2718.8643    9.4508
    7.5000   22.5000   30.0000 2705.2507    9.5667
   -7.5000   30.0000   30.0000 2596.0281   10.3951
    0.0000   30.0000   30.0000 2604.8867   10.3012
    7.5000   30.0000   30.0000 2593.1160   10.3961
   -7.5000   37.5000   30.0000 2476.9038   11.4298
    0.0000   37.5000   30.0000 2481.7661   11.3311
    7.5000   37.5000   30.0000 2474.1182   11.4301
   -7.5000   45.0000   30.0000 2330.4331   12.7050
    0.0000   45.0000   30.0000 2340.2561   12.5969
    7.5000   45.0000   30.0000 2332.4326   12.6823
   -7.5000  -45.0000   37.5000 2550.8059   10.4192
    0.0000  -45.0000   37.5000 2562.4729   10.3496
    7.5000  -45.0000   37.5000 2546.6604   10.5361
   -7.5000  -37.5000   37.5000 2651.2683    9.5786
    0.0000  -37.5000   37.5000 2663.4834    9.5059
    7.5000  -37.5000   37.5000 2648.4192    9.6895
   -7.5000  -30.0000   37.5000 2742.9009    8.9589
    0.0000  -30.0000   37.5000 2753.1311    8.8866
    7.5000  -30.0000   37.5000 2739.3181    9.0678
   -7.5000  -22.5000   37.5000 2820.8604    8.5651
    0.0000  -22.5000   37.5000 2832.9326    8.5028
    7.5000  -22.5000   37.5000 2811.5566    8.6622
   -7.5000  -15.0000   37.5000 2868.8987    8.3887
    0.0000  -15.0000   37.5000 2884.9841    8.3118
    7.5000  -15.0000   37.5000 2860.4385    8.4718
   -7.5000   -7.5000   37.5000 2888.0410    8.3773
    0.0000   -7.5000   37.5000 2903.3630    8.2975
    7.5000   -7.5000   37.5000 2878.0103    8.4674
   -7.5000    0.0000   37.5000 2872.7812    8.5595
    0.0000    0.0000   37.5000 2881.2705    8.4889
    7.5000    0.0000   37.5000 2859.6729    8.6347
   -7.5000    7.5000   37.5000 2822.9119    8.8861
    0.0000    7.5000   37.5000 2827.7559    8.8111
    7.5000    7.5000   37.5000 2812.8665    8.9262
   -7.5000   15.0000   37.5000 2743.1357    9.3462
    0.0000   15.0000   37.5000 2753.5410    9.2599
    7.5000   15.0000   37.5000 2739.1470    9.3840
   -7.5000   22.5000   37.5000 2647.6936    9.9941
    0.0000   22.5000   37.5000 2655.1787    9.8906
    7.5000   22.5000   37.5000 2645.8582   10.0123
   -7.5000   30.0000   37.5000 2541.1868   10.8021
    0.0000   30.0000   37.5000 2549.9546   10.7063
    7.5000   30.0000   37.5000 2539.3347   10.8131
   -7.5000   37.5000   37.5000 2422.0359   11.8429
    0.0000   37.5000   37.5000 2430.4722   11.7507
    7.5000   37.5000   37.5000 2423.3521   11.8405
   -7.5000   45.0000   37.5000 2276.9600   13.1314
    0.0000   45.0000   37.5000 2286.5408   13.0267
    7.5000   45.0000   37.5000 2281.9941   13.1122
   -7.5000  -45.0000   45.0000 2494.5659   11.0370
    0.0000  -45.0000   45.0000 2504.4924   10.9757
    7.5000  -45.0000   45.0000 2486.6123   11.2133
   -7.5000  -37.5000   45.0000 2596.4951   10.1626
    0.0000  -37.5000   45.0000 2605.6226   10.0938
    7.5000  -37.5000   45.0000 2588.0488   10.3346
   -7.5000  -30.0000   45.0000 2685.1721    9.5266
    0.0000  -30.0000   45.0000 2695.4031    9.4640
    7.5000  -30.0000   45.0000 2674.6501    9.6912
   -7.5000  -22.5000   45.0000 2756.3750    9.1186
    0.0000  -22.5000   45.0000 2767.2878    9.0643
    7.5000  -22.5000   45.0000 2741.0029    9.2691
   -7.5000  -15.0000   45.0000 2793.1165    8.9326
    0.0000  -15.0000   45.0000 2808.6965    8.8581
    7.5000  -15.0000   45.0000 2780.2808    9.0533
   -7.5000   -7.5000   45.0000 2800.4226    8.8921
    0.0000   -7.5000   45.0000 2811.9041    8.8260
    7.5000   -7.5000   45.0000 2792.8298    9.0097
   -7.5000    0.0000   45.0000 2779.4766    9.0801
    0.0000    0.0000   45.0000 2788.1555    9.0007
    7.5000    0.0000   45.0000 2772.8987    9.1784
   -7.5000    7.5000   45.0000 2735.7473    9.3942
    0.0000    7.5000   45.0000 2743.5947    9.3230
    7.5000    7.5000   45.0000 2730.9319    9.4729
   -7.5000   15.0000   45.0000 2666.3113    9.8757
    0.0000   15.0000   45.0000 2673.5798    9.7923
    7.5000   15.0000   45.0000 2661.6509    9.9289
   -7.5000   22.5000   45.0000 2574.4182   10.5132
    0.0000   22.5000   45.0000 2582.7246   10.4319
    7.5000   22.5000   45.0000 2571.6992   10.5546
   -7.5000   30.0000   45.0000 2472.5688   11.3415
    0.0000   30.0000   45.0000 2482.5527   11.2612
    7.5000   30.0000   45.0000 2471.6638   11.3673
   -7.5000   37.5000   45.0000 2356.8628   12.4131
    0.0000   37.5000   45.0000 2367.3457   12.3241
    7.5000   37.5000   45.0000 2355.0916   12.4300
   -7.5000   45.0000   45.0000 2213.9880   13.7127
    0.0000   45.0000   45.0000 2228.0396   13.6414
    7.5000   45.0000   45.0000 2213.2407   13.7252

---------------------------------------------------------------------
imgreg_4dfp /opt/freesurfer/average/711-2C_as_mni_average_305 /opt/freesurfer/average/711-2B_as_mni_average_305_mask talsrcimg_g11 none talsrcimg_to_711-2C_as_mni_average_305_t4 1283
---------------------------------------------------------------------

freesurfer imgreg_4dfp.c
/opt/freesurfer/average/711-2C_as_mni_average_305.4dfp.img
       256       256       256         1
  1.000000  1.000000  1.000000
orientation T byte_order littleendian
Reading image: /opt/freesurfer/average/711-2C_as_mni_average_305.4dfp.img
dimensions:      256       256       256
mmppix:       1.0000   -1.0000   -1.0000
center:     128.0000 -129.0000 -129.0000
/opt/freesurfer/average/711-2B_as_mni_average_305_mask.4dfp.img
       256       256       256         1
  1.000000  1.000000  1.000000
orientation T byte_order littleendian
Reading mask: /opt/freesurfer/average/711-2B_as_mni_average_305_mask.4dfp.img (2306576 pixels)
talsrcimg_g11.4dfp.img
       256       256       256         1
  1.000000  1.000000  1.000000
orientation T byte_order littleendian
Reading image: talsrcimg_g11.4dfp.img
dimensions:      256       256       256
mmppix:       1.0000   -1.0000   -1.0000
center:     128.0000 -129.0000 -129.0000
rotation matrix determinant  1.000000
fimgreg.f
image alignment mode   1283 decimal      503 hex
parameters
    0.0000   -7.5000   15.0000    0.0000    0.0000    0.0000
eta,q 0.96231  7.58251
niter,ni,del,rscale     5    3   12.0000    1.2000
parameter  4 -3.353454 ->  0.500000 qaram    1.1500
parameters
    0.0586   -6.3211   12.3090   -3.4500   -0.0600   -2.7603
eta,q 0.96558  7.55077
  0.0485  0.0458  0.0393  0.0332  0.0399  0.0356
  0.0438  0.0422  0.0387  0.0345  0.0372  0.0347
  0.0410  0.0402  0.0384  0.0363  0.0357  0.0343
  0.0394  0.0393  0.0390  0.0383  0.0350  0.0350
  0.0402  0.0388  0.0405  0.0399  0.0353  0.0368
  0.0432  0.0395  0.0428  0.0408  0.0375  0.0392
  0.0486  0.0421  0.0459  0.0419  0.0402  0.0412
niter,ni,del,rscale     5    3   12.0000    1.2000
parameter  4  2.844748 ->  0.500000 qaram    1.3225
parameters
   -0.3146   -5.3515   11.6547   -7.4175    1.0334   -2.7510
eta,q 0.96941  7.57266
  0.0444  0.0431  0.0370  0.0303  0.0389  0.0349
  0.0382  0.0387  0.0353  0.0306  0.0349  0.0327
  0.0348  0.0357  0.0342  0.0319  0.0323  0.0313
  0.0344  0.0343  0.0341  0.0340  0.0308  0.0306
  0.0367  0.0343  0.0352  0.0369  0.0307  0.0309
  0.0407  0.0358  0.0368  0.0388  0.0321  0.0327
  0.0464  0.0388  0.0379  0.0399  0.0346  0.0350
niter,ni,del,rscale     5    3   12.0000    1.2000
parameter  4  0.572042 ->  0.500000 qaram    1.5209
parameters
   -0.7229   -3.8153   11.5820  -11.9801    1.8733   -2.9947
eta,q 0.97188  7.57386
  0.0411  0.0412  0.0346  0.0294  0.0348  0.0324
  0.0355  0.0364  0.0325  0.0285  0.0318  0.0297
  0.0316  0.0329  0.0304  0.0286  0.0298  0.0283
  0.0306  0.0305  0.0297  0.0297  0.0285  0.0282
  0.0328  0.0296  0.0304  0.0323  0.0281  0.0288
  0.0376  0.0308  0.0323  0.0360  0.0295  0.0304
  0.0443  0.0344  0.0352  0.0393  0.0324  0.0329
niter,ni,del,rscale     5    3   12.0000    1.2000
parameters
   -1.3748   -2.1280   11.1520  -13.2477    2.5774   -3.4758
eta,q 0.97398  7.59350
  0.0383  0.0388  0.0315  0.0324  0.0341  0.0302
  0.0326  0.0337  0.0288  0.0281  0.0309  0.0277
  0.0287  0.0302  0.0272  0.0264  0.0284  0.0264
  0.0281  0.0278  0.0268  0.0268  0.0264  0.0260
  0.0314  0.0268  0.0274  0.0281  0.0261  0.0269
  0.0365  0.0276  0.0295  0.0315  0.0281  0.0289
  0.0430  0.0312  0.0335  0.0364  0.0320  0.0316
niter,ni,del,rscale     4    3   12.0000    1.2000
parameters
   -1.6308   -1.9010   10.8790  -13.5792    2.8509   -3.6102
eta,q 0.97428  7.59460
  0.0403  0.0344  0.0315  0.0339  0.0334  0.0305
  0.0327  0.0305  0.0285  0.0284  0.0303  0.0278
  0.0274  0.0275  0.0267  0.0261  0.0277  0.0263
  0.0260  0.0259  0.0259  0.0259  0.0258  0.0257
  0.0295  0.0266  0.0265  0.0271  0.0261  0.0263
  0.0353  0.0290  0.0290  0.0300  0.0288  0.0282
  0.0417  0.0338  0.0331  0.0345  0.0329  0.0309
niter,ni,del,rscale     3    3   12.0000    1.2000
parameters
   -1.6997   -1.7894   10.7744  -13.7344    2.9368   -3.6467
eta,q 0.97435  7.59498
  0.0414  0.0339  0.0319  0.0341  0.0331  0.0305
  0.0335  0.0301  0.0287  0.0286  0.0301  0.0279
  0.0277  0.0271  0.0267  0.0261  0.0274  0.0263
  0.0257  0.0257  0.0257  0.0257  0.0257  0.0256
  0.0287  0.0265  0.0262  0.0268  0.0263  0.0262
  0.0347  0.0290  0.0287  0.0296  0.0293  0.0280
  0.0413  0.0339  0.0329  0.0341  0.0334  0.0307
niter,ni,del,rscale     2    3   12.0000    1.2000
parameters
   -1.7140   -1.7320   10.7167  -13.8157    2.9607   -3.6569
eta,q 0.97436  7.59556
  0.0417  0.0337  0.0321  0.0342  0.0330  0.0305
  0.0337  0.0299  0.0288  0.0287  0.0299  0.0279
  0.0278  0.0270  0.0267  0.0261  0.0273  0.0263
  0.0257  0.0257  0.0256  0.0257  0.0256  0.0256
  0.0285  0.0265  0.0261  0.0267  0.0264  0.0261
  0.0346  0.0290  0.0286  0.0295  0.0294  0.0279
  0.0412  0.0339  0.0328  0.0340  0.0335  0.0307
registration optimization eta report
parameter search radius
    6.0000    6.0000    6.0000    9.1253    6.0000    6.0000
100000*second partial in parameter space
       42.       22.       19.       10.       21.       14.
  0.0417  0.0337  0.0321  0.0342  0.0330  0.0305
  0.0337  0.0299  0.0288  0.0287  0.0299  0.0279
  0.0278  0.0270  0.0267  0.0261  0.0273  0.0263
  0.0257  0.0257  0.0256  0.0257  0.0256  0.0256
  0.0285  0.0265  0.0261  0.0267  0.0264  0.0261
  0.0346  0.0290  0.0286  0.0295  0.0294  0.0279
  0.0412  0.0339  0.0328  0.0340  0.0335  0.0307
   -1.7140   -1.7320   10.7167  -13.8157    2.9607   -3.6569
eta,q 0.97436  7.59556

---------------------------------------------------------------------
imgreg_4dfp /opt/freesurfer/average/711-2C_as_mni_average_305 /opt/freesurfer/average/711-2B_as_mni_average_305_mask talsrcimg_g11 none talsrcimg_to_711-2C_as_mni_average_305_t4 3335
---------------------------------------------------------------------

freesurfer imgreg_4dfp.c
/opt/freesurfer/average/711-2C_as_mni_average_305.4dfp.img
       256       256       256         1
  1.000000  1.000000  1.000000
orientation T byte_order littleendian
Reading image: /opt/freesurfer/average/711-2C_as_mni_average_305.4dfp.img
dimensions:      256       256       256
mmppix:       1.0000   -1.0000   -1.0000
center:     128.0000 -129.0000 -129.0000
/opt/freesurfer/average/711-2B_as_mni_average_305_mask.4dfp.img
       256       256       256         1
  1.000000  1.000000  1.000000
orientation T byte_order littleendian
Reading mask: /opt/freesurfer/average/711-2B_as_mni_average_305_mask.4dfp.img (2306576 pixels)
talsrcimg_g11.4dfp.img
       256       256       256         1
  1.000000  1.000000  1.000000
orientation T byte_order littleendian
Reading image: talsrcimg_g11.4dfp.img
dimensions:      256       256       256
mmppix:       1.0000   -1.0000   -1.0000
center:     128.0000 -129.0000 -129.0000
fimgreg.f
image alignment mode   3335 decimal      D07 hex
parameters
   -1.7140   -1.7320   10.7167   -0.3368   -3.1695   -3.0227
    7.4246   -3.4823   -6.3697   24.1512    5.1650  -23.8481
eta,q 0.97601  7.60652
niter,ni,del,rscale     5    3    5.0000    1.2000
parameter  5  0.604634 ->  0.500000 qaram    1.1500
parameters
   -1.6198   -1.4061   10.5285   -3.0840   -7.3095   -5.0120
    8.3694   -3.2018   -4.9436   22.6090    3.9697  -26.2289
eta,q 0.97782  7.38340
  0.0271  0.0264  0.0251  0.0246  0.0232  0.0237  0.0252  0.0262  0.0246  0.0239  0.0229  0.0227
  0.0254  0.0252  0.0244  0.0239  0.0227  0.0230  0.0239  0.0244  0.0237  0.0229  0.0225  0.0223
  0.0244  0.0244  0.0240  0.0236  0.0228  0.0226  0.0230  0.0231  0.0230  0.0224  0.0223  0.0222
  0.0240  0.0240  0.0240  0.0239  0.0236  0.0227  0.0226  0.0225  0.0225  0.0225  0.0223  0.0223
  0.0242  0.0240  0.0242  0.0250  0.0248  0.0232  0.0226  0.0228  0.0225  0.0232  0.0225  0.0227
  0.0251  0.0245  0.0247  0.0266  0.0264  0.0248  0.0232  0.0239  0.0228  0.0243  0.0229  0.0233
  0.0266  0.0254  0.0256  0.0285  0.0284  0.0269  0.0241  0.0258  0.0235  0.0260  0.0235  0.0242
niter,ni,del,rscale     5    3    5.0000    1.2000
parameters
   -1.6194   -1.3832   10.4469   -2.7024   -6.7120   -4.7851
    8.0873   -3.2262   -4.5975   22.6937    3.6823  -26.2709
eta,q 0.97791  7.41888
  0.0250  0.0244  0.0234  0.0245  0.0255  0.0243  0.0241  0.0255  0.0239  0.0246  0.0229  0.0233
  0.0234  0.0232  0.0227  0.0235  0.0240  0.0232  0.0230  0.0237  0.0230  0.0234  0.0225  0.0226
  0.0225  0.0224  0.0223  0.0227  0.0228  0.0225  0.0223  0.0225  0.0223  0.0225  0.0222  0.0222
  0.0222  0.0222  0.0222  0.0222  0.0221  0.0221  0.0221  0.0221  0.0221  0.0221  0.0221  0.0221
  0.0225  0.0224  0.0224  0.0222  0.0224  0.0222  0.0224  0.0225  0.0222  0.0224  0.0222  0.0222
  0.0235  0.0232  0.0228  0.0229  0.0233  0.0228  0.0232  0.0237  0.0227  0.0232  0.0225  0.0227
  0.0250  0.0243  0.0236  0.0243  0.0248  0.0242  0.0244  0.0256  0.0236  0.0246  0.0231  0.0233
niter,ni,del,rscale     4    3    5.0000    1.2000
parameters
   -1.6109   -1.3663   10.4915   -2.7401   -6.7249   -4.7384
    7.9919   -3.2204   -4.5072   22.7133    3.6213  -26.2810
eta,q 0.97791  7.41899
  0.0249  0.0243  0.0235  0.0242  0.0251  0.0242  0.0242  0.0255  0.0238  0.0246  0.0230  0.0233
  0.0234  0.0231  0.0227  0.0233  0.0237  0.0231  0.0230  0.0237  0.0229  0.0233  0.0225  0.0226
  0.0224  0.0224  0.0223  0.0225  0.0226  0.0224  0.0223  0.0225  0.0223  0.0224  0.0222  0.0222
  0.0221  0.0221  0.0221  0.0221  0.0221  0.0221  0.0221  0.0221  0.0221  0.0221  0.0221  0.0221
  0.0224  0.0223  0.0222  0.0223  0.0225  0.0222  0.0224  0.0225  0.0223  0.0224  0.0222  0.0222
  0.0234  0.0231  0.0226  0.0231  0.0236  0.0229  0.0231  0.0236  0.0228  0.0233  0.0225  0.0227
  0.0249  0.0243  0.0234  0.0246  0.0252  0.0243  0.0243  0.0256  0.0237  0.0246  0.0230  0.0233
niter,ni,del,rscale     3    3    5.0000    1.2000
parameters
   -1.6074   -1.3674   10.5028   -2.7380   -6.7335   -4.7262
    7.9590   -3.2145   -4.4835   22.7097    3.6005  -26.2778
eta,q 0.97791  7.41899
  0.0249  0.0243  0.0234  0.0243  0.0251  0.0242  0.0242  0.0255  0.0237  0.0246  0.0230  0.0233
  0.0234  0.0231  0.0227  0.0233  0.0237  0.0231  0.0231  0.0237  0.0229  0.0233  0.0225  0.0226
  0.0224  0.0223  0.0222  0.0225  0.0226  0.0224  0.0223  0.0225  0.0223  0.0224  0.0222  0.0222
  0.0221  0.0221  0.0221  0.0221  0.0221  0.0221  0.0221  0.0221  0.0221  0.0221  0.0221  0.0221
  0.0224  0.0224  0.0222  0.0222  0.0225  0.0222  0.0224  0.0225  0.0223  0.0224  0.0222  0.0222
  0.0234  0.0231  0.0227  0.0231  0.0236  0.0229  0.0231  0.0237  0.0228  0.0233  0.0225  0.0226
  0.0249  0.0243  0.0234  0.0245  0.0252  0.0243  0.0242  0.0256  0.0237  0.0246  0.0230  0.0233
registration optimization eta report
parameter search radius
    2.4000    2.4000    2.4000    7.2000    8.2800    7.2000
    7.2000    7.2000    7.2000    7.2000    7.2000    7.2000
100000*second partial in parameter space
       49.       38.       23.        4.        4.        4.
        4.        7.        3.        5.        2.        2.
  0.0249  0.0243  0.0234  0.0243  0.0251  0.0242  0.0242  0.0255  0.0237  0.0246  0.0230  0.0233
  0.0234  0.0231  0.0227  0.0233  0.0237  0.0231  0.0231  0.0237  0.0229  0.0233  0.0225  0.0226
  0.0224  0.0223  0.0222  0.0225  0.0226  0.0224  0.0223  0.0225  0.0223  0.0224  0.0222  0.0222
  0.0221  0.0221  0.0221  0.0221  0.0221  0.0221  0.0221  0.0221  0.0221  0.0221  0.0221  0.0221
  0.0224  0.0224  0.0222  0.0222  0.0225  0.0222  0.0224  0.0225  0.0223  0.0224  0.0222  0.0222
  0.0234  0.0231  0.0227  0.0231  0.0236  0.0229  0.0231  0.0237  0.0228  0.0233  0.0225  0.0226
  0.0249  0.0243  0.0234  0.0245  0.0252  0.0243  0.0242  0.0256  0.0237  0.0246  0.0230  0.0233
   -1.6074   -1.3674   10.5028   -2.7380   -6.7335   -4.7262
    7.9590   -3.2145   -4.4835   22.7097    3.6005  -26.2778
eta,q 0.97791  7.41899

---------------------------------------------------------------------
imgreg_4dfp /opt/freesurfer/average/711-2C_as_mni_average_305 /opt/freesurfer/average/711-2B_as_mni_average_305_mask talsrcimg_g11 none talsrcimg_to_711-2C_as_mni_average_305_t4 2311
---------------------------------------------------------------------

freesurfer imgreg_4dfp.c
/opt/freesurfer/average/711-2C_as_mni_average_305.4dfp.img
       256       256       256         1
  1.000000  1.000000  1.000000
orientation T byte_order littleendian
Reading image: /opt/freesurfer/average/711-2C_as_mni_average_305.4dfp.img
dimensions:      256       256       256
mmppix:       1.0000   -1.0000   -1.0000
center:     128.0000 -129.0000 -129.0000
/opt/freesurfer/average/711-2B_as_mni_average_305_mask.4dfp.img
       256       256       256         1
  1.000000  1.000000  1.000000
orientation T byte_order littleendian
Reading mask: /opt/freesurfer/average/711-2B_as_mni_average_305_mask.4dfp.img (2306576 pixels)
talsrcimg_g11.4dfp.img
       256       256       256         1
  1.000000  1.000000  1.000000
orientation T byte_order littleendian
Reading image: talsrcimg_g11.4dfp.img
dimensions:      256       256       256
mmppix:       1.0000   -1.0000   -1.0000
center:     128.0000 -129.0000 -129.0000
fimgreg.f
image alignment mode   2311 decimal      907 hex
parameters
   -1.6074   -1.3674   10.5028   -2.7380   -6.7335   -4.7262
    7.9590   -3.2145   -4.4835   22.7097    3.6005  -26.2778
eta,q 0.97791  7.41898
niter,ni,del,rscale     5    3    5.0000    0.8000
parameters
   -1.6188   -1.3708   10.5162   -2.3320   -6.7159   -4.3590
    7.8774   -3.1251   -4.4036   22.7460    3.5881  -26.3672
eta,q 0.97794  7.44263
  0.0234  0.0231  0.0227  0.0233  0.0233  0.0231  0.0230  0.0238  0.0228  0.0233  0.0225  0.0226
  0.0226  0.0225  0.0224  0.0228  0.0227  0.0226  0.0225  0.0229  0.0224  0.0227  0.0223  0.0223
  0.0222  0.0222  0.0222  0.0223  0.0222  0.0222  0.0222  0.0223  0.0222  0.0222  0.0221  0.0221
  0.0221  0.0221  0.0221  0.0221  0.0221  0.0221  0.0221  0.0221  0.0221  0.0221  0.0221  0.0221
  0.0222  0.0222  0.0221  0.0221  0.0222  0.0221  0.0222  0.0222  0.0221  0.0222  0.0221  0.0221
  0.0227  0.0226  0.0224  0.0224  0.0227  0.0223  0.0225  0.0227  0.0224  0.0226  0.0222  0.0223
  0.0234  0.0231  0.0227  0.0231  0.0233  0.0229  0.0231  0.0237  0.0228  0.0233  0.0225  0.0226
niter,ni,del,rscale     4    3    5.0000    0.7000
parameters
   -1.6158   -1.3794   10.5832   -2.2705   -6.7615   -4.2181
    7.8251   -3.0991   -4.3761   22.7516    3.5794  -26.3848
eta,q 0.97794  7.44722
  0.0231  0.0229  0.0226  0.0230  0.0230  0.0228  0.0228  0.0233  0.0226  0.0230  0.0224  0.0225
  0.0225  0.0224  0.0223  0.0225  0.0225  0.0224  0.0224  0.0227  0.0223  0.0225  0.0222  0.0223
  0.0222  0.0222  0.0221  0.0222  0.0222  0.0222  0.0221  0.0222  0.0221  0.0222  0.0221  0.0221
  0.0221  0.0221  0.0221  0.0221  0.0221  0.0221  0.0221  0.0221  0.0221  0.0221  0.0221  0.0221
  0.0222  0.0222  0.0221  0.0221  0.0222  0.0221  0.0222  0.0222  0.0221  0.0222  0.0221  0.0221
  0.0225  0.0224  0.0222  0.0224  0.0225  0.0223  0.0224  0.0226  0.0223  0.0225  0.0222  0.0223
  0.0230  0.0229  0.0225  0.0230  0.0231  0.0227  0.0228  0.0233  0.0226  0.0230  0.0224  0.0225
niter,ni,del,rscale     3    3    5.0000    0.6000
parameters
   -1.6160   -1.3918   10.6099   -2.2166   -6.7780   -4.1428
    7.7909   -3.0831   -4.3779   22.7294    3.5861  -26.3746
eta,q 0.97794  7.45014
  0.0228  0.0226  0.0224  0.0228  0.0228  0.0226  0.0226  0.0230  0.0225  0.0228  0.0223  0.0224
  0.0224  0.0223  0.0222  0.0224  0.0224  0.0223  0.0223  0.0225  0.0222  0.0224  0.0222  0.0222
  0.0221  0.0221  0.0221  0.0222  0.0222  0.0221  0.0221  0.0222  0.0221  0.0221  0.0221  0.0221
  0.0221  0.0221  0.0221  0.0221  0.0221  0.0221  0.0221  0.0221  0.0221  0.0221  0.0221  0.0221
  0.0221  0.0221  0.0221  0.0221  0.0221  0.0221  0.0221  0.0222  0.0221  0.0221  0.0221  0.0221
  0.0224  0.0223  0.0222  0.0224  0.0224  0.0223  0.0223  0.0225  0.0223  0.0224  0.0222  0.0222
  0.0228  0.0227  0.0224  0.0228  0.0228  0.0226  0.0226  0.0230  0.0225  0.0228  0.0223  0.0224
niter,ni,del,rscale     2    3    5.0000    0.5000
parameters
   -1.6200   -1.4030   10.6316   -2.1824   -6.7731   -4.0973
    7.7541   -3.0721   -4.3694   22.7145    3.5859  -26.3696
eta,q 0.97794  7.45221
  0.0226  0.0225  0.0223  0.0226  0.0226  0.0224  0.0224  0.0227  0.0224  0.0226  0.0222  0.0223
  0.0223  0.0222  0.0222  0.0223  0.0223  0.0222  0.0222  0.0224  0.0222  0.0223  0.0221  0.0222
  0.0221  0.0221  0.0221  0.0221  0.0221  0.0221  0.0221  0.0221  0.0221  0.0221  0.0221  0.0221
  0.0221  0.0221  0.0221  0.0221  0.0221  0.0221  0.0221  0.0221  0.0221  0.0221  0.0221  0.0221
  0.0221  0.0221  0.0221  0.0221  0.0221  0.0221  0.0221  0.0221  0.0221  0.0221  0.0221  0.0221
  0.0223  0.0222  0.0222  0.0223  0.0223  0.0222  0.0222  0.0223  0.0222  0.0223  0.0221  0.0222
  0.0226  0.0225  0.0223  0.0226  0.0226  0.0224  0.0224  0.0227  0.0224  0.0226  0.0222  0.0223
niter,ni,del,rscale     1    3    5.0000    0.4000
parameters
   -1.6220   -1.4061   10.6375   -2.1592   -6.7453   -4.1060
    7.7339   -3.0623   -4.3707   22.6998    3.6164  -26.3533
eta,q 0.97794  7.45312
  0.0224  0.0223  0.0222  0.0224  0.0224  0.0223  0.0223  0.0225  0.0223  0.0224  0.0222  0.0222
  0.0222  0.0222  0.0221  0.0222  0.0222  0.0222  0.0222  0.0223  0.0221  0.0222  0.0221  0.0221
  0.0221  0.0221  0.0221  0.0221  0.0221  0.0221  0.0221  0.0221  0.0221  0.0221  0.0221  0.0221
  0.0221  0.0221  0.0221  0.0221  0.0221  0.0221  0.0221  0.0221  0.0221  0.0221  0.0221  0.0221
  0.0221  0.0221  0.0221  0.0221  0.0221  0.0221  0.0221  0.0221  0.0221  0.0221  0.0221  0.0221
  0.0222  0.0222  0.0221  0.0222  0.0222  0.0222  0.0222  0.0222  0.0221  0.0222  0.0221  0.0221
  0.0224  0.0223  0.0222  0.0224  0.0224  0.0223  0.0223  0.0225  0.0222  0.0224  0.0222  0.0222
registration optimization eta report
parameter search radius
    0.8000    0.8000    0.8000    2.4000    2.4000    2.4000
    2.4000    2.4000    2.4000    2.4000    2.4000    2.4000
100000*second partial in parameter space
       52.       42.       25.        6.        6.        4.
        4.        7.        3.        6.        2.        2.
  0.0224  0.0223  0.0222  0.0224  0.0224  0.0223  0.0223  0.0225  0.0223  0.0224  0.0222  0.0222
  0.0222  0.0222  0.0221  0.0222  0.0222  0.0222  0.0222  0.0223  0.0221  0.0222  0.0221  0.0221
  0.0221  0.0221  0.0221  0.0221  0.0221  0.0221  0.0221  0.0221  0.0221  0.0221  0.0221  0.0221
  0.0221  0.0221  0.0221  0.0221  0.0221  0.0221  0.0221  0.0221  0.0221  0.0221  0.0221  0.0221
  0.0221  0.0221  0.0221  0.0221  0.0221  0.0221  0.0221  0.0221  0.0221  0.0221  0.0221  0.0221
  0.0222  0.0222  0.0221  0.0222  0.0222  0.0222  0.0222  0.0222  0.0221  0.0222  0.0221  0.0221
  0.0224  0.0223  0.0222  0.0224  0.0224  0.0223  0.0223  0.0225  0.0222  0.0224  0.0222  0.0222
   -1.6220   -1.4061   10.6375   -2.1592   -6.7453   -4.1060
    7.7339   -3.0623   -4.3707   22.6998    3.6164  -26.3533
eta,q 0.97794  7.45312

---------------------------------------------------------------------
imgreg_4dfp /opt/freesurfer/average/711-2C_as_mni_average_305 /opt/freesurfer/average/711-2B_as_mni_average_305_mask talsrcimg_g11 none talsrcimg_to_711-2C_as_mni_average_305_t4 2311
---------------------------------------------------------------------

freesurfer imgreg_4dfp.c
/opt/freesurfer/average/711-2C_as_mni_average_305.4dfp.img
       256       256       256         1
  1.000000  1.000000  1.000000
orientation T byte_order littleendian
Reading image: /opt/freesurfer/average/711-2C_as_mni_average_305.4dfp.img
dimensions:      256       256       256
mmppix:       1.0000   -1.0000   -1.0000
center:     128.0000 -129.0000 -129.0000
/opt/freesurfer/average/711-2B_as_mni_average_305_mask.4dfp.img
       256       256       256         1
  1.000000  1.000000  1.000000
orientation T byte_order littleendian
Reading mask: /opt/freesurfer/average/711-2B_as_mni_average_305_mask.4dfp.img (2306576 pixels)
talsrcimg_g11.4dfp.img
       256       256       256         1
  1.000000  1.000000  1.000000
orientation T byte_order littleendian
Reading image: talsrcimg_g11.4dfp.img
dimensions:      256       256       256
mmppix:       1.0000   -1.0000   -1.0000
center:     128.0000 -129.0000 -129.0000
fimgreg.f
image alignment mode   2311 decimal      907 hex
parameters
   -1.6220   -1.4061   10.6375   -2.1592   -6.7453   -4.1060
    7.7339   -3.0623   -4.3707   22.6998    3.6164  -26.3533
eta,q 0.97794  7.45312
niter,ni,del,rscale     5    3    5.0000    0.8000
parameters
   -1.6056   -1.4050   10.6404   -2.3423   -6.7623   -4.2236
    7.8253   -3.1195   -4.3956   22.6692    3.5665  -26.3465
eta,q 0.97794  7.44399
  0.0234  0.0231  0.0227  0.0231  0.0233  0.0230  0.0231  0.0237  0.0228  0.0233  0.0225  0.0226
  0.0226  0.0225  0.0223  0.0226  0.0226  0.0225  0.0225  0.0228  0.0224  0.0226  0.0223  0.0223
  0.0222  0.0222  0.0221  0.0222  0.0222  0.0222  0.0222  0.0222  0.0221  0.0222  0.0221  0.0221
  0.0221  0.0221  0.0221  0.0221  0.0221  0.0221  0.0221  0.0221  0.0221  0.0221  0.0221  0.0221
  0.0222  0.0222  0.0221  0.0222  0.0222  0.0222  0.0222  0.0222  0.0222  0.0222  0.0221  0.0221
  0.0226  0.0225  0.0223  0.0226  0.0227  0.0225  0.0225  0.0228  0.0224  0.0226  0.0223  0.0223
  0.0233  0.0231  0.0227  0.0234  0.0233  0.0231  0.0230  0.0238  0.0228  0.0233  0.0225  0.0226
niter,ni,del,rscale     4    3    5.0000    0.7000
parameters
   -1.6171   -1.4106   10.6266   -2.2682   -6.7430   -4.1608
    7.8173   -3.1026   -4.3823   22.6637    3.5840  -26.3592
eta,q 0.97794  7.44849
  0.0230  0.0229  0.0225  0.0230  0.0230  0.0228  0.0228  0.0233  0.0226  0.0230  0.0224  0.0225
  0.0225  0.0224  0.0223  0.0225  0.0225  0.0224  0.0224  0.0226  0.0223  0.0225  0.0222  0.0223
  0.0222  0.0222  0.0221  0.0222  0.0222  0.0221  0.0221  0.0222  0.0221  0.0222  0.0221  0.0221
  0.0221  0.0221  0.0221  0.0221  0.0221  0.0221  0.0221  0.0221  0.0221  0.0221  0.0221  0.0221
  0.0222  0.0222  0.0221  0.0221  0.0222  0.0221  0.0222  0.0222  0.0221  0.0222  0.0221  0.0221
  0.0225  0.0224  0.0223  0.0224  0.0225  0.0223  0.0224  0.0226  0.0223  0.0225  0.0222  0.0223
  0.0231  0.0229  0.0225  0.0230  0.0230  0.0228  0.0228  0.0233  0.0226  0.0230  0.0224  0.0225
niter,ni,del,rscale     3    3    5.0000    0.6000
parameters
   -1.6189   -1.4152   10.6394   -2.2203   -6.7414   -4.0956
    7.7875   -3.0864   -4.3782   22.6575    3.5797  -26.3494
eta,q 0.97794  7.45168
  0.0228  0.0226  0.0224  0.0228  0.0228  0.0226  0.0226  0.0230  0.0225  0.0228  0.0223  0.0224
  0.0224  0.0223  0.0222  0.0224  0.0224  0.0223  0.0223  0.0225  0.0222  0.0224  0.0222  0.0222
  0.0221  0.0221  0.0221  0.0222  0.0222  0.0221  0.0221  0.0222  0.0221  0.0221  0.0221  0.0221
  0.0221  0.0221  0.0221  0.0221  0.0221  0.0221  0.0221  0.0221  0.0221  0.0221  0.0221  0.0221
  0.0221  0.0221  0.0221  0.0221  0.0221  0.0221  0.0221  0.0222  0.0221  0.0221  0.0221  0.0221
  0.0224  0.0223  0.0222  0.0224  0.0224  0.0223  0.0223  0.0225  0.0222  0.0224  0.0222  0.0222
  0.0228  0.0227  0.0224  0.0228  0.0228  0.0226  0.0226  0.0230  0.0225  0.0228  0.0223  0.0224
niter,ni,del,rscale     2    3    5.0000    0.5000
parameters
   -1.6200   -1.4224   10.6526   -2.1850   -6.7365   -4.0729
    7.7554   -3.0788   -4.3603   22.6543    3.5690  -26.3503
eta,q 0.97794  7.45320
  0.0226  0.0225  0.0223  0.0226  0.0226  0.0224  0.0224  0.0227  0.0224  0.0226  0.0222  0.0223
  0.0223  0.0222  0.0222  0.0223  0.0223  0.0222  0.0222  0.0224  0.0222  0.0223  0.0221  0.0222
  0.0221  0.0221  0.0221  0.0221  0.0221  0.0221  0.0221  0.0221  0.0221  0.0221  0.0221  0.0221
  0.0221  0.0221  0.0221  0.0221  0.0221  0.0221  0.0221  0.0221  0.0221  0.0221  0.0221  0.0221
  0.0221  0.0221  0.0221  0.0221  0.0221  0.0221  0.0221  0.0221  0.0221  0.0221  0.0221  0.0221
  0.0223  0.0222  0.0222  0.0223  0.0223  0.0222  0.0222  0.0223  0.0222  0.0223  0.0221  0.0222
  0.0226  0.0225  0.0223  0.0226  0.0226  0.0224  0.0224  0.0227  0.0223  0.0226  0.0222  0.0223
niter,ni,del,rscale     1    3    5.0000    0.4000
parameters
   -1.6257   -1.4261   10.6550   -2.1627   -6.7097   -4.0778
    7.7268   -3.0662   -4.3602   22.6342    3.5761  -26.3151
eta,q 0.97794  7.45393
  0.0224  0.0223  0.0222  0.0224  0.0224  0.0223  0.0223  0.0225  0.0223  0.0224  0.0222  0.0222
  0.0222  0.0222  0.0221  0.0222  0.0222  0.0222  0.0222  0.0222  0.0221  0.0222  0.0221  0.0221
  0.0221  0.0221  0.0221  0.0221  0.0221  0.0221  0.0221  0.0221  0.0221  0.0221  0.0221  0.0221
  0.0221  0.0221  0.0221  0.0221  0.0221  0.0221  0.0221  0.0221  0.0221  0.0221  0.0221  0.0221
  0.0221  0.0221  0.0221  0.0221  0.0221  0.0221  0.0221  0.0221  0.0221  0.0221  0.0221  0.0221
  0.0222  0.0222  0.0221  0.0222  0.0222  0.0222  0.0222  0.0222  0.0221  0.0222  0.0221  0.0221
  0.0224  0.0223  0.0222  0.0224  0.0224  0.0223  0.0223  0.0225  0.0222  0.0224  0.0222  0.0222
registration optimization eta report
parameter search radius
    0.8000    0.8000    0.8000    2.4000    2.4000    2.4000
    2.4000    2.4000    2.4000    2.4000    2.4000    2.4000
100000*second partial in parameter space
       51.       42.       24.        6.        6.        4.
        4.        7.        3.        6.        2.        3.
  0.0224  0.0223  0.0222  0.0224  0.0224  0.0223  0.0223  0.0225  0.0223  0.0224  0.0222  0.0222
  0.0222  0.0222  0.0221  0.0222  0.0222  0.0222  0.0222  0.0222  0.0221  0.0222  0.0221  0.0221
  0.0221  0.0221  0.0221  0.0221  0.0221  0.0221  0.0221  0.0221  0.0221  0.0221  0.0221  0.0221
  0.0221  0.0221  0.0221  0.0221  0.0221  0.0221  0.0221  0.0221  0.0221  0.0221  0.0221  0.0221
  0.0221  0.0221  0.0221  0.0221  0.0221  0.0221  0.0221  0.0221  0.0221  0.0221  0.0221  0.0221
  0.0222  0.0222  0.0221  0.0222  0.0222  0.0222  0.0222  0.0222  0.0221  0.0222  0.0221  0.0221
  0.0224  0.0223  0.0222  0.0224  0.0224  0.0223  0.0223  0.0225  0.0222  0.0224  0.0222  0.0222
   -1.6257   -1.4261   10.6550   -2.1627   -6.7097   -4.0778
    7.7268   -3.0662   -4.3602   22.6342    3.5761  -26.3151
eta,q 0.97794  7.45393

---------------------------------------------------------------------
compute_vox2vox talsrcimg talsrcimg_to_711-2C_as_mni_average_305_t4 /opt/freesurfer/average/711-2C_as_mni_average_305
---------------------------------------------------------------------

freesurfer compute_vox2vox.c
Reading: talsrcimg.4dfp.ifh
Reading: talsrcimg_to_711-2C_as_mni_average_305_t4
Reading: /opt/freesurfer/average/711-2C_as_mni_average_305.4dfp.ifh
Writing: talsrcimg_to_711-2C_as_mni_average_305_t4_vox2vox.txt

start time Thu Mar 12 10:21:17 CET 2026
end		time Thu Mar 12 10:21:32 CET 2026

mpr2mni305 success

avi2talxfm orig_nu.mgz /opt/freesurfer/average/mni305.cor.mgz talsrcimg_to_711-2C_as_mni_average_305_t4_vox2vox.txt transforms/talairach.auto.xfm
avi2talxfm done
mv -f /out/sourcedata/freesurfer/sub-v1s11x0050155_ses-1/mri/talsrcimg_to_711-2C_as_mni_average_305_t4_vox2vox.txt /out/sourcedata/freesurfer/sub-v1s11x0050155_ses-1/mri/transforms/talsrcimg_to_711-2C_as_mni_average_305_t4_vox2vox.txt
lta_convert --src orig_nu.mgz --trg /opt/freesurfer/average/mni305.cor.mgz --inxfm transforms/talairach.auto.xfm --outlta transforms/talairach.auto.xfm.lta --subject fsaverage
7.3.2

--src: orig_nu.mgz src image (geometry).
--trg: /opt/freesurfer/average/mni305.cor.mgz trg image (geometry).
--inmni: transforms/talairach.auto.xfm input MNI/XFM transform.
--outlta: transforms/talairach.auto.xfm.lta output LTA.
--s: fsaverage subject name
 LTA read, type : 1
 1.01717   0.04912  -0.07039  -7.40023;
-0.02333   0.97633   0.27733  -28.37415;
 0.05320  -0.23458   1.00135   3.03157;
 0.00000   0.00000   0.00000   1.00000;
setting subject to fsaverage
Writing  LTA to file transforms/talairach.auto.xfm.lta...
lta_convert successful.
 
 
Started at Thu Mar 12 10:21:17 CET 2026
Ended   at Thu Mar 12 10:21:32 CET 2026
talairach_avi done
