status file for recon-all
Thu Mar 12 12:20:03 CET 2026
#@# Tessellate lh Thu Mar 12 12:20:03 CET 2026
#@# Smooth1 lh Thu Mar 12 12:20:06 CET 2026
#@# Inflation1 lh Thu Mar 12 12:20:09 CET 2026
#@# QSphere lh Thu Mar 12 12:20:20 CET 2026
#@# Fix Topology lh Thu Mar 12 12:21:25 CET 2026
#@# Smooth2 lh Thu Mar 12 12:26:43 CET 2026
#@# Inflation2 lh Thu Mar 12 12:26:46 CET 2026
#@# Curv .H and .K lh Thu Mar 12 12:26:58 CET 2026
#@# Sphere lh Thu Mar 12 12:27:41 CET 2026
#@# Surf Reg lh Thu Mar 12 12:31:58 CET 2026
#@# Jacobian white lh Thu Mar 12 12:35:26 CET 2026
#@# AvgCurv lh Thu Mar 12 12:35:27 CET 2026
#@# Cortical Parc lh Thu Mar 12 12:35:28 CET 2026
#@# white curv lh Thu Mar 12 12:41:37 CET 2026
#@# white area lh Thu Mar 12 12:41:39 CET 2026
#@# pial curv lh Thu Mar 12 12:41:40 CET 2026
#@# pial area lh Thu Mar 12 12:41:41 CET 2026
#@# thickness lh Thu Mar 12 12:41:42 CET 2026
#@# area and vertex vol lh Thu Mar 12 12:42:09 CET 2026
#@# Curvature Stats lh Thu Mar 12 12:42:10 CET 2026
#@# Cortical Parc 2 lh Thu Mar 12 12:42:13 CET 2026
#@# Cortical Parc 3 lh Thu Mar 12 12:42:25 CET 2026
#@# WM/GM Contrast lh Thu Mar 12 12:42:34 CET 2026
recon-all -s sub-v1s11x0050157_ses-1 finished without error at Thu Mar 12 12:42:37 CET 2026



#New# invocation of recon-all 



status file for recon-all
Thu Mar 12 13:10:31 CET 2026
#@# white curv lh Thu Mar 12 13:10:31 CET 2026
#@# white area lh Thu Mar 12 13:10:31 CET 2026
#@# pial curv lh Thu Mar 12 13:10:31 CET 2026
#@# pial area lh Thu Mar 12 13:10:31 CET 2026
#@# thickness lh Thu Mar 12 13:10:31 CET 2026
#@# area and vertex vol lh Thu Mar 12 13:10:31 CET 2026
#@# Parcellation Stats lh Thu Mar 12 13:10:31 CET 2026
#@# Parcellation Stats 2 lh Thu Mar 12 13:10:48 CET 2026
#@# Parcellation Stats 3 lh Thu Mar 12 13:10:56 CET 2026
#@# BA_exvivo Labels lh Thu Mar 12 13:11:04 CET 2026
recon-all -s sub-v1s11x0050157_ses-1 finished without error at Thu Mar 12 13:13:27 CET 2026
